Logging to: ./logs_smoke/RetinalOCT_Finetune_K5_U3_seed0_20260602_204010.log
==> Preparing data..
Known class list: [6 2 1 7 3] Unknown class list [0 5 4]
Total images — Train: 18400, Val: 2800, Test: 2800
{6: 0, 2: 1, 1: 2, 7: 3, 3: 4} {0: 5, 5: 6, 4: 7}
Known origin: [6 2 1 7 3] , new: [0 1 2 3 4]
Unknown origin: [0 5 4] , new: [5 6 7]
Known/Unknown in Train: 11500/6900
Known/Unknown in Val:   1750/1050
Known/Unknown in Test:  1750/1050
Client0 sample num: 6305
Client1 sample num: 5195

>>> Setting up
==> Building [Resnet18] model..
154
154
154
154
154
154
Train Client0 [0/2] LR=0.0001000 loss=2.156 ACC=94.987 F1=92.903 Rec=92.295 Prec=93.602
