Logging to: ./logs/Bloodmnist_Finetune_K5_U3_seed0_20260630_094251.log
==> Preparing data..
The number of class each [(6, 2330), (1, 2181), (3, 2026), (7, 1643), (2, 1085), (5, 993), (0, 852), (4, 849)]
The numbers of Training, Val, Test sets, 11959, 1712, 3421
{6: 0, 2: 1, 1: 2, 7: 3, 3: 4} {0: 5, 5: 6, 4: 7}
[6 2 1 7 3] [0 1 2 3 4] [0 5 4] [5 6 7]
Known and Unknow in Train: 9265 2694
Known and Unknow in Val: 1325 387
Known and Unknow in Test: 2650 771
Client0 sample num: 3004
Client1 sample num: 3815
Client2 sample num: 3746
Client3 sample num: 932
Client4 sample num: 2576
Client5 sample num: 1878
Client6 sample num: 611
Client7 sample num: 1968

>>> Setting up
==> Using device: cuda:0
==> Building [Resnet18] model..
154
154
154
154
154
154
154
154
154
154
154
154
154
154
154
154
154
154
Train Client0 [0/30] LR=0.0001000 loss=1.706 ACC=99.200 F1=78.861 Rec=78.820 Prec=78.904
Train Client1 [0/30] LR=0.0001000 loss=3.567 ACC=99.055 F1=98.202 Rec=98.938 Prec=97.520
Train Client2 [0/30] LR=0.0001000 loss=2.795 ACC=99.733 F1=98.714 Rec=98.828 Prec=98.603
Train Client3 [0/30] LR=0.0001000 loss=1.497 ACC=99.677 F1=99.496 Rec=99.909 Prec=99.095
Train Client4 [0/30] LR=0.0001000 loss=3.038 ACC=99.379 F1=93.025 Rec=93.198 Prec=92.858
Train Client5 [0/30] LR=0.0001000 loss=0.991 ACC=99.733 F1=94.463 Rec=99.422 Prec=91.505
Train Client6 [0/30] LR=0.0001000 loss=9.700 ACC=99.013 F1=96.481 Rec=96.472 Prec=96.490
Train Client7 [0/30] LR=0.0001000 loss=1.196 ACC=99.543 F1=97.855 Rec=97.232 Prec=98.509

Test-  OSR [0/30] LR=0.0001000 ACC=75.066 F1=72.207 Rec=80.452 Prec=67.356 UNK=0.000 OS*=96.542 HOS=0.000 AUROC=84.271 AUPR=50.862 OSCR=83.317
Test-Close [0/30] LR=0.0001000 loss=1.780 ACC=96.906 F1=96.880 Rec=96.542 Prec=97.282

Saving best model . . . . . . . .

Train Client0 [1/30] LR=0.0001000 loss=2.228 ACC=99.300 F1=79.085 Rec=79.039 Prec=79.131
Train Client1 [1/30] LR=0.0001000 loss=2.471 ACC=98.976 F1=98.114 Rec=98.821 Prec=97.460
Train Client2 [1/30] LR=0.0001000 loss=2.425 ACC=99.653 F1=97.843 Rec=97.552 Prec=98.145
Train Client3 [1/30] LR=0.0001000 loss=2.077 ACC=99.461 F1=99.225 Rec=99.167 Prec=99.284
Train Client4 [1/30] LR=0.0001000 loss=1.468 ACC=99.457 F1=92.774 Rec=93.019 Prec=92.580
Train Client5 [1/30] LR=0.0001000 loss=1.020 ACC=99.786 F1=94.511 Rec=99.437 Prec=91.584
Train Client6 [1/30] LR=0.0001000 loss=5.331 ACC=99.342 F1=97.434 Rec=97.425 Prec=97.443
Train Client7 [1/30] LR=0.0001000 loss=0.852 ACC=99.390 F1=97.032 Rec=97.402 Prec=96.686

Test-  OSR [1/30] LR=0.0001000 ACC=75.387 F1=72.244 Rec=80.924 Prec=67.135 UNK=0.000 OS*=97.109 HOS=0.000 AUROC=84.481 AUPR=51.610 OSCR=83.787
Test-Close [1/30] LR=0.0001000 loss=1.761 ACC=97.321 F1=97.311 Rec=97.109 Prec=97.535

Saving best model . . . . . . . .

Train Client0 [2/30] LR=0.0001000 loss=1.941 ACC=99.100 F1=79.043 Rec=79.044 Prec=79.042
Train Client1 [2/30] LR=0.0001000 loss=2.543 ACC=99.291 F1=99.059 Rec=98.984 Prec=99.135
Train Client2 [2/30] LR=0.0001000 loss=2.515 ACC=99.679 F1=98.139 Rec=98.808 Prec=97.499
Train Client3 [2/30] LR=0.0001000 loss=2.010 ACC=99.353 F1=95.020 Rec=99.020 Prec=92.367
Train Client4 [2/30] LR=0.0001000 loss=1.739 ACC=99.379 F1=93.356 Rec=93.713 Prec=93.012
Train Client5 [2/30] LR=0.0001000 loss=1.055 ACC=99.786 F1=91.173 Rec=93.234 Prec=89.592
Train Client6 [2/30] LR=0.0001000 loss=4.268 ACC=99.178 F1=97.690 Rec=97.379 Prec=98.079
Train Client7 [2/30] LR=0.0001000 loss=0.968 ACC=99.390 F1=97.525 Rec=97.004 Prec=98.111

Test-  OSR [2/30] LR=0.0001000 ACC=74.890 F1=72.030 Rec=80.136 Prec=67.122 UNK=0.000 OS*=96.163 HOS=0.000 AUROC=85.533 AUPR=54.078 OSCR=84.426
Test-Close [2/30] LR=0.0001000 loss=1.780 ACC=96.679 F1=96.606 Rec=96.163 Prec=97.161

Saving best model . . . . . . . .

Train Client0 [3/30] LR=0.0001000 loss=0.924 ACC=99.167 F1=98.716 Rec=98.589 Prec=98.844
Train Client1 [3/30] LR=0.0001000 loss=1.186 ACC=99.160 F1=99.034 Rec=99.053 Prec=99.017
Train Client2 [3/30] LR=0.0001000 loss=1.379 ACC=99.840 F1=99.254 Rec=99.249 Prec=99.260
Train Client3 [3/30] LR=0.0001000 loss=1.103 ACC=99.677 F1=99.485 Rec=99.345 Prec=99.627
Train Client4 [3/30] LR=0.0001000 loss=1.855 ACC=99.418 F1=94.739 Rec=93.585 Prec=96.658
Train Client5 [3/30] LR=0.0001000 loss=0.335 ACC=99.679 F1=92.943 Rec=93.139 Prec=92.751
Train Client6 [3/30] LR=0.0001000 loss=3.358 ACC=98.849 F1=97.184 Rec=97.193 Prec=97.302
Train Client7 [3/30] LR=0.0001000 loss=0.215 ACC=99.695 F1=99.023 Rec=99.221 Prec=98.833

Test-  OSR [3/30] LR=0.0001000 ACC=75.212 F1=72.124 Rec=80.763 Prec=66.824 UNK=0.000 OS*=96.916 HOS=0.000 AUROC=85.415 AUPR=53.642 OSCR=84.552
Test-Close [3/30] LR=0.0001000 loss=1.766 ACC=97.094 F1=97.153 Rec=96.916 Prec=97.434

Saving best model . . . . . . . .

Train Client0 [4/30] LR=0.0001000 loss=0.602 ACC=99.633 F1=99.453 Rec=99.461 Prec=99.445
Train Client1 [4/30] LR=0.0001000 loss=0.861 ACC=99.133 F1=98.919 Rec=99.001 Prec=98.837
Train Client2 [4/30] LR=0.0001000 loss=1.221 ACC=99.813 F1=99.004 Rec=98.753 Prec=99.262
Train Client3 [4/30] LR=0.0001000 loss=0.290 ACC=99.461 F1=99.228 Rec=99.445 Prec=99.016
Train Client4 [4/30] LR=0.0001000 loss=1.191 ACC=99.534 F1=95.582 Rec=93.295 Prec=98.585
Train Client5 [4/30] LR=0.0001000 loss=0.370 ACC=99.786 F1=94.511 Rec=99.437 Prec=91.584
Train Client6 [4/30] LR=0.0001000 loss=3.836 ACC=99.342 F1=97.824 Rec=98.879 Prec=96.840
Train Client7 [4/30] LR=0.0001000 loss=0.395 ACC=99.593 F1=99.223 Rec=98.797 Prec=99.660

Test-  OSR [4/30] LR=0.0001000 ACC=75.037 F1=71.989 Rec=80.560 Prec=66.677 UNK=0.000 OS*=96.672 HOS=0.000 AUROC=85.846 AUPR=54.791 OSCR=84.717
Test-Close [4/30] LR=0.0001000 loss=1.775 ACC=96.868 F1=96.937 Rec=96.672 Prec=97.267

Saving best model . . . . . . . .

Train Client0 [5/30] LR=0.0001000 loss=0.806 ACC=99.633 F1=99.301 Rec=99.341 Prec=99.261
Train Client1 [5/30] LR=0.0001000 loss=0.588 ACC=99.422 F1=98.938 Rec=99.258 Prec=98.632
Train Client2 [5/30] LR=0.0001000 loss=0.838 ACC=99.626 F1=98.169 Rec=98.880 Prec=97.521
Train Client3 [5/30] LR=0.0001000 loss=0.366 ACC=99.569 F1=99.400 Rec=99.597 Prec=99.206
Train Client4 [5/30] LR=0.0001000 loss=0.715 ACC=99.612 F1=98.096 Rec=98.819 Prec=97.411
Train Client5 [5/30] LR=0.0001000 loss=0.337 ACC=99.519 F1=91.177 Rec=99.255 Prec=87.676
Train Client6 [5/30] LR=0.0001000 loss=1.490 ACC=99.507 F1=98.982 Rec=98.962 Prec=99.002
Train Client7 [5/30] LR=0.0001000 loss=0.168 ACC=99.695 F1=98.758 Rec=99.221 Prec=98.320

Test-  OSR [5/30] LR=0.0001000 ACC=74.890 F1=72.103 Rec=80.380 Prec=66.990 UNK=0.000 OS*=96.456 HOS=0.000 AUROC=83.822 AUPR=52.881 OSCR=82.750
Test-Close [5/30] LR=0.0001000 loss=1.773 ACC=96.679 F1=96.792 Rec=96.456 Prec=97.216

Train Client0 [6/30] LR=0.0001000 loss=0.587 ACC=99.267 F1=78.727 Rec=78.400 Prec=79.070
Train Client1 [6/30] LR=0.0001000 loss=0.540 ACC=99.291 F1=98.726 Rec=99.178 Prec=98.292
Train Client2 [6/30] LR=0.0001000 loss=0.594 ACC=99.546 F1=97.588 Rec=96.924 Prec=98.272
Train Client3 [6/30] LR=0.0001000 loss=0.428 ACC=99.569 F1=95.481 Rec=99.879 Prec=92.429
Train Client4 [6/30] LR=0.0001000 loss=0.604 ACC=99.457 F1=96.207 Rec=98.782 Prec=94.090
Train Client5 [6/30] LR=0.0001000 loss=0.870 ACC=99.573 F1=96.280 Rec=99.194 Prec=94.085
Train Client6 [6/30] LR=0.0001000 loss=0.690 ACC=99.013 F1=96.517 Rec=96.508 Prec=96.562
Train Client7 [6/30] LR=0.0001000 loss=0.455 ACC=99.593 F1=98.794 Rec=98.748 Prec=98.840

Test-  OSR [6/30] LR=0.0001000 ACC=74.393 F1=71.935 Rec=79.774 Prec=72.524 UNK=0.259 OS*=95.677 HOS=0.517 AUROC=77.976 AUPR=48.236 OSCR=76.983
Test-Close [6/30] LR=0.0001000 loss=1.818 ACC=96.075 F1=96.250 Rec=95.782 Prec=96.914

Train Client0 [7/30] LR=0.0001000 loss=0.350 ACC=99.333 F1=98.988 Rec=98.660 Prec=99.329
Train Client1 [7/30] LR=0.0001000 loss=0.313 ACC=99.265 F1=98.425 Rec=99.170 Prec=97.731
Train Client2 [7/30] LR=0.0001000 loss=0.271 ACC=99.733 F1=98.892 Rec=98.887 Prec=98.898
Train Client3 [7/30] LR=0.0001000 loss=0.411 ACC=99.030 F1=98.581 Rec=99.328 Prec=97.880
Train Client4 [7/30] LR=0.0001000 loss=0.395 ACC=99.301 F1=91.733 Rec=93.635 Prec=90.171
Train Client5 [7/30] LR=0.0001000 loss=0.333 ACC=99.626 F1=96.483 Rec=99.326 Prec=94.354
Train Client6 [7/30] LR=0.0001000 loss=0.806 ACC=98.355 F1=96.639 Rec=98.374 Prec=95.054
Train Client7 [7/30] LR=0.0001000 loss=0.192 ACC=99.543 F1=97.952 Rec=98.124 Prec=97.787

Test-  OSR [7/30] LR=0.0001000 ACC=74.218 F1=71.883 Rec=79.424 Prec=67.386 UNK=0.000 OS*=95.309 HOS=0.000 AUROC=81.462 AUPR=49.243 OSCR=80.457
Test-Close [7/30] LR=0.0001000 loss=1.854 ACC=95.811 F1=95.910 Rec=95.309 Prec=96.751

Train Client0 [8/30] LR=0.0001000 loss=0.248 ACC=99.300 F1=79.013 Rec=78.955 Prec=79.072
Train Client1 [8/30] LR=0.0001000 loss=0.224 ACC=99.212 F1=98.643 Rec=98.310 Prec=98.993
Train Client2 [8/30] LR=0.0001000 loss=0.273 ACC=99.786 F1=99.086 Rec=99.241 Prec=98.934
Train Client3 [8/30] LR=0.0001000 loss=0.237 ACC=99.461 F1=99.106 Rec=99.458 Prec=98.767
Train Client4 [8/30] LR=0.0001000 loss=0.364 ACC=99.379 F1=95.327 Rec=93.396 Prec=97.980
Train Client5 [8/30] LR=0.0001000 loss=0.244 ACC=99.412 F1=94.009 Rec=98.695 Prec=91.329
Train Client6 [8/30] LR=0.0001000 loss=0.372 ACC=99.342 F1=98.100 Rec=98.092 Prec=98.142
Train Client7 [8/30] LR=0.0001000 loss=0.180 ACC=99.390 F1=98.163 Rec=98.129 Prec=98.208

Test-  OSR [8/30] LR=0.0001000 ACC=74.130 F1=71.871 Rec=79.167 Prec=78.578 UNK=0.259 OS*=94.948 HOS=0.517 AUROC=82.803 AUPR=51.831 OSCR=81.671
Test-Close [8/30] LR=0.0001000 loss=1.867 ACC=95.660 F1=95.661 Rec=95.013 Prec=96.569

Train Client0 [9/30] LR=0.0001000 loss=0.307 ACC=99.233 F1=79.181 Rec=78.979 Prec=79.388
Train Client1 [9/30] LR=0.0001000 loss=0.278 ACC=99.212 F1=99.054 Rec=98.983 Prec=99.126
Train Client2 [9/30] LR=0.0001000 loss=0.218 ACC=99.599 F1=99.018 Rec=98.855 Prec=99.185
Train Client3 [9/30] LR=0.0001000 loss=0.245 ACC=99.784 F1=95.758 Rec=99.550 Prec=93.303
Train Client4 [9/30] LR=0.0001000 loss=0.356 ACC=99.379 F1=98.056 Rec=99.021 Prec=97.184
Train Client5 [9/30] LR=0.0001000 loss=0.299 ACC=99.466 F1=94.059 Rec=98.890 Prec=91.232
Train Client6 [9/30] LR=0.0001000 loss=0.408 ACC=99.013 F1=98.007 Rec=98.712 Prec=97.341
Train Client7 [9/30] LR=0.0001000 loss=0.129 ACC=99.644 F1=98.761 Rec=99.189 Prec=98.359

Test-  OSR [9/30] LR=0.0001000 ACC=75.037 F1=73.461 Rec=79.793 Prec=78.639 UNK=4.021 OS*=94.947 HOS=7.715 AUROC=84.048 AUPR=53.945 OSCR=82.937
Test-Close [9/30] LR=0.0001000 loss=1.869 ACC=96.113 F1=96.082 Rec=95.502 Prec=96.867

Train Client0 [10/30] LR=0.0001000 loss=0.134 ACC=99.500 F1=79.340 Rec=79.304 Prec=79.375
Train Client1 [10/30] LR=0.0001000 loss=0.198 ACC=99.160 F1=98.650 Rec=99.007 Prec=98.307
Train Client2 [10/30] LR=0.0001000 loss=0.111 ACC=99.786 F1=98.983 Rec=99.517 Prec=98.466
Train Client3 [10/30] LR=0.0001000 loss=0.301 ACC=99.353 F1=98.979 Rec=99.273 Prec=98.709
Train Client4 [10/30] LR=0.0001000 loss=0.289 ACC=99.418 F1=94.633 Rec=99.348 Prec=91.293
Train Client5 [10/30] LR=0.0001000 loss=0.274 ACC=99.573 F1=93.991 Rec=99.001 Prec=90.981
Train Client6 [10/30] LR=0.0001000 loss=0.333 ACC=99.342 F1=98.532 Rec=98.880 Prec=98.201
Train Client7 [10/30] LR=0.0001000 loss=0.086 ACC=99.797 F1=99.342 Rec=99.332 Prec=99.353

Test-  OSR [10/30] LR=0.0001000 ACC=73.633 F1=72.690 Rec=78.301 Prec=76.221 UNK=4.410 OS*=93.079 HOS=8.421 AUROC=80.325 AUPR=44.495 OSCR=78.991
Test-Close [10/30] LR=0.0001000 loss=1.929 ACC=94.264 F1=94.438 Rec=93.687 Prec=95.656

Train Client0 [11/30] LR=0.0001000 loss=0.143 ACC=99.633 F1=99.249 Rec=98.929 Prec=99.578
Train Client1 [11/30] LR=0.0001000 loss=0.187 ACC=99.343 F1=99.147 Rec=98.988 Prec=99.310
Train Client2 [11/30] LR=0.0001000 loss=0.161 ACC=99.760 F1=99.534 Rec=99.501 Prec=99.566
Train Client3 [11/30] LR=0.0001000 loss=0.201 ACC=99.353 F1=98.920 Rec=98.865 Prec=98.981
Train Client4 [11/30] LR=0.0001000 loss=0.193 ACC=99.612 F1=98.713 Rec=99.076 Prec=98.365
Train Client5 [11/30] LR=0.0001000 loss=0.269 ACC=99.626 F1=94.207 Rec=98.953 Prec=91.465
Train Client6 [11/30] LR=0.0001000 loss=0.702 ACC=98.355 F1=97.707 Rec=98.394 Prec=97.066
Train Client7 [11/30] LR=0.0001000 loss=0.163 ACC=99.492 F1=98.721 Rec=98.601 Prec=98.853

Test-  OSR [11/30] LR=0.0001000 ACC=75.621 F1=75.726 Rec=80.006 Prec=78.574 UNK=13.359 OS*=93.335 HOS=23.373 AUROC=81.930 AUPR=51.164 OSCR=80.338
Test-Close [11/30] LR=0.0001000 loss=1.930 ACC=94.906 F1=95.227 Rec=94.662 Prec=96.123

Train Client0 [12/30] LR=0.0001000 loss=0.139 ACC=99.500 F1=99.170 Rec=99.267 Prec=99.076
Train Client1 [12/30] LR=0.0001000 loss=0.154 ACC=99.527 F1=99.478 Rec=99.446 Prec=99.511
Train Client2 [12/30] LR=0.0001000 loss=0.102 ACC=99.653 F1=98.615 Rec=98.831 Prec=98.411
Train Client3 [12/30] LR=0.0001000 loss=0.163 ACC=99.677 F1=95.647 Rec=99.909 Prec=92.723
Train Client4 [12/30] LR=0.0001000 loss=0.148 ACC=99.689 F1=96.303 Rec=94.936 Prec=98.441
Train Client5 [12/30] LR=0.0001000 loss=0.064 ACC=99.786 F1=96.782 Rec=99.758 Prec=94.525
Train Client6 [12/30] LR=0.0001000 loss=0.241 ACC=99.342 F1=98.199 Rec=98.878 Prec=97.574
Train Client7 [12/30] LR=0.0001000 loss=0.052 ACC=99.848 F1=99.169 Rec=99.858 Prec=98.537

Test-  OSR [12/30] LR=0.0001000 ACC=73.633 F1=71.429 Rec=78.629 Prec=72.743 UNK=0.130 OS*=94.328 HOS=0.259 AUROC=78.641 AUPR=48.276 OSCR=77.191
Test-Close [12/30] LR=0.0001000 loss=1.885 ACC=95.057 F1=95.107 Rec=94.393 Prec=96.164

Train Client0 [13/30] LR=0.0001000 loss=0.128 ACC=99.600 F1=99.364 Rec=99.464 Prec=99.266
Train Client1 [13/30] LR=0.0001000 loss=0.141 ACC=99.343 F1=98.895 Rec=99.319 Prec=98.488
Train Client2 [13/30] LR=0.0001000 loss=0.138 ACC=99.893 F1=99.570 Rec=99.567 Prec=99.573
Train Client3 [13/30] LR=0.0001000 loss=0.183 ACC=99.569 F1=99.172 Rec=99.032 Prec=99.315
Train Client4 [13/30] LR=0.0001000 loss=0.264 ACC=99.534 F1=95.514 Rec=93.612 Prec=98.136
Train Client5 [13/30] LR=0.0001000 loss=0.198 ACC=99.679 F1=94.248 Rec=99.017 Prec=91.484
Train Client6 [13/30] LR=0.0001000 loss=0.157 ACC=99.178 F1=98.834 Rec=98.834 Prec=98.834
Train Client7 [13/30] LR=0.0001000 loss=0.093 ACC=99.695 F1=99.028 Rec=99.172 Prec=98.888

Test-  OSR [13/30] LR=0.0001000 ACC=75.095 F1=72.207 Rec=80.653 Prec=81.448 UNK=1.038 OS*=96.577 HOS=2.053 AUROC=79.947 AUPR=50.574 OSCR=78.995
Test-Close [13/30] LR=0.0001000 loss=1.848 ACC=96.642 F1=96.757 Rec=96.577 Prec=97.002

Train Client0 [14/30] LR=0.0001000 loss=0.087 ACC=99.533 F1=99.237 Rec=99.339 Prec=99.138
Train Client1 [14/30] LR=0.0001000 loss=0.210 ACC=99.527 F1=99.443 Rec=99.389 Prec=99.498
Train Client2 [14/30] LR=0.0001000 loss=0.169 ACC=99.733 F1=99.158 Rec=98.924 Prec=99.394
Train Client3 [14/30] LR=0.0001000 loss=0.233 ACC=99.353 F1=92.568 Rec=99.418 Prec=89.056
Train Client4 [14/30] LR=0.0001000 loss=0.227 ACC=99.612 F1=96.122 Rec=98.879 Prec=93.848
Train Client5 [14/30] LR=0.0001000 loss=0.175 ACC=99.679 F1=96.550 Rec=99.341 Prec=94.473
Train Client6 [14/30] LR=0.0001000 loss=0.146 ACC=99.013 F1=96.846 Rec=96.490 Prec=97.220
Train Client7 [14/30] LR=0.0001000 loss=0.038 ACC=99.746 F1=98.757 Rec=98.805 Prec=98.709

Test-  OSR [14/30] LR=0.0001000 ACC=75.095 F1=73.341 Rec=79.987 Prec=78.111 UNK=3.891 OS*=95.206 HOS=7.477 AUROC=80.284 AUPR=50.180 OSCR=79.180
Test-Close [14/30] LR=0.0001000 loss=1.866 ACC=96.189 F1=96.247 Rec=95.819 Prec=96.807

Train Client0 [15/30] LR=0.0001000 loss=0.131 ACC=99.500 F1=98.864 Rec=98.819 Prec=98.909
Train Client1 [15/30] LR=0.0001000 loss=0.177 ACC=99.238 F1=98.766 Rec=99.128 Prec=98.418
Train Client2 [15/30] LR=0.0001000 loss=0.095 ACC=99.813 F1=99.422 Rec=99.580 Prec=99.268
Train Client3 [15/30] LR=0.0001000 loss=0.192 ACC=99.461 F1=95.182 Rec=98.778 Prec=92.930
Train Client4 [15/30] LR=0.0001000 loss=0.313 ACC=99.418 F1=98.442 Rec=98.594 Prec=98.299
Train Client5 [15/30] LR=0.0001000 loss=0.114 ACC=99.733 F1=96.598 Rec=99.358 Prec=94.553
Train Client6 [15/30] LR=0.0001000 loss=0.138 ACC=98.684 F1=97.356 Rec=97.011 Prec=97.718
Train Client7 [15/30] LR=0.0001000 loss=0.080 ACC=99.898 F1=99.742 Rec=99.528 Prec=99.959

Test-  OSR [15/30] LR=0.0001000 ACC=75.329 F1=73.498 Rec=80.473 Prec=79.869 UNK=3.761 OS*=95.815 HOS=7.239 AUROC=81.537 AUPR=52.339 OSCR=80.358
Test-Close [15/30] LR=0.0001000 loss=1.868 ACC=96.302 F1=96.380 Rec=96.040 Prec=96.828

Train Client0 [16/30] LR=0.0001000 loss=0.101 ACC=99.633 F1=79.347 Rec=79.265 Prec=79.430
Train Client1 [16/30] LR=0.0001000 loss=0.209 ACC=99.422 F1=99.054 Rec=98.911 Prec=99.201
Train Client2 [16/30] LR=0.0001000 loss=0.097 ACC=99.866 F1=99.560 Rec=99.816 Prec=99.315
Train Client3 [16/30] LR=0.0001000 loss=0.090 ACC=99.784 F1=99.659 Rec=99.940 Prec=99.384
Train Client4 [16/30] LR=0.0001000 loss=0.185 ACC=99.612 F1=93.752 Rec=94.085 Prec=93.434
Train Client5 [16/30] LR=0.0001000 loss=0.122 ACC=99.573 F1=94.353 Rec=99.374 Prec=91.332
Train Client6 [16/30] LR=0.0001000 loss=0.188 ACC=99.342 F1=98.467 Rec=98.094 Prec=98.859
Train Client7 [16/30] LR=0.0001000 loss=0.022 ACC=99.848 F1=99.125 Rec=99.363 Prec=98.894

Test-  OSR [16/30] LR=0.0001000 ACC=74.393 F1=73.583 Rec=79.163 Prec=77.823 UNK=7.523 OS*=93.491 HOS=13.925 AUROC=79.523 AUPR=48.837 OSCR=77.639
Test-Close [16/30] LR=0.0001000 loss=1.925 ACC=94.528 F1=94.898 Rec=94.329 Prec=95.851

Train Client0 [17/30] LR=0.0001000 loss=0.105 ACC=99.533 F1=99.310 Rec=99.251 Prec=99.369
Train Client1 [17/30] LR=0.0001000 loss=0.125 ACC=99.422 F1=99.282 Rec=99.318 Prec=99.247
Train Client2 [17/30] LR=0.0001000 loss=0.054 ACC=99.920 F1=99.467 Rec=99.307 Prec=99.630
Train Client3 [17/30] LR=0.0001000 loss=0.137 ACC=99.892 F1=99.827 Rec=99.688 Prec=99.970
Train Client4 [17/30] LR=0.0001000 loss=0.191 ACC=99.728 F1=99.207 Rec=99.361 Prec=99.055
Train Client5 [17/30] LR=0.0001000 loss=0.144 ACC=99.573 F1=92.886 Rec=99.694 Prec=89.416
Train Client6 [17/30] LR=0.0001000 loss=0.483 ACC=98.849 F1=99.085 Rec=99.431 Prec=98.762
Train Client7 [17/30] LR=0.0001000 loss=0.120 ACC=99.695 F1=98.728 Rec=99.355 Prec=98.130

Test-  OSR [17/30] LR=0.0001000 ACC=74.013 F1=71.398 Rec=79.423 Prec=74.773 UNK=0.130 OS*=95.281 HOS=0.259 AUROC=79.128 AUPR=48.918 OSCR=77.703
Test-Close [17/30] LR=0.0001000 loss=1.858 ACC=95.509 F1=95.715 Rec=95.281 Prec=96.352

Train Client0 [18/30] LR=0.0001000 loss=0.159 ACC=99.233 F1=79.150 Rec=79.012 Prec=79.290
Train Client1 [18/30] LR=0.0001000 loss=0.089 ACC=99.422 F1=99.298 Rec=99.334 Prec=99.263
Train Client2 [18/30] LR=0.0001000 loss=0.090 ACC=99.947 F1=99.651 Rec=99.969 Prec=99.344
Train Client3 [18/30] LR=0.0001000 loss=0.209 ACC=99.353 F1=99.071 Rec=99.418 Prec=98.745
Train Client4 [18/30] LR=0.0001000 loss=0.261 ACC=99.573 F1=94.090 Rec=94.214 Prec=93.967
Train Client5 [18/30] LR=0.0001000 loss=0.198 ACC=99.626 F1=99.123 Rec=98.942 Prec=99.308
Train Client6 [18/30] LR=0.0001000 loss=0.125 ACC=99.342 F1=98.531 Rec=98.879 Prec=98.202
Train Client7 [18/30] LR=0.0001000 loss=0.080 ACC=99.746 F1=99.222 Rec=98.627 Prec=99.839

Test-  OSR [18/30] LR=0.0001000 ACC=74.130 F1=72.277 Rec=79.286 Prec=78.176 UNK=2.594 OS*=94.624 HOS=5.050 AUROC=79.706 AUPR=48.881 OSCR=78.181
Test-Close [18/30] LR=0.0001000 loss=1.900 ACC=95.208 F1=95.473 Rec=95.010 Prec=96.181

Train Client0 [19/30] LR=0.0001000 loss=0.125 ACC=99.600 F1=98.983 Rec=98.820 Prec=99.149
Train Client1 [19/30] LR=0.0001000 loss=0.114 ACC=99.343 F1=99.139 Rec=99.181 Prec=99.101
Train Client2 [19/30] LR=0.0001000 loss=0.054 ACC=99.920 F1=99.481 Rec=99.642 Prec=99.324
Train Client3 [19/30] LR=0.0001000 loss=0.110 ACC=99.461 F1=99.167 Rec=99.445 Prec=98.895
Train Client4 [19/30] LR=0.0001000 loss=0.218 ACC=99.495 F1=93.530 Rec=93.741 Prec=93.327
Train Client5 [19/30] LR=0.0001000 loss=0.059 ACC=99.733 F1=92.836 Rec=99.485 Prec=89.521
Train Client6 [19/30] LR=0.0001000 loss=0.241 ACC=98.849 F1=97.925 Rec=97.896 Prec=97.956
Train Client7 [19/30] LR=0.0001000 loss=0.204 ACC=99.390 F1=98.848 Rec=98.936 Prec=98.767

Test-  OSR [19/30] LR=0.0001000 ACC=74.101 F1=71.584 Rec=79.578 Prec=77.836 UNK=0.259 OS*=95.441 HOS=0.517 AUROC=79.669 AUPR=47.888 OSCR=78.361
Test-Close [19/30] LR=0.0001000 loss=1.866 ACC=95.585 F1=95.809 Rec=95.441 Prec=96.344

Train Client0 [20/30] LR=0.0001000 loss=0.098 ACC=99.567 F1=79.533 Rec=79.534 Prec=79.532
Train Client1 [20/30] LR=0.0001000 loss=0.169 ACC=99.449 F1=99.437 Rec=99.387 Prec=99.488
Train Client2 [20/30] LR=0.0001000 loss=0.094 ACC=99.626 F1=98.973 Rec=99.084 Prec=98.865
Train Client3 [20/30] LR=0.0001000 loss=0.083 ACC=99.569 F1=99.319 Rec=99.319 Prec=99.319
Train Client4 [20/30] LR=0.0001000 loss=0.141 ACC=99.728 F1=99.053 Rec=99.421 Prec=98.700
Train Client5 [20/30] LR=0.0001000 loss=0.096 ACC=99.840 F1=97.046 Rec=99.837 Prec=94.969
Train Client6 [20/30] LR=0.0001000 loss=0.092 ACC=99.507 F1=98.606 Rec=98.963 Prec=98.266
Train Client7 [20/30] LR=0.0001000 loss=0.038 ACC=99.695 F1=99.363 Rec=99.716 Prec=99.022

Test-  OSR [20/30] LR=0.0001000 ACC=74.657 F1=72.071 Rec=80.189 Prec=83.869 UNK=0.130 OS*=96.201 HOS=0.259 AUROC=81.347 AUPR=50.460 OSCR=80.202
Test-Close [20/30] LR=0.0001000 loss=1.847 ACC=96.340 F1=96.514 Rec=96.201 Prec=96.932

Train Client0 [21/30] LR=0.0001000 loss=0.100 ACC=99.567 F1=99.194 Rec=99.401 Prec=98.991
Train Client1 [21/30] LR=0.0001000 loss=0.096 ACC=99.632 F1=99.145 Rec=99.474 Prec=98.830
Train Client2 [21/30] LR=0.0001000 loss=0.050 ACC=99.920 F1=99.481 Rec=99.642 Prec=99.324
Train Client3 [21/30] LR=0.0001000 loss=0.179 ACC=99.784 F1=99.657 Rec=99.657 Prec=99.657
Train Client4 [21/30] LR=0.0001000 loss=0.218 ACC=99.573 F1=96.471 Rec=98.810 Prec=94.579
Train Client5 [21/30] LR=0.0001000 loss=0.118 ACC=99.893 F1=96.709 Rec=99.532 Prec=94.600
Train Client6 [21/30] LR=0.0001000 loss=0.579 ACC=98.520 F1=96.794 Rec=98.461 Prec=95.348
Train Client7 [21/30] LR=0.0001000 loss=0.082 ACC=99.746 F1=98.862 Rec=98.939 Prec=98.795

Test-  OSR [21/30] LR=0.0001000 ACC=75.592 F1=73.148 Rec=80.932 Prec=77.973 UNK=3.113 OS*=96.496 HOS=6.031 AUROC=81.077 AUPR=53.287 OSCR=80.120
Test-Close [21/30] LR=0.0001000 loss=1.838 ACC=97.132 F1=97.225 Rec=97.114 Prec=97.367

Train Client0 [22/30] LR=0.0001000 loss=0.084 ACC=99.533 F1=79.576 Rec=79.523 Prec=79.629
Train Client1 [22/30] LR=0.0001000 loss=0.221 ACC=99.238 F1=99.133 Rec=99.039 Prec=99.229
Train Client2 [22/30] LR=0.0001000 loss=0.075 ACC=99.679 F1=99.472 Rec=99.709 Prec=99.248
Train Client3 [22/30] LR=0.0001000 loss=0.127 ACC=99.677 F1=99.482 Rec=99.345 Prec=99.622
Train Client4 [22/30] LR=0.0001000 loss=0.195 ACC=99.651 F1=96.183 Rec=94.292 Prec=98.796
Train Client5 [22/30] LR=0.0001000 loss=0.091 ACC=99.893 F1=99.721 Rec=99.853 Prec=99.592
Train Client6 [22/30] LR=0.0001000 loss=0.153 ACC=99.671 F1=99.046 Rec=99.046 Prec=99.046
Train Client7 [22/30] LR=0.0001000 loss=0.145 ACC=99.746 F1=99.292 Rec=99.252 Prec=99.333

Test-  OSR [22/30] LR=0.0001000 ACC=75.738 F1=73.609 Rec=81.022 Prec=79.338 UNK=4.150 OS*=96.397 HOS=7.958 AUROC=80.907 AUPR=53.597 OSCR=79.892
Test-Close [22/30] LR=0.0001000 loss=1.845 ACC=96.943 F1=97.060 Rec=96.922 Prec=97.235

Train Client0 [23/30] LR=0.0001000 loss=0.086 ACC=99.600 F1=99.230 Rec=99.169 Prec=99.291
Train Client1 [23/30] LR=0.0001000 loss=0.100 ACC=99.764 F1=99.718 Rec=99.656 Prec=99.780
Train Client2 [23/30] LR=0.0001000 loss=0.056 ACC=99.866 F1=99.937 Rec=99.923 Prec=99.952
Train Client3 [23/30] LR=0.0001000 loss=0.158 ACC=99.677 F1=99.489 Rec=99.627 Prec=99.354
Train Client4 [23/30] LR=0.0001000 loss=0.199 ACC=99.689 F1=99.285 Rec=99.095 Prec=99.484
Train Client5 [23/30] LR=0.0001000 loss=0.130 ACC=99.679 F1=89.879 Rec=93.139 Prec=87.953
Train Client6 [23/30] LR=0.0001000 loss=0.209 ACC=99.013 F1=97.246 Rec=97.928 Prec=96.619
Train Client7 [23/30] LR=0.0001000 loss=0.206 ACC=99.644 F1=98.998 Rec=99.189 Prec=98.813

Test-  OSR [23/30] LR=0.0001000 ACC=77.229 F1=76.648 Rec=81.896 Prec=81.423 UNK=12.192 OS*=95.837 HOS=21.632 AUROC=78.039 AUPR=52.731 OSCR=76.970
Test-Close [23/30] LR=0.0001000 loss=1.873 ACC=97.094 F1=97.209 Rec=97.008 Prec=97.457

Train Client0 [24/30] LR=0.0001000 loss=0.113 ACC=99.467 F1=79.239 Rec=79.313 Prec=79.166
Train Client1 [24/30] LR=0.0001000 loss=0.176 ACC=99.265 F1=99.191 Rec=99.064 Prec=99.320
Train Client2 [24/30] LR=0.0001000 loss=0.030 ACC=99.893 F1=99.626 Rec=99.626 Prec=99.626
Train Client3 [24/30] LR=0.0001000 loss=0.117 ACC=99.677 F1=99.482 Rec=99.345 Prec=99.622
Train Client4 [24/30] LR=0.0001000 loss=0.182 ACC=99.612 F1=98.881 Rec=98.759 Prec=99.006
Train Client5 [24/30] LR=0.0001000 loss=0.060 ACC=99.840 F1=97.045 Rec=99.837 Prec=94.969
Train Client6 [24/30] LR=0.0001000 loss=0.131 ACC=99.013 F1=98.750 Rec=98.731 Prec=98.769
Train Client7 [24/30] LR=0.0001000 loss=0.272 ACC=99.492 F1=98.634 Rec=98.998 Prec=98.298

Test-  OSR [24/30] LR=0.0001000 ACC=75.767 F1=73.637 Rec=81.192 Prec=79.692 UNK=3.113 OS*=96.808 HOS=6.032 AUROC=78.082 AUPR=51.964 OSCR=77.204
Test-Close [24/30] LR=0.0001000 loss=1.841 ACC=97.132 F1=97.240 Rec=97.036 Prec=97.477

Train Client0 [25/30] LR=0.0001000 loss=0.097 ACC=99.567 F1=99.256 Rec=99.264 Prec=99.248
Train Client1 [25/30] LR=0.0001000 loss=0.095 ACC=99.475 F1=99.452 Rec=99.474 Prec=99.430
Train Client2 [25/30] LR=0.0001000 loss=0.027 ACC=99.920 F1=99.481 Rec=99.642 Prec=99.324
Train Client3 [25/30] LR=0.0001000 loss=0.112 ACC=99.461 F1=99.232 Rec=99.449 Prec=99.021
Train Client4 [25/30] LR=0.0001000 loss=0.121 ACC=99.728 F1=97.049 Rec=99.361 Prec=95.183
Train Client5 [25/30] LR=0.0001000 loss=0.124 ACC=99.947 F1=99.768 Rec=99.932 Prec=99.608
Train Client6 [25/30] LR=0.0001000 loss=0.077 ACC=99.178 F1=98.393 Rec=98.029 Prec=98.776
Train Client7 [25/30] LR=0.0001000 loss=0.066 ACC=99.797 F1=99.823 Rec=99.729 Prec=99.919

Test-  OSR [25/30] LR=0.0001000 ACC=75.270 F1=72.327 Rec=80.873 Prec=73.868 UNK=0.259 OS*=96.996 HOS=0.517 AUROC=77.209 AUPR=48.345 OSCR=76.297
Test-Close [25/30] LR=0.0001000 loss=1.838 ACC=97.170 F1=97.274 Rec=97.092 Prec=97.493

Train Client0 [26/30] LR=0.0001000 loss=0.070 ACC=99.767 F1=79.664 Rec=79.663 Prec=79.665
Train Client1 [26/30] LR=0.0001000 loss=0.066 ACC=99.685 F1=99.633 Rec=99.625 Prec=99.641
Train Client2 [26/30] LR=0.0001000 loss=0.035 ACC=99.893 F1=99.460 Rec=99.620 Prec=99.302
Train Client3 [26/30] LR=0.0001000 loss=0.095 ACC=99.677 F1=99.485 Rec=99.345 Prec=99.627
Train Client4 [26/30] LR=0.0001000 loss=0.140 ACC=99.689 F1=96.242 Rec=94.104 Prec=99.095
Train Client5 [26/30] LR=0.0001000 loss=0.078 ACC=99.786 F1=94.319 Rec=99.117 Prec=91.524
Train Client6 [26/30] LR=0.0001000 loss=0.195 ACC=99.507 F1=99.008 Rec=99.767 Prec=98.316
Train Client7 [26/30] LR=0.0001000 loss=0.107 ACC=99.441 F1=98.420 Rec=98.209 Prec=98.635

Test-  OSR [26/30] LR=0.0001000 ACC=74.423 F1=73.154 Rec=79.778 Prec=74.683 UNK=3.632 OS*=95.007 HOS=6.996 AUROC=75.972 AUPR=44.902 OSCR=74.782
Test-Close [26/30] LR=0.0001000 loss=1.887 ACC=95.811 F1=96.025 Rec=95.745 Prec=96.441

Train Client0 [27/30] LR=0.0001000 loss=0.100 ACC=99.767 F1=99.615 Rec=99.531 Prec=99.700
Train Client1 [27/30] LR=0.0001000 loss=0.077 ACC=99.685 F1=99.666 Rec=99.687 Prec=99.645
Train Client2 [27/30] LR=0.0001000 loss=0.107 ACC=99.653 F1=99.010 Rec=98.670 Prec=99.384
Train Client3 [27/30] LR=0.0001000 loss=0.086 ACC=99.569 F1=99.324 Rec=99.051 Prec=99.602
Train Client4 [27/30] LR=0.0001000 loss=0.122 ACC=99.728 F1=97.019 Rec=99.361 Prec=95.123
Train Client5 [27/30] LR=0.0001000 loss=0.076 ACC=99.786 F1=96.614 Rec=99.437 Prec=94.505
Train Client6 [27/30] LR=0.0001000 loss=0.079 ACC=99.342 F1=98.466 Rec=98.093 Prec=98.859
Train Client7 [27/30] LR=0.0001000 loss=0.214 ACC=99.289 F1=98.246 Rec=98.678 Prec=97.852

Test-  OSR [27/30] LR=0.0001000 ACC=74.598 F1=73.129 Rec=79.846 Prec=77.329 UNK=3.632 OS*=95.089 HOS=6.996 AUROC=73.565 AUPR=43.495 OSCR=72.288
Test-Close [27/30] LR=0.0001000 loss=1.894 ACC=95.774 F1=96.105 Rec=95.734 Prec=96.647

Train Client0 [28/30] LR=0.0001000 loss=0.057 ACC=99.767 F1=99.618 Rec=99.686 Prec=99.551
Train Client1 [28/30] LR=0.0001000 loss=0.185 ACC=99.659 F1=99.656 Rec=99.660 Prec=99.654
Train Client2 [28/30] LR=0.0001000 loss=0.059 ACC=99.947 F1=99.657 Rec=99.981 Prec=99.344
Train Client3 [28/30] LR=0.0001000 loss=0.125 ACC=99.677 F1=99.496 Rec=99.909 Prec=99.104
Train Client4 [28/30] LR=0.0001000 loss=0.171 ACC=99.767 F1=96.525 Rec=94.577 Prec=99.193
Train Client5 [28/30] LR=0.0001000 loss=0.152 ACC=99.573 F1=99.445 Rec=99.515 Prec=99.381
Train Client6 [28/30] LR=0.0001000 loss=0.201 ACC=99.342 F1=98.908 Rec=98.898 Prec=98.917
Train Client7 [28/30] LR=0.0001000 loss=0.112 ACC=99.695 F1=99.266 Rec=99.221 Prec=99.312

Test-  OSR [28/30] LR=0.0001000 ACC=75.124 F1=77.608 Rec=77.578 Prec=79.208 UNK=39.689 OS*=85.156 HOS=54.143 AUROC=78.725 AUPR=45.705 OSCR=74.334
Test-Close [28/30] LR=0.0001000 loss=2.050 ACC=93.585 F1=94.311 Rec=93.738 Prec=95.480

Train Client0 [29/30] LR=0.0001000 loss=0.087 ACC=99.600 F1=79.247 Rec=79.300 Prec=79.194
Train Client1 [29/30] LR=0.0001000 loss=0.101 ACC=99.527 F1=99.359 Rec=99.404 Prec=99.315
Train Client2 [29/30] LR=0.0001000 loss=0.208 ACC=99.573 F1=99.232 Rec=99.270 Prec=99.198
Train Client3 [29/30] LR=0.0001000 loss=0.108 ACC=99.677 F1=99.482 Rec=99.622 Prec=99.345
Train Client4 [29/30] LR=0.0001000 loss=0.167 ACC=99.728 F1=99.331 Rec=99.301 Prec=99.361
Train Client5 [29/30] LR=0.0001000 loss=0.059 ACC=99.840 F1=99.476 Rec=99.444 Prec=99.508
Train Client6 [29/30] LR=0.0001000 loss=0.112 ACC=99.342 F1=97.166 Rec=97.425 Prec=96.975
Train Client7 [29/30] LR=0.0001000 loss=0.030 ACC=99.898 F1=99.490 Rec=99.889 Prec=99.103

Test-  OSR [29/30] LR=0.0001000 ACC=76.060 F1=74.831 Rec=81.223 Prec=78.855 UNK=7.912 OS*=95.885 HOS=14.617 AUROC=75.710 AUPR=47.749 OSCR=74.667
Test-Close [29/30] LR=0.0001000 loss=1.867 ACC=96.642 F1=96.846 Rec=96.658 Prec=97.113

------>Best performance (by OSCR)--->>>>>>>

Test-  OSR [4/30] LR=0.0001000 ACC=75.037 F1=71.989 Rec=80.560 Prec=66.677 UNK=0.000 OS*=96.672 HOS=0.000 AUROC=85.846 AUPR=54.791 OSCR=84.717
Test-Close [4/30] LR=0.0001000 loss=1.775 ACC=96.868 F1=96.937 Rec=96.672 Prec=97.267
=====================================================================================================================================
The ending time ：2026-06-30 12:24:59
