Logging to: ./logs/Bloodmnist_Pretrain_K5_U3_seed1_20260527_203905.log
==> Preparing data..
The number of class each [(6, 2330), (1, 2181), (3, 2026), (7, 1643), (2, 1085), (5, 993), (0, 852), (4, 849)]
The numbers of Training, Val, Test sets, 11959, 1712, 3421
{7: 0, 2: 1, 1: 2, 6: 3, 0: 4} {4: 5, 3: 6, 5: 7}
[7 2 1 6 0] [0 1 2 3 4] [4 3 5] [5 6 7]
Known and Unknow in Train: 8091 3868
Known and Unknow in Val: 1157 555
Known and Unknow in Test: 2315 1106
Client0 sample num: 3659
Client1 sample num: 467
Client2 sample num: 1696
Client3 sample num: 795
Client4 sample num: 2885
Client5 sample num: 1332
Client6 sample num: 2290
Client7 sample num: 3058

>>> Setting up
==> Building [Resnet18] model..
154
120
Train Client0 [0/100] LR=0.0005000 loss=0.519 ACC=91.247 F1=50.319 Rec=49.332 Prec=52.104
Train Client1 [0/100] LR=0.0005000 loss=0.618 ACC=90.948 F1=48.779 Rec=50.063 Prec=47.764
Train Client2 [0/100] LR=0.0005000 loss=0.884 ACC=85.554 F1=62.425 Rec=62.780 Prec=62.086
Train Client3 [0/100] LR=0.0005000 loss=0.695 ACC=89.773 F1=51.134 Rec=50.492 Prec=52.473
Train Client4 [0/100] LR=0.0005000 loss=0.827 ACC=85.521 F1=53.304 Rec=52.378 Prec=57.360
Train Client5 [0/100] LR=0.0005000 loss=0.425 ACC=94.051 F1=35.986 Rec=35.889 Prec=36.084
Train Client6 [0/100] LR=0.0005000 loss=0.725 ACC=88.068 F1=58.283 Rec=58.139 Prec=58.699
Train Client7 [0/100] LR=0.0005000 loss=0.256 ACC=96.630 F1=46.141 Rec=45.074 Prec=47.820

Val    [0/100] LR=0.0005000 loss=5.268 ACC=20.311 F1=6.753 Rec=20.000 Prec=4.062

Test-  OSR [0/100] LR=0.0005000 ACC=13.739 F1=4.026 Rec=16.667 Prec=2.290 UNK=0.000 OS*=20.000 HOS=0.000 AUROC=64.531 AUPR=47.020 OSCR=18.213
Test-Close [0/100] LR=0.0005000 loss=5.265 ACC=20.302 F1=6.750 Rec=20.000 Prec=4.060
Saving best model . . . . . . . .

Saving model at epoch 0 . . . . . . . .

Train Client0 [1/100] LR=0.0005000 loss=0.481 ACC=91.329 F1=68.058 Rec=66.134 Prec=71.540
Train Client1 [1/100] LR=0.0005000 loss=0.446 ACC=92.888 F1=53.068 Rec=52.038 Prec=56.004
Train Client2 [1/100] LR=0.0005000 loss=0.789 ACC=86.144 F1=62.960 Rec=63.505 Prec=62.435
Train Client3 [1/100] LR=0.0005000 loss=0.518 ACC=92.045 F1=49.746 Rec=48.421 Prec=52.232
Train Client4 [1/100] LR=0.0005000 loss=0.688 ACC=86.979 F1=54.423 Rec=54.042 Prec=55.921
Train Client5 [1/100] LR=0.0005000 loss=0.312 ACC=94.654 F1=35.984 Rec=36.385 Prec=35.613
Train Client6 [1/100] LR=0.0005000 loss=0.598 ACC=89.336 F1=59.112 Rec=58.490 Prec=60.334
Train Client7 [1/100] LR=0.0005000 loss=0.199 ACC=98.069 F1=41.566 Rec=41.124 Prec=43.027

Val    [1/100] LR=0.0005000 loss=4.469 ACC=20.311 F1=6.753 Rec=20.000 Prec=4.062

Train Client0 [2/100] LR=0.0005000 loss=0.431 ACC=90.919 F1=51.001 Rec=49.562 Prec=53.976
Train Client1 [2/100] LR=0.0005000 loss=0.416 ACC=94.181 F1=56.619 Rec=54.388 Prec=60.135
Train Client2 [2/100] LR=0.0005000 loss=0.798 ACC=87.382 F1=66.997 Rec=66.191 Prec=71.256
Train Client3 [2/100] LR=0.0005000 loss=0.465 ACC=92.045 F1=45.102 Rec=43.936 Prec=48.044
Train Client4 [2/100] LR=0.0005000 loss=0.626 ACC=88.854 F1=62.827 Rec=61.848 Prec=64.928
Train Client5 [2/100] LR=0.0005000 loss=0.353 ACC=95.256 F1=36.307 Rec=36.821 Prec=35.828
Train Client6 [2/100] LR=0.0005000 loss=0.559 ACC=89.030 F1=63.243 Rec=61.730 Prec=70.680
Train Client7 [2/100] LR=0.0005000 loss=0.243 ACC=98.135 F1=42.444 Rec=41.772 Prec=44.404

Val    [2/100] LR=0.0005000 loss=3.332 ACC=34.399 F1=21.198 Rec=30.449 Prec=23.831

Test-  OSR [2/100] LR=0.0005000 ACC=23.443 F1=15.593 Rec=25.534 Prec=17.562 UNK=0.000 OS*=30.641 HOS=0.000 AUROC=59.066 AUPR=36.170 OSCR=23.831
Test-Close [2/100] LR=0.0005000 loss=3.334 ACC=34.644 F1=21.399 Rec=30.641 Prec=23.965
Saving best model . . . . . . . .

Train Client0 [3/100] LR=0.0005000 loss=0.426 ACC=92.642 F1=55.970 Rec=54.947 Prec=57.432
Train Client1 [3/100] LR=0.0005000 loss=0.606 ACC=91.810 F1=51.417 Rec=50.184 Prec=54.578
Train Client2 [3/100] LR=0.0005000 loss=0.625 ACC=88.738 F1=65.643 Rec=65.782 Prec=65.608
Train Client3 [3/100] LR=0.0005000 loss=0.736 ACC=91.919 F1=46.565 Rec=46.036 Prec=47.361
Train Client4 [3/100] LR=0.0005000 loss=0.588 ACC=88.854 F1=58.048 Rec=57.904 Prec=59.501
Train Client5 [3/100] LR=0.0005000 loss=0.269 ACC=95.030 F1=36.300 Rec=36.754 Prec=35.876
Train Client6 [3/100] LR=0.0005000 loss=0.556 ACC=89.205 F1=59.837 Rec=59.573 Prec=60.225
Train Client7 [3/100] LR=0.0005000 loss=0.164 ACC=98.364 F1=43.653 Rec=42.519 Prec=47.457

Val    [3/100] LR=0.0005000 loss=2.744 ACC=47.105 F1=26.191 Rec=40.067 Prec=38.858

Test-  OSR [3/100] LR=0.0005000 ACC=31.833 F1=16.585 Rec=33.361 Prec=27.198 UNK=0.000 OS*=40.033 HOS=0.000 AUROC=79.380 AUPR=56.405 OSCR=45.106
Test-Close [3/100] LR=0.0005000 loss=2.750 ACC=47.041 F1=26.150 Rec=40.033 Prec=38.844
Saving best model . . . . . . . .

Train Client0 [4/100] LR=0.0005000 loss=0.395 ACC=92.123 F1=56.755 Rec=56.059 Prec=57.641
Train Client1 [4/100] LR=0.0005000 loss=0.359 ACC=94.612 F1=60.872 Rec=59.382 Prec=63.407
Train Client2 [4/100] LR=0.0005000 loss=0.567 ACC=89.682 F1=68.539 Rec=68.482 Prec=69.225
Train Client3 [4/100] LR=0.0005000 loss=0.402 ACC=93.939 F1=52.834 Rec=51.654 Prec=54.370
Train Client4 [4/100] LR=0.0005000 loss=0.617 ACC=88.368 F1=61.321 Rec=60.293 Prec=64.052
Train Client5 [4/100] LR=0.0005000 loss=0.209 ACC=96.762 F1=41.282 Rec=43.642 Prec=39.832
Train Client6 [4/100] LR=0.0005000 loss=0.487 ACC=89.860 F1=60.473 Rec=60.204 Prec=60.797
Train Client7 [4/100] LR=0.0005000 loss=0.204 ACC=98.037 F1=45.171 Rec=44.344 Prec=46.467

Val    [4/100] LR=0.0005000 loss=2.532 ACC=57.131 F1=37.626 Rec=46.839 Prec=38.538

Test-  OSR [4/100] LR=0.0005000 ACC=39.608 F1=26.708 Rec=39.919 Prec=40.323 UNK=0.000 OS*=47.902 HOS=0.000 AUROC=73.952 AUPR=50.588 OSCR=49.322
Test-Close [4/100] LR=0.0005000 loss=2.537 ACC=58.531 F1=39.105 Rec=47.902 Prec=59.109
Saving best model . . . . . . . .

Train Client0 [5/100] LR=0.0005000 loss=0.384 ACC=92.341 F1=55.348 Rec=54.869 Prec=55.920
Train Client1 [5/100] LR=0.0005000 loss=0.302 ACC=93.966 F1=60.528 Rec=60.410 Prec=60.804
Train Client2 [5/100] LR=0.0005000 loss=0.577 ACC=89.858 F1=69.694 Rec=69.689 Prec=70.557
Train Client3 [5/100] LR=0.0005000 loss=0.427 ACC=94.823 F1=51.964 Rec=51.010 Prec=53.189
Train Client4 [5/100] LR=0.0005000 loss=0.567 ACC=90.278 F1=64.556 Rec=63.541 Prec=66.338
Train Client5 [5/100] LR=0.0005000 loss=0.183 ACC=97.515 F1=38.491 Rec=38.835 Prec=38.165
Train Client6 [5/100] LR=0.0005000 loss=0.612 ACC=90.778 F1=62.204 Rec=61.568 Prec=63.196
Train Client7 [5/100] LR=0.0005000 loss=0.241 ACC=97.873 F1=43.780 Rec=42.970 Prec=45.296

Val    [5/100] LR=0.0005000 loss=2.643 ACC=56.958 F1=38.571 Rec=45.967 Prec=41.186

Test-  OSR [5/100] LR=0.0005000 ACC=38.644 F1=27.901 Rec=38.431 Prec=29.400 UNK=0.000 OS*=46.117 HOS=0.000 AUROC=56.300 AUPR=32.714 OSCR=35.908
Test-Close [5/100] LR=0.0005000 loss=2.645 ACC=57.106 F1=38.854 Rec=46.117 Prec=40.976
Saving best model . . . . . . . .

Saving model at epoch 5 . . . . . . . .

Train Client0 [6/100] LR=0.0005000 loss=0.379 ACC=92.943 F1=58.101 Rec=57.456 Prec=58.861
Train Client1 [6/100] LR=0.0005000 loss=0.429 ACC=93.750 F1=59.304 Rec=57.910 Prec=61.095
Train Client2 [6/100] LR=0.0005000 loss=0.532 ACC=91.038 F1=69.826 Rec=70.352 Prec=69.346
Train Client3 [6/100] LR=0.0005000 loss=0.374 ACC=93.813 F1=53.132 Rec=53.032 Prec=53.268
Train Client4 [6/100] LR=0.0005000 loss=0.502 ACC=91.319 F1=73.236 Rec=72.519 Prec=74.493
Train Client5 [6/100] LR=0.0005000 loss=0.208 ACC=97.741 F1=38.244 Rec=38.585 Prec=37.917
Train Client6 [6/100] LR=0.0005000 loss=0.473 ACC=92.133 F1=75.554 Rec=73.475 Prec=79.436
Train Client7 [6/100] LR=0.0005000 loss=0.241 ACC=98.004 F1=41.597 Rec=41.064 Prec=43.808

Val    [6/100] LR=0.0005000 loss=2.271 ACC=79.948 F1=71.044 Rec=70.630 Prec=88.527

Test-  OSR [6/100] LR=0.0005000 ACC=52.938 F1=49.443 Rec=57.187 Prec=53.662 UNK=0.000 OS*=68.625 HOS=0.000 AUROC=79.835 AUPR=52.355 OSCR=69.459
Test-Close [6/100] LR=0.0005000 loss=2.278 ACC=78.229 F1=68.952 Rec=68.625 Prec=85.219
Saving best model . . . . . . . .

Train Client0 [7/100] LR=0.0005000 loss=0.260 ACC=94.721 F1=62.535 Rec=62.119 Prec=63.063
Train Client1 [7/100] LR=0.0005000 loss=0.324 ACC=95.043 F1=65.512 Rec=63.595 Prec=67.955
Train Client2 [7/100] LR=0.0005000 loss=0.445 ACC=92.217 F1=72.143 Rec=72.065 Prec=76.395
Train Client3 [7/100] LR=0.0005000 loss=0.526 ACC=95.581 F1=53.052 Rec=52.308 Prec=53.933
Train Client4 [7/100] LR=0.0005000 loss=0.428 ACC=92.083 F1=69.967 Rec=68.343 Prec=73.564
Train Client5 [7/100] LR=0.0005000 loss=0.202 ACC=97.214 F1=38.214 Rec=38.857 Prec=37.631
Train Client6 [7/100] LR=0.0005000 loss=0.477 ACC=94.274 F1=71.888 Rec=70.925 Prec=73.370
Train Client7 [7/100] LR=0.0005000 loss=0.195 ACC=98.266 F1=46.117 Rec=44.438 Prec=50.212

Val    [7/100] LR=0.0005000 loss=2.135 ACC=90.925 F1=90.028 Rec=90.096 Prec=91.627

Test-  OSR [7/100] LR=0.0005000 ACC=61.356 F1=62.442 Rec=74.891 Prec=59.392 UNK=0.000 OS*=89.869 HOS=0.000 AUROC=89.220 AUPR=72.594 OSCR=84.427
Test-Close [7/100] LR=0.0005000 loss=2.142 ACC=90.670 F1=89.674 Rec=89.869 Prec=91.427
Saving best model . . . . . . . .

Train Client0 [8/100] LR=0.0005000 loss=0.266 ACC=95.678 F1=66.517 Rec=66.114 Prec=67.185
Train Client1 [8/100] LR=0.0005000 loss=0.268 ACC=95.690 F1=67.137 Rec=66.303 Prec=68.089
Train Client2 [8/100] LR=0.0005000 loss=0.490 ACC=93.101 F1=78.202 Rec=77.154 Prec=79.954
Train Client3 [8/100] LR=0.0005000 loss=0.414 ACC=95.833 F1=56.488 Rec=55.546 Prec=57.645
Train Client4 [8/100] LR=0.0005000 loss=0.410 ACC=92.882 F1=78.408 Rec=76.857 Prec=80.453
Train Client5 [8/100] LR=0.0005000 loss=0.153 ACC=97.816 F1=45.222 Rec=43.789 Prec=48.328
Train Client6 [8/100] LR=0.0005000 loss=0.367 ACC=94.187 F1=76.279 Rec=75.775 Prec=76.824
Train Client7 [8/100] LR=0.0005000 loss=0.202 ACC=98.691 F1=53.478 Rec=53.105 Prec=53.885

Val    [8/100] LR=0.0005000 loss=1.980 ACC=92.913 F1=91.796 Rec=90.465 Prec=93.952

Test-  OSR [8/100] LR=0.0005000 ACC=62.496 F1=63.200 Rec=75.159 Prec=58.661 UNK=0.000 OS*=90.191 HOS=0.000 AUROC=90.872 AUPR=75.347 OSCR=87.042
Test-Close [8/100] LR=0.0005000 loss=1.988 ACC=92.354 F1=91.228 Rec=90.191 Prec=93.186
Saving best model . . . . . . . .

Train Client0 [9/100] LR=0.0005000 loss=0.231 ACC=95.678 F1=83.440 Rec=83.727 Prec=83.235
Train Client1 [9/100] LR=0.0005000 loss=0.559 ACC=95.474 F1=78.939 Rec=87.724 Prec=75.450
Train Client2 [9/100] LR=0.0005000 loss=0.398 ACC=93.278 F1=71.834 Rec=72.316 Prec=71.386
Train Client3 [9/100] LR=0.0005000 loss=0.339 ACC=95.076 F1=64.146 Rec=62.155 Prec=66.615
Train Client4 [9/100] LR=0.0005000 loss=0.466 ACC=92.292 F1=76.100 Rec=76.536 Prec=75.827
Train Client5 [9/100] LR=0.0005000 loss=0.148 ACC=98.117 F1=43.327 Rec=44.330 Prec=42.463
Train Client6 [9/100] LR=0.0005000 loss=0.302 ACC=94.886 F1=81.729 Rec=81.445 Prec=82.348
Train Client7 [9/100] LR=0.0005000 loss=0.288 ACC=98.233 F1=48.275 Rec=46.385 Prec=51.942

Val    [9/100] LR=0.0005000 loss=2.015 ACC=89.196 F1=88.268 Rec=89.331 Prec=89.485

Train Client0 [10/100] LR=0.0005000 loss=0.182 ACC=96.554 F1=68.569 Rec=68.461 Prec=68.995
Train Client1 [10/100] LR=0.0005000 loss=0.629 ACC=95.474 F1=68.353 Rec=68.385 Prec=68.324
Train Client2 [10/100] LR=0.0005000 loss=0.346 ACC=95.578 F1=77.851 Rec=77.327 Prec=80.061
Train Client3 [10/100] LR=0.0005000 loss=0.282 ACC=96.970 F1=64.531 Rec=63.655 Prec=66.083
Train Client4 [10/100] LR=0.0005000 loss=0.375 ACC=94.236 F1=83.644 Rec=83.517 Prec=83.820
Train Client5 [10/100] LR=0.0005000 loss=0.143 ACC=98.343 F1=45.514 Rec=44.286 Prec=48.430
Train Client6 [10/100] LR=0.0005000 loss=0.242 ACC=95.717 F1=84.034 Rec=83.588 Prec=85.344
Train Client7 [10/100] LR=0.0005000 loss=0.216 ACC=98.233 F1=49.152 Rec=47.690 Prec=51.415

Val    [10/100] LR=0.0005000 loss=1.869 ACC=95.246 F1=94.220 Rec=94.452 Prec=94.619

Test-  OSR [10/100] LR=0.0005000 ACC=64.163 F1=65.168 Rec=78.378 Prec=60.884 UNK=0.000 OS*=94.054 HOS=0.000 AUROC=92.192 AUPR=77.271 OSCR=89.791
Test-Close [10/100] LR=0.0005000 loss=1.877 ACC=94.816 F1=93.743 Rec=94.054 Prec=94.244
Saving best model . . . . . . . .

Saving model at epoch 10 . . . . . . . .

Train Client0 [11/100] LR=0.0005000 loss=0.171 ACC=97.073 F1=69.064 Rec=68.857 Prec=69.422
Train Client1 [11/100] LR=0.0005000 loss=0.260 ACC=95.905 F1=76.065 Rec=77.363 Prec=75.540
Train Client2 [11/100] LR=0.0005000 loss=0.343 ACC=94.634 F1=77.536 Rec=77.221 Prec=78.022
Train Client3 [11/100] LR=0.0005000 loss=0.219 ACC=97.096 F1=62.434 Rec=62.217 Prec=62.656
Train Client4 [11/100] LR=0.0005000 loss=0.296 ACC=94.722 F1=82.595 Rec=83.124 Prec=82.123
Train Client5 [11/100] LR=0.0005000 loss=0.127 ACC=97.892 F1=47.691 Rec=50.740 Prec=45.879
Train Client6 [11/100] LR=0.0005000 loss=0.229 ACC=96.023 F1=84.738 Rec=85.201 Prec=84.309
Train Client7 [11/100] LR=0.0005000 loss=0.125 ACC=98.822 F1=55.183 Rec=54.464 Prec=55.988

Val    [11/100] LR=0.0005000 loss=1.826 ACC=95.678 F1=93.974 Rec=94.601 Prec=94.330

Train Client0 [12/100] LR=0.0005000 loss=0.162 ACC=96.937 F1=68.407 Rec=69.223 Prec=67.665
Train Client1 [12/100] LR=0.0005000 loss=0.367 ACC=97.198 F1=70.441 Rec=70.746 Prec=70.147
Train Client2 [12/100] LR=0.0005000 loss=0.613 ACC=94.517 F1=81.552 Rec=80.976 Prec=82.250
Train Client3 [12/100] LR=0.0005000 loss=0.195 ACC=97.096 F1=63.865 Rec=62.761 Prec=65.643
Train Client4 [12/100] LR=0.0005000 loss=0.286 ACC=95.347 F1=82.862 Rec=82.346 Prec=83.468
Train Client5 [12/100] LR=0.0005000 loss=0.177 ACC=97.967 F1=38.723 Rec=39.029 Prec=38.432
Train Client6 [12/100] LR=0.0005000 loss=0.316 ACC=96.416 F1=86.473 Rec=85.889 Prec=87.122
Train Client7 [12/100] LR=0.0005000 loss=0.107 ACC=98.495 F1=50.926 Rec=50.411 Prec=51.503

Val    [12/100] LR=0.0005000 loss=1.918 ACC=93.258 F1=91.948 Rec=93.446 Prec=92.348

Train Client0 [13/100] LR=0.0005000 loss=0.294 ACC=96.608 F1=70.610 Rec=70.856 Prec=70.371
Train Client1 [13/100] LR=0.0005000 loss=0.227 ACC=97.198 F1=84.569 Rec=81.040 Prec=91.902
Train Client2 [13/100] LR=0.0005000 loss=0.312 ACC=94.811 F1=80.419 Rec=80.868 Prec=80.004
Train Client3 [13/100] LR=0.0005000 loss=0.208 ACC=97.096 F1=70.673 Rec=70.766 Prec=70.580
Train Client4 [13/100] LR=0.0005000 loss=0.238 ACC=96.042 F1=85.192 Rec=85.454 Prec=84.943
Train Client5 [13/100] LR=0.0005000 loss=0.082 ACC=98.720 F1=55.020 Rec=56.099 Prec=54.182
Train Client6 [13/100] LR=0.0005000 loss=0.283 ACC=95.323 F1=85.217 Rec=85.737 Prec=84.756
Train Client7 [13/100] LR=0.0005000 loss=0.147 ACC=98.953 F1=71.605 Rec=67.603 Prec=79.018

Val    [13/100] LR=0.0005000 loss=1.912 ACC=95.765 F1=94.461 Rec=95.352 Prec=94.366

Test-  OSR [13/100] LR=0.0005000 ACC=64.426 F1=67.418 Rec=79.044 Prec=65.095 UNK=0.000 OS*=94.853 HOS=0.000 AUROC=80.440 AUPR=54.498 OSCR=79.177
Test-Close [13/100] LR=0.0005000 loss=1.921 ACC=95.205 F1=93.825 Rec=94.853 Prec=93.841
Saving best model . . . . . . . .

Train Client0 [14/100] LR=0.0005000 loss=0.131 ACC=97.894 F1=91.236 Rec=91.389 Prec=91.086
Train Client1 [14/100] LR=0.0005000 loss=0.169 ACC=97.629 F1=88.989 Rec=94.474 Prec=85.003
Train Client2 [14/100] LR=0.0005000 loss=0.430 ACC=93.986 F1=79.814 Rec=79.508 Prec=80.180
Train Client3 [14/100] LR=0.0005000 loss=0.281 ACC=97.096 F1=68.914 Rec=68.404 Prec=69.481
Train Client4 [14/100] LR=0.0005000 loss=0.307 ACC=95.417 F1=85.883 Rec=85.356 Prec=86.648
Train Client5 [14/100] LR=0.0005000 loss=0.134 ACC=98.870 F1=54.425 Rec=56.137 Prec=53.380
Train Client6 [14/100] LR=0.0005000 loss=0.135 ACC=97.552 F1=91.383 Rec=91.451 Prec=91.317
Train Client7 [14/100] LR=0.0005000 loss=0.268 ACC=98.920 F1=69.316 Rec=69.299 Prec=70.477

Val    [14/100] LR=0.0005000 loss=1.740 ACC=97.234 F1=96.289 Rec=96.775 Prec=96.145

Test-  OSR [14/100] LR=0.0005000 ACC=65.390 F1=66.464 Rec=79.917 Prec=61.781 UNK=0.000 OS*=95.901 HOS=0.000 AUROC=92.550 AUPR=79.398 OSCR=91.271
Test-Close [14/100] LR=0.0005000 loss=1.755 ACC=96.631 F1=95.592 Rec=95.901 Prec=95.683
Saving best model . . . . . . . .

Train Client0 [15/100] LR=0.0005000 loss=0.148 ACC=97.402 F1=70.807 Rec=70.986 Prec=70.764
Train Client1 [15/100] LR=0.0005000 loss=0.265 ACC=97.414 F1=83.731 Rec=87.575 Prec=81.425
Train Client2 [15/100] LR=0.0005000 loss=0.260 ACC=95.696 F1=83.362 Rec=83.655 Prec=83.101
Train Client3 [15/100] LR=0.0005000 loss=0.173 ACC=97.222 F1=70.036 Rec=69.633 Prec=70.472
Train Client4 [15/100] LR=0.0005000 loss=0.216 ACC=95.868 F1=88.765 Rec=88.827 Prec=88.747
Train Client5 [15/100] LR=0.0005000 loss=0.111 ACC=98.494 F1=58.129 Rec=57.716 Prec=58.794
Train Client6 [15/100] LR=0.0005000 loss=0.272 ACC=97.159 F1=91.723 Rec=91.306 Prec=92.247
Train Client7 [15/100] LR=0.0005000 loss=0.194 ACC=98.920 F1=75.339 Rec=74.868 Prec=75.844

Val    [15/100] LR=0.0005000 loss=1.735 ACC=97.926 F1=97.229 Rec=97.617 Prec=96.993

Test-  OSR [15/100] LR=0.0005000 ACC=65.887 F1=66.857 Rec=80.617 Prec=61.921 UNK=0.000 OS*=96.741 HOS=0.000 AUROC=91.488 AUPR=78.287 OSCR=90.465
Test-Close [15/100] LR=0.0005000 loss=1.751 ACC=97.365 F1=96.512 Rec=96.741 Prec=96.543
Saving best model . . . . . . . .

Saving model at epoch 15 . . . . . . . .

Train Client0 [16/100] LR=0.0005000 loss=0.131 ACC=97.839 F1=73.467 Rec=73.507 Prec=73.521
Train Client1 [16/100] LR=0.0005000 loss=0.180 ACC=98.276 F1=80.803 Rec=82.441 Prec=79.846
Train Client2 [16/100] LR=0.0005000 loss=0.250 ACC=96.050 F1=83.786 Rec=84.055 Prec=83.532
Train Client3 [16/100] LR=0.0005000 loss=0.216 ACC=97.475 F1=71.999 Rec=70.814 Prec=73.421
Train Client4 [16/100] LR=0.0005000 loss=0.318 ACC=94.306 F1=83.724 Rec=83.985 Prec=83.625
Train Client5 [16/100] LR=0.0005000 loss=0.069 ACC=99.021 F1=72.529 Rec=77.801 Prec=69.305
Train Client6 [16/100] LR=0.0005000 loss=0.154 ACC=98.033 F1=94.902 Rec=94.641 Prec=95.292
Train Client7 [16/100] LR=0.0005000 loss=0.176 ACC=98.953 F1=74.756 Rec=75.286 Prec=74.800

Val    [16/100] LR=0.0005000 loss=1.759 ACC=93.950 F1=92.840 Rec=93.495 Prec=93.368

Train Client0 [17/100] LR=0.0005000 loss=0.179 ACC=97.839 F1=91.587 Rec=91.482 Prec=91.705
Train Client1 [17/100] LR=0.0005000 loss=0.103 ACC=98.276 F1=90.551 Rec=94.784 Prec=87.664
Train Client2 [17/100] LR=0.0005000 loss=0.348 ACC=95.991 F1=87.099 Rec=86.778 Prec=87.439
Train Client3 [17/100] LR=0.0005000 loss=0.213 ACC=97.475 F1=66.004 Rec=66.178 Prec=65.836
Train Client4 [17/100] LR=0.0005000 loss=0.238 ACC=96.424 F1=91.456 Rec=92.352 Prec=90.674
Train Client5 [17/100] LR=0.0005000 loss=0.077 ACC=99.096 F1=62.997 Rec=66.154 Prec=60.523
Train Client6 [17/100] LR=0.0005000 loss=0.236 ACC=97.596 F1=91.548 Rec=92.330 Prec=90.835
Train Client7 [17/100] LR=0.0005000 loss=0.078 ACC=99.149 F1=70.582 Rec=71.686 Prec=69.960

Val    [17/100] LR=0.0005000 loss=1.676 ACC=96.889 F1=95.712 Rec=96.245 Prec=95.702

Train Client0 [18/100] LR=0.0005000 loss=0.117 ACC=98.031 F1=73.309 Rec=73.738 Prec=72.907
Train Client1 [18/100] LR=0.0005000 loss=0.571 ACC=96.767 F1=89.039 Rec=88.333 Prec=89.856
Train Client2 [18/100] LR=0.0005000 loss=0.286 ACC=95.755 F1=85.693 Rec=86.254 Prec=85.186
Train Client3 [18/100] LR=0.0005000 loss=0.293 ACC=95.960 F1=63.909 Rec=63.291 Prec=64.623
Train Client4 [18/100] LR=0.0005000 loss=0.229 ACC=96.250 F1=88.753 Rec=89.611 Prec=87.941
Train Client5 [18/100] LR=0.0005000 loss=0.072 ACC=99.322 F1=74.488 Rec=78.134 Prec=71.653
Train Client6 [18/100] LR=0.0005000 loss=0.136 ACC=98.077 F1=93.954 Rec=94.419 Prec=93.529
Train Client7 [18/100] LR=0.0005000 loss=0.121 ACC=99.247 F1=79.102 Rec=77.616 Prec=84.328

Val    [18/100] LR=0.0005000 loss=1.689 ACC=97.666 F1=96.982 Rec=97.268 Prec=96.909

Train Client0 [19/100] LR=0.0005000 loss=0.124 ACC=98.167 F1=74.328 Rec=74.376 Prec=74.319
Train Client1 [19/100] LR=0.0005000 loss=0.224 ACC=96.983 F1=70.336 Rec=68.913 Prec=72.367
Train Client2 [19/100] LR=0.0005000 loss=0.347 ACC=95.873 F1=85.697 Rec=85.252 Prec=86.224
Train Client3 [19/100] LR=0.0005000 loss=0.215 ACC=97.601 F1=75.051 Rec=75.051 Prec=75.051
Train Client4 [19/100] LR=0.0005000 loss=0.255 ACC=96.597 F1=90.127 Rec=91.188 Prec=89.174
Train Client5 [19/100] LR=0.0005000 loss=0.097 ACC=98.870 F1=74.120 Rec=89.304 Prec=70.010
Train Client6 [19/100] LR=0.0005000 loss=0.251 ACC=97.990 F1=96.165 Rec=96.626 Prec=95.736
Train Client7 [19/100] LR=0.0005000 loss=0.067 ACC=99.280 F1=81.604 Rec=80.741 Prec=83.034

Val    [19/100] LR=0.0005000 loss=1.650 ACC=97.666 F1=97.207 Rec=97.195 Prec=97.385

Train Client0 [20/100] LR=0.0005000 loss=0.137 ACC=98.304 F1=91.693 Rec=91.291 Prec=92.242
Train Client1 [20/100] LR=0.0005000 loss=0.195 ACC=98.060 F1=82.849 Rec=84.694 Prec=81.395
Train Client2 [20/100] LR=0.0005000 loss=0.232 ACC=96.639 F1=87.155 Rec=87.945 Prec=86.504
Train Client3 [20/100] LR=0.0005000 loss=0.260 ACC=96.843 F1=63.984 Rec=65.866 Prec=62.770
Train Client4 [20/100] LR=0.0005000 loss=0.203 ACC=97.083 F1=91.961 Rec=92.396 Prec=91.542
Train Client5 [20/100] LR=0.0005000 loss=0.145 ACC=98.042 F1=55.687 Rec=55.661 Prec=55.713
Train Client6 [20/100] LR=0.0005000 loss=0.233 ACC=98.470 F1=93.788 Rec=95.393 Prec=92.422
Train Client7 [20/100] LR=0.0005000 loss=0.223 ACC=99.084 F1=74.523 Rec=74.521 Prec=74.526

Val    [20/100] LR=0.0005000 loss=1.728 ACC=94.901 F1=93.235 Rec=93.692 Prec=93.913

Saving model at epoch 20 . . . . . . . .

Train Client0 [21/100] LR=0.0005000 loss=0.148 ACC=98.140 F1=74.840 Rec=75.276 Prec=74.414
Train Client1 [21/100] LR=0.0005000 loss=0.134 ACC=97.845 F1=90.831 Rec=95.641 Prec=87.499
Train Client2 [21/100] LR=0.0005000 loss=0.218 ACC=96.285 F1=82.835 Rec=82.371 Prec=83.408
Train Client3 [21/100] LR=0.0005000 loss=0.112 ACC=98.611 F1=68.563 Rec=68.543 Prec=68.584
Train Client4 [21/100] LR=0.0005000 loss=0.206 ACC=96.632 F1=93.333 Rec=93.485 Prec=93.204
Train Client5 [21/100] LR=0.0005000 loss=0.046 ACC=99.021 F1=66.584 Rec=72.989 Prec=64.545
Train Client6 [21/100] LR=0.0005000 loss=0.111 ACC=98.121 F1=91.260 Rec=90.211 Prec=92.595
Train Client7 [21/100] LR=0.0005000 loss=0.131 ACC=99.313 F1=78.557 Rec=71.919 Prec=91.823

Val    [21/100] LR=0.0005000 loss=1.664 ACC=97.753 F1=97.030 Rec=97.510 Prec=96.752

Train Client0 [22/100] LR=0.0005000 loss=0.105 ACC=98.660 F1=94.286 Rec=93.743 Prec=94.866
Train Client1 [22/100] LR=0.0005000 loss=0.466 ACC=98.707 F1=84.468 Rec=84.025 Prec=86.310
Train Client2 [22/100] LR=0.0005000 loss=0.190 ACC=96.993 F1=87.207 Rec=88.437 Prec=86.261
Train Client3 [22/100] LR=0.0005000 loss=0.128 ACC=98.485 F1=71.324 Rec=74.506 Prec=69.256
Train Client4 [22/100] LR=0.0005000 loss=0.288 ACC=96.111 F1=84.583 Rec=84.811 Prec=84.375
Train Client5 [22/100] LR=0.0005000 loss=0.086 ACC=98.946 F1=70.377 Rec=79.360 Prec=64.728
Train Client6 [22/100] LR=0.0005000 loss=0.238 ACC=98.383 F1=95.385 Rec=94.699 Prec=96.169
Train Client7 [22/100] LR=0.0005000 loss=0.148 ACC=98.855 F1=63.344 Rec=63.312 Prec=63.459

Val    [22/100] LR=0.0005000 loss=1.636 ACC=97.494 F1=97.152 Rec=96.898 Prec=97.522

Train Client0 [23/100] LR=0.0005000 loss=0.131 ACC=98.441 F1=92.608 Rec=92.725 Prec=92.515
Train Client1 [23/100] LR=0.0005000 loss=0.091 ACC=98.707 F1=84.119 Rec=85.757 Prec=83.163
Train Client2 [23/100] LR=0.0005000 loss=0.213 ACC=97.406 F1=89.844 Rec=90.806 Prec=89.021
Train Client3 [23/100] LR=0.0005000 loss=0.158 ACC=97.980 F1=69.069 Rec=69.667 Prec=68.641
Train Client4 [23/100] LR=0.0005000 loss=0.330 ACC=96.667 F1=91.324 Rec=91.118 Prec=91.546
Train Client5 [23/100] LR=0.0005000 loss=0.078 ACC=99.247 F1=68.178 Rec=69.708 Prec=67.841
Train Client6 [23/100] LR=0.0005000 loss=0.105 ACC=98.820 F1=96.186 Rec=96.574 Prec=95.818
Train Client7 [23/100] LR=0.0005000 loss=0.226 ACC=99.018 F1=75.039 Rec=74.007 Prec=76.175

Val    [23/100] LR=0.0005000 loss=1.663 ACC=97.580 F1=96.798 Rec=97.170 Prec=96.750

>> New learning Rate: 0.00025
Train Client0 [24/100] LR=0.0002500 loss=0.056 ACC=99.289 F1=76.953 Rec=76.890 Prec=77.018
Train Client1 [24/100] LR=0.0002500 loss=0.093 ACC=98.707 F1=85.345 Rec=88.095 Prec=83.407
Train Client2 [24/100] LR=0.0002500 loss=0.084 ACC=98.821 F1=95.919 Rec=95.595 Prec=96.270
Train Client3 [24/100] LR=0.0002500 loss=0.075 ACC=98.990 F1=88.533 Rec=90.042 Prec=87.215
Train Client4 [24/100] LR=0.0002500 loss=0.089 ACC=98.333 F1=95.654 Rec=96.305 Prec=95.072
Train Client5 [24/100] LR=0.0002500 loss=0.030 ACC=99.473 F1=81.694 Rec=88.151 Prec=79.760
Train Client6 [24/100] LR=0.0002500 loss=0.040 ACC=99.344 F1=98.689 Rec=99.058 Prec=98.340
Train Client7 [24/100] LR=0.0002500 loss=0.161 ACC=99.509 F1=92.304 Rec=96.283 Prec=89.094

Val    [24/100] LR=0.0002500 loss=1.603 ACC=98.617 F1=98.119 Rec=98.302 Prec=98.013

Test-  OSR [24/100] LR=0.0002500 ACC=66.559 F1=67.452 Rec=81.798 Prec=62.167 UNK=0.000 OS*=98.158 HOS=0.000 AUROC=91.535 AUPR=83.108 OSCR=90.868
Test-Close [24/100] LR=0.0002500 loss=1.624 ACC=98.359 F1=97.862 Rec=98.158 Prec=97.671
Saving best model . . . . . . . .

Train Client0 [25/100] LR=0.0002500 loss=0.043 ACC=99.480 F1=97.644 Rec=97.553 Prec=97.753
Train Client1 [25/100] LR=0.0002500 loss=0.054 ACC=99.138 F1=88.998 Rec=88.360 Prec=89.698
Train Client2 [25/100] LR=0.0002500 loss=0.208 ACC=98.585 F1=92.068 Rec=91.393 Prec=92.826
Train Client3 [25/100] LR=0.0002500 loss=0.089 ACC=98.359 F1=85.731 Rec=84.398 Prec=87.300
Train Client4 [25/100] LR=0.0002500 loss=0.108 ACC=98.611 F1=95.800 Rec=96.236 Prec=95.379
Train Client5 [25/100] LR=0.0002500 loss=0.031 ACC=99.398 F1=87.917 Rec=99.766 Prec=80.563
Train Client6 [25/100] LR=0.0002500 loss=0.101 ACC=99.519 F1=99.179 Rec=99.422 Prec=98.948
Train Client7 [25/100] LR=0.0002500 loss=0.046 ACC=99.673 F1=88.775 Rec=91.364 Prec=86.613

Val    [25/100] LR=0.0002500 loss=1.587 ACC=98.617 F1=98.231 Rec=98.359 Prec=98.159

Test-  OSR [25/100] LR=0.0002500 ACC=66.706 F1=67.133 Rec=81.976 Prec=61.211 UNK=0.000 OS*=98.371 HOS=0.000 AUROC=95.440 AUPR=88.565 OSCR=94.781
Test-Close [25/100] LR=0.0002500 loss=1.605 ACC=98.575 F1=98.222 Rec=98.371 Prec=98.138
Saving best model . . . . . . . .

Saving model at epoch 25 . . . . . . . .

Train Client0 [26/100] LR=0.0002500 loss=0.027 ACC=99.617 F1=78.547 Rec=78.592 Prec=78.504
Train Client1 [26/100] LR=0.0002500 loss=0.082 ACC=99.138 F1=87.404 Rec=89.027 Prec=86.463
Train Client2 [26/100] LR=0.0002500 loss=0.097 ACC=98.880 F1=94.572 Rec=94.577 Prec=94.568
Train Client3 [26/100] LR=0.0002500 loss=0.065 ACC=98.864 F1=90.697 Rec=98.085 Prec=86.663
Train Client4 [26/100] LR=0.0002500 loss=0.077 ACC=98.924 F1=96.607 Rec=96.837 Prec=96.391
Train Client5 [26/100] LR=0.0002500 loss=0.036 ACC=99.473 F1=79.887 Rec=84.726 Prec=76.428
Train Client6 [26/100] LR=0.0002500 loss=0.038 ACC=99.388 F1=98.863 Rec=98.941 Prec=98.786
Train Client7 [26/100] LR=0.0002500 loss=0.090 ACC=99.836 F1=98.936 Rec=98.626 Prec=99.257

Val    [26/100] LR=0.0002500 loss=1.590 ACC=98.617 F1=98.241 Rec=98.355 Prec=98.186

Test-  OSR [26/100] LR=0.0002500 ACC=66.618 F1=66.972 Rec=81.953 Prec=61.012 UNK=0.000 OS*=98.343 HOS=0.000 AUROC=93.274 AUPR=84.984 OSCR=92.656
Test-Close [26/100] LR=0.0002500 loss=1.607 ACC=98.445 F1=98.114 Rec=98.343 Prec=97.956
Saving best model . . . . . . . .

Train Client0 [27/100] LR=0.0002500 loss=0.028 ACC=99.644 F1=78.962 Rec=79.205 Prec=78.724
Train Client1 [27/100] LR=0.0002500 loss=0.028 ACC=100.000 F1=100.000 Rec=100.000 Prec=100.000
Train Client2 [27/100] LR=0.0002500 loss=0.176 ACC=98.998 F1=96.197 Rec=97.889 Prec=94.822
Train Client3 [27/100] LR=0.0002500 loss=0.076 ACC=98.232 F1=61.838 Rec=61.800 Prec=61.876
Train Client4 [27/100] LR=0.0002500 loss=0.108 ACC=98.507 F1=95.902 Rec=96.326 Prec=95.508
Train Client5 [27/100] LR=0.0002500 loss=0.041 ACC=99.398 F1=79.686 Rec=84.614 Prec=76.759
Train Client6 [27/100] LR=0.0002500 loss=0.149 ACC=99.257 F1=97.509 Rec=97.103 Prec=98.049
Train Client7 [27/100] LR=0.0002500 loss=0.182 ACC=99.607 F1=93.874 Rec=94.767 Prec=94.020

Val    [27/100] LR=0.0002500 loss=1.585 ACC=98.531 F1=98.171 Rec=98.299 Prec=98.100

Train Client0 [28/100] LR=0.0002500 loss=0.048 ACC=99.508 F1=77.990 Rec=77.803 Prec=78.186
Train Client1 [28/100] LR=0.0002500 loss=0.029 ACC=99.353 F1=93.006 Rec=96.629 Prec=90.731
Train Client2 [28/100] LR=0.0002500 loss=0.364 ACC=98.231 F1=95.544 Rec=95.683 Prec=95.443
Train Client3 [28/100] LR=0.0002500 loss=0.061 ACC=98.864 F1=77.595 Rec=77.952 Prec=77.263
Train Client4 [28/100] LR=0.0002500 loss=0.106 ACC=98.889 F1=96.787 Rec=97.139 Prec=96.455
Train Client5 [28/100] LR=0.0002500 loss=0.011 ACC=99.699 F1=87.393 Rec=93.281 Prec=83.316
Train Client6 [28/100] LR=0.0002500 loss=0.284 ACC=98.864 F1=97.247 Rec=98.275 Prec=96.306
Train Client7 [28/100] LR=0.0002500 loss=0.003 ACC=100.000 F1=100.000 Rec=100.000 Prec=100.000

Val    [28/100] LR=0.0002500 loss=1.585 ACC=98.617 F1=98.265 Rec=98.225 Prec=98.364

Test-  OSR [28/100] LR=0.0002500 ACC=66.501 F1=66.915 Rec=81.613 Prec=60.984 UNK=0.000 OS*=97.935 HOS=0.000 AUROC=93.796 AUPR=86.236 OSCR=93.154
Test-Close [28/100] LR=0.0002500 loss=1.612 ACC=98.272 F1=97.880 Rec=97.935 Prec=97.903
Saving best model . . . . . . . .

Train Client0 [29/100] LR=0.0002500 loss=0.024 ACC=99.672 F1=98.806 Rec=98.713 Prec=98.900
Train Client1 [29/100] LR=0.0002500 loss=0.122 ACC=99.138 F1=92.359 Rec=98.925 Prec=89.128
Train Client2 [29/100] LR=0.0002500 loss=0.311 ACC=98.526 F1=96.802 Rec=97.115 Prec=96.519
Train Client3 [29/100] LR=0.0002500 loss=0.048 ACC=99.116 F1=75.205 Rec=79.492 Prec=72.278
Train Client4 [29/100] LR=0.0002500 loss=0.088 ACC=98.924 F1=97.916 Rec=98.024 Prec=97.810
Train Client5 [29/100] LR=0.0002500 loss=0.048 ACC=99.247 F1=76.344 Rec=88.007 Prec=74.871
Train Client6 [29/100] LR=0.0002500 loss=0.046 ACC=99.607 F1=99.180 Rec=99.160 Prec=99.199
Train Client7 [29/100] LR=0.0002500 loss=0.113 ACC=99.607 F1=86.407 Rec=87.656 Prec=85.262

Val    [29/100] LR=0.0002500 loss=1.570 ACC=99.395 F1=99.295 Rec=99.387 Prec=99.209

Test-  OSR [29/100] LR=0.0002500 ACC=66.793 F1=65.780 Rec=82.164 Prec=58.994 UNK=0.000 OS*=98.597 HOS=0.000 AUROC=95.945 AUPR=88.469 OSCR=95.481
Test-Close [29/100] LR=0.0002500 loss=1.595 ACC=98.704 F1=98.467 Rec=98.597 Prec=98.351
Saving best model . . . . . . . .

Train Client0 [30/100] LR=0.0002500 loss=0.038 ACC=99.617 F1=79.128 Rec=79.367 Prec=78.893
Train Client1 [30/100] LR=0.0002500 loss=0.091 ACC=98.922 F1=84.577 Rec=86.527 Prec=83.295
Train Client2 [30/100] LR=0.0002500 loss=0.060 ACC=99.175 F1=96.974 Rec=97.010 Prec=96.938
Train Client3 [30/100] LR=0.0002500 loss=0.102 ACC=98.737 F1=87.615 Rec=85.188 Prec=91.292
Train Client4 [30/100] LR=0.0002500 loss=0.073 ACC=99.167 F1=97.168 Rec=97.446 Prec=96.901
Train Client5 [30/100] LR=0.0002500 loss=0.026 ACC=99.548 F1=86.179 Rec=99.614 Prec=79.888
Train Client6 [30/100] LR=0.0002500 loss=0.050 ACC=99.650 F1=98.416 Rec=99.310 Prec=97.595
Train Client7 [30/100] LR=0.0002500 loss=0.088 ACC=99.738 F1=95.491 Rec=97.030 Prec=94.085

Val    [30/100] LR=0.0002500 loss=1.583 ACC=99.309 F1=99.204 Rec=99.193 Prec=99.222

Saving model at epoch 30 . . . . . . . .

Train Client0 [31/100] LR=0.0002500 loss=0.041 ACC=99.672 F1=98.482 Rec=98.575 Prec=98.391
Train Client1 [31/100] LR=0.0002500 loss=0.647 ACC=98.707 F1=91.822 Rec=98.053 Prec=88.945
Train Client2 [31/100] LR=0.0002500 loss=0.206 ACC=98.821 F1=93.709 Rec=93.608 Prec=93.812
Train Client3 [31/100] LR=0.0002500 loss=0.099 ACC=99.116 F1=75.634 Rec=75.368 Prec=75.908
Train Client4 [31/100] LR=0.0002500 loss=0.080 ACC=99.132 F1=97.538 Rec=97.729 Prec=97.364
Train Client5 [31/100] LR=0.0002500 loss=0.016 ACC=99.398 F1=77.503 Rec=89.691 Prec=70.316
Train Client6 [31/100] LR=0.0002500 loss=0.134 ACC=99.607 F1=98.568 Rec=97.776 Prec=99.448
Train Client7 [31/100] LR=0.0002500 loss=0.144 ACC=99.346 F1=88.750 Rec=89.589 Prec=88.754

Val    [31/100] LR=0.0002500 loss=1.581 ACC=99.049 F1=98.695 Rec=98.943 Prec=98.483

Train Client0 [32/100] LR=0.0002500 loss=0.066 ACC=99.371 F1=78.650 Rec=78.888 Prec=78.419
Train Client1 [32/100] LR=0.0002500 loss=0.055 ACC=98.707 F1=91.707 Rec=95.657 Prec=89.091
Train Client2 [32/100] LR=0.0002500 loss=0.187 ACC=98.703 F1=95.334 Rec=94.399 Prec=96.374
Train Client3 [32/100] LR=0.0002500 loss=0.048 ACC=99.369 F1=95.235 Rec=98.970 Prec=92.402
Train Client4 [32/100] LR=0.0002500 loss=0.189 ACC=98.889 F1=97.008 Rec=97.402 Prec=96.633
Train Client5 [32/100] LR=0.0002500 loss=0.026 ACC=99.699 F1=88.014 Rec=94.853 Prec=83.222
Train Client6 [32/100] LR=0.0002500 loss=0.052 ACC=99.607 F1=99.129 Rec=99.200 Prec=99.060
Train Client7 [32/100] LR=0.0002500 loss=0.082 ACC=99.804 F1=96.772 Rec=99.919 Prec=94.156

Val    [32/100] LR=0.0002500 loss=1.600 ACC=98.271 F1=97.729 Rec=97.687 Prec=97.927

Train Client0 [33/100] LR=0.0002500 loss=0.045 ACC=99.590 F1=98.765 Rec=98.851 Prec=98.679
Train Client1 [33/100] LR=0.0002500 loss=0.566 ACC=98.922 F1=92.272 Rec=98.823 Prec=89.060
Train Client2 [33/100] LR=0.0002500 loss=0.054 ACC=99.292 F1=96.849 Rec=98.135 Prec=95.753
Train Client3 [33/100] LR=0.0002500 loss=0.127 ACC=98.864 F1=91.724 Rec=98.034 Prec=87.926
Train Client4 [33/100] LR=0.0002500 loss=0.068 ACC=99.097 F1=97.811 Rec=98.128 Prec=97.505
Train Client5 [33/100] LR=0.0002500 loss=0.038 ACC=99.473 F1=87.823 Rec=94.801 Prec=82.896
Train Client6 [33/100] LR=0.0002500 loss=0.021 ACC=99.781 F1=99.585 Rec=99.605 Prec=99.565
Train Client7 [33/100] LR=0.0002500 loss=0.231 ACC=99.411 F1=92.003 Rec=97.549 Prec=87.927

Val    [33/100] LR=0.0002500 loss=1.578 ACC=98.790 F1=98.488 Rec=98.353 Prec=98.669

Train Client0 [34/100] LR=0.0002500 loss=0.019 ACC=99.726 F1=79.429 Rec=79.323 Prec=79.538
Train Client1 [34/100] LR=0.0002500 loss=0.094 ACC=98.922 F1=93.241 Rec=96.392 Prec=91.606
Train Client2 [34/100] LR=0.0002500 loss=0.058 ACC=99.175 F1=96.278 Rec=97.095 Prec=95.547
Train Client3 [34/100] LR=0.0002500 loss=0.861 ACC=97.601 F1=69.228 Rec=75.271 Prec=66.104
Train Client4 [34/100] LR=0.0002500 loss=0.072 ACC=99.271 F1=97.835 Rec=97.947 Prec=97.749
Train Client5 [34/100] LR=0.0002500 loss=0.009 ACC=99.699 F1=92.687 Rec=99.930 Prec=87.890
Train Client6 [34/100] LR=0.0002500 loss=0.138 ACC=99.344 F1=97.211 Rec=97.123 Prec=97.300
Train Client7 [34/100] LR=0.0002500 loss=0.091 ACC=99.771 F1=94.579 Rec=91.404 Prec=98.600

Val    [34/100] LR=0.0002500 loss=1.581 ACC=98.963 F1=98.636 Rec=98.650 Prec=98.681

Train Client0 [35/100] LR=0.0002500 loss=0.021 ACC=99.809 F1=99.161 Rec=99.337 Prec=98.988
Train Client1 [35/100] LR=0.0002500 loss=0.434 ACC=98.922 F1=93.398 Rec=98.154 Prec=90.122
Train Client2 [35/100] LR=0.0002500 loss=0.084 ACC=99.116 F1=96.072 Rec=96.975 Prec=95.259
Train Client3 [35/100] LR=0.0002500 loss=0.169 ACC=98.864 F1=72.675 Rec=74.739 Prec=71.212
Train Client4 [35/100] LR=0.0002500 loss=0.037 ACC=99.444 F1=98.523 Rec=99.072 Prec=97.992
Train Client5 [35/100] LR=0.0002500 loss=0.042 ACC=99.322 F1=80.044 Rec=89.691 Prec=75.761
Train Client6 [35/100] LR=0.0002500 loss=0.210 ACC=99.257 F1=98.006 Rec=98.869 Prec=97.218
Train Client7 [35/100] LR=0.0002500 loss=0.086 ACC=99.607 F1=90.684 Rec=90.683 Prec=90.684

Val    [35/100] LR=0.0002500 loss=1.587 ACC=99.136 F1=98.964 Rec=99.198 Prec=98.745

Saving model at epoch 35 . . . . . . . .

Train Client0 [36/100] LR=0.0002500 loss=0.026 ACC=99.726 F1=79.350 Rec=79.240 Prec=79.462
Train Client1 [36/100] LR=0.0002500 loss=0.030 ACC=99.353 F1=94.123 Rec=96.629 Prec=93.131
Train Client2 [36/100] LR=0.0002500 loss=0.158 ACC=98.585 F1=94.613 Rec=95.163 Prec=94.149
Train Client3 [36/100] LR=0.0002500 loss=0.052 ACC=99.369 F1=94.129 Rec=99.514 Prec=90.447
Train Client4 [36/100] LR=0.0002500 loss=0.051 ACC=99.410 F1=98.382 Rec=98.644 Prec=98.134
Train Client5 [36/100] LR=0.0002500 loss=0.025 ACC=99.774 F1=93.167 Rec=94.779 Prec=91.889
Train Client6 [36/100] LR=0.0002500 loss=0.135 ACC=99.432 F1=99.118 Rec=99.211 Prec=99.026
Train Client7 [36/100] LR=0.0002500 loss=0.074 ACC=99.738 F1=93.539 Rec=94.906 Prec=92.289

Val    [36/100] LR=0.0002500 loss=1.584 ACC=98.790 F1=98.594 Rec=98.686 Prec=98.524

Train Client0 [37/100] LR=0.0002500 loss=0.037 ACC=99.699 F1=98.313 Rec=98.360 Prec=98.267
Train Client1 [37/100] LR=0.0002500 loss=0.510 ACC=98.707 F1=87.719 Rec=88.821 Prec=86.754
Train Client2 [37/100] LR=0.0002500 loss=0.177 ACC=99.057 F1=96.986 Rec=97.769 Prec=96.296
Train Client3 [37/100] LR=0.0002500 loss=0.768 ACC=98.485 F1=75.606 Rec=78.631 Prec=73.334
Train Client4 [37/100] LR=0.0002500 loss=0.065 ACC=99.271 F1=98.200 Rec=98.628 Prec=97.786
Train Client5 [37/100] LR=0.0002500 loss=0.013 ACC=99.774 F1=87.070 Rec=99.854 Prec=81.667
Train Client6 [37/100] LR=0.0002500 loss=0.121 ACC=99.213 F1=97.789 Rec=98.723 Prec=96.934
Train Client7 [37/100] LR=0.0002500 loss=0.132 ACC=99.673 F1=94.445 Rec=96.350 Prec=92.995

Val    [37/100] LR=0.0002500 loss=1.606 ACC=98.012 F1=97.619 Rec=97.694 Prec=97.678

Train Client0 [38/100] LR=0.0002500 loss=0.035 ACC=99.754 F1=79.412 Rec=79.336 Prec=79.491
Train Client1 [38/100] LR=0.0002500 loss=0.146 ACC=98.922 F1=90.046 Rec=98.154 Prec=87.096
Train Client2 [38/100] LR=0.0002500 loss=0.029 ACC=99.587 F1=99.391 Rec=99.395 Prec=99.388
Train Client3 [38/100] LR=0.0002500 loss=0.074 ACC=99.242 F1=74.623 Rec=75.828 Prec=73.602
Train Client4 [38/100] LR=0.0002500 loss=0.049 ACC=99.549 F1=98.593 Rec=99.125 Prec=98.079
Train Client5 [38/100] LR=0.0002500 loss=0.027 ACC=99.398 F1=78.408 Rec=88.135 Prec=75.872
Train Client6 [38/100] LR=0.0002500 loss=0.010 ACC=99.869 F1=99.762 Rec=99.843 Prec=99.683
Train Client7 [38/100] LR=0.0002500 loss=0.141 ACC=99.378 F1=88.265 Rec=97.535 Prec=82.369

Val    [38/100] LR=0.0002500 loss=1.581 ACC=98.617 F1=98.302 Rec=98.359 Prec=98.289

Train Client0 [39/100] LR=0.0002500 loss=0.024 ACC=99.644 F1=78.607 Rec=78.497 Prec=78.720
Train Client1 [39/100] LR=0.0002500 loss=0.129 ACC=99.353 F1=95.077 Rec=99.027 Prec=92.462
Train Client2 [39/100] LR=0.0002500 loss=0.061 ACC=99.175 F1=95.221 Rec=95.980 Prec=94.543
Train Client3 [39/100] LR=0.0002500 loss=0.061 ACC=98.990 F1=91.304 Rec=98.678 Prec=87.287
Train Client4 [39/100] LR=0.0002500 loss=0.094 ACC=99.201 F1=96.718 Rec=97.081 Prec=96.375
Train Client5 [39/100] LR=0.0002500 loss=0.027 ACC=99.623 F1=90.284 Rec=94.836 Prec=89.779
Train Client6 [39/100] LR=0.0002500 loss=0.040 ACC=99.519 F1=98.098 Rec=99.153 Prec=97.120
Train Client7 [39/100] LR=0.0002500 loss=0.188 ACC=99.247 F1=91.088 Rec=94.703 Prec=88.517

Val    [39/100] LR=0.0002500 loss=1.597 ACC=98.271 F1=97.850 Rec=98.034 Prec=97.757

Train Client0 [40/100] LR=0.0002500 loss=0.025 ACC=99.726 F1=79.347 Rec=79.508 Prec=79.189
Train Client1 [40/100] LR=0.0002500 loss=0.048 ACC=99.569 F1=93.231 Rec=99.796 Prec=90.000
Train Client2 [40/100] LR=0.0002500 loss=0.178 ACC=98.998 F1=95.830 Rec=95.784 Prec=95.878
Train Client3 [40/100] LR=0.0002500 loss=0.115 ACC=98.737 F1=85.698 Rec=85.186 Prec=86.243
Train Client4 [40/100] LR=0.0002500 loss=0.099 ACC=98.993 F1=97.490 Rec=97.859 Prec=97.134
Train Client5 [40/100] LR=0.0002500 loss=0.030 ACC=99.548 F1=84.139 Rec=94.724 Prec=78.221
Train Client6 [40/100] LR=0.0002500 loss=0.127 ACC=99.563 F1=98.506 Rec=99.306 Prec=97.778
Train Client7 [40/100] LR=0.0002500 loss=0.251 ACC=98.953 F1=93.751 Rec=98.915 Prec=90.070

Val    [40/100] LR=0.0002500 loss=1.586 ACC=98.704 F1=98.318 Rec=98.557 Prec=98.134

Saving model at epoch 40 . . . . . . . .

Train Client0 [41/100] LR=0.0002500 loss=0.061 ACC=99.508 F1=78.544 Rec=78.682 Prec=78.411
Train Client1 [41/100] LR=0.0002500 loss=0.095 ACC=99.569 F1=95.506 Rec=99.129 Prec=93.231
Train Client2 [41/100] LR=0.0002500 loss=0.095 ACC=98.939 F1=96.828 Rec=96.710 Prec=96.949
Train Client3 [41/100] LR=0.0002500 loss=0.105 ACC=98.232 F1=81.903 Rec=85.873 Prec=79.644
Train Client4 [41/100] LR=0.0002500 loss=0.050 ACC=99.375 F1=97.419 Rec=97.711 Prec=97.141
Train Client5 [41/100] LR=0.0002500 loss=0.039 ACC=99.623 F1=86.292 Rec=94.744 Prec=80.222
Train Client6 [41/100] LR=0.0002500 loss=0.055 ACC=99.432 F1=97.014 Rec=96.968 Prec=97.061
Train Client7 [41/100] LR=0.0002500 loss=0.078 ACC=99.902 F1=99.960 Rec=99.960 Prec=99.961

Val    [41/100] LR=0.0002500 loss=1.585 ACC=98.876 F1=98.604 Rec=98.880 Prec=98.365

Train Client0 [42/100] LR=0.0002500 loss=0.063 ACC=99.426 F1=98.253 Rec=98.712 Prec=97.821
Train Client1 [42/100] LR=0.0002500 loss=0.053 ACC=99.353 F1=98.714 Rec=99.027 Prec=98.416
Train Client2 [42/100] LR=0.0002500 loss=0.138 ACC=98.939 F1=96.327 Rec=97.574 Prec=95.272
Train Client3 [42/100] LR=0.0002500 loss=0.046 ACC=99.495 F1=94.488 Rec=99.612 Prec=91.042
Train Client4 [42/100] LR=0.0002500 loss=0.035 ACC=99.688 F1=99.435 Rec=99.435 Prec=99.435
Train Client5 [42/100] LR=0.0002500 loss=0.031 ACC=99.623 F1=87.949 Rec=94.836 Prec=85.111
Train Client6 [42/100] LR=0.0002500 loss=0.014 ACC=99.738 F1=99.352 Rec=99.332 Prec=99.372
Train Client7 [42/100] LR=0.0002500 loss=0.055 ACC=99.771 F1=99.907 Rec=99.906 Prec=99.909

Val    [42/100] LR=0.0002500 loss=1.591 ACC=99.049 F1=98.745 Rec=98.646 Prec=98.900

Train Client0 [43/100] LR=0.0002500 loss=0.030 ACC=99.562 F1=78.266 Rec=78.001 Prec=78.539
Train Client1 [43/100] LR=0.0002500 loss=0.054 ACC=99.138 F1=93.693 Rec=96.527 Prec=92.360
Train Client2 [43/100] LR=0.0002500 loss=0.043 ACC=99.292 F1=96.454 Rec=98.135 Prec=95.088
Train Client3 [43/100] LR=0.0002500 loss=0.008 ACC=99.621 F1=95.371 Rec=95.639 Prec=95.111
Train Client4 [43/100] LR=0.0002500 loss=0.083 ACC=98.993 F1=96.572 Rec=96.817 Prec=96.340
Train Client5 [43/100] LR=0.0002500 loss=0.025 ACC=99.925 F1=97.088 Rec=95.000 Prec=99.890
Train Client6 [43/100] LR=0.0002500 loss=0.117 ACC=99.476 F1=99.101 Rec=99.243 Prec=98.964
Train Client7 [43/100] LR=0.0002500 loss=0.120 ACC=99.575 F1=93.191 Rec=91.239 Prec=95.630

Val    [43/100] LR=0.0002500 loss=1.594 ACC=98.531 F1=98.127 Rec=98.307 Prec=98.006

Train Client0 [44/100] LR=0.0002500 loss=0.041 ACC=99.644 F1=78.264 Rec=78.324 Prec=78.207
Train Client1 [44/100] LR=0.0002500 loss=0.149 ACC=98.707 F1=91.117 Rec=97.386 Prec=88.195
Train Client2 [44/100] LR=0.0002500 loss=0.036 ACC=99.469 F1=97.365 Rec=97.391 Prec=97.340
Train Client3 [44/100] LR=0.0002500 loss=0.107 ACC=99.242 F1=92.964 Rec=94.258 Prec=91.906
Train Client4 [44/100] LR=0.0002500 loss=0.105 ACC=99.340 F1=98.093 Rec=98.359 Prec=97.837
Train Client5 [44/100] LR=0.0002500 loss=0.062 ACC=99.699 F1=88.205 Rec=88.205 Prec=88.205
Train Client6 [44/100] LR=0.0002500 loss=0.024 ACC=99.650 F1=99.250 Rec=99.230 Prec=99.270
Train Client7 [44/100] LR=0.0002500 loss=0.234 ACC=99.247 F1=90.743 Rec=99.037 Prec=85.930

Val    [44/100] LR=0.0002500 loss=1.611 ACC=97.666 F1=97.220 Rec=97.512 Prec=97.063

Train Client0 [45/100] LR=0.0002500 loss=0.048 ACC=99.508 F1=97.135 Rec=97.028 Prec=97.244
Train Client1 [45/100] LR=0.0002500 loss=0.043 ACC=99.353 F1=98.671 Rec=98.359 Prec=98.997
Train Client2 [45/100] LR=0.0002500 loss=0.069 ACC=99.292 F1=95.527 Rec=95.213 Prec=95.867
Train Client3 [45/100] LR=0.0002500 loss=0.059 ACC=99.116 F1=75.406 Rec=75.404 Prec=75.408
Train Client4 [45/100] LR=0.0002500 loss=0.088 ACC=99.340 F1=98.012 Rec=97.383 Prec=98.693
Train Client5 [45/100] LR=0.0002500 loss=0.033 ACC=99.699 F1=88.648 Rec=99.743 Prec=81.333
Train Client6 [45/100] LR=0.0002500 loss=0.034 ACC=99.869 F1=99.848 Rec=99.828 Prec=99.868
Train Client7 [45/100] LR=0.0002500 loss=0.245 ACC=99.313 F1=94.363 Rec=97.508 Prec=91.752

Val    [45/100] LR=0.0002500 loss=1.598 ACC=98.358 F1=98.033 Rec=98.230 Prec=97.924

Saving model at epoch 45 . . . . . . . .

Train Client0 [46/100] LR=0.0002500 loss=0.023 ACC=99.672 F1=98.697 Rec=98.791 Prec=98.605
Train Client1 [46/100] LR=0.0002500 loss=0.134 ACC=99.353 F1=92.679 Rec=96.628 Prec=90.064
Train Client2 [46/100] LR=0.0002500 loss=0.030 ACC=99.705 F1=99.583 Rec=99.620 Prec=99.546
Train Client3 [46/100] LR=0.0002500 loss=0.112 ACC=98.864 F1=69.597 Rec=71.022 Prec=68.379
Train Client4 [46/100] LR=0.0002500 loss=0.071 ACC=99.132 F1=97.601 Rec=97.928 Prec=97.293
Train Client5 [46/100] LR=0.0002500 loss=0.008 ACC=99.699 F1=89.243 Rec=93.188 Prec=86.632
Train Client6 [46/100] LR=0.0002500 loss=0.096 ACC=99.825 F1=99.758 Rec=99.797 Prec=99.720
Train Client7 [46/100] LR=0.0002500 loss=0.000 ACC=100.000 F1=100.000 Rec=100.000 Prec=100.000

Val    [46/100] LR=0.0002500 loss=1.591 ACC=98.790 F1=98.452 Rec=98.357 Prec=98.592

Train Client0 [47/100] LR=0.0002500 loss=0.036 ACC=99.754 F1=99.361 Rec=99.408 Prec=99.315
Train Client1 [47/100] LR=0.0002500 loss=0.133 ACC=99.353 F1=95.047 Rec=98.997 Prec=92.431
Train Client2 [47/100] LR=0.0002500 loss=0.041 ACC=99.705 F1=98.201 Rec=98.681 Prec=97.746
Train Client3 [47/100] LR=0.0002500 loss=0.093 ACC=99.369 F1=94.129 Rec=99.514 Prec=90.447
Train Client4 [47/100] LR=0.0002500 loss=0.163 ACC=99.236 F1=98.123 Rec=97.446 Prec=98.854
Train Client5 [47/100] LR=0.0002500 loss=0.046 ACC=99.548 F1=86.668 Rec=87.982 Prec=88.442
Train Client6 [47/100] LR=0.0002500 loss=0.022 ACC=99.781 F1=99.565 Rec=99.604 Prec=99.525
Train Client7 [47/100] LR=0.0002500 loss=0.083 ACC=99.804 F1=88.842 Rec=89.946 Prec=87.960

Val    [47/100] LR=0.0002500 loss=1.598 ACC=98.704 F1=98.375 Rec=97.920 Prec=98.878

Train Client0 [48/100] LR=0.0002500 loss=0.045 ACC=99.508 F1=78.440 Rec=78.214 Prec=78.689
Train Client1 [48/100] LR=0.0002500 loss=0.129 ACC=99.569 F1=97.972 Rec=98.462 Prec=97.676
Train Client2 [48/100] LR=0.0002500 loss=0.070 ACC=99.292 F1=97.197 Rec=97.160 Prec=97.233
Train Client3 [48/100] LR=0.0002500 loss=0.051 ACC=98.864 F1=73.786 Rec=78.468 Prec=70.843
Train Client4 [48/100] LR=0.0002500 loss=0.066 ACC=99.514 F1=98.466 Rec=98.717 Prec=98.228
Train Client5 [48/100] LR=0.0002500 loss=0.027 ACC=99.774 F1=90.403 Rec=99.854 Prec=85.000
Train Client6 [48/100] LR=0.0002500 loss=0.022 ACC=99.694 F1=99.566 Rec=99.600 Prec=99.534
Train Client7 [48/100] LR=0.0002500 loss=0.066 ACC=99.738 F1=94.258 Rec=95.724 Prec=93.126

Val    [48/100] LR=0.0002500 loss=1.581 ACC=98.790 F1=98.364 Rec=98.595 Prec=98.220

>> New learning Rate: 0.000125
Train Client0 [49/100] LR=0.0001250 loss=0.002 ACC=99.973 F1=99.929 Rec=99.977 Prec=99.881
Train Client1 [49/100] LR=0.0001250 loss=0.673 ACC=98.707 F1=94.009 Rec=96.719 Prec=92.892
Train Client2 [49/100] LR=0.0001250 loss=0.035 ACC=99.764 F1=98.769 Rec=99.658 Prec=97.976
Train Client3 [49/100] LR=0.0001250 loss=0.026 ACC=99.369 F1=94.177 Rec=99.606 Prec=90.447
Train Client4 [49/100] LR=0.0001250 loss=0.013 ACC=99.757 F1=99.408 Rec=99.610 Prec=99.211
Train Client5 [49/100] LR=0.0001250 loss=0.011 ACC=99.774 F1=94.919 Rec=99.947 Prec=91.890
Train Client6 [49/100] LR=0.0001250 loss=0.173 ACC=99.476 F1=99.235 Rec=99.165 Prec=99.311
Train Client7 [49/100] LR=0.0001250 loss=0.187 ACC=99.280 F1=92.293 Rec=99.703 Prec=87.416

Val    [49/100] LR=0.0001250 loss=1.574 ACC=98.790 F1=98.496 Rec=98.383 Prec=98.639

Train Client0 [50/100] LR=0.0001250 loss=0.007 ACC=99.945 F1=99.746 Rec=99.870 Prec=99.625
Train Client1 [50/100] LR=0.0001250 loss=0.034 ACC=99.569 F1=95.505 Rec=99.128 Prec=93.230
Train Client2 [50/100] LR=0.0001250 loss=0.009 ACC=99.823 F1=98.825 Rec=99.746 Prec=97.999
Train Client3 [50/100] LR=0.0001250 loss=0.072 ACC=98.737 F1=72.435 Rec=79.219 Prec=69.024
Train Client4 [50/100] LR=0.0001250 loss=0.012 ACC=99.757 F1=99.747 Rec=99.850 Prec=99.647
Train Client5 [50/100] LR=0.0001250 loss=0.063 ACC=99.548 F1=86.226 Rec=99.708 Prec=79.888
Train Client6 [50/100] LR=0.0001250 loss=0.006 ACC=99.913 F1=99.798 Rec=99.899 Prec=99.699
Train Client7 [50/100] LR=0.0001250 loss=0.217 ACC=99.607 F1=97.625 Rec=99.838 Prec=95.857

Val    [50/100] LR=0.0001250 loss=1.573 ACC=98.704 F1=98.450 Rec=98.323 Prec=98.605

Saving model at epoch 50 . . . . . . . .

Train Client0 [51/100] LR=0.0001250 loss=0.022 ACC=99.945 F1=99.857 Rec=99.857 Prec=99.857
Train Client1 [51/100] LR=0.0001250 loss=0.019 ACC=99.569 F1=95.506 Rec=99.129 Prec=93.231
Train Client2 [51/100] LR=0.0001250 loss=0.140 ACC=99.705 F1=98.696 Rec=98.647 Prec=98.746
Train Client3 [51/100] LR=0.0001250 loss=0.017 ACC=99.874 F1=98.028 Rec=99.903 Prec=96.429
Train Client4 [51/100] LR=0.0001250 loss=0.018 ACC=99.896 F1=99.713 Rec=99.725 Prec=99.701
Train Client5 [51/100] LR=0.0001250 loss=0.010 ACC=99.774 F1=93.261 Rec=94.965 Prec=91.890
Train Client6 [51/100] LR=0.0001250 loss=0.169 ACC=99.913 F1=99.844 Rec=99.938 Prec=99.752
Train Client7 [51/100] LR=0.0001250 loss=0.211 ACC=99.378 F1=95.128 Rec=99.743 Prec=91.889

Val    [51/100] LR=0.0001250 loss=1.579 ACC=98.876 F1=98.523 Rec=98.318 Prec=98.769

Train Client0 [52/100] LR=0.0001250 loss=0.004 ACC=99.973 F1=99.809 Rec=99.643 Prec=99.977
Train Client1 [52/100] LR=0.0001250 loss=0.022 ACC=99.569 F1=92.874 Rec=99.097 Prec=90.000
Train Client2 [52/100] LR=0.0001250 loss=0.000 ACC=100.000 F1=100.000 Rec=100.000 Prec=100.000
Train Client3 [52/100] LR=0.0001250 loss=0.456 ACC=98.990 F1=76.332 Rec=78.940 Prec=74.447
Train Client4 [52/100] LR=0.0001250 loss=0.009 ACC=99.896 F1=99.880 Rec=99.892 Prec=99.868
Train Client5 [52/100] LR=0.0001250 loss=0.000 ACC=100.000 F1=100.000 Rec=100.000 Prec=100.000
Train Client6 [52/100] LR=0.0001250 loss=0.001 ACC=99.913 F1=99.899 Rec=99.899 Prec=99.899
Train Client7 [52/100] LR=0.0001250 loss=0.137 ACC=99.673 F1=97.559 Rec=99.865 Prec=95.628

Val    [52/100] LR=0.0001250 loss=1.575 ACC=99.222 F1=99.069 Rec=98.938 Prec=99.213

Train Client0 [53/100] LR=0.0001250 loss=0.001 ACC=100.000 F1=100.000 Rec=100.000 Prec=100.000
Train Client1 [53/100] LR=0.0001250 loss=0.019 ACC=99.353 F1=94.765 Rec=99.027 Prec=91.852
Train Client2 [53/100] LR=0.0001250 loss=0.007 ACC=99.823 F1=99.746 Rec=99.746 Prec=99.746
Train Client3 [53/100] LR=0.0001250 loss=0.027 ACC=99.495 F1=78.052 Rec=79.689 Prec=76.643
Train Client4 [53/100] LR=0.0001250 loss=0.015 ACC=99.757 F1=99.369 Rec=99.559 Prec=99.184
Train Client5 [53/100] LR=0.0001250 loss=0.002 ACC=99.925 F1=97.134 Rec=99.982 Prec=95.000
Train Client6 [53/100] LR=0.0001250 loss=0.148 ACC=99.607 F1=97.947 Rec=97.896 Prec=98.000
Train Client7 [53/100] LR=0.0001250 loss=0.079 ACC=99.804 F1=99.288 Rec=99.919 Prec=98.698

Val    [53/100] LR=0.0001250 loss=1.577 ACC=98.963 F1=98.672 Rec=98.516 Prec=98.853

Train Client0 [54/100] LR=0.0001250 loss=0.008 ACC=99.945 F1=99.858 Rec=99.858 Prec=99.858
Train Client1 [54/100] LR=0.0001250 loss=0.018 ACC=99.784 F1=95.949 Rec=99.898 Prec=93.333
Train Client2 [54/100] LR=0.0001250 loss=0.022 ACC=99.882 F1=98.893 Rec=98.893 Prec=98.893
Train Client3 [54/100] LR=0.0001250 loss=0.019 ACC=99.747 F1=97.662 Rec=99.805 Prec=95.804
Train Client4 [54/100] LR=0.0001250 loss=0.017 ACC=99.792 F1=99.400 Rec=99.426 Prec=99.375
Train Client5 [54/100] LR=0.0001250 loss=0.005 ACC=99.925 F1=97.769 Rec=99.982 Prec=96.000
Train Client6 [54/100] LR=0.0001250 loss=0.185 ACC=99.519 F1=98.698 Rec=97.714 Prec=99.771
Train Client7 [54/100] LR=0.0001250 loss=0.000 ACC=100.000 F1=100.000 Rec=100.000 Prec=100.000

Val    [54/100] LR=0.0001250 loss=1.579 ACC=99.136 F1=98.944 Rec=98.774 Prec=99.129

Train Client0 [55/100] LR=0.0001250 loss=0.084 ACC=99.863 F1=79.767 Rec=79.563 Prec=79.974
Train Client1 [55/100] LR=0.0001250 loss=0.012 ACC=99.784 F1=95.949 Rec=99.898 Prec=93.333
Train Client2 [55/100] LR=0.0001250 loss=0.003 ACC=99.941 F1=99.433 Rec=98.947 Prec=99.946
Train Client3 [55/100] LR=0.0001250 loss=0.089 ACC=98.990 F1=93.099 Rec=99.222 Prec=88.826
Train Client4 [55/100] LR=0.0001250 loss=0.013 ACC=99.896 F1=99.561 Rec=99.893 Prec=99.241
Train Client5 [55/100] LR=0.0001250 loss=0.013 ACC=99.774 F1=90.894 Rec=99.947 Prec=84.333
Train Client6 [55/100] LR=0.0001250 loss=0.178 ACC=99.738 F1=98.916 Rec=99.815 Prec=98.092
Train Client7 [55/100] LR=0.0001250 loss=0.089 ACC=99.869 F1=99.315 Rec=99.946 Prec=98.724

Val    [55/100] LR=0.0001250 loss=1.589 ACC=98.876 F1=98.564 Rec=98.422 Prec=98.748

Saving model at epoch 55 . . . . . . . .

Train Client0 [56/100] LR=0.0001250 loss=0.002 ACC=99.945 F1=99.858 Rec=99.858 Prec=99.858
Train Client1 [56/100] LR=0.0001250 loss=0.055 ACC=99.353 F1=95.105 Rec=99.694 Prec=91.905
Train Client2 [56/100] LR=0.0001250 loss=0.154 ACC=99.646 F1=98.678 Rec=98.593 Prec=98.763
Train Client3 [56/100] LR=0.0001250 loss=0.024 ACC=99.369 F1=76.453 Rec=79.649 Prec=74.000
Train Client4 [56/100] LR=0.0001250 loss=0.000 ACC=99.965 F1=99.977 Rec=99.989 Prec=99.965
Train Client5 [56/100] LR=0.0001250 loss=0.001 ACC=100.000 F1=100.000 Rec=100.000 Prec=100.000
Train Client6 [56/100] LR=0.0001250 loss=0.070 ACC=99.956 F1=99.957 Rec=99.929 Prec=99.984
Train Client7 [56/100] LR=0.0001250 loss=0.158 ACC=99.575 F1=93.532 Rec=99.825 Prec=88.948

Val    [56/100] LR=0.0001250 loss=1.618 ACC=97.926 F1=97.620 Rec=97.239 Prec=98.150

Train Client0 [57/100] LR=0.0001250 loss=0.019 ACC=99.918 F1=99.841 Rec=99.835 Prec=99.847
Train Client1 [57/100] LR=0.0001250 loss=0.022 ACC=99.784 F1=95.949 Rec=99.897 Prec=93.333
Train Client2 [57/100] LR=0.0001250 loss=0.116 ACC=99.528 F1=99.554 Rec=99.434 Prec=99.676
Train Client3 [57/100] LR=0.0001250 loss=0.051 ACC=99.747 F1=97.663 Rec=99.805 Prec=95.804
Train Client4 [57/100] LR=0.0001250 loss=0.014 ACC=99.965 F1=99.977 Rec=99.989 Prec=99.965
Train Client5 [57/100] LR=0.0001250 loss=0.003 ACC=99.925 F1=97.769 Rec=99.982 Prec=96.000
Train Client6 [57/100] LR=0.0001250 loss=0.000 ACC=100.000 F1=100.000 Rec=100.000 Prec=100.000
Train Client7 [57/100] LR=0.0001250 loss=0.132 ACC=99.705 F1=91.604 Rec=97.670 Prec=87.917

Val    [57/100] LR=0.0001250 loss=1.591 ACC=98.790 F1=98.566 Rec=98.396 Prec=98.763

Train Client0 [58/100] LR=0.0001250 loss=0.000 ACC=100.000 F1=100.000 Rec=100.000 Prec=100.000
Train Client1 [58/100] LR=0.0001250 loss=0.090 ACC=99.353 F1=94.290 Rec=99.691 Prec=90.370
Train Client2 [58/100] LR=0.0001250 loss=0.238 ACC=99.764 F1=99.782 Rec=99.766 Prec=99.798
Train Client3 [58/100] LR=0.0001250 loss=0.038 ACC=99.369 F1=77.740 Rec=79.162 Prec=76.538
Train Client4 [58/100] LR=0.0001250 loss=0.002 ACC=99.931 F1=99.581 Rec=99.875 Prec=99.300
Train Client5 [58/100] LR=0.0001250 loss=0.011 ACC=99.849 F1=93.125 Rec=99.965 Prec=88.333
Train Client6 [58/100] LR=0.0001250 loss=0.000 ACC=100.000 F1=100.000 Rec=100.000 Prec=100.000
Train Client7 [58/100] LR=0.0001250 loss=0.069 ACC=99.836 F1=95.315 Rec=99.933 Prec=92.070

Val    [58/100] LR=0.0001250 loss=1.593 ACC=98.704 F1=98.472 Rec=98.319 Prec=98.656

Train Client0 [59/100] LR=0.0001250 loss=0.127 ACC=99.891 F1=99.706 Rec=99.811 Prec=99.603
Train Client1 [59/100] LR=0.0001250 loss=0.979 ACC=98.491 F1=91.274 Rec=98.619 Prec=87.418
Train Client2 [59/100] LR=0.0001250 loss=0.122 ACC=99.705 F1=99.222 Rec=99.561 Prec=98.912
Train Client3 [59/100] LR=0.0001250 loss=0.056 ACC=98.864 F1=74.410 Rec=78.865 Prec=71.349
Train Client4 [59/100] LR=0.0001250 loss=0.092 ACC=99.826 F1=99.736 Rec=99.744 Prec=99.730
Train Client5 [59/100] LR=0.0001250 loss=0.000 ACC=100.000 F1=100.000 Rec=100.000 Prec=100.000
Train Client6 [59/100] LR=0.0001250 loss=0.000 ACC=100.000 F1=100.000 Rec=100.000 Prec=100.000
Train Client7 [59/100] LR=0.0001250 loss=0.231 ACC=99.509 F1=95.181 Rec=99.797 Prec=91.941

Val    [59/100] LR=0.0001250 loss=1.627 ACC=98.358 F1=98.051 Rec=97.733 Prec=98.419

Train Client0 [60/100] LR=0.0001250 loss=0.098 ACC=99.863 F1=79.722 Rec=79.754 Prec=79.692
Train Client1 [60/100] LR=0.0001250 loss=0.053 ACC=99.569 F1=95.520 Rec=99.795 Prec=92.593
Train Client2 [60/100] LR=0.0001250 loss=0.012 ACC=99.941 F1=99.433 Rec=98.947 Prec=99.946
Train Client3 [60/100] LR=0.0001250 loss=0.052 ACC=99.116 F1=74.965 Rec=79.020 Prec=72.254
Train Client4 [60/100] LR=0.0001250 loss=0.109 ACC=99.653 F1=99.155 Rec=99.428 Prec=98.895
Train Client5 [60/100] LR=0.0001250 loss=0.007 ACC=99.699 F1=89.205 Rec=94.854 Prec=85.222
Train Client6 [60/100] LR=0.0001250 loss=0.076 ACC=99.913 F1=99.913 Rec=99.859 Prec=99.968
Train Client7 [60/100] LR=0.0001250 loss=0.115 ACC=99.771 F1=99.907 Rec=99.906 Prec=99.909

Val    [60/100] LR=0.0001250 loss=1.604 ACC=98.704 F1=98.400 Rec=98.190 Prec=98.654

Saving model at epoch 60 . . . . . . . .

Train Client0 [61/100] LR=0.0001250 loss=0.001 ACC=99.973 F1=99.929 Rec=99.881 Prec=99.977
Train Client1 [61/100] LR=0.0001250 loss=0.020 ACC=99.784 F1=95.949 Rec=99.898 Prec=93.333
Train Client2 [61/100] LR=0.0001250 loss=0.021 ACC=99.764 F1=97.892 Rec=98.786 Prec=97.089
Train Client3 [61/100] LR=0.0001250 loss=0.041 ACC=99.495 F1=77.805 Rec=79.689 Prec=76.167
Train Client4 [61/100] LR=0.0001250 loss=0.019 ACC=99.861 F1=99.543 Rec=99.639 Prec=99.449
Train Client5 [61/100] LR=0.0001250 loss=0.002 ACC=99.849 F1=89.936 Rec=89.982 Prec=89.890
Train Client6 [61/100] LR=0.0001250 loss=0.068 ACC=99.825 F1=99.718 Rec=99.717 Prec=99.723
Train Client7 [61/100] LR=0.0001250 loss=0.009 ACC=100.000 F1=100.000 Rec=100.000 Prec=100.000

Val    [61/100] LR=0.0001250 loss=1.599 ACC=98.704 F1=98.472 Rec=98.319 Prec=98.656

Train Client0 [62/100] LR=0.0001250 loss=0.000 ACC=100.000 F1=100.000 Rec=100.000 Prec=100.000
Train Client1 [62/100] LR=0.0001250 loss=0.022 ACC=99.784 F1=95.949 Rec=99.898 Prec=93.333
Train Client2 [62/100] LR=0.0001250 loss=0.012 ACC=99.823 F1=99.775 Rec=99.796 Prec=99.755
Train Client3 [62/100] LR=0.0001250 loss=0.011 ACC=99.874 F1=79.961 Rec=79.922 Prec=80.000
Train Client4 [62/100] LR=0.0001250 loss=0.115 ACC=99.896 F1=99.932 Rec=99.896 Prec=99.968
Train Client5 [62/100] LR=0.0001250 loss=0.037 ACC=99.699 F1=86.538 Rec=93.187 Prec=83.222
Train Client6 [62/100] LR=0.0001250 loss=0.000 ACC=100.000 F1=100.000 Rec=100.000 Prec=100.000
Train Client7 [62/100] LR=0.0001250 loss=0.144 ACC=99.575 F1=95.519 Rec=99.825 Prec=92.558

Val    [62/100] LR=0.0001250 loss=1.601 ACC=98.790 F1=98.526 Rec=98.422 Prec=98.667

Train Client0 [63/100] LR=0.0001250 loss=0.001 ACC=99.973 F1=99.929 Rec=99.977 Prec=99.882
Train Client1 [63/100] LR=0.0001250 loss=0.036 ACC=99.569 F1=95.179 Rec=99.128 Prec=92.564
Train Client2 [63/100] LR=0.0001250 loss=0.002 ACC=99.882 F1=99.381 Rec=99.892 Prec=98.896
Train Client3 [63/100] LR=0.0001250 loss=0.031 ACC=99.747 F1=95.736 Rec=95.736 Prec=95.736
Train Client4 [63/100] LR=0.0001250 loss=0.011 ACC=99.826 F1=99.504 Rec=99.409 Prec=99.602
Train Client5 [63/100] LR=0.0001250 loss=0.000 ACC=100.000 F1=100.000 Rec=100.000 Prec=100.000
Train Client6 [63/100] LR=0.0001250 loss=0.000 ACC=100.000 F1=100.000 Rec=100.000 Prec=100.000
Train Client7 [63/100] LR=0.0001250 loss=0.078 ACC=99.902 F1=99.328 Rec=99.960 Prec=98.737

Val    [63/100] LR=0.0001250 loss=1.621 ACC=98.099 F1=97.730 Rec=97.593 Prec=97.968

Train Client0 [64/100] LR=0.0001250 loss=0.000 ACC=100.000 F1=100.000 Rec=100.000 Prec=100.000
Train Client1 [64/100] LR=0.0001250 loss=0.034 ACC=99.784 F1=95.949 Rec=99.898 Prec=93.333
Train Client2 [64/100] LR=0.0001250 loss=0.004 ACC=99.941 F1=99.439 Rec=99.904 Prec=99.000
Train Client3 [64/100] LR=0.0001250 loss=0.009 ACC=99.621 F1=77.025 Rec=79.767 Prec=75.000
Train Client4 [64/100] LR=0.0001250 loss=0.012 ACC=100.000 F1=100.000 Rec=100.000 Prec=100.000
Train Client5 [64/100] LR=0.0001250 loss=0.001 ACC=99.925 F1=97.134 Rec=99.982 Prec=95.000
Train Client6 [64/100] LR=0.0001250 loss=0.083 ACC=99.781 F1=99.803 Rec=99.687 Prec=99.921
Train Client7 [64/100] LR=0.0001250 loss=0.218 ACC=99.280 F1=92.746 Rec=99.703 Prec=89.135

Val    [64/100] LR=0.0001250 loss=1.664 ACC=97.148 F1=96.675 Rec=96.104 Prec=97.549

Train Client0 [65/100] LR=0.0001250 loss=0.141 ACC=99.809 F1=99.486 Rec=99.408 Prec=99.565
Train Client1 [65/100] LR=0.0001250 loss=0.025 ACC=99.784 F1=99.571 Rec=99.898 Prec=99.259
Train Client2 [65/100] LR=0.0001250 loss=0.078 ACC=99.823 F1=99.822 Rec=99.712 Prec=99.934
Train Client3 [65/100] LR=0.0001250 loss=0.053 ACC=99.495 F1=79.065 Rec=79.241 Prec=78.896
Train Client4 [65/100] LR=0.0001250 loss=0.000 ACC=100.000 F1=100.000 Rec=100.000 Prec=100.000
Train Client5 [65/100] LR=0.0001250 loss=0.017 ACC=99.849 F1=95.982 Rec=99.965 Prec=93.333
Train Client6 [65/100] LR=0.0001250 loss=0.087 ACC=99.781 F1=98.859 Rec=97.939 Prec=99.865
Train Client7 [65/100] LR=0.0001250 loss=0.251 ACC=99.476 F1=96.348 Rec=99.784 Prec=93.504

Val    [65/100] LR=0.0001250 loss=1.654 ACC=97.321 F1=96.523 Rec=96.199 Prec=97.289

Saving model at epoch 65 . . . . . . . .

Train Client0 [66/100] LR=0.0001250 loss=0.000 ACC=100.000 F1=100.000 Rec=100.000 Prec=100.000
Train Client1 [66/100] LR=0.0001250 loss=0.039 ACC=99.784 F1=95.949 Rec=99.898 Prec=93.333
Train Client2 [66/100] LR=0.0001250 loss=0.012 ACC=99.764 F1=99.227 Rec=99.734 Prec=98.746
Train Client3 [66/100] LR=0.0001250 loss=0.051 ACC=99.242 F1=75.511 Rec=79.533 Prec=72.833
Train Client4 [66/100] LR=0.0001250 loss=0.120 ACC=99.688 F1=99.096 Rec=99.438 Prec=98.767
Train Client5 [66/100] LR=0.0001250 loss=0.007 ACC=100.000 F1=100.000 Rec=100.000 Prec=100.000
Train Client6 [66/100] LR=0.0001250 loss=0.001 ACC=100.000 F1=100.000 Rec=100.000 Prec=100.000
Train Client7 [66/100] LR=0.0001250 loss=0.075 ACC=99.738 F1=92.920 Rec=94.906 Prec=91.298

Val    [66/100] LR=0.0001250 loss=1.589 ACC=99.049 F1=98.797 Rec=98.576 Prec=99.046

Train Client0 [67/100] LR=0.0001250 loss=0.000 ACC=100.000 F1=100.000 Rec=100.000 Prec=100.000
Train Client1 [67/100] LR=0.0001250 loss=0.019 ACC=99.353 F1=95.077 Rec=99.027 Prec=92.462
Train Client2 [67/100] LR=0.0001250 loss=0.013 ACC=99.823 F1=98.814 Rec=98.840 Prec=98.790
Train Client3 [67/100] LR=0.0001250 loss=0.099 ACC=99.242 F1=93.778 Rec=99.414 Prec=89.881
Train Client4 [67/100] LR=0.0001250 loss=0.019 ACC=99.965 F1=99.867 Rec=99.770 Prec=99.966
Train Client5 [67/100] LR=0.0001250 loss=0.013 ACC=99.849 F1=94.890 Rec=94.890 Prec=94.890
Train Client6 [67/100] LR=0.0001250 loss=0.076 ACC=99.825 F1=99.779 Rec=99.837 Prec=99.723
Train Client7 [67/100] LR=0.0001250 loss=0.079 ACC=99.738 F1=96.745 Rec=99.892 Prec=94.130

Val    [67/100] LR=0.0001250 loss=1.580 ACC=99.222 F1=99.113 Rec=99.068 Prec=99.168

Train Client0 [68/100] LR=0.0001250 loss=0.001 ACC=99.973 F1=99.817 Rec=99.989 Prec=99.648
Train Client1 [68/100] LR=0.0001250 loss=0.407 ACC=99.569 F1=95.514 Rec=99.128 Prec=93.248
Train Client2 [68/100] LR=0.0001250 loss=0.085 ACC=99.882 F1=99.376 Rec=99.800 Prec=98.978
Train Client3 [68/100] LR=0.0001250 loss=0.020 ACC=99.874 F1=98.028 Rec=99.903 Prec=96.429
Train Client4 [68/100] LR=0.0001250 loss=0.003 ACC=99.931 F1=99.955 Rec=99.979 Prec=99.931
Train Client5 [68/100] LR=0.0001250 loss=0.002 ACC=99.925 F1=95.944 Rec=99.889 Prec=93.333
Train Client6 [68/100] LR=0.0001250 loss=0.067 ACC=99.913 F1=99.933 Rec=99.899 Prec=99.968
Train Client7 [68/100] LR=0.0001250 loss=0.001 ACC=100.000 F1=100.000 Rec=100.000 Prec=100.000

Val    [68/100] LR=0.0001250 loss=1.591 ACC=98.963 F1=98.818 Rec=98.642 Prec=99.013

Train Client0 [69/100] LR=0.0001250 loss=0.001 ACC=99.973 F1=79.952 Rec=79.905 Prec=80.000
Train Client1 [69/100] LR=0.0001250 loss=0.006 ACC=99.569 F1=95.519 Rec=99.794 Prec=92.593
Train Client2 [69/100] LR=0.0001250 loss=0.102 ACC=99.764 F1=99.235 Rec=98.701 Prec=99.798
Train Client3 [69/100] LR=0.0001250 loss=0.031 ACC=99.621 F1=95.958 Rec=99.709 Prec=93.109
Train Client4 [69/100] LR=0.0001250 loss=0.002 ACC=99.965 F1=99.867 Rec=99.770 Prec=99.965
Train Client5 [69/100] LR=0.0001250 loss=0.004 ACC=99.849 F1=93.079 Rec=99.872 Prec=88.333
Train Client6 [69/100] LR=0.0001250 loss=0.035 ACC=99.956 F1=99.957 Rec=99.929 Prec=99.984
Train Client7 [69/100] LR=0.0001250 loss=0.131 ACC=99.542 F1=94.781 Rec=99.811 Prec=91.191

Val    [69/100] LR=0.0001250 loss=1.588 ACC=98.963 F1=98.747 Rec=98.611 Prec=98.909

Train Client0 [70/100] LR=0.0001250 loss=0.000 ACC=100.000 F1=100.000 Rec=100.000 Prec=100.000
Train Client1 [70/100] LR=0.0001250 loss=0.000 ACC=100.000 F1=100.000 Rec=100.000 Prec=100.000
Train Client2 [70/100] LR=0.0001250 loss=0.005 ACC=99.882 F1=99.850 Rec=99.850 Prec=99.850
Train Client3 [70/100] LR=0.0001250 loss=0.029 ACC=99.369 F1=76.466 Rec=79.649 Prec=74.024
Train Client4 [70/100] LR=0.0001250 loss=0.043 ACC=99.722 F1=98.942 Rec=98.942 Prec=98.942
Train Client5 [70/100] LR=0.0001250 loss=0.010 ACC=99.774 F1=92.705 Rec=99.854 Prec=88.000
Train Client6 [70/100] LR=0.0001250 loss=0.000 ACC=100.000 F1=100.000 Rec=100.000 Prec=100.000
Train Client7 [70/100] LR=0.0001250 loss=0.086 ACC=99.804 F1=95.933 Rec=99.919 Prec=93.281

Val    [70/100] LR=0.0001250 loss=1.599 ACC=98.531 F1=98.206 Rec=98.035 Prec=98.444

Saving model at epoch 70 . . . . . . . .

Train Client0 [71/100] LR=0.0001250 loss=0.000 ACC=100.000 F1=100.000 Rec=100.000 Prec=100.000
Train Client1 [71/100] LR=0.0001250 loss=0.062 ACC=99.784 F1=95.949 Rec=99.898 Prec=93.333
Train Client2 [71/100] LR=0.0001250 loss=0.015 ACC=99.941 F1=99.460 Rec=99.946 Prec=99.000
Train Client3 [71/100] LR=0.0001250 loss=0.051 ACC=99.747 F1=97.663 Rec=99.805 Prec=95.804
Train Client4 [71/100] LR=0.0001250 loss=0.008 ACC=99.826 F1=99.778 Rec=99.875 Prec=99.682
Train Client5 [71/100] LR=0.0001250 loss=0.000 ACC=100.000 F1=100.000 Rec=100.000 Prec=100.000
Train Client6 [71/100] LR=0.0001250 loss=0.000 ACC=100.000 F1=100.000 Rec=100.000 Prec=100.000
Train Client7 [71/100] LR=0.0001250 loss=0.066 ACC=99.705 F1=94.445 Rec=99.879 Prec=91.351

Val    [71/100] LR=0.0001250 loss=1.582 ACC=98.876 F1=98.634 Rec=98.581 Prec=98.698

Train Client0 [72/100] LR=0.0001250 loss=0.000 ACC=100.000 F1=100.000 Rec=100.000 Prec=100.000
Train Client1 [72/100] LR=0.0001250 loss=0.027 ACC=99.784 F1=95.949 Rec=99.898 Prec=93.333
Train Client2 [72/100] LR=0.0001250 loss=0.098 ACC=99.882 F1=99.866 Rec=99.850 Prec=99.882
Train Client3 [72/100] LR=0.0001250 loss=0.049 ACC=99.495 F1=78.052 Rec=79.689 Prec=76.643
Train Client4 [72/100] LR=0.0001250 loss=0.004 ACC=99.861 F1=99.896 Rec=99.882 Prec=99.909
Train Client5 [72/100] LR=0.0001250 loss=0.008 ACC=99.774 F1=88.181 Rec=89.965 Prec=90.890
Train Client6 [72/100] LR=0.0001250 loss=0.000 ACC=100.000 F1=100.000 Rec=100.000 Prec=100.000
Train Client7 [72/100] LR=0.0001250 loss=0.230 ACC=99.509 F1=94.044 Rec=99.798 Prec=90.641

Val    [72/100] LR=0.0001250 loss=1.605 ACC=98.876 F1=98.646 Rec=98.478 Prec=98.833

Train Client0 [73/100] LR=0.0001250 loss=0.015 ACC=99.918 F1=99.621 Rec=99.739 Prec=99.505
Train Client1 [73/100] LR=0.0001250 loss=0.082 ACC=99.569 F1=95.505 Rec=99.128 Prec=93.231
Train Client2 [73/100] LR=0.0001250 loss=0.201 ACC=99.823 F1=99.886 Rec=99.838 Prec=99.934
Train Client3 [73/100] LR=0.0001250 loss=0.020 ACC=99.747 F1=95.736 Rec=95.736 Prec=95.736
Train Client4 [73/100] LR=0.0001250 loss=0.012 ACC=99.931 F1=99.736 Rec=99.736 Prec=99.736
Train Client5 [73/100] LR=0.0001250 loss=0.007 ACC=99.849 F1=93.078 Rec=99.871 Prec=88.333
Train Client6 [73/100] LR=0.0001250 loss=0.063 ACC=99.869 F1=98.973 Rec=98.080 Prec=99.952
Train Client7 [73/100] LR=0.0001250 loss=0.287 ACC=99.313 F1=91.713 Rec=99.717 Prec=87.161

Val    [73/100] LR=0.0001250 loss=1.686 ACC=96.456 F1=95.489 Rec=94.900 Prec=96.764

>> New learning Rate: 6.25e-05
Train Client0 [74/100] LR=0.0000625 loss=0.000 ACC=100.000 F1=100.000 Rec=100.000 Prec=100.000
Train Client1 [74/100] LR=0.0000625 loss=1.414 ACC=97.414 F1=89.182 Rec=95.038 Prec=86.756
Train Client2 [74/100] LR=0.0000625 loss=0.019 ACC=99.941 F1=99.925 Rec=99.946 Prec=99.904
Train Client3 [74/100] LR=0.0000625 loss=0.047 ACC=99.369 F1=94.129 Rec=99.514 Prec=90.447
Train Client4 [74/100] LR=0.0000625 loss=0.000 ACC=100.000 F1=100.000 Rec=100.000 Prec=100.000
Train Client5 [74/100] LR=0.0000625 loss=0.001 ACC=99.925 F1=95.991 Rec=99.982 Prec=93.333
Train Client6 [74/100] LR=0.0000625 loss=0.000 ACC=100.000 F1=100.000 Rec=100.000 Prec=100.000
Train Client7 [74/100] LR=0.0000625 loss=0.001 ACC=99.967 F1=99.665 Rec=99.987 Prec=99.355

Val    [74/100] LR=0.0000625 loss=1.579 ACC=99.136 F1=98.939 Rec=98.904 Prec=98.979

Train Client0 [75/100] LR=0.0000625 loss=0.115 ACC=99.836 F1=99.898 Rec=99.861 Prec=99.935
Train Client1 [75/100] LR=0.0000625 loss=0.000 ACC=100.000 F1=100.000 Rec=100.000 Prec=100.000
Train Client2 [75/100] LR=0.0000625 loss=0.000 ACC=100.000 F1=100.000 Rec=100.000 Prec=100.000
Train Client3 [75/100] LR=0.0000625 loss=0.049 ACC=99.495 F1=77.805 Rec=79.690 Prec=76.167
Train Client4 [75/100] LR=0.0000625 loss=0.001 ACC=100.000 F1=100.000 Rec=100.000 Prec=100.000
Train Client5 [75/100] LR=0.0000625 loss=0.002 ACC=99.925 F1=97.134 Rec=99.982 Prec=95.000
Train Client6 [75/100] LR=0.0000625 loss=0.000 ACC=100.000 F1=100.000 Rec=100.000 Prec=100.000
Train Client7 [75/100] LR=0.0000625 loss=0.077 ACC=99.771 F1=97.691 Rec=99.906 Prec=95.922

Val    [75/100] LR=0.0000625 loss=1.599 ACC=98.358 F1=97.934 Rec=97.638 Prec=98.300

Saving model at epoch 75 . . . . . . . .

Train Client0 [76/100] LR=0.0000625 loss=0.000 ACC=100.000 F1=100.000 Rec=100.000 Prec=100.000
Train Client1 [76/100] LR=0.0000625 loss=0.312 ACC=98.707 F1=95.135 Rec=98.715 Prec=92.915
Train Client2 [76/100] LR=0.0000625 loss=0.280 ACC=99.764 F1=99.827 Rec=99.742 Prec=99.912
Train Client3 [76/100] LR=0.0000625 loss=0.091 ACC=99.369 F1=75.803 Rec=79.609 Prec=73.333
Train Client4 [76/100] LR=0.0000625 loss=0.000 ACC=100.000 F1=100.000 Rec=100.000 Prec=100.000
Train Client5 [76/100] LR=0.0000625 loss=0.000 ACC=100.000 F1=100.000 Rec=100.000 Prec=100.000
Train Client6 [76/100] LR=0.0000625 loss=0.057 ACC=99.825 F1=99.887 Rec=99.837 Prec=99.937
Train Client7 [76/100] LR=0.0000625 loss=0.100 ACC=99.804 F1=99.288 Rec=99.919 Prec=98.698

Val    [76/100] LR=0.0000625 loss=1.615 ACC=97.753 F1=97.128 Rec=96.735 Prec=97.717

Train Client0 [77/100] LR=0.0000625 loss=0.123 ACC=99.781 F1=79.861 Rec=79.774 Prec=79.948
Train Client1 [77/100] LR=0.0000625 loss=0.326 ACC=98.060 F1=92.228 Rec=98.419 Prec=89.412
Train Client2 [77/100] LR=0.0000625 loss=0.088 ACC=99.705 F1=99.244 Rec=99.604 Prec=98.912
Train Client3 [77/100] LR=0.0000625 loss=0.018 ACC=99.495 F1=78.071 Rec=79.727 Prec=76.643
Train Client4 [77/100] LR=0.0000625 loss=0.000 ACC=100.000 F1=100.000 Rec=100.000 Prec=100.000
Train Client5 [77/100] LR=0.0000625 loss=0.008 ACC=99.849 F1=94.856 Rec=99.871 Prec=91.000
Train Client6 [77/100] LR=0.0000625 loss=0.000 ACC=100.000 F1=100.000 Rec=100.000 Prec=100.000
Train Client7 [77/100] LR=0.0000625 loss=0.007 ACC=100.000 F1=100.000 Rec=100.000 Prec=100.000

Val    [77/100] LR=0.0000625 loss=1.591 ACC=98.790 F1=98.526 Rec=98.284 Prec=98.794

Train Client0 [78/100] LR=0.0000625 loss=0.000 ACC=100.000 F1=100.000 Rec=100.000 Prec=100.000
Train Client1 [78/100] LR=0.0000625 loss=0.001 ACC=100.000 F1=100.000 Rec=100.000 Prec=100.000
Train Client2 [78/100] LR=0.0000625 loss=0.003 ACC=99.941 F1=99.925 Rec=99.904 Prec=99.946
Train Client3 [78/100] LR=0.0000625 loss=0.041 ACC=99.116 F1=90.682 Rec=99.322 Prec=86.250
Train Client4 [78/100] LR=0.0000625 loss=0.000 ACC=100.000 F1=100.000 Rec=100.000 Prec=100.000
Train Client5 [78/100] LR=0.0000625 loss=0.000 ACC=100.000 F1=100.000 Rec=100.000 Prec=100.000
Train Client6 [78/100] LR=0.0000625 loss=0.000 ACC=100.000 F1=100.000 Rec=100.000 Prec=100.000
Train Client7 [78/100] LR=0.0000625 loss=0.237 ACC=99.476 F1=93.720 Rec=99.784 Prec=90.036

Val    [78/100] LR=0.0000625 loss=1.580 ACC=99.136 F1=98.868 Rec=98.670 Prec=99.079

Train Client0 [79/100] LR=0.0000625 loss=0.003 ACC=99.973 F1=99.929 Rec=99.977 Prec=99.882
Train Client1 [79/100] LR=0.0000625 loss=0.024 ACC=99.784 F1=95.949 Rec=99.897 Prec=93.333
Train Client2 [79/100] LR=0.0000625 loss=0.067 ACC=99.823 F1=99.806 Rec=99.712 Prec=99.902
Train Client3 [79/100] LR=0.0000625 loss=0.033 ACC=99.747 F1=97.663 Rec=99.805 Prec=95.804
Train Client4 [79/100] LR=0.0000625 loss=0.107 ACC=99.861 F1=99.909 Rec=99.861 Prec=99.957
Train Client5 [79/100] LR=0.0000625 loss=0.000 ACC=100.000 F1=100.000 Rec=100.000 Prec=100.000
Train Client6 [79/100] LR=0.0000625 loss=0.000 ACC=100.000 F1=100.000 Rec=100.000 Prec=100.000
Train Client7 [79/100] LR=0.0000625 loss=0.083 ACC=99.771 F1=95.599 Rec=99.905 Prec=92.636

Val    [79/100] LR=0.0000625 loss=1.585 ACC=98.876 F1=98.597 Rec=98.486 Prec=98.722

Train Client0 [80/100] LR=0.0000625 loss=0.000 ACC=99.973 F1=99.817 Rec=99.989 Prec=99.648
Train Client1 [80/100] LR=0.0000625 loss=0.003 ACC=99.784 F1=95.949 Rec=99.898 Prec=93.333
Train Client2 [80/100] LR=0.0000625 loss=0.108 ACC=99.646 F1=99.729 Rec=99.624 Prec=99.836
Train Client3 [80/100] LR=0.0000625 loss=0.031 ACC=99.242 F1=75.529 Rec=79.569 Prec=72.833
Train Client4 [80/100] LR=0.0000625 loss=0.000 ACC=100.000 F1=100.000 Rec=100.000 Prec=100.000
Train Client5 [80/100] LR=0.0000625 loss=0.000 ACC=100.000 F1=100.000 Rec=100.000 Prec=100.000
Train Client6 [80/100] LR=0.0000625 loss=0.003 ACC=100.000 F1=100.000 Rec=100.000 Prec=100.000
Train Client7 [80/100] LR=0.0000625 loss=0.079 ACC=99.738 F1=97.678 Rec=99.892 Prec=95.909

Val    [80/100] LR=0.0000625 loss=1.608 ACC=98.099 F1=97.479 Rec=97.190 Prec=97.903

Saving model at epoch 80 . . . . . . . .

Train Client0 [81/100] LR=0.0000625 loss=0.000 ACC=100.000 F1=100.000 Rec=100.000 Prec=100.000
Train Client1 [81/100] LR=0.0000625 loss=0.551 ACC=98.922 F1=98.525 Rec=98.823 Prec=98.244
Train Client2 [81/100] LR=0.0000625 loss=0.001 ACC=99.941 F1=99.433 Rec=98.947 Prec=99.946
Train Client3 [81/100] LR=0.0000625 loss=0.060 ACC=99.621 F1=97.306 Rec=99.709 Prec=95.209
Train Client4 [81/100] LR=0.0000625 loss=0.000 ACC=100.000 F1=100.000 Rec=100.000 Prec=100.000
Train Client5 [81/100] LR=0.0000625 loss=0.007 ACC=99.774 F1=92.751 Rec=99.947 Prec=88.000
Train Client6 [81/100] LR=0.0000625 loss=0.005 ACC=100.000 F1=100.000 Rec=100.000 Prec=100.000
Train Client7 [81/100] LR=0.0000625 loss=0.168 ACC=99.509 F1=95.492 Rec=99.798 Prec=92.533

Val    [81/100] LR=0.0000625 loss=1.630 ACC=97.753 F1=97.230 Rec=96.800 Prec=97.840

Train Client0 [82/100] LR=0.0000625 loss=0.000 ACC=99.973 F1=99.929 Rec=99.881 Prec=99.977
Train Client1 [82/100] LR=0.0000625 loss=0.006 ACC=99.784 F1=95.949 Rec=99.898 Prec=93.333
Train Client2 [82/100] LR=0.0000625 loss=0.003 ACC=99.941 F1=99.921 Rec=99.946 Prec=99.896
Train Client3 [82/100] LR=0.0000625 loss=0.076 ACC=98.864 F1=74.881 Rec=79.297 Prec=71.864
Train Client4 [82/100] LR=0.0000625 loss=0.002 ACC=99.965 F1=99.977 Rec=99.965 Prec=99.989
Train Client5 [82/100] LR=0.0000625 loss=0.000 ACC=100.000 F1=100.000 Rec=100.000 Prec=100.000
Train Client6 [82/100] LR=0.0000625 loss=0.291 ACC=99.476 F1=99.659 Rec=99.511 Prec=99.811
Train Client7 [82/100] LR=0.0000625 loss=0.004 ACC=100.000 F1=100.000 Rec=100.000 Prec=100.000

Val    [82/100] LR=0.0000625 loss=1.605 ACC=98.617 F1=98.355 Rec=98.060 Prec=98.707

Train Client0 [83/100] LR=0.0000625 loss=0.000 ACC=100.000 F1=100.000 Rec=100.000 Prec=100.000
Train Client1 [83/100] LR=0.0000625 loss=0.043 ACC=99.784 F1=95.949 Rec=99.897 Prec=93.333
Train Client2 [83/100] LR=0.0000625 loss=0.086 ACC=99.705 F1=98.742 Rec=99.553 Prec=98.029
Train Client3 [83/100] LR=0.0000625 loss=0.057 ACC=99.116 F1=77.426 Rec=79.455 Prec=75.679
Train Client4 [83/100] LR=0.0000625 loss=0.001 ACC=99.965 F1=99.868 Rec=99.965 Prec=99.773
Train Client5 [83/100] LR=0.0000625 loss=0.000 ACC=100.000 F1=100.000 Rec=100.000 Prec=100.000
Train Client6 [83/100] LR=0.0000625 loss=0.000 ACC=100.000 F1=100.000 Rec=100.000 Prec=100.000
Train Client7 [83/100] LR=0.0000625 loss=0.004 ACC=100.000 F1=100.000 Rec=100.000 Prec=100.000

Val    [83/100] LR=0.0000625 loss=1.605 ACC=98.617 F1=98.258 Rec=97.961 Prec=98.605

Train Client0 [84/100] LR=0.0000625 loss=0.000 ACC=100.000 F1=100.000 Rec=100.000 Prec=100.000
Train Client1 [84/100] LR=0.0000625 loss=0.007 ACC=99.784 F1=95.949 Rec=99.898 Prec=93.333
Train Client2 [84/100] LR=0.0000625 loss=0.003 ACC=99.941 F1=99.439 Rec=99.904 Prec=99.000
Train Client3 [84/100] LR=0.0000625 loss=0.022 ACC=99.747 F1=97.662 Rec=99.804 Prec=95.804
Train Client4 [84/100] LR=0.0000625 loss=0.000 ACC=100.000 F1=100.000 Rec=100.000 Prec=100.000
Train Client5 [84/100] LR=0.0000625 loss=0.002 ACC=99.925 F1=97.087 Rec=99.890 Prec=95.000
Train Client6 [84/100] LR=0.0000625 loss=0.012 ACC=99.956 F1=99.869 Rec=99.969 Prec=99.770
Train Client7 [84/100] LR=0.0000625 loss=0.161 ACC=99.607 F1=97.304 Rec=99.838 Prec=95.225

Val    [84/100] LR=0.0000625 loss=1.590 ACC=99.049 F1=98.797 Rec=98.576 Prec=99.046

Train Client0 [85/100] LR=0.0000625 loss=0.000 ACC=100.000 F1=100.000 Rec=100.000 Prec=100.000
Train Client1 [85/100] LR=0.0000625 loss=0.027 ACC=99.784 F1=95.949 Rec=99.898 Prec=93.333
Train Client2 [85/100] LR=0.0000625 loss=0.001 ACC=99.941 F1=99.439 Rec=99.904 Prec=99.000
Train Client3 [85/100] LR=0.0000625 loss=0.007 ACC=99.747 F1=78.402 Rec=79.881 Prec=77.143
Train Client4 [85/100] LR=0.0000625 loss=0.006 ACC=99.965 F1=99.977 Rec=99.989 Prec=99.966
Train Client5 [85/100] LR=0.0000625 loss=0.000 ACC=100.000 F1=100.000 Rec=100.000 Prec=100.000
Train Client6 [85/100] LR=0.0000625 loss=0.069 ACC=99.738 F1=98.816 Rec=99.454 Prec=98.254
Train Client7 [85/100] LR=0.0000625 loss=0.082 ACC=99.836 F1=99.612 Rec=99.933 Prec=99.303

Val    [85/100] LR=0.0000625 loss=1.652 ACC=97.580 F1=97.034 Rec=96.472 Prec=97.802

Saving model at epoch 85 . . . . . . . .

Train Client0 [86/100] LR=0.0000625 loss=0.000 ACC=100.000 F1=100.000 Rec=100.000 Prec=100.000
Train Client1 [86/100] LR=0.0000625 loss=0.398 ACC=98.491 F1=94.678 Rec=97.951 Prec=92.807
Train Client2 [86/100] LR=0.0000625 loss=0.000 ACC=100.000 F1=100.000 Rec=100.000 Prec=100.000
Train Client3 [86/100] LR=0.0000625 loss=0.033 ACC=99.621 F1=94.853 Rec=99.707 Prec=91.667
Train Client4 [86/100] LR=0.0000625 loss=0.000 ACC=100.000 F1=100.000 Rec=100.000 Prec=100.000
Train Client5 [86/100] LR=0.0000625 loss=0.000 ACC=100.000 F1=100.000 Rec=100.000 Prec=100.000
Train Client6 [86/100] LR=0.0000625 loss=0.066 ACC=99.694 F1=99.817 Rec=99.745 Prec=99.889
Train Client7 [86/100] LR=0.0000625 loss=0.182 ACC=99.607 F1=94.486 Rec=99.838 Prec=90.584

Val    [86/100] LR=0.0000625 loss=1.634 ACC=97.926 F1=97.395 Rec=96.993 Prec=97.959

Train Client0 [87/100] LR=0.0000625 loss=0.125 ACC=99.809 F1=99.827 Rec=99.838 Prec=99.816
Train Client1 [87/100] LR=0.0000625 loss=0.018 ACC=99.784 F1=95.949 Rec=99.898 Prec=93.333
Train Client2 [87/100] LR=0.0000625 loss=0.208 ACC=99.351 F1=99.448 Rec=99.146 Prec=99.760
Train Client3 [87/100] LR=0.0000625 loss=0.035 ACC=99.242 F1=94.913 Rec=99.414 Prec=91.424
Train Client4 [87/100] LR=0.0000625 loss=0.000 ACC=100.000 F1=100.000 Rec=100.000 Prec=100.000
Train Client5 [87/100] LR=0.0000625 loss=0.000 ACC=100.000 F1=100.000 Rec=100.000 Prec=100.000
Train Client6 [87/100] LR=0.0000625 loss=0.007 ACC=99.956 F1=99.869 Rec=99.969 Prec=99.770
Train Client7 [87/100] LR=0.0000625 loss=0.073 ACC=99.738 F1=97.678 Rec=99.892 Prec=95.909

Val    [87/100] LR=0.0000625 loss=1.591 ACC=98.963 F1=98.730 Rec=98.611 Prec=98.857

Train Client0 [88/100] LR=0.0000625 loss=0.000 ACC=100.000 F1=100.000 Rec=100.000 Prec=100.000
Train Client1 [88/100] LR=0.0000625 loss=0.095 ACC=99.569 F1=99.156 Rec=99.795 Prec=98.571
Train Client2 [88/100] LR=0.0000625 loss=0.000 ACC=100.000 F1=100.000 Rec=100.000 Prec=100.000
Train Client3 [88/100] LR=0.0000625 loss=0.590 ACC=98.737 F1=76.840 Rec=78.354 Prec=75.561
Train Client4 [88/100] LR=0.0000625 loss=0.000 ACC=100.000 F1=100.000 Rec=100.000 Prec=100.000
Train Client5 [88/100] LR=0.0000625 loss=0.007 ACC=99.925 F1=97.134 Rec=99.982 Prec=95.000
Train Client6 [88/100] LR=0.0000625 loss=0.000 ACC=100.000 F1=100.000 Rec=100.000 Prec=100.000
Train Client7 [88/100] LR=0.0000625 loss=0.255 ACC=99.182 F1=90.818 Rec=97.454 Prec=87.520

Val    [88/100] LR=0.0000625 loss=1.607 ACC=98.617 F1=98.306 Rec=98.026 Prec=98.629

Train Client0 [89/100] LR=0.0000625 loss=0.000 ACC=100.000 F1=100.000 Rec=100.000 Prec=100.000
Train Client1 [89/100] LR=0.0000625 loss=0.000 ACC=100.000 F1=100.000 Rec=100.000 Prec=100.000
Train Client2 [89/100] LR=0.0000625 loss=0.001 ACC=100.000 F1=100.000 Rec=100.000 Prec=100.000
Train Client3 [89/100] LR=0.0000625 loss=0.015 ACC=99.621 F1=97.305 Rec=99.708 Prec=95.209
Train Client4 [89/100] LR=0.0000625 loss=0.002 ACC=99.965 F1=99.532 Rec=99.767 Prec=99.310
Train Client5 [89/100] LR=0.0000625 loss=0.000 ACC=100.000 F1=100.000 Rec=100.000 Prec=100.000
Train Client6 [89/100] LR=0.0000625 loss=0.000 ACC=100.000 F1=100.000 Rec=100.000 Prec=100.000
Train Client7 [89/100] LR=0.0000625 loss=0.172 ACC=99.575 F1=94.071 Rec=99.825 Prec=90.667

Val    [89/100] LR=0.0000625 loss=1.589 ACC=98.876 F1=98.539 Rec=98.456 Prec=98.643

Train Client0 [90/100] LR=0.0000625 loss=0.000 ACC=100.000 F1=100.000 Rec=100.000 Prec=100.000
Train Client1 [90/100] LR=0.0000625 loss=0.013 ACC=99.784 F1=93.282 Rec=99.897 Prec=90.000
Train Client2 [90/100] LR=0.0000625 loss=0.000 ACC=100.000 F1=100.000 Rec=100.000 Prec=100.000
Train Client3 [90/100] LR=0.0000625 loss=0.012 ACC=99.874 F1=98.028 Rec=99.903 Prec=96.429
Train Client4 [90/100] LR=0.0000625 loss=0.000 ACC=100.000 F1=100.000 Rec=100.000 Prec=100.000
Train Client5 [90/100] LR=0.0000625 loss=0.008 ACC=99.925 F1=97.087 Rec=99.889 Prec=95.000
Train Client6 [90/100] LR=0.0000625 loss=0.068 ACC=99.869 F1=99.890 Rec=99.828 Prec=99.952
Train Client7 [90/100] LR=0.0000625 loss=0.170 ACC=99.640 F1=97.638 Rec=99.851 Prec=95.870

Val    [90/100] LR=0.0000625 loss=1.599 ACC=98.876 F1=98.514 Rec=98.387 Prec=98.678

Saving model at epoch 90 . . . . . . . .

Train Client0 [91/100] LR=0.0000625 loss=0.000 ACC=100.000 F1=100.000 Rec=100.000 Prec=100.000
Train Client1 [91/100] LR=0.0000625 loss=0.019 ACC=99.784 F1=95.949 Rec=99.898 Prec=93.333
Train Client2 [91/100] LR=0.0000625 loss=0.009 ACC=100.000 F1=100.000 Rec=100.000 Prec=100.000
Train Client3 [91/100] LR=0.0000625 loss=0.027 ACC=99.747 F1=79.669 Rec=79.845 Prec=79.500
Train Client4 [91/100] LR=0.0000625 loss=0.000 ACC=100.000 F1=100.000 Rec=100.000 Prec=100.000
Train Client5 [91/100] LR=0.0000625 loss=0.000 ACC=100.000 F1=100.000 Rec=100.000 Prec=100.000
Train Client6 [91/100] LR=0.0000625 loss=0.078 ACC=99.825 F1=99.867 Rec=99.797 Prec=99.937
Train Client7 [91/100] LR=0.0000625 loss=0.056 ACC=99.771 F1=97.370 Rec=99.906 Prec=95.290

Val    [91/100] LR=0.0000625 loss=1.590 ACC=98.963 F1=98.715 Rec=98.710 Prec=98.732

Train Client0 [92/100] LR=0.0000625 loss=0.104 ACC=99.836 F1=99.898 Rec=99.861 Prec=99.935
Train Client1 [92/100] LR=0.0000625 loss=0.000 ACC=100.000 F1=100.000 Rec=100.000 Prec=100.000
Train Client2 [92/100] LR=0.0000625 loss=0.000 ACC=100.000 F1=100.000 Rec=100.000 Prec=100.000
Train Client3 [92/100] LR=0.0000625 loss=0.040 ACC=99.369 F1=95.256 Rec=99.512 Prec=91.964
Train Client4 [92/100] LR=0.0000625 loss=0.004 ACC=99.965 F1=99.977 Rec=99.965 Prec=99.989
Train Client5 [92/100] LR=0.0000625 loss=0.004 ACC=99.925 F1=97.134 Rec=99.982 Prec=95.000
Train Client6 [92/100] LR=0.0000625 loss=0.163 ACC=99.563 F1=98.687 Rec=97.626 Prec=99.842
Train Client7 [92/100] LR=0.0000625 loss=0.080 ACC=99.967 F1=99.987 Rec=99.986 Prec=99.987

Val    [92/100] LR=0.0000625 loss=1.596 ACC=98.876 F1=98.647 Rec=98.448 Prec=98.873

Train Client0 [93/100] LR=0.0000625 loss=0.082 ACC=99.973 F1=99.815 Rec=99.643 Prec=99.989
Train Client1 [93/100] LR=0.0000625 loss=0.017 ACC=99.784 F1=95.949 Rec=99.898 Prec=93.333
Train Client2 [93/100] LR=0.0000625 loss=0.004 ACC=99.941 F1=99.460 Rec=99.946 Prec=99.000
Train Client3 [93/100] LR=0.0000625 loss=0.112 ACC=98.864 F1=73.229 Rec=79.302 Prec=69.868
Train Client4 [93/100] LR=0.0000625 loss=0.002 ACC=100.000 F1=100.000 Rec=100.000 Prec=100.000
Train Client5 [93/100] LR=0.0000625 loss=0.000 ACC=100.000 F1=100.000 Rec=100.000 Prec=100.000
Train Client6 [93/100] LR=0.0000625 loss=0.000 ACC=100.000 F1=100.000 Rec=100.000 Prec=100.000
Train Client7 [93/100] LR=0.0000625 loss=0.161 ACC=99.509 F1=92.839 Rec=99.798 Prec=89.225

Val    [93/100] LR=0.0000625 loss=1.575 ACC=99.222 F1=98.985 Rec=98.968 Prec=99.009

Train Client0 [94/100] LR=0.0000625 loss=0.000 ACC=100.000 F1=100.000 Rec=100.000 Prec=100.000
Train Client1 [94/100] LR=0.0000625 loss=0.042 ACC=99.784 F1=95.949 Rec=99.897 Prec=93.333
Train Client2 [94/100] LR=0.0000625 loss=0.000 ACC=100.000 F1=100.000 Rec=100.000 Prec=100.000
Train Client3 [94/100] LR=0.0000625 loss=0.019 ACC=99.747 F1=97.663 Rec=99.805 Prec=95.804
Train Client4 [94/100] LR=0.0000625 loss=0.000 ACC=100.000 F1=100.000 Rec=100.000 Prec=100.000
Train Client5 [94/100] LR=0.0000625 loss=0.000 ACC=100.000 F1=100.000 Rec=100.000 Prec=100.000
Train Client6 [94/100] LR=0.0000625 loss=0.000 ACC=100.000 F1=100.000 Rec=100.000 Prec=100.000
Train Client7 [94/100] LR=0.0000625 loss=0.026 ACC=99.967 F1=97.771 Rec=99.986 Prec=96.000

Val    [94/100] LR=0.0000625 loss=1.584 ACC=99.136 F1=98.988 Rec=98.835 Prec=99.154

Train Client0 [95/100] LR=0.0000625 loss=0.000 ACC=100.000 F1=100.000 Rec=100.000 Prec=100.000
Train Client1 [95/100] LR=0.0000625 loss=0.000 ACC=100.000 F1=100.000 Rec=100.000 Prec=100.000
Train Client2 [95/100] LR=0.0000625 loss=0.329 ACC=99.410 F1=99.576 Rec=99.376 Prec=99.782
Train Client3 [95/100] LR=0.0000625 loss=0.028 ACC=99.621 F1=98.927 Rec=99.707 Prec=98.214
Train Client4 [95/100] LR=0.0000625 loss=0.001 ACC=100.000 F1=100.000 Rec=100.000 Prec=100.000
Train Client5 [95/100] LR=0.0000625 loss=0.000 ACC=100.000 F1=100.000 Rec=100.000 Prec=100.000
Train Client6 [95/100] LR=0.0000625 loss=0.000 ACC=100.000 F1=100.000 Rec=100.000 Prec=100.000
Train Client7 [95/100] LR=0.0000625 loss=0.153 ACC=99.476 F1=96.940 Rec=99.784 Prec=94.582

Val    [95/100] LR=0.0000625 loss=1.581 ACC=99.136 F1=98.854 Rec=98.739 Prec=98.975

Saving model at epoch 95 . . . . . . . .

Train Client0 [96/100] LR=0.0000625 loss=0.000 ACC=100.000 F1=100.000 Rec=100.000 Prec=100.000
Train Client1 [96/100] LR=0.0000625 loss=0.030 ACC=99.784 F1=95.949 Rec=99.898 Prec=93.333
Train Client2 [96/100] LR=0.0000625 loss=0.000 ACC=100.000 F1=100.000 Rec=100.000 Prec=100.000
Train Client3 [96/100] LR=0.0000625 loss=0.036 ACC=99.747 F1=96.331 Rec=99.806 Prec=93.750
Train Client4 [96/100] LR=0.0000625 loss=0.002 ACC=99.965 F1=99.977 Rec=99.989 Prec=99.965
Train Client5 [96/100] LR=0.0000625 loss=0.004 ACC=99.925 F1=97.087 Rec=99.889 Prec=95.000
Train Client6 [96/100] LR=0.0000625 loss=0.004 ACC=100.000 F1=100.000 Rec=100.000 Prec=100.000
Train Client7 [96/100] LR=0.0000625 loss=0.018 ACC=100.000 F1=100.000 Rec=100.000 Prec=100.000

Val    [96/100] LR=0.0000625 loss=1.585 ACC=99.136 F1=98.854 Rec=98.774 Prec=98.948

Train Client0 [97/100] LR=0.0000625 loss=0.105 ACC=99.863 F1=99.915 Rec=99.884 Prec=99.946
Train Client1 [97/100] LR=0.0000625 loss=0.032 ACC=99.784 F1=95.949 Rec=99.898 Prec=93.333
Train Client2 [97/100] LR=0.0000625 loss=0.000 ACC=100.000 F1=100.000 Rec=100.000 Prec=100.000
Train Client3 [97/100] LR=0.0000625 loss=0.005 ACC=99.747 F1=97.663 Rec=99.805 Prec=95.804
Train Client4 [97/100] LR=0.0000625 loss=0.137 ACC=99.792 F1=99.822 Rec=99.710 Prec=99.936
Train Client5 [97/100] LR=0.0000625 loss=0.007 ACC=99.849 F1=94.903 Rec=99.965 Prec=91.000
Train Client6 [97/100] LR=0.0000625 loss=0.068 ACC=99.781 F1=98.982 Rec=99.766 Prec=98.270
Train Client7 [97/100] LR=0.0000625 loss=0.005 ACC=100.000 F1=100.000 Rec=100.000 Prec=100.000

Val    [97/100] LR=0.0000625 loss=1.587 ACC=99.309 F1=99.112 Rec=98.963 Prec=99.272

Train Client0 [98/100] LR=0.0000625 loss=0.000 ACC=100.000 F1=100.000 Rec=100.000 Prec=100.000
Train Client1 [98/100] LR=0.0000625 loss=0.060 ACC=99.569 F1=99.157 Rec=99.797 Prec=98.571
Train Client2 [98/100] LR=0.0000625 loss=0.002 ACC=99.941 F1=99.900 Rec=99.896 Prec=99.904
Train Client3 [98/100] LR=0.0000625 loss=0.480 ACC=99.621 F1=97.553 Rec=95.639 Prec=99.848
Train Client4 [98/100] LR=0.0000625 loss=0.000 ACC=100.000 F1=100.000 Rec=100.000 Prec=100.000
Train Client5 [98/100] LR=0.0000625 loss=0.000 ACC=100.000 F1=100.000 Rec=100.000 Prec=100.000
Train Client6 [98/100] LR=0.0000625 loss=0.000 ACC=100.000 F1=100.000 Rec=100.000 Prec=100.000
Train Client7 [98/100] LR=0.0000625 loss=0.000 ACC=100.000 F1=100.000 Rec=100.000 Prec=100.000

Val    [98/100] LR=0.0000625 loss=1.600 ACC=99.049 F1=98.824 Rec=98.671 Prec=98.989

Train Client0 [99/100] LR=0.0000625 loss=0.000 ACC=100.000 F1=100.000 Rec=100.000 Prec=100.000
Train Client1 [99/100] LR=0.0000625 loss=0.028 ACC=99.784 F1=99.571 Rec=99.897 Prec=99.259
Train Client2 [99/100] LR=0.0000625 loss=0.003 ACC=99.941 F1=99.925 Rec=99.946 Prec=99.904
Train Client3 [99/100] LR=0.0000625 loss=0.501 ACC=98.990 F1=77.652 Rec=78.942 Prec=76.589
Train Client4 [99/100] LR=0.0000625 loss=0.128 ACC=99.826 F1=99.732 Rec=99.521 Prec=99.947
Train Client5 [99/100] LR=0.0000625 loss=0.007 ACC=99.925 F1=97.134 Rec=99.982 Prec=95.000
Train Client6 [99/100] LR=0.0000625 loss=0.000 ACC=100.000 F1=100.000 Rec=100.000 Prec=100.000
Train Client7 [99/100] LR=0.0000625 loss=0.162 ACC=99.542 F1=95.506 Rec=99.811 Prec=92.546

Val    [99/100] LR=0.0000625 loss=1.589 ACC=99.136 F1=98.939 Rec=98.843 Prec=99.044

------>Best performance--->>>>>>>

Test-  OSR [29/100] ACC=66.793 F1=65.780 Rec=82.164 Prec=58.994 UNK=0.000 OS*=98.597 HOS=0.000 AUROC=95.945 AUPR=88.469 OSCR=95.481
=====================================================================================================================================
The ending time ：2026-05-27 22:23:45
