Logging to: ./logs/Bloodmnist_Finetune_K5_U3_seed1_20260603_122113.log
==> Preparing data..
The number of class each [(6, 2330), (1, 2181), (3, 2026), (7, 1643), (2, 1085), (5, 993), (0, 852), (4, 849)]
The numbers of Training, Val, Test sets, 11959, 1712, 3421
{7: 0, 2: 1, 1: 2, 6: 3, 0: 4} {4: 5, 3: 6, 5: 7}
[7 2 1 6 0] [0 1 2 3 4] [4 3 5] [5 6 7]
Known and Unknow in Train: 8091 3868
Known and Unknow in Val: 1157 555
Known and Unknow in Test: 2315 1106
Client0 sample num: 3659
Client1 sample num: 467
Client2 sample num: 1696
Client3 sample num: 795
Client4 sample num: 2885
Client5 sample num: 1332
Client6 sample num: 2290
Client7 sample num: 3058

>>> Setting up
==> Building [Resnet18] model..
154
154
154
154
154
154
154
154
154
154
154
154
154
154
154
154
154
154
Train Client0 [0/30] LR=0.0001000 loss=0.837 ACC=99.480 F1=78.695 Rec=78.616 Prec=78.792
Train Client1 [0/30] LR=0.0001000 loss=1.376 ACC=99.353 F1=92.800 Rec=99.691 Prec=89.259
Train Client2 [0/30] LR=0.0001000 loss=1.006 ACC=99.116 F1=95.207 Rec=96.042 Prec=94.455
Train Client3 [0/30] LR=0.0001000 loss=1.099 ACC=98.106 F1=70.093 Rec=78.439 Prec=66.919
Train Client4 [0/30] LR=0.0001000 loss=1.072 ACC=99.375 F1=98.351 Rec=99.023 Prec=97.701
Train Client5 [0/30] LR=0.0001000 loss=2.142 ACC=98.720 F1=69.190 Rec=94.532 Prec=60.055
Train Client6 [0/30] LR=0.0001000 loss=0.900 ACC=99.869 F1=99.903 Rec=99.908 Prec=99.898
Train Client7 [0/30] LR=0.0001000 loss=0.980 ACC=99.673 F1=93.065 Rec=99.865 Prec=88.718

Test-  OSR [0/30] LR=0.0001000 ACC=66.939 F1=65.419 Rec=82.299 Prec=58.175 UNK=0.000 OS*=98.758 HOS=0.000 AUROC=95.854 AUPR=90.962 OSCR=95.344
Test-Close [0/30] LR=0.0001000 loss=1.663 ACC=98.920 F1=98.746 Rec=98.758 Prec=98.739

Saving best model . . . . . . . .

Train Client0 [1/30] LR=0.0001000 loss=0.399 ACC=99.863 F1=79.763 Rec=79.830 Prec=79.697
Train Client1 [1/30] LR=0.0001000 loss=0.576 ACC=99.569 F1=95.180 Rec=99.129 Prec=92.564
Train Client2 [1/30] LR=0.0001000 loss=0.572 ACC=99.351 F1=97.769 Rec=97.225 Prec=98.341
Train Client3 [1/30] LR=0.0001000 loss=0.676 ACC=98.485 F1=73.526 Rec=78.634 Prec=70.456
Train Client4 [1/30] LR=0.0001000 loss=0.686 ACC=99.375 F1=98.553 Rec=98.841 Prec=98.283
Train Client5 [1/30] LR=0.0001000 loss=0.954 ACC=99.021 F1=77.596 Rec=94.603 Prec=70.567
Train Client6 [1/30] LR=0.0001000 loss=0.438 ACC=99.825 F1=99.716 Rec=99.675 Prec=99.759
Train Client7 [1/30] LR=0.0001000 loss=0.420 ACC=99.967 F1=99.665 Rec=99.987 Prec=99.355

Test-  OSR [1/30] LR=0.0001000 ACC=66.910 F1=65.475 Rec=82.190 Prec=57.905 UNK=0.000 OS*=98.627 HOS=0.000 AUROC=92.383 AUPR=87.749 OSCR=91.845
Test-Close [1/30] LR=0.0001000 loss=1.665 ACC=98.877 F1=98.653 Rec=98.627 Prec=98.697

Train Client0 [2/30] LR=0.0001000 loss=0.253 ACC=99.781 F1=79.329 Rec=79.278 Prec=79.381
Train Client1 [2/30] LR=0.0001000 loss=0.615 ACC=99.569 F1=95.520 Rec=99.796 Prec=92.593
Train Client2 [2/30] LR=0.0001000 loss=0.341 ACC=99.351 F1=97.375 Rec=98.213 Prec=96.629
Train Client3 [2/30] LR=0.0001000 loss=0.455 ACC=96.970 F1=65.457 Rec=74.442 Prec=62.276
Train Client4 [2/30] LR=0.0001000 loss=0.274 ACC=99.410 F1=98.635 Rec=98.424 Prec=98.851
Train Client5 [2/30] LR=0.0001000 loss=0.369 ACC=99.322 F1=79.134 Rec=99.655 Prec=69.429
Train Client6 [2/30] LR=0.0001000 loss=0.253 ACC=99.825 F1=99.805 Rec=99.797 Prec=99.812
Train Client7 [2/30] LR=0.0001000 loss=0.167 ACC=99.738 F1=97.357 Rec=99.892 Prec=95.276

Test-  OSR [2/30] LR=0.0001000 ACC=65.156 F1=64.749 Rec=80.123 Prec=58.613 UNK=0.000 OS*=96.148 HOS=0.000 AUROC=83.178 AUPR=68.685 OSCR=82.290
Test-Close [2/30] LR=0.0001000 loss=1.740 ACC=99.006 F1=98.845 Rec=98.829 Prec=98.874

Train Client0 [3/30] LR=0.0001000 loss=0.220 ACC=99.754 F1=79.501 Rec=79.370 Prec=79.635
Train Client1 [3/30] LR=0.0001000 loss=0.644 ACC=98.922 F1=90.427 Rec=99.485 Prec=86.571
Train Client2 [3/30] LR=0.0001000 loss=0.293 ACC=98.880 F1=94.690 Rec=96.701 Prec=93.120
Train Client3 [3/30] LR=0.0001000 loss=0.547 ACC=96.212 F1=64.473 Rec=74.020 Prec=61.262
Train Client4 [3/30] LR=0.0001000 loss=0.307 ACC=99.340 F1=98.370 Rec=98.188 Prec=98.558
Train Client5 [3/30] LR=0.0001000 loss=0.302 ACC=99.322 F1=79.733 Rec=99.470 Prec=71.714
Train Client6 [3/30] LR=0.0001000 loss=0.246 ACC=99.650 F1=98.733 Rec=99.512 Prec=98.029
Train Client7 [3/30] LR=0.0001000 loss=0.065 ACC=99.935 F1=99.652 Rec=99.973 Prec=99.342

Test-  OSR [3/30] LR=0.0001000 ACC=66.852 F1=65.885 Rec=82.081 Prec=58.287 UNK=0.000 OS*=98.497 HOS=0.000 AUROC=87.980 AUPR=83.797 OSCR=87.380
Test-Close [3/30] LR=0.0001000 loss=1.709 ACC=98.834 F1=98.579 Rec=98.539 Prec=98.648

Train Client0 [4/30] LR=0.0001000 loss=0.218 ACC=99.644 F1=79.149 Rec=79.034 Prec=79.267
Train Client1 [4/30] LR=0.0001000 loss=0.411 ACC=99.784 F1=99.571 Rec=99.898 Prec=99.259
Train Client2 [4/30] LR=0.0001000 loss=0.222 ACC=99.175 F1=97.954 Rec=97.959 Prec=97.950
Train Client3 [4/30] LR=0.0001000 loss=0.264 ACC=98.485 F1=71.878 Rec=79.062 Prec=68.140
Train Client4 [4/30] LR=0.0001000 loss=0.279 ACC=99.410 F1=98.714 Rec=98.627 Prec=98.804
Train Client5 [4/30] LR=0.0001000 loss=0.286 ACC=99.849 F1=93.079 Rec=99.872 Prec=88.333
Train Client6 [4/30] LR=0.0001000 loss=0.325 ACC=99.825 F1=99.750 Rec=99.675 Prec=99.827
Train Client7 [4/30] LR=0.0001000 loss=0.102 ACC=99.869 F1=98.269 Rec=99.946 Prec=96.737

Test-  OSR [4/30] LR=0.0001000 ACC=66.881 F1=65.749 Rec=82.182 Prec=58.141 UNK=0.000 OS*=98.618 HOS=0.000 AUROC=86.904 AUPR=83.539 OSCR=86.367
Test-Close [4/30] LR=0.0001000 loss=1.755 ACC=98.834 F1=98.721 Rec=98.618 Prec=98.839

Train Client0 [5/30] LR=0.0001000 loss=0.213 ACC=99.836 F1=79.384 Rec=79.288 Prec=79.484
Train Client1 [5/30] LR=0.0001000 loss=0.432 ACC=99.353 F1=93.952 Rec=99.027 Prec=90.342
Train Client2 [5/30] LR=0.0001000 loss=0.222 ACC=99.528 F1=97.433 Rec=97.511 Prec=97.357
Train Client3 [5/30] LR=0.0001000 loss=0.342 ACC=97.727 F1=69.590 Rec=78.599 Prec=65.626
Train Client4 [5/30] LR=0.0001000 loss=0.259 ACC=99.201 F1=98.345 Rec=98.087 Prec=98.610
Train Client5 [5/30] LR=0.0001000 loss=0.300 ACC=99.473 F1=84.186 Rec=99.505 Prec=75.982
Train Client6 [5/30] LR=0.0001000 loss=0.131 ACC=99.956 F1=99.949 Rec=99.969 Prec=99.930
Train Client7 [5/30] LR=0.0001000 loss=0.250 ACC=99.313 F1=95.413 Rec=99.717 Prec=92.456

Test-  OSR [5/30] LR=0.0001000 ACC=66.823 F1=65.713 Rec=82.117 Prec=63.739 UNK=0.090 OS*=98.522 HOS=0.181 AUROC=86.333 AUPR=81.680 OSCR=85.778
Test-Close [5/30] LR=0.0001000 loss=1.778 ACC=98.704 F1=98.606 Rec=98.522 Prec=98.706

Train Client0 [6/30] LR=0.0001000 loss=0.262 ACC=99.726 F1=79.045 Rec=78.479 Prec=79.666
Train Client1 [6/30] LR=0.0001000 loss=0.358 ACC=99.569 F1=95.490 Rec=99.098 Prec=93.232
Train Client2 [6/30] LR=0.0001000 loss=0.252 ACC=99.410 F1=97.839 Rec=98.370 Prec=97.337
Train Client3 [6/30] LR=0.0001000 loss=0.339 ACC=98.990 F1=93.065 Rec=98.681 Prec=89.187
Train Client4 [6/30] LR=0.0001000 loss=0.346 ACC=99.201 F1=97.928 Rec=98.358 Prec=97.516
Train Client5 [6/30] LR=0.0001000 loss=0.341 ACC=99.548 F1=87.998 Rec=99.709 Prec=80.779
Train Client6 [6/30] LR=0.0001000 loss=0.231 ACC=99.913 F1=99.899 Rec=99.899 Prec=99.899
Train Client7 [6/30] LR=0.0001000 loss=0.164 ACC=99.640 F1=96.674 Rec=99.198 Prec=94.605

Test-  OSR [6/30] LR=0.0001000 ACC=68.781 F1=68.793 Rec=83.103 Prec=74.274 UNK=6.420 OS*=98.439 HOS=12.053 AUROC=80.647 AUPR=75.457 OSCR=80.152
Test-Close [6/30] LR=0.0001000 loss=1.813 ACC=98.877 F1=98.689 Rec=98.722 Prec=98.679

Train Client0 [7/30] LR=0.0001000 loss=0.161 ACC=99.863 F1=79.498 Rec=79.296 Prec=79.708
Train Client1 [7/30] LR=0.0001000 loss=0.426 ACC=99.784 F1=95.949 Rec=99.898 Prec=93.333
Train Client2 [7/30] LR=0.0001000 loss=0.177 ACC=99.528 F1=97.051 Rec=97.479 Prec=96.646
Train Client3 [7/30] LR=0.0001000 loss=0.301 ACC=98.232 F1=70.839 Rec=78.476 Prec=67.244
Train Client4 [7/30] LR=0.0001000 loss=0.222 ACC=99.479 F1=98.153 Rec=98.473 Prec=97.845
Train Client5 [7/30] LR=0.0001000 loss=0.273 ACC=99.774 F1=91.038 Rec=99.854 Prec=86.000
Train Client6 [7/30] LR=0.0001000 loss=0.146 ACC=99.781 F1=99.700 Rec=99.605 Prec=99.797
Train Client7 [7/30] LR=0.0001000 loss=0.111 ACC=99.640 F1=97.317 Rec=99.851 Prec=95.238

Test-  OSR [7/30] LR=0.0001000 ACC=62.964 F1=64.783 Rec=78.521 Prec=60.416 UNK=0.814 OS*=94.062 HOS=1.614 AUROC=71.311 AUPR=54.464 OSCR=69.385
Test-Close [7/30] LR=0.0001000 loss=1.990 ACC=98.402 F1=98.228 Rec=98.369 Prec=98.136

Train Client0 [8/30] LR=0.0001000 loss=0.148 ACC=99.809 F1=79.340 Rec=79.106 Prec=79.578
Train Client1 [8/30] LR=0.0001000 loss=0.217 ACC=99.353 F1=95.047 Rec=98.997 Prec=92.431
Train Client2 [8/30] LR=0.0001000 loss=0.211 ACC=99.528 F1=97.541 Rec=98.435 Prec=96.738
Train Client3 [8/30] LR=0.0001000 loss=0.194 ACC=98.864 F1=74.370 Rec=79.300 Prec=71.459
Train Client4 [8/30] LR=0.0001000 loss=0.147 ACC=99.444 F1=98.389 Rec=98.603 Prec=98.189
Train Client5 [8/30] LR=0.0001000 loss=0.282 ACC=99.247 F1=88.759 Rec=98.982 Prec=83.228
Train Client6 [8/30] LR=0.0001000 loss=0.159 ACC=99.607 F1=99.438 Rec=99.377 Prec=99.500
Train Client7 [8/30] LR=0.0001000 loss=0.077 ACC=99.771 F1=95.992 Rec=99.252 Prec=93.281

Test-  OSR [8/30] LR=0.0001000 ACC=64.250 F1=64.675 Rec=79.882 Prec=59.325 UNK=0.000 OS*=95.858 HOS=0.000 AUROC=77.308 AUPR=57.445 OSCR=76.465
Test-Close [8/30] LR=0.0001000 loss=1.955 ACC=98.877 F1=98.650 Rec=98.771 Prec=98.545

Train Client0 [9/30] LR=0.0001000 loss=0.120 ACC=99.781 F1=79.335 Rec=79.199 Prec=79.474
Train Client1 [9/30] LR=0.0001000 loss=0.257 ACC=99.569 F1=95.520 Rec=99.796 Prec=92.593
Train Client2 [9/30] LR=0.0001000 loss=0.209 ACC=99.410 F1=97.295 Rec=97.321 Prec=97.270
Train Client3 [9/30] LR=0.0001000 loss=0.165 ACC=98.990 F1=73.943 Rec=79.377 Prec=70.571
Train Client4 [9/30] LR=0.0001000 loss=0.209 ACC=99.410 F1=98.950 Rec=98.731 Prec=99.172
Train Client5 [9/30] LR=0.0001000 loss=0.219 ACC=99.774 F1=89.260 Rec=93.205 Prec=89.982
Train Client6 [9/30] LR=0.0001000 loss=0.113 ACC=99.869 F1=98.893 Rec=99.828 Prec=98.033
Train Client7 [9/30] LR=0.0001000 loss=0.075 ACC=99.836 F1=98.255 Rec=99.932 Prec=96.724

Test-  OSR [9/30] LR=0.0001000 ACC=65.156 F1=65.591 Rec=80.296 Prec=62.989 UNK=2.441 OS*=95.867 HOS=4.761 AUROC=84.621 AUPR=70.852 OSCR=83.126
Test-Close [9/30] LR=0.0001000 loss=1.962 ACC=98.920 F1=98.646 Rec=98.705 Prec=98.590

Train Client0 [10/30] LR=0.0001000 loss=0.100 ACC=99.891 F1=99.211 Rec=99.048 Prec=99.376
Train Client1 [10/30] LR=0.0001000 loss=0.204 ACC=99.353 F1=91.255 Rec=98.359 Prec=87.676
Train Client2 [10/30] LR=0.0001000 loss=0.189 ACC=99.175 F1=98.116 Rec=97.985 Prec=98.250
Train Client3 [10/30] LR=0.0001000 loss=0.307 ACC=98.232 F1=73.363 Rec=78.479 Prec=70.293
Train Client4 [10/30] LR=0.0001000 loss=0.163 ACC=99.653 F1=99.145 Rec=99.037 Prec=99.255
Train Client5 [10/30] LR=0.0001000 loss=0.245 ACC=99.925 F1=97.087 Rec=99.888 Prec=95.000
Train Client6 [10/30] LR=0.0001000 loss=0.074 ACC=99.956 F1=99.013 Rec=99.767 Prec=98.333
Train Client7 [10/30] LR=0.0001000 loss=0.018 ACC=100.000 F1=100.000 Rec=100.000 Prec=100.000

Test-  OSR [10/30] LR=0.0001000 ACC=61.327 F1=63.826 Rec=76.795 Prec=61.500 UNK=2.893 OS*=91.576 HOS=5.609 AUROC=74.200 AUPR=46.733 OSCR=72.819
Test-Close [10/30] LR=0.0001000 loss=2.076 ACC=95.637 F1=95.930 Rec=96.387 Prec=95.886

Train Client0 [11/30] LR=0.0001000 loss=0.092 ACC=99.891 F1=79.587 Rec=79.230 Prec=79.954
Train Client1 [11/30] LR=0.0001000 loss=0.137 ACC=99.569 F1=95.506 Rec=99.129 Prec=93.231
Train Client2 [11/30] LR=0.0001000 loss=0.098 ACC=99.528 F1=98.394 Rec=98.435 Prec=98.354
Train Client3 [11/30] LR=0.0001000 loss=0.204 ACC=98.611 F1=74.066 Rec=78.274 Prec=71.222
Train Client4 [11/30] LR=0.0001000 loss=0.124 ACC=99.757 F1=99.485 Rec=99.363 Prec=99.608
Train Client5 [11/30] LR=0.0001000 loss=0.216 ACC=99.925 F1=97.722 Rec=99.890 Prec=96.000
Train Client6 [11/30] LR=0.0001000 loss=0.058 ACC=99.869 F1=99.646 Rec=99.666 Prec=99.626
Train Client7 [11/30] LR=0.0001000 loss=0.145 ACC=99.673 F1=97.330 Rec=99.865 Prec=95.251

Test-  OSR [11/30] LR=0.0001000 ACC=68.050 F1=67.688 Rec=82.511 Prec=71.126 UNK=5.877 OS*=97.838 HOS=11.088 AUROC=84.302 AUPR=74.679 OSCR=83.633
Test-Close [11/30] LR=0.0001000 loss=1.845 ACC=98.618 F1=98.466 Rec=98.477 Prec=98.465

Train Client0 [12/30] LR=0.0001000 loss=0.088 ACC=100.000 F1=100.000 Rec=100.000 Prec=100.000
Train Client1 [12/30] LR=0.0001000 loss=0.168 ACC=99.569 F1=99.129 Rec=99.129 Prec=99.129
Train Client2 [12/30] LR=0.0001000 loss=0.224 ACC=99.116 F1=96.057 Rec=95.918 Prec=96.199
Train Client3 [12/30] LR=0.0001000 loss=0.224 ACC=97.854 F1=68.219 Rec=71.713 Prec=65.772
Train Client4 [12/30] LR=0.0001000 loss=0.091 ACC=99.653 F1=99.369 Rec=99.479 Prec=99.261
Train Client5 [12/30] LR=0.0001000 loss=0.183 ACC=99.925 F1=97.134 Rec=99.982 Prec=95.000
Train Client6 [12/30] LR=0.0001000 loss=0.088 ACC=99.869 F1=99.686 Rec=99.666 Prec=99.706
Train Client7 [12/30] LR=0.0001000 loss=0.127 ACC=99.771 F1=96.403 Rec=94.266 Prec=99.255

Test-  OSR [12/30] LR=0.0001000 ACC=66.384 F1=66.070 Rec=81.798 Prec=63.540 UNK=0.995 OS*=97.959 HOS=1.969 AUROC=84.693 AUPR=70.015 OSCR=84.087
Test-Close [12/30] LR=0.0001000 loss=1.855 ACC=99.050 F1=98.860 Rec=99.049 Prec=98.699

Train Client0 [13/30] LR=0.0001000 loss=0.079 ACC=99.945 F1=79.934 Rec=79.886 Prec=79.981
Train Client1 [13/30] LR=0.0001000 loss=0.120 ACC=99.353 F1=94.136 Rec=97.296 Prec=92.490
Train Client2 [13/30] LR=0.0001000 loss=0.068 ACC=99.469 F1=97.494 Rec=98.323 Prec=96.757
Train Client3 [13/30] LR=0.0001000 loss=0.179 ACC=98.485 F1=70.770 Rec=75.814 Prec=67.994
Train Client4 [13/30] LR=0.0001000 loss=0.165 ACC=99.757 F1=99.223 Rec=99.531 Prec=98.927
Train Client5 [13/30] LR=0.0001000 loss=0.221 ACC=99.623 F1=85.878 Rec=99.538 Prec=78.000
Train Client6 [13/30] LR=0.0001000 loss=0.067 ACC=99.738 F1=99.514 Rec=99.533 Prec=99.494
Train Client7 [13/30] LR=0.0001000 loss=0.124 ACC=99.738 F1=96.775 Rec=95.475 Prec=98.672

Test-  OSR [13/30] LR=0.0001000 ACC=60.889 F1=62.278 Rec=76.731 Prec=58.545 UNK=0.362 OS*=92.005 HOS=0.720 AUROC=71.002 AUPR=45.160 OSCR=69.816
Test-Close [13/30] LR=0.0001000 loss=2.037 ACC=91.922 F1=92.563 Rec=93.565 Prec=93.028

Train Client0 [14/30] LR=0.0001000 loss=0.077 ACC=99.973 F1=99.929 Rec=99.977 Prec=99.882
Train Client1 [14/30] LR=0.0001000 loss=0.147 ACC=99.569 F1=95.520 Rec=99.795 Prec=92.593
Train Client2 [14/30] LR=0.0001000 loss=0.069 ACC=99.705 F1=97.683 Rec=97.683 Prec=97.683
Train Client3 [14/30] LR=0.0001000 loss=0.193 ACC=98.737 F1=75.283 Rec=78.784 Prec=72.594
Train Client4 [14/30] LR=0.0001000 loss=0.097 ACC=99.583 F1=99.018 Rec=99.023 Prec=99.015
Train Client5 [14/30] LR=0.0001000 loss=0.182 ACC=99.849 F1=94.936 Rec=99.872 Prec=92.000
Train Client6 [14/30] LR=0.0001000 loss=0.071 ACC=99.869 F1=99.848 Rec=99.828 Prec=99.868
Train Client7 [14/30] LR=0.0001000 loss=0.038 ACC=99.967 F1=99.665 Rec=99.986 Prec=99.355

Test-  OSR [14/30] LR=0.0001000 ACC=64.630 F1=65.151 Rec=80.204 Prec=59.434 UNK=0.000 OS*=96.244 HOS=0.000 AUROC=74.676 AUPR=50.124 OSCR=74.054
Test-Close [14/30] LR=0.0001000 loss=1.948 ACC=97.106 F1=97.166 Rec=97.414 Prec=97.057

Train Client0 [15/30] LR=0.0001000 loss=0.093 ACC=99.836 F1=79.434 Rec=79.387 Prec=79.482
Train Client1 [15/30] LR=0.0001000 loss=0.720 ACC=98.922 F1=91.478 Rec=99.490 Prec=86.951
Train Client2 [15/30] LR=0.0001000 loss=0.154 ACC=99.410 F1=97.901 Rec=97.361 Prec=98.470
Train Client3 [15/30] LR=0.0001000 loss=0.171 ACC=98.611 F1=71.418 Rec=78.698 Prec=68.125
Train Client4 [15/30] LR=0.0001000 loss=0.061 ACC=99.826 F1=99.751 Rec=99.628 Prec=99.875
Train Client5 [15/30] LR=0.0001000 loss=0.206 ACC=99.398 F1=80.075 Rec=94.596 Prec=73.459
Train Client6 [15/30] LR=0.0001000 loss=0.050 ACC=99.869 F1=99.646 Rec=99.666 Prec=99.627
Train Client7 [15/30] LR=0.0001000 loss=0.065 ACC=99.705 F1=97.665 Rec=99.878 Prec=95.896

Test-  OSR [15/30] LR=0.0001000 ACC=52.353 F1=54.718 Rec=68.635 Prec=53.341 UNK=3.888 OS*=81.585 HOS=7.422 AUROC=72.406 AUPR=50.166 OSCR=64.519
Test-Close [15/30] LR=0.0001000 loss=2.258 ACC=78.920 F1=83.219 Rec=84.064 Prec=88.768

Train Client0 [16/30] LR=0.0001000 loss=0.054 ACC=99.945 F1=99.519 Rec=99.519 Prec=99.519
Train Client1 [16/30] LR=0.0001000 loss=0.137 ACC=99.569 F1=99.156 Rec=99.794 Prec=98.571
Train Client2 [16/30] LR=0.0001000 loss=0.154 ACC=99.351 F1=98.240 Rec=98.173 Prec=98.308
Train Client3 [16/30] LR=0.0001000 loss=0.143 ACC=98.864 F1=73.173 Rec=75.609 Prec=71.341
Train Client4 [16/30] LR=0.0001000 loss=0.093 ACC=99.722 F1=99.488 Rec=99.597 Prec=99.381
Train Client5 [16/30] LR=0.0001000 loss=0.188 ACC=99.699 F1=90.291 Rec=99.743 Prec=84.888
Train Client6 [16/30] LR=0.0001000 loss=0.066 ACC=99.781 F1=99.747 Rec=99.766 Prec=99.727
Train Client7 [16/30] LR=0.0001000 loss=0.136 ACC=99.673 F1=99.235 Rec=99.865 Prec=98.646

Test-  OSR [16/30] LR=0.0001000 ACC=63.490 F1=65.306 Rec=78.827 Prec=63.177 UNK=3.345 OS*=93.923 HOS=6.461 AUROC=77.894 AUPR=51.809 OSCR=76.851
Test-Close [16/30] LR=0.0001000 loss=2.005 ACC=96.328 F1=96.456 Rec=97.006 Prec=96.218

Train Client0 [17/30] LR=0.0001000 loss=0.152 ACC=99.672 F1=79.418 Rec=79.394 Prec=79.446
Train Client1 [17/30] LR=0.0001000 loss=0.650 ACC=98.922 F1=95.232 Rec=98.823 Prec=92.997
Train Client2 [17/30] LR=0.0001000 loss=0.254 ACC=99.528 F1=97.485 Rec=97.429 Prec=97.542
Train Client3 [17/30] LR=0.0001000 loss=0.250 ACC=98.106 F1=70.346 Rec=78.398 Prec=66.422
Train Client4 [17/30] LR=0.0001000 loss=0.138 ACC=99.618 F1=98.769 Rec=99.221 Prec=98.331
Train Client5 [17/30] LR=0.0001000 loss=0.151 ACC=99.849 F1=94.982 Rec=99.965 Prec=92.000
Train Client6 [17/30] LR=0.0001000 loss=0.074 ACC=99.694 F1=97.955 Rec=99.518 Prec=96.650
Train Client7 [17/30] LR=0.0001000 loss=0.018 ACC=99.967 F1=99.665 Rec=99.987 Prec=99.355

Test-  OSR [17/30] LR=0.0001000 ACC=59.018 F1=63.755 Rec=73.910 Prec=64.219 UNK=9.855 OS*=86.720 HOS=17.699 AUROC=72.952 AUPR=45.520 OSCR=70.460
Test-Close [17/30] LR=0.0001000 loss=2.106 ACC=94.946 F1=95.318 Rec=95.980 Prec=95.259

Train Client0 [18/30] LR=0.0001000 loss=0.066 ACC=99.891 F1=99.495 Rec=99.836 Prec=99.163
Train Client1 [18/30] LR=0.0001000 loss=0.106 ACC=99.569 F1=95.506 Rec=99.129 Prec=93.232
Train Client2 [18/30] LR=0.0001000 loss=0.078 ACC=99.469 F1=97.516 Rec=98.447 Prec=96.676
Train Client3 [18/30] LR=0.0001000 loss=0.147 ACC=99.369 F1=75.959 Rec=75.920 Prec=75.998
Train Client4 [18/30] LR=0.0001000 loss=0.085 ACC=99.653 F1=98.945 Rec=99.037 Prec=98.856
Train Client5 [18/30] LR=0.0001000 loss=0.216 ACC=99.473 F1=81.367 Rec=94.518 Prec=74.886
Train Client6 [18/30] LR=0.0001000 loss=0.062 ACC=99.913 F1=99.719 Rec=99.899 Prec=99.545
Train Client7 [18/30] LR=0.0001000 loss=0.186 ACC=99.509 F1=96.953 Rec=99.798 Prec=94.594

Test-  OSR [18/30] LR=0.0001000 ACC=59.106 F1=63.527 Rec=75.088 Prec=62.675 UNK=2.080 OS*=89.689 HOS=4.065 AUROC=71.130 AUPR=44.884 OSCR=69.990
Test-Close [18/30] LR=0.0001000 loss=2.035 ACC=95.853 F1=95.987 Rec=96.617 Prec=95.752

Train Client0 [19/30] LR=0.0001000 loss=0.085 ACC=99.809 F1=79.616 Rec=79.484 Prec=79.750
Train Client1 [19/30] LR=0.0001000 loss=0.480 ACC=98.707 F1=94.748 Rec=97.990 Prec=92.915
Train Client2 [19/30] LR=0.0001000 loss=0.269 ACC=98.939 F1=98.516 Rec=97.844 Prec=99.226
Train Client3 [19/30] LR=0.0001000 loss=0.157 ACC=99.495 F1=79.311 Rec=79.255 Prec=79.368
Train Client4 [19/30] LR=0.0001000 loss=0.121 ACC=99.653 F1=99.102 Rec=99.088 Prec=99.116
Train Client5 [19/30] LR=0.0001000 loss=0.150 ACC=99.925 F1=97.134 Rec=99.982 Prec=95.000
Train Client6 [19/30] LR=0.0001000 loss=0.055 ACC=99.956 F1=99.868 Rec=99.767 Prec=99.969
Train Client7 [19/30] LR=0.0001000 loss=0.007 ACC=100.000 F1=100.000 Rec=100.000 Prec=100.000

Test-  OSR [19/30] LR=0.0001000 ACC=66.443 F1=67.639 Rec=80.226 Prec=68.141 UNK=10.669 OS*=94.138 HOS=19.166 AUROC=81.811 AUPR=60.641 OSCR=80.820
Test-Close [19/30] LR=0.0001000 loss=1.937 ACC=98.229 F1=98.046 Rec=98.343 Prec=97.782

Train Client0 [20/30] LR=0.0001000 loss=0.159 ACC=99.562 F1=78.894 Rec=78.592 Prec=79.204
Train Client1 [20/30] LR=0.0001000 loss=0.099 ACC=99.569 F1=95.521 Rec=99.797 Prec=92.593
Train Client2 [20/30] LR=0.0001000 loss=0.072 ACC=99.705 F1=97.749 Rec=97.733 Prec=97.765
Train Client3 [20/30] LR=0.0001000 loss=0.089 ACC=99.621 F1=78.085 Rec=79.767 Prec=76.630
Train Client4 [20/30] LR=0.0001000 loss=0.170 ACC=99.583 F1=99.112 Rec=99.020 Prec=99.206
Train Client5 [20/30] LR=0.0001000 loss=0.206 ACC=99.925 F1=97.088 Rec=95.000 Prec=99.890
Train Client6 [20/30] LR=0.0001000 loss=0.042 ACC=99.956 F1=99.949 Rec=99.969 Prec=99.929
Train Client7 [20/30] LR=0.0001000 loss=0.013 ACC=99.935 F1=94.986 Rec=94.986 Prec=94.986

Test-  OSR [20/30] LR=0.0001000 ACC=62.496 F1=64.520 Rec=76.708 Prec=63.532 UNK=8.499 OS*=90.350 HOS=15.537 AUROC=74.203 AUPR=50.016 OSCR=72.071
Test-Close [20/30] LR=0.0001000 loss=2.071 ACC=92.268 F1=93.037 Rec=94.016 Prec=93.072

Train Client0 [21/30] LR=0.0001000 loss=0.065 ACC=99.973 F1=99.929 Rec=99.977 Prec=99.882
Train Client1 [21/30] LR=0.0001000 loss=0.179 ACC=99.138 F1=94.662 Rec=98.923 Prec=91.748
Train Client2 [21/30] LR=0.0001000 loss=0.090 ACC=99.646 F1=97.587 Rec=97.579 Prec=97.596
Train Client3 [21/30] LR=0.0001000 loss=0.190 ACC=98.611 F1=72.923 Rec=78.709 Prec=69.828
Train Client4 [21/30] LR=0.0001000 loss=0.095 ACC=99.479 F1=98.627 Rec=98.640 Prec=98.613
Train Client5 [21/30] LR=0.0001000 loss=0.158 ACC=99.849 F1=93.032 Rec=94.889 Prec=93.222
Train Client6 [21/30] LR=0.0001000 loss=0.057 ACC=99.956 F1=99.868 Rec=99.767 Prec=99.969
Train Client7 [21/30] LR=0.0001000 loss=0.028 ACC=100.000 F1=100.000 Rec=100.000 Prec=100.000

Test-  OSR [21/30] LR=0.0001000 ACC=63.403 F1=65.168 Rec=77.885 Prec=65.899 UNK=9.042 OS*=91.653 HOS=16.459 AUROC=74.875 AUPR=49.257 OSCR=73.216
Test-Close [21/30] LR=0.0001000 loss=2.060 ACC=92.786 F1=92.663 Rec=94.438 Prec=92.208

Train Client0 [22/30] LR=0.0001000 loss=0.070 ACC=99.918 F1=79.877 Rec=79.868 Prec=79.886
Train Client1 [22/30] LR=0.0001000 loss=0.217 ACC=99.138 F1=92.358 Rec=98.923 Prec=89.127
Train Client2 [22/30] LR=0.0001000 loss=0.101 ACC=99.646 F1=98.075 Rec=98.527 Prec=97.650
Train Client3 [22/30] LR=0.0001000 loss=0.161 ACC=98.990 F1=75.783 Rec=78.507 Prec=73.776
Train Client4 [22/30] LR=0.0001000 loss=0.104 ACC=99.722 F1=99.630 Rec=99.493 Prec=99.768
Train Client5 [22/30] LR=0.0001000 loss=0.178 ACC=99.849 F1=94.175 Rec=94.889 Prec=94.889
Train Client6 [22/30] LR=0.0001000 loss=0.066 ACC=99.869 F1=99.848 Rec=99.868 Prec=99.828
Train Client7 [22/30] LR=0.0001000 loss=0.213 ACC=99.738 F1=98.848 Rec=99.892 Prec=97.909

Test-  OSR [22/30] LR=0.0001000 ACC=63.666 F1=65.539 Rec=77.636 Prec=66.167 UNK=11.121 OS*=90.939 HOS=19.819 AUROC=80.037 AUPR=54.163 OSCR=78.694
Test-Close [22/30] LR=0.0001000 loss=1.954 ACC=95.896 F1=95.928 Rec=96.676 Prec=95.487

Train Client0 [23/30] LR=0.0001000 loss=0.057 ACC=99.973 F1=99.760 Rec=99.643 Prec=99.881
Train Client1 [23/30] LR=0.0001000 loss=0.550 ACC=98.060 F1=88.904 Rec=88.509 Prec=89.339
Train Client2 [23/30] LR=0.0001000 loss=0.087 ACC=99.882 F1=99.353 Rec=98.843 Prec=99.893
Train Client3 [23/30] LR=0.0001000 loss=0.097 ACC=99.495 F1=95.591 Rec=99.066 Prec=93.011
Train Client4 [23/30] LR=0.0001000 loss=0.082 ACC=99.826 F1=99.699 Rec=99.628 Prec=99.772
Train Client5 [23/30] LR=0.0001000 loss=0.154 ACC=99.849 F1=94.222 Rec=94.982 Prec=94.890
Train Client6 [23/30] LR=0.0001000 loss=0.072 ACC=99.825 F1=99.797 Rec=99.797 Prec=99.797
Train Client7 [23/30] LR=0.0001000 loss=0.167 ACC=99.640 F1=98.486 Rec=99.852 Prec=97.238

Test-  OSR [23/30] LR=0.0001000 ACC=64.806 F1=66.722 Rec=78.046 Prec=66.998 UNK=15.371 OS*=90.580 HOS=26.282 AUROC=77.904 AUPR=53.696 OSCR=76.297
Test-Close [23/30] LR=0.0001000 loss=2.004 ACC=95.853 F1=96.037 Rec=96.630 Prec=95.781

Train Client0 [24/30] LR=0.0001000 loss=0.075 ACC=99.836 F1=99.399 Rec=99.598 Prec=99.213
Train Client1 [24/30] LR=0.0001000 loss=0.167 ACC=99.138 F1=93.701 Rec=96.527 Prec=92.376
Train Client2 [24/30] LR=0.0001000 loss=0.108 ACC=99.764 F1=99.154 Rec=98.693 Prec=99.643
Train Client3 [24/30] LR=0.0001000 loss=0.152 ACC=99.369 F1=79.045 Rec=79.176 Prec=78.921
Train Client4 [24/30] LR=0.0001000 loss=0.085 ACC=99.757 F1=99.398 Rec=99.220 Prec=99.582
Train Client5 [24/30] LR=0.0001000 loss=0.195 ACC=99.849 F1=94.936 Rec=99.872 Prec=92.000
Train Client6 [24/30] LR=0.0001000 loss=0.055 ACC=99.913 F1=99.798 Rec=99.859 Prec=99.739
Train Client7 [24/30] LR=0.0001000 loss=0.089 ACC=99.935 F1=97.758 Rec=99.973 Prec=95.987

Test-  OSR [24/30] LR=0.0001000 ACC=60.889 F1=63.486 Rec=76.233 Prec=63.155 UNK=4.882 OS*=90.503 HOS=9.265 AUROC=75.105 AUPR=50.411 OSCR=73.749
Test-Close [24/30] LR=0.0001000 loss=1.981 ACC=98.359 F1=98.146 Rec=98.511 Prec=97.828

Train Client0 [25/30] LR=0.0001000 loss=0.200 ACC=99.672 F1=99.747 Rec=99.626 Prec=99.870
Train Client1 [25/30] LR=0.0001000 loss=0.235 ACC=99.138 F1=92.904 Rec=96.527 Prec=90.629
Train Client2 [25/30] LR=0.0001000 loss=0.083 ACC=99.646 F1=98.163 Rec=98.659 Prec=97.692
Train Client3 [25/30] LR=0.0001000 loss=0.128 ACC=98.990 F1=74.044 Rec=75.249 Prec=73.023
Train Client4 [25/30] LR=0.0001000 loss=0.075 ACC=99.653 F1=99.082 Rec=99.056 Prec=99.108
Train Client5 [25/30] LR=0.0001000 loss=0.162 ACC=99.925 F1=97.088 Rec=95.000 Prec=99.890
Train Client6 [25/30] LR=0.0001000 loss=0.030 ACC=100.000 F1=100.000 Rec=100.000 Prec=100.000
Train Client7 [25/30] LR=0.0001000 loss=0.125 ACC=99.902 F1=99.639 Rec=99.960 Prec=99.329

Test-  OSR [25/30] LR=0.0001000 ACC=64.163 F1=66.170 Rec=77.823 Prec=65.775 UNK=12.206 OS*=90.946 HOS=21.524 AUROC=79.943 AUPR=58.056 OSCR=77.854
Test-Close [25/30] LR=0.0001000 loss=2.022 ACC=96.458 F1=96.557 Rec=97.052 Prec=96.310

Train Client0 [26/30] LR=0.0001000 loss=0.115 ACC=99.918 F1=79.790 Rec=79.600 Prec=79.981
Train Client1 [26/30] LR=0.0001000 loss=0.493 ACC=99.138 F1=94.635 Rec=98.256 Prec=92.363
Train Client2 [26/30] LR=0.0001000 loss=0.137 ACC=99.528 F1=99.086 Rec=98.486 Prec=99.717
Train Client3 [26/30] LR=0.0001000 loss=0.194 ACC=98.737 F1=73.862 Rec=79.222 Prec=70.571
Train Client4 [26/30] LR=0.0001000 loss=0.076 ACC=99.826 F1=99.738 Rec=99.847 Prec=99.631
Train Client5 [26/30] LR=0.0001000 loss=0.170 ACC=99.774 F1=92.968 Rec=94.779 Prec=93.205
Train Client6 [26/30] LR=0.0001000 loss=0.051 ACC=99.956 F1=99.949 Rec=99.969 Prec=99.930
Train Client7 [26/30] LR=0.0001000 loss=0.218 ACC=99.182 F1=92.699 Rec=94.676 Prec=91.071

Test-  OSR [26/30] LR=0.0001000 ACC=65.683 F1=66.541 Rec=79.488 Prec=66.510 UNK=11.392 OS*=93.107 HOS=20.301 AUROC=74.786 AUPR=52.093 OSCR=73.472
Test-Close [26/30] LR=0.0001000 loss=2.046 ACC=95.680 F1=95.940 Rec=96.549 Prec=95.640

Train Client0 [27/30] LR=0.0001000 loss=0.047 ACC=99.891 F1=99.273 Rec=99.490 Prec=99.059
Train Client1 [27/30] LR=0.0001000 loss=0.133 ACC=99.569 F1=94.238 Rec=97.398 Prec=92.593
Train Client2 [27/30] LR=0.0001000 loss=0.066 ACC=99.646 F1=97.304 Rec=98.585 Prec=96.213
Train Client3 [27/30] LR=0.0001000 loss=0.142 ACC=98.864 F1=74.625 Rec=79.302 Prec=71.388
Train Client4 [27/30] LR=0.0001000 loss=0.172 ACC=99.618 F1=99.343 Rec=99.225 Prec=99.462
Train Client5 [27/30] LR=0.0001000 loss=0.135 ACC=99.774 F1=90.832 Rec=99.667 Prec=85.333
Train Client6 [27/30] LR=0.0001000 loss=0.040 ACC=99.956 F1=99.949 Rec=99.969 Prec=99.930
Train Client7 [27/30] LR=0.0001000 loss=0.085 ACC=99.804 F1=98.118 Rec=97.710 Prec=98.697

Test-  OSR [27/30] LR=0.0001000 ACC=66.881 F1=66.854 Rec=81.547 Prec=68.840 UNK=5.515 OS*=96.753 HOS=10.436 AUROC=75.998 AUPR=59.517 OSCR=75.282
Test-Close [27/30] LR=0.0001000 loss=1.919 ACC=97.927 F1=97.752 Rec=98.225 Prec=97.349

Train Client0 [28/30] LR=0.0001000 loss=0.054 ACC=99.945 F1=99.858 Rec=99.858 Prec=99.858
Train Client1 [28/30] LR=0.0001000 loss=0.096 ACC=99.353 F1=98.669 Rec=98.995 Prec=98.358
Train Client2 [28/30] LR=0.0001000 loss=0.290 ACC=99.292 F1=98.902 Rec=99.160 Prec=98.676
Train Client3 [28/30] LR=0.0001000 loss=0.120 ACC=99.242 F1=91.938 Rec=95.347 Prec=89.307
Train Client4 [28/30] LR=0.0001000 loss=0.083 ACC=99.549 F1=99.146 Rec=99.213 Prec=99.082
Train Client5 [28/30] LR=0.0001000 loss=0.122 ACC=100.000 F1=100.000 Rec=100.000 Prec=100.000
Train Client6 [28/30] LR=0.0001000 loss=0.141 ACC=99.650 F1=99.273 Rec=99.231 Prec=99.315
Train Client7 [28/30] LR=0.0001000 loss=0.085 ACC=99.902 F1=97.423 Rec=99.959 Prec=95.342

Test-  OSR [28/30] LR=0.0001000 ACC=65.507 F1=66.006 Rec=80.856 Prec=65.550 UNK=1.989 OS*=96.629 HOS=3.898 AUROC=76.396 AUPR=52.969 OSCR=75.823
Test-Close [28/30] LR=0.0001000 loss=1.902 ACC=97.365 F1=97.052 Rec=97.751 Prec=96.558

Train Client0 [29/30] LR=0.0001000 loss=0.040 ACC=100.000 F1=100.000 Rec=100.000 Prec=100.000
Train Client1 [29/30] LR=0.0001000 loss=0.606 ACC=99.353 F1=95.419 Rec=99.027 Prec=93.162
Train Client2 [29/30] LR=0.0001000 loss=0.127 ACC=99.823 F1=98.334 Rec=98.789 Prec=97.904
Train Client3 [29/30] LR=0.0001000 loss=0.189 ACC=98.864 F1=73.020 Rec=79.300 Prec=69.481
Train Client4 [29/30] LR=0.0001000 loss=0.083 ACC=99.757 F1=99.596 Rec=99.583 Prec=99.610
Train Client5 [29/30] LR=0.0001000 loss=0.117 ACC=99.925 F1=97.087 Rec=99.890 Prec=95.000
Train Client6 [29/30] LR=0.0001000 loss=0.267 ACC=99.432 F1=99.405 Rec=99.361 Prec=99.454
Train Client7 [29/30] LR=0.0001000 loss=0.155 ACC=99.575 F1=98.460 Rec=99.825 Prec=97.212

Test-  OSR [29/30] LR=0.0001000 ACC=63.549 F1=64.933 Rec=78.644 Prec=64.001 UNK=4.430 OS*=93.487 HOS=8.460 AUROC=72.294 AUPR=46.811 OSCR=71.664
Test-Close [29/30] LR=0.0001000 loss=2.021 ACC=95.896 F1=95.877 Rec=96.626 Prec=95.458

------>Best performance (by OSCR)--->>>>>>>

Test-  OSR [0/30] LR=0.0001000 ACC=66.939 F1=65.419 Rec=82.299 Prec=58.175 UNK=0.000 OS*=98.758 HOS=0.000 AUROC=95.854 AUPR=90.962 OSCR=95.344
Test-Close [0/30] LR=0.0001000 loss=1.663 ACC=98.920 F1=98.746 Rec=98.758 Prec=98.739
=====================================================================================================================================
The ending time ：2026-06-03 14:44:58
