Logging to: ./logs/Bloodmnist_Pretrain_K5_U3_seed0_20260629_200330.log
==> Preparing data..
The number of class each [(6, 2330), (1, 2181), (3, 2026), (7, 1643), (2, 1085), (5, 993), (0, 852), (4, 849)]
The numbers of Training, Val, Test sets, 11959, 1712, 3421
{6: 0, 2: 1, 1: 2, 7: 3, 3: 4} {0: 5, 5: 6, 4: 7}
[6 2 1 7 3] [0 1 2 3 4] [0 5 4] [5 6 7]
Known and Unknow in Train: 9265 2694
Known and Unknow in Val: 1325 387
Known and Unknow in Test: 2650 771
Client0 sample num: 3004
Client1 sample num: 3815
Client2 sample num: 3746
Client3 sample num: 932
Client4 sample num: 2576
Client5 sample num: 1878
Client6 sample num: 611
Client7 sample num: 1968

>>> Setting up
==> Using device: cuda:0
==> Building [Resnet18] model..
154
120
Train Client0 [0/50] LR=0.0005000 loss=0.706 ACC=88.500 F1=60.463 Rec=60.318 Prec=60.937
Train Client1 [0/50] LR=0.0005000 loss=0.898 ACC=84.112 F1=63.271 Rec=62.451 Prec=64.432
Train Client2 [0/50] LR=0.0005000 loss=0.514 ACC=92.228 F1=60.680 Rec=59.592 Prec=65.438
Train Client3 [0/50] LR=0.0005000 loss=0.948 ACC=85.022 F1=56.827 Rec=56.018 Prec=57.977
Train Client4 [0/50] LR=0.0005000 loss=0.601 ACC=90.062 F1=42.112 Rec=40.489 Prec=44.768
Train Client5 [0/50] LR=0.0005000 loss=0.762 ACC=87.179 F1=54.058 Rec=53.792 Prec=55.462
Train Client6 [0/50] LR=0.0005000 loss=0.866 ACC=87.664 F1=62.207 Rec=60.284 Prec=64.912
Train Client7 [0/50] LR=0.0005000 loss=0.449 ACC=92.835 F1=67.919 Rec=66.733 Prec=70.969

Val    [0/50] LR=0.0005000 loss=5.027 ACC=25.132 F1=8.034 Rec=20.000 Prec=5.026

Test-  OSR [0/50] LR=0.0005000 ACC=19.468 F1=5.432 Rec=16.667 Prec=3.245 UNK=0.000 OS*=20.000 HOS=0.000 AUROC=70.039 AUPR=30.460 OSCR=24.651
Test-Close [0/50] LR=0.0005000 loss=5.024 ACC=25.132 F1=8.034 Rec=20.000 Prec=5.026
Saving best model . . . . . . . .

Saving model at epoch 0 . . . . . . . .

Train Client0 [1/50] LR=0.0005000 loss=0.499 ACC=91.400 F1=64.904 Rec=64.521 Prec=65.470
Train Client1 [1/50] LR=0.0005000 loss=0.683 ACC=87.868 F1=67.343 Rec=66.541 Prec=68.748
Train Client2 [1/50] LR=0.0005000 loss=0.461 ACC=92.735 F1=68.510 Rec=66.793 Prec=71.742
Train Client3 [1/50] LR=0.0005000 loss=0.603 ACC=88.793 F1=62.254 Rec=61.723 Prec=62.947
Train Client4 [1/50] LR=0.0005000 loss=0.484 ACC=91.693 F1=52.153 Rec=48.419 Prec=58.208
Train Client5 [1/50] LR=0.0005000 loss=0.553 ACC=90.491 F1=59.267 Rec=58.400 Prec=61.208
Train Client6 [1/50] LR=0.0005000 loss=0.576 ACC=93.586 F1=80.612 Rec=79.146 Prec=82.390
Train Client7 [1/50] LR=0.0005000 loss=0.385 ACC=94.461 F1=72.074 Rec=71.117 Prec=74.138

Val    [1/50] LR=0.0005000 loss=3.800 ACC=29.660 F1=14.787 Rec=23.846 Prec=25.265

Test-  OSR [1/50] LR=0.0005000 ACC=22.859 F1=10.841 Rec=19.767 Prec=19.881 UNK=0.000 OS*=23.720 HOS=0.000 AUROC=46.263 AUPR=18.993 OSCR=24.719
Test-Close [1/50] LR=0.0005000 loss=3.792 ACC=29.509 F1=14.625 Rec=23.720 Prec=25.083
Saving best model . . . . . . . .

Train Client0 [2/50] LR=0.0005000 loss=0.535 ACC=90.733 F1=64.676 Rec=64.044 Prec=65.610
Train Client1 [2/50] LR=0.0005000 loss=0.716 ACC=87.736 F1=66.253 Rec=65.691 Prec=67.857
Train Client2 [2/50] LR=0.0005000 loss=0.426 ACC=93.483 F1=63.718 Rec=62.308 Prec=68.351
Train Client3 [2/50] LR=0.0005000 loss=0.592 ACC=91.379 F1=65.603 Rec=64.938 Prec=66.331
Train Client4 [2/50] LR=0.0005000 loss=0.376 ACC=93.129 F1=58.753 Rec=57.534 Prec=60.169
Train Client5 [2/50] LR=0.0005000 loss=0.478 ACC=92.254 F1=65.742 Rec=64.638 Prec=67.083
Train Client6 [2/50] LR=0.0005000 loss=0.636 ACC=92.599 F1=65.484 Rec=63.291 Prec=68.562
Train Client7 [2/50] LR=0.0005000 loss=0.398 ACC=94.868 F1=81.387 Rec=79.131 Prec=84.398

Val    [2/50] LR=0.0005000 loss=2.827 ACC=32.453 F1=20.054 Rec=26.869 Prec=40.234

Test-  OSR [2/50] LR=0.0005000 ACC=25.373 F1=15.754 Rec=22.694 Prec=32.384 UNK=0.000 OS*=27.233 HOS=0.000 AUROC=43.933 AUPR=18.394 OSCR=24.690
Test-Close [2/50] LR=0.0005000 loss=2.830 ACC=32.755 F1=20.627 Rec=27.233 Prec=40.187
Train Client0 [3/50] LR=0.0005000 loss=0.532 ACC=91.067 F1=81.838 Rec=81.057 Prec=82.866
Train Client1 [3/50] LR=0.0005000 loss=0.493 ACC=90.809 F1=82.772 Rec=81.618 Prec=84.273
Train Client2 [3/50] LR=0.0005000 loss=0.275 ACC=95.967 F1=76.696 Rec=74.277 Prec=80.042
Train Client3 [3/50] LR=0.0005000 loss=0.582 ACC=90.302 F1=65.269 Rec=65.406 Prec=65.235
Train Client4 [3/50] LR=0.0005000 loss=0.397 ACC=93.478 F1=55.090 Rec=53.131 Prec=57.827
Train Client5 [3/50] LR=0.0005000 loss=0.528 ACC=92.308 F1=67.038 Rec=66.503 Prec=67.645
Train Client6 [3/50] LR=0.0005000 loss=0.546 ACC=93.421 F1=72.104 Rec=69.752 Prec=75.914
Train Client7 [3/50] LR=0.0005000 loss=0.437 ACC=93.801 F1=74.545 Rec=73.046 Prec=76.664

Val    [3/50] LR=0.0005000 loss=2.285 ACC=72.604 F1=63.383 Rec=66.611 Prec=83.727

Test-  OSR [3/50] LR=0.0005000 ACC=56.738 F1=47.409 Rec=56.089 Prec=49.918 UNK=0.000 OS*=67.307 HOS=0.000 AUROC=83.636 AUPR=51.126 OSCR=65.338
Test-Close [3/50] LR=0.0005000 loss=2.288 ACC=73.245 F1=64.251 Rec=67.307 Prec=83.592
Saving best model . . . . . . . .

Train Client0 [4/50] LR=0.0005000 loss=0.465 ACC=91.633 F1=66.268 Rec=66.532 Prec=66.109
Train Client1 [4/50] LR=0.0005000 loss=0.543 ACC=90.441 F1=78.319 Rec=77.533 Prec=79.292
Train Client2 [4/50] LR=0.0005000 loss=0.390 ACC=93.910 F1=69.021 Rec=67.058 Prec=73.082
Train Client3 [4/50] LR=0.0005000 loss=0.466 ACC=91.272 F1=65.429 Rec=65.669 Prec=65.417
Train Client4 [4/50] LR=0.0005000 loss=0.420 ACC=92.702 F1=57.318 Rec=57.103 Prec=57.638
Train Client5 [4/50] LR=0.0005000 loss=0.398 ACC=93.750 F1=68.746 Rec=68.903 Prec=68.602
Train Client6 [4/50] LR=0.0005000 loss=0.566 ACC=92.434 F1=73.222 Rec=71.699 Prec=76.763
Train Client7 [4/50] LR=0.0005000 loss=0.325 ACC=95.020 F1=75.523 Rec=73.178 Prec=79.567

Val    [4/50] LR=0.0005000 loss=2.172 ACC=85.132 F1=82.473 Rec=81.680 Prec=89.102

Test-  OSR [4/50] LR=0.0005000 ACC=65.624 F1=61.368 Rec=67.943 Prec=60.045 UNK=0.000 OS*=81.531 HOS=0.000 AUROC=66.469 AUPR=30.965 OSCR=62.193
Test-Close [4/50] LR=0.0005000 loss=2.176 ACC=84.717 F1=82.272 Rec=81.531 Prec=88.645
Train Client0 [5/50] LR=0.0005000 loss=0.416 ACC=93.000 F1=66.685 Rec=65.891 Prec=67.674
Train Client1 [5/50] LR=0.0005000 loss=0.460 ACC=93.015 F1=83.282 Rec=81.146 Prec=86.745
Train Client2 [5/50] LR=0.0005000 loss=0.259 ACC=96.047 F1=84.175 Rec=82.817 Prec=86.010
Train Client3 [5/50] LR=0.0005000 loss=0.361 ACC=95.259 F1=72.341 Rec=72.317 Prec=72.382
Train Client4 [5/50] LR=0.0005000 loss=0.364 ACC=93.983 F1=62.958 Rec=62.527 Prec=63.426
Train Client5 [5/50] LR=0.0005000 loss=0.334 ACC=93.590 F1=74.909 Rec=76.027 Prec=74.047
Train Client6 [5/50] LR=0.0005000 loss=0.602 ACC=94.572 F1=81.600 Rec=81.762 Prec=81.783
Train Client7 [5/50] LR=0.0005000 loss=0.351 ACC=96.240 F1=85.474 Rec=84.209 Prec=87.162

Val    [5/50] LR=0.0005000 loss=2.117 ACC=91.623 F1=89.547 Rec=88.538 Prec=93.411

Test-  OSR [5/50] LR=0.0005000 ACC=71.441 F1=68.763 Rec=74.606 Prec=67.326 UNK=0.000 OS*=89.528 HOS=0.000 AUROC=68.981 AUPR=30.081 OSCR=67.150
Test-Close [5/50] LR=0.0005000 loss=2.120 ACC=92.226 F1=90.447 Rec=89.528 Prec=93.666
Saving best model . . . . . . . .

Saving model at epoch 5 . . . . . . . .

Train Client0 [6/50] LR=0.0005000 loss=0.403 ACC=94.867 F1=71.625 Rec=71.194 Prec=72.111
Train Client1 [6/50] LR=0.0005000 loss=0.465 ACC=92.306 F1=87.400 Rec=86.865 Prec=87.996
Train Client2 [6/50] LR=0.0005000 loss=0.252 ACC=96.741 F1=81.747 Rec=80.409 Prec=83.278
Train Client3 [6/50] LR=0.0005000 loss=0.414 ACC=94.397 F1=70.835 Rec=71.454 Prec=70.306
Train Client4 [6/50] LR=0.0005000 loss=0.258 ACC=95.458 F1=67.827 Rec=69.637 Prec=66.265
Train Client5 [6/50] LR=0.0005000 loss=0.267 ACC=96.154 F1=77.902 Rec=79.719 Prec=77.264
Train Client6 [6/50] LR=0.0005000 loss=0.521 ACC=95.066 F1=84.862 Rec=84.780 Prec=85.163
Train Client7 [6/50] LR=0.0005000 loss=0.324 ACC=96.748 F1=87.536 Rec=87.217 Prec=87.866

Val    [6/50] LR=0.0005000 loss=1.958 ACC=95.774 F1=95.477 Rec=95.035 Prec=96.072

Test-  OSR [6/50] LR=0.0005000 ACC=73.780 F1=70.764 Rec=78.624 Prec=66.053 UNK=0.000 OS*=94.349 HOS=0.000 AUROC=80.333 AUPR=46.134 OSCR=78.642
Test-Close [6/50] LR=0.0005000 loss=1.960 ACC=95.245 F1=94.957 Rec=94.349 Prec=95.809
Saving best model . . . . . . . .

Train Client0 [7/50] LR=0.0005000 loss=0.351 ACC=94.367 F1=70.732 Rec=70.518 Prec=70.974
Train Client1 [7/50] LR=0.0005000 loss=0.394 ACC=93.067 F1=85.258 Rec=84.850 Prec=85.726
Train Client2 [7/50] LR=0.0005000 loss=0.284 ACC=96.394 F1=80.993 Rec=79.267 Prec=83.162
Train Client3 [7/50] LR=0.0005000 loss=0.405 ACC=94.504 F1=70.914 Rec=71.651 Prec=70.265
Train Client4 [7/50] LR=0.0005000 loss=0.237 ACC=95.924 F1=67.129 Rec=69.070 Prec=65.610
Train Client5 [7/50] LR=0.0005000 loss=0.275 ACC=96.368 F1=72.394 Rec=72.784 Prec=72.054
Train Client6 [7/50] LR=0.0005000 loss=0.349 ACC=95.888 F1=84.997 Rec=84.538 Prec=85.636
Train Client7 [7/50] LR=0.0005000 loss=0.286 ACC=96.900 F1=85.856 Rec=84.526 Prec=87.453

Val    [7/50] LR=0.0005000 loss=1.954 ACC=93.585 F1=93.670 Rec=93.071 Prec=95.134

Test-  OSR [7/50] LR=0.0005000 ACC=72.289 F1=70.532 Rec=77.290 Prec=68.004 UNK=0.000 OS*=92.748 HOS=0.000 AUROC=73.039 AUPR=32.935 OSCR=71.901
Test-Close [7/50] LR=0.0005000 loss=1.960 ACC=93.321 F1=93.329 Rec=92.748 Prec=94.721
Train Client0 [8/50] LR=0.0005000 loss=0.328 ACC=95.733 F1=91.603 Rec=90.904 Prec=92.415
Train Client1 [8/50] LR=0.0005000 loss=0.382 ACC=94.407 F1=88.603 Rec=87.354 Prec=90.250
Train Client2 [8/50] LR=0.0005000 loss=0.184 ACC=97.569 F1=87.862 Rec=87.654 Prec=88.135
Train Client3 [8/50] LR=0.0005000 loss=0.317 ACC=95.474 F1=82.028 Rec=82.069 Prec=82.090
Train Client4 [8/50] LR=0.0005000 loss=0.218 ACC=96.700 F1=72.126 Rec=71.828 Prec=72.476
Train Client5 [8/50] LR=0.0005000 loss=0.237 ACC=96.207 F1=79.542 Rec=82.418 Prec=78.247
Train Client6 [8/50] LR=0.0005000 loss=0.265 ACC=96.053 F1=86.890 Rec=87.491 Prec=86.452
Train Client7 [8/50] LR=0.0005000 loss=0.156 ACC=97.663 F1=89.662 Rec=88.564 Prec=90.958

Val    [8/50] LR=0.0005000 loss=1.935 ACC=92.755 F1=92.412 Rec=91.438 Prec=94.850

Test-  OSR [8/50] LR=0.0005000 ACC=71.880 F1=70.323 Rec=76.410 Prec=68.441 UNK=0.000 OS*=91.692 HOS=0.000 AUROC=70.035 AUPR=31.465 OSCR=68.664
Test-Close [8/50] LR=0.0005000 loss=1.936 ACC=92.792 F1=92.554 Rec=91.692 Prec=94.572
Train Client0 [9/50] LR=0.0005000 loss=0.329 ACC=96.400 F1=74.925 Rec=74.847 Prec=75.013
Train Client1 [9/50] LR=0.0005000 loss=0.349 ACC=94.564 F1=88.568 Rec=88.341 Prec=88.884
Train Client2 [9/50] LR=0.0005000 loss=0.211 ACC=97.035 F1=82.969 Rec=81.727 Prec=84.462
Train Client3 [9/50] LR=0.0005000 loss=0.275 ACC=96.552 F1=82.708 Rec=85.064 Prec=81.029
Train Client4 [9/50] LR=0.0005000 loss=0.204 ACC=96.623 F1=76.472 Rec=76.634 Prec=76.436
Train Client5 [9/50] LR=0.0005000 loss=0.234 ACC=97.276 F1=75.180 Rec=75.279 Prec=75.084
Train Client6 [9/50] LR=0.0005000 loss=0.498 ACC=96.217 F1=87.060 Rec=88.384 Prec=85.857
Train Client7 [9/50] LR=0.0005000 loss=0.233 ACC=97.612 F1=89.752 Rec=89.371 Prec=90.199

Val    [9/50] LR=0.0005000 loss=1.903 ACC=94.038 F1=93.263 Rec=92.276 Prec=95.162

Test-  OSR [9/50] LR=0.0005000 ACC=73.575 F1=71.289 Rec=77.803 Prec=68.237 UNK=0.000 OS*=93.364 HOS=0.000 AUROC=81.905 AUPR=44.420 OSCR=80.263
Test-Close [9/50] LR=0.0005000 loss=1.901 ACC=94.981 F1=94.254 Rec=93.364 Prec=95.810
Saving best model . . . . . . . .

Train Client0 [10/50] LR=0.0005000 loss=0.287 ACC=96.067 F1=73.498 Rec=72.460 Prec=74.819
Train Client1 [10/50] LR=0.0005000 loss=0.419 ACC=94.538 F1=89.103 Rec=87.642 Prec=91.124
Train Client2 [10/50] LR=0.0005000 loss=0.195 ACC=97.970 F1=89.880 Rec=90.149 Prec=89.667
Train Client3 [10/50] LR=0.0005000 loss=0.314 ACC=96.444 F1=87.184 Rec=94.053 Prec=83.661
Train Client4 [10/50] LR=0.0005000 loss=0.229 ACC=96.196 F1=78.394 Rec=74.245 Prec=91.670
Train Client5 [10/50] LR=0.0005000 loss=0.300 ACC=97.863 F1=76.459 Rec=76.001 Prec=76.934
Train Client6 [10/50] LR=0.0005000 loss=0.253 ACC=97.368 F1=91.800 Rec=91.208 Prec=92.443
Train Client7 [10/50] LR=0.0005000 loss=0.260 ACC=98.018 F1=91.036 Rec=89.682 Prec=92.626

Val    [10/50] LR=0.0005000 loss=1.895 ACC=94.642 F1=94.264 Rec=93.604 Prec=95.503

Test-  OSR [10/50] LR=0.0005000 ACC=73.809 F1=71.443 Rec=78.516 Prec=68.042 UNK=0.000 OS*=94.219 HOS=0.000 AUROC=72.551 AUPR=35.402 OSCR=71.386
Test-Close [10/50] LR=0.0005000 loss=1.897 ACC=95.283 F1=94.874 Rec=94.219 Prec=96.035
Saving model at epoch 10 . . . . . . . .

>> New learning Rate: 0.00025
Train Client0 [11/50] LR=0.0002500 loss=0.257 ACC=97.500 F1=76.344 Rec=75.946 Prec=76.771
Train Client1 [11/50] LR=0.0002500 loss=0.197 ACC=96.901 F1=94.701 Rec=94.999 Prec=94.432
Train Client2 [11/50] LR=0.0002500 loss=0.138 ACC=98.665 F1=92.354 Rec=92.375 Prec=92.348
Train Client3 [11/50] LR=0.0002500 loss=0.137 ACC=97.953 F1=92.199 Rec=96.951 Prec=88.842
Train Client4 [11/50] LR=0.0002500 loss=0.148 ACC=98.175 F1=84.863 Rec=85.841 Prec=84.022
Train Client5 [11/50] LR=0.0002500 loss=0.088 ACC=98.718 F1=84.874 Rec=90.290 Prec=83.283
Train Client6 [11/50] LR=0.0002500 loss=0.087 ACC=98.355 F1=94.696 Rec=95.347 Prec=94.093
Train Client7 [11/50] LR=0.0002500 loss=0.128 ACC=98.933 F1=95.657 Rec=96.168 Prec=95.175

Val    [11/50] LR=0.0002500 loss=1.822 ACC=96.075 F1=95.918 Rec=95.371 Prec=96.649

Test-  OSR [11/50] LR=0.0002500 ACC=74.569 F1=71.943 Rec=79.677 Prec=67.529 UNK=0.000 OS*=95.613 HOS=0.000 AUROC=79.930 AUPR=45.028 OSCR=78.884
Test-Close [11/50] LR=0.0002500 loss=1.826 ACC=96.264 F1=96.124 Rec=95.613 Prec=96.787
Train Client0 [12/50] LR=0.0002500 loss=0.145 ACC=97.967 F1=76.757 Rec=76.341 Prec=77.218
Train Client1 [12/50] LR=0.0002500 loss=0.229 ACC=97.059 F1=95.287 Rec=95.615 Prec=94.976
Train Client2 [12/50] LR=0.0002500 loss=0.066 ACC=98.985 F1=93.762 Rec=93.748 Prec=93.887
Train Client3 [12/50] LR=0.0002500 loss=0.120 ACC=98.599 F1=87.805 Rec=88.136 Prec=87.485
Train Client4 [12/50] LR=0.0002500 loss=0.115 ACC=98.447 F1=93.285 Rec=91.530 Prec=95.767
Train Client5 [12/50] LR=0.0002500 loss=0.144 ACC=98.024 F1=76.445 Rec=76.872 Prec=76.052
Train Client6 [12/50] LR=0.0002500 loss=0.611 ACC=97.862 F1=95.146 Rec=95.138 Prec=95.292
Train Client7 [12/50] LR=0.0002500 loss=0.235 ACC=98.933 F1=94.958 Rec=93.526 Prec=96.647

Val    [12/50] LR=0.0002500 loss=1.818 ACC=96.226 F1=96.220 Rec=96.040 Prec=96.452

Test-  OSR [12/50] LR=0.0002500 ACC=74.949 F1=72.100 Rec=80.345 Prec=67.415 UNK=0.000 OS*=96.414 HOS=0.000 AUROC=76.653 AUPR=41.009 OSCR=76.003
Test-Close [12/50] LR=0.0002500 loss=1.820 ACC=96.755 F1=96.737 Rec=96.414 Prec=97.133
Train Client0 [13/50] LR=0.0002500 loss=0.134 ACC=97.933 F1=77.211 Rec=76.998 Prec=77.433
Train Client1 [13/50] LR=0.0002500 loss=0.187 ACC=97.374 F1=95.725 Rec=96.118 Prec=95.375
Train Client2 [13/50] LR=0.0002500 loss=0.078 ACC=98.825 F1=92.630 Rec=92.723 Prec=92.580
Train Client3 [13/50] LR=0.0002500 loss=0.174 ACC=98.060 F1=96.377 Rec=97.080 Prec=95.749
Train Client4 [13/50] LR=0.0002500 loss=0.106 ACC=98.486 F1=86.848 Rec=86.231 Prec=87.992
Train Client5 [13/50] LR=0.0002500 loss=0.095 ACC=98.878 F1=88.229 Rec=91.709 Prec=86.087
Train Client6 [13/50] LR=0.0002500 loss=0.204 ACC=97.697 F1=92.619 Rec=92.008 Prec=93.411
Train Client7 [13/50] LR=0.0002500 loss=0.057 ACC=99.187 F1=96.085 Rec=95.528 Prec=96.756

Val    [13/50] LR=0.0002500 loss=1.823 ACC=96.000 F1=95.890 Rec=95.591 Prec=96.397

Test-  OSR [13/50] LR=0.0002500 ACC=74.510 F1=72.122 Rec=79.693 Prec=68.276 UNK=0.000 OS*=95.631 HOS=0.000 AUROC=78.424 AUPR=40.069 OSCR=77.758
Test-Close [13/50] LR=0.0002500 loss=1.824 ACC=96.189 F1=96.077 Rec=95.631 Prec=96.756
Train Client0 [14/50] LR=0.0002500 loss=0.169 ACC=98.133 F1=77.599 Rec=77.423 Prec=77.784
Train Client1 [14/50] LR=0.0002500 loss=0.222 ACC=97.505 F1=95.656 Rec=95.342 Prec=95.992
Train Client2 [14/50] LR=0.0002500 loss=0.167 ACC=98.905 F1=94.322 Rec=94.782 Prec=93.878
Train Client3 [14/50] LR=0.0002500 loss=0.158 ACC=98.060 F1=90.402 Rec=87.877 Prec=96.394
Train Client4 [14/50] LR=0.0002500 loss=0.098 ACC=98.486 F1=89.919 Rec=90.556 Prec=89.352
Train Client5 [14/50] LR=0.0002500 loss=0.074 ACC=99.092 F1=83.475 Rec=84.855 Prec=82.766
Train Client6 [14/50] LR=0.0002500 loss=0.180 ACC=97.697 F1=92.271 Rec=92.026 Prec=92.602
Train Client7 [14/50] LR=0.0002500 loss=0.247 ACC=98.831 F1=95.374 Rec=95.469 Prec=95.365

Val    [14/50] LR=0.0002500 loss=1.795 ACC=96.679 F1=96.456 Rec=96.040 Prec=96.983

Test-  OSR [14/50] LR=0.0002500 ACC=74.949 F1=72.455 Rec=80.143 Prec=68.052 UNK=0.000 OS*=96.172 HOS=0.000 AUROC=83.628 AUPR=49.368 OSCR=82.822
Test-Close [14/50] LR=0.0002500 loss=1.797 ACC=96.755 F1=96.616 Rec=96.172 Prec=97.169
Saving best model . . . . . . . .

Train Client0 [15/50] LR=0.0002500 loss=0.146 ACC=98.267 F1=77.695 Rec=77.232 Prec=78.194
Train Client1 [15/50] LR=0.0002500 loss=0.194 ACC=96.980 F1=94.618 Rec=95.579 Prec=93.723
Train Client2 [15/50] LR=0.0002500 loss=0.114 ACC=99.065 F1=95.737 Rec=96.757 Prec=94.806
Train Client3 [15/50] LR=0.0002500 loss=0.143 ACC=98.168 F1=97.253 Rec=97.587 Prec=96.939
Train Client4 [15/50] LR=0.0002500 loss=0.119 ACC=98.874 F1=88.478 Rec=87.137 Prec=90.297
Train Client5 [15/50] LR=0.0002500 loss=0.129 ACC=99.092 F1=89.818 Rec=91.559 Prec=88.558
Train Client6 [15/50] LR=0.0002500 loss=0.111 ACC=98.684 F1=96.210 Rec=95.445 Prec=97.048
Train Client7 [15/50] LR=0.0002500 loss=0.070 ACC=99.238 F1=96.260 Rec=95.198 Prec=97.450

Val    [15/50] LR=0.0002500 loss=1.816 ACC=95.698 F1=95.781 Rec=95.401 Prec=96.379

Test-  OSR [15/50] LR=0.0002500 ACC=73.692 F1=70.858 Rec=79.000 Prec=65.478 UNK=0.000 OS*=94.800 HOS=0.000 AUROC=85.041 AUPR=52.076 OSCR=83.410
Test-Close [15/50] LR=0.0002500 loss=1.824 ACC=95.132 F1=95.295 Rec=94.800 Prec=96.070
Saving best model . . . . . . . .

Saving model at epoch 15 . . . . . . . .

Train Client0 [16/50] LR=0.0002500 loss=0.100 ACC=98.500 F1=97.455 Rec=96.826 Prec=98.142
Train Client1 [16/50] LR=0.0002500 loss=0.162 ACC=97.847 F1=95.862 Rec=95.959 Prec=95.779
Train Client2 [16/50] LR=0.0002500 loss=0.064 ACC=99.145 F1=94.121 Rec=94.706 Prec=93.561
Train Client3 [16/50] LR=0.0002500 loss=0.182 ACC=98.276 F1=97.156 Rec=97.733 Prec=96.598
Train Client4 [16/50] LR=0.0002500 loss=0.089 ACC=98.564 F1=87.206 Rec=87.004 Prec=87.970
Train Client5 [16/50] LR=0.0002500 loss=0.114 ACC=98.718 F1=91.346 Rec=91.599 Prec=91.100
Train Client6 [16/50] LR=0.0002500 loss=0.144 ACC=98.026 F1=93.409 Rec=93.748 Prec=93.087
Train Client7 [16/50] LR=0.0002500 loss=0.103 ACC=99.339 F1=96.946 Rec=97.590 Prec=96.355

Val    [16/50] LR=0.0002500 loss=1.792 ACC=96.981 F1=96.885 Rec=96.515 Prec=97.361

Test-  OSR [16/50] LR=0.0002500 ACC=74.803 F1=72.267 Rec=79.996 Prec=67.954 UNK=0.000 OS*=95.995 HOS=0.000 AUROC=78.882 AUPR=42.998 OSCR=78.238
Test-Close [16/50] LR=0.0002500 loss=1.796 ACC=96.566 F1=96.444 Rec=95.995 Prec=97.021
Train Client0 [17/50] LR=0.0002500 loss=0.123 ACC=98.400 F1=78.309 Rec=78.122 Prec=78.504
Train Client1 [17/50] LR=0.0002500 loss=0.144 ACC=97.873 F1=96.279 Rec=96.343 Prec=96.225
Train Client2 [17/50] LR=0.0002500 loss=0.054 ACC=99.092 F1=95.319 Rec=95.578 Prec=95.101
Train Client3 [17/50] LR=0.0002500 loss=0.082 ACC=99.138 F1=88.674 Rec=88.683 Prec=88.669
Train Client4 [17/50] LR=0.0002500 loss=0.117 ACC=98.370 F1=87.510 Rec=91.434 Prec=84.629
Train Client5 [17/50] LR=0.0002500 loss=0.094 ACC=99.145 F1=93.778 Rec=98.964 Prec=90.598
Train Client6 [17/50] LR=0.0002500 loss=0.163 ACC=98.520 F1=95.795 Rec=94.803 Prec=96.863
Train Client7 [17/50] LR=0.0002500 loss=0.088 ACC=99.289 F1=96.972 Rec=96.483 Prec=97.488

Val    [17/50] LR=0.0002500 loss=1.774 ACC=96.906 F1=96.953 Rec=96.862 Prec=97.096

Test-  OSR [17/50] LR=0.0002500 ACC=75.124 F1=72.255 Rec=80.813 Prec=67.451 UNK=0.000 OS*=96.976 HOS=0.000 AUROC=81.052 AUPR=44.302 OSCR=80.544
Test-Close [17/50] LR=0.0002500 loss=1.780 ACC=96.981 F1=97.097 Rec=96.976 Prec=97.243
Train Client0 [18/50] LR=0.0002500 loss=0.205 ACC=97.600 F1=76.593 Rec=75.987 Prec=77.243
Train Client1 [18/50] LR=0.0002500 loss=0.153 ACC=97.532 F1=95.522 Rec=96.281 Prec=94.838
Train Client2 [18/50] LR=0.0002500 loss=0.120 ACC=98.771 F1=94.566 Rec=95.239 Prec=93.936
Train Client3 [18/50] LR=0.0002500 loss=0.154 ACC=98.276 F1=93.254 Rec=97.890 Prec=89.980
Train Client4 [18/50] LR=0.0002500 loss=0.129 ACC=98.641 F1=87.855 Rec=87.022 Prec=89.215
Train Client5 [18/50] LR=0.0002500 loss=0.074 ACC=98.932 F1=85.536 Rec=90.317 Prec=83.837
Train Client6 [18/50] LR=0.0002500 loss=0.166 ACC=98.520 F1=94.784 Rec=94.804 Prec=94.801
Train Client7 [18/50] LR=0.0002500 loss=0.107 ACC=99.441 F1=97.443 Rec=98.111 Prec=96.829

Val    [18/50] LR=0.0002500 loss=1.793 ACC=96.755 F1=96.744 Rec=96.609 Prec=96.977

Test-  OSR [18/50] LR=0.0002500 ACC=75.124 F1=72.549 Rec=80.732 Prec=68.250 UNK=0.000 OS*=96.879 HOS=0.000 AUROC=76.144 AUPR=38.536 OSCR=75.641
Test-Close [18/50] LR=0.0002500 loss=1.794 ACC=96.981 F1=97.081 Rec=96.879 Prec=97.375
Train Client0 [19/50] LR=0.0002500 loss=0.099 ACC=98.467 F1=77.745 Rec=77.475 Prec=78.034
Train Client1 [19/50] LR=0.0002500 loss=0.147 ACC=97.689 F1=94.643 Rec=94.288 Prec=95.064
Train Client2 [19/50] LR=0.0002500 loss=0.071 ACC=99.065 F1=95.187 Rec=95.499 Prec=94.884
Train Client3 [19/50] LR=0.0002500 loss=0.102 ACC=98.815 F1=94.091 Rec=98.153 Prec=91.366
Train Client4 [19/50] LR=0.0002500 loss=0.121 ACC=98.214 F1=92.120 Rec=90.583 Prec=94.407
Train Client5 [19/50] LR=0.0002500 loss=0.083 ACC=99.092 F1=89.830 Rec=91.966 Prec=88.174
Train Client6 [19/50] LR=0.0002500 loss=0.151 ACC=98.191 F1=93.184 Rec=93.039 Prec=93.411
Train Client7 [19/50] LR=0.0002500 loss=0.066 ACC=99.238 F1=96.449 Rec=96.042 Prec=96.866

Val    [19/50] LR=0.0002500 loss=1.823 ACC=96.075 F1=95.769 Rec=95.204 Prec=96.573

Test-  OSR [19/50] LR=0.0002500 ACC=74.452 F1=72.118 Rec=79.451 Prec=68.178 UNK=0.000 OS*=95.341 HOS=0.000 AUROC=75.450 AUPR=40.586 OSCR=74.638
Test-Close [19/50] LR=0.0002500 loss=1.824 ACC=96.113 F1=95.916 Rec=95.341 Prec=96.709
Train Client0 [20/50] LR=0.0002500 loss=0.113 ACC=98.467 F1=77.779 Rec=77.680 Prec=77.881
Train Client1 [20/50] LR=0.0002500 loss=0.140 ACC=98.109 F1=95.808 Rec=95.718 Prec=95.926
Train Client2 [20/50] LR=0.0002500 loss=0.098 ACC=99.145 F1=95.986 Rec=96.356 Prec=95.638
Train Client3 [20/50] LR=0.0002500 loss=0.102 ACC=99.138 F1=98.652 Rec=99.193 Prec=98.134
Train Client4 [20/50] LR=0.0002500 loss=0.124 ACC=98.641 F1=90.936 Rec=91.815 Prec=90.099
Train Client5 [20/50] LR=0.0002500 loss=0.122 ACC=99.092 F1=86.575 Rec=90.720 Prec=84.658
Train Client6 [20/50] LR=0.0002500 loss=0.221 ACC=98.355 F1=96.150 Rec=95.524 Prec=96.834
Train Client7 [20/50] LR=0.0002500 loss=0.180 ACC=99.339 F1=97.264 Rec=97.290 Prec=97.252

Val    [20/50] LR=0.0002500 loss=1.789 ACC=96.981 F1=96.875 Rec=96.700 Prec=97.080

Test-  OSR [20/50] LR=0.0002500 ACC=75.270 F1=72.466 Rec=80.722 Prec=67.799 UNK=0.000 OS*=96.867 HOS=0.000 AUROC=80.659 AUPR=46.393 OSCR=80.018
Test-Close [20/50] LR=0.0002500 loss=1.789 ACC=97.170 F1=97.170 Rec=96.867 Prec=97.532
Saving model at epoch 20 . . . . . . . .

Train Client0 [21/50] LR=0.0002500 loss=0.099 ACC=98.433 F1=97.648 Rec=97.503 Prec=97.804
Train Client1 [21/50] LR=0.0002500 loss=0.220 ACC=97.768 F1=96.567 Rec=96.743 Prec=96.405
Train Client2 [21/50] LR=0.0002500 loss=0.068 ACC=99.279 F1=95.790 Rec=95.928 Prec=95.655
Train Client3 [21/50] LR=0.0002500 loss=0.082 ACC=98.815 F1=98.163 Rec=98.167 Prec=98.163
Train Client4 [21/50] LR=0.0002500 loss=0.112 ACC=98.758 F1=91.113 Rec=90.932 Prec=91.301
Train Client5 [21/50] LR=0.0002500 loss=0.093 ACC=99.199 F1=91.749 Rec=91.536 Prec=91.967
Train Client6 [21/50] LR=0.0002500 loss=0.080 ACC=98.520 F1=95.978 Rec=96.238 Prec=95.787
Train Client7 [21/50] LR=0.0002500 loss=0.145 ACC=99.238 F1=97.293 Rec=97.528 Prec=97.086

Val    [21/50] LR=0.0002500 loss=1.796 ACC=96.302 F1=96.222 Rec=95.679 Prec=96.939

Test-  OSR [21/50] LR=0.0002500 ACC=74.598 F1=72.327 Rec=79.781 Prec=68.206 UNK=0.000 OS*=95.737 HOS=0.000 AUROC=82.305 AUPR=48.128 OSCR=81.279
Test-Close [21/50] LR=0.0002500 loss=1.800 ACC=96.302 F1=96.230 Rec=95.737 Prec=96.866
Train Client0 [22/50] LR=0.0002500 loss=0.105 ACC=98.667 F1=97.912 Rec=97.785 Prec=98.043
Train Client1 [22/50] LR=0.0002500 loss=0.132 ACC=98.030 F1=95.920 Rec=95.376 Prec=96.525
Train Client2 [22/50] LR=0.0002500 loss=0.098 ACC=99.119 F1=95.479 Rec=95.782 Prec=95.185
Train Client3 [22/50] LR=0.0002500 loss=0.087 ACC=99.138 F1=88.971 Rec=89.111 Prec=88.834
Train Client4 [22/50] LR=0.0002500 loss=0.145 ACC=98.602 F1=88.748 Rec=91.158 Prec=86.741
Train Client5 [22/50] LR=0.0002500 loss=0.100 ACC=99.412 F1=90.161 Rec=92.240 Prec=88.561
Train Client6 [22/50] LR=0.0002500 loss=0.145 ACC=98.520 F1=95.387 Rec=96.259 Prec=94.710
Train Client7 [22/50] LR=0.0002500 loss=0.079 ACC=99.187 F1=96.499 Rec=96.733 Prec=96.272

Val    [22/50] LR=0.0002500 loss=1.780 ACC=96.906 F1=96.867 Rec=96.594 Prec=97.189

Test-  OSR [22/50] LR=0.0002500 ACC=74.978 F1=72.242 Rec=80.243 Prec=67.613 UNK=0.000 OS*=96.292 HOS=0.000 AUROC=81.397 AUPR=46.845 OSCR=80.636
Test-Close [22/50] LR=0.0002500 loss=1.782 ACC=96.792 F1=96.711 Rec=96.292 Prec=97.223
>> New learning Rate: 0.000125
Train Client0 [23/50] LR=0.0001250 loss=0.057 ACC=98.900 F1=78.696 Rec=78.591 Prec=78.802
Train Client1 [23/50] LR=0.0001250 loss=0.069 ACC=98.845 F1=98.560 Rec=98.724 Prec=98.403
Train Client2 [23/50] LR=0.0001250 loss=0.035 ACC=99.653 F1=97.358 Rec=97.822 Prec=96.919
Train Client3 [23/50] LR=0.0001250 loss=0.037 ACC=99.138 F1=92.171 Rec=98.965 Prec=88.723
Train Client4 [23/50] LR=0.0001250 loss=0.050 ACC=99.340 F1=93.210 Rec=93.447 Prec=92.980
Train Client5 [23/50] LR=0.0001250 loss=0.032 ACC=99.519 F1=90.244 Rec=92.323 Prec=88.644
Train Client6 [23/50] LR=0.0001250 loss=0.057 ACC=98.849 F1=96.175 Rec=95.501 Prec=96.916
Train Client7 [23/50] LR=0.0001250 loss=0.014 ACC=99.898 F1=99.380 Rec=98.947 Prec=99.841

Val    [23/50] LR=0.0001250 loss=1.776 ACC=96.453 F1=96.512 Rec=96.223 Prec=96.919

Test-  OSR [23/50] LR=0.0001250 ACC=74.832 F1=71.659 Rec=80.303 Prec=66.181 UNK=0.000 OS*=96.364 HOS=0.000 AUROC=85.182 AUPR=52.392 OSCR=84.218
Test-Close [23/50] LR=0.0001250 loss=1.783 ACC=96.604 F1=96.697 Rec=96.364 Prec=97.130
Saving best model . . . . . . . .

Train Client0 [24/50] LR=0.0001250 loss=0.068 ACC=98.900 F1=78.528 Rec=78.462 Prec=78.595
Train Client1 [24/50] LR=0.0001250 loss=0.108 ACC=98.923 F1=98.239 Rec=98.470 Prec=98.022
Train Client2 [24/50] LR=0.0001250 loss=0.050 ACC=99.466 F1=97.050 Rec=96.835 Prec=97.269
Train Client3 [24/50] LR=0.0001250 loss=0.043 ACC=99.353 F1=99.010 Rec=99.307 Prec=98.736
Train Client4 [24/50] LR=0.0001250 loss=0.054 ACC=99.262 F1=92.144 Rec=92.716 Prec=91.608
Train Client5 [24/50] LR=0.0001250 loss=0.033 ACC=99.626 F1=86.304 Rec=86.472 Prec=86.140
Train Client6 [24/50] LR=0.0001250 loss=0.086 ACC=99.013 F1=96.424 Rec=97.276 Prec=95.767
Train Client7 [24/50] LR=0.0001250 loss=0.121 ACC=99.441 F1=98.451 Rec=97.763 Prec=99.172

Val    [24/50] LR=0.0001250 loss=1.765 ACC=96.830 F1=96.704 Rec=96.285 Prec=97.219

Test-  OSR [24/50] LR=0.0001250 ACC=74.978 F1=72.174 Rec=80.170 Prec=67.525 UNK=0.000 OS*=96.204 HOS=0.000 AUROC=85.348 AUPR=52.904 OSCR=84.498
Test-Close [24/50] LR=0.0001250 loss=1.773 ACC=96.792 F1=96.662 Rec=96.204 Prec=97.235
Saving best model . . . . . . . .

Train Client0 [25/50] LR=0.0001250 loss=0.121 ACC=99.067 F1=78.732 Rec=78.834 Prec=78.630
Train Client1 [25/50] LR=0.0001250 loss=0.162 ACC=98.792 F1=97.843 Rec=98.525 Prec=97.215
Train Client2 [25/50] LR=0.0001250 loss=0.038 ACC=99.733 F1=97.919 Rec=98.071 Prec=97.770
Train Client3 [25/50] LR=0.0001250 loss=0.018 ACC=99.461 F1=95.114 Rec=99.449 Prec=92.126
Train Client4 [25/50] LR=0.0001250 loss=0.041 ACC=99.418 F1=92.988 Rec=92.554 Prec=93.450
Train Client5 [25/50] LR=0.0001250 loss=0.043 ACC=99.733 F1=94.090 Rec=99.049 Prec=91.132
Train Client6 [25/50] LR=0.0001250 loss=0.107 ACC=98.684 F1=95.832 Rec=97.778 Prec=94.277
Train Client7 [25/50] LR=0.0001250 loss=0.106 ACC=99.543 F1=98.498 Rec=98.766 Prec=98.259

Val    [25/50] LR=0.0001250 loss=1.758 ACC=97.283 F1=97.277 Rec=97.050 Prec=97.542

Test-  OSR [25/50] LR=0.0001250 ACC=75.037 F1=72.181 Rec=80.426 Prec=67.262 UNK=0.000 OS*=96.512 HOS=0.000 AUROC=85.315 AUPR=53.037 OSCR=84.486
Test-Close [25/50] LR=0.0001250 loss=1.773 ACC=96.868 F1=96.843 Rec=96.512 Prec=97.230
Saving model at epoch 25 . . . . . . . .

Train Client0 [26/50] LR=0.0001250 loss=0.094 ACC=98.933 F1=78.586 Rec=78.458 Prec=78.719
Train Client1 [26/50] LR=0.0001250 loss=0.082 ACC=98.923 F1=97.888 Rec=98.624 Prec=97.207
Train Client2 [26/50] LR=0.0001250 loss=0.016 ACC=99.786 F1=98.745 Rec=98.588 Prec=98.906
Train Client3 [26/50] LR=0.0001250 loss=0.020 ACC=99.461 F1=98.872 Rec=99.007 Prec=98.739
Train Client4 [26/50] LR=0.0001250 loss=0.067 ACC=99.301 F1=92.972 Rec=93.000 Prec=92.946
Train Client5 [26/50] LR=0.0001250 loss=0.024 ACC=99.786 F1=94.502 Rec=99.493 Prec=91.512
Train Client6 [26/50] LR=0.0001250 loss=0.025 ACC=99.671 F1=98.682 Rec=99.047 Prec=98.397
Train Client7 [26/50] LR=0.0001250 loss=0.091 ACC=99.593 F1=98.154 Rec=98.119 Prec=98.189

Val    [26/50] LR=0.0001250 loss=1.754 ACC=97.208 F1=97.170 Rec=96.940 Prec=97.439

Test-  OSR [26/50] LR=0.0001250 ACC=75.095 F1=72.459 Rec=80.589 Prec=67.802 UNK=0.000 OS*=96.707 HOS=0.000 AUROC=79.610 AUPR=45.792 OSCR=78.876
Test-Close [26/50] LR=0.0001250 loss=1.774 ACC=96.943 F1=97.016 Rec=96.707 Prec=97.377
Train Client0 [27/50] LR=0.0001250 loss=0.044 ACC=99.333 F1=79.102 Rec=79.025 Prec=79.180
Train Client1 [27/50] LR=0.0001250 loss=0.065 ACC=98.845 F1=98.257 Rec=98.655 Prec=97.876
Train Client2 [27/50] LR=0.0001250 loss=0.060 ACC=99.626 F1=98.162 Rec=98.125 Prec=98.201
Train Client3 [27/50] LR=0.0001250 loss=0.049 ACC=99.246 F1=95.123 Rec=99.267 Prec=92.319
Train Client4 [27/50] LR=0.0001250 loss=0.064 ACC=99.262 F1=89.204 Rec=87.665 Prec=91.221
Train Client5 [27/50] LR=0.0001250 loss=0.027 ACC=99.733 F1=96.520 Rec=99.369 Prec=94.385
Train Client6 [27/50] LR=0.0001250 loss=0.085 ACC=99.013 F1=96.853 Rec=96.489 Prec=97.236
Train Client7 [27/50] LR=0.0001250 loss=0.089 ACC=99.492 F1=98.424 Rec=98.552 Prec=98.301

Val    [27/50] LR=0.0001250 loss=1.756 ACC=97.283 F1=97.195 Rec=96.875 Prec=97.578

Test-  OSR [27/50] LR=0.0001250 ACC=75.212 F1=72.477 Rec=80.678 Prec=67.704 UNK=0.000 OS*=96.814 HOS=0.000 AUROC=81.162 AUPR=46.286 OSCR=80.441
Test-Close [27/50] LR=0.0001250 loss=1.768 ACC=97.094 F1=97.113 Rec=96.814 Prec=97.465
Train Client0 [28/50] LR=0.0001250 loss=0.048 ACC=99.267 F1=98.520 Rec=98.448 Prec=98.594
Train Client1 [28/50] LR=0.0001250 loss=0.086 ACC=98.792 F1=98.458 Rec=98.522 Prec=98.395
Train Client2 [28/50] LR=0.0001250 loss=0.020 ACC=99.786 F1=98.937 Rec=99.247 Prec=98.638
Train Client3 [28/50] LR=0.0001250 loss=0.049 ACC=99.138 F1=98.594 Rec=98.803 Prec=98.394
Train Client4 [28/50] LR=0.0001250 loss=0.048 ACC=99.340 F1=94.768 Rec=93.764 Prec=96.547
Train Client5 [28/50] LR=0.0001250 loss=0.030 ACC=99.573 F1=93.947 Rec=98.874 Prec=91.021
Train Client6 [28/50] LR=0.0001250 loss=0.056 ACC=99.013 F1=96.794 Rec=96.412 Prec=97.195
Train Client7 [28/50] LR=0.0001250 loss=0.053 ACC=99.695 F1=98.441 Rec=98.230 Prec=98.660

Val    [28/50] LR=0.0001250 loss=1.761 ACC=96.981 F1=97.082 Rec=96.849 Prec=97.363

Test-  OSR [28/50] LR=0.0001250 ACC=75.007 F1=72.111 Rec=80.610 Prec=67.151 UNK=0.000 OS*=96.732 HOS=0.000 AUROC=81.585 AUPR=46.690 OSCR=80.784
Test-Close [28/50] LR=0.0001250 loss=1.772 ACC=96.830 F1=96.940 Rec=96.732 Prec=97.196
Train Client0 [29/50] LR=0.0001250 loss=0.118 ACC=99.167 F1=79.070 Rec=78.921 Prec=79.221
Train Client1 [29/50] LR=0.0001250 loss=0.050 ACC=99.238 F1=98.296 Rec=98.355 Prec=98.238
Train Client2 [29/50] LR=0.0001250 loss=0.050 ACC=99.546 F1=97.338 Rec=97.857 Prec=96.858
Train Client3 [29/50] LR=0.0001250 loss=0.046 ACC=99.353 F1=98.991 Rec=99.263 Prec=98.727
Train Client4 [29/50] LR=0.0001250 loss=0.032 ACC=99.457 F1=91.584 Rec=93.276 Prec=90.226
Train Client5 [29/50] LR=0.0001250 loss=0.022 ACC=99.679 F1=94.223 Rec=99.021 Prec=91.429
Train Client6 [29/50] LR=0.0001250 loss=0.468 ACC=98.849 F1=97.602 Rec=98.667 Prec=96.607
Train Client7 [29/50] LR=0.0001250 loss=0.104 ACC=99.441 F1=98.502 Rec=98.704 Prec=98.306

Val    [29/50] LR=0.0001250 loss=1.759 ACC=96.755 F1=96.815 Rec=96.619 Prec=97.062

Test-  OSR [29/50] LR=0.0001250 ACC=74.920 F1=72.390 Rec=80.474 Prec=67.897 UNK=0.000 OS*=96.569 HOS=0.000 AUROC=80.682 AUPR=43.969 OSCR=80.005
Test-Close [29/50] LR=0.0001250 loss=1.769 ACC=96.717 F1=96.807 Rec=96.569 Prec=97.111
Train Client0 [30/50] LR=0.0001250 loss=0.053 ACC=99.433 F1=99.319 Rec=99.177 Prec=99.464
Train Client1 [30/50] LR=0.0001250 loss=0.052 ACC=99.212 F1=98.937 Rec=99.029 Prec=98.847
Train Client2 [30/50] LR=0.0001250 loss=0.061 ACC=99.546 F1=98.937 Rec=99.348 Prec=98.549
Train Client3 [30/50] LR=0.0001250 loss=0.047 ACC=99.353 F1=95.310 Rec=99.428 Prec=92.528
Train Client4 [30/50] LR=0.0001250 loss=0.052 ACC=99.146 F1=92.484 Rec=92.371 Prec=92.600
Train Client5 [30/50] LR=0.0001250 loss=0.018 ACC=99.573 F1=90.596 Rec=92.339 Prec=89.334
Train Client6 [30/50] LR=0.0001250 loss=0.054 ACC=99.507 F1=99.365 Rec=98.982 Prec=99.768
Train Client7 [30/50] LR=0.0001250 loss=0.031 ACC=99.797 F1=99.134 Rec=99.283 Prec=98.988

Val    [30/50] LR=0.0001250 loss=1.737 ACC=97.509 F1=97.464 Rec=97.285 Prec=97.678

Test-  OSR [30/50] LR=0.0001250 ACC=75.300 F1=72.733 Rec=80.937 Prec=68.144 UNK=0.000 OS*=97.124 HOS=0.000 AUROC=78.417 AUPR=43.485 OSCR=77.853
Test-Close [30/50] LR=0.0001250 loss=1.752 ACC=97.208 F1=97.303 Rec=97.124 Prec=97.515
Saving model at epoch 30 . . . . . . . .

Train Client0 [31/50] LR=0.0001250 loss=0.047 ACC=99.400 F1=79.151 Rec=79.304 Prec=79.002
Train Client1 [31/50] LR=0.0001250 loss=0.055 ACC=99.212 F1=98.543 Rec=98.906 Prec=98.196
Train Client2 [31/50] LR=0.0001250 loss=0.024 ACC=99.679 F1=98.735 Rec=99.196 Prec=98.296
Train Client3 [31/50] LR=0.0001250 loss=0.072 ACC=99.246 F1=98.811 Rec=98.678 Prec=98.946
Train Client4 [31/50] LR=0.0001250 loss=0.046 ACC=99.224 F1=92.302 Rec=92.844 Prec=91.796
Train Client5 [31/50] LR=0.0001250 loss=0.028 ACC=99.519 F1=92.294 Rec=98.906 Prec=89.017
Train Client6 [31/50] LR=0.0001250 loss=0.060 ACC=99.178 F1=97.254 Rec=98.815 Prec=96.101
Train Client7 [31/50] LR=0.0001250 loss=0.159 ACC=99.543 F1=98.685 Rec=99.078 Prec=98.318

Val    [31/50] LR=0.0001250 loss=1.775 ACC=96.679 F1=96.783 Rec=96.505 Prec=97.159

Test-  OSR [31/50] LR=0.0001250 ACC=74.481 F1=72.253 Rec=80.022 Prec=68.146 UNK=0.000 OS*=96.026 HOS=0.000 AUROC=74.303 AUPR=35.467 OSCR=73.699
Test-Close [31/50] LR=0.0001250 loss=1.786 ACC=96.151 F1=96.300 Rec=96.026 Prec=96.705
Train Client0 [32/50] LR=0.0001250 loss=0.094 ACC=99.400 F1=99.104 Rec=99.160 Prec=99.050
Train Client1 [32/50] LR=0.0001250 loss=0.065 ACC=99.212 F1=98.979 Rec=99.001 Prec=98.958
Train Client2 [32/50] LR=0.0001250 loss=0.023 ACC=99.706 F1=98.174 Rec=98.224 Prec=98.124
Train Client3 [32/50] LR=0.0001250 loss=0.039 ACC=99.569 F1=99.324 Rec=99.324 Prec=99.324
Train Client4 [32/50] LR=0.0001250 loss=0.040 ACC=99.495 F1=93.078 Rec=93.800 Prec=92.393
Train Client5 [32/50] LR=0.0001250 loss=0.020 ACC=99.679 F1=90.883 Rec=92.754 Prec=89.489
Train Client6 [32/50] LR=0.0001250 loss=0.134 ACC=99.013 F1=96.596 Rec=97.175 Prec=96.287
Train Client7 [32/50] LR=0.0001250 loss=0.073 ACC=99.695 F1=98.762 Rec=99.172 Prec=98.379

Val    [32/50] LR=0.0001250 loss=1.760 ACC=97.132 F1=97.280 Rec=97.315 Prec=97.316

Test-  OSR [32/50] LR=0.0001250 ACC=74.920 F1=72.094 Rec=80.671 Prec=67.509 UNK=0.000 OS*=96.805 HOS=0.000 AUROC=74.873 AUPR=37.001 OSCR=74.275
Test-Close [32/50] LR=0.0001250 loss=1.776 ACC=96.717 F1=96.821 Rec=96.805 Prec=96.902
Train Client0 [33/50] LR=0.0001250 loss=0.132 ACC=99.233 F1=98.731 Rec=98.723 Prec=98.739
Train Client1 [33/50] LR=0.0001250 loss=0.046 ACC=99.265 F1=99.154 Rec=99.212 Prec=99.098
Train Client2 [33/50] LR=0.0001250 loss=0.036 ACC=99.786 F1=98.963 Rec=99.284 Prec=98.691
Train Client3 [33/50] LR=0.0001250 loss=0.012 ACC=99.784 F1=99.522 Rec=99.394 Prec=99.662
Train Client4 [33/50] LR=0.0001250 loss=0.081 ACC=99.418 F1=95.548 Rec=98.516 Prec=93.061
Train Client5 [33/50] LR=0.0001250 loss=0.057 ACC=99.573 F1=92.493 Rec=98.990 Prec=89.334
Train Client6 [33/50] LR=0.0001250 loss=0.008 ACC=99.671 F1=99.084 Rec=98.378 Prec=99.852
Train Client7 [33/50] LR=0.0001250 loss=0.123 ACC=99.644 F1=98.523 Rec=99.141 Prec=97.934

Val    [33/50] LR=0.0001250 loss=1.759 ACC=96.830 F1=96.886 Rec=96.516 Prec=97.341

Test-  OSR [33/50] LR=0.0001250 ACC=74.861 F1=72.479 Rec=80.151 Prec=68.040 UNK=0.000 OS*=96.181 HOS=0.000 AUROC=82.218 AUPR=47.104 OSCR=81.292
Test-Close [33/50] LR=0.0001250 loss=1.777 ACC=96.642 F1=96.598 Rec=96.181 Prec=97.111
Train Client0 [34/50] LR=0.0001250 loss=0.046 ACC=99.267 F1=98.722 Rec=98.816 Prec=98.630
Train Client1 [34/50] LR=0.0001250 loss=0.085 ACC=99.160 F1=98.526 Rec=98.127 Prec=98.941
Train Client2 [34/50] LR=0.0001250 loss=0.027 ACC=99.813 F1=99.241 Rec=99.527 Prec=98.966
Train Client3 [34/50] LR=0.0001250 loss=0.029 ACC=99.461 F1=99.156 Rec=99.294 Prec=99.030
Train Client4 [34/50] LR=0.0001250 loss=0.042 ACC=99.418 F1=95.728 Rec=98.456 Prec=93.481
Train Client5 [34/50] LR=0.0001250 loss=0.029 ACC=99.786 F1=96.396 Rec=99.065 Prec=94.445
Train Client6 [34/50] LR=0.0001250 loss=0.027 ACC=99.507 F1=98.273 Rec=98.963 Prec=97.637
Train Client7 [34/50] LR=0.0001250 loss=0.177 ACC=99.492 F1=99.063 Rec=98.901 Prec=99.231

Val    [34/50] LR=0.0001250 loss=1.737 ACC=97.358 F1=97.329 Rec=97.128 Prec=97.559

Test-  OSR [34/50] LR=0.0001250 ACC=75.533 F1=72.874 Rec=81.128 Prec=68.101 UNK=0.000 OS*=97.353 HOS=0.000 AUROC=82.483 AUPR=49.536 OSCR=81.805
Test-Close [34/50] LR=0.0001250 loss=1.752 ACC=97.509 F1=97.533 Rec=97.353 Prec=97.738
>> New learning Rate: 6.25e-05
Train Client0 [35/50] LR=0.0000625 loss=0.032 ACC=99.667 F1=99.277 Rec=99.338 Prec=99.216
Train Client1 [35/50] LR=0.0000625 loss=0.028 ACC=99.606 F1=98.849 Rec=99.568 Prec=98.179
Train Client2 [35/50] LR=0.0000625 loss=0.005 ACC=99.893 F1=99.311 Rec=99.626 Prec=99.007
Train Client3 [35/50] LR=0.0000625 loss=0.052 ACC=99.677 F1=99.489 Rec=99.636 Prec=99.354
Train Client4 [35/50] LR=0.0000625 loss=0.038 ACC=99.340 F1=90.902 Rec=98.300 Prec=86.876
Train Client5 [35/50] LR=0.0000625 loss=0.092 ACC=99.786 F1=96.645 Rec=99.437 Prec=94.569
Train Client6 [35/50] LR=0.0000625 loss=0.037 ACC=98.849 F1=96.559 Rec=97.193 Prec=95.975
Train Client7 [35/50] LR=0.0000625 loss=0.028 ACC=99.797 F1=99.587 Rec=99.381 Prec=99.801

Val    [35/50] LR=0.0000625 loss=1.742 ACC=97.208 F1=97.245 Rec=97.102 Prec=97.422

Test-  OSR [35/50] LR=0.0000625 ACC=75.241 F1=72.448 Rec=80.861 Prec=67.362 UNK=0.000 OS*=97.033 HOS=0.000 AUROC=85.146 AUPR=53.069 OSCR=84.331
Test-Close [35/50] LR=0.0000625 loss=1.759 ACC=97.132 F1=97.199 Rec=97.033 Prec=97.406
Saving model at epoch 35 . . . . . . . .

Train Client0 [36/50] LR=0.0000625 loss=0.082 ACC=99.600 F1=79.441 Rec=79.297 Prec=79.587
Train Client1 [36/50] LR=0.0000625 loss=0.078 ACC=99.475 F1=99.382 Rec=99.380 Prec=99.386
Train Client2 [36/50] LR=0.0000625 loss=0.015 ACC=99.840 F1=99.574 Rec=99.537 Prec=99.612
Train Client3 [36/50] LR=0.0000625 loss=0.017 ACC=99.784 F1=95.812 Rec=99.940 Prec=93.021
Train Client4 [36/50] LR=0.0000625 loss=0.019 ACC=99.806 F1=99.315 Rec=99.439 Prec=99.192
Train Client5 [36/50] LR=0.0000625 loss=0.006 ACC=99.947 F1=99.768 Rec=99.932 Prec=99.608
Train Client6 [36/50] LR=0.0000625 loss=0.060 ACC=99.342 F1=97.767 Rec=98.093 Prec=97.514
Train Client7 [36/50] LR=0.0000625 loss=0.017 ACC=99.848 F1=99.393 Rec=99.412 Prec=99.374

Val    [36/50] LR=0.0000625 loss=1.746 ACC=97.434 F1=97.438 Rec=97.197 Prec=97.714

Test-  OSR [36/50] LR=0.0000625 ACC=75.270 F1=72.769 Rec=80.881 Prec=68.051 UNK=0.000 OS*=97.057 HOS=0.000 AUROC=81.192 AUPR=46.751 OSCR=80.378
Test-Close [36/50] LR=0.0000625 loss=1.766 ACC=97.170 F1=97.270 Rec=97.057 Prec=97.523
Train Client0 [37/50] LR=0.0000625 loss=0.017 ACC=99.633 F1=79.445 Rec=79.434 Prec=79.457
Train Client1 [37/50] LR=0.0000625 loss=0.033 ACC=99.711 F1=99.682 Rec=99.636 Prec=99.729
Train Client2 [37/50] LR=0.0000625 loss=0.001 ACC=100.000 F1=100.000 Rec=100.000 Prec=100.000
Train Client3 [37/50] LR=0.0000625 loss=0.009 ACC=99.677 F1=99.352 Rec=99.354 Prec=99.354
Train Client4 [37/50] LR=0.0000625 loss=0.018 ACC=99.728 F1=97.040 Rec=99.163 Prec=95.363
Train Client5 [37/50] LR=0.0000625 loss=0.016 ACC=99.893 F1=99.532 Rec=99.532 Prec=99.532
Train Client6 [37/50] LR=0.0000625 loss=0.023 ACC=99.342 F1=98.897 Rec=98.878 Prec=98.917
Train Client7 [37/50] LR=0.0000625 loss=0.011 ACC=99.797 F1=99.648 Rec=99.876 Prec=99.426

Val    [37/50] LR=0.0000625 loss=1.746 ACC=97.509 F1=97.501 Rec=97.257 Prec=97.782

Test-  OSR [37/50] LR=0.0000625 ACC=75.387 F1=72.888 Rec=80.960 Prec=68.222 UNK=0.000 OS*=97.152 HOS=0.000 AUROC=79.376 AUPR=45.807 OSCR=78.641
Test-Close [37/50] LR=0.0000625 loss=1.774 ACC=97.321 F1=97.374 Rec=97.152 Prec=97.626
Train Client0 [38/50] LR=0.0000625 loss=0.017 ACC=99.767 F1=99.541 Rec=99.549 Prec=99.533
Train Client1 [38/50] LR=0.0000625 loss=0.036 ACC=99.659 F1=99.557 Rec=99.480 Prec=99.636
Train Client2 [38/50] LR=0.0000625 loss=0.033 ACC=99.920 F1=99.642 Rec=99.959 Prec=99.335
Train Client3 [38/50] LR=0.0000625 loss=0.055 ACC=99.569 F1=99.324 Rec=99.324 Prec=99.324
Train Client4 [38/50] LR=0.0000625 loss=0.011 ACC=99.806 F1=99.506 Rec=99.379 Prec=99.633
Train Client5 [38/50] LR=0.0000625 loss=0.004 ACC=99.840 F1=96.661 Rec=99.452 Prec=94.584
Train Client6 [38/50] LR=0.0000625 loss=0.046 ACC=99.671 F1=99.046 Rec=99.046 Prec=99.046
Train Client7 [38/50] LR=0.0000625 loss=0.087 ACC=99.644 F1=98.712 Rec=99.092 Prec=98.358

Val    [38/50] LR=0.0000625 loss=1.736 ACC=97.509 F1=97.526 Rec=97.335 Prec=97.743

Test-  OSR [38/50] LR=0.0000625 ACC=75.563 F1=72.878 Rec=81.209 Prec=67.997 UNK=0.000 OS*=97.451 HOS=0.000 AUROC=80.121 AUPR=47.184 OSCR=79.462
Test-Close [38/50] LR=0.0000625 loss=1.760 ACC=97.547 F1=97.599 Rec=97.451 Prec=97.763
Train Client0 [39/50] LR=0.0000625 loss=0.016 ACC=99.833 F1=99.737 Rec=99.729 Prec=99.745
Train Client1 [39/50] LR=0.0000625 loss=0.060 ACC=99.685 F1=98.961 Rec=99.580 Prec=98.392
Train Client2 [39/50] LR=0.0000625 loss=0.005 ACC=99.920 F1=99.382 Rec=99.307 Prec=99.475
Train Client3 [39/50] LR=0.0000625 loss=0.043 ACC=99.353 F1=92.470 Rec=99.244 Prec=89.032
Train Client4 [39/50] LR=0.0000625 loss=0.022 ACC=99.689 F1=99.207 Rec=99.610 Prec=98.819
Train Client5 [39/50] LR=0.0000625 loss=0.014 ACC=99.893 F1=96.903 Rec=99.917 Prec=94.608
Train Client6 [39/50] LR=0.0000625 loss=0.024 ACC=99.507 F1=98.273 Rec=98.962 Prec=97.638
Train Client7 [39/50] LR=0.0000625 loss=0.021 ACC=99.797 F1=98.812 Rec=98.836 Prec=98.788

Val    [39/50] LR=0.0000625 loss=1.746 ACC=97.358 F1=97.306 Rec=96.957 Prec=97.725

Test-  OSR [39/50] LR=0.0000625 ACC=75.329 F1=72.978 Rec=80.735 Prec=68.586 UNK=0.000 OS*=96.882 HOS=0.000 AUROC=79.138 AUPR=45.580 OSCR=78.450
Test-Close [39/50] LR=0.0000625 loss=1.770 ACC=97.245 F1=97.195 Rec=96.882 Prec=97.563
Train Client0 [40/50] LR=0.0000625 loss=0.059 ACC=99.600 F1=79.306 Rec=79.241 Prec=79.372
Train Client1 [40/50] LR=0.0000625 loss=0.045 ACC=99.737 F1=99.717 Rec=99.693 Prec=99.743
Train Client2 [40/50] LR=0.0000625 loss=0.026 ACC=99.866 F1=99.747 Rec=99.552 Prec=99.946
Train Client3 [40/50] LR=0.0000625 loss=0.018 ACC=99.677 F1=95.642 Rec=99.627 Prec=92.991
Train Client4 [40/50] LR=0.0000625 loss=0.020 ACC=99.651 F1=96.069 Rec=98.888 Prec=93.729
Train Client5 [40/50] LR=0.0000625 loss=0.004 ACC=99.840 F1=94.752 Rec=99.900 Prec=91.608
Train Client6 [40/50] LR=0.0000625 loss=0.027 ACC=99.507 F1=98.273 Rec=98.962 Prec=97.638
Train Client7 [40/50] LR=0.0000625 loss=0.021 ACC=99.797 F1=99.100 Rec=99.332 Prec=98.874

Val    [40/50] LR=0.0000625 loss=1.755 ACC=97.434 F1=97.349 Rec=96.957 Prec=97.834

Test-  OSR [40/50] LR=0.0000625 ACC=75.183 F1=72.982 Rec=80.562 Prec=68.732 UNK=0.000 OS*=96.674 HOS=0.000 AUROC=78.395 AUPR=45.934 OSCR=77.589
Test-Close [40/50] LR=0.0000625 loss=1.782 ACC=97.057 F1=97.019 Rec=96.674 Prec=97.426
Saving model at epoch 40 . . . . . . . .

Train Client0 [41/50] LR=0.0000625 loss=0.016 ACC=99.767 F1=79.516 Rec=79.504 Prec=79.528
Train Client1 [41/50] LR=0.0000625 loss=0.013 ACC=99.659 F1=99.173 Rec=98.887 Prec=99.474
Train Client2 [41/50] LR=0.0000625 loss=0.007 ACC=99.947 F1=99.654 Rec=99.975 Prec=99.344
Train Client3 [41/50] LR=0.0000625 loss=0.008 ACC=99.892 F1=99.832 Rec=99.697 Prec=99.970
Train Client4 [41/50] LR=0.0000625 loss=0.030 ACC=99.689 F1=99.105 Rec=99.352 Prec=98.865
Train Client5 [41/50] LR=0.0000625 loss=0.038 ACC=99.840 F1=94.558 Rec=99.517 Prec=91.600
Train Client6 [41/50] LR=0.0000625 loss=0.021 ACC=99.671 F1=98.348 Rec=99.047 Prec=97.702
Train Client7 [41/50] LR=0.0000625 loss=0.004 ACC=99.949 F1=99.945 Rec=99.969 Prec=99.920

Val    [41/50] LR=0.0000625 loss=1.744 ACC=97.736 F1=97.694 Rec=97.482 Prec=97.940

Test-  OSR [41/50] LR=0.0000625 ACC=75.446 F1=72.794 Rec=81.058 Prec=68.086 UNK=0.000 OS*=97.270 HOS=0.000 AUROC=76.647 AUPR=44.241 OSCR=75.947
Test-Close [41/50] LR=0.0000625 loss=1.768 ACC=97.396 F1=97.437 Rec=97.270 Prec=97.623
Train Client0 [42/50] LR=0.0000625 loss=0.015 ACC=99.767 F1=99.463 Rec=99.412 Prec=99.515
Train Client1 [42/50] LR=0.0000625 loss=0.064 ACC=99.816 F1=99.476 Rec=99.795 Prec=99.171
Train Client2 [42/50] LR=0.0000625 loss=0.009 ACC=99.920 F1=99.464 Rec=99.307 Prec=99.624
Train Client3 [42/50] LR=0.0000625 loss=0.012 ACC=99.892 F1=99.835 Rec=99.970 Prec=99.701
Train Client4 [42/50] LR=0.0000625 loss=0.030 ACC=99.728 F1=98.532 Rec=99.104 Prec=97.996
Train Client5 [42/50] LR=0.0000625 loss=0.009 ACC=99.893 F1=96.899 Rec=99.917 Prec=94.600
Train Client6 [42/50] LR=0.0000625 loss=0.120 ACC=99.507 F1=98.273 Rec=98.962 Prec=97.638
Train Client7 [42/50] LR=0.0000625 loss=0.087 ACC=99.695 F1=98.953 Rec=98.627 Prec=99.287

Val    [42/50] LR=0.0000625 loss=1.748 ACC=97.509 F1=97.412 Rec=97.123 Prec=97.758

Test-  OSR [42/50] LR=0.0000625 ACC=75.300 F1=72.866 Rec=80.829 Prec=68.364 UNK=0.000 OS*=96.995 HOS=0.000 AUROC=75.817 AUPR=44.388 OSCR=75.096
Test-Close [42/50] LR=0.0000625 loss=1.775 ACC=97.208 F1=97.241 Rec=96.995 Prec=97.517
Train Client0 [43/50] LR=0.0000625 loss=0.021 ACC=99.733 F1=99.366 Rec=99.382 Prec=99.350
Train Client1 [43/50] LR=0.0000625 loss=0.022 ACC=99.632 F1=99.225 Rec=99.575 Prec=98.888
Train Client2 [43/50] LR=0.0000625 loss=0.014 ACC=99.947 F1=99.785 Rec=99.916 Prec=99.657
Train Client3 [43/50] LR=0.0000625 loss=0.024 ACC=99.677 F1=99.482 Rec=99.622 Prec=99.345
Train Client4 [43/50] LR=0.0000625 loss=0.043 ACC=99.612 F1=96.911 Rec=99.532 Prec=94.750
Train Client5 [43/50] LR=0.0000625 loss=0.033 ACC=99.733 F1=92.836 Rec=99.485 Prec=89.520
Train Client6 [43/50] LR=0.0000625 loss=0.492 ACC=98.355 F1=96.363 Rec=98.399 Prec=94.590
Train Client7 [43/50] LR=0.0000625 loss=0.055 ACC=99.898 F1=99.894 Rec=99.889 Prec=99.900

Val    [43/50] LR=0.0000625 loss=1.743 ACC=97.585 F1=97.640 Rec=97.390 Prec=97.925

Test-  OSR [43/50] LR=0.0000625 ACC=75.563 F1=72.976 Rec=81.141 Prec=68.183 UNK=0.000 OS*=97.369 HOS=0.000 AUROC=82.092 AUPR=50.450 OSCR=81.267
Test-Close [43/50] LR=0.0000625 loss=1.776 ACC=97.547 F1=97.580 Rec=97.369 Prec=97.815
Train Client0 [44/50] LR=0.0000625 loss=0.013 ACC=99.800 F1=79.778 Rec=79.759 Prec=79.796
Train Client1 [44/50] LR=0.0000625 loss=0.017 ACC=99.685 F1=99.218 Rec=99.599 Prec=98.851
Train Client2 [44/50] LR=0.0000625 loss=0.026 ACC=99.866 F1=99.554 Rec=99.493 Prec=99.616
Train Client3 [44/50] LR=0.0000625 loss=0.001 ACC=99.892 F1=99.911 Rec=99.853 Prec=99.970
Train Client4 [44/50] LR=0.0000625 loss=0.012 ACC=99.767 F1=96.925 Rec=99.173 Prec=95.122
Train Client5 [44/50] LR=0.0000625 loss=0.032 ACC=99.733 F1=94.469 Rec=99.485 Prec=91.453
Train Client6 [44/50] LR=0.0000625 loss=0.039 ACC=99.507 F1=98.234 Rec=98.178 Prec=98.423
Train Client7 [44/50] LR=0.0000625 loss=0.095 ACC=99.593 F1=98.549 Rec=98.387 Prec=98.733

Val    [44/50] LR=0.0000625 loss=1.771 ACC=97.283 F1=97.191 Rec=96.863 Prec=97.579

Test-  OSR [44/50] LR=0.0000625 ACC=75.241 F1=73.189 Rec=80.747 Prec=69.023 UNK=0.000 OS*=96.896 HOS=0.000 AUROC=70.432 AUPR=36.618 OSCR=69.633
Test-Close [44/50] LR=0.0000625 loss=1.804 ACC=97.132 F1=97.169 Rec=96.896 Prec=97.485
Train Client0 [45/50] LR=0.0000625 loss=0.017 ACC=99.833 F1=99.814 Rec=99.898 Prec=99.731
Train Client1 [45/50] LR=0.0000625 loss=0.028 ACC=99.711 F1=99.629 Rec=99.591 Prec=99.667
Train Client2 [45/50] LR=0.0000625 loss=0.007 ACC=99.947 F1=99.402 Rec=99.477 Prec=99.344
Train Client3 [45/50] LR=0.0000625 loss=0.045 ACC=99.892 F1=99.830 Rec=99.970 Prec=99.692
Train Client4 [45/50] LR=0.0000625 loss=0.004 ACC=99.884 F1=97.497 Rec=99.715 Prec=95.724
Train Client5 [45/50] LR=0.0000625 loss=0.008 ACC=99.893 F1=96.903 Rec=99.916 Prec=94.608
Train Client6 [45/50] LR=0.0000625 loss=0.082 ACC=99.342 F1=98.199 Rec=98.878 Prec=97.574
Train Client7 [45/50] LR=0.0000625 loss=0.024 ACC=99.695 F1=98.812 Rec=99.269 Prec=98.379

Val    [45/50] LR=0.0000625 loss=1.765 ACC=97.358 F1=97.341 Rec=97.283 Prec=97.424

Test-  OSR [45/50] LR=0.0000625 ACC=75.270 F1=72.390 Rec=80.926 Prec=67.209 UNK=0.000 OS*=97.111 HOS=0.000 AUROC=82.147 AUPR=50.856 OSCR=81.134
Test-Close [45/50] LR=0.0000625 loss=1.803 ACC=97.170 F1=97.259 Rec=97.111 Prec=97.450
Saving model at epoch 45 . . . . . . . .

Train Client0 [46/50] LR=0.0000625 loss=0.003 ACC=99.933 F1=99.802 Rec=99.802 Prec=99.802
Train Client1 [46/50] LR=0.0000625 loss=0.022 ACC=99.816 F1=99.454 Rec=99.109 Prec=99.812
Train Client2 [46/50] LR=0.0000625 loss=0.002 ACC=99.973 F1=99.824 Rec=99.661 Prec=99.990
Train Client3 [46/50] LR=0.0000625 loss=0.027 ACC=99.677 F1=99.573 Rec=99.909 Prec=99.242
Train Client4 [46/50] LR=0.0000625 loss=0.013 ACC=99.961 F1=99.863 Rec=99.991 Prec=99.737
Train Client5 [46/50] LR=0.0000625 loss=0.013 ACC=99.840 F1=99.673 Rec=99.837 Prec=99.512
Train Client6 [46/50] LR=0.0000625 loss=0.032 ACC=99.507 F1=98.973 Rec=98.964 Prec=98.982
Train Client7 [46/50] LR=0.0000625 loss=0.062 ACC=99.644 F1=98.732 Rec=99.189 Prec=98.299

Val    [46/50] LR=0.0000625 loss=1.745 ACC=97.585 F1=97.499 Rec=97.362 Prec=97.664

Test-  OSR [46/50] LR=0.0000625 ACC=75.533 F1=73.134 Rec=81.168 Prec=68.602 UNK=0.000 OS*=97.402 HOS=0.000 AUROC=75.605 AUPR=44.442 OSCR=74.942
Test-Close [46/50] LR=0.0000625 loss=1.770 ACC=97.509 F1=97.529 Rec=97.402 Prec=97.669
>> New learning Rate: 3.125e-05
Train Client0 [47/50] LR=0.0000313 loss=0.021 ACC=99.767 F1=79.604 Rec=79.736 Prec=79.474
Train Client1 [47/50] LR=0.0000313 loss=0.047 ACC=99.711 F1=99.287 Rec=99.516 Prec=99.071
Train Client2 [47/50] LR=0.0000313 loss=0.016 ACC=99.866 F1=99.884 Rec=99.817 Prec=99.952
Train Client3 [47/50] LR=0.0000313 loss=0.007 ACC=99.892 F1=99.827 Rec=99.970 Prec=99.688
Train Client4 [47/50] LR=0.0000313 loss=0.027 ACC=99.612 F1=96.288 Rec=99.909 Prec=93.205
Train Client5 [47/50] LR=0.0000313 loss=0.115 ACC=99.573 F1=91.405 Rec=99.258 Prec=88.124
Train Client6 [47/50] LR=0.0000313 loss=0.162 ACC=99.178 F1=98.082 Rec=98.796 Prec=97.405
Train Client7 [47/50] LR=0.0000313 loss=0.277 ACC=99.593 F1=99.063 Rec=99.703 Prec=98.454

Val    [47/50] LR=0.0000313 loss=1.750 ACC=97.585 F1=97.541 Rec=97.335 Prec=97.774

Test-  OSR [47/50] LR=0.0000313 ACC=75.709 F1=73.131 Rec=81.349 Prec=68.301 UNK=0.000 OS*=97.619 HOS=0.000 AUROC=80.279 AUPR=49.463 OSCR=79.474
Test-Close [47/50] LR=0.0000313 loss=1.783 ACC=97.736 F1=97.781 Rec=97.619 Prec=97.957
Train Client0 [48/50] LR=0.0000313 loss=0.005 ACC=99.933 F1=99.803 Rec=99.803 Prec=99.803
Train Client1 [48/50] LR=0.0000313 loss=0.004 ACC=99.921 F1=99.574 Rec=99.909 Prec=99.252
Train Client2 [48/50] LR=0.0000313 loss=0.097 ACC=99.840 F1=99.486 Rec=99.854 Prec=99.128
Train Client3 [48/50] LR=0.0000313 loss=0.021 ACC=99.569 F1=99.405 Rec=99.879 Prec=98.944
Train Client4 [48/50] LR=0.0000313 loss=0.018 ACC=99.806 F1=94.326 Rec=99.895 Prec=91.096
Train Client5 [48/50] LR=0.0000313 loss=0.009 ACC=99.840 F1=96.851 Rec=99.837 Prec=94.584
Train Client6 [48/50] LR=0.0000313 loss=0.063 ACC=99.507 F1=98.273 Rec=98.963 Prec=97.638
Train Client7 [48/50] LR=0.0000313 loss=0.078 ACC=99.949 F1=99.950 Rec=99.920 Prec=99.980

Val    [48/50] LR=0.0000313 loss=1.749 ACC=97.887 F1=97.890 Rec=97.800 Prec=97.991

Test-  OSR [48/50] LR=0.0000313 ACC=75.563 F1=72.889 Rec=81.215 Prec=68.055 UNK=0.000 OS*=97.458 HOS=0.000 AUROC=76.612 AUPR=45.608 OSCR=75.852
Test-Close [48/50] LR=0.0000313 loss=1.782 ACC=97.547 F1=97.597 Rec=97.458 Prec=97.750
Train Client0 [49/50] LR=0.0000313 loss=0.045 ACC=99.733 F1=79.687 Rec=79.615 Prec=79.760
Train Client1 [49/50] LR=0.0000313 loss=0.001 ACC=100.000 F1=100.000 Rec=100.000 Prec=100.000
Train Client2 [49/50] LR=0.0000313 loss=0.098 ACC=99.920 F1=99.936 Rec=99.901 Prec=99.971
Train Client3 [49/50] LR=0.0000313 loss=0.006 ACC=99.784 F1=99.657 Rec=99.657 Prec=99.657
Train Client4 [49/50] LR=0.0000313 loss=0.010 ACC=99.884 F1=95.854 Rec=99.973 Prec=93.070
Train Client5 [49/50] LR=0.0000313 loss=0.007 ACC=99.893 F1=96.903 Rec=99.917 Prec=94.608
Train Client6 [49/50] LR=0.0000313 loss=0.021 ACC=99.507 F1=98.234 Rec=98.924 Prec=97.598
Train Client7 [49/50] LR=0.0000313 loss=0.108 ACC=99.695 F1=98.880 Rec=99.404 Prec=98.416

Val    [49/50] LR=0.0000313 loss=1.758 ACC=97.585 F1=97.665 Rec=97.566 Prec=97.792

Test-  OSR [49/50] LR=0.0000313 ACC=75.533 F1=72.653 Rec=81.200 Prec=67.574 UNK=0.000 OS*=97.440 HOS=0.000 AUROC=79.489 AUPR=47.860 OSCR=78.579
Test-Close [49/50] LR=0.0000313 loss=1.794 ACC=97.509 F1=97.549 Rec=97.440 Prec=97.675
------>Best performance (by OSCR)--->>>>>>>

Test-  OSR [24/50] LR=0.0001250 ACC=74.978 F1=72.174 Rec=80.170 Prec=67.525 UNK=0.000 OS*=96.204 HOS=0.000 AUROC=85.348 AUPR=52.904 OSCR=84.498
Test-Close [24/50] LR=0.0001250 loss=1.773 ACC=96.792 F1=96.662 Rec=96.204 Prec=97.235
=====================================================================================================================================
The ending time ：2026-06-29 21:17:00
