Logging to: ./logs/Bloodmnist_Finetune_K5_U3_seed1_20260527_222359.log
==> Preparing data..
The number of class each [(6, 2330), (1, 2181), (3, 2026), (7, 1643), (2, 1085), (5, 993), (0, 852), (4, 849)]
The numbers of Training, Val, Test sets, 11959, 1712, 3421
{7: 0, 2: 1, 1: 2, 6: 3, 0: 4} {4: 5, 3: 6, 5: 7}
[7 2 1 6 0] [0 1 2 3 4] [4 3 5] [5 6 7]
Known and Unknow in Train: 8091 3868
Known and Unknow in Val: 1157 555
Known and Unknow in Test: 2315 1106
Client0 sample num: 3659
Client1 sample num: 467
Client2 sample num: 1696
Client3 sample num: 795
Client4 sample num: 2885
Client5 sample num: 1332
Client6 sample num: 2290
Client7 sample num: 3058

>>> Setting up
==> Building [Resnet18] model..
154
154
154
154
154
154
154
154
154
154
154
154
154
154
154
154
154
154
Train Client0 [0/30] LR=0.0001000 loss=5.252 ACC=99.781 F1=79.373 Rec=79.631 Prec=79.122
Train Client1 [0/30] LR=0.0001000 loss=15.224 ACC=99.784 F1=95.949 Rec=99.898 Prec=93.333
Train Client2 [0/30] LR=0.0001000 loss=8.188 ACC=99.233 F1=97.671 Rec=98.031 Prec=97.337
Train Client3 [0/30] LR=0.0001000 loss=10.042 ACC=98.485 F1=87.762 Rec=98.833 Prec=83.214
Train Client4 [0/30] LR=0.0001000 loss=7.323 ACC=99.271 F1=98.017 Rec=98.533 Prec=97.516
Train Client5 [0/30] LR=0.0001000 loss=15.350 ACC=99.623 F1=88.243 Rec=94.930 Prec=83.890
Train Client6 [0/30] LR=0.0001000 loss=7.190 ACC=99.825 F1=99.536 Rec=99.635 Prec=99.439
Train Client7 [0/30] LR=0.0001000 loss=12.256 ACC=99.575 F1=94.473 Rec=99.825 Prec=90.571

Test-  OSR [0/30] LR=0.0001000 ACC=66.793 F1=65.308 Rec=82.115 Prec=58.368 UNK=0.000 OS*=98.537 HOS=0.000 AUROC=94.709 AUPR=88.830 OSCR=94.187
Test-Close [0/30] LR=0.0001000 loss=1.599 ACC=98.704 F1=98.420 Rec=98.537 Prec=98.305

Saving best model . . . . . . . .

Train Client0 [1/30] LR=0.0001000 loss=4.290 ACC=99.836 F1=99.408 Rec=99.431 Prec=99.393
Train Client1 [1/30] LR=0.0001000 loss=9.205 ACC=99.569 F1=95.520 Rec=99.795 Prec=92.593
Train Client2 [1/30] LR=0.0001000 loss=4.823 ACC=99.351 F1=96.036 Rec=97.225 Prec=95.027
Train Client3 [1/30] LR=0.0001000 loss=8.611 ACC=97.601 F1=68.918 Rec=78.078 Prec=65.086
Train Client4 [1/30] LR=0.0001000 loss=4.366 ACC=99.201 F1=98.034 Rec=98.192 Prec=97.890
Train Client5 [1/30] LR=0.0001000 loss=6.996 ACC=99.699 F1=90.464 Rec=99.837 Prec=84.762
Train Client6 [1/30] LR=0.0001000 loss=5.466 ACC=99.956 F1=99.949 Rec=99.969 Prec=99.930
Train Client7 [1/30] LR=0.0001000 loss=10.228 ACC=99.902 F1=99.639 Rec=99.960 Prec=99.329

Test-  OSR [1/30] LR=0.0001000 ACC=66.852 F1=65.756 Rec=82.194 Prec=58.919 UNK=0.000 OS*=98.633 HOS=0.000 AUROC=93.184 AUPR=87.780 OSCR=92.698
Test-Close [1/30] LR=0.0001000 loss=1.605 ACC=98.790 F1=98.533 Rec=98.633 Prec=98.445

Saving best model . . . . . . . .

Train Client0 [2/30] LR=0.0001000 loss=2.231 ACC=99.809 F1=79.427 Rec=79.182 Prec=79.680
Train Client1 [2/30] LR=0.0001000 loss=9.512 ACC=98.707 F1=91.822 Rec=98.051 Prec=88.946
Train Client2 [2/30] LR=0.0001000 loss=2.658 ACC=98.939 F1=96.418 Rec=96.720 Prec=96.142
Train Client3 [2/30] LR=0.0001000 loss=4.656 ACC=99.369 F1=93.211 Rec=99.558 Prec=89.375
Train Client4 [2/30] LR=0.0001000 loss=1.470 ACC=99.479 F1=98.850 Rec=98.792 Prec=98.909
Train Client5 [2/30] LR=0.0001000 loss=2.064 ACC=99.849 F1=94.888 Rec=94.888 Prec=94.888
Train Client6 [2/30] LR=0.0001000 loss=4.210 ACC=99.519 F1=98.402 Rec=97.555 Prec=99.347
Train Client7 [2/30] LR=0.0001000 loss=4.081 ACC=99.673 F1=94.616 Rec=99.212 Prec=91.393

Test-  OSR [2/30] LR=0.0001000 ACC=66.910 F1=65.585 Rec=82.199 Prec=58.452 UNK=0.000 OS*=98.639 HOS=0.000 AUROC=92.095 AUPR=87.402 OSCR=91.592
Test-Close [2/30] LR=0.0001000 loss=1.611 ACC=98.877 F1=98.663 Rec=98.639 Prec=98.692

Train Client0 [3/30] LR=0.0001000 loss=1.422 ACC=99.590 F1=79.233 Rec=78.804 Prec=79.673
Train Client1 [3/30] LR=0.0001000 loss=6.136 ACC=99.569 F1=95.520 Rec=99.796 Prec=92.593
Train Client2 [3/30] LR=0.0001000 loss=1.724 ACC=99.528 F1=97.515 Rec=97.511 Prec=97.520
Train Client3 [3/30] LR=0.0001000 loss=2.289 ACC=99.116 F1=93.728 Rec=99.365 Prec=89.830
Train Client4 [3/30] LR=0.0001000 loss=0.938 ACC=99.236 F1=98.055 Rec=97.718 Prec=98.408
Train Client5 [3/30] LR=0.0001000 loss=0.939 ACC=99.774 F1=91.977 Rec=94.779 Prec=89.889
Train Client6 [3/30] LR=0.0001000 loss=2.170 ACC=99.650 F1=98.571 Rec=99.351 Prec=97.864
Train Client7 [3/30] LR=0.0001000 loss=1.912 ACC=99.705 F1=99.559 Rec=99.879 Prec=99.251

Test-  OSR [3/30] LR=0.0001000 ACC=66.939 F1=66.026 Rec=82.212 Prec=58.572 UNK=0.000 OS*=98.654 HOS=0.000 AUROC=92.921 AUPR=88.621 OSCR=92.372
Test-Close [3/30] LR=0.0001000 loss=1.615 ACC=98.920 F1=98.697 Rec=98.654 Prec=98.758

Saving best model . . . . . . . .

Train Client0 [4/30] LR=0.0001000 loss=0.465 ACC=99.809 F1=79.740 Rec=79.650 Prec=79.831
Train Client1 [4/30] LR=0.0001000 loss=1.492 ACC=99.353 F1=91.486 Rec=87.398 Prec=99.088
Train Client2 [4/30] LR=0.0001000 loss=0.537 ACC=99.528 F1=98.020 Rec=97.521 Prec=98.547
Train Client3 [4/30] LR=0.0001000 loss=1.029 ACC=98.737 F1=72.445 Rec=78.790 Prec=69.446
Train Client4 [4/30] LR=0.0001000 loss=0.316 ACC=99.444 F1=99.121 Rec=99.127 Prec=99.117
Train Client5 [4/30] LR=0.0001000 loss=0.516 ACC=99.623 F1=89.760 Rec=94.651 Prec=86.871
Train Client6 [4/30] LR=0.0001000 loss=0.576 ACC=99.913 F1=99.824 Rec=99.752 Prec=99.899
Train Client7 [4/30] LR=0.0001000 loss=0.640 ACC=99.640 F1=96.592 Rec=99.851 Prec=93.883

Test-  OSR [4/30] LR=0.0001000 ACC=66.969 F1=65.653 Rec=82.224 Prec=57.592 UNK=0.000 OS*=98.669 HOS=0.000 AUROC=91.866 AUPR=87.343 OSCR=91.316
Test-Close [4/30] LR=0.0001000 loss=1.651 ACC=98.963 F1=98.797 Rec=98.669 Prec=98.937

Train Client0 [5/30] LR=0.0001000 loss=0.313 ACC=99.863 F1=79.638 Rec=79.487 Prec=79.791
Train Client1 [5/30] LR=0.0001000 loss=0.756 ACC=99.569 F1=95.506 Rec=99.129 Prec=93.232
Train Client2 [5/30] LR=0.0001000 loss=0.439 ACC=99.233 F1=97.213 Rec=97.259 Prec=97.172
Train Client3 [5/30] LR=0.0001000 loss=0.771 ACC=97.854 F1=69.687 Rec=78.682 Prec=66.443
Train Client4 [5/30] LR=0.0001000 loss=0.389 ACC=99.306 F1=98.793 Rec=99.104 Prec=98.500
Train Client5 [5/30] LR=0.0001000 loss=0.616 ACC=99.774 F1=99.807 Rec=99.669 Prec=99.947
Train Client6 [5/30] LR=0.0001000 loss=0.470 ACC=99.781 F1=98.832 Rec=99.579 Prec=98.160
Train Client7 [5/30] LR=0.0001000 loss=0.397 ACC=99.378 F1=88.268 Rec=89.771 Prec=86.987

Test-  OSR [5/30] LR=0.0001000 ACC=66.998 F1=65.713 Rec=81.811 Prec=66.421 UNK=1.356 OS*=97.902 HOS=2.675 AUROC=87.147 AUPR=82.218 OSCR=86.490
Test-Close [5/30] LR=0.0001000 loss=1.715 ACC=98.661 F1=98.467 Rec=98.176 Prec=98.788

Train Client0 [6/30] LR=0.0001000 loss=0.354 ACC=99.781 F1=79.367 Rec=78.934 Prec=79.812
Train Client1 [6/30] LR=0.0001000 loss=0.789 ACC=99.784 F1=99.571 Rec=99.897 Prec=99.259
Train Client2 [6/30] LR=0.0001000 loss=0.491 ACC=99.292 F1=98.159 Rec=97.255 Prec=99.192
Train Client3 [6/30] LR=0.0001000 loss=0.819 ACC=97.475 F1=68.828 Rec=77.547 Prec=66.357
Train Client4 [6/30] LR=0.0001000 loss=0.555 ACC=99.375 F1=98.359 Rec=98.396 Prec=98.348
Train Client5 [6/30] LR=0.0001000 loss=0.806 ACC=99.322 F1=83.049 Rec=94.395 Prec=77.852
Train Client6 [6/30] LR=0.0001000 loss=0.383 ACC=99.738 F1=96.846 Rec=96.014 Prec=97.758
Train Client7 [6/30] LR=0.0001000 loss=0.353 ACC=99.575 F1=89.784 Rec=87.643 Prec=92.544

Test-  OSR [6/30] LR=0.0001000 ACC=68.021 F1=64.487 Rec=62.643 Prec=84.422 UNK=85.172 OS*=58.137 HOS=69.105 AUROC=82.673 AUPR=66.410 OSCR=54.786
Test-Close [6/30] LR=0.0001000 loss=2.284 ACC=96.328 F1=95.864 Rec=95.253 Prec=96.886

Train Client0 [7/30] LR=0.0001000 loss=0.166 ACC=99.809 F1=79.710 Rec=79.573 Prec=79.848
Train Client1 [7/30] LR=0.0001000 loss=0.306 ACC=98.922 F1=96.936 Rec=96.423 Prec=97.668
Train Client2 [7/30] LR=0.0001000 loss=0.362 ACC=99.057 F1=96.137 Rec=96.921 Prec=95.443
Train Client3 [7/30] LR=0.0001000 loss=0.462 ACC=98.106 F1=71.013 Rec=78.402 Prec=67.645
Train Client4 [7/30] LR=0.0001000 loss=0.265 ACC=99.375 F1=99.165 Rec=98.860 Prec=99.483
Train Client5 [7/30] LR=0.0001000 loss=0.640 ACC=99.322 F1=85.934 Rec=94.116 Prec=80.148
Train Client6 [7/30] LR=0.0001000 loss=0.166 ACC=99.869 F1=99.670 Rec=99.519 Prec=99.828
Train Client7 [7/30] LR=0.0001000 loss=0.146 ACC=99.935 F1=99.652 Rec=99.973 Prec=99.342

Test-  OSR [7/30] LR=0.0001000 ACC=83.894 F1=83.936 Rec=84.461 Prec=85.141 UNK=79.656 OS*=85.422 HOS=82.438 AUROC=89.289 AUPR=79.133 OSCR=80.517
Test-Close [7/30] LR=0.0001000 loss=2.019 ACC=97.970 F1=97.927 Rec=97.751 Prec=98.169

Saving best model . . . . . . . .

Train Client0 [8/30] LR=0.0001000 loss=0.113 ACC=99.754 F1=79.098 Rec=79.202 Prec=79.005
Train Client1 [8/30] LR=0.0001000 loss=0.262 ACC=99.784 F1=99.572 Rec=99.898 Prec=99.259
Train Client2 [8/30] LR=0.0001000 loss=0.134 ACC=99.292 F1=98.722 Rec=99.126 Prec=98.348
Train Client3 [8/30] LR=0.0001000 loss=0.300 ACC=98.485 F1=71.641 Rec=78.628 Prec=68.637
Train Client4 [8/30] LR=0.0001000 loss=0.196 ACC=99.514 F1=98.726 Rec=99.093 Prec=98.373
Train Client5 [8/30] LR=0.0001000 loss=0.448 ACC=99.699 F1=87.921 Rec=94.669 Prec=83.222
Train Client6 [8/30] LR=0.0001000 loss=0.156 ACC=99.650 F1=97.793 Rec=97.644 Prec=97.945
Train Client7 [8/30] LR=0.0001000 loss=0.128 ACC=99.771 F1=98.737 Rec=97.697 Prec=99.908

Test-  OSR [8/30] LR=0.0001000 ACC=78.398 F1=79.727 Rec=86.583 Prec=80.898 UNK=41.501 OS*=95.599 HOS=57.877 AUROC=85.392 AUPR=78.614 OSCR=83.981
Test-Close [8/30] LR=0.0001000 loss=1.843 ACC=98.531 F1=98.354 Rec=98.301 Prec=98.437

Train Client0 [9/30] LR=0.0001000 loss=0.109 ACC=99.918 F1=79.920 Rec=79.954 Prec=79.887
Train Client1 [9/30] LR=0.0001000 loss=0.115 ACC=99.353 F1=95.077 Rec=99.027 Prec=92.462
Train Client2 [9/30] LR=0.0001000 loss=0.134 ACC=99.646 F1=98.631 Rec=98.678 Prec=98.586
Train Client3 [9/30] LR=0.0001000 loss=0.184 ACC=99.116 F1=74.230 Rec=79.018 Prec=71.447
Train Client4 [9/30] LR=0.0001000 loss=0.149 ACC=99.479 F1=98.804 Rec=98.907 Prec=98.702
Train Client5 [9/30] LR=0.0001000 loss=0.308 ACC=99.699 F1=87.968 Rec=94.761 Prec=85.222
Train Client6 [9/30] LR=0.0001000 loss=0.245 ACC=99.607 F1=98.664 Rec=99.337 Prec=98.066
Train Client7 [9/30] LR=0.0001000 loss=0.163 ACC=99.607 F1=94.807 Rec=99.838 Prec=91.216

Test-  OSR [9/30] LR=0.0001000 ACC=73.575 F1=75.187 Rec=84.926 Prec=77.843 UNK=24.684 OS*=96.974 HOS=39.351 AUROC=84.789 AUPR=76.743 OSCR=84.001
Test-Close [9/30] LR=0.0001000 loss=1.818 ACC=98.402 F1=98.181 Rec=98.263 Prec=98.136

Train Client0 [10/30] LR=0.0001000 loss=0.124 ACC=99.918 F1=79.742 Rec=79.601 Prec=79.886
Train Client1 [10/30] LR=0.0001000 loss=0.202 ACC=99.784 F1=95.949 Rec=99.898 Prec=93.333
Train Client2 [10/30] LR=0.0001000 loss=0.354 ACC=98.998 F1=97.151 Rec=96.893 Prec=97.418
Train Client3 [10/30] LR=0.0001000 loss=0.402 ACC=96.843 F1=67.649 Rec=74.401 Prec=65.260
Train Client4 [10/30] LR=0.0001000 loss=0.193 ACC=99.653 F1=99.229 Rec=99.312 Prec=99.147
Train Client5 [10/30] LR=0.0001000 loss=0.393 ACC=99.774 F1=90.801 Rec=99.761 Prec=84.333
Train Client6 [10/30] LR=0.0001000 loss=0.094 ACC=99.956 F1=99.012 Rec=98.182 Prec=99.930
Train Client7 [10/30] LR=0.0001000 loss=0.047 ACC=99.967 F1=99.665 Rec=99.986 Prec=99.355

Test-  OSR [10/30] LR=0.0001000 ACC=78.924 F1=80.303 Rec=81.592 Prec=82.617 UNK=71.429 OS*=83.625 HOS=77.047 AUROC=81.752 AUPR=72.438 OSCR=71.730
Test-Close [10/30] LR=0.0001000 loss=2.065 ACC=98.186 F1=98.057 Rec=98.172 Prec=97.980

Train Client0 [11/30] LR=0.0001000 loss=0.117 ACC=99.863 F1=79.587 Rec=79.850 Prec=79.331
Train Client1 [11/30] LR=0.0001000 loss=0.098 ACC=99.784 F1=99.557 Rec=99.898 Prec=99.231
Train Client2 [11/30] LR=0.0001000 loss=0.178 ACC=99.233 F1=97.587 Rec=98.055 Prec=97.144
Train Client3 [11/30] LR=0.0001000 loss=0.444 ACC=97.475 F1=68.677 Rec=78.009 Prec=64.724
Train Client4 [11/30] LR=0.0001000 loss=0.228 ACC=99.583 F1=99.072 Rec=99.377 Prec=98.778
Train Client5 [11/30] LR=0.0001000 loss=0.378 ACC=99.699 F1=88.157 Rec=99.651 Prec=82.000
Train Client6 [11/30] LR=0.0001000 loss=0.085 ACC=99.781 F1=98.548 Rec=97.413 Prec=99.782
Train Client7 [11/30] LR=0.0001000 loss=0.150 ACC=99.738 F1=96.714 Rec=99.239 Prec=94.644

Test-  OSR [11/30] LR=0.0001000 ACC=68.956 F1=72.481 Rec=76.397 Prec=76.344 UNK=49.186 OS*=81.839 HOS=61.444 AUROC=74.069 AUPR=55.510 OSCR=66.096
Test-Close [11/30] LR=0.0001000 loss=2.140 ACC=97.192 F1=97.137 Rec=97.599 Prec=96.815

Train Client0 [12/30] LR=0.0001000 loss=0.123 ACC=99.891 F1=79.696 Rec=79.772 Prec=79.623
Train Client1 [12/30] LR=0.0001000 loss=0.164 ACC=99.569 F1=93.230 Rec=99.794 Prec=90.000
Train Client2 [12/30] LR=0.0001000 loss=0.222 ACC=99.469 F1=98.978 Rec=99.422 Prec=98.562
Train Client3 [12/30] LR=0.0001000 loss=0.306 ACC=97.727 F1=85.024 Rec=97.699 Prec=80.797
Train Client4 [12/30] LR=0.0001000 loss=0.079 ACC=99.722 F1=99.436 Rec=99.380 Prec=99.494
Train Client5 [12/30] LR=0.0001000 loss=0.176 ACC=99.623 F1=85.926 Rec=99.633 Prec=78.000
Train Client6 [12/30] LR=0.0001000 loss=0.153 ACC=99.694 F1=98.427 Rec=99.301 Prec=97.626
Train Client7 [12/30] LR=0.0001000 loss=0.234 ACC=99.411 F1=93.993 Rec=99.757 Prec=90.581

Test-  OSR [12/30] LR=0.0001000 ACC=81.497 F1=81.960 Rec=83.853 Prec=82.320 UNK=72.242 OS*=86.175 HOS=78.596 AUROC=87.747 AUPR=76.740 OSCR=79.917
Test-Close [12/30] LR=0.0001000 loss=2.044 ACC=97.927 F1=97.797 Rec=98.000 Prec=97.640

Train Client0 [13/30] LR=0.0001000 loss=0.097 ACC=99.754 F1=79.531 Rec=79.556 Prec=79.511
Train Client1 [13/30] LR=0.0001000 loss=0.099 ACC=99.569 F1=95.505 Rec=99.128 Prec=93.230
Train Client2 [13/30] LR=0.0001000 loss=0.262 ACC=99.528 F1=98.483 Rec=98.509 Prec=98.459
Train Client3 [13/30] LR=0.0001000 loss=0.421 ACC=98.232 F1=70.253 Rec=75.692 Prec=67.618
Train Client4 [13/30] LR=0.0001000 loss=0.144 ACC=99.479 F1=98.481 Rec=98.600 Prec=98.388
Train Client5 [13/30] LR=0.0001000 loss=0.264 ACC=99.398 F1=81.301 Rec=94.406 Prec=73.868
Train Client6 [13/30] LR=0.0001000 loss=0.082 ACC=99.869 F1=99.664 Rec=99.504 Prec=99.829
Train Client7 [13/30] LR=0.0001000 loss=0.177 ACC=99.542 F1=98.881 Rec=99.811 Prec=98.039

Test-  OSR [13/30] LR=0.0001000 ACC=74.510 F1=75.521 Rec=84.561 Prec=76.128 UNK=33.544 OS*=94.765 HOS=49.549 AUROC=85.476 AUPR=72.043 OSCR=83.836
Test-Close [13/30] LR=0.0001000 loss=1.903 ACC=97.970 F1=97.737 Rec=98.271 Prec=97.276

Train Client0 [14/30] LR=0.0001000 loss=0.066 ACC=99.891 F1=99.602 Rec=99.477 Prec=99.729
Train Client1 [14/30] LR=0.0001000 loss=0.067 ACC=99.569 F1=95.520 Rec=99.796 Prec=92.593
Train Client2 [14/30] LR=0.0001000 loss=0.109 ACC=99.528 F1=96.999 Rec=97.386 Prec=96.637
Train Client3 [14/30] LR=0.0001000 loss=0.123 ACC=99.369 F1=76.673 Rec=79.611 Prec=74.459
Train Client4 [14/30] LR=0.0001000 loss=0.121 ACC=99.653 F1=99.256 Rec=99.232 Prec=99.280
Train Client5 [14/30] LR=0.0001000 loss=0.215 ACC=99.849 F1=93.125 Rec=99.965 Prec=88.333
Train Client6 [14/30] LR=0.0001000 loss=0.047 ACC=99.913 F1=99.714 Rec=99.535 Prec=99.899
Train Client7 [14/30] LR=0.0001000 loss=0.135 ACC=99.607 F1=99.519 Rec=99.838 Prec=99.212

Test-  OSR [14/30] LR=0.0001000 ACC=74.072 F1=75.977 Rec=78.394 Prec=78.436 UNK=60.307 OS*=82.011 HOS=69.504 AUROC=80.817 AUPR=67.029 OSCR=71.760
Test-Close [14/30] LR=0.0001000 loss=2.101 ACC=98.186 F1=98.065 Rec=98.326 Prec=97.845

Train Client0 [15/30] LR=0.0001000 loss=0.151 ACC=99.644 F1=79.571 Rec=79.348 Prec=79.798
Train Client1 [15/30] LR=0.0001000 loss=0.137 ACC=99.353 F1=95.077 Rec=99.027 Prec=92.462
Train Client2 [15/30] LR=0.0001000 loss=0.127 ACC=99.646 F1=99.559 Rec=99.626 Prec=99.496
Train Client3 [15/30] LR=0.0001000 loss=0.260 ACC=98.737 F1=94.034 Rec=99.023 Prec=90.740
Train Client4 [15/30] LR=0.0001000 loss=0.090 ACC=99.722 F1=99.560 Rec=99.572 Prec=99.548
Train Client5 [15/30] LR=0.0001000 loss=0.224 ACC=99.699 F1=91.918 Rec=99.837 Prec=88.571
Train Client6 [15/30] LR=0.0001000 loss=0.191 ACC=99.694 F1=99.693 Rec=99.678 Prec=99.708
Train Client7 [15/30] LR=0.0001000 loss=0.108 ACC=99.705 F1=97.350 Rec=97.670 Prec=97.041

Test-  OSR [15/30] LR=0.0001000 ACC=71.967 F1=74.585 Rec=82.307 Prec=76.566 UNK=29.837 OS*=92.802 HOS=45.156 AUROC=73.303 AUPR=59.398 OSCR=71.291
Test-Close [15/30] LR=0.0001000 loss=1.979 ACC=97.624 F1=97.194 Rec=97.810 Prec=96.756

Train Client0 [16/30] LR=0.0001000 loss=0.089 ACC=99.918 F1=79.876 Rec=79.791 Prec=79.963
Train Client1 [16/30] LR=0.0001000 loss=0.095 ACC=99.569 F1=95.520 Rec=99.796 Prec=92.593
Train Client2 [16/30] LR=0.0001000 loss=0.065 ACC=99.469 F1=97.029 Rec=98.331 Prec=95.917
Train Client3 [16/30] LR=0.0001000 loss=0.118 ACC=99.116 F1=73.511 Rec=76.200 Prec=71.445
Train Client4 [16/30] LR=0.0001000 loss=0.097 ACC=99.514 F1=98.935 Rec=98.970 Prec=98.900
Train Client5 [16/30] LR=0.0001000 loss=0.158 ACC=99.849 F1=95.927 Rec=99.965 Prec=93.223
Train Client6 [16/30] LR=0.0001000 loss=0.065 ACC=99.781 F1=99.457 Rec=99.357 Prec=99.559
Train Client7 [16/30] LR=0.0001000 loss=0.090 ACC=99.804 F1=99.920 Rec=99.919 Prec=99.922

Test-  OSR [16/30] LR=0.0001000 ACC=69.453 F1=69.819 Rec=83.152 Prec=73.515 UNK=10.940 OS*=97.594 HOS=19.675 AUROC=85.560 AUPR=72.944 OSCR=85.032
Test-Close [16/30] LR=0.0001000 loss=1.797 ACC=98.359 F1=98.099 Rec=98.414 Prec=97.828

Train Client0 [17/30] LR=0.0001000 loss=0.085 ACC=99.945 F1=79.934 Rec=79.963 Prec=79.905
Train Client1 [17/30] LR=0.0001000 loss=0.680 ACC=98.707 F1=91.815 Rec=98.055 Prec=88.926
Train Client2 [17/30] LR=0.0001000 loss=0.149 ACC=99.587 F1=99.463 Rec=99.520 Prec=99.407
Train Client3 [17/30] LR=0.0001000 loss=0.262 ACC=98.232 F1=88.857 Rec=94.030 Prec=85.795
Train Client4 [17/30] LR=0.0001000 loss=0.076 ACC=99.618 F1=98.781 Rec=99.217 Prec=98.359
Train Client5 [17/30] LR=0.0001000 loss=0.198 ACC=99.925 F1=97.722 Rec=99.890 Prec=96.000
Train Client6 [17/30] LR=0.0001000 loss=0.218 ACC=99.781 F1=98.920 Rec=99.647 Prec=98.270
Train Client7 [17/30] LR=0.0001000 loss=0.019 ACC=99.935 F1=97.436 Rec=99.973 Prec=95.355

Test-  OSR [17/30] LR=0.0001000 ACC=52.675 F1=48.046 Rec=50.313 Prec=64.205 UNK=86.347 OS*=43.106 HOS=57.505 AUROC=66.781 AUPR=39.826 OSCR=34.943
Test-Close [17/30] LR=0.0001000 loss=3.155 ACC=97.192 F1=97.271 Rec=97.267 Prec=97.396

Train Client0 [18/30] LR=0.0001000 loss=0.100 ACC=99.754 F1=79.415 Rec=79.613 Prec=79.219
Train Client1 [18/30] LR=0.0001000 loss=0.047 ACC=99.784 F1=99.571 Rec=99.897 Prec=99.259
Train Client2 [18/30] LR=0.0001000 loss=0.072 ACC=99.823 F1=99.295 Rec=98.871 Prec=99.747
Train Client3 [18/30] LR=0.0001000 loss=0.126 ACC=98.990 F1=73.301 Rec=79.377 Prec=69.933
Train Client4 [18/30] LR=0.0001000 loss=0.157 ACC=99.549 F1=99.101 Rec=99.008 Prec=99.195
Train Client5 [18/30] LR=0.0001000 loss=0.285 ACC=99.774 F1=92.022 Rec=94.871 Prec=91.888
Train Client6 [18/30] LR=0.0001000 loss=0.048 ACC=100.000 F1=100.000 Rec=100.000 Prec=100.000
Train Client7 [18/30] LR=0.0001000 loss=0.115 ACC=99.804 F1=98.097 Rec=97.057 Prec=99.267

Test-  OSR [18/30] LR=0.0001000 ACC=64.543 F1=60.614 Rec=63.378 Prec=62.158 UNK=76.221 OS*=60.810 HOS=67.649 AUROC=68.691 AUPR=40.427 OSCR=55.327
Test-Close [18/30] LR=0.0001000 loss=2.787 ACC=98.186 F1=98.225 Rec=98.303 Prec=98.181

Train Client0 [19/30] LR=0.0001000 loss=0.062 ACC=99.945 F1=79.849 Rec=79.983 Prec=79.718
Train Client1 [19/30] LR=0.0001000 loss=0.725 ACC=97.198 F1=91.854 Rec=94.931 Prec=90.315
Train Client2 [19/30] LR=0.0001000 loss=0.189 ACC=99.528 F1=98.513 Rec=98.528 Prec=98.499
Train Client3 [19/30] LR=0.0001000 loss=0.135 ACC=98.737 F1=73.579 Rec=78.773 Prec=70.420
Train Client4 [19/30] LR=0.0001000 loss=0.096 ACC=99.688 F1=99.211 Rec=99.318 Prec=99.106
Train Client5 [19/30] LR=0.0001000 loss=0.178 ACC=99.548 F1=87.906 Rec=94.819 Prec=87.389
Train Client6 [19/30] LR=0.0001000 loss=0.150 ACC=99.738 F1=98.924 Rec=99.775 Prec=98.145
Train Client7 [19/30] LR=0.0001000 loss=0.087 ACC=99.869 F1=99.626 Rec=99.946 Prec=99.316

Test-  OSR [19/30] LR=0.0001000 ACC=68.693 F1=68.494 Rec=82.777 Prec=71.569 UNK=8.409 OS*=97.651 HOS=15.484 AUROC=85.480 AUPR=71.792 OSCR=85.049
Test-Close [19/30] LR=0.0001000 loss=1.787 ACC=98.402 F1=98.240 Rec=98.469 Prec=98.029

Train Client0 [20/30] LR=0.0001000 loss=0.060 ACC=99.973 F1=79.991 Rec=79.981 Prec=80.000
Train Client1 [20/30] LR=0.0001000 loss=0.036 ACC=99.784 F1=95.949 Rec=99.898 Prec=93.333
Train Client2 [20/30] LR=0.0001000 loss=0.198 ACC=99.233 F1=97.774 Rec=98.123 Prec=97.454
Train Client3 [20/30] LR=0.0001000 loss=0.279 ACC=98.106 F1=71.031 Rec=78.431 Prec=67.645
Train Client4 [20/30] LR=0.0001000 loss=0.086 ACC=99.757 F1=99.501 Rec=99.610 Prec=99.393
Train Client5 [20/30] LR=0.0001000 loss=0.214 ACC=100.000 F1=100.000 Rec=100.000 Prec=100.000
Train Client6 [20/30] LR=0.0001000 loss=0.029 ACC=99.694 F1=98.810 Rec=99.664 Prec=98.028
Train Client7 [20/30] LR=0.0001000 loss=0.254 ACC=99.575 F1=97.290 Rec=99.825 Prec=95.212

Test-  OSR [20/30] LR=0.0001000 ACC=67.553 F1=69.215 Rec=78.682 Prec=69.648 UNK=16.908 OS*=91.036 HOS=28.519 AUROC=72.769 AUPR=53.057 OSCR=71.328
Test-Close [20/30] LR=0.0001000 loss=1.997 ACC=98.488 F1=98.222 Rec=98.579 Prec=97.916

Train Client0 [21/30] LR=0.0001000 loss=0.107 ACC=99.699 F1=79.655 Rec=79.521 Prec=79.792
Train Client1 [21/30] LR=0.0001000 loss=0.630 ACC=98.276 F1=92.968 Rec=95.451 Prec=92.007
Train Client2 [21/30] LR=0.0001000 loss=0.385 ACC=99.292 F1=98.276 Rec=98.177 Prec=98.378
Train Client3 [21/30] LR=0.0001000 loss=0.201 ACC=97.854 F1=70.517 Rec=78.719 Prec=66.980
Train Client4 [21/30] LR=0.0001000 loss=0.088 ACC=99.757 F1=99.459 Rec=99.364 Prec=99.556
Train Client5 [21/30] LR=0.0001000 loss=0.191 ACC=99.699 F1=90.816 Rec=99.744 Prec=85.222
Train Client6 [21/30] LR=0.0001000 loss=0.019 ACC=99.913 F1=99.717 Rec=99.697 Prec=99.737
Train Client7 [21/30] LR=0.0001000 loss=0.104 ACC=99.705 F1=99.559 Rec=99.879 Prec=99.251

Test-  OSR [21/30] LR=0.0001000 ACC=71.207 F1=73.918 Rec=76.453 Prec=78.368 UNK=61.302 OS*=79.484 HOS=69.219 AUROC=77.250 AUPR=63.954 OSCR=65.529
Test-Close [21/30] LR=0.0001000 loss=2.143 ACC=97.797 F1=97.651 Rec=97.941 Prec=97.431

Train Client0 [22/30] LR=0.0001000 loss=0.054 ACC=100.000 F1=100.000 Rec=100.000 Prec=100.000
Train Client1 [22/30] LR=0.0001000 loss=0.063 ACC=99.569 F1=95.520 Rec=99.796 Prec=92.593
Train Client2 [22/30] LR=0.0001000 loss=0.062 ACC=99.528 F1=98.902 Rec=99.384 Prec=98.446
Train Client3 [22/30] LR=0.0001000 loss=0.162 ACC=98.990 F1=74.204 Rec=79.416 Prec=71.024
Train Client4 [22/30] LR=0.0001000 loss=0.104 ACC=99.688 F1=99.389 Rec=99.346 Prec=99.433
Train Client5 [22/30] LR=0.0001000 loss=0.225 ACC=99.548 F1=84.997 Rec=94.819 Prec=81.794
Train Client6 [22/30] LR=0.0001000 loss=0.151 ACC=99.519 F1=99.456 Rec=99.417 Prec=99.498
Train Client7 [22/30] LR=0.0001000 loss=0.040 ACC=99.967 F1=98.817 Rec=97.778 Prec=99.987

Test-  OSR [22/30] LR=0.0001000 ACC=72.230 F1=74.742 Rec=82.158 Prec=76.400 UNK=30.380 OS*=92.514 HOS=45.740 AUROC=71.952 AUPR=59.642 OSCR=69.896
Test-Close [22/30] LR=0.0001000 loss=2.000 ACC=98.013 F1=97.699 Rec=98.087 Prec=97.409

Train Client0 [23/30] LR=0.0001000 loss=0.245 ACC=99.699 F1=99.538 Rec=99.649 Prec=99.431
Train Client1 [23/30] LR=0.0001000 loss=0.660 ACC=99.138 F1=94.991 Rec=98.926 Prec=92.392
Train Client2 [23/30] LR=0.0001000 loss=0.058 ACC=99.587 F1=97.646 Rec=98.539 Prec=96.842
Train Client3 [23/30] LR=0.0001000 loss=0.061 ACC=99.495 F1=76.733 Rec=79.690 Prec=74.500
Train Client4 [23/30] LR=0.0001000 loss=0.067 ACC=99.757 F1=99.141 Rec=99.531 Prec=98.765
Train Client5 [23/30] LR=0.0001000 loss=0.170 ACC=100.000 F1=100.000 Rec=100.000 Prec=100.000
Train Client6 [23/30] LR=0.0001000 loss=0.071 ACC=99.694 F1=99.572 Rec=99.665 Prec=99.481
Train Client7 [23/30] LR=0.0001000 loss=0.010 ACC=99.967 F1=99.665 Rec=99.987 Prec=99.355

Test-  OSR [23/30] LR=0.0001000 ACC=66.706 F1=69.540 Rec=73.619 Prec=74.032 UNK=46.383 OS*=79.066 HOS=58.467 AUROC=71.897 AUPR=55.787 OSCR=62.463
Test-Close [23/30] LR=0.0001000 loss=2.126 ACC=98.143 F1=97.944 Rec=98.326 Prec=97.618

Train Client0 [24/30] LR=0.0001000 loss=0.135 ACC=99.863 F1=99.861 Rec=99.884 Prec=99.838
Train Client1 [24/30] LR=0.0001000 loss=0.172 ACC=98.922 F1=90.983 Rec=96.425 Prec=89.042
Train Client2 [24/30] LR=0.0001000 loss=0.059 ACC=99.764 F1=98.720 Rec=99.642 Prec=97.894
Train Client3 [24/30] LR=0.0001000 loss=0.104 ACC=99.369 F1=76.694 Rec=79.612 Prec=74.500
Train Client4 [24/30] LR=0.0001000 loss=0.207 ACC=99.757 F1=99.557 Rec=99.531 Prec=99.583
Train Client5 [24/30] LR=0.0001000 loss=0.220 ACC=99.925 F1=97.134 Rec=99.982 Prec=95.000
Train Client6 [24/30] LR=0.0001000 loss=0.069 ACC=99.913 F1=99.818 Rec=99.938 Prec=99.700
Train Client7 [24/30] LR=0.0001000 loss=0.018 ACC=99.967 F1=99.665 Rec=99.987 Prec=99.355

Test-  OSR [24/30] LR=0.0001000 ACC=70.740 F1=71.988 Rec=79.558 Prec=72.283 UNK=25.316 OS*=90.406 HOS=39.556 AUROC=73.742 AUPR=54.821 OSCR=72.557
Test-Close [24/30] LR=0.0001000 loss=2.049 ACC=98.315 F1=98.084 Rec=98.336 Prec=97.872

Train Client0 [25/30] LR=0.0001000 loss=0.051 ACC=99.836 F1=99.346 Rec=99.681 Prec=99.021
Train Client1 [25/30] LR=0.0001000 loss=0.080 ACC=99.569 F1=95.506 Rec=99.129 Prec=93.232
Train Client2 [25/30] LR=0.0001000 loss=0.044 ACC=99.764 F1=99.227 Rec=99.734 Prec=98.746
Train Client3 [25/30] LR=0.0001000 loss=0.194 ACC=98.737 F1=72.685 Rec=75.096 Prec=70.880
Train Client4 [25/30] LR=0.0001000 loss=0.059 ACC=99.826 F1=99.752 Rec=99.875 Prec=99.631
Train Client5 [25/30] LR=0.0001000 loss=0.143 ACC=99.774 F1=90.166 Rec=94.872 Prec=88.223
Train Client6 [25/30] LR=0.0001000 loss=0.038 ACC=99.956 F1=99.949 Rec=99.929 Prec=99.969
Train Client7 [25/30] LR=0.0001000 loss=0.149 ACC=99.738 F1=98.092 Rec=97.683 Prec=98.672

Test-  OSR [25/30] LR=0.0001000 ACC=69.366 F1=70.482 Rec=82.917 Prec=73.369 UNK=12.749 OS*=96.950 HOS=22.534 AUROC=73.360 AUPR=61.075 OSCR=72.672
Test-Close [25/30] LR=0.0001000 loss=1.885 ACC=97.970 F1=97.560 Rec=98.152 Prec=97.087

Train Client0 [26/30] LR=0.0001000 loss=0.033 ACC=99.891 F1=79.499 Rec=79.582 Prec=79.418
Train Client1 [26/30] LR=0.0001000 loss=0.055 ACC=99.784 F1=95.949 Rec=99.898 Prec=93.333
Train Client2 [26/30] LR=0.0001000 loss=0.471 ACC=98.998 F1=97.174 Rec=97.731 Prec=96.722
Train Client3 [26/30] LR=0.0001000 loss=0.177 ACC=98.359 F1=71.014 Rec=72.477 Prec=69.767
Train Client4 [26/30] LR=0.0001000 loss=0.066 ACC=99.583 F1=99.106 Rec=99.238 Prec=98.975
Train Client5 [26/30] LR=0.0001000 loss=0.093 ACC=100.000 F1=100.000 Rec=100.000 Prec=100.000
Train Client6 [26/30] LR=0.0001000 loss=0.033 ACC=99.913 F1=99.817 Rec=99.737 Prec=99.899
Train Client7 [26/30] LR=0.0001000 loss=0.075 ACC=99.836 F1=97.724 Rec=97.724 Prec=97.725

Test-  OSR [26/30] LR=0.0001000 ACC=76.118 F1=77.445 Rec=83.896 Prec=77.352 UNK=43.942 OS*=91.887 HOS=59.453 AUROC=77.790 AUPR=65.045 OSCR=75.181
Test-Close [26/30] LR=0.0001000 loss=2.020 ACC=97.883 F1=97.808 Rec=97.960 Prec=97.707

Train Client0 [27/30] LR=0.0001000 loss=0.062 ACC=99.836 F1=79.706 Rec=79.659 Prec=79.753
Train Client1 [27/30] LR=0.0001000 loss=0.082 ACC=99.569 F1=95.506 Rec=99.129 Prec=93.231
Train Client2 [27/30] LR=0.0001000 loss=0.056 ACC=99.528 F1=97.491 Rec=98.393 Prec=96.682
Train Client3 [27/30] LR=0.0001000 loss=0.156 ACC=98.737 F1=73.202 Rec=79.225 Prec=69.893
Train Client4 [27/30] LR=0.0001000 loss=0.218 ACC=99.514 F1=99.545 Rec=99.509 Prec=99.585
Train Client5 [27/30] LR=0.0001000 loss=0.195 ACC=99.699 F1=89.252 Rec=99.837 Prec=83.333
Train Client6 [27/30] LR=0.0001000 loss=0.018 ACC=100.000 F1=100.000 Rec=100.000 Prec=100.000
Train Client7 [27/30] LR=0.0001000 loss=0.043 ACC=99.902 F1=96.822 Rec=97.751 Prec=95.987

Test-  OSR [27/30] LR=0.0001000 ACC=46.565 F1=39.438 Rec=41.518 Prec=41.849 UNK=81.465 OS*=33.528 HOS=47.505 AUROC=64.192 AUPR=43.314 OSCR=28.699
Test-Close [27/30] LR=0.0001000 loss=3.251 ACC=96.760 F1=96.907 Rec=97.200 Prec=96.794

Train Client0 [28/30] LR=0.0001000 loss=0.134 ACC=99.863 F1=79.677 Rec=79.563 Prec=79.793
Train Client1 [28/30] LR=0.0001000 loss=0.050 ACC=99.784 F1=95.949 Rec=99.897 Prec=93.333
Train Client2 [28/30] LR=0.0001000 loss=0.031 ACC=99.764 F1=99.235 Rec=99.700 Prec=98.796
Train Client3 [28/30] LR=0.0001000 loss=0.224 ACC=98.485 F1=72.407 Rec=79.070 Prec=68.584
Train Client4 [28/30] LR=0.0001000 loss=0.057 ACC=99.826 F1=99.835 Rec=99.871 Prec=99.800
Train Client5 [28/30] LR=0.0001000 loss=0.153 ACC=99.623 F1=87.856 Rec=94.649 Prec=83.110
Train Client6 [28/30] LR=0.0001000 loss=0.110 ACC=99.694 F1=99.580 Rec=99.503 Prec=99.657
Train Client7 [28/30] LR=0.0001000 loss=0.075 ACC=99.804 F1=99.588 Rec=99.919 Prec=99.268

Test-  OSR [28/30] LR=0.0001000 ACC=74.393 F1=76.081 Rec=81.626 Prec=75.927 UNK=48.915 OS*=88.169 HOS=62.922 AUROC=78.143 AUPR=64.665 OSCR=73.105
Test-Close [28/30] LR=0.0001000 loss=2.083 ACC=97.970 F1=97.854 Rec=98.117 Prec=97.636

Train Client0 [29/30] LR=0.0001000 loss=0.048 ACC=99.945 F1=99.746 Rec=99.966 Prec=99.529
Train Client1 [29/30] LR=0.0001000 loss=0.119 ACC=99.569 F1=99.157 Rec=99.797 Prec=98.571
Train Client2 [29/30] LR=0.0001000 loss=0.044 ACC=99.705 F1=98.143 Rec=97.723 Prec=98.590
Train Client3 [29/30] LR=0.0001000 loss=0.154 ACC=98.359 F1=73.236 Rec=75.294 Prec=71.785
Train Client4 [29/30] LR=0.0001000 loss=0.043 ACC=99.688 F1=99.525 Rec=99.537 Prec=99.513
Train Client5 [29/30] LR=0.0001000 loss=0.074 ACC=99.774 F1=92.023 Rec=94.871 Prec=89.889
Train Client6 [29/30] LR=0.0001000 loss=0.093 ACC=99.738 F1=98.849 Rec=99.574 Prec=98.199
Train Client7 [29/30] LR=0.0001000 loss=0.096 ACC=99.771 F1=95.920 Rec=99.906 Prec=93.268

Test-  OSR [29/30] LR=0.0001000 ACC=74.189 F1=75.347 Rec=83.825 Prec=75.052 UNK=35.805 OS*=93.429 HOS=51.770 AUROC=76.733 AUPR=64.936 OSCR=74.681
Test-Close [29/30] LR=0.0001000 loss=1.984 ACC=97.667 F1=97.481 Rec=97.838 Prec=97.179

------>Best performance--->>>>>>

Test-  OSR [7/30] LR=0.0001000 ACC=83.894 F1=83.936 Rec=84.461 Prec=85.141 UNK=79.656 OS*=85.422 HOS=82.438 AUROC=89.289 AUPR=79.133 OSCR=80.517
Test-Close [7/30] LR=0.0001000 loss=2.019 ACC=97.970 F1=97.927 Rec=97.751 Prec=98.169
=====================================================================================================================================
The ending time ：2026-05-28 00:49:21
