Logging to: ./logs/Bloodmnist_Finetune_K5_U3_seed1_20260615_172051.log
==> Preparing data..
The number of class each [(6, 2330), (1, 2181), (3, 2026), (7, 1643), (2, 1085), (5, 993), (0, 852), (4, 849)]
The numbers of Training, Val, Test sets, 11959, 1712, 3421
{7: 0, 2: 1, 1: 2, 6: 3, 0: 4} {4: 5, 3: 6, 5: 7}
[7 2 1 6 0] [0 1 2 3 4] [4 3 5] [5 6 7]
Known and Unknow in Train: 8091 3868
Known and Unknow in Val: 1157 555
Known and Unknow in Test: 2315 1106
Client0 sample num: 3659
Client1 sample num: 467
Client2 sample num: 1696
Client3 sample num: 795
Client4 sample num: 2885
Client5 sample num: 1332
Client6 sample num: 2290
Client7 sample num: 3058

>>> Setting up
==> Using device: cuda:0
==> Building [Resnet18] model..
154
154
154
154
154
154
154
154
154
154
154
154
154
154
154
154
154
154
Train Client0 [0/30] LR=0.0001000 loss=6.225 ACC=99.973 F1=99.929 Rec=99.977 Prec=99.882
Train Client1 [0/30] LR=0.0001000 loss=10.849 ACC=99.784 F1=95.949 Rec=99.898 Prec=93.333
Train Client2 [0/30] LR=0.0001000 loss=4.477 ACC=99.233 F1=96.321 Rec=97.114 Prec=95.614
Train Client3 [0/30] LR=0.0001000 loss=16.112 ACC=99.116 F1=74.965 Rec=79.020 Prec=72.254
Train Client4 [0/30] LR=0.0001000 loss=7.021 ACC=99.618 F1=99.235 Rec=99.221 Prec=99.249
Train Client5 [0/30] LR=0.0001000 loss=13.984 ACC=99.925 F1=97.134 Rec=99.982 Prec=95.000
Train Client6 [0/30] LR=0.0001000 loss=6.230 ACC=99.825 F1=99.615 Rec=99.635 Prec=99.596
Train Client7 [0/30] LR=0.0001000 loss=8.358 ACC=99.542 F1=95.775 Rec=96.949 Prec=95.177

Test-  OSR [0/30] LR=0.0001000 ACC=59.982 F1=52.057 Rec=66.001 Prec=44.594 UNK=0.000 OS*=79.201 HOS=0.000 AUROC=95.450 AUPR=89.436 OSCR=86.993
Test-Close [0/30] LR=0.0001000 loss=1.982 ACC=88.639 F1=75.757 Rec=79.201 Prec=86.737

Saving best model . . . . . . . .

Train Client0 [1/30] LR=0.0001000 loss=3.679 ACC=99.809 F1=79.711 Rec=79.640 Prec=79.781
Train Client1 [1/30] LR=0.0001000 loss=7.623 ACC=99.569 F1=95.520 Rec=99.795 Prec=92.593
Train Client2 [1/30] LR=0.0001000 loss=2.390 ACC=99.528 F1=98.467 Rec=98.467 Prec=98.468
Train Client3 [1/30] LR=0.0001000 loss=8.969 ACC=97.727 F1=69.531 Rec=77.744 Prec=65.969
Train Client4 [1/30] LR=0.0001000 loss=4.105 ACC=99.444 F1=99.254 Rec=99.188 Prec=99.323
Train Client5 [1/30] LR=0.0001000 loss=6.560 ACC=99.699 F1=89.205 Rec=99.744 Prec=83.333
Train Client6 [1/30] LR=0.0001000 loss=3.854 ACC=99.956 F1=99.848 Rec=99.767 Prec=99.930
Train Client7 [1/30] LR=0.0001000 loss=4.315 ACC=99.836 F1=97.386 Rec=99.279 Prec=95.948

Test-  OSR [1/30] LR=0.0001000 ACC=64.484 F1=62.478 Rec=76.762 Prec=54.343 UNK=0.000 OS*=92.114 HOS=0.000 AUROC=92.505 AUPR=80.818 OSCR=90.187
Test-Close [1/30] LR=0.0001000 loss=1.717 ACC=95.292 F1=93.339 Rec=92.114 Prec=95.624

Saving best model . . . . . . . .

Train Client0 [2/30] LR=0.0001000 loss=1.560 ACC=99.754 F1=79.084 Rec=78.802 Prec=79.376
Train Client1 [2/30] LR=0.0001000 loss=7.518 ACC=98.491 F1=98.664 Rec=98.615 Prec=98.729
Train Client2 [2/30] LR=0.0001000 loss=2.020 ACC=99.057 F1=97.633 Rec=96.963 Prec=98.338
Train Client3 [2/30] LR=0.0001000 loss=3.662 ACC=99.369 F1=77.764 Rec=79.609 Prec=76.167
Train Client4 [2/30] LR=0.0001000 loss=1.161 ACC=99.549 F1=98.860 Rec=98.668 Prec=99.071
Train Client5 [2/30] LR=0.0001000 loss=1.639 ACC=99.774 F1=96.957 Rec=94.777 Prec=99.853
Train Client6 [2/30] LR=0.0001000 loss=1.730 ACC=99.476 F1=98.666 Rec=99.272 Prec=98.145
Train Client7 [2/30] LR=0.0001000 loss=3.875 ACC=99.771 F1=99.907 Rec=99.906 Prec=99.909

Test-  OSR [2/30] LR=0.0001000 ACC=65.887 F1=63.943 Rec=79.684 Prec=55.582 UNK=0.000 OS*=95.620 HOS=0.000 AUROC=93.386 AUPR=84.261 OSCR=92.183
Test-Close [2/30] LR=0.0001000 loss=1.676 ACC=97.365 F1=96.413 Rec=95.620 Prec=97.508

Saving best model . . . . . . . .

Train Client0 [3/30] LR=0.0001000 loss=0.946 ACC=99.672 F1=99.368 Rec=99.112 Prec=99.627
Train Client1 [3/30] LR=0.0001000 loss=4.077 ACC=99.784 F1=95.949 Rec=99.898 Prec=93.333
Train Client2 [3/30] LR=0.0001000 loss=1.062 ACC=99.587 F1=97.024 Rec=96.584 Prec=97.490
Train Client3 [3/30] LR=0.0001000 loss=1.049 ACC=99.242 F1=74.764 Rec=79.533 Prec=72.000
Train Client4 [3/30] LR=0.0001000 loss=0.719 ACC=99.444 F1=99.267 Rec=99.239 Prec=99.299
Train Client5 [3/30] LR=0.0001000 loss=0.195 ACC=99.623 F1=86.198 Rec=94.651 Prec=82.888
Train Client6 [3/30] LR=0.0001000 loss=1.232 ACC=99.650 F1=99.582 Rec=99.366 Prec=99.802
Train Client7 [3/30] LR=0.0001000 loss=1.587 ACC=99.542 F1=98.768 Rec=99.811 Prec=97.832

Test-  OSR [3/30] LR=0.0001000 ACC=66.939 F1=65.441 Rec=82.147 Prec=64.068 UNK=0.181 OS*=98.540 HOS=0.361 AUROC=92.408 AUPR=83.908 OSCR=91.919
Test-Close [3/30] LR=0.0001000 loss=1.674 ACC=98.920 F1=98.824 Rec=98.654 Prec=99.007

Train Client0 [4/30] LR=0.0001000 loss=0.289 ACC=99.836 F1=79.713 Rec=79.842 Prec=79.586
Train Client1 [4/30] LR=0.0001000 loss=0.940 ACC=99.784 F1=94.667 Rec=97.500 Prec=93.333
Train Client2 [4/30] LR=0.0001000 loss=0.307 ACC=99.646 F1=98.105 Rec=97.679 Prec=98.559
Train Client3 [4/30] LR=0.0001000 loss=0.375 ACC=98.485 F1=72.880 Rec=79.106 Prec=69.399
Train Client4 [4/30] LR=0.0001000 loss=0.305 ACC=99.375 F1=98.718 Rec=98.468 Prec=98.989
Train Client5 [4/30] LR=0.0001000 loss=0.094 ACC=99.473 F1=86.019 Rec=94.337 Prec=82.851
Train Client6 [4/30] LR=0.0001000 loss=0.371 ACC=99.781 F1=99.754 Rec=99.741 Prec=99.766
Train Client7 [4/30] LR=0.0001000 loss=0.359 ACC=99.705 F1=99.880 Rec=99.878 Prec=99.883

Test-  OSR [4/30] LR=0.0001000 ACC=65.858 F1=65.838 Rec=81.058 Prec=61.784 UNK=0.995 OS*=97.071 HOS=1.969 AUROC=69.700 AUPR=55.250 OSCR=69.231
Test-Close [4/30] LR=0.0001000 loss=1.787 ACC=98.877 F1=98.716 Rec=98.591 Prec=98.872

Train Client0 [5/30] LR=0.0001000 loss=0.180 ACC=99.836 F1=79.672 Rec=79.478 Prec=79.868
Train Client1 [5/30] LR=0.0001000 loss=0.337 ACC=99.353 F1=99.035 Rec=99.028 Prec=99.043
Train Client2 [5/30] LR=0.0001000 loss=0.213 ACC=99.528 F1=98.079 Rec=98.517 Prec=97.666
Train Client3 [5/30] LR=0.0001000 loss=0.419 ACC=98.106 F1=71.492 Rec=78.874 Prec=68.133
Train Client4 [5/30] LR=0.0001000 loss=0.246 ACC=99.340 F1=98.816 Rec=99.290 Prec=98.359
Train Client5 [5/30] LR=0.0001000 loss=0.127 ACC=99.699 F1=88.649 Rec=99.744 Prec=81.333
Train Client6 [5/30] LR=0.0001000 loss=0.267 ACC=99.781 F1=99.775 Rec=99.700 Prec=99.850
Train Client7 [5/30] LR=0.0001000 loss=0.203 ACC=99.509 F1=99.169 Rec=99.798 Prec=98.582

Test-  OSR [5/30] LR=0.0001000 ACC=68.080 F1=68.339 Rec=82.219 Prec=70.853 UNK=6.148 OS*=97.433 HOS=11.567 AUROC=67.198 AUPR=59.889 OSCR=66.771
Test-Close [5/30] LR=0.0001000 loss=1.772 ACC=98.834 F1=98.672 Rec=98.525 Prec=98.853

Train Client0 [6/30] LR=0.0001000 loss=0.144 ACC=99.809 F1=79.471 Rec=79.289 Prec=79.656
Train Client1 [6/30] LR=0.0001000 loss=0.332 ACC=99.138 F1=98.575 Rec=98.255 Prec=98.909
Train Client2 [6/30] LR=0.0001000 loss=0.326 ACC=99.292 F1=98.758 Rec=98.304 Prec=99.250
Train Client3 [6/30] LR=0.0001000 loss=0.375 ACC=99.116 F1=76.334 Rec=79.455 Prec=73.959
Train Client4 [6/30] LR=0.0001000 loss=0.316 ACC=99.271 F1=98.729 Rec=98.568 Prec=98.892
Train Client5 [6/30] LR=0.0001000 loss=0.451 ACC=99.623 F1=89.234 Rec=99.819 Prec=83.316
Train Client6 [6/30] LR=0.0001000 loss=0.095 ACC=99.956 F1=99.869 Rec=99.969 Prec=99.770
Train Client7 [6/30] LR=0.0001000 loss=0.217 ACC=99.411 F1=97.451 Rec=99.104 Prec=95.944

Test-  OSR [6/30] LR=0.0001000 ACC=73.926 F1=75.805 Rec=78.208 Prec=77.436 UNK=60.669 OS*=81.716 HOS=69.637 AUROC=73.397 AUPR=55.443 OSCR=65.868
Test-Close [6/30] LR=0.0001000 loss=2.116 ACC=97.495 F1=97.415 Rec=97.232 Prec=97.726

Train Client0 [7/30] LR=0.0001000 loss=0.117 ACC=99.863 F1=99.382 Rec=99.275 Prec=99.490
Train Client1 [7/30] LR=0.0001000 loss=0.169 ACC=99.138 F1=94.663 Rec=98.925 Prec=91.749
Train Client2 [7/30] LR=0.0001000 loss=0.134 ACC=99.528 F1=97.988 Rec=98.478 Prec=97.525
Train Client3 [7/30] LR=0.0001000 loss=0.428 ACC=97.980 F1=69.682 Rec=75.064 Prec=66.643
Train Client4 [7/30] LR=0.0001000 loss=0.180 ACC=99.583 F1=99.216 Rec=99.434 Prec=99.004
Train Client5 [7/30] LR=0.0001000 loss=0.456 ACC=99.774 F1=90.166 Rec=94.871 Prec=88.222
Train Client6 [7/30] LR=0.0001000 loss=0.148 ACC=99.650 F1=99.576 Rec=99.367 Prec=99.788
Train Client7 [7/30] LR=0.0001000 loss=0.089 ACC=99.804 F1=96.213 Rec=97.710 Prec=95.302

Test-  OSR [7/30] LR=0.0001000 ACC=76.410 F1=78.317 Rec=84.510 Prec=78.463 UNK=43.761 OS*=92.659 HOS=59.447 AUROC=69.090 AUPR=59.572 OSCR=66.798
Test-Close [7/30] LR=0.0001000 loss=1.898 ACC=98.704 F1=98.629 Rec=98.546 Prec=98.731

Train Client0 [8/30] LR=0.0001000 loss=0.085 ACC=99.863 F1=79.626 Rec=79.579 Prec=79.673
Train Client1 [8/30] LR=0.0001000 loss=0.150 ACC=99.138 F1=94.662 Rec=98.923 Prec=91.748
Train Client2 [8/30] LR=0.0001000 loss=0.098 ACC=99.469 F1=98.326 Rec=98.363 Prec=98.290
Train Client3 [8/30] LR=0.0001000 loss=0.340 ACC=98.485 F1=72.897 Rec=79.062 Prec=69.481
Train Client4 [8/30] LR=0.0001000 loss=0.119 ACC=99.618 F1=98.770 Rec=98.862 Prec=98.680
Train Client5 [8/30] LR=0.0001000 loss=0.381 ACC=99.849 F1=93.078 Rec=99.871 Prec=88.333
Train Client6 [8/30] LR=0.0001000 loss=0.052 ACC=99.650 F1=99.430 Rec=99.430 Prec=99.430
Train Client7 [8/30] LR=0.0001000 loss=0.073 ACC=99.771 F1=97.347 Rec=99.229 Prec=95.922

Test-  OSR [8/30] LR=0.0001000 ACC=69.190 F1=72.189 Rec=78.399 Prec=73.040 UNK=36.166 OS*=86.845 HOS=51.066 AUROC=65.846 AUPR=48.887 OSCR=62.142
Test-Close [8/30] LR=0.0001000 loss=2.050 ACC=97.624 F1=97.668 Rec=97.616 Prec=97.799

Train Client0 [9/30] LR=0.0001000 loss=0.087 ACC=99.973 F1=79.991 Rec=79.981 Prec=80.000
Train Client1 [9/30] LR=0.0001000 loss=0.098 ACC=99.353 F1=95.077 Rec=99.026 Prec=92.461
Train Client2 [9/30] LR=0.0001000 loss=0.237 ACC=99.292 F1=97.810 Rec=98.228 Prec=97.420
Train Client3 [9/30] LR=0.0001000 loss=0.223 ACC=98.864 F1=77.327 Rec=78.888 Prec=75.997
Train Client4 [9/30] LR=0.0001000 loss=0.143 ACC=99.514 F1=98.952 Rec=98.778 Prec=99.131
Train Client5 [9/30] LR=0.0001000 loss=0.403 ACC=99.623 F1=86.338 Rec=94.836 Prec=80.222
Train Client6 [9/30] LR=0.0001000 loss=0.066 ACC=99.781 F1=99.754 Rec=99.726 Prec=99.781
Train Client7 [9/30] LR=0.0001000 loss=0.038 ACC=99.935 F1=97.764 Rec=97.764 Prec=97.764

Test-  OSR [9/30] LR=0.0001000 ACC=69.775 F1=72.390 Rec=77.439 Prec=74.785 UNK=33.363 OS*=86.254 HOS=48.116 AUROC=65.525 AUPR=50.017 OSCR=62.628
Test-Close [9/30] LR=0.0001000 loss=1.994 ACC=98.575 F1=98.531 Rec=98.397 Prec=98.696

Train Client0 [10/30] LR=0.0001000 loss=0.060 ACC=99.918 F1=79.876 Rec=79.867 Prec=79.886
Train Client1 [10/30] LR=0.0001000 loss=0.094 ACC=99.784 F1=99.572 Rec=99.898 Prec=99.259
Train Client2 [10/30] LR=0.0001000 loss=0.344 ACC=98.998 F1=97.500 Rec=97.773 Prec=97.257
Train Client3 [10/30] LR=0.0001000 loss=0.407 ACC=97.727 F1=69.790 Rec=74.946 Prec=66.941
Train Client4 [10/30] LR=0.0001000 loss=0.109 ACC=99.514 F1=98.040 Rec=98.061 Prec=98.019
Train Client5 [10/30] LR=0.0001000 loss=0.400 ACC=99.398 F1=84.837 Rec=94.784 Prec=81.556
Train Client6 [10/30] LR=0.0001000 loss=0.034 ACC=99.913 F1=99.906 Rec=99.899 Prec=99.913
Train Client7 [10/30] LR=0.0001000 loss=0.128 ACC=99.705 F1=98.389 Rec=97.670 Prec=99.250

Test-  OSR [10/30] LR=0.0001000 ACC=68.956 F1=70.147 Rec=78.267 Prec=70.532 UNK=20.253 OS*=89.870 HOS=33.057 AUROC=73.037 AUPR=56.106 OSCR=71.607
Test-Close [10/30] LR=0.0001000 loss=1.902 ACC=98.575 F1=98.452 Rec=98.283 Prec=98.656

Train Client0 [11/30] LR=0.0001000 loss=0.083 ACC=99.809 F1=99.664 Rec=99.658 Prec=99.671
Train Client1 [11/30] LR=0.0001000 loss=0.057 ACC=99.784 F1=99.571 Rec=99.898 Prec=99.259
Train Client2 [11/30] LR=0.0001000 loss=0.098 ACC=99.646 F1=98.109 Rec=97.637 Prec=98.609
Train Client3 [11/30] LR=0.0001000 loss=0.293 ACC=98.611 F1=72.370 Rec=79.144 Prec=68.974
Train Client4 [11/30] LR=0.0001000 loss=0.083 ACC=99.688 F1=99.113 Rec=99.099 Prec=99.127
Train Client5 [11/30] LR=0.0001000 loss=0.330 ACC=99.623 F1=86.926 Rec=99.633 Prec=79.333
Train Client6 [11/30] LR=0.0001000 loss=0.054 ACC=99.913 F1=99.798 Rec=99.858 Prec=99.739
Train Client7 [11/30] LR=0.0001000 loss=0.139 ACC=99.542 F1=98.323 Rec=97.602 Prec=99.187

Test-  OSR [11/30] LR=0.0001000 ACC=69.278 F1=70.562 Rec=80.896 Prec=71.466 UNK=16.094 OS*=93.856 HOS=27.477 AUROC=69.588 AUPR=56.692 OSCR=68.706
Test-Close [11/30] LR=0.0001000 loss=1.854 ACC=98.747 F1=98.665 Rec=98.557 Prec=98.798

Train Client0 [12/30] LR=0.0001000 loss=0.073 ACC=99.863 F1=79.762 Rec=79.677 Prec=79.848
Train Client1 [12/30] LR=0.0001000 loss=0.058 ACC=99.784 F1=95.949 Rec=99.897 Prec=93.333
Train Client2 [12/30] LR=0.0001000 loss=0.089 ACC=99.646 F1=97.062 Rec=96.680 Prec=97.470
Train Client3 [12/30] LR=0.0001000 loss=0.249 ACC=98.737 F1=72.722 Rec=78.787 Prec=69.365
Train Client4 [12/30] LR=0.0001000 loss=0.106 ACC=99.722 F1=99.228 Rec=99.134 Prec=99.324
Train Client5 [12/30] LR=0.0001000 loss=0.252 ACC=100.000 F1=100.000 Rec=100.000 Prec=100.000
Train Client6 [12/30] LR=0.0001000 loss=0.154 ACC=99.563 F1=98.688 Rec=99.346 Prec=98.105
Train Client7 [12/30] LR=0.0001000 loss=0.111 ACC=99.673 F1=95.880 Rec=99.865 Prec=93.229

Test-  OSR [12/30] LR=0.0001000 ACC=67.787 F1=66.375 Rec=62.561 Prec=74.302 UNK=73.418 OS*=60.389 HOS=66.269 AUROC=72.683 AUPR=48.107 OSCR=57.589
Test-Close [12/30] LR=0.0001000 loss=2.709 ACC=96.933 F1=96.632 Rec=96.317 Prec=97.222

Train Client0 [13/30] LR=0.0001000 loss=0.108 ACC=99.891 F1=99.382 Rec=99.382 Prec=99.382
Train Client1 [13/30] LR=0.0001000 loss=0.688 ACC=98.276 F1=91.046 Rec=96.786 Prec=88.837
Train Client2 [13/30] LR=0.0001000 loss=0.299 ACC=99.057 F1=97.180 Rec=97.920 Prec=96.535
Train Client3 [13/30] LR=0.0001000 loss=0.405 ACC=97.980 F1=69.586 Rec=72.244 Prec=67.564
Train Client4 [13/30] LR=0.0001000 loss=0.108 ACC=99.792 F1=99.579 Rec=99.617 Prec=99.542
Train Client5 [13/30] LR=0.0001000 loss=0.288 ACC=99.849 F1=93.078 Rec=99.871 Prec=88.333
Train Client6 [13/30] LR=0.0001000 loss=0.047 ACC=99.781 F1=99.485 Rec=99.604 Prec=99.368
Train Client7 [13/30] LR=0.0001000 loss=0.306 ACC=99.018 F1=96.183 Rec=95.427 Prec=97.083

Test-  OSR [13/30] LR=0.0001000 ACC=68.255 F1=70.484 Rec=71.512 Prec=75.600 UNK=49.819 OS*=75.851 HOS=60.139 AUROC=66.312 AUPR=47.330 OSCR=59.162
Test-Close [13/30] LR=0.0001000 loss=2.192 ACC=96.847 F1=96.532 Rec=96.236 Prec=97.097

Train Client0 [14/30] LR=0.0001000 loss=0.255 ACC=99.535 F1=99.289 Rec=99.232 Prec=99.352
Train Client1 [14/30] LR=0.0001000 loss=0.066 ACC=99.353 F1=95.077 Rec=99.027 Prec=92.462
Train Client2 [14/30] LR=0.0001000 loss=0.074 ACC=99.351 F1=96.746 Rec=97.182 Prec=96.334
Train Client3 [14/30] LR=0.0001000 loss=0.249 ACC=98.990 F1=74.943 Rec=79.377 Prec=71.905
Train Client4 [14/30] LR=0.0001000 loss=0.110 ACC=99.757 F1=99.258 Rec=98.973 Prec=99.556
Train Client5 [14/30] LR=0.0001000 loss=0.270 ACC=99.849 F1=94.856 Rec=99.871 Prec=91.000
Train Client6 [14/30] LR=0.0001000 loss=0.059 ACC=99.956 F1=99.849 Rec=99.929 Prec=99.770
Train Client7 [14/30] LR=0.0001000 loss=0.084 ACC=99.705 F1=98.834 Rec=99.879 Prec=97.896

Test-  OSR [14/30] LR=0.0001000 ACC=57.293 F1=55.216 Rec=56.570 Prec=76.785 UNK=67.360 OS*=54.412 HOS=60.198 AUROC=61.612 AUPR=39.492 OSCR=43.907
Test-Close [14/30] LR=0.0001000 loss=2.747 ACC=93.952 F1=93.796 Rec=93.525 Prec=95.032

Train Client0 [15/30] LR=0.0001000 loss=0.154 ACC=99.836 F1=79.747 Rec=79.812 Prec=79.684
Train Client1 [15/30] LR=0.0001000 loss=0.050 ACC=99.569 F1=99.128 Rec=99.128 Prec=99.128
Train Client2 [15/30] LR=0.0001000 loss=0.065 ACC=99.646 F1=98.122 Rec=98.577 Prec=97.691
Train Client3 [15/30] LR=0.0001000 loss=0.175 ACC=98.737 F1=70.524 Rec=72.713 Prec=68.841
Train Client4 [15/30] LR=0.0001000 loss=0.099 ACC=99.722 F1=99.727 Rec=99.712 Prec=99.744
Train Client5 [15/30] LR=0.0001000 loss=0.300 ACC=99.774 F1=92.705 Rec=99.854 Prec=88.000
Train Client6 [15/30] LR=0.0001000 loss=0.032 ACC=100.000 F1=100.000 Rec=100.000 Prec=100.000
Train Client7 [15/30] LR=0.0001000 loss=0.030 ACC=100.000 F1=100.000 Rec=100.000 Prec=100.000

Test-  OSR [15/30] LR=0.0001000 ACC=67.290 F1=65.782 Rec=66.046 Prec=75.454 UNK=57.866 OS*=67.682 HOS=62.391 AUROC=63.114 AUPR=43.880 OSCR=54.227
Test-Close [15/30] LR=0.0001000 loss=2.370 ACC=92.743 F1=91.203 Rec=90.617 Prec=94.292

Train Client0 [16/30] LR=0.0001000 loss=0.071 ACC=99.945 F1=99.746 Rec=99.870 Prec=99.625
Train Client1 [16/30] LR=0.0001000 loss=0.148 ACC=99.138 F1=97.339 Rec=96.528 Prec=98.330
Train Client2 [16/30] LR=0.0001000 loss=0.198 ACC=99.469 F1=98.502 Rec=98.424 Prec=98.583
Train Client3 [16/30] LR=0.0001000 loss=0.286 ACC=98.737 F1=72.180 Rec=75.531 Prec=69.952
Train Client4 [16/30] LR=0.0001000 loss=0.110 ACC=99.688 F1=99.155 Rec=99.701 Prec=98.626
Train Client5 [16/30] LR=0.0001000 loss=0.241 ACC=99.849 F1=94.889 Rec=94.889 Prec=94.889
Train Client6 [16/30] LR=0.0001000 loss=0.020 ACC=100.000 F1=100.000 Rec=100.000 Prec=100.000
Train Client7 [16/30] LR=0.0001000 loss=0.212 ACC=99.378 F1=95.439 Rec=99.743 Prec=92.481

Test-  OSR [16/30] LR=0.0001000 ACC=60.012 F1=60.707 Rec=57.011 Prec=71.673 UNK=56.329 OS*=57.148 HOS=56.736 AUROC=62.694 AUPR=38.899 OSCR=50.986
Test-Close [16/30] LR=0.0001000 loss=2.905 ACC=93.780 F1=93.219 Rec=92.732 Prec=95.018

Train Client0 [17/30] LR=0.0001000 loss=0.074 ACC=99.836 F1=99.407 Rec=99.802 Prec=99.022
Train Client1 [17/30] LR=0.0001000 loss=0.130 ACC=98.707 F1=93.730 Rec=97.990 Prec=90.818
Train Client2 [17/30] LR=0.0001000 loss=0.104 ACC=99.587 F1=97.537 Rec=97.490 Prec=97.584
Train Client3 [17/30] LR=0.0001000 loss=0.262 ACC=98.359 F1=74.219 Rec=78.155 Prec=71.632
Train Client4 [17/30] LR=0.0001000 loss=0.095 ACC=99.653 F1=99.476 Rec=99.427 Prec=99.526
Train Client5 [17/30] LR=0.0001000 loss=0.252 ACC=99.774 F1=93.213 Rec=99.760 Prec=90.000
Train Client6 [17/30] LR=0.0001000 loss=0.042 ACC=99.781 F1=99.564 Rec=99.564 Prec=99.564
Train Client7 [17/30] LR=0.0001000 loss=0.093 ACC=99.902 F1=95.973 Rec=99.959 Prec=93.320

Test-  OSR [17/30] LR=0.0001000 ACC=67.407 F1=70.134 Rec=74.097 Prec=73.974 UNK=42.405 OS*=80.436 HOS=55.533 AUROC=65.670 AUPR=48.071 OSCR=59.963
Test-Close [17/30] LR=0.0001000 loss=2.087 ACC=96.458 F1=96.165 Rec=96.050 Prec=96.610

Train Client0 [18/30] LR=0.0001000 loss=0.048 ACC=99.891 F1=99.712 Rec=99.932 Prec=99.495
Train Client1 [18/30] LR=0.0001000 loss=0.453 ACC=98.276 F1=98.206 Rec=97.846 Prec=98.593
Train Client2 [18/30] LR=0.0001000 loss=0.228 ACC=99.057 F1=97.501 Rec=98.725 Prec=96.481
Train Client3 [18/30] LR=0.0001000 loss=0.196 ACC=99.116 F1=78.262 Rec=79.020 Prec=77.595
Train Client4 [18/30] LR=0.0001000 loss=0.233 ACC=99.236 F1=98.513 Rec=98.559 Prec=98.485
Train Client5 [18/30] LR=0.0001000 loss=0.223 ACC=99.699 F1=90.982 Rec=99.744 Prec=86.000
Train Client6 [18/30] LR=0.0001000 loss=0.077 ACC=99.694 F1=99.381 Rec=99.341 Prec=99.423
Train Client7 [18/30] LR=0.0001000 loss=0.016 ACC=100.000 F1=100.000 Rec=100.000 Prec=100.000

Test-  OSR [18/30] LR=0.0001000 ACC=68.723 F1=71.104 Rec=71.500 Prec=75.192 UNK=55.515 OS*=74.697 HOS=63.693 AUROC=73.196 AUPR=49.705 OSCR=64.738
Test-Close [18/30] LR=0.0001000 loss=2.327 ACC=97.581 F1=97.582 Rec=97.576 Prec=97.676

Train Client0 [19/30] LR=0.0001000 loss=0.054 ACC=99.781 F1=79.364 Rec=79.354 Prec=79.373
Train Client1 [19/30] LR=0.0001000 loss=0.063 ACC=99.138 F1=94.663 Rec=98.925 Prec=91.749
Train Client2 [19/30] LR=0.0001000 loss=0.033 ACC=99.587 F1=98.062 Rec=98.471 Prec=97.678
Train Client3 [19/30] LR=0.0001000 loss=0.082 ACC=98.990 F1=92.256 Rec=94.063 Prec=90.687
Train Client4 [19/30] LR=0.0001000 loss=0.069 ACC=99.757 F1=99.519 Rec=99.726 Prec=99.317
Train Client5 [19/30] LR=0.0001000 loss=0.283 ACC=99.774 F1=92.070 Rec=94.965 Prec=91.890
Train Client6 [19/30] LR=0.0001000 loss=0.051 ACC=99.738 F1=99.613 Rec=99.493 Prec=99.735
Train Client7 [19/30] LR=0.0001000 loss=0.131 ACC=99.705 F1=99.880 Rec=99.878 Prec=99.883

Test-  OSR [19/30] LR=0.0001000 ACC=71.032 F1=74.017 Rec=76.909 Prec=75.960 UNK=52.622 OS*=81.766 HOS=64.034 AUROC=73.248 AUPR=54.538 OSCR=66.061
Test-Close [19/30] LR=0.0001000 loss=2.137 ACC=96.717 F1=96.905 Rec=96.952 Prec=97.060

Train Client0 [20/30] LR=0.0001000 loss=0.133 ACC=99.726 F1=79.670 Rec=79.508 Prec=79.834
Train Client1 [20/30] LR=0.0001000 loss=0.058 ACC=99.353 F1=95.077 Rec=99.027 Prec=92.462
Train Client2 [20/30] LR=0.0001000 loss=0.065 ACC=99.528 F1=98.860 Rec=99.341 Prec=98.404
Train Client3 [20/30] LR=0.0001000 loss=0.854 ACC=98.106 F1=73.966 Rec=75.142 Prec=73.002
Train Client4 [20/30] LR=0.0001000 loss=0.071 ACC=99.861 F1=99.690 Rec=99.690 Prec=99.690
Train Client5 [20/30] LR=0.0001000 loss=0.207 ACC=99.925 F1=97.134 Rec=99.982 Prec=95.000
Train Client6 [20/30] LR=0.0001000 loss=0.022 ACC=99.694 F1=99.481 Rec=99.301 Prec=99.666
