Logging to: ./logs/Bloodmnist_Pretrain_K5_U3_seed1_20260615_160347.log
==> Preparing data..
The number of class each [(6, 2330), (1, 2181), (3, 2026), (7, 1643), (2, 1085), (5, 993), (0, 852), (4, 849)]
The numbers of Training, Val, Test sets, 11959, 1712, 3421
{7: 0, 2: 1, 1: 2, 6: 3, 0: 4} {4: 5, 3: 6, 5: 7}
[7 2 1 6 0] [0 1 2 3 4] [4 3 5] [5 6 7]
Known and Unknow in Train: 8091 3868
Known and Unknow in Val: 1157 555
Known and Unknow in Test: 2315 1106
Client0 sample num: 3659
Client1 sample num: 467
Client2 sample num: 1696
Client3 sample num: 795
Client4 sample num: 2885
Client5 sample num: 1332
Client6 sample num: 2290
Client7 sample num: 3058

>>> Setting up
==> Building [Resnet18] model..
154
120
Train Client0 [0/50] LR=0.0005000 loss=0.519 ACC=91.247 F1=50.319 Rec=49.332 Prec=52.104
Train Client1 [0/50] LR=0.0005000 loss=0.618 ACC=90.948 F1=48.779 Rec=50.063 Prec=47.764
Train Client2 [0/50] LR=0.0005000 loss=0.884 ACC=85.554 F1=62.425 Rec=62.780 Prec=62.086
Train Client3 [0/50] LR=0.0005000 loss=0.695 ACC=89.773 F1=51.134 Rec=50.492 Prec=52.473
Train Client4 [0/50] LR=0.0005000 loss=0.827 ACC=85.521 F1=53.304 Rec=52.378 Prec=57.360
Train Client5 [0/50] LR=0.0005000 loss=0.425 ACC=94.051 F1=35.986 Rec=35.889 Prec=36.084
Train Client6 [0/50] LR=0.0005000 loss=0.725 ACC=88.068 F1=58.283 Rec=58.139 Prec=58.699
Train Client7 [0/50] LR=0.0005000 loss=0.256 ACC=96.630 F1=46.141 Rec=45.074 Prec=47.820

Val    [0/50] LR=0.0005000 loss=5.268 ACC=20.311 F1=6.753 Rec=20.000 Prec=4.062

Test-  OSR [0/50] LR=0.0005000 ACC=13.739 F1=4.026 Rec=16.667 Prec=2.290 UNK=0.000 OS*=20.000 HOS=0.000 AUROC=64.531 AUPR=47.020 OSCR=18.213
Test-Close [0/50] LR=0.0005000 loss=5.265 ACC=20.302 F1=6.750 Rec=20.000 Prec=4.060
Saving best model . . . . . . . .

Saving model at epoch 0 . . . . . . . .

Train Client0 [1/50] LR=0.0005000 loss=0.481 ACC=91.329 F1=68.058 Rec=66.134 Prec=71.540
Train Client1 [1/50] LR=0.0005000 loss=0.446 ACC=92.888 F1=53.068 Rec=52.038 Prec=56.004
Train Client2 [1/50] LR=0.0005000 loss=0.789 ACC=86.144 F1=62.960 Rec=63.505 Prec=62.435
Train Client3 [1/50] LR=0.0005000 loss=0.518 ACC=92.045 F1=49.746 Rec=48.421 Prec=52.232
Train Client4 [1/50] LR=0.0005000 loss=0.688 ACC=86.979 F1=54.423 Rec=54.042 Prec=55.921
Train Client5 [1/50] LR=0.0005000 loss=0.312 ACC=94.654 F1=35.984 Rec=36.385 Prec=35.613
Train Client6 [1/50] LR=0.0005000 loss=0.598 ACC=89.336 F1=59.112 Rec=58.490 Prec=60.334
Train Client7 [1/50] LR=0.0005000 loss=0.199 ACC=98.069 F1=41.566 Rec=41.124 Prec=43.027

Val    [1/50] LR=0.0005000 loss=4.469 ACC=20.311 F1=6.753 Rec=20.000 Prec=4.062

Test-  OSR [1/50] LR=0.0005000 ACC=13.739 F1=4.026 Rec=16.667 Prec=2.290 UNK=0.000 OS*=20.000 HOS=0.000 AUROC=70.425 AUPR=44.853 OSCR=20.302
Test-Close [1/50] LR=0.0005000 loss=4.470 ACC=20.302 F1=6.750 Rec=20.000 Prec=4.060
Saving best model . . . . . . . .

Train Client0 [2/50] LR=0.0005000 loss=0.427 ACC=92.697 F1=71.673 Rec=70.377 Prec=73.294
Train Client1 [2/50] LR=0.0005000 loss=0.475 ACC=92.888 F1=53.406 Rec=53.379 Prec=53.812
Train Client2 [2/50] LR=0.0005000 loss=0.669 ACC=89.151 F1=66.255 Rec=66.588 Prec=65.995
Train Client3 [2/50] LR=0.0005000 loss=0.536 ACC=92.803 F1=46.520 Rec=45.838 Prec=47.460
Train Client4 [2/50] LR=0.0005000 loss=0.643 ACC=88.229 F1=59.389 Rec=58.210 Prec=61.837
Train Client5 [2/50] LR=0.0005000 loss=0.350 ACC=94.127 F1=35.470 Rec=36.263 Prec=34.768
Train Client6 [2/50] LR=0.0005000 loss=0.611 ACC=88.418 F1=61.982 Rec=60.072 Prec=79.296
Train Client7 [2/50] LR=0.0005000 loss=0.223 ACC=98.266 F1=39.627 Rec=39.866 Prec=39.394

Val    [2/50] LR=0.0005000 loss=3.346 ACC=20.398 F1=6.953 Rec=20.064 Prec=5.369

Test-  OSR [2/50] LR=0.0005000 ACC=13.797 F1=4.181 Rec=16.720 Prec=2.944 UNK=0.000 OS*=20.064 HOS=0.000 AUROC=74.949 AUPR=48.742 OSCR=20.314
Test-Close [2/50] LR=0.0005000 loss=3.344 ACC=20.389 F1=6.962 Rec=20.064 Prec=5.208
Saving best model . . . . . . . .

Train Client0 [3/50] LR=0.0005000 loss=0.447 ACC=91.931 F1=54.568 Rec=53.055 Prec=57.131
Train Client1 [3/50] LR=0.0005000 loss=0.514 ACC=90.948 F1=50.317 Rec=49.925 Prec=51.150
Train Client2 [3/50] LR=0.0005000 loss=0.749 ACC=86.969 F1=63.516 Rec=64.166 Prec=62.893
Train Client3 [3/50] LR=0.0005000 loss=0.537 ACC=90.909 F1=47.067 Rec=45.920 Prec=49.297
Train Client4 [3/50] LR=0.0005000 loss=0.603 ACC=89.583 F1=62.304 Rec=61.217 Prec=64.584
Train Client5 [3/50] LR=0.0005000 loss=0.280 ACC=94.729 F1=36.031 Rec=36.871 Prec=35.304
Train Client6 [3/50] LR=0.0005000 loss=0.523 ACC=90.297 F1=61.356 Rec=60.933 Prec=62.031
Train Client7 [3/50] LR=0.0005000 loss=0.231 ACC=98.102 F1=40.545 Rec=40.452 Prec=41.072

Val    [3/50] LR=0.0005000 loss=2.908 ACC=24.546 F1=11.948 Rec=23.141 Prec=12.837

Test-  OSR [3/50] LR=0.0005000 ACC=16.428 F1=7.599 Rec=19.122 Prec=11.089 UNK=0.000 OS*=22.947 HOS=0.000 AUROC=74.694 AUPR=51.684 OSCR=23.015
Test-Close [3/50] LR=0.0005000 loss=2.911 ACC=24.276 F1=11.710 Rec=22.947 Prec=22.800
Saving best model . . . . . . . .

Train Client0 [4/50] LR=0.0005000 loss=0.369 ACC=92.998 F1=58.145 Rec=57.050 Prec=59.962
Train Client1 [4/50] LR=0.0005000 loss=0.524 ACC=92.888 F1=56.335 Rec=55.892 Prec=58.808
Train Client2 [4/50] LR=0.0005000 loss=0.844 ACC=87.618 F1=64.714 Rec=65.778 Prec=63.779
Train Client3 [4/50] LR=0.0005000 loss=0.529 ACC=92.803 F1=49.067 Rec=48.663 Prec=49.710
Train Client4 [4/50] LR=0.0005000 loss=0.670 ACC=88.785 F1=57.714 Rec=57.511 Prec=58.102
Train Client5 [4/50] LR=0.0005000 loss=0.282 ACC=95.557 F1=36.973 Rec=37.263 Prec=36.700
Train Client6 [4/50] LR=0.0005000 loss=0.497 ACC=90.297 F1=65.617 Rec=64.041 Prec=68.123
Train Client7 [4/50] LR=0.0005000 loss=0.230 ACC=98.135 F1=46.772 Rec=45.690 Prec=48.454

Val    [4/50] LR=0.0005000 loss=2.624 ACC=70.095 F1=47.772 Rec=55.771 Prec=42.458

Test-  OSR [4/50] LR=0.0005000 ACC=47.150 F1=31.731 Rec=46.279 Prec=40.795 UNK=0.000 OS*=55.535 HOS=0.000 AUROC=83.621 AUPR=62.310 OSCR=63.806
Test-Close [4/50] LR=0.0005000 loss=2.627 ACC=69.676 F1=47.565 Rec=55.535 Prec=62.171
Saving best model . . . . . . . .

Train Client0 [5/50] LR=0.0005000 loss=0.301 ACC=93.818 F1=60.978 Rec=60.538 Prec=61.485
Train Client1 [5/50] LR=0.0005000 loss=0.399 ACC=93.750 F1=66.546 Rec=68.872 Prec=65.260
Train Client2 [5/50] LR=0.0005000 loss=0.585 ACC=90.684 F1=68.528 Rec=69.181 Prec=67.896
Train Client3 [5/50] LR=0.0005000 loss=0.468 ACC=94.571 F1=59.719 Rec=58.577 Prec=61.871
Train Client4 [5/50] LR=0.0005000 loss=0.625 ACC=88.715 F1=61.120 Rec=60.064 Prec=63.400
Train Client5 [5/50] LR=0.0005000 loss=0.237 ACC=95.858 F1=44.955 Rec=43.796 Prec=46.784
Train Client6 [5/50] LR=0.0005000 loss=0.464 ACC=91.390 F1=66.424 Rec=65.643 Prec=67.696
Train Client7 [5/50] LR=0.0005000 loss=0.230 ACC=97.971 F1=41.485 Rec=41.053 Prec=42.989

Val    [5/50] LR=0.0005000 loss=2.319 ACC=80.207 F1=65.833 Rec=68.273 Prec=83.452

Test-  OSR [5/50] LR=0.0005000 ACC=53.639 F1=44.390 Rec=55.568 Prec=47.115 UNK=0.000 OS*=66.682 HOS=0.000 AUROC=84.782 AUPR=61.605 OSCR=74.291
Test-Close [5/50] LR=0.0005000 loss=2.325 ACC=79.266 F1=63.727 Rec=66.682 Prec=81.829
Saving best model . . . . . . . .

Saving model at epoch 5 . . . . . . . .

Train Client0 [6/50] LR=0.0005000 loss=0.339 ACC=94.283 F1=62.372 Rec=61.762 Prec=63.049
Train Client1 [6/50] LR=0.0005000 loss=0.361 ACC=93.103 F1=58.209 Rec=56.573 Prec=60.885
Train Client2 [6/50] LR=0.0005000 loss=0.472 ACC=91.568 F1=71.234 Rec=71.296 Prec=71.618
Train Client3 [6/50] LR=0.0005000 loss=0.309 ACC=95.455 F1=61.866 Rec=62.570 Prec=61.290
Train Client4 [6/50] LR=0.0005000 loss=0.484 ACC=91.076 F1=72.455 Rec=71.557 Prec=73.741
Train Client5 [6/50] LR=0.0005000 loss=0.232 ACC=96.536 F1=43.438 Rec=47.912 Prec=41.547
Train Client6 [6/50] LR=0.0005000 loss=0.385 ACC=93.051 F1=69.415 Rec=68.908 Prec=70.105
Train Client7 [6/50] LR=0.0005000 loss=0.158 ACC=98.168 F1=46.663 Rec=45.704 Prec=48.078

Val    [6/50] LR=0.0005000 loss=2.096 ACC=88.937 F1=86.188 Rec=83.765 Prec=91.899

Test-  OSR [6/50] LR=0.0005000 ACC=60.129 F1=59.576 Rec=69.850 Prec=53.960 UNK=0.000 OS*=83.820 HOS=0.000 AUROC=89.482 AUPR=74.901 OSCR=82.380
Test-Close [6/50] LR=0.0005000 loss=2.100 ACC=88.855 F1=85.972 Rec=83.820 Prec=91.216
Saving best model . . . . . . . .

Train Client0 [7/50] LR=0.0005000 loss=0.281 ACC=94.365 F1=62.503 Rec=62.147 Prec=63.222
Train Client1 [7/50] LR=0.0005000 loss=0.308 ACC=94.612 F1=64.245 Rec=64.443 Prec=64.056
Train Client2 [7/50] LR=0.0005000 loss=0.505 ACC=92.453 F1=72.914 Rec=72.680 Prec=74.906
Train Client3 [7/50] LR=0.0005000 loss=0.391 ACC=93.687 F1=47.983 Rec=47.376 Prec=48.788
Train Client4 [7/50] LR=0.0005000 loss=0.433 ACC=91.354 F1=72.580 Rec=71.085 Prec=74.685
Train Client5 [7/50] LR=0.0005000 loss=0.182 ACC=96.988 F1=38.155 Rec=38.427 Prec=37.898
Train Client6 [7/50] LR=0.0005000 loss=0.460 ACC=93.182 F1=74.428 Rec=73.142 Prec=76.159
Train Client7 [7/50] LR=0.0005000 loss=0.256 ACC=98.691 F1=57.433 Rec=54.825 Prec=61.280

Val    [7/50] LR=0.0005000 loss=1.991 ACC=94.555 F1=93.083 Rec=92.535 Prec=94.422

Test-  OSR [7/50] LR=0.0005000 ACC=64.221 F1=64.308 Rec=77.315 Prec=59.509 UNK=0.000 OS*=92.778 HOS=0.000 AUROC=91.552 AUPR=77.549 OSCR=88.909
Test-Close [7/50] LR=0.0005000 loss=1.997 ACC=94.903 F1=93.187 Rec=92.778 Prec=94.589
Saving best model . . . . . . . .

Train Client0 [8/50] LR=0.0005000 loss=0.294 ACC=95.405 F1=63.991 Rec=63.188 Prec=65.032
Train Client1 [8/50] LR=0.0005000 loss=0.330 ACC=94.612 F1=60.667 Rec=62.449 Prec=60.304
Train Client2 [8/50] LR=0.0005000 loss=0.457 ACC=92.689 F1=75.352 Rec=74.723 Prec=76.879
Train Client3 [8/50] LR=0.0005000 loss=0.284 ACC=96.465 F1=58.788 Rec=57.702 Prec=60.229
Train Client4 [8/50] LR=0.0005000 loss=0.444 ACC=92.882 F1=76.686 Rec=74.874 Prec=79.427
Train Client5 [8/50] LR=0.0005000 loss=0.162 ACC=97.590 F1=38.326 Rec=38.852 Prec=37.839
Train Client6 [8/50] LR=0.0005000 loss=0.347 ACC=94.056 F1=76.849 Rec=77.369 Prec=76.368
Train Client7 [8/50] LR=0.0005000 loss=0.179 ACC=98.527 F1=56.627 Rec=55.411 Prec=58.144

Val    [8/50] LR=0.0005000 loss=1.989 ACC=91.789 F1=89.427 Rec=87.630 Prec=93.329

Test-  OSR [8/50] LR=0.0005000 ACC=62.643 F1=61.825 Rec=73.919 Prec=57.035 UNK=0.000 OS*=88.703 HOS=0.000 AUROC=89.519 AUPR=71.442 OSCR=86.149
Test-Close [8/50] LR=0.0005000 loss=1.989 ACC=92.570 F1=90.110 Rec=88.703 Prec=93.280
Train Client0 [9/50] LR=0.0005000 loss=0.230 ACC=95.542 F1=66.591 Rec=66.454 Prec=66.776
Train Client1 [9/50] LR=0.0005000 loss=0.244 ACC=96.552 F1=69.479 Rec=69.769 Prec=69.199
Train Client2 [9/50] LR=0.0005000 loss=0.396 ACC=93.514 F1=76.912 Rec=75.637 Prec=80.735
Train Client3 [9/50] LR=0.0005000 loss=0.265 ACC=95.960 F1=62.149 Rec=62.141 Prec=62.158
Train Client4 [9/50] LR=0.0005000 loss=0.464 ACC=92.743 F1=75.860 Rec=75.839 Prec=75.921
Train Client5 [9/50] LR=0.0005000 loss=0.173 ACC=97.063 F1=43.954 Rec=51.742 Prec=41.719
Train Client6 [9/50] LR=0.0005000 loss=0.419 ACC=94.580 F1=77.793 Rec=78.693 Prec=77.121
Train Client7 [9/50] LR=0.0005000 loss=0.198 ACC=98.462 F1=54.486 Rec=53.508 Prec=55.723

Val    [9/50] LR=0.0005000 loss=1.860 ACC=95.506 F1=94.963 Rec=94.668 Prec=95.456

Test-  OSR [9/50] LR=0.0005000 ACC=64.543 F1=64.083 Rec=78.759 Prec=57.465 UNK=0.000 OS*=94.510 HOS=0.000 AUROC=92.198 AUPR=80.451 OSCR=89.788
Test-Close [9/50] LR=0.0005000 loss=1.872 ACC=95.378 F1=94.700 Rec=94.510 Prec=95.115
Saving best model . . . . . . . .

Train Client0 [10/50] LR=0.0005000 loss=0.160 ACC=97.019 F1=71.125 Rec=71.681 Prec=70.590
Train Client1 [10/50] LR=0.0005000 loss=0.707 ACC=94.612 F1=60.802 Rec=61.469 Prec=60.312
Train Client2 [10/50] LR=0.0005000 loss=0.350 ACC=95.578 F1=82.508 Rec=81.566 Prec=84.005
Train Client3 [10/50] LR=0.0005000 loss=0.280 ACC=96.338 F1=64.209 Rec=63.815 Prec=64.626
Train Client4 [10/50] LR=0.0005000 loss=0.318 ACC=94.306 F1=80.265 Rec=80.806 Prec=79.983
Train Client5 [10/50] LR=0.0005000 loss=0.170 ACC=97.741 F1=38.880 Rec=39.259 Prec=38.525
Train Client6 [10/50] LR=0.0005000 loss=0.246 ACC=95.717 F1=80.736 Rec=80.222 Prec=82.346
Train Client7 [10/50] LR=0.0005000 loss=0.149 ACC=98.953 F1=66.399 Rec=62.882 Prec=79.005

Val    [10/50] LR=0.0005000 loss=1.815 ACC=95.419 F1=94.176 Rec=95.202 Prec=94.156

Test-  OSR [10/50] LR=0.0005000 ACC=64.192 F1=66.451 Rec=78.524 Prec=63.705 UNK=0.000 OS*=94.229 HOS=0.000 AUROC=86.351 AUPR=63.524 OSCR=84.725
Test-Close [10/50] LR=0.0005000 loss=1.826 ACC=94.860 F1=93.360 Rec=94.229 Prec=93.702
Saving model at epoch 10 . . . . . . . .

>> New learning Rate: 0.00025
Train Client0 [11/50] LR=0.0002500 loss=0.113 ACC=98.195 F1=73.936 Rec=74.679 Prec=73.293
Train Client1 [11/50] LR=0.0002500 loss=0.235 ACC=96.336 F1=76.124 Rec=80.231 Prec=75.508
Train Client2 [11/50] LR=0.0002500 loss=0.173 ACC=96.993 F1=82.878 Rec=82.450 Prec=83.393
Train Client3 [11/50] LR=0.0002500 loss=0.156 ACC=97.096 F1=65.044 Rec=69.240 Prec=63.074
Train Client4 [11/50] LR=0.0002500 loss=0.193 ACC=96.389 F1=88.961 Rec=89.426 Prec=88.512
Train Client5 [11/50] LR=0.0002500 loss=0.098 ACC=97.741 F1=57.530 Rec=68.813 Prec=52.562
Train Client6 [11/50] LR=0.0002500 loss=0.182 ACC=97.946 F1=91.384 Rec=92.823 Prec=90.161
Train Client7 [11/50] LR=0.0002500 loss=0.166 ACC=99.084 F1=69.607 Rec=69.535 Prec=69.799

Val    [11/50] LR=0.0002500 loss=1.706 ACC=96.889 F1=96.255 Rec=96.457 Prec=96.244

Test-  OSR [11/50] LR=0.0002500 ACC=65.273 F1=66.226 Rec=79.731 Prec=61.431 UNK=0.000 OS*=95.677 HOS=0.000 AUROC=91.278 AUPR=75.131 OSCR=89.927
Test-Close [11/50] LR=0.0002500 loss=1.727 ACC=96.458 F1=95.520 Rec=95.677 Prec=95.666
Saving best model . . . . . . . .

Train Client0 [12/50] LR=0.0002500 loss=0.085 ACC=98.496 F1=93.700 Rec=94.320 Prec=93.107
Train Client1 [12/50] LR=0.0002500 loss=0.117 ACC=98.060 F1=85.906 Rec=92.284 Prec=85.385
Train Client2 [12/50] LR=0.0002500 loss=0.342 ACC=95.755 F1=84.358 Rec=84.903 Prec=83.917
Train Client3 [12/50] LR=0.0002500 loss=0.162 ACC=97.727 F1=69.345 Rec=70.462 Prec=68.382
Train Client4 [12/50] LR=0.0002500 loss=0.257 ACC=96.875 F1=90.153 Rec=91.331 Prec=89.140
Train Client5 [12/50] LR=0.0002500 loss=0.081 ACC=98.117 F1=63.171 Rec=80.722 Prec=56.190
Train Client6 [12/50] LR=0.0002500 loss=0.102 ACC=98.558 F1=94.480 Rec=96.230 Prec=92.970
Train Client7 [12/50] LR=0.0002500 loss=0.133 ACC=99.247 F1=81.600 Rec=81.242 Prec=82.337

Val    [12/50] LR=0.0002500 loss=1.669 ACC=97.753 F1=97.004 Rec=97.371 Prec=96.821

Test-  OSR [12/50] LR=0.0002500 ACC=65.770 F1=66.863 Rec=80.491 Prec=62.053 UNK=0.000 OS*=96.590 HOS=0.000 AUROC=93.566 AUPR=80.298 OSCR=92.474
Test-Close [12/50] LR=0.0002500 loss=1.691 ACC=97.192 F1=96.293 Rec=96.590 Prec=96.195
Saving best model . . . . . . . .

Train Client0 [13/50] LR=0.0002500 loss=0.091 ACC=98.605 F1=93.581 Rec=94.064 Prec=93.111
Train Client1 [13/50] LR=0.0002500 loss=0.218 ACC=98.922 F1=89.502 Rec=95.755 Prec=86.596
Train Client2 [13/50] LR=0.0002500 loss=0.321 ACC=97.229 F1=88.650 Rec=87.500 Prec=90.131
Train Client3 [13/50] LR=0.0002500 loss=0.163 ACC=97.727 F1=67.366 Rec=66.220 Prec=68.700
Train Client4 [13/50] LR=0.0002500 loss=0.167 ACC=97.188 F1=93.037 Rec=94.104 Prec=92.065
Train Client5 [13/50] LR=0.0002500 loss=0.099 ACC=98.569 F1=53.790 Rec=55.881 Prec=52.160
Train Client6 [13/50] LR=0.0002500 loss=0.309 ACC=97.247 F1=92.180 Rec=92.732 Prec=91.702
Train Client7 [13/50] LR=0.0002500 loss=0.130 ACC=99.378 F1=92.149 Rec=94.673 Prec=90.082

Val    [13/50] LR=0.0002500 loss=1.677 ACC=97.061 F1=96.578 Rec=96.420 Prec=96.890

Test-  OSR [13/50] LR=0.0002500 ACC=65.507 F1=66.184 Rec=79.874 Prec=60.930 UNK=0.000 OS*=95.849 HOS=0.000 AUROC=92.941 AUPR=79.494 OSCR=91.810
Test-Close [13/50] LR=0.0002500 loss=1.693 ACC=96.803 F1=96.056 Rec=95.849 Prec=96.497
Train Client0 [14/50] LR=0.0002500 loss=0.056 ACC=98.714 F1=75.618 Rec=75.566 Prec=75.683
Train Client1 [14/50] LR=0.0002500 loss=0.127 ACC=98.060 F1=82.742 Rec=84.692 Prec=81.459
Train Client2 [14/50] LR=0.0002500 loss=0.166 ACC=97.759 F1=90.838 Rec=90.184 Prec=91.577
Train Client3 [14/50] LR=0.0002500 loss=0.087 ACC=98.232 F1=67.878 Rec=67.406 Prec=68.376
Train Client4 [14/50] LR=0.0002500 loss=0.162 ACC=97.257 F1=91.036 Rec=91.743 Prec=90.425
Train Client5 [14/50] LR=0.0002500 loss=0.038 ACC=99.322 F1=75.549 Rec=82.836 Prec=70.852
Train Client6 [14/50] LR=0.0002500 loss=0.125 ACC=98.864 F1=97.861 Rec=97.832 Prec=97.890
Train Client7 [14/50] LR=0.0002500 loss=0.042 ACC=99.411 F1=71.493 Rec=71.879 Prec=71.189

Val    [14/50] LR=0.0002500 loss=1.655 ACC=98.099 F1=97.762 Rec=97.814 Prec=97.775

Test-  OSR [14/50] LR=0.0002500 ACC=66.179 F1=66.475 Rec=81.061 Prec=60.658 UNK=0.000 OS*=97.273 HOS=0.000 AUROC=94.232 AUPR=84.874 OSCR=93.422
Test-Close [14/50] LR=0.0002500 loss=1.670 ACC=97.797 F1=97.150 Rec=97.273 Prec=97.175
Saving best model . . . . . . . .

Train Client0 [15/50] LR=0.0002500 loss=0.084 ACC=98.933 F1=75.682 Rec=75.257 Prec=76.189
Train Client1 [15/50] LR=0.0002500 loss=0.065 ACC=98.276 F1=82.489 Rec=82.489 Prec=82.489
Train Client2 [15/50] LR=0.0002500 loss=0.175 ACC=97.229 F1=88.033 Rec=87.440 Prec=88.703
Train Client3 [15/50] LR=0.0002500 loss=0.087 ACC=98.106 F1=69.940 Rec=70.619 Prec=69.415
Train Client4 [15/50] LR=0.0002500 loss=0.238 ACC=97.500 F1=91.239 Rec=90.556 Prec=91.999
Train Client5 [15/50] LR=0.0002500 loss=0.061 ACC=99.096 F1=72.272 Rec=81.228 Prec=67.149
Train Client6 [15/50] LR=0.0002500 loss=0.181 ACC=98.689 F1=96.229 Rec=98.033 Prec=94.690
Train Client7 [15/50] LR=0.0002500 loss=0.179 ACC=99.116 F1=85.441 Rec=91.953 Prec=81.358

Val    [15/50] LR=0.0002500 loss=1.701 ACC=96.283 F1=95.734 Rec=95.754 Prec=96.147

Test-  OSR [15/50] LR=0.0002500 ACC=64.864 F1=65.959 Rec=79.373 Prec=61.474 UNK=0.000 OS*=95.248 HOS=0.000 AUROC=87.235 AUPR=67.471 OSCR=85.994
Test-Close [15/50] LR=0.0002500 loss=1.720 ACC=95.853 F1=95.046 Rec=95.248 Prec=95.349
Saving model at epoch 15 . . . . . . . .

Train Client0 [16/50] LR=0.0002500 loss=0.075 ACC=98.851 F1=77.230 Rec=77.578 Prec=76.891
Train Client1 [16/50] LR=0.0002500 loss=0.142 ACC=97.629 F1=81.111 Rec=80.845 Prec=81.390
Train Client2 [16/50] LR=0.0002500 loss=0.277 ACC=97.229 F1=91.262 Rec=91.575 Prec=90.975
Train Client3 [16/50] LR=0.0002500 loss=0.107 ACC=97.727 F1=65.583 Rec=66.689 Prec=64.841
Train Client4 [16/50] LR=0.0002500 loss=0.151 ACC=97.292 F1=92.434 Rec=92.663 Prec=92.210
Train Client5 [16/50] LR=0.0002500 loss=0.046 ACC=99.096 F1=69.822 Rec=73.007 Prec=67.528
Train Client6 [16/50] LR=0.0002500 loss=0.087 ACC=98.689 F1=96.104 Rec=97.838 Prec=94.628
Train Client7 [16/50] LR=0.0002500 loss=0.117 ACC=99.149 F1=73.277 Rec=73.158 Prec=73.454

Val    [16/50] LR=0.0002500 loss=1.660 ACC=97.839 F1=97.318 Rec=97.397 Prec=97.411

Test-  OSR [16/50] LR=0.0002500 ACC=65.975 F1=66.573 Rec=80.752 Prec=61.121 UNK=0.000 OS*=96.903 HOS=0.000 AUROC=94.603 AUPR=84.391 OSCR=93.410
Test-Close [16/50] LR=0.0002500 loss=1.679 ACC=97.495 F1=96.896 Rec=96.903 Prec=97.096
Train Client0 [17/50] LR=0.0002500 loss=0.079 ACC=98.742 F1=95.632 Rec=96.607 Prec=94.705
Train Client1 [17/50] LR=0.0002500 loss=0.168 ACC=98.276 F1=74.572 Rec=75.594 Prec=73.665
Train Client2 [17/50] LR=0.0002500 loss=0.199 ACC=97.995 F1=93.328 Rec=92.680 Prec=94.076
Train Client3 [17/50] LR=0.0002500 loss=0.172 ACC=97.980 F1=67.738 Rec=69.708 Prec=66.714
Train Client4 [17/50] LR=0.0002500 loss=0.216 ACC=97.674 F1=93.889 Rec=93.882 Prec=93.910
Train Client5 [17/50] LR=0.0002500 loss=0.026 ACC=99.473 F1=82.771 Rec=99.784 Prec=73.429
Train Client6 [17/50] LR=0.0002500 loss=0.142 ACC=98.689 F1=92.153 Rec=92.242 Prec=92.071
Train Client7 [17/50] LR=0.0002500 loss=0.105 ACC=99.313 F1=84.930 Rec=88.269 Prec=83.007

Val    [17/50] LR=0.0002500 loss=1.656 ACC=97.494 F1=96.857 Rec=96.915 Prec=97.058

Test-  OSR [17/50] LR=0.0002500 ACC=65.741 F1=66.346 Rec=80.283 Prec=61.019 UNK=0.000 OS*=96.339 HOS=0.000 AUROC=93.913 AUPR=82.007 OSCR=92.908
Test-Close [17/50] LR=0.0002500 loss=1.677 ACC=97.149 F1=96.321 Rec=96.339 Prec=96.565
Train Client0 [18/50] LR=0.0002500 loss=0.053 ACC=99.070 F1=76.689 Rec=76.660 Prec=76.757
Train Client1 [18/50] LR=0.0002500 loss=0.120 ACC=98.707 F1=85.280 Rec=86.426 Prec=84.981
Train Client2 [18/50] LR=0.0002500 loss=0.137 ACC=97.936 F1=92.645 Rec=93.392 Prec=91.974
Train Client3 [18/50] LR=0.0002500 loss=0.126 ACC=97.980 F1=64.636 Rec=64.030 Prec=65.363
Train Client4 [18/50] LR=0.0002500 loss=0.133 ACC=97.569 F1=93.574 Rec=94.453 Prec=92.753
Train Client5 [18/50] LR=0.0002500 loss=0.041 ACC=99.473 F1=79.651 Rec=84.633 Prec=76.669
Train Client6 [18/50] LR=0.0002500 loss=0.091 ACC=98.951 F1=97.314 Rec=96.669 Prec=98.050
Train Client7 [18/50] LR=0.0002500 loss=0.068 ACC=99.444 F1=84.850 Rec=85.545 Prec=84.225

Val    [18/50] LR=0.0002500 loss=1.644 ACC=98.358 F1=97.937 Rec=98.068 Prec=97.931

Test-  OSR [18/50] LR=0.0002500 ACC=66.063 F1=66.813 Rec=80.968 Prec=61.518 UNK=0.000 OS*=97.162 HOS=0.000 AUROC=95.089 AUPR=86.013 OSCR=94.173
Test-Close [18/50] LR=0.0002500 loss=1.665 ACC=97.624 F1=97.054 Rec=97.162 Prec=97.118
Saving best model . . . . . . . .

Train Client0 [19/50] LR=0.0002500 loss=0.048 ACC=99.316 F1=77.047 Rec=76.708 Prec=77.402
Train Client1 [19/50] LR=0.0002500 loss=0.081 ACC=98.922 F1=89.720 Rec=93.995 Prec=86.795
Train Client2 [19/50] LR=0.0002500 loss=0.159 ACC=97.759 F1=90.963 Rec=92.287 Prec=89.884
Train Client3 [19/50] LR=0.0002500 loss=0.220 ACC=97.601 F1=61.624 Rec=61.411 Prec=61.906
Train Client4 [19/50] LR=0.0002500 loss=0.122 ACC=98.229 F1=94.021 Rec=94.034 Prec=94.041
Train Client5 [19/50] LR=0.0002500 loss=0.029 ACC=99.699 F1=90.927 Rec=99.744 Prec=85.889
Train Client6 [19/50] LR=0.0002500 loss=0.069 ACC=98.907 F1=97.777 Rec=97.741 Prec=97.816
Train Client7 [19/50] LR=0.0002500 loss=0.136 ACC=99.575 F1=83.969 Rec=84.781 Prec=83.240

Val    [19/50] LR=0.0002500 loss=1.657 ACC=98.617 F1=98.278 Rec=98.493 Prec=98.112

Test-  OSR [19/50] LR=0.0002500 ACC=66.413 F1=66.637 Rec=81.550 Prec=60.657 UNK=0.000 OS*=97.860 HOS=0.000 AUROC=94.906 AUPR=87.272 OSCR=94.204
Test-Close [19/50] LR=0.0002500 loss=1.671 ACC=98.143 F1=97.796 Rec=97.860 Prec=97.786
Saving best model . . . . . . . .

Train Client0 [20/50] LR=0.0002500 loss=0.060 ACC=99.125 F1=96.327 Rec=96.259 Prec=96.398
Train Client1 [20/50] LR=0.0002500 loss=0.095 ACC=98.922 F1=90.415 Rec=88.258 Prec=96.036
Train Client2 [20/50] LR=0.0002500 loss=0.127 ACC=98.113 F1=93.918 Rec=92.682 Prec=95.395
Train Client3 [20/50] LR=0.0002500 loss=0.116 ACC=98.106 F1=69.591 Rec=71.489 Prec=68.181
Train Client4 [20/50] LR=0.0002500 loss=0.117 ACC=98.368 F1=95.909 Rec=96.823 Prec=95.054
Train Client5 [20/50] LR=0.0002500 loss=0.024 ACC=99.699 F1=89.204 Rec=94.853 Prec=85.222
Train Client6 [20/50] LR=0.0002500 loss=0.227 ACC=99.082 F1=97.323 Rec=97.207 Prec=97.441
Train Client7 [20/50] LR=0.0002500 loss=0.036 ACC=99.411 F1=80.545 Rec=80.545 Prec=80.545

Val    [20/50] LR=0.0002500 loss=1.643 ACC=98.185 F1=97.806 Rec=97.680 Prec=98.079

Test-  OSR [20/50] LR=0.0002500 ACC=66.004 F1=66.889 Rec=80.820 Prec=61.792 UNK=0.000 OS*=96.985 HOS=0.000 AUROC=94.185 AUPR=83.888 OSCR=93.212
Test-Close [20/50] LR=0.0002500 loss=1.661 ACC=97.538 F1=96.999 Rec=96.985 Prec=97.217
Saving model at epoch 20 . . . . . . . .

Train Client0 [21/50] LR=0.0002500 loss=0.069 ACC=99.179 F1=77.482 Rec=77.563 Prec=77.409
Train Client1 [21/50] LR=0.0002500 loss=0.114 ACC=98.276 F1=80.835 Rec=82.488 Prec=79.863
Train Client2 [21/50] LR=0.0002500 loss=0.171 ACC=97.583 F1=88.113 Rec=87.942 Prec=88.298
Train Client3 [21/50] LR=0.0002500 loss=0.157 ACC=97.727 F1=71.253 Rec=71.861 Prec=70.880
Train Client4 [21/50] LR=0.0002500 loss=0.130 ACC=98.403 F1=95.962 Rec=95.907 Prec=96.019
Train Client5 [21/50] LR=0.0002500 loss=0.073 ACC=99.096 F1=69.612 Rec=84.450 Prec=62.275
Train Client6 [21/50] LR=0.0002500 loss=0.186 ACC=98.776 F1=95.339 Rec=96.321 Prec=94.435
Train Client7 [21/50] LR=0.0002500 loss=0.116 ACC=99.640 F1=83.704 Rec=82.377 Prec=85.697

Val    [21/50] LR=0.0002500 loss=1.644 ACC=98.271 F1=97.758 Rec=97.878 Prec=97.791

Test-  OSR [21/50] LR=0.0002500 ACC=65.916 F1=67.460 Rec=80.681 Prec=63.188 UNK=0.000 OS*=96.817 HOS=0.000 AUROC=91.149 AUPR=76.906 OSCR=90.402
Test-Close [21/50] LR=0.0002500 loss=1.665 ACC=97.408 F1=96.605 Rec=96.817 Prec=96.700
Train Client0 [22/50] LR=0.0002500 loss=0.125 ACC=99.015 F1=76.964 Rec=77.031 Prec=76.897
Train Client1 [22/50] LR=0.0002500 loss=0.201 ACC=98.707 F1=94.986 Rec=94.986 Prec=94.986
Train Client2 [22/50] LR=0.0002500 loss=0.413 ACC=97.288 F1=91.142 Rec=91.232 Prec=91.082
Train Client3 [22/50] LR=0.0002500 loss=0.106 ACC=99.116 F1=73.752 Rec=72.981 Prec=74.790
Train Client4 [22/50] LR=0.0002500 loss=0.108 ACC=98.576 F1=95.656 Rec=95.939 Prec=95.383
Train Client5 [22/50] LR=0.0002500 loss=0.060 ACC=99.548 F1=78.334 Rec=79.854 Prec=78.005
Train Client6 [22/50] LR=0.0002500 loss=0.054 ACC=99.038 F1=94.029 Rec=94.744 Prec=93.373
Train Client7 [22/50] LR=0.0002500 loss=0.013 ACC=99.836 F1=95.551 Rec=96.417 Prec=95.270

Val    [22/50] LR=0.0002500 loss=1.623 ACC=98.531 F1=98.142 Rec=98.191 Prec=98.133

Test-  OSR [22/50] LR=0.0002500 ACC=66.735 F1=66.515 Rec=82.051 Prec=60.018 UNK=0.000 OS*=98.461 HOS=0.000 AUROC=94.829 AUPR=86.470 OSCR=94.204
Test-Close [22/50] LR=0.0002500 loss=1.637 ACC=98.618 F1=98.490 Rec=98.461 Prec=98.551
Saving best model . . . . . . . .

>> New learning Rate: 0.000125
Train Client0 [23/50] LR=0.0001250 loss=0.088 ACC=99.590 F1=98.197 Rec=98.277 Prec=98.119
Train Client1 [23/50] LR=0.0001250 loss=0.039 ACC=99.138 F1=89.633 Rec=94.796 Prec=88.571
Train Client2 [23/50] LR=0.0001250 loss=0.074 ACC=98.998 F1=94.847 Rec=94.853 Prec=94.844
Train Client3 [23/50] LR=0.0001250 loss=0.057 ACC=98.990 F1=75.583 Rec=78.544 Prec=73.343
Train Client4 [23/50] LR=0.0001250 loss=0.056 ACC=99.340 F1=98.062 Rec=98.163 Prec=97.962
Train Client5 [23/50] LR=0.0001250 loss=0.023 ACC=99.548 F1=84.345 Rec=99.801 Prec=76.000
Train Client6 [23/50] LR=0.0001250 loss=0.015 ACC=99.869 F1=99.848 Rec=99.868 Prec=99.828
Train Client7 [23/50] LR=0.0001250 loss=0.018 ACC=99.836 F1=97.609 Rec=96.140 Prec=99.257

Val    [23/50] LR=0.0001250 loss=1.612 ACC=98.704 F1=98.364 Rec=98.384 Prec=98.364

Test-  OSR [23/50] LR=0.0001250 ACC=66.647 F1=65.956 Rec=81.848 Prec=59.041 UNK=0.000 OS*=98.217 HOS=0.000 AUROC=95.492 AUPR=88.366 OSCR=94.893
Test-Close [23/50] LR=0.0001250 loss=1.629 ACC=98.488 F1=98.345 Rec=98.217 Prec=98.498
Saving best model . . . . . . . .

Train Client0 [24/50] LR=0.0001250 loss=0.014 ACC=99.809 F1=98.833 Rec=98.786 Prec=98.880
Train Client1 [24/50] LR=0.0001250 loss=0.091 ACC=99.138 F1=94.663 Rec=98.925 Prec=91.749
Train Client2 [24/50] LR=0.0001250 loss=0.181 ACC=98.939 F1=94.744 Rec=94.673 Prec=94.816
Train Client3 [24/50] LR=0.0001250 loss=0.097 ACC=98.106 F1=69.944 Rec=74.306 Prec=67.279
Train Client4 [24/50] LR=0.0001250 loss=0.063 ACC=99.340 F1=97.934 Rec=98.554 Prec=97.338
Train Client5 [24/50] LR=0.0001250 loss=0.034 ACC=99.473 F1=82.704 Rec=94.523 Prec=75.221
Train Client6 [24/50] LR=0.0001250 loss=0.009 ACC=99.781 F1=98.792 Rec=99.726 Prec=97.931
Train Client7 [24/50] LR=0.0001250 loss=0.067 ACC=99.705 F1=92.540 Rec=93.586 Prec=91.600

Val    [24/50] LR=0.0001250 loss=1.620 ACC=98.617 F1=98.421 Rec=98.355 Prec=98.539

Test-  OSR [24/50] LR=0.0001250 ACC=66.589 F1=66.322 Rec=81.768 Prec=59.759 UNK=0.000 OS*=98.121 HOS=0.000 AUROC=94.891 AUPR=86.050 OSCR=94.227
Test-Close [24/50] LR=0.0001250 loss=1.637 ACC=98.402 F1=98.190 Rec=98.121 Prec=98.290
Train Client0 [25/50] LR=0.0001250 loss=0.037 ACC=99.644 F1=98.396 Rec=98.434 Prec=98.365
Train Client1 [25/50] LR=0.0001250 loss=0.065 ACC=99.138 F1=93.494 Rec=98.258 Prec=90.209
Train Client2 [25/50] LR=0.0001250 loss=0.067 ACC=99.116 F1=95.492 Rec=95.918 Prec=95.088
Train Client3 [25/50] LR=0.0001250 loss=0.060 ACC=99.116 F1=74.986 Rec=79.059 Prec=72.255
Train Client4 [25/50] LR=0.0001250 loss=0.080 ACC=99.201 F1=97.456 Rec=97.194 Prec=97.731
Train Client5 [25/50] LR=0.0001250 loss=0.029 ACC=99.623 F1=87.816 Rec=94.744 Prec=83.222
Train Client6 [25/50] LR=0.0001250 loss=0.046 ACC=99.650 F1=99.368 Rec=99.487 Prec=99.251
Train Client7 [25/50] LR=0.0001250 loss=0.060 ACC=99.836 F1=98.970 Rec=99.279 Prec=98.670

Val    [25/50] LR=0.0001250 loss=1.620 ACC=98.444 F1=98.012 Rec=98.071 Prec=98.071

Test-  OSR [25/50] LR=0.0001250 ACC=66.355 F1=67.698 Rec=81.304 Prec=62.938 UNK=0.000 OS*=97.565 HOS=0.000 AUROC=94.701 AUPR=84.221 OSCR=94.044
Test-Close [25/50] LR=0.0001250 loss=1.641 ACC=98.056 F1=97.419 Rec=97.565 Prec=97.438
Saving model at epoch 25 . . . . . . . .

Train Client0 [26/50] LR=0.0001250 loss=0.018 ACC=99.781 F1=79.593 Rec=79.622 Prec=79.565
Train Client1 [26/50] LR=0.0001250 loss=0.047 ACC=99.138 F1=89.053 Rec=89.692 Prec=88.468
Train Client2 [26/50] LR=0.0001250 loss=0.135 ACC=98.703 F1=94.075 Rec=94.399 Prec=93.774
Train Client3 [26/50] LR=0.0001250 loss=0.064 ACC=98.990 F1=74.662 Rec=78.509 Prec=72.150
Train Client4 [26/50] LR=0.0001250 loss=0.044 ACC=99.375 F1=98.457 Rec=98.561 Prec=98.355
Train Client5 [26/50] LR=0.0001250 loss=0.005 ACC=99.849 F1=93.316 Rec=93.316 Prec=93.316
Train Client6 [26/50] LR=0.0001250 loss=0.251 ACC=99.213 F1=99.192 Rec=99.085 Prec=99.303
Train Client7 [26/50] LR=0.0001250 loss=0.062 ACC=99.836 F1=97.064 Rec=99.279 Prec=95.294

Val    [26/50] LR=0.0001250 loss=1.616 ACC=98.790 F1=98.440 Rec=98.587 Prec=98.362

Test-  OSR [26/50] LR=0.0001250 ACC=66.589 F1=67.630 Rec=81.779 Prec=62.526 UNK=0.000 OS*=98.135 HOS=0.000 AUROC=94.314 AUPR=83.788 OSCR=93.866
Test-Close [26/50] LR=0.0001250 loss=1.633 ACC=98.402 F1=97.970 Rec=98.135 Prec=97.897
Train Client0 [27/50] LR=0.0001250 loss=0.005 ACC=99.918 F1=99.561 Rec=99.609 Prec=99.513
Train Client1 [27/50] LR=0.0001250 loss=0.036 ACC=99.353 F1=95.077 Rec=99.026 Prec=92.461
Train Client2 [27/50] LR=0.0001250 loss=0.054 ACC=99.410 F1=97.278 Rec=97.278 Prec=97.278
Train Client3 [27/50] LR=0.0001250 loss=0.071 ACC=98.864 F1=71.999 Rec=72.389 Prec=71.634
Train Client4 [27/50] LR=0.0001250 loss=0.035 ACC=99.618 F1=99.148 Rec=99.077 Prec=99.221
Train Client5 [27/50] LR=0.0001250 loss=0.016 ACC=99.774 F1=88.228 Rec=99.947 Prec=81.000
Train Client6 [27/50] LR=0.0001250 loss=0.026 ACC=99.781 F1=99.481 Rec=99.562 Prec=99.402
Train Client7 [27/50] LR=0.0001250 loss=0.021 ACC=99.902 F1=98.963 Rec=98.653 Prec=99.283

Val    [27/50] LR=0.0001250 loss=1.614 ACC=98.704 F1=98.334 Rec=98.592 Prec=98.161

Test-  OSR [27/50] LR=0.0001250 ACC=66.706 F1=67.771 Rec=81.993 Prec=62.657 UNK=0.000 OS*=98.391 HOS=0.000 AUROC=93.478 AUPR=82.908 OSCR=93.068
Test-Close [27/50] LR=0.0001250 loss=1.630 ACC=98.575 F1=98.204 Rec=98.391 Prec=98.070
Train Client0 [28/50] LR=0.0001250 loss=0.020 ACC=99.754 F1=99.356 Rec=99.309 Prec=99.403
Train Client1 [28/50] LR=0.0001250 loss=0.009 ACC=99.784 F1=99.572 Rec=99.898 Prec=99.259
Train Client2 [28/50] LR=0.0001250 loss=0.063 ACC=99.292 F1=96.134 Rec=96.130 Prec=96.139
Train Client3 [28/50] LR=0.0001250 loss=0.092 ACC=99.369 F1=74.955 Rec=76.393 Prec=73.708
Train Client4 [28/50] LR=0.0001250 loss=0.055 ACC=99.410 F1=97.981 Rec=98.651 Prec=97.358
Train Client5 [28/50] LR=0.0001250 loss=0.007 ACC=99.774 F1=91.085 Rec=93.298 Prec=89.316
Train Client6 [28/50] LR=0.0001250 loss=0.169 ACC=99.344 F1=99.026 Rec=98.936 Prec=99.118
Train Client7 [28/50] LR=0.0001250 loss=0.007 ACC=99.967 F1=97.136 Rec=95.000 Prec=99.987

Val    [28/50] LR=0.0001250 loss=1.621 ACC=98.790 F1=98.462 Rec=98.518 Prec=98.476

Test-  OSR [28/50] LR=0.0001250 ACC=66.413 F1=67.552 Rec=81.415 Prec=62.538 UNK=0.000 OS*=97.697 HOS=0.000 AUROC=93.535 AUPR=82.836 OSCR=92.964
Test-Close [28/50] LR=0.0001250 loss=1.642 ACC=98.143 F1=97.540 Rec=97.697 Prec=97.528
Train Client0 [29/50] LR=0.0001250 loss=0.088 ACC=99.781 F1=99.253 Rec=99.493 Prec=99.016
Train Client1 [29/50] LR=0.0001250 loss=0.630 ACC=99.138 F1=95.331 Rec=99.592 Prec=92.422
Train Client2 [29/50] LR=0.0001250 loss=0.064 ACC=99.233 F1=97.583 Rec=98.023 Prec=97.169
Train Client3 [29/50] LR=0.0001250 loss=0.082 ACC=98.990 F1=75.846 Rec=78.978 Prec=73.457
Train Client4 [29/50] LR=0.0001250 loss=0.031 ACC=99.722 F1=98.975 Rec=99.497 Prec=98.470
Train Client5 [29/50] LR=0.0001250 loss=0.039 ACC=99.473 F1=81.750 Rec=94.801 Prec=74.889
Train Client6 [29/50] LR=0.0001250 loss=0.102 ACC=99.738 F1=99.359 Rec=99.332 Prec=99.386
Train Client7 [29/50] LR=0.0001250 loss=0.000 ACC=100.000 F1=100.000 Rec=100.000 Prec=100.000

Val    [29/50] LR=0.0001250 loss=1.641 ACC=97.753 F1=97.580 Rec=97.185 Prec=98.068

Test-  OSR [29/50] LR=0.0001250 ACC=66.355 F1=66.104 Rec=81.191 Prec=59.173 UNK=0.000 OS*=97.429 HOS=0.000 AUROC=94.444 AUPR=86.360 OSCR=93.411
Test-Close [29/50] LR=0.0001250 loss=1.655 ACC=98.056 F1=97.833 Rec=97.429 Prec=98.292
Train Client0 [30/50] LR=0.0001250 loss=0.020 ACC=99.781 F1=79.040 Rec=78.973 Prec=79.110
Train Client1 [30/50] LR=0.0001250 loss=0.073 ACC=99.569 F1=99.129 Rec=99.129 Prec=99.129
Train Client2 [30/50] LR=0.0001250 loss=0.059 ACC=99.175 F1=95.270 Rec=96.106 Prec=94.519
Train Client3 [30/50] LR=0.0001250 loss=0.212 ACC=98.232 F1=69.764 Rec=75.254 Prec=66.603
Train Client4 [30/50] LR=0.0001250 loss=0.059 ACC=99.236 F1=97.813 Rec=98.226 Prec=97.414
Train Client5 [30/50] LR=0.0001250 loss=0.023 ACC=99.774 F1=90.833 Rec=94.778 Prec=88.222
Train Client6 [30/50] LR=0.0001250 loss=0.020 ACC=99.781 F1=99.645 Rec=99.564 Prec=99.727
Train Client7 [30/50] LR=0.0001250 loss=0.220 ACC=99.607 F1=98.877 Rec=99.185 Prec=98.579

Val    [30/50] LR=0.0001250 loss=1.608 ACC=99.136 F1=99.012 Rec=98.969 Prec=99.081

Test-  OSR [30/50] LR=0.0001250 ACC=66.793 F1=66.209 Rec=82.078 Prec=59.401 UNK=0.000 OS*=98.494 HOS=0.000 AUROC=96.016 AUPR=90.023 OSCR=95.432
Test-Close [30/50] LR=0.0001250 loss=1.627 ACC=98.704 F1=98.588 Rec=98.494 Prec=98.696
Saving best model . . . . . . . .

Saving model at epoch 30 . . . . . . . .

Train Client0 [31/50] LR=0.0001250 loss=0.020 ACC=99.809 F1=79.421 Rec=79.379 Prec=79.463
Train Client1 [31/50] LR=0.0001250 loss=0.379 ACC=98.491 F1=92.021 Rec=97.890 Prec=89.558
Train Client2 [31/50] LR=0.0001250 loss=0.044 ACC=99.351 F1=97.803 Rec=99.164 Prec=96.645
Train Client3 [31/50] LR=0.0001250 loss=0.065 ACC=98.737 F1=71.733 Rec=75.133 Prec=69.453
Train Client4 [31/50] LR=0.0001250 loss=0.062 ACC=99.097 F1=96.493 Rec=96.679 Prec=96.324
Train Client5 [31/50] LR=0.0001250 loss=0.012 ACC=99.925 F1=97.134 Rec=99.982 Prec=95.000
Train Client6 [31/50] LR=0.0001250 loss=0.006 ACC=99.956 F1=99.868 Rec=99.767 Prec=99.969
Train Client7 [31/50] LR=0.0001250 loss=0.215 ACC=99.116 F1=89.155 Rec=97.427 Prec=83.871

Val    [31/50] LR=0.0001250 loss=1.613 ACC=98.704 F1=98.438 Rec=98.523 Prec=98.417

Test-  OSR [31/50] LR=0.0001250 ACC=66.910 F1=66.451 Rec=82.242 Prec=59.762 UNK=0.000 OS*=98.690 HOS=0.000 AUROC=94.840 AUPR=87.742 OSCR=94.397
Test-Close [31/50] LR=0.0001250 loss=1.628 ACC=98.877 F1=98.741 Rec=98.690 Prec=98.809
Train Client0 [32/50] LR=0.0001250 loss=0.021 ACC=99.754 F1=79.578 Rec=79.602 Prec=79.555
Train Client1 [32/50] LR=0.0001250 loss=0.028 ACC=99.784 F1=99.557 Rec=99.231 Prec=99.898
Train Client2 [32/50] LR=0.0001250 loss=0.140 ACC=99.116 F1=98.435 Rec=97.831 Prec=99.070
Train Client3 [32/50] LR=0.0001250 loss=0.037 ACC=98.990 F1=72.526 Rec=75.724 Prec=70.441
Train Client4 [32/50] LR=0.0001250 loss=0.029 ACC=99.618 F1=98.425 Rec=98.667 Prec=98.196
Train Client5 [32/50] LR=0.0001250 loss=0.036 ACC=99.548 F1=84.950 Rec=94.726 Prec=78.222
Train Client6 [32/50] LR=0.0001250 loss=0.092 ACC=99.607 F1=99.460 Rec=99.578 Prec=99.349
Train Client7 [32/50] LR=0.0001250 loss=0.080 ACC=99.836 F1=98.936 Rec=98.626 Prec=99.257

Val    [32/50] LR=0.0001250 loss=1.622 ACC=98.790 F1=98.545 Rec=98.483 Prec=98.652

Test-  OSR [32/50] LR=0.0001250 ACC=66.706 F1=66.620 Rec=81.875 Prec=60.177 UNK=0.000 OS*=98.250 HOS=0.000 AUROC=94.521 AUPR=86.093 OSCR=93.942
Test-Close [32/50] LR=0.0001250 loss=1.641 ACC=98.575 F1=98.322 Rec=98.250 Prec=98.432
Train Client0 [33/50] LR=0.0001250 loss=0.097 ACC=99.672 F1=79.451 Rec=79.280 Prec=79.625
Train Client1 [33/50] LR=0.0001250 loss=0.530 ACC=98.276 F1=94.952 Rec=99.184 Prec=92.091
Train Client2 [33/50] LR=0.0001250 loss=0.050 ACC=99.057 F1=94.910 Rec=94.915 Prec=94.905
Train Client3 [33/50] LR=0.0001250 loss=0.122 ACC=98.611 F1=71.919 Rec=75.490 Prec=69.488
Train Client4 [33/50] LR=0.0001250 loss=0.071 ACC=99.653 F1=99.381 Rec=99.475 Prec=99.289
Train Client5 [33/50] LR=0.0001250 loss=0.016 ACC=99.774 F1=92.070 Rec=94.965 Prec=89.890
Train Client6 [33/50] LR=0.0001250 loss=0.096 ACC=99.432 F1=99.307 Rec=99.281 Prec=99.337
Train Client7 [33/50] LR=0.0001250 loss=0.075 ACC=99.771 F1=99.275 Rec=99.906 Prec=98.685

Val    [33/50] LR=0.0001250 loss=1.624 ACC=98.617 F1=98.456 Rec=98.420 Prec=98.539

Test-  OSR [33/50] LR=0.0001250 ACC=66.618 F1=66.311 Rec=81.987 Prec=59.736 UNK=0.000 OS*=98.384 HOS=0.000 AUROC=94.293 AUPR=85.367 OSCR=93.673
Test-Close [33/50] LR=0.0001250 loss=1.639 ACC=98.445 F1=98.346 Rec=98.384 Prec=98.341
Train Client0 [34/50] LR=0.0001250 loss=0.014 ACC=99.809 F1=99.388 Rec=99.216 Prec=99.562
Train Client1 [34/50] LR=0.0001250 loss=0.411 ACC=98.922 F1=94.896 Rec=98.821 Prec=92.310
Train Client2 [34/50] LR=0.0001250 loss=0.133 ACC=99.175 F1=96.634 Rec=96.928 Prec=96.365
Train Client3 [34/50] LR=0.0001250 loss=0.720 ACC=98.359 F1=92.405 Rec=97.694 Prec=88.824
Train Client4 [34/50] LR=0.0001250 loss=0.049 ACC=99.549 F1=98.273 Rec=98.382 Prec=98.165
Train Client5 [34/50] LR=0.0001250 loss=0.011 ACC=99.623 F1=84.242 Rec=99.819 Prec=75.333
Train Client6 [34/50] LR=0.0001250 loss=0.050 ACC=99.738 F1=99.765 Rec=99.696 Prec=99.835
Train Client7 [34/50] LR=0.0001250 loss=0.076 ACC=99.804 F1=97.072 Rec=99.919 Prec=94.711

Val    [34/50] LR=0.0001250 loss=1.607 ACC=99.222 F1=99.176 Rec=99.094 Prec=99.266

Test-  OSR [34/50] LR=0.0001250 ACC=66.823 F1=65.344 Rec=82.141 Prec=57.780 UNK=0.000 OS*=98.569 HOS=0.000 AUROC=95.892 AUPR=89.746 OSCR=95.311
Test-Close [34/50] LR=0.0001250 loss=1.626 ACC=98.747 F1=98.683 Rec=98.569 Prec=98.810
>> New learning Rate: 6.25e-05
Train Client0 [35/50] LR=0.0000625 loss=0.000 ACC=100.000 F1=100.000 Rec=100.000 Prec=100.000
Train Client1 [35/50] LR=0.0000625 loss=0.821 ACC=96.767 F1=92.681 Rec=92.740 Prec=92.907
Train Client2 [35/50] LR=0.0000625 loss=0.012 ACC=99.882 F1=99.358 Rec=98.893 Prec=99.850
Train Client3 [35/50] LR=0.0000625 loss=0.694 ACC=98.359 F1=73.487 Rec=78.992 Prec=70.099
Train Client4 [35/50] LR=0.0000625 loss=0.016 ACC=99.826 F1=99.668 Rec=99.656 Prec=99.679
Train Client5 [35/50] LR=0.0000625 loss=0.005 ACC=99.925 F1=95.991 Rec=99.982 Prec=93.333
Train Client6 [35/50] LR=0.0000625 loss=0.074 ACC=99.650 F1=98.040 Rec=99.649 Prec=96.688
Train Client7 [35/50] LR=0.0000625 loss=0.239 ACC=99.018 F1=89.631 Rec=98.942 Prec=84.743

Val    [35/50] LR=0.0000625 loss=1.603 ACC=99.222 F1=99.058 Rec=98.964 Prec=99.160

Test-  OSR [35/50] LR=0.0000625 ACC=67.115 F1=65.679 Rec=82.491 Prec=58.096 UNK=0.000 OS*=98.989 HOS=0.000 AUROC=95.545 AUPR=88.628 OSCR=95.192
Test-Close [35/50] LR=0.0000625 loss=1.622 ACC=99.179 F1=99.075 Rec=98.989 Prec=99.167
Saving model at epoch 35 . . . . . . . .

Train Client0 [36/50] LR=0.0000625 loss=0.009 ACC=99.891 F1=99.382 Rec=99.382 Prec=99.382
Train Client1 [36/50] LR=0.0000625 loss=0.013 ACC=99.784 F1=99.541 Rec=99.898 Prec=99.200
Train Client2 [36/50] LR=0.0000625 loss=0.163 ACC=99.587 F1=99.061 Rec=99.438 Prec=98.711
Train Client3 [36/50] LR=0.0000625 loss=0.095 ACC=98.485 F1=72.882 Rec=78.631 Prec=69.828
Train Client4 [36/50] LR=0.0000625 loss=0.023 ACC=99.757 F1=99.290 Rec=99.196 Prec=99.386
Train Client5 [36/50] LR=0.0000625 loss=0.015 ACC=99.699 F1=88.695 Rec=99.836 Prec=81.333
Train Client6 [36/50] LR=0.0000625 loss=0.002 ACC=99.956 F1=99.095 Rec=99.929 Prec=98.333
Train Client7 [36/50] LR=0.0000625 loss=0.107 ACC=99.705 F1=96.297 Rec=99.879 Prec=93.277

Val    [36/50] LR=0.0000625 loss=1.614 ACC=98.790 F1=98.596 Rec=98.418 Prec=98.821

Test-  OSR [36/50] LR=0.0000625 ACC=66.852 F1=65.799 Rec=81.965 Prec=58.200 UNK=0.000 OS*=98.358 HOS=0.000 AUROC=94.969 AUPR=87.272 OSCR=94.444
Test-Close [36/50] LR=0.0000625 loss=1.632 ACC=98.790 F1=98.607 Rec=98.358 Prec=98.879
Train Client0 [37/50] LR=0.0000625 loss=0.008 ACC=99.891 F1=79.782 Rec=79.772 Prec=79.791
Train Client1 [37/50] LR=0.0000625 loss=0.345 ACC=99.138 F1=94.990 Rec=98.923 Prec=92.394
Train Client2 [37/50] LR=0.0000625 loss=0.129 ACC=99.646 F1=98.667 Rec=98.636 Prec=98.699
Train Client3 [37/50] LR=0.0000625 loss=0.072 ACC=98.864 F1=72.238 Rec=76.044 Prec=69.603
Train Client4 [37/50] LR=0.0000625 loss=0.018 ACC=99.826 F1=99.317 Rec=99.650 Prec=98.995
Train Client5 [37/50] LR=0.0000625 loss=0.005 ACC=99.849 F1=94.856 Rec=99.872 Prec=91.000
Train Client6 [37/50] LR=0.0000625 loss=0.007 ACC=99.913 F1=98.963 Rec=99.697 Prec=98.303
Train Client7 [37/50] LR=0.0000625 loss=0.033 ACC=99.836 F1=99.280 Rec=99.279 Prec=99.281

Val    [37/50] LR=0.0000625 loss=1.611 ACC=99.049 F1=98.839 Rec=98.974 Prec=98.740

Test-  OSR [37/50] LR=0.0000625 ACC=66.823 F1=66.570 Rec=82.165 Prec=60.212 UNK=0.000 OS*=98.598 HOS=0.000 AUROC=93.484 AUPR=84.847 OSCR=93.115
Test-Close [37/50] LR=0.0000625 loss=1.625 ACC=98.747 F1=98.495 Rec=98.598 Prec=98.426
Train Client0 [38/50] LR=0.0000625 loss=0.000 ACC=100.000 F1=100.000 Rec=100.000 Prec=100.000
Train Client1 [38/50] LR=0.0000625 loss=0.049 ACC=99.353 F1=95.077 Rec=99.027 Prec=92.462
Train Client2 [38/50] LR=0.0000625 loss=0.101 ACC=99.116 F1=97.537 Rec=97.796 Prec=97.307
Train Client3 [38/50] LR=0.0000625 loss=0.735 ACC=98.485 F1=75.824 Rec=79.070 Prec=73.369
Train Client4 [38/50] LR=0.0000625 loss=0.012 ACC=99.861 F1=99.884 Rec=99.909 Prec=99.858
Train Client5 [38/50] LR=0.0000625 loss=0.019 ACC=99.774 F1=90.450 Rec=99.947 Prec=85.000
Train Client6 [38/50] LR=0.0000625 loss=0.097 ACC=99.694 F1=98.915 Rec=99.665 Prec=98.238
Train Client7 [38/50] LR=0.0000625 loss=0.058 ACC=99.935 F1=99.973 Rec=99.973 Prec=99.974

Val    [38/50] LR=0.0000625 loss=1.607 ACC=99.136 F1=98.962 Rec=98.969 Prec=98.984

Test-  OSR [38/50] LR=0.0000625 ACC=66.939 F1=66.449 Rec=82.376 Prec=59.748 UNK=0.000 OS*=98.851 HOS=0.000 AUROC=93.942 AUPR=86.735 OSCR=93.555
Test-Close [38/50] LR=0.0000625 loss=1.626 ACC=98.920 F1=98.810 Rec=98.851 Prec=98.782
Train Client0 [39/50] LR=0.0000625 loss=0.005 ACC=99.945 F1=99.912 Rec=99.966 Prec=99.858
Train Client1 [39/50] LR=0.0000625 loss=0.020 ACC=99.569 F1=95.520 Rec=99.796 Prec=92.593
Train Client2 [39/50] LR=0.0000625 loss=0.029 ACC=99.764 F1=99.657 Rec=99.642 Prec=99.673
Train Client3 [39/50] LR=0.0000625 loss=0.067 ACC=99.242 F1=92.853 Rec=99.461 Prec=88.780
Train Client4 [39/50] LR=0.0000625 loss=0.017 ACC=99.826 F1=99.616 Rec=99.628 Prec=99.605
Train Client5 [39/50] LR=0.0000625 loss=0.008 ACC=99.774 F1=90.974 Rec=99.947 Prec=85.333
Train Client6 [39/50] LR=0.0000625 loss=0.054 ACC=99.781 F1=99.823 Rec=99.726 Prec=99.921
Train Client7 [39/50] LR=0.0000625 loss=0.145 ACC=99.378 F1=92.453 Rec=99.091 Prec=89.151

Val    [39/50] LR=0.0000625 loss=1.622 ACC=98.876 F1=98.707 Rec=98.547 Prec=98.905

Test-  OSR [39/50] LR=0.0000625 ACC=66.735 F1=66.556 Rec=82.009 Prec=59.827 UNK=0.000 OS*=98.411 HOS=0.000 AUROC=93.627 AUPR=85.049 OSCR=93.095
Test-Close [39/50] LR=0.0000625 loss=1.639 ACC=98.618 F1=98.525 Rec=98.411 Prec=98.663
Train Client0 [40/50] LR=0.0000625 loss=0.000 ACC=100.000 F1=100.000 Rec=100.000 Prec=100.000
Train Client1 [40/50] LR=0.0000625 loss=0.017 ACC=99.784 F1=99.557 Rec=99.898 Prec=99.231
Train Client2 [40/50] LR=0.0000625 loss=0.038 ACC=99.528 F1=96.454 Rec=98.520 Prec=94.850
Train Client3 [40/50] LR=0.0000625 loss=0.053 ACC=99.369 F1=95.235 Rec=98.970 Prec=92.402
Train Client4 [40/50] LR=0.0000625 loss=0.010 ACC=99.931 F1=99.955 Rec=99.955 Prec=99.955
Train Client5 [40/50] LR=0.0000625 loss=0.048 ACC=99.247 F1=77.600 Rec=99.263 Prec=68.000
Train Client6 [40/50] LR=0.0000625 loss=0.053 ACC=99.738 F1=99.658 Rec=99.736 Prec=99.581
Train Client7 [40/50] LR=0.0000625 loss=0.253 ACC=99.018 F1=90.241 Rec=99.595 Prec=85.315

Val    [40/50] LR=0.0000625 loss=1.612 ACC=98.876 F1=98.742 Rec=98.577 Prec=98.928

Test-  OSR [40/50] LR=0.0000625 ACC=66.735 F1=65.412 Rec=81.980 Prec=57.883 UNK=0.000 OS*=98.376 HOS=0.000 AUROC=92.819 AUPR=85.652 OSCR=92.275
Test-Close [40/50] LR=0.0000625 loss=1.631 ACC=98.618 F1=98.502 Rec=98.376 Prec=98.643
Saving model at epoch 40 . . . . . . . .

Train Client0 [41/50] LR=0.0000625 loss=0.057 ACC=99.891 F1=79.644 Rec=79.592 Prec=79.697
Train Client1 [41/50] LR=0.0000625 loss=0.008 ACC=99.784 F1=99.557 Rec=99.231 Prec=99.898
Train Client2 [41/50] LR=0.0000625 loss=0.084 ACC=99.587 F1=99.061 Rec=99.438 Prec=98.711
Train Client3 [41/50] LR=0.0000625 loss=0.139 ACC=98.485 F1=71.876 Rec=78.665 Prec=68.456
Train Client4 [41/50] LR=0.0000625 loss=0.016 ACC=99.826 F1=99.534 Rec=99.656 Prec=99.414
Train Client5 [41/50] LR=0.0000625 loss=0.008 ACC=99.849 F1=94.856 Rec=99.871 Prec=91.000
Train Client6 [41/50] LR=0.0000625 loss=0.011 ACC=99.869 F1=99.666 Rec=99.666 Prec=99.666
Train Client7 [41/50] LR=0.0000625 loss=0.000 ACC=100.000 F1=100.000 Rec=100.000 Prec=100.000

Val    [41/50] LR=0.0000625 loss=1.623 ACC=98.617 F1=98.400 Rec=98.160 Prec=98.708

Test-  OSR [41/50] LR=0.0000625 ACC=66.559 F1=66.084 Rec=81.690 Prec=59.151 UNK=0.000 OS*=98.027 HOS=0.000 AUROC=92.395 AUPR=82.797 OSCR=91.840
Test-Close [41/50] LR=0.0000625 loss=1.638 ACC=98.359 F1=98.217 Rec=98.027 Prec=98.460
Train Client0 [42/50] LR=0.0000625 loss=0.057 ACC=99.809 F1=99.439 Rec=99.408 Prec=99.470
Train Client1 [42/50] LR=0.0000625 loss=0.053 ACC=99.784 F1=98.772 Rec=99.897 Prec=97.778
Train Client2 [42/50] LR=0.0000625 loss=0.148 ACC=99.469 F1=99.001 Rec=98.297 Prec=99.739
Train Client3 [42/50] LR=0.0000625 loss=0.033 ACC=99.369 F1=93.353 Rec=94.930 Prec=92.005
Train Client4 [42/50] LR=0.0000625 loss=0.018 ACC=99.896 F1=99.713 Rec=99.725 Prec=99.701
Train Client5 [42/50] LR=0.0000625 loss=0.003 ACC=99.925 F1=97.722 Rec=99.890 Prec=96.000
Train Client6 [42/50] LR=0.0000625 loss=0.000 ACC=100.000 F1=100.000 Rec=100.000 Prec=100.000
Train Client7 [42/50] LR=0.0000625 loss=0.116 ACC=99.575 F1=94.907 Rec=99.825 Prec=91.411

Val    [42/50] LR=0.0000625 loss=1.622 ACC=98.790 F1=98.645 Rec=98.483 Prec=98.848

Test-  OSR [42/50] LR=0.0000625 ACC=66.647 F1=66.059 Rec=81.849 Prec=59.144 UNK=0.000 OS*=98.218 HOS=0.000 AUROC=91.489 AUPR=82.242 OSCR=90.932
Test-Close [42/50] LR=0.0000625 loss=1.639 ACC=98.488 F1=98.352 Rec=98.218 Prec=98.524
Train Client0 [43/50] LR=0.0000625 loss=0.000 ACC=100.000 F1=100.000 Rec=100.000 Prec=100.000
Train Client1 [43/50] LR=0.0000625 loss=0.077 ACC=99.569 F1=95.520 Rec=99.796 Prec=92.593
Train Client2 [43/50] LR=0.0000625 loss=0.012 ACC=99.823 F1=98.381 Rec=98.840 Prec=97.946
Train Client3 [43/50] LR=0.0000625 loss=0.068 ACC=99.116 F1=76.108 Rec=79.020 Prec=73.921
Train Client4 [43/50] LR=0.0000625 loss=0.011 ACC=99.861 F1=99.665 Rec=99.690 Prec=99.639
Train Client5 [43/50] LR=0.0000625 loss=0.018 ACC=99.774 F1=91.038 Rec=99.854 Prec=86.000
Train Client6 [43/50] LR=0.0000625 loss=0.036 ACC=99.913 F1=99.933 Rec=99.899 Prec=99.968
Train Client7 [43/50] LR=0.0000625 loss=0.166 ACC=99.476 F1=97.250 Rec=99.784 Prec=95.174

Val    [43/50] LR=0.0000625 loss=1.613 ACC=99.136 F1=99.063 Rec=98.969 Prec=99.181

Test-  OSR [43/50] LR=0.0000625 ACC=66.706 F1=65.695 Rec=81.998 Prec=58.566 UNK=0.000 OS*=98.398 HOS=0.000 AUROC=90.435 AUPR=82.911 OSCR=89.976
Test-Close [43/50] LR=0.0000625 loss=1.630 ACC=98.575 F1=98.454 Rec=98.398 Prec=98.526
Train Client0 [44/50] LR=0.0000625 loss=0.000 ACC=100.000 F1=100.000 Rec=100.000 Prec=100.000
Train Client1 [44/50] LR=0.0000625 loss=0.067 ACC=99.569 F1=99.156 Rec=99.795 Prec=98.571
Train Client2 [44/50] LR=0.0000625 loss=0.105 ACC=99.410 F1=98.390 Rec=98.209 Prec=98.577
Train Client3 [44/50] LR=0.0000625 loss=0.033 ACC=99.495 F1=76.727 Rec=79.690 Prec=74.487
Train Client4 [44/50] LR=0.0000625 loss=0.006 ACC=99.931 F1=99.955 Rec=99.955 Prec=99.955
Train Client5 [44/50] LR=0.0000625 loss=0.009 ACC=99.849 F1=95.881 Rec=99.872 Prec=93.223
Train Client6 [44/50] LR=0.0000625 loss=0.002 ACC=99.956 F1=99.957 Rec=99.984 Prec=99.930
Train Client7 [44/50] LR=0.0000625 loss=0.108 ACC=99.738 F1=95.147 Rec=97.683 Prec=93.067

Val    [44/50] LR=0.0000625 loss=1.611 ACC=98.963 F1=98.853 Rec=98.906 Prec=98.818

Test-  OSR [44/50] LR=0.0000625 ACC=66.676 F1=65.649 Rec=82.069 Prec=58.750 UNK=0.000 OS*=98.482 HOS=0.000 AUROC=92.324 AUPR=83.894 OSCR=91.837
Test-Close [44/50] LR=0.0000625 loss=1.630 ACC=98.531 F1=98.424 Rec=98.482 Prec=98.384
Train Client0 [45/50] LR=0.0000625 loss=0.000 ACC=100.000 F1=100.000 Rec=100.000 Prec=100.000
Train Client1 [45/50] LR=0.0000625 loss=0.028 ACC=99.569 F1=94.564 Rec=97.397 Prec=93.231
Train Client2 [45/50] LR=0.0000625 loss=0.020 ACC=99.882 F1=99.353 Rec=98.843 Prec=99.893
Train Client3 [45/50] LR=0.0000625 loss=0.028 ACC=99.621 F1=79.383 Rec=79.767 Prec=79.024
Train Client4 [45/50] LR=0.0000625 loss=0.018 ACC=99.965 F1=99.977 Rec=99.989 Prec=99.965
Train Client5 [45/50] LR=0.0000625 loss=0.000 ACC=100.000 F1=100.000 Rec=100.000 Prec=100.000
Train Client6 [45/50] LR=0.0000625 loss=0.070 ACC=99.519 F1=99.532 Rec=99.541 Prec=99.526
Train Client7 [45/50] LR=0.0000625 loss=0.073 ACC=99.836 F1=92.240 Rec=94.946 Prec=89.973

Val    [45/50] LR=0.0000625 loss=1.607 ACC=98.963 F1=98.804 Rec=98.642 Prec=98.985

Test-  OSR [45/50] LR=0.0000625 ACC=66.852 F1=65.567 Rec=82.114 Prec=58.241 UNK=0.000 OS*=98.536 HOS=0.000 AUROC=94.453 AUPR=87.479 OSCR=93.996
Test-Close [45/50] LR=0.0000625 loss=1.630 ACC=98.790 F1=98.655 Rec=98.536 Prec=98.785
Saving model at epoch 45 . . . . . . . .

Train Client0 [46/50] LR=0.0000625 loss=0.081 ACC=99.781 F1=79.813 Rec=79.698 Prec=79.928
Train Client1 [46/50] LR=0.0000625 loss=0.317 ACC=98.060 F1=93.782 Rec=97.077 Prec=91.893
Train Client2 [46/50] LR=0.0000625 loss=0.011 ACC=99.882 F1=99.385 Rec=99.892 Prec=98.904
Train Client3 [46/50] LR=0.0000625 loss=0.018 ACC=99.747 F1=97.663 Rec=99.805 Prec=95.804
Train Client4 [46/50] LR=0.0000625 loss=0.012 ACC=99.861 F1=99.690 Rec=99.714 Prec=99.667
Train Client5 [46/50] LR=0.0000625 loss=0.018 ACC=99.774 F1=92.023 Rec=94.871 Prec=89.889
Train Client6 [46/50] LR=0.0000625 loss=0.055 ACC=99.869 F1=99.890 Rec=99.827 Prec=99.952
Train Client7 [46/50] LR=0.0000625 loss=0.004 ACC=100.000 F1=100.000 Rec=100.000 Prec=100.000

Val    [46/50] LR=0.0000625 loss=1.609 ACC=99.049 F1=98.954 Rec=98.840 Prec=99.097

Test-  OSR [46/50] LR=0.0000625 ACC=66.823 F1=65.891 Rec=82.023 Prec=58.793 UNK=0.000 OS*=98.427 HOS=0.000 AUROC=94.244 AUPR=86.322 OSCR=93.834
Test-Close [46/50] LR=0.0000625 loss=1.628 ACC=98.747 F1=98.569 Rec=98.427 Prec=98.728
>> New learning Rate: 3.125e-05
Train Client0 [47/50] LR=0.0000313 loss=0.000 ACC=100.000 F1=100.000 Rec=100.000 Prec=100.000
Train Client1 [47/50] LR=0.0000313 loss=0.043 ACC=99.569 F1=95.520 Rec=99.796 Prec=92.593
Train Client2 [47/50] LR=0.0000313 loss=0.152 ACC=99.646 F1=99.102 Rec=98.636 Prec=99.599
Train Client3 [47/50] LR=0.0000313 loss=0.045 ACC=99.369 F1=76.447 Rec=79.612 Prec=74.024
Train Client4 [47/50] LR=0.0000313 loss=0.005 ACC=99.965 F1=99.977 Rec=99.989 Prec=99.965
Train Client5 [47/50] LR=0.0000313 loss=0.010 ACC=99.699 F1=89.014 Rec=99.744 Prec=81.667
Train Client6 [47/50] LR=0.0000313 loss=0.004 ACC=100.000 F1=100.000 Rec=100.000 Prec=100.000
Train Client7 [47/50] LR=0.0000313 loss=0.059 ACC=99.869 F1=97.099 Rec=99.946 Prec=94.737

Val    [47/50] LR=0.0000313 loss=1.603 ACC=99.136 F1=98.965 Rec=98.904 Prec=99.055

Test-  OSR [47/50] LR=0.0000313 ACC=66.910 F1=65.963 Rec=82.255 Prec=58.904 UNK=0.000 OS*=98.706 HOS=0.000 AUROC=93.088 AUPR=85.338 OSCR=92.755
Test-Close [47/50] LR=0.0000313 loss=1.623 ACC=98.877 F1=98.689 Rec=98.706 Prec=98.683
Train Client0 [48/50] LR=0.0000313 loss=0.000 ACC=100.000 F1=100.000 Rec=100.000 Prec=100.000
Train Client1 [48/50] LR=0.0000313 loss=0.284 ACC=99.138 F1=92.325 Rec=98.926 Prec=89.060
Train Client2 [48/50] LR=0.0000313 loss=0.008 ACC=99.941 F1=99.435 Rec=99.896 Prec=99.000
Train Client3 [48/50] LR=0.0000313 loss=0.027 ACC=99.495 F1=78.305 Rec=79.690 Prec=77.143
Train Client4 [48/50] LR=0.0000313 loss=0.005 ACC=99.931 F1=99.929 Rec=99.955 Prec=99.903
Train Client5 [48/50] LR=0.0000313 loss=0.008 ACC=99.699 F1=91.076 Rec=99.930 Prec=86.000
Train Client6 [48/50] LR=0.0000313 loss=0.005 ACC=99.913 F1=99.899 Rec=99.938 Prec=99.860
Train Client7 [48/50] LR=0.0000313 loss=0.175 ACC=99.444 F1=94.420 Rec=99.771 Prec=90.520

Val    [48/50] LR=0.0000313 loss=1.600 ACC=99.395 F1=99.283 Rec=99.292 Prec=99.283

Test-  OSR [48/50] LR=0.0000313 ACC=66.969 F1=65.645 Rec=82.294 Prec=58.411 UNK=0.000 OS*=98.753 HOS=0.000 AUROC=94.435 AUPR=87.138 OSCR=94.107
Test-Close [48/50] LR=0.0000313 loss=1.623 ACC=98.963 F1=98.776 Rec=98.753 Prec=98.803
Train Client0 [49/50] LR=0.0000313 loss=0.001 ACC=99.973 F1=79.952 Rec=79.905 Prec=80.000
Train Client1 [49/50] LR=0.0000313 loss=0.011 ACC=99.569 F1=95.521 Rec=99.797 Prec=92.593
Train Client2 [49/50] LR=0.0000313 loss=0.166 ACC=99.764 F1=99.848 Rec=99.784 Prec=99.912
Train Client3 [49/50] LR=0.0000313 loss=0.132 ACC=98.990 F1=76.327 Rec=79.377 Prec=74.024
Train Client4 [49/50] LR=0.0000313 loss=0.004 ACC=99.931 F1=99.955 Rec=99.955 Prec=99.955
Train Client5 [49/50] LR=0.0000313 loss=0.019 ACC=99.699 F1=90.981 Rec=99.741 Prec=86.000
Train Client6 [49/50] LR=0.0000313 loss=0.053 ACC=99.781 F1=99.863 Rec=99.806 Prec=99.921
Train Client7 [49/50] LR=0.0000313 loss=0.126 ACC=99.542 F1=90.903 Rec=99.811 Prec=85.582

Val    [49/50] LR=0.0000313 loss=1.606 ACC=99.049 F1=98.951 Rec=98.805 Prec=99.121

Test-  OSR [49/50] LR=0.0000313 ACC=66.881 F1=65.889 Rec=82.142 Prec=58.520 UNK=0.000 OS*=98.571 HOS=0.000 AUROC=94.646 AUPR=88.140 OSCR=94.214
Test-Close [49/50] LR=0.0000313 loss=1.629 ACC=98.834 F1=98.686 Rec=98.571 Prec=98.810
------>Best performance (by OSCR)--->>>>>>>

Test-  OSR [30/50] LR=0.0001250 ACC=66.793 F1=66.209 Rec=82.078 Prec=59.401 UNK=0.000 OS*=98.494 HOS=0.000 AUROC=96.016 AUPR=90.023 OSCR=95.432
Test-Close [30/50] LR=0.0001250 loss=1.627 ACC=98.704 F1=98.588 Rec=98.494 Prec=98.696
=====================================================================================================================================
The ending time ：2026-06-15 17:20:47
