Logging to: ./logs/HAM10000_Pretrain_K5_U2_seed0_20260625_163502.log
==> Preparing data..
Protocol mode: random
Known class list: [6 2 1 3 0] Unknown class list [5 4]
Loaded 10015 images from 7470 lesions
Class distribution: [(0, 6705), (1, 1113), (2, 1099), (3, 514), (4, 327), (5, 142), (6, 115)]
Train: 6987, Val: 989, Test: 2039
Train class distribution: [(0, 4680), (1, 780), (2, 759), (3, 356), (4, 230), (5, 103), (6, 79)]
{6: 0, 2: 1, 1: 2, 3: 3, 0: 4} {5: 5, 4: 6}
Known origin: [6 2 1 3 0] , new: [0 1 2 3 4]
Unknown origin: [5 4] , new: [5 6]
Known/Unknown in Train: 6654/333
Known/Unknown in Val:   946/43
Known/Unknown in Test:  1946/93
Client0 sample num: 2082
Client1 sample num: 1802
Client2 sample num: 699
Client3 sample num: 208
Client4 sample num: 314
Client5 sample num: 207
Client6 sample num: 577
Client7 sample num: 765

>>> Setting up
==> Using device: cuda:0
==> Building [Resnet18] model..
154
120
Train Client0 [0/200] LR=0.0005000 loss=0.631 ACC=89.375 F1=32.303 Rec=32.302 Prec=33.177
Train Client1 [0/200] LR=0.0005000 loss=1.386 ACC=74.609 F1=30.344 Rec=30.453 Prec=32.519
Train Client2 [0/200] LR=0.0005000 loss=1.786 ACC=69.913 F1=36.537 Rec=36.351 Prec=37.064
Train Client3 [0/200] LR=0.0005000 loss=2.028 ACC=60.577 F1=32.868 Rec=51.384 Prec=31.766
Train Client4 [0/200] LR=0.0005000 loss=1.948 ACC=61.184 F1=33.473 Rec=32.701 Prec=34.415
Train Client5 [0/200] LR=0.0005000 loss=2.645 ACC=53.646 F1=31.285 Rec=32.041 Prec=30.698
Train Client6 [0/200] LR=0.0005000 loss=0.749 ACC=89.410 F1=18.882 Rec=18.592 Prec=19.181
Train Client7 [0/200] LR=0.0005000 loss=1.237 ACC=81.782 F1=32.754 Rec=33.075 Prec=33.038

Val    [0/200] LR=0.0005000 loss=2.527 ACC=70.825 F1=16.584 Rec=20.000 Prec=14.165

Test-  OSR [0/200] LR=0.0005000 ACC=66.454 F1=13.308 Rec=16.667 Prec=11.076 UNK=0.000 OS*=20.000 HOS=0.000 AUROC=77.881 AUPR=13.639 OSCR=61.190
Test-Close [0/200] LR=0.0005000 loss=2.553 ACC=69.630 F1=16.419 Rec=20.000 Prec=13.926
Saving best model . . . . . . . .

Train Client0 [1/200] LR=0.0005000 loss=0.594 ACC=91.923 F1=28.039 Rec=27.224 Prec=36.208
Train Client1 [1/200] LR=0.0005000 loss=1.230 ACC=76.618 F1=30.203 Rec=31.007 Prec=29.440
Train Client2 [1/200] LR=0.0005000 loss=1.567 ACC=73.401 F1=38.426 Rec=37.701 Prec=39.808
Train Client3 [1/200] LR=0.0005000 loss=1.603 ACC=72.596 F1=32.055 Rec=31.721 Prec=32.659
Train Client4 [1/200] LR=0.0005000 loss=1.519 ACC=72.697 F1=39.725 Rec=39.758 Prec=39.725
Train Client5 [1/200] LR=0.0005000 loss=3.024 ACC=45.833 F1=33.360 Rec=38.001 Prec=42.434
Train Client6 [1/200] LR=0.0005000 loss=0.444 ACC=95.833 F1=24.490 Rec=24.910 Prec=24.084
Train Client7 [1/200] LR=0.0005000 loss=0.926 ACC=86.303 F1=35.568 Rec=35.565 Prec=38.192

Val    [1/200] LR=0.0005000 loss=2.498 ACC=70.825 F1=16.584 Rec=20.000 Prec=14.165

Test-  OSR [1/200] LR=0.0005000 ACC=66.454 F1=13.308 Rec=16.667 Prec=11.076 UNK=0.000 OS*=20.000 HOS=0.000 AUROC=81.365 AUPR=16.417 OSCR=63.871
Test-Close [1/200] LR=0.0005000 loss=2.526 ACC=69.630 F1=16.419 Rec=20.000 Prec=13.926
Saving best model . . . . . . . .

Train Client0 [2/200] LR=0.0005000 loss=0.517 ACC=92.356 F1=30.009 Rec=28.346 Prec=47.056
Train Client1 [2/200] LR=0.0005000 loss=1.223 ACC=77.734 F1=30.575 Rec=31.287 Prec=29.905
Train Client2 [2/200] LR=0.0005000 loss=1.859 ACC=69.041 F1=35.463 Rec=35.413 Prec=36.263
Train Client3 [2/200] LR=0.0005000 loss=1.600 ACC=75.962 F1=32.442 Rec=33.232 Prec=47.294
Train Client4 [2/200] LR=0.0005000 loss=1.559 ACC=68.421 F1=38.022 Rec=37.554 Prec=39.218
Train Client5 [2/200] LR=0.0005000 loss=3.099 ACC=41.667 F1=31.497 Rec=32.513 Prec=42.773
Train Client6 [2/200] LR=0.0005000 loss=0.365 ACC=96.007 F1=24.512 Rec=24.955 Prec=24.085
Train Client7 [2/200] LR=0.0005000 loss=1.002 ACC=83.378 F1=32.924 Rec=32.408 Prec=41.560

Val    [2/200] LR=0.0005000 loss=2.405 ACC=74.101 F1=25.226 Rec=26.109 Prec=26.797

Test-  OSR [2/200] LR=0.0005000 ACC=67.778 F1=16.622 Rec=18.776 Prec=16.092 UNK=0.000 OS*=22.531 HOS=0.000 AUROC=85.654 AUPR=22.620 OSCR=66.082
Test-Close [2/200] LR=0.0005000 loss=2.427 ACC=71.017 F1=20.652 Rec=22.531 Prec=22.355
Saving best model . . . . . . . .

Train Client0 [3/200] LR=0.0005000 loss=0.523 ACC=91.875 F1=28.230 Rec=27.432 Prec=34.023
Train Client1 [3/200] LR=0.0005000 loss=1.137 ACC=78.292 F1=31.460 Rec=31.929 Prec=36.894
Train Client2 [3/200] LR=0.0005000 loss=1.521 ACC=72.820 F1=40.377 Rec=39.969 Prec=49.110
Train Client3 [3/200] LR=0.0005000 loss=1.669 ACC=74.519 F1=30.053 Rec=30.428 Prec=31.412
Train Client4 [3/200] LR=0.0005000 loss=1.482 ACC=67.763 F1=34.836 Rec=34.123 Prec=36.483
Train Client5 [3/200] LR=0.0005000 loss=3.346 ACC=28.125 F1=23.815 Rec=28.786 Prec=46.378
Train Client6 [3/200] LR=0.0005000 loss=0.443 ACC=96.007 F1=24.512 Rec=24.955 Prec=24.085
Train Client7 [3/200] LR=0.0005000 loss=0.859 ACC=87.633 F1=37.787 Rec=37.445 Prec=47.877

Val    [3/200] LR=0.0005000 loss=2.394 ACC=70.825 F1=16.625 Rec=20.000 Prec=14.225

Test-  OSR [3/200] LR=0.0005000 ACC=66.601 F1=13.761 Rec=16.881 Prec=15.681 UNK=0.000 OS*=20.258 HOS=0.000 AUROC=85.605 AUPR=23.514 OSCR=65.802
Test-Close [3/200] LR=0.0005000 loss=2.424 ACC=69.784 F1=16.954 Rec=20.258 Prec=22.548
Train Client0 [4/200] LR=0.0005000 loss=0.473 ACC=92.308 F1=25.516 Rec=25.767 Prec=37.714
Train Client1 [4/200] LR=0.0005000 loss=1.151 ACC=77.567 F1=30.587 Rec=31.353 Prec=29.857
Train Client2 [4/200] LR=0.0005000 loss=1.775 ACC=70.494 F1=38.040 Rec=39.180 Prec=37.193
Train Client3 [4/200] LR=0.0005000 loss=1.391 ACC=77.885 F1=32.391 Rec=34.144 Prec=48.538
Train Client4 [4/200] LR=0.0005000 loss=1.501 ACC=67.434 F1=34.874 Rec=34.033 Prec=37.383
Train Client5 [4/200] LR=0.0005000 loss=3.639 ACC=21.354 F1=20.643 Rec=26.239 Prec=52.091
Train Client6 [4/200] LR=0.0005000 loss=0.350 ACC=96.181 F1=24.535 Rec=25.000 Prec=24.087
Train Client7 [4/200] LR=0.0005000 loss=0.783 ACC=87.633 F1=36.770 Rec=37.329 Prec=38.874

Val    [4/200] LR=0.0005000 loss=2.370 ACC=75.264 F1=26.996 Rec=28.950 Prec=25.554

Test-  OSR [4/200] LR=0.0005000 ACC=69.299 F1=19.434 Rec=21.763 Prec=17.699 UNK=0.000 OS*=26.116 HOS=0.000 AUROC=84.082 AUPR=18.094 OSCR=66.508
Test-Close [4/200] LR=0.0005000 loss=2.407 ACC=72.610 F1=24.316 Rec=26.116 Prec=23.350
Saving best model . . . . . . . .

Train Client0 [5/200] LR=0.0005000 loss=0.452 ACC=92.452 F1=32.817 Rec=30.593 Prec=44.721
Train Client1 [5/200] LR=0.0005000 loss=1.077 ACC=80.190 F1=31.695 Rec=32.328 Prec=31.125
Train Client2 [5/200] LR=0.0005000 loss=1.670 ACC=71.512 F1=39.887 Rec=38.597 Prec=44.395
Train Client3 [5/200] LR=0.0005000 loss=1.473 ACC=76.442 F1=28.266 Rec=28.563 Prec=29.383
Train Client4 [5/200] LR=0.0005000 loss=1.552 ACC=71.053 F1=37.246 Rec=35.491 Prec=41.929
Train Client5 [5/200] LR=0.0005000 loss=4.469 ACC=27.083 F1=23.102 Rec=31.108 Prec=47.585
Train Client6 [5/200] LR=0.0005000 loss=0.451 ACC=95.660 F1=24.445 Rec=24.865 Prec=24.040
Train Client7 [5/200] LR=0.0005000 loss=0.779 ACC=87.500 F1=34.624 Rec=35.820 Prec=33.506

Val    [5/200] LR=0.0005000 loss=2.340 ACC=74.524 F1=27.740 Rec=27.545 Prec=46.639

Test-  OSR [5/200] LR=0.0005000 ACC=68.367 F1=18.252 Rec=19.972 Prec=28.029 UNK=0.000 OS*=23.966 HOS=0.000 AUROC=86.462 AUPR=22.928 OSCR=66.925
Test-Close [5/200] LR=0.0005000 loss=2.372 ACC=71.634 F1=22.696 Rec=23.966 Prec=36.203
Saving best model . . . . . . . .

Train Client0 [6/200] LR=0.0005000 loss=0.460 ACC=92.067 F1=30.210 Rec=28.718 Prec=39.142
Train Client1 [6/200] LR=0.0005000 loss=1.147 ACC=78.795 F1=31.539 Rec=31.895 Prec=37.119
Train Client2 [6/200] LR=0.0005000 loss=1.773 ACC=69.913 F1=38.932 Rec=38.740 Prec=44.327
Train Client3 [6/200] LR=0.0005000 loss=1.433 ACC=74.519 F1=29.641 Rec=28.386 Prec=37.101
Train Client4 [6/200] LR=0.0005000 loss=1.415 ACC=70.066 F1=39.855 Rec=39.047 Prec=40.792
Train Client5 [6/200] LR=0.0005000 loss=4.059 ACC=29.688 F1=26.857 Rec=34.150 Prec=49.503
Train Client6 [6/200] LR=0.0005000 loss=0.346 ACC=95.660 F1=28.016 Rec=27.597 Prec=29.081
Train Client7 [6/200] LR=0.0005000 loss=0.737 ACC=88.165 F1=35.284 Rec=35.994 Prec=34.611

Val    [6/200] LR=0.0005000 loss=2.352 ACC=74.524 F1=28.374 Rec=27.932 Prec=46.289

Test-  OSR [6/200] LR=0.0005000 ACC=68.906 F1=21.304 Rec=21.757 Prec=30.031 UNK=0.000 OS*=26.108 HOS=0.000 AUROC=84.394 AUPR=19.871 OSCR=65.807
Test-Close [6/200] LR=0.0005000 loss=2.392 ACC=72.199 F1=26.455 Rec=26.108 Prec=40.886
Train Client0 [7/200] LR=0.0005000 loss=0.450 ACC=92.260 F1=32.774 Rec=31.201 Prec=40.420
Train Client1 [7/200] LR=0.0005000 loss=1.173 ACC=78.850 F1=33.565 Rec=33.118 Prec=42.934
Train Client2 [7/200] LR=0.0005000 loss=1.795 ACC=71.657 F1=38.880 Rec=40.139 Prec=38.200
Train Client3 [7/200] LR=0.0005000 loss=1.414 ACC=76.923 F1=30.782 Rec=31.099 Prec=38.466
Train Client4 [7/200] LR=0.0005000 loss=1.494 ACC=72.039 F1=50.203 Rec=54.831 Prec=54.204
Train Client5 [7/200] LR=0.0005000 loss=4.998 ACC=31.771 F1=25.094 Rec=26.009 Prec=43.069
Train Client6 [7/200] LR=0.0005000 loss=0.319 ACC=96.007 F1=24.491 Rec=24.955 Prec=24.043
Train Client7 [7/200] LR=0.0005000 loss=0.785 ACC=87.367 F1=43.263 Rec=44.132 Prec=42.446

Val    [7/200] LR=0.0005000 loss=2.292 ACC=76.110 F1=30.577 Rec=30.893 Prec=46.346

Test-  OSR [7/200] LR=0.0005000 ACC=70.476 F1=22.761 Rec=24.120 Prec=32.058 UNK=0.000 OS*=28.944 HOS=0.000 AUROC=84.983 AUPR=18.141 OSCR=67.862
Test-Close [7/200] LR=0.0005000 loss=2.331 ACC=73.844 F1=28.420 Rec=28.944 Prec=40.731
Saving best model . . . . . . . .

Train Client0 [8/200] LR=0.0005000 loss=0.432 ACC=92.019 F1=31.012 Rec=29.815 Prec=37.495
Train Client1 [8/200] LR=0.0005000 loss=1.069 ACC=80.469 F1=31.924 Rec=32.776 Prec=31.116
Train Client2 [8/200] LR=0.0005000 loss=2.087 ACC=65.698 F1=36.880 Rec=37.871 Prec=38.730
Train Client3 [8/200] LR=0.0005000 loss=1.332 ACC=76.442 F1=30.429 Rec=33.006 Prec=28.235
Train Client4 [8/200] LR=0.0005000 loss=1.222 ACC=73.355 F1=41.832 Rec=41.547 Prec=48.619
Train Client5 [8/200] LR=0.0005000 loss=3.950 ACC=34.375 F1=30.449 Rec=37.106 Prec=51.240
Train Client6 [8/200] LR=0.0005000 loss=0.359 ACC=95.833 F1=24.468 Rec=24.910 Prec=24.042
Train Client7 [8/200] LR=0.0005000 loss=0.798 ACC=87.234 F1=34.409 Rec=35.301 Prec=33.563

Val    [8/200] LR=0.0005000 loss=2.358 ACC=73.467 F1=27.482 Rec=26.511 Prec=41.896

Test-  OSR [8/200] LR=0.0005000 ACC=67.925 F1=19.730 Rec=20.729 Prec=24.316 UNK=0.000 OS*=24.875 HOS=0.000 AUROC=85.151 AUPR=22.036 OSCR=65.664
Test-Close [8/200] LR=0.0005000 loss=2.398 ACC=71.172 F1=24.564 Rec=24.875 Prec=34.735
Train Client0 [9/200] LR=0.0005000 loss=0.417 ACC=92.548 F1=35.834 Rec=32.960 Prec=46.643
Train Client1 [9/200] LR=0.0005000 loss=1.013 ACC=81.585 F1=32.994 Rec=33.518 Prec=34.016
Train Client2 [9/200] LR=0.0005000 loss=2.044 ACC=67.151 F1=37.583 Rec=38.017 Prec=46.389
Train Client3 [9/200] LR=0.0005000 loss=1.299 ACC=74.519 F1=30.811 Rec=30.983 Prec=32.915
Train Client4 [9/200] LR=0.0005000 loss=1.730 ACC=73.355 F1=48.168 Rec=49.431 Prec=51.801
Train Client5 [9/200] LR=0.0005000 loss=4.542 ACC=31.250 F1=26.200 Rec=28.756 Prec=47.312
Train Client6 [9/200] LR=0.0005000 loss=0.347 ACC=95.312 F1=24.422 Rec=24.774 Prec=24.079
Train Client7 [9/200] LR=0.0005000 loss=0.761 ACC=87.500 F1=36.181 Rec=36.791 Prec=43.577

Val    [9/200] LR=0.0005000 loss=2.325 ACC=75.793 F1=35.465 Rec=32.775 Prec=46.827

Test-  OSR [9/200] LR=0.0005000 ACC=69.887 F1=25.101 Rec=24.950 Prec=30.556 UNK=0.000 OS*=29.940 HOS=0.000 AUROC=84.505 AUPR=28.173 OSCR=66.146
Test-Close [9/200] LR=0.0005000 loss=2.377 ACC=73.227 F1=31.586 Rec=29.940 Prec=44.149
Train Client0 [10/200] LR=0.0005000 loss=0.438 ACC=92.404 F1=34.706 Rec=32.590 Prec=43.911
Train Client1 [10/200] LR=0.0005000 loss=1.004 ACC=81.920 F1=35.847 Rec=35.062 Prec=42.795
Train Client2 [10/200] LR=0.0005000 loss=1.842 ACC=66.424 F1=36.665 Rec=37.648 Prec=36.637
Train Client3 [10/200] LR=0.0005000 loss=1.285 ACC=76.442 F1=33.968 Rec=34.657 Prec=36.722
Train Client4 [10/200] LR=0.0005000 loss=1.596 ACC=67.105 F1=38.694 Rec=41.972 Prec=39.660
Train Client5 [10/200] LR=0.0005000 loss=4.182 ACC=25.000 F1=21.728 Rec=30.723 Prec=56.179
Train Client6 [10/200] LR=0.0005000 loss=0.406 ACC=95.660 F1=24.445 Rec=24.865 Prec=24.040
Train Client7 [10/200] LR=0.0005000 loss=0.727 ACC=88.963 F1=35.841 Rec=37.280 Prec=34.522

Val    [10/200] LR=0.0005000 loss=2.285 ACC=76.216 F1=37.248 Rec=35.614 Prec=42.594

Test-  OSR [10/200] LR=0.0005000 ACC=70.231 F1=25.865 Rec=26.126 Prec=28.321 UNK=0.000 OS*=31.351 HOS=0.000 AUROC=87.387 AUPR=22.444 OSCR=68.257
Test-Close [10/200] LR=0.0005000 loss=2.330 ACC=73.587 F1=32.831 Rec=31.351 Prec=40.730
Saving best model . . . . . . . .

Train Client0 [11/200] LR=0.0005000 loss=0.425 ACC=92.500 F1=36.682 Rec=34.492 Prec=45.069
Train Client1 [11/200] LR=0.0005000 loss=1.056 ACC=81.362 F1=34.008 Rec=34.194 Prec=39.179
Train Client2 [11/200] LR=0.0005000 loss=1.934 ACC=69.767 F1=41.940 Rec=42.527 Prec=44.482
Train Client3 [11/200] LR=0.0005000 loss=2.043 ACC=77.885 F1=31.211 Rec=31.923 Prec=48.323
Train Client4 [11/200] LR=0.0005000 loss=1.378 ACC=70.395 F1=40.878 Rec=43.593 Prec=44.439
Train Client5 [11/200] LR=0.0005000 loss=4.139 ACC=24.479 F1=23.643 Rec=28.323 Prec=52.448
Train Client6 [11/200] LR=0.0005000 loss=0.298 ACC=95.660 F1=24.467 Rec=24.865 Prec=24.082
Train Client7 [11/200] LR=0.0005000 loss=0.744 ACC=87.367 F1=34.348 Rec=35.230 Prec=33.515

Val    [11/200] LR=0.0005000 loss=2.278 ACC=77.061 F1=35.143 Rec=34.111 Prec=42.439

Test-  OSR [11/200] LR=0.0005000 ACC=71.359 F1=25.683 Rec=26.169 Prec=29.385 UNK=0.000 OS*=31.402 HOS=0.000 AUROC=84.880 AUPR=20.994 OSCR=67.866
Test-Close [11/200] LR=0.0005000 loss=2.328 ACC=74.769 F1=32.127 Rec=31.402 Prec=41.591
Train Client0 [12/200] LR=0.0005000 loss=0.402 ACC=92.644 F1=39.415 Rec=35.792 Prec=48.664
Train Client1 [12/200] LR=0.0005000 loss=0.986 ACC=81.975 F1=32.747 Rec=33.633 Prec=31.908
Train Client2 [12/200] LR=0.0005000 loss=1.841 ACC=67.297 F1=37.478 Rec=38.995 Prec=37.544
Train Client3 [12/200] LR=0.0005000 loss=1.273 ACC=75.000 F1=32.173 Rec=32.963 Prec=35.640
Train Client4 [12/200] LR=0.0005000 loss=1.510 ACC=66.776 F1=34.592 Rec=33.093 Prec=37.891
Train Client5 [12/200] LR=0.0005000 loss=3.962 ACC=23.438 F1=23.320 Rec=30.983 Prec=51.045
Train Client6 [12/200] LR=0.0005000 loss=0.299 ACC=95.833 F1=38.632 Rec=37.552 Prec=42.497
Train Client7 [12/200] LR=0.0005000 loss=0.732 ACC=88.298 F1=35.297 Rec=36.418 Prec=34.244

Val    [12/200] LR=0.0005000 loss=2.264 ACC=76.427 F1=32.452 Rec=32.070 Prec=42.465

Test-  OSR [12/200] LR=0.0005000 ACC=71.309 F1=25.825 Rec=26.136 Prec=30.895 UNK=0.000 OS*=31.363 HOS=0.000 AUROC=82.612 AUPR=21.897 OSCR=66.306
Test-Close [12/200] LR=0.0005000 loss=2.324 ACC=74.717 F1=32.347 Rec=31.363 Prec=43.162
Train Client0 [13/200] LR=0.0005000 loss=0.396 ACC=92.981 F1=40.342 Rec=37.338 Prec=48.333
Train Client1 [13/200] LR=0.0005000 loss=0.989 ACC=81.027 F1=32.203 Rec=33.030 Prec=31.417
Train Client2 [13/200] LR=0.0005000 loss=1.959 ACC=68.459 F1=41.966 Rec=43.266 Prec=47.231
Train Client3 [13/200] LR=0.0005000 loss=1.252 ACC=78.365 F1=33.200 Rec=33.348 Prec=42.184
Train Client4 [13/200] LR=0.0005000 loss=1.600 ACC=71.382 F1=39.144 Rec=45.861 Prec=48.079
Train Client5 [13/200] LR=0.0005000 loss=4.697 ACC=23.438 F1=20.670 Rec=32.208 Prec=46.304
Train Client6 [13/200] LR=0.0005000 loss=0.293 ACC=95.660 F1=28.059 Rec=27.553 Prec=29.208
Train Client7 [13/200] LR=0.0005000 loss=0.689 ACC=88.298 F1=35.102 Rec=36.141 Prec=34.121

Val    [13/200] LR=0.0005000 loss=2.198 ACC=78.330 F1=41.425 Rec=40.876 Prec=44.683

Test-  OSR [13/200] LR=0.0005000 ACC=72.192 F1=29.512 Rec=30.546 Prec=31.627 UNK=0.000 OS*=36.655 HOS=0.000 AUROC=83.770 AUPR=18.692 OSCR=67.828
Test-Close [13/200] LR=0.0005000 loss=2.248 ACC=75.642 F1=37.650 Rec=36.655 Prec=43.604
Train Client0 [14/200] LR=0.0005000 loss=0.376 ACC=93.173 F1=43.067 Rec=39.476 Prec=52.851
Train Client1 [14/200] LR=0.0005000 loss=1.012 ACC=80.915 F1=32.533 Rec=32.956 Prec=41.353
Train Client2 [14/200] LR=0.0005000 loss=2.025 ACC=66.860 F1=40.197 Rec=41.407 Prec=50.325
Train Client3 [14/200] LR=0.0005000 loss=1.184 ACC=76.923 F1=33.871 Rec=34.611 Prec=36.199
Train Client4 [14/200] LR=0.0005000 loss=1.306 ACC=72.039 F1=47.461 Rec=55.668 Prec=55.631
Train Client5 [14/200] LR=0.0005000 loss=4.589 ACC=23.958 F1=22.389 Rec=33.948 Prec=49.401
Train Client6 [14/200] LR=0.0005000 loss=0.336 ACC=95.486 F1=31.565 Rec=29.774 Prec=36.579
Train Client7 [14/200] LR=0.0005000 loss=0.722 ACC=87.899 F1=34.776 Rec=35.150 Prec=34.498

Val    [14/200] LR=0.0005000 loss=2.181 ACC=80.021 F1=43.901 Rec=45.885 Prec=42.210

Test-  OSR [14/200] LR=0.0005000 ACC=74.350 F1=32.812 Rec=35.553 Prec=30.496 UNK=0.000 OS*=42.663 HOS=0.000 AUROC=83.201 AUPR=17.990 OSCR=69.121
Test-Close [14/200] LR=0.0005000 loss=2.235 ACC=77.903 F1=41.755 Rec=42.663 Prec=41.212
Saving best model . . . . . . . .

Train Client0 [15/200] LR=0.0005000 loss=0.340 ACC=93.702 F1=49.568 Rec=47.662 Prec=53.650
Train Client1 [15/200] LR=0.0005000 loss=0.936 ACC=82.478 F1=33.886 Rec=34.162 Prec=37.851
Train Client2 [15/200] LR=0.0005000 loss=2.221 ACC=66.279 F1=38.309 Rec=39.496 Prec=43.001
Train Client3 [15/200] LR=0.0005000 loss=1.212 ACC=77.404 F1=32.395 Rec=32.899 Prec=39.778
Train Client4 [15/200] LR=0.0005000 loss=1.392 ACC=70.395 F1=38.199 Rec=38.711 Prec=47.902
Train Client5 [15/200] LR=0.0005000 loss=4.632 ACC=35.417 F1=29.838 Rec=39.830 Prec=48.673
Train Client6 [15/200] LR=0.0005000 loss=0.332 ACC=95.660 F1=24.445 Rec=24.865 Prec=24.040
Train Client7 [15/200] LR=0.0005000 loss=0.650 ACC=88.697 F1=43.812 Rec=42.054 Prec=66.054

Val    [15/200] LR=0.0005000 loss=2.199 ACC=79.915 F1=44.366 Rec=44.296 Prec=45.217

Test-  OSR [15/200] LR=0.0005000 ACC=73.762 F1=32.249 Rec=33.048 Prec=32.113 UNK=0.000 OS*=39.657 HOS=0.000 AUROC=84.920 AUPR=21.273 OSCR=69.378
Test-Close [15/200] LR=0.0005000 loss=2.255 ACC=77.287 F1=41.146 Rec=39.657 Prec=44.974
Saving best model . . . . . . . .

Train Client0 [16/200] LR=0.0005000 loss=0.388 ACC=93.317 F1=43.750 Rec=40.640 Prec=51.557
Train Client1 [16/200] LR=0.0005000 loss=1.005 ACC=82.199 F1=39.145 Rec=37.477 Prec=48.090
Train Client2 [16/200] LR=0.0005000 loss=1.903 ACC=72.384 F1=42.601 Rec=44.841 Prec=41.829
Train Client3 [16/200] LR=0.0005000 loss=1.281 ACC=76.923 F1=34.352 Rec=36.457 Prec=36.449
Train Client4 [16/200] LR=0.0005000 loss=1.281 ACC=69.408 F1=37.094 Rec=41.821 Prec=47.004
Train Client5 [16/200] LR=0.0005000 loss=6.403 ACC=29.688 F1=26.679 Rec=30.968 Prec=48.734
Train Client6 [16/200] LR=0.0005000 loss=0.302 ACC=95.486 F1=28.311 Rec=27.552 Prec=30.414
Train Client7 [16/200] LR=0.0005000 loss=0.724 ACC=88.298 F1=35.313 Rec=36.706 Prec=34.032

Val    [16/200] LR=0.0005000 loss=2.233 ACC=79.387 F1=42.290 Rec=41.137 Prec=45.331

Test-  OSR [16/200] LR=0.0005000 ACC=72.928 F1=30.495 Rec=30.614 Prec=31.827 UNK=0.000 OS*=36.737 HOS=0.000 AUROC=83.069 AUPR=21.024 OSCR=67.393
Test-Close [16/200] LR=0.0005000 loss=2.282 ACC=76.413 F1=38.586 Rec=36.737 Prec=44.573
Train Client0 [17/200] LR=0.0005000 loss=0.375 ACC=93.462 F1=46.007 Rec=42.915 Prec=52.639
Train Client1 [17/200] LR=0.0005000 loss=0.991 ACC=81.808 F1=32.506 Rec=33.081 Prec=32.007
Train Client2 [17/200] LR=0.0005000 loss=1.627 ACC=71.221 F1=40.598 Rec=42.910 Prec=38.895
Train Client3 [17/200] LR=0.0005000 loss=1.241 ACC=76.442 F1=35.291 Rec=35.017 Prec=37.341
Train Client4 [17/200] LR=0.0005000 loss=1.076 ACC=75.329 F1=43.103 Rec=46.532 Prec=54.365
Train Client5 [17/200] LR=0.0005000 loss=5.190 ACC=29.167 F1=25.107 Rec=32.737 Prec=47.613
Train Client6 [17/200] LR=0.0005000 loss=0.280 ACC=96.007 F1=30.783 Rec=29.910 Prec=32.501
Train Client7 [17/200] LR=0.0005000 loss=0.780 ACC=85.771 F1=34.607 Rec=34.608 Prec=36.907

Val    [17/200] LR=0.0005000 loss=2.202 ACC=80.655 F1=45.104 Rec=48.071 Prec=43.381

Test-  OSR [17/200] LR=0.0005000 ACC=74.350 F1=32.645 Rec=36.021 Prec=30.941 UNK=0.000 OS*=43.225 HOS=0.000 AUROC=85.211 AUPR=18.030 OSCR=70.288
Test-Close [17/200] LR=0.0005000 loss=2.256 ACC=77.903 F1=41.802 Rec=43.225 Prec=41.518
Saving best model . . . . . . . .

Train Client0 [18/200] LR=0.0005000 loss=0.414 ACC=93.269 F1=45.450 Rec=42.638 Prec=52.174
Train Client1 [18/200] LR=0.0005000 loss=0.904 ACC=83.203 F1=34.754 Rec=34.917 Prec=38.022
Train Client2 [18/200] LR=0.0005000 loss=1.701 ACC=71.948 F1=42.965 Rec=43.273 Prec=44.253
Train Client3 [18/200] LR=0.0005000 loss=1.111 ACC=79.327 F1=34.862 Rec=36.213 Prec=41.413
Train Client4 [18/200] LR=0.0005000 loss=1.353 ACC=71.711 F1=40.245 Rec=44.515 Prec=54.604
Train Client5 [18/200] LR=0.0005000 loss=6.054 ACC=29.167 F1=26.384 Rec=30.654 Prec=51.666
Train Client6 [18/200] LR=0.0005000 loss=0.260 ACC=95.833 F1=37.880 Rec=35.330 Prec=43.849
Train Client7 [18/200] LR=0.0005000 loss=0.698 ACC=87.500 F1=39.186 Rec=38.516 Prec=44.734

Val    [18/200] LR=0.0005000 loss=2.171 ACC=80.127 F1=43.146 Rec=43.594 Prec=43.269

Test-  OSR [18/200] LR=0.0005000 ACC=74.890 F1=33.375 Rec=35.271 Prec=31.992 UNK=0.000 OS*=42.325 HOS=0.000 AUROC=85.597 AUPR=18.699 OSCR=70.672
Test-Close [18/200] LR=0.0005000 loss=2.219 ACC=78.469 F1=42.491 Rec=42.325 Prec=43.950
Saving best model . . . . . . . .

Train Client0 [19/200] LR=0.0005000 loss=0.340 ACC=93.990 F1=51.169 Rec=49.195 Prec=55.045
Train Client1 [19/200] LR=0.0005000 loss=0.923 ACC=81.417 F1=35.118 Rec=34.718 Prec=38.217
Train Client2 [19/200] LR=0.0005000 loss=2.149 ACC=69.186 F1=44.020 Rec=45.129 Prec=46.672
Train Client3 [19/200] LR=0.0005000 loss=1.085 ACC=79.808 F1=35.356 Rec=37.083 Prec=40.023
Train Client4 [19/200] LR=0.0005000 loss=1.224 ACC=71.053 F1=42.793 Rec=51.616 Prec=48.659
Train Client5 [19/200] LR=0.0005000 loss=5.090 ACC=35.417 F1=32.370 Rec=39.137 Prec=54.642
Train Client6 [19/200] LR=0.0005000 loss=0.231 ACC=96.354 F1=32.867 Rec=30.510 Prec=40.794
Train Client7 [19/200] LR=0.0005000 loss=0.723 ACC=87.633 F1=37.320 Rec=37.397 Prec=40.598

Val    [19/200] LR=0.0005000 loss=2.192 ACC=79.704 F1=44.598 Rec=44.467 Prec=45.549

Test-  OSR [19/200] LR=0.0005000 ACC=74.154 F1=32.763 Rec=33.661 Prec=32.487 UNK=0.000 OS*=40.394 HOS=0.000 AUROC=85.394 AUPR=24.823 OSCR=70.132
Test-Close [19/200] LR=0.0005000 loss=2.256 ACC=77.698 F1=41.725 Rec=40.394 Prec=45.059
Train Client0 [20/200] LR=0.0005000 loss=0.341 ACC=93.990 F1=48.775 Rec=45.823 Prec=55.176
Train Client1 [20/200] LR=0.0005000 loss=0.943 ACC=82.645 F1=45.062 Rec=42.257 Prec=54.911
Train Client2 [20/200] LR=0.0005000 loss=1.899 ACC=71.802 F1=46.823 Rec=46.119 Prec=51.802
Train Client3 [20/200] LR=0.0005000 loss=1.177 ACC=77.404 F1=36.227 Rec=37.147 Prec=36.534
Train Client4 [20/200] LR=0.0005000 loss=1.176 ACC=71.382 F1=38.114 Rec=42.765 Prec=52.929
Train Client5 [20/200] LR=0.0005000 loss=5.900 ACC=30.729 F1=27.216 Rec=37.765 Prec=51.640
Train Client6 [20/200] LR=0.0005000 loss=0.276 ACC=95.833 F1=31.632 Rec=29.865 Prec=36.624
Train Client7 [20/200] LR=0.0005000 loss=0.649 ACC=89.362 F1=44.867 Rec=42.223 Prec=67.778

Val    [20/200] LR=0.0005000 loss=2.151 ACC=80.127 F1=44.774 Rec=45.674 Prec=44.724

Test-  OSR [20/200] LR=0.0005000 ACC=73.811 F1=32.052 Rec=33.881 Prec=31.004 UNK=0.000 OS*=40.657 HOS=0.000 AUROC=86.559 AUPR=21.222 OSCR=70.889
Test-Close [20/200] LR=0.0005000 loss=2.221 ACC=77.338 F1=41.135 Rec=40.657 Prec=42.950
Saving best model . . . . . . . .

Train Client0 [21/200] LR=0.0005000 loss=0.325 ACC=93.750 F1=49.319 Rec=46.909 Prec=53.912
Train Client1 [21/200] LR=0.0005000 loss=0.882 ACC=82.868 F1=35.308 Rec=34.989 Prec=38.751
Train Client2 [21/200] LR=0.0005000 loss=2.271 ACC=70.203 F1=41.705 Rec=43.879 Prec=41.467
Train Client3 [21/200] LR=0.0005000 loss=1.118 ACC=80.288 F1=37.600 Rec=38.132 Prec=41.645
Train Client4 [21/200] LR=0.0005000 loss=1.253 ACC=69.079 F1=35.786 Rec=43.702 Prec=43.167
Train Client5 [21/200] LR=0.0005000 loss=4.815 ACC=29.688 F1=26.225 Rec=37.489 Prec=51.675
Train Client6 [21/200] LR=0.0005000 loss=0.212 ACC=96.181 F1=45.430 Rec=43.108 Prec=49.422
Train Client7 [21/200] LR=0.0005000 loss=0.681 ACC=89.628 F1=40.461 Rec=39.955 Prec=43.979

Val    [21/200] LR=0.0005000 loss=2.181 ACC=79.493 F1=43.672 Rec=44.250 Prec=43.892

Test-  OSR [21/200] LR=0.0005000 ACC=73.958 F1=32.676 Rec=34.350 Prec=31.823 UNK=0.000 OS*=41.220 HOS=0.000 AUROC=85.067 AUPR=20.985 OSCR=69.857
Test-Close [21/200] LR=0.0005000 loss=2.247 ACC=77.492 F1=41.553 Rec=41.220 Prec=43.049
Train Client0 [22/200] LR=0.0005000 loss=0.355 ACC=94.135 F1=49.873 Rec=46.878 Prec=55.039
Train Client1 [22/200] LR=0.0005000 loss=0.903 ACC=82.254 F1=39.159 Rec=37.907 Prec=46.079
Train Client2 [22/200] LR=0.0005000 loss=1.877 ACC=72.384 F1=44.162 Rec=44.676 Prec=46.086
Train Client3 [22/200] LR=0.0005000 loss=1.104 ACC=78.365 F1=34.469 Rec=36.680 Prec=38.940
Train Client4 [22/200] LR=0.0005000 loss=1.515 ACC=68.421 F1=39.477 Rec=47.673 Prec=53.586
Train Client5 [22/200] LR=0.0005000 loss=5.506 ACC=34.896 F1=31.921 Rec=39.056 Prec=51.181
Train Client6 [22/200] LR=0.0005000 loss=0.241 ACC=95.833 F1=41.511 Rec=37.855 Prec=49.206
Train Client7 [22/200] LR=0.0005000 loss=0.633 ACC=89.495 F1=45.819 Rec=43.631 Prec=55.776

Val    [22/200] LR=0.0005000 loss=2.167 ACC=79.493 F1=43.791 Rec=42.159 Prec=47.444

Test-  OSR [22/200] LR=0.0005000 ACC=73.615 F1=32.000 Rec=32.321 Prec=32.724 UNK=0.000 OS*=38.785 HOS=0.000 AUROC=86.641 AUPR=21.329 OSCR=70.239
Test-Close [22/200] LR=0.0005000 loss=2.221 ACC=77.133 F1=40.825 Rec=38.785 Prec=46.144
Train Client0 [23/200] LR=0.0005000 loss=0.312 ACC=94.087 F1=50.027 Rec=47.192 Prec=54.729
Train Client1 [23/200] LR=0.0005000 loss=0.913 ACC=83.036 F1=34.792 Rec=34.909 Prec=39.245
Train Client2 [23/200] LR=0.0005000 loss=2.133 ACC=67.878 F1=40.985 Rec=43.453 Prec=41.508
Train Client3 [23/200] LR=0.0005000 loss=1.164 ACC=79.327 F1=34.186 Rec=35.658 Prec=50.528
Train Client4 [23/200] LR=0.0005000 loss=1.368 ACC=72.039 F1=39.380 Rec=43.997 Prec=45.018
Train Client5 [23/200] LR=0.0005000 loss=5.948 ACC=39.062 F1=33.853 Rec=40.974 Prec=51.919
Train Client6 [23/200] LR=0.0005000 loss=0.252 ACC=96.007 F1=40.145 Rec=37.597 Prec=49.165
Train Client7 [23/200] LR=0.0005000 loss=0.635 ACC=89.229 F1=42.337 Rec=41.185 Prec=52.986

Val    [23/200] LR=0.0005000 loss=2.155 ACC=80.550 F1=44.993 Rec=45.104 Prec=45.489

Test-  OSR [23/200] LR=0.0005000 ACC=74.007 F1=32.652 Rec=34.021 Prec=31.720 UNK=0.000 OS*=40.826 HOS=0.000 AUROC=84.504 AUPR=18.869 OSCR=69.868
Test-Close [23/200] LR=0.0005000 loss=2.204 ACC=77.544 F1=41.562 Rec=40.826 Prec=43.706
Train Client0 [24/200] LR=0.0005000 loss=0.337 ACC=94.038 F1=49.538 Rec=46.417 Prec=56.250
Train Client1 [24/200] LR=0.0005000 loss=1.068 ACC=83.538 F1=42.976 Rec=41.664 Prec=54.645
Train Client2 [24/200] LR=0.0005000 loss=1.697 ACC=72.093 F1=41.061 Rec=43.010 Prec=39.675
Train Client3 [24/200] LR=0.0005000 loss=1.162 ACC=79.327 F1=35.235 Rec=36.393 Prec=43.333
Train Client4 [24/200] LR=0.0005000 loss=1.243 ACC=74.342 F1=46.260 Rec=52.224 Prec=49.682
Train Client5 [24/200] LR=0.0005000 loss=6.062 ACC=23.438 F1=21.255 Rec=33.524 Prec=46.108
Train Client6 [24/200] LR=0.0005000 loss=0.226 ACC=96.875 F1=49.643 Rec=46.021 Prec=55.334
Train Client7 [24/200] LR=0.0005000 loss=0.636 ACC=89.229 F1=43.903 Rec=42.775 Prec=50.749

Val    [24/200] LR=0.0005000 loss=2.171 ACC=80.233 F1=44.687 Rec=45.474 Prec=44.362

Test-  OSR [24/200] LR=0.0005000 ACC=74.644 F1=33.657 Rec=35.793 Prec=32.170 UNK=0.000 OS*=42.951 HOS=0.000 AUROC=85.208 AUPR=21.991 OSCR=70.387
Test-Close [24/200] LR=0.0005000 loss=2.224 ACC=78.212 F1=42.976 Rec=42.951 Prec=43.793
Train Client0 [25/200] LR=0.0005000 loss=0.332 ACC=94.375 F1=52.423 Rec=49.764 Prec=57.106
Train Client1 [25/200] LR=0.0005000 loss=0.852 ACC=83.036 F1=43.331 Rec=42.470 Prec=48.176
Train Client2 [25/200] LR=0.0005000 loss=2.162 ACC=70.058 F1=42.349 Rec=44.680 Prec=41.585
Train Client3 [25/200] LR=0.0005000 loss=1.345 ACC=82.212 F1=40.925 Rec=41.251 Prec=42.916
Train Client4 [25/200] LR=0.0005000 loss=1.155 ACC=70.724 F1=40.299 Rec=47.912 Prec=49.521
Train Client5 [25/200] LR=0.0005000 loss=7.190 ACC=27.604 F1=25.286 Rec=36.811 Prec=49.283
Train Client6 [25/200] LR=0.0005000 loss=0.214 ACC=96.528 F1=46.146 Rec=40.465 Prec=65.877
Train Client7 [25/200] LR=0.0005000 loss=0.641 ACC=89.362 F1=40.042 Rec=39.666 Prec=41.877

Val    [25/200] LR=0.0005000 loss=2.120 ACC=80.233 F1=44.731 Rec=44.313 Prec=46.026

Test-  OSR [25/200] LR=0.0005000 ACC=74.792 F1=33.998 Rec=35.430 Prec=33.022 UNK=0.000 OS*=42.516 HOS=0.000 AUROC=84.000 AUPR=19.083 OSCR=69.618
Test-Close [25/200] LR=0.0005000 loss=2.188 ACC=78.366 F1=43.368 Rec=42.516 Prec=45.524
Train Client0 [26/200] LR=0.0005000 loss=0.302 ACC=94.952 F1=53.934 Rec=51.601 Prec=57.978
Train Client1 [26/200] LR=0.0005000 loss=0.867 ACC=84.096 F1=41.725 Rec=39.841 Prec=50.279
Train Client2 [26/200] LR=0.0005000 loss=2.216 ACC=70.058 F1=44.086 Rec=46.227 Prec=45.167
Train Client3 [26/200] LR=0.0005000 loss=1.083 ACC=78.365 F1=37.485 Rec=37.595 Prec=41.852
Train Client4 [26/200] LR=0.0005000 loss=1.165 ACC=74.671 F1=47.938 Rec=53.215 Prec=55.333
Train Client5 [26/200] LR=0.0005000 loss=7.548 ACC=32.292 F1=27.795 Rec=38.055 Prec=55.442
Train Client6 [26/200] LR=0.0005000 loss=0.216 ACC=96.528 F1=44.160 Rec=40.976 Prec=49.295
Train Client7 [26/200] LR=0.0005000 loss=0.620 ACC=89.229 F1=44.753 Rec=42.389 Prec=57.581

Val    [26/200] LR=0.0005000 loss=2.196 ACC=80.233 F1=44.504 Rec=43.383 Prec=47.057

Test-  OSR [26/200] LR=0.0005000 ACC=73.811 F1=32.199 Rec=32.604 Prec=32.750 UNK=0.000 OS*=39.125 HOS=0.000 AUROC=83.392 AUPR=23.698 OSCR=68.550
Test-Close [26/200] LR=0.0005000 loss=2.262 ACC=77.338 F1=41.108 Rec=39.125 Prec=46.236
Train Client0 [27/200] LR=0.0005000 loss=0.294 ACC=94.760 F1=54.758 Rec=52.675 Prec=57.386
Train Client1 [27/200] LR=0.0005000 loss=0.875 ACC=83.817 F1=34.107 Rec=34.625 Prec=35.744
Train Client2 [27/200] LR=0.0005000 loss=1.903 ACC=69.331 F1=45.021 Rec=46.128 Prec=46.288
Train Client3 [27/200] LR=0.0005000 loss=1.052 ACC=77.885 F1=35.332 Rec=36.170 Prec=40.930
Train Client4 [27/200] LR=0.0005000 loss=1.184 ACC=72.368 F1=40.532 Rec=44.164 Prec=56.452
Train Client5 [27/200] LR=0.0005000 loss=7.180 ACC=28.646 F1=25.605 Rec=37.556 Prec=52.090
Train Client6 [27/200] LR=0.0005000 loss=0.296 ACC=96.528 F1=45.688 Rec=41.160 Prec=61.753
Train Client7 [27/200] LR=0.0005000 loss=0.726 ACC=89.628 F1=46.856 Rec=44.231 Prec=57.517

Val    [27/200] LR=0.0005000 loss=2.158 ACC=80.233 F1=43.988 Rec=45.183 Prec=43.239

Test-  OSR [27/200] LR=0.0005000 ACC=74.399 F1=32.725 Rec=34.448 Prec=31.698 UNK=0.000 OS*=41.338 HOS=0.000 AUROC=84.600 AUPR=21.489 OSCR=70.377
Test-Close [27/200] LR=0.0005000 loss=2.211 ACC=77.955 F1=41.509 Rec=41.338 Prec=43.409
Train Client0 [28/200] LR=0.0005000 loss=0.293 ACC=95.144 F1=55.427 Rec=52.779 Prec=59.114
Train Client1 [28/200] LR=0.0005000 loss=0.799 ACC=84.375 F1=40.977 Rec=39.953 Prec=46.036
Train Client2 [28/200] LR=0.0005000 loss=1.796 ACC=69.622 F1=42.486 Rec=44.212 Prec=41.527
Train Client3 [28/200] LR=0.0005000 loss=1.112 ACC=77.404 F1=35.686 Rec=36.036 Prec=38.695
Train Client4 [28/200] LR=0.0005000 loss=1.261 ACC=69.408 F1=37.104 Rec=41.668 Prec=52.260
Train Client5 [28/200] LR=0.0005000 loss=6.290 ACC=30.729 F1=29.945 Rec=40.201 Prec=56.495
Train Client6 [28/200] LR=0.0005000 loss=0.215 ACC=96.354 F1=43.999 Rec=40.420 Prec=53.418
Train Client7 [28/200] LR=0.0005000 loss=0.583 ACC=88.165 F1=38.604 Rec=37.947 Prec=41.981

Val    [28/200] LR=0.0005000 loss=2.176 ACC=79.704 F1=43.460 Rec=42.617 Prec=45.818

Test-  OSR [28/200] LR=0.0005000 ACC=73.811 F1=32.327 Rec=33.199 Prec=32.078 UNK=0.000 OS*=39.839 HOS=0.000 AUROC=85.942 AUPR=18.801 OSCR=70.437
Test-Close [28/200] LR=0.0005000 loss=2.218 ACC=77.338 F1=40.965 Rec=39.839 Prec=43.922
Train Client0 [29/200] LR=0.0005000 loss=0.343 ACC=94.519 F1=53.524 Rec=51.814 Prec=56.599
Train Client1 [29/200] LR=0.0005000 loss=0.802 ACC=84.152 F1=36.436 Rec=35.983 Prec=40.547
Train Client2 [29/200] LR=0.0005000 loss=2.248 ACC=69.767 F1=43.748 Rec=44.841 Prec=44.980
Train Client3 [29/200] LR=0.0005000 loss=1.106 ACC=79.808 F1=38.612 Rec=37.067 Prec=47.541
Train Client4 [29/200] LR=0.0005000 loss=1.748 ACC=75.329 F1=49.405 Rec=57.215 Prec=56.542
Train Client5 [29/200] LR=0.0005000 loss=6.102 ACC=23.438 F1=19.168 Rec=33.397 Prec=46.596
Train Client6 [29/200] LR=0.0005000 loss=0.241 ACC=95.833 F1=36.966 Rec=34.819 Prec=40.789
Train Client7 [29/200] LR=0.0005000 loss=0.592 ACC=90.027 F1=45.887 Rec=43.382 Prec=64.212

Val    [29/200] LR=0.0005000 loss=2.136 ACC=80.233 F1=45.220 Rec=45.922 Prec=46.169

Test-  OSR [29/200] LR=0.0005000 ACC=73.664 F1=32.339 Rec=34.365 Prec=32.258 UNK=0.000 OS*=41.238 HOS=0.000 AUROC=85.070 AUPR=19.720 OSCR=70.013
Test-Close [29/200] LR=0.0005000 loss=2.278 ACC=77.184 F1=41.333 Rec=41.238 Prec=43.675
Train Client0 [30/200] LR=0.0005000 loss=0.267 ACC=94.760 F1=54.310 Rec=53.575 Prec=55.557
Train Client1 [30/200] LR=0.0005000 loss=0.785 ACC=84.877 F1=40.258 Rec=39.802 Prec=45.950
Train Client2 [30/200] LR=0.0005000 loss=2.155 ACC=72.384 F1=44.025 Rec=44.939 Prec=45.483
Train Client3 [30/200] LR=0.0005000 loss=0.993 ACC=78.365 F1=36.471 Rec=37.040 Prec=42.139
Train Client4 [30/200] LR=0.0005000 loss=1.367 ACC=72.368 F1=42.629 Rec=42.264 Prec=47.633
Train Client5 [30/200] LR=0.0005000 loss=5.337 ACC=31.250 F1=27.583 Rec=36.396 Prec=46.901
Train Client6 [30/200] LR=0.0005000 loss=0.249 ACC=95.833 F1=31.155 Rec=30.375 Prec=32.499
Train Client7 [30/200] LR=0.0005000 loss=0.643 ACC=90.559 F1=45.230 Rec=43.936 Prec=50.197

Val    [30/200] LR=0.0005000 loss=2.168 ACC=80.444 F1=44.640 Rec=46.077 Prec=43.763

Test-  OSR [30/200] LR=0.0005000 ACC=74.792 F1=33.857 Rec=35.548 Prec=32.622 UNK=0.000 OS*=42.658 HOS=0.000 AUROC=83.963 AUPR=19.326 OSCR=69.762
Test-Close [30/200] LR=0.0005000 loss=2.244 ACC=78.366 F1=43.035 Rec=42.658 Prec=44.361
Train Client0 [31/200] LR=0.0005000 loss=0.257 ACC=95.048 F1=58.427 Rec=56.759 Prec=60.478
Train Client1 [31/200] LR=0.0005000 loss=0.847 ACC=83.817 F1=35.483 Rec=35.433 Prec=38.327
Train Client2 [31/200] LR=0.0005000 loss=1.822 ACC=70.640 F1=42.914 Rec=44.101 Prec=43.361
Train Client3 [31/200] LR=0.0005000 loss=1.096 ACC=80.769 F1=34.102 Rec=36.436 Prec=32.062
Train Client4 [31/200] LR=0.0005000 loss=1.221 ACC=72.368 F1=44.184 Rec=47.105 Prec=50.489
Train Client5 [31/200] LR=0.0005000 loss=8.925 ACC=28.646 F1=27.560 Rec=35.110 Prec=55.396
Train Client6 [31/200] LR=0.0005000 loss=0.242 ACC=95.660 F1=39.321 Rec=35.285 Prec=49.248
Train Client7 [31/200] LR=0.0005000 loss=0.569 ACC=90.293 F1=46.597 Rec=44.805 Prec=66.358

Val    [31/200] LR=0.0005000 loss=2.138 ACC=80.550 F1=44.778 Rec=45.273 Prec=44.855

Test-  OSR [31/200] LR=0.0005000 ACC=75.086 F1=34.455 Rec=35.856 Prec=49.891 UNK=0.000 OS*=43.027 HOS=0.000 AUROC=83.501 AUPR=15.579 OSCR=70.175
Test-Close [31/200] LR=0.0005000 loss=2.192 ACC=78.674 F1=43.583 Rec=43.027 Prec=64.929
Train Client0 [32/200] LR=0.0005000 loss=0.259 ACC=95.385 F1=57.882 Rec=57.075 Prec=59.371
Train Client1 [32/200] LR=0.0005000 loss=0.809 ACC=84.710 F1=54.038 Rec=51.803 Prec=77.062
Train Client2 [32/200] LR=0.0005000 loss=2.730 ACC=71.657 F1=44.149 Rec=45.866 Prec=44.939
Train Client3 [32/200] LR=0.0005000 loss=0.977 ACC=81.731 F1=39.149 Rec=38.535 Prec=47.964
Train Client4 [32/200] LR=0.0005000 loss=1.299 ACC=68.092 F1=35.463 Rec=45.033 Prec=52.188
Train Client5 [32/200] LR=0.0005000 loss=7.269 ACC=27.083 F1=23.995 Rec=35.576 Prec=51.401
Train Client6 [32/200] LR=0.0005000 loss=0.217 ACC=96.701 F1=46.469 Rec=43.754 Prec=52.506
Train Client7 [32/200] LR=0.0005000 loss=0.643 ACC=88.963 F1=42.145 Rec=40.927 Prec=44.603

Val    [32/200] LR=0.0005000 loss=2.171 ACC=79.810 F1=42.950 Rec=42.501 Prec=44.911

Test-  OSR [32/200] LR=0.0005000 ACC=74.301 F1=32.795 Rec=33.793 Prec=32.656 UNK=0.000 OS*=40.552 HOS=0.000 AUROC=83.823 AUPR=16.169 OSCR=69.760
Test-Close [32/200] LR=0.0005000 loss=2.267 ACC=77.852 F1=41.433 Rec=40.552 Prec=44.364
Train Client0 [33/200] LR=0.0005000 loss=0.287 ACC=95.433 F1=59.555 Rec=58.544 Prec=61.024
Train Client1 [33/200] LR=0.0005000 loss=0.741 ACC=85.826 F1=43.810 Rec=42.618 Prec=53.812
Train Client2 [33/200] LR=0.0005000 loss=2.125 ACC=69.477 F1=44.382 Rec=45.996 Prec=44.511
Train Client3 [33/200] LR=0.0005000 loss=1.018 ACC=80.288 F1=40.328 Rec=39.423 Prec=44.254
Train Client4 [33/200] LR=0.0005000 loss=1.131 ACC=72.368 F1=42.642 Rec=42.301 Prec=47.664
Train Client5 [33/200] LR=0.0005000 loss=7.180 ACC=32.292 F1=29.275 Rec=39.405 Prec=55.758
Train Client6 [33/200] LR=0.0005000 loss=0.215 ACC=95.833 F1=34.589 Rec=32.597 Prec=42.915
Train Client7 [33/200] LR=0.0005000 loss=0.568 ACC=89.096 F1=42.092 Rec=40.675 Prec=47.993

Val    [33/200] LR=0.0005000 loss=2.143 ACC=80.233 F1=42.329 Rec=43.031 Prec=45.300

Test-  OSR [33/200] LR=0.0005000 ACC=74.448 F1=32.258 Rec=33.720 Prec=32.929 UNK=0.000 OS*=40.464 HOS=0.000 AUROC=81.568 AUPR=16.670 OSCR=68.545
Test-Close [33/200] LR=0.0005000 loss=2.195 ACC=78.006 F1=40.553 Rec=40.464 Prec=44.185
Train Client0 [34/200] LR=0.0005000 loss=0.273 ACC=95.000 F1=56.040 Rec=54.285 Prec=59.148
Train Client1 [34/200] LR=0.0005000 loss=0.769 ACC=83.761 F1=46.374 Rec=44.653 Prec=53.356
Train Client2 [34/200] LR=0.0005000 loss=1.963 ACC=70.058 F1=42.015 Rec=43.269 Prec=42.166
Train Client3 [34/200] LR=0.0005000 loss=1.093 ACC=76.923 F1=34.354 Rec=34.611 Prec=40.039
Train Client4 [34/200] LR=0.0005000 loss=1.089 ACC=73.355 F1=46.672 Rec=47.810 Prec=51.602
Train Client5 [34/200] LR=0.0005000 loss=8.003 ACC=27.604 F1=25.900 Rec=37.649 Prec=49.386
Train Client6 [34/200] LR=0.0005000 loss=0.268 ACC=96.354 F1=41.697 Rec=38.198 Prec=49.252
Train Client7 [34/200] LR=0.0005000 loss=0.614 ACC=89.628 F1=44.627 Rec=42.760 Prec=52.127

Val    [34/200] LR=0.0005000 loss=2.118 ACC=80.761 F1=45.976 Rec=47.182 Prec=45.140

Test-  OSR [34/200] LR=0.0005000 ACC=74.890 F1=34.304 Rec=35.870 Prec=49.619 UNK=0.000 OS*=43.045 HOS=0.000 AUROC=85.285 AUPR=20.040 OSCR=70.868
Test-Close [34/200] LR=0.0005000 loss=2.177 ACC=78.469 F1=43.532 Rec=43.045 Prec=64.695
Train Client0 [35/200] LR=0.0005000 loss=0.268 ACC=95.288 F1=57.864 Rec=55.263 Prec=61.730
Train Client1 [35/200] LR=0.0005000 loss=0.747 ACC=85.547 F1=41.427 Rec=39.461 Prec=49.674
Train Client2 [35/200] LR=0.0005000 loss=2.496 ACC=70.058 F1=42.884 Rec=44.911 Prec=42.767
Train Client3 [35/200] LR=0.0005000 loss=1.029 ACC=78.846 F1=36.645 Rec=36.619 Prec=39.994
Train Client4 [35/200] LR=0.0005000 loss=0.972 ACC=74.342 F1=41.403 Rec=41.897 Prec=45.893
Train Client5 [35/200] LR=0.0005000 loss=8.145 ACC=24.479 F1=24.477 Rec=33.814 Prec=48.300
Train Client6 [35/200] LR=0.0005000 loss=0.246 ACC=95.660 F1=24.467 Rec=24.865 Prec=24.082
Train Client7 [35/200] LR=0.0005000 loss=0.625 ACC=89.628 F1=40.673 Rec=39.908 Prec=48.105

Val    [35/200] LR=0.0005000 loss=2.148 ACC=81.395 F1=46.539 Rec=48.993 Prec=44.588

Test-  OSR [35/200] LR=0.0005000 ACC=75.429 F1=34.707 Rec=36.718 Prec=33.070 UNK=0.000 OS*=44.062 HOS=0.000 AUROC=87.063 AUPR=20.704 OSCR=72.296
Test-Close [35/200] LR=0.0005000 loss=2.210 ACC=79.034 F1=44.167 Rec=44.062 Prec=45.015
Saving best model . . . . . . . .

Train Client0 [36/200] LR=0.0005000 loss=0.264 ACC=95.481 F1=47.487 Rec=46.125 Prec=49.388
Train Client1 [36/200] LR=0.0005000 loss=0.770 ACC=85.770 F1=44.352 Rec=41.337 Prec=59.247
Train Client2 [36/200] LR=0.0005000 loss=2.479 ACC=71.076 F1=42.013 Rec=42.990 Prec=42.119
Train Client3 [36/200] LR=0.0005000 loss=0.928 ACC=80.769 F1=38.515 Rec=38.267 Prec=47.030
Train Client4 [36/200] LR=0.0005000 loss=1.067 ACC=74.342 F1=43.674 Rec=42.896 Prec=49.265
Train Client5 [36/200] LR=0.0005000 loss=7.462 ACC=34.375 F1=32.245 Rec=42.115 Prec=56.062
Train Client6 [36/200] LR=0.0005000 loss=0.203 ACC=96.007 F1=44.217 Rec=45.285 Prec=45.135
Train Client7 [36/200] LR=0.0005000 loss=0.621 ACC=88.830 F1=40.081 Rec=39.762 Prec=41.860

Val    [36/200] LR=0.0005000 loss=2.183 ACC=81.395 F1=46.210 Rec=49.234 Prec=43.815

Test-  OSR [36/200] LR=0.0005000 ACC=75.331 F1=34.451 Rec=38.103 Prec=31.624 UNK=0.000 OS*=45.724 HOS=0.000 AUROC=85.444 AUPR=20.389 OSCR=71.372
Test-Close [36/200] LR=0.0005000 loss=2.231 ACC=78.931 F1=43.957 Rec=45.724 Prec=42.516
Train Client0 [37/200] LR=0.0005000 loss=0.269 ACC=94.952 F1=55.583 Rec=53.957 Prec=57.709
Train Client1 [37/200] LR=0.0005000 loss=0.791 ACC=84.821 F1=43.058 Rec=40.251 Prec=54.017
Train Client2 [37/200] LR=0.0005000 loss=2.807 ACC=72.820 F1=46.029 Rec=47.019 Prec=47.905
Train Client3 [37/200] LR=0.0005000 loss=1.023 ACC=79.808 F1=36.712 Rec=37.263 Prec=49.909
Train Client4 [37/200] LR=0.0005000 loss=1.199 ACC=69.079 F1=36.937 Rec=41.952 Prec=40.035
Train Client5 [37/200] LR=0.0005000 loss=8.682 ACC=30.208 F1=26.681 Rec=38.319 Prec=52.851
Train Client6 [37/200] LR=0.0005000 loss=0.230 ACC=96.528 F1=48.236 Rec=41.323 Prec=68.002
Train Client7 [37/200] LR=0.0005000 loss=0.561 ACC=90.293 F1=45.797 Rec=43.284 Prec=59.636

Val    [37/200] LR=0.0005000 loss=2.133 ACC=81.078 F1=45.650 Rec=49.133 Prec=42.903

Test-  OSR [37/200] LR=0.0005000 ACC=75.723 F1=35.215 Rec=38.578 Prec=32.443 UNK=0.000 OS*=46.293 HOS=0.000 AUROC=85.077 AUPR=18.634 OSCR=71.759
Test-Close [37/200] LR=0.0005000 loss=2.173 ACC=79.342 F1=44.949 Rec=46.293 Prec=43.886
Train Client0 [38/200] LR=0.0005000 loss=0.262 ACC=94.808 F1=54.595 Rec=53.453 Prec=56.841
Train Client1 [38/200] LR=0.0005000 loss=0.784 ACC=85.603 F1=51.813 Rec=50.183 Prec=62.465
Train Client2 [38/200] LR=0.0005000 loss=1.972 ACC=71.657 F1=49.493 Rec=49.789 Prec=50.940
Train Client3 [38/200] LR=0.0005000 loss=1.065 ACC=79.808 F1=37.210 Rec=35.776 Prec=44.674
Train Client4 [38/200] LR=0.0005000 loss=1.139 ACC=72.368 F1=47.063 Rec=51.755 Prec=53.053
Train Client5 [38/200] LR=0.0005000 loss=12.581 ACC=31.771 F1=29.833 Rec=40.404 Prec=52.805
Train Client6 [38/200] LR=0.0005000 loss=0.194 ACC=96.007 F1=39.555 Rec=37.597 Prec=43.129
Train Client7 [38/200] LR=0.0005000 loss=0.648 ACC=89.229 F1=42.948 Rec=41.377 Prec=50.648

Val    [38/200] LR=0.0005000 loss=2.150 ACC=80.655 F1=45.357 Rec=46.524 Prec=44.835

Test-  OSR [38/200] LR=0.0005000 ACC=75.282 F1=34.772 Rec=37.126 Prec=33.419 UNK=0.000 OS*=44.551 HOS=0.000 AUROC=86.549 AUPR=22.250 OSCR=71.597
Test-Close [38/200] LR=0.0005000 loss=2.200 ACC=78.880 F1=44.505 Rec=44.551 Prec=45.471
Train Client0 [39/200] LR=0.0005000 loss=0.274 ACC=95.000 F1=54.680 Rec=52.305 Prec=58.091
Train Client1 [39/200] LR=0.0005000 loss=0.704 ACC=86.105 F1=55.333 Rec=52.601 Prec=72.506
Train Client2 [39/200] LR=0.0005000 loss=2.197 ACC=72.820 F1=43.407 Rec=45.508 Prec=42.485
Train Client3 [39/200] LR=0.0005000 loss=0.926 ACC=78.846 F1=35.161 Rec=36.259 Prec=40.176
Train Client4 [39/200] LR=0.0005000 loss=0.967 ACC=75.987 F1=54.266 Rec=61.244 Prec=55.961
Train Client5 [39/200] LR=0.0005000 loss=9.411 ACC=23.958 F1=23.064 Rec=35.178 Prec=48.385
Train Client6 [39/200] LR=0.0005000 loss=0.205 ACC=96.181 F1=38.786 Rec=36.278 Prec=43.173
Train Client7 [39/200] LR=0.0005000 loss=0.498 ACC=91.223 F1=50.246 Rec=47.060 Prec=59.428

Val    [39/200] LR=0.0005000 loss=2.129 ACC=81.078 F1=44.469 Rec=47.234 Prec=42.796

Test-  OSR [39/200] LR=0.0005000 ACC=75.576 F1=34.634 Rec=37.141 Prec=49.623 UNK=0.000 OS*=44.569 HOS=0.000 AUROC=84.328 AUPR=16.992 OSCR=71.361
Test-Close [39/200] LR=0.0005000 loss=2.173 ACC=79.188 F1=43.725 Rec=44.569 Prec=64.083
Train Client0 [40/200] LR=0.0005000 loss=0.240 ACC=95.769 F1=47.886 Rec=46.560 Prec=49.547
Train Client1 [40/200] LR=0.0005000 loss=0.693 ACC=86.551 F1=57.740 Rec=52.775 Prec=71.038
Train Client2 [40/200] LR=0.0005000 loss=2.247 ACC=68.169 F1=42.553 Rec=43.599 Prec=42.691
Train Client3 [40/200] LR=0.0005000 loss=0.920 ACC=77.885 F1=35.775 Rec=37.837 Prec=39.144
Train Client4 [40/200] LR=0.0005000 loss=1.204 ACC=74.013 F1=46.538 Rec=55.842 Prec=56.222
Train Client5 [40/200] LR=0.0005000 loss=8.529 ACC=33.854 F1=30.390 Rec=41.748 Prec=48.913
Train Client6 [40/200] LR=0.0005000 loss=0.174 ACC=97.222 F1=61.221 Rec=55.351 Prec=74.554
Train Client7 [40/200] LR=0.0005000 loss=0.535 ACC=90.691 F1=43.800 Rec=41.979 Prec=54.680

Val    [40/200] LR=0.0005000 loss=2.141 ACC=81.501 F1=45.738 Rec=47.632 Prec=44.158

Test-  OSR [40/200] LR=0.0005000 ACC=75.429 F1=34.609 Rec=36.939 Prec=49.158 UNK=0.000 OS*=44.327 HOS=0.000 AUROC=85.588 AUPR=20.206 OSCR=71.777
Test-Close [40/200] LR=0.0005000 loss=2.192 ACC=79.034 F1=44.045 Rec=44.327 Prec=64.033
Train Client0 [41/200] LR=0.0005000 loss=0.238 ACC=96.298 F1=61.319 Rec=59.709 Prec=63.549
Train Client1 [41/200] LR=0.0005000 loss=0.722 ACC=85.324 F1=53.905 Rec=49.562 Prec=69.584
Train Client2 [41/200] LR=0.0005000 loss=1.711 ACC=75.581 F1=46.185 Rec=47.540 Prec=46.248
Train Client3 [41/200] LR=0.0005000 loss=0.970 ACC=79.327 F1=38.561 Rec=38.599 Prec=42.768
Train Client4 [41/200] LR=0.0005000 loss=1.139 ACC=72.368 F1=49.901 Rec=58.465 Prec=53.115
Train Client5 [41/200] LR=0.0005000 loss=7.385 ACC=28.125 F1=26.824 Rec=38.220 Prec=52.999
Train Client6 [41/200] LR=0.0005000 loss=0.211 ACC=95.312 F1=40.727 Rec=40.660 Prec=40.952
Train Client7 [41/200] LR=0.0005000 loss=0.622 ACC=90.027 F1=42.043 Rec=40.881 Prec=48.768

Val    [41/200] LR=0.0005000 loss=2.129 ACC=80.444 F1=42.920 Rec=43.006 Prec=44.224

Test-  OSR [41/200] LR=0.0005000 ACC=74.350 F1=33.324 Rec=33.969 Prec=49.194 UNK=0.000 OS*=40.762 HOS=0.000 AUROC=83.831 AUPR=19.213 OSCR=70.070
Test-Close [41/200] LR=0.0005000 loss=2.173 ACC=77.903 F1=42.077 Rec=40.762 Prec=64.195
Train Client0 [42/200] LR=0.0005000 loss=0.266 ACC=95.048 F1=56.636 Rec=54.538 Prec=59.325
Train Client1 [42/200] LR=0.0005000 loss=0.677 ACC=87.109 F1=59.411 Rec=56.935 Prec=70.473
Train Client2 [42/200] LR=0.0005000 loss=1.724 ACC=70.785 F1=43.999 Rec=45.089 Prec=44.263
Train Client3 [42/200] LR=0.0005000 loss=0.958 ACC=79.808 F1=38.159 Rec=36.887 Prec=45.321
Train Client4 [42/200] LR=0.0005000 loss=1.092 ACC=73.355 F1=42.273 Rec=39.574 Prec=47.302
Train Client5 [42/200] LR=0.0005000 loss=7.863 ACC=29.167 F1=24.340 Rec=36.764 Prec=50.175
Train Client6 [42/200] LR=0.0005000 loss=0.203 ACC=96.354 F1=44.100 Rec=42.642 Prec=51.752
Train Client7 [42/200] LR=0.0005000 loss=0.499 ACC=91.090 F1=56.755 Rec=54.986 Prec=68.755

Val    [42/200] LR=0.0005000 loss=2.130 ACC=81.395 F1=46.416 Rec=48.786 Prec=44.676

Test-  OSR [42/200] LR=0.0005000 ACC=75.086 F1=34.489 Rec=36.882 Prec=49.333 UNK=0.000 OS*=44.258 HOS=0.000 AUROC=85.981 AUPR=19.942 OSCR=72.238
Test-Close [42/200] LR=0.0005000 loss=2.165 ACC=78.674 F1=43.644 Rec=44.258 Prec=63.941
Train Client0 [43/200] LR=0.0005000 loss=0.233 ACC=95.721 F1=60.055 Rec=59.754 Prec=60.842
Train Client1 [43/200] LR=0.0005000 loss=0.694 ACC=86.217 F1=54.726 Rec=50.336 Prec=64.306
Train Client2 [43/200] LR=0.0005000 loss=2.566 ACC=72.384 F1=49.055 Rec=50.117 Prec=49.346
Train Client3 [43/200] LR=0.0005000 loss=0.956 ACC=80.288 F1=40.924 Rec=40.894 Prec=42.422
Train Client4 [43/200] LR=0.0005000 loss=1.027 ACC=76.316 F1=49.615 Rec=53.295 Prec=50.949
Train Client5 [43/200] LR=0.0005000 loss=7.581 ACC=33.333 F1=29.908 Rec=40.970 Prec=50.483
Train Client6 [43/200] LR=0.0005000 loss=0.175 ACC=97.049 F1=55.267 Rec=53.754 Prec=57.281
Train Client7 [43/200] LR=0.0005000 loss=0.515 ACC=90.426 F1=50.534 Rec=49.295 Prec=52.546

Val    [43/200] LR=0.0005000 loss=2.174 ACC=80.867 F1=45.347 Rec=46.595 Prec=44.452

Test-  OSR [43/200] LR=0.0005000 ACC=74.693 F1=33.950 Rec=34.989 Prec=49.873 UNK=0.000 OS*=41.987 HOS=0.000 AUROC=85.466 AUPR=19.334 OSCR=71.338
Test-Close [43/200] LR=0.0005000 loss=2.228 ACC=78.263 F1=43.068 Rec=41.987 Prec=65.344
Train Client0 [44/200] LR=0.0005000 loss=0.280 ACC=95.673 F1=59.881 Rec=58.489 Prec=62.289
Train Client1 [44/200] LR=0.0005000 loss=0.674 ACC=86.607 F1=53.287 Rec=50.791 Prec=59.887
Train Client2 [44/200] LR=0.0005000 loss=2.155 ACC=73.983 F1=44.578 Rec=46.595 Prec=43.784
Train Client3 [44/200] LR=0.0005000 loss=0.831 ACC=85.096 F1=44.527 Rec=44.458 Prec=50.586
Train Client4 [44/200] LR=0.0005000 loss=1.244 ACC=75.329 F1=51.609 Rec=55.194 Prec=56.332
Train Client5 [44/200] LR=0.0005000 loss=8.097 ACC=30.208 F1=26.892 Rec=39.044 Prec=51.810
Train Client6 [44/200] LR=0.0005000 loss=0.184 ACC=96.181 F1=38.796 Rec=35.931 Prec=44.208
Train Client7 [44/200] LR=0.0005000 loss=0.652 ACC=89.362 F1=42.521 Rec=40.875 Prec=64.930

Val    [44/200] LR=0.0005000 loss=2.130 ACC=81.290 F1=45.903 Rec=47.745 Prec=64.001

Test-  OSR [44/200] LR=0.0005000 ACC=75.576 F1=34.617 Rec=36.591 Prec=49.414 UNK=0.000 OS*=43.909 HOS=0.000 AUROC=86.270 AUPR=17.864 OSCR=72.588
Test-Close [44/200] LR=0.0005000 loss=2.167 ACC=79.188 F1=43.813 Rec=43.909 Prec=64.225
Saving best model . . . . . . . .

Train Client0 [45/200] LR=0.0005000 loss=0.290 ACC=95.673 F1=60.056 Rec=58.265 Prec=62.386
Train Client1 [45/200] LR=0.0005000 loss=0.688 ACC=86.328 F1=57.478 Rec=53.955 Prec=66.377
Train Client2 [45/200] LR=0.0005000 loss=2.050 ACC=73.692 F1=47.428 Rec=49.024 Prec=48.211
Train Client3 [45/200] LR=0.0005000 loss=0.922 ACC=78.846 F1=38.809 Rec=37.534 Prec=43.704
Train Client4 [45/200] LR=0.0005000 loss=1.450 ACC=71.711 F1=42.624 Rec=47.926 Prec=50.954
Train Client5 [45/200] LR=0.0005000 loss=7.765 ACC=31.250 F1=28.830 Rec=40.135 Prec=53.094
Train Client6 [45/200] LR=0.0005000 loss=0.171 ACC=96.181 F1=54.017 Rec=52.000 Prec=58.597
Train Client7 [45/200] LR=0.0005000 loss=0.555 ACC=90.027 F1=48.172 Rec=45.601 Prec=59.183

Val    [45/200] LR=0.0005000 loss=2.162 ACC=81.395 F1=46.388 Rec=47.376 Prec=65.135

Test-  OSR [45/200] LR=0.0005000 ACC=75.233 F1=34.317 Rec=35.758 Prec=49.734 UNK=0.000 OS*=42.910 HOS=0.000 AUROC=84.306 AUPR=19.217 OSCR=70.542
Test-Close [45/200] LR=0.0005000 loss=2.218 ACC=78.828 F1=43.564 Rec=42.910 Prec=65.024
Train Client0 [46/200] LR=0.0005000 loss=0.269 ACC=96.442 F1=62.253 Rec=61.293 Prec=63.559
Train Client1 [46/200] LR=0.0005000 loss=0.810 ACC=86.049 F1=51.841 Rec=52.461 Prec=62.836
Train Client2 [46/200] LR=0.0005000 loss=2.499 ACC=75.436 F1=43.714 Rec=45.310 Prec=42.362
Train Client3 [46/200] LR=0.0005000 loss=0.931 ACC=80.769 F1=42.153 Rec=41.943 Prec=44.314
Train Client4 [46/200] LR=0.0005000 loss=1.165 ACC=72.039 F1=43.376 Rec=46.700 Prec=47.420
Train Client5 [46/200] LR=0.0005000 loss=9.400 ACC=33.333 F1=29.845 Rec=40.927 Prec=51.549
Train Client6 [46/200] LR=0.0005000 loss=0.211 ACC=96.354 F1=55.902 Rec=51.698 Prec=62.918
Train Client7 [46/200] LR=0.0005000 loss=0.763 ACC=90.027 F1=41.812 Rec=40.581 Prec=53.808

Val    [46/200] LR=0.0005000 loss=2.110 ACC=81.501 F1=46.478 Rec=48.352 Prec=63.852

Test-  OSR [46/200] LR=0.0005000 ACC=75.478 F1=35.105 Rec=37.009 Prec=46.788 UNK=0.000 OS*=44.411 HOS=0.000 AUROC=87.086 AUPR=19.148 OSCR=73.182
Test-Close [46/200] LR=0.0005000 loss=2.162 ACC=79.085 F1=44.467 Rec=44.411 Prec=61.071
Saving best model . . . . . . . .

Train Client0 [47/200] LR=0.0005000 loss=0.219 ACC=95.817 F1=61.022 Rec=60.103 Prec=62.107
Train Client1 [47/200] LR=0.0005000 loss=0.725 ACC=86.830 F1=58.765 Rec=58.333 Prec=66.294
Train Client2 [47/200] LR=0.0005000 loss=2.605 ACC=72.820 F1=42.892 Rec=44.574 Prec=42.122
Train Client3 [47/200] LR=0.0005000 loss=0.928 ACC=80.288 F1=41.406 Rec=39.783 Prec=46.209
Train Client4 [47/200] LR=0.0005000 loss=0.999 ACC=75.658 F1=49.697 Rec=54.217 Prec=52.061
Train Client5 [47/200] LR=0.0005000 loss=9.097 ACC=36.979 F1=33.755 Rec=37.379 Prec=53.166
Train Client6 [47/200] LR=0.0005000 loss=0.143 ACC=96.701 F1=60.492 Rec=56.743 Prec=67.129
Train Client7 [47/200] LR=0.0005000 loss=0.527 ACC=90.559 F1=46.040 Rec=43.830 Prec=54.292

Val    [47/200] LR=0.0005000 loss=2.138 ACC=80.867 F1=45.405 Rec=44.753 Prec=65.786

Test-  OSR [47/200] LR=0.0005000 ACC=74.693 F1=34.054 Rec=34.458 Prec=47.281 UNK=0.000 OS*=41.349 HOS=0.000 AUROC=84.864 AUPR=19.634 OSCR=70.600
Test-Close [47/200] LR=0.0005000 loss=2.223 ACC=78.263 F1=43.122 Rec=41.349 Prec=62.343
Train Client0 [48/200] LR=0.0005000 loss=0.238 ACC=95.769 F1=59.595 Rec=58.305 Prec=61.512
Train Client1 [48/200] LR=0.0005000 loss=0.677 ACC=88.002 F1=63.526 Rec=61.182 Prec=73.425
Train Client2 [48/200] LR=0.0005000 loss=2.461 ACC=72.093 F1=46.484 Rec=47.540 Prec=46.084
Train Client3 [48/200] LR=0.0005000 loss=1.055 ACC=76.923 F1=38.550 Rec=37.732 Prec=41.195
Train Client4 [48/200] LR=0.0005000 loss=1.083 ACC=75.658 F1=51.372 Rec=55.501 Prec=52.400
Train Client5 [48/200] LR=0.0005000 loss=9.182 ACC=26.562 F1=24.831 Rec=37.011 Prec=48.629
Train Client6 [48/200] LR=0.0005000 loss=0.188 ACC=96.528 F1=54.862 Rec=52.254 Prec=58.795
Train Client7 [48/200] LR=0.0005000 loss=0.604 ACC=90.691 F1=49.684 Rec=46.003 Prec=62.178

Val    [48/200] LR=0.0005000 loss=2.167 ACC=81.607 F1=46.034 Rec=49.765 Prec=42.837

Test-  OSR [48/200] LR=0.0005000 ACC=75.625 F1=35.088 Rec=38.371 Prec=48.862 UNK=0.000 OS*=46.045 HOS=0.000 AUROC=87.324 AUPR=22.175 OSCR=73.309
Test-Close [48/200] LR=0.0005000 loss=2.216 ACC=79.239 F1=44.732 Rec=46.045 Prec=63.634
Saving best model . . . . . . . .

>> New learning Rate: 0.00025
Train Client0 [49/200] LR=0.0002500 loss=0.165 ACC=97.019 F1=65.625 Rec=65.404 Prec=65.947
Train Client1 [49/200] LR=0.0002500 loss=0.609 ACC=88.728 F1=66.002 Rec=62.625 Prec=72.982
Train Client2 [49/200] LR=0.0002500 loss=2.452 ACC=63.953 F1=44.478 Rec=48.463 Prec=44.222
Train Client3 [49/200] LR=0.0002500 loss=0.910 ACC=79.808 F1=38.923 Rec=38.553 Prec=45.237
Train Client4 [49/200] LR=0.0002500 loss=1.210 ACC=71.382 F1=42.296 Rec=53.709 Prec=53.311
Train Client5 [49/200] LR=0.0002500 loss=9.404 ACC=23.438 F1=22.538 Rec=35.362 Prec=50.253
Train Client6 [49/200] LR=0.0002500 loss=0.130 ACC=97.396 F1=69.557 Rec=68.038 Prec=74.716
Train Client7 [49/200] LR=0.0002500 loss=0.451 ACC=92.154 F1=50.232 Rec=47.550 Prec=68.161

Val    [49/200] LR=0.0002500 loss=2.140 ACC=82.030 F1=47.779 Rec=49.527 Prec=58.066

Test-  OSR [49/200] LR=0.0002500 ACC=75.674 F1=35.517 Rec=37.218 Prec=43.938 UNK=0.000 OS*=44.662 HOS=0.000 AUROC=84.496 AUPR=17.453 OSCR=71.700
Test-Close [49/200] LR=0.0002500 loss=2.208 ACC=79.291 F1=44.938 Rec=44.662 Prec=60.252
Train Client0 [50/200] LR=0.0002500 loss=0.132 ACC=97.212 F1=66.056 Rec=65.192 Prec=67.102
Train Client1 [50/200] LR=0.0002500 loss=0.540 ACC=89.565 F1=73.559 Rec=72.043 Prec=78.113
Train Client2 [50/200] LR=0.0002500 loss=2.572 ACC=67.442 F1=46.215 Rec=49.591 Prec=45.712
Train Client3 [50/200] LR=0.0002500 loss=0.736 ACC=82.212 F1=41.812 Rec=40.695 Prec=46.553
Train Client4 [50/200] LR=0.0002500 loss=1.048 ACC=73.026 F1=45.107 Rec=51.576 Prec=56.199
Train Client5 [50/200] LR=0.0002500 loss=11.462 ACC=28.125 F1=31.602 Rec=41.639 Prec=74.840
Train Client6 [50/200] LR=0.0002500 loss=0.113 ACC=97.222 F1=67.034 Rec=61.833 Prec=75.657
Train Client7 [50/200] LR=0.0002500 loss=0.451 ACC=91.622 F1=52.084 Rec=49.122 Prec=60.347

Val    [50/200] LR=0.0002500 loss=2.152 ACC=82.452 F1=49.462 Rec=50.818 Prec=62.072

Test-  OSR [50/200] LR=0.0002500 ACC=75.576 F1=35.899 Rec=37.440 Prec=43.815 UNK=0.000 OS*=44.928 HOS=0.000 AUROC=86.757 AUPR=22.321 OSCR=73.221
Test-Close [50/200] LR=0.0002500 loss=2.227 ACC=79.188 F1=45.579 Rec=44.928 Prec=59.832
Train Client0 [51/200] LR=0.0002500 loss=0.136 ACC=97.452 F1=66.599 Rec=66.383 Prec=66.901
Train Client1 [51/200] LR=0.0002500 loss=0.507 ACC=90.569 F1=69.460 Rec=66.711 Prec=77.484
Train Client2 [51/200] LR=0.0002500 loss=2.556 ACC=70.640 F1=48.322 Rec=51.391 Prec=47.643
Train Client3 [51/200] LR=0.0002500 loss=0.828 ACC=80.288 F1=41.610 Rec=40.338 Prec=46.071
Train Client4 [51/200] LR=0.0002500 loss=1.083 ACC=71.053 F1=43.175 Rec=53.463 Prec=48.134
Train Client5 [51/200] LR=0.0002500 loss=11.042 ACC=30.208 F1=28.916 Rec=39.794 Prec=51.849
Train Client6 [51/200] LR=0.0002500 loss=0.147 ACC=96.875 F1=63.752 Rec=63.458 Prec=64.595
Train Client7 [51/200] LR=0.0002500 loss=0.450 ACC=91.888 F1=53.805 Rec=50.601 Prec=61.408

Val    [51/200] LR=0.0002500 loss=2.172 ACC=82.135 F1=48.604 Rec=49.404 Prec=62.266

Test-  OSR [51/200] LR=0.0002500 ACC=75.380 F1=36.542 Rec=37.609 Prec=44.271 UNK=0.000 OS*=45.130 HOS=0.000 AUROC=85.806 AUPR=17.966 OSCR=72.671
Test-Close [51/200] LR=0.0002500 loss=2.242 ACC=78.983 F1=46.238 Rec=45.130 Prec=63.327
Train Client0 [52/200] LR=0.0002500 loss=0.150 ACC=97.163 F1=65.767 Rec=66.169 Prec=65.714
Train Client1 [52/200] LR=0.0002500 loss=0.607 ACC=89.565 F1=74.187 Rec=70.654 Prec=79.918
Train Client2 [52/200] LR=0.0002500 loss=2.773 ACC=68.605 F1=46.484 Rec=48.842 Prec=46.892
Train Client3 [52/200] LR=0.0002500 loss=0.929 ACC=77.885 F1=39.736 Rec=37.445 Prec=43.974
Train Client4 [52/200] LR=0.0002500 loss=1.065 ACC=73.026 F1=49.582 Rec=58.451 Prec=53.572
Train Client5 [52/200] LR=0.0002500 loss=10.166 ACC=28.646 F1=27.884 Rec=38.767 Prec=55.079
Train Client6 [52/200] LR=0.0002500 loss=0.133 ACC=97.396 F1=66.612 Rec=60.861 Prec=81.220
Train Client7 [52/200] LR=0.0002500 loss=0.426 ACC=92.021 F1=50.964 Rec=49.484 Prec=55.304

Val    [52/200] LR=0.0002500 loss=2.151 ACC=82.347 F1=52.414 Rec=52.674 Prec=65.987

Test-  OSR [52/200] LR=0.0002500 ACC=76.361 F1=39.261 Rec=40.273 Prec=47.577 UNK=0.000 OS*=48.327 HOS=0.000 AUROC=86.424 AUPR=19.933 OSCR=73.438
Test-Close [52/200] LR=0.0002500 loss=2.211 ACC=80.010 F1=50.125 Rec=48.327 Prec=68.137
Saving best model . . . . . . . .

Train Client0 [53/200] LR=0.0002500 loss=0.125 ACC=97.596 F1=70.646 Rec=69.689 Prec=74.807
Train Client1 [53/200] LR=0.0002500 loss=0.510 ACC=89.453 F1=69.122 Rec=69.625 Prec=72.701
Train Client2 [53/200] LR=0.0002500 loss=2.170 ACC=70.930 F1=47.154 Rec=49.491 Prec=46.533
Train Client3 [53/200] LR=0.0002500 loss=0.812 ACC=78.846 F1=45.134 Rec=41.844 Prec=61.864
Train Client4 [53/200] LR=0.0002500 loss=0.974 ACC=75.987 F1=53.852 Rec=60.800 Prec=57.429
Train Client5 [53/200] LR=0.0002500 loss=8.510 ACC=21.354 F1=21.008 Rec=33.967 Prec=49.393
Train Client6 [53/200] LR=0.0002500 loss=0.103 ACC=97.049 F1=62.141 Rec=57.691 Prec=70.342
Train Client7 [53/200] LR=0.0002500 loss=0.431 ACC=91.356 F1=50.233 Rec=47.292 Prec=61.103

Val    [53/200] LR=0.0002500 loss=2.150 ACC=82.664 F1=51.392 Rec=51.113 Prec=64.841

Test-  OSR [53/200] LR=0.0002500 ACC=76.214 F1=40.023 Rec=39.828 Prec=49.360 UNK=0.000 OS*=47.793 HOS=0.000 AUROC=84.248 AUPR=16.641 OSCR=72.109
Test-Close [53/200] LR=0.0002500 loss=2.209 ACC=79.856 F1=50.565 Rec=47.793 Prec=68.346
Train Client0 [54/200] LR=0.0002500 loss=0.150 ACC=97.500 F1=73.975 Rec=70.272 Prec=84.050
Train Client1 [54/200] LR=0.0002500 loss=0.513 ACC=89.621 F1=78.867 Rec=78.165 Prec=81.590
Train Client2 [54/200] LR=0.0002500 loss=1.765 ACC=72.238 F1=46.075 Rec=47.980 Prec=45.518
Train Client3 [54/200] LR=0.0002500 loss=0.841 ACC=78.846 F1=37.762 Rec=35.508 Prec=46.155
Train Client4 [54/200] LR=0.0002500 loss=1.047 ACC=74.013 F1=50.659 Rec=58.849 Prec=57.675
Train Client5 [54/200] LR=0.0002500 loss=9.806 ACC=25.000 F1=24.854 Rec=36.533 Prec=52.019
Train Client6 [54/200] LR=0.0002500 loss=0.124 ACC=97.396 F1=61.445 Rec=55.049 Prec=79.869
Train Client7 [54/200] LR=0.0002500 loss=0.488 ACC=91.622 F1=49.583 Rec=47.448 Prec=57.322

Val    [54/200] LR=0.0002500 loss=2.179 ACC=82.241 F1=50.111 Rec=50.873 Prec=74.749

Test-  OSR [54/200] LR=0.0002500 ACC=76.116 F1=36.508 Rec=37.830 Prec=44.151 UNK=0.000 OS*=45.396 HOS=0.000 AUROC=85.469 AUPR=22.240 OSCR=72.123
Test-Close [54/200] LR=0.0002500 loss=2.233 ACC=79.753 F1=46.117 Rec=45.396 Prec=61.521
Train Client0 [55/200] LR=0.0002500 loss=0.135 ACC=97.308 F1=69.552 Rec=68.501 Prec=89.190
Train Client1 [55/200] LR=0.0002500 loss=0.523 ACC=89.844 F1=69.953 Rec=67.395 Prec=73.719
Train Client2 [55/200] LR=0.0002500 loss=2.132 ACC=71.221 F1=45.362 Rec=47.607 Prec=44.710
Train Client3 [55/200] LR=0.0002500 loss=0.818 ACC=83.173 F1=41.726 Rec=40.784 Prec=48.069
Train Client4 [55/200] LR=0.0002500 loss=0.999 ACC=75.329 F1=48.505 Rec=54.817 Prec=53.866
Train Client5 [55/200] LR=0.0002500 loss=9.941 ACC=24.479 F1=22.371 Rec=34.411 Prec=49.174
Train Client6 [55/200] LR=0.0002500 loss=0.106 ACC=97.396 F1=67.333 Rec=62.736 Prec=74.554
Train Client7 [55/200] LR=0.0002500 loss=0.477 ACC=91.489 F1=54.177 Rec=50.038 Prec=64.013

Val    [55/200] LR=0.0002500 loss=2.142 ACC=82.452 F1=50.813 Rec=51.571 Prec=66.706

Test-  OSR [55/200] LR=0.0002500 ACC=76.312 F1=39.592 Rec=40.262 Prec=49.284 UNK=0.000 OS*=48.314 HOS=0.000 AUROC=85.355 AUPR=16.696 OSCR=72.959
Test-Close [55/200] LR=0.0002500 loss=2.198 ACC=79.959 F1=50.154 Rec=48.314 Prec=67.719
Train Client0 [56/200] LR=0.0002500 loss=0.140 ACC=97.067 F1=51.990 Rec=52.483 Prec=51.572
Train Client1 [56/200] LR=0.0002500 loss=0.496 ACC=91.127 F1=78.988 Rec=74.214 Prec=86.114
Train Client2 [56/200] LR=0.0002500 loss=2.548 ACC=72.820 F1=46.590 Rec=48.022 Prec=46.602
Train Client3 [56/200] LR=0.0002500 loss=0.858 ACC=79.808 F1=37.387 Rec=36.707 Prec=42.473
Train Client4 [56/200] LR=0.0002500 loss=0.915 ACC=76.974 F1=49.903 Rec=59.360 Prec=56.590
Train Client5 [56/200] LR=0.0002500 loss=8.762 ACC=27.604 F1=25.964 Rec=38.571 Prec=50.354
Train Client6 [56/200] LR=0.0002500 loss=0.135 ACC=96.875 F1=59.620 Rec=56.278 Prec=69.423
Train Client7 [56/200] LR=0.0002500 loss=0.409 ACC=92.420 F1=51.990 Rec=49.980 Prec=59.233

Val    [56/200] LR=0.0002500 loss=2.131 ACC=82.241 F1=49.816 Rec=50.420 Prec=63.914

Test-  OSR [56/200] LR=0.0002500 ACC=76.704 F1=39.350 Rec=40.420 Prec=47.641 UNK=0.000 OS*=48.503 HOS=0.000 AUROC=86.593 AUPR=19.140 OSCR=73.892
Test-Close [56/200] LR=0.0002500 loss=2.193 ACC=80.370 F1=50.041 Rec=48.503 Prec=66.833
Saving best model . . . . . . . .

Train Client0 [57/200] LR=0.0002500 loss=0.132 ACC=97.163 F1=61.040 Rec=58.016 Prec=68.003
Train Client1 [57/200] LR=0.0002500 loss=0.434 ACC=91.127 F1=74.821 Rec=73.164 Prec=79.484
Train Client2 [57/200] LR=0.0002500 loss=1.919 ACC=73.401 F1=47.501 Rec=48.238 Prec=47.527
Train Client3 [57/200] LR=0.0002500 loss=0.686 ACC=81.250 F1=41.324 Rec=40.982 Prec=44.510
Train Client4 [57/200] LR=0.0002500 loss=1.006 ACC=73.026 F1=50.545 Rec=59.497 Prec=54.574
Train Client5 [57/200] LR=0.0002500 loss=9.501 ACC=30.208 F1=29.104 Rec=40.264 Prec=53.577
Train Client6 [57/200] LR=0.0002500 loss=0.105 ACC=97.743 F1=76.415 Rec=76.510 Prec=77.810
Train Client7 [57/200] LR=0.0002500 loss=0.412 ACC=92.021 F1=53.388 Rec=50.255 Prec=63.838

Val    [57/200] LR=0.0002500 loss=2.163 ACC=82.030 F1=51.413 Rec=49.745 Prec=67.380

Test-  OSR [57/200] LR=0.0002500 ACC=76.116 F1=40.033 Rec=39.386 Prec=49.464 UNK=0.000 OS*=47.263 HOS=0.000 AUROC=83.809 AUPR=16.101 OSCR=71.895
Test-Close [57/200] LR=0.0002500 loss=2.240 ACC=79.753 F1=50.258 Rec=47.263 Prec=67.353
Train Client0 [58/200] LR=0.0002500 loss=0.108 ACC=97.740 F1=73.768 Rec=71.330 Prec=79.462
Train Client1 [58/200] LR=0.0002500 loss=0.643 ACC=90.848 F1=74.232 Rec=73.127 Prec=78.007
Train Client2 [58/200] LR=0.0002500 loss=3.140 ACC=72.529 F1=49.383 Rec=50.534 Prec=49.938
Train Client3 [58/200] LR=0.0002500 loss=0.760 ACC=81.731 F1=48.425 Rec=44.120 Prec=65.642
Train Client4 [58/200] LR=0.0002500 loss=0.989 ACC=75.658 F1=56.369 Rec=62.359 Prec=59.780
Train Client5 [58/200] LR=0.0002500 loss=12.656 ACC=26.562 F1=25.338 Rec=36.117 Prec=49.772
Train Client6 [58/200] LR=0.0002500 loss=0.096 ACC=97.049 F1=62.856 Rec=57.528 Prec=73.216
Train Client7 [58/200] LR=0.0002500 loss=0.414 ACC=92.021 F1=52.429 Rec=48.832 Prec=61.465

Val    [58/200] LR=0.0002500 loss=2.216 ACC=82.030 F1=52.214 Rec=52.096 Prec=67.127

Test-  OSR [58/200] LR=0.0002500 ACC=76.067 F1=39.887 Rec=40.934 Prec=49.297 UNK=0.000 OS*=49.120 HOS=0.000 AUROC=84.766 AUPR=17.110 OSCR=72.314
Test-Close [58/200] LR=0.0002500 loss=2.243 ACC=79.702 F1=50.369 Rec=49.120 Prec=67.388
Train Client0 [59/200] LR=0.0002500 loss=0.126 ACC=97.212 F1=70.194 Rec=69.240 Prec=77.974
Train Client1 [59/200] LR=0.0002500 loss=0.462 ACC=91.350 F1=81.505 Rec=80.197 Prec=83.421
Train Client2 [59/200] LR=0.0002500 loss=2.468 ACC=69.477 F1=45.683 Rec=48.193 Prec=45.137
Train Client3 [59/200] LR=0.0002500 loss=0.771 ACC=81.731 F1=46.565 Rec=42.649 Prec=67.182
Train Client4 [59/200] LR=0.0002500 loss=0.973 ACC=76.645 F1=49.264 Rec=51.887 Prec=54.766
Train Client5 [59/200] LR=0.0002500 loss=9.688 ACC=31.771 F1=33.115 Rec=44.122 Prec=61.622
Train Client6 [59/200] LR=0.0002500 loss=0.124 ACC=97.049 F1=62.253 Rec=55.306 Prec=77.010
Train Client7 [59/200] LR=0.0002500 loss=0.396 ACC=92.287 F1=53.052 Rec=50.121 Prec=64.252

Val    [59/200] LR=0.0002500 loss=2.167 ACC=81.924 F1=50.114 Rec=49.901 Prec=65.005

Test-  OSR [59/200] LR=0.0002500 ACC=76.165 F1=40.535 Rec=40.987 Prec=49.549 UNK=0.000 OS*=49.185 HOS=0.000 AUROC=81.915 AUPR=14.413 OSCR=70.891
Test-Close [59/200] LR=0.0002500 loss=2.178 ACC=79.805 F1=51.067 Rec=49.185 Prec=67.325
Train Client0 [60/200] LR=0.0002500 loss=0.137 ACC=97.212 F1=76.412 Rec=75.406 Prec=77.669
Train Client1 [60/200] LR=0.0002500 loss=0.458 ACC=91.127 F1=73.923 Rec=70.843 Prec=78.203
Train Client2 [60/200] LR=0.0002500 loss=3.011 ACC=70.349 F1=46.877 Rec=48.841 Prec=47.601
Train Client3 [60/200] LR=0.0002500 loss=0.709 ACC=79.808 F1=38.332 Rec=36.887 Prec=47.890
Train Client4 [60/200] LR=0.0002500 loss=0.959 ACC=76.316 F1=51.357 Rec=56.018 Prec=55.928
Train Client5 [60/200] LR=0.0002500 loss=8.710 ACC=24.479 F1=25.754 Rec=37.387 Prec=53.462
Train Client6 [60/200] LR=0.0002500 loss=0.145 ACC=97.049 F1=56.988 Rec=51.879 Prec=66.134
Train Client7 [60/200] LR=0.0002500 loss=0.481 ACC=90.691 F1=51.833 Rec=48.886 Prec=58.089

Val    [60/200] LR=0.0002500 loss=2.181 ACC=81.924 F1=49.997 Rec=50.035 Prec=61.858

Test-  OSR [60/200] LR=0.0002500 ACC=76.606 F1=40.025 Rec=40.049 Prec=49.353 UNK=0.000 OS*=48.059 HOS=0.000 AUROC=83.294 AUPR=16.222 OSCR=71.553
Test-Close [60/200] LR=0.0002500 loss=2.222 ACC=80.267 F1=50.561 Rec=48.059 Prec=66.459
Train Client0 [61/200] LR=0.0002500 loss=0.143 ACC=97.212 F1=74.616 Rec=72.548 Prec=77.292
Train Client1 [61/200] LR=0.0002500 loss=0.466 ACC=90.792 F1=72.941 Rec=70.627 Prec=77.842
Train Client2 [61/200] LR=0.0002500 loss=2.717 ACC=67.151 F1=46.057 Rec=49.224 Prec=45.560
Train Client3 [61/200] LR=0.0002500 loss=0.898 ACC=80.288 F1=39.895 Rec=37.937 Prec=44.685
Train Client4 [61/200] LR=0.0002500 loss=0.858 ACC=77.632 F1=52.914 Rec=60.726 Prec=55.488
Train Client5 [61/200] LR=0.0002500 loss=11.807 ACC=25.521 F1=24.101 Rec=35.931 Prec=49.315
Train Client6 [61/200] LR=0.0002500 loss=0.108 ACC=98.090 F1=80.785 Rec=79.844 Prec=84.114
Train Client7 [61/200] LR=0.0002500 loss=0.404 ACC=91.090 F1=53.744 Rec=51.245 Prec=58.783

Val    [61/200] LR=0.0002500 loss=2.275 ACC=82.664 F1=51.880 Rec=52.388 Prec=69.678

Test-  OSR [61/200] LR=0.0002500 ACC=76.802 F1=40.603 Rec=42.493 Prec=49.888 UNK=0.000 OS*=50.992 HOS=0.000 AUROC=85.981 AUPR=20.528 OSCR=73.239
Test-Close [61/200] LR=0.0002500 loss=2.249 ACC=80.473 F1=52.046 Rec=50.992 Prec=70.361
Train Client0 [62/200] LR=0.0002500 loss=0.114 ACC=97.548 F1=80.744 Rec=77.242 Prec=87.610
Train Client1 [62/200] LR=0.0002500 loss=0.437 ACC=92.020 F1=74.066 Rec=73.643 Prec=76.109
Train Client2 [62/200] LR=0.0002500 loss=1.885 ACC=71.512 F1=46.212 Rec=48.706 Prec=45.411
Train Client3 [62/200] LR=0.0002500 loss=0.738 ACC=79.327 F1=38.867 Rec=38.599 Prec=41.503
Train Client4 [62/200] LR=0.0002500 loss=0.836 ACC=78.618 F1=53.022 Rec=50.026 Prec=57.065
Train Client5 [62/200] LR=0.0002500 loss=10.302 ACC=30.729 F1=33.022 Rec=42.125 Prec=64.737
Train Client6 [62/200] LR=0.0002500 loss=0.094 ACC=98.090 F1=75.247 Rec=70.951 Prec=81.398
Train Client7 [62/200] LR=0.0002500 loss=0.414 ACC=91.622 F1=49.852 Rec=47.891 Prec=54.477

Val    [62/200] LR=0.0002500 loss=2.210 ACC=82.135 F1=49.334 Rec=49.092 Prec=64.856

Test-  OSR [62/200] LR=0.0002500 ACC=75.969 F1=39.284 Rec=40.053 Prec=48.836 UNK=0.000 OS*=48.064 HOS=0.000 AUROC=84.523 AUPR=14.544 OSCR=72.511
Test-Close [62/200] LR=0.0002500 loss=2.259 ACC=79.599 F1=49.541 Rec=48.064 Prec=67.722
Train Client0 [63/200] LR=0.0002500 loss=0.131 ACC=97.788 F1=70.725 Rec=68.526 Prec=76.122
Train Client1 [63/200] LR=0.0002500 loss=0.451 ACC=91.295 F1=76.123 Rec=72.201 Prec=81.464
Train Client2 [63/200] LR=0.0002500 loss=2.195 ACC=73.983 F1=48.387 Rec=49.963 Prec=47.718
Train Client3 [63/200] LR=0.0002500 loss=0.905 ACC=79.808 F1=44.660 Rec=40.822 Prec=55.921
Train Client4 [63/200] LR=0.0002500 loss=0.900 ACC=78.289 F1=56.768 Rec=60.960 Prec=57.607
Train Client5 [63/200] LR=0.0002500 loss=8.494 ACC=29.688 F1=32.642 Rec=42.752 Prec=60.375
Train Client6 [63/200] LR=0.0002500 loss=0.140 ACC=97.743 F1=70.289 Rec=63.684 Prec=85.665
Train Client7 [63/200] LR=0.0002500 loss=0.423 ACC=92.154 F1=53.108 Rec=49.562 Prec=62.000

Val    [63/200] LR=0.0002500 loss=2.158 ACC=82.347 F1=51.255 Rec=51.915 Prec=65.543

Test-  OSR [63/200] LR=0.0002500 ACC=75.576 F1=39.176 Rec=40.892 Prec=48.111 UNK=0.000 OS*=49.071 HOS=0.000 AUROC=84.477 AUPR=14.730 OSCR=72.192
Test-Close [63/200] LR=0.0002500 loss=2.207 ACC=79.188 F1=49.921 Rec=49.071 Prec=66.451
Train Client0 [64/200] LR=0.0002500 loss=0.109 ACC=97.981 F1=79.907 Rec=75.547 Prec=93.799
Train Client1 [64/200] LR=0.0002500 loss=0.472 ACC=90.848 F1=69.079 Rec=66.960 Prec=72.741
Train Client2 [64/200] LR=0.0002500 loss=2.502 ACC=73.983 F1=46.403 Rec=48.546 Prec=45.985
Train Client3 [64/200] LR=0.0002500 loss=0.675 ACC=82.212 F1=41.791 Rec=40.695 Prec=47.736
Train Client4 [64/200] LR=0.0002500 loss=1.054 ACC=75.987 F1=56.419 Rec=63.125 Prec=57.815
Train Client5 [64/200] LR=0.0002500 loss=8.278 ACC=31.771 F1=33.612 Rec=43.850 Prec=63.479
Train Client6 [64/200] LR=0.0002500 loss=0.123 ACC=97.569 F1=67.190 Rec=63.639 Prec=73.808
Train Client7 [64/200] LR=0.0002500 loss=0.388 ACC=92.553 F1=54.364 Rec=50.308 Prec=64.027

Val    [64/200] LR=0.0002500 loss=2.158 ACC=82.558 F1=51.158 Rec=51.451 Prec=63.980

Test-  OSR [64/200] LR=0.0002500 ACC=76.214 F1=40.510 Rec=41.263 Prec=48.520 UNK=0.000 OS*=49.516 HOS=0.000 AUROC=84.608 AUPR=16.312 OSCR=72.704
Test-Close [64/200] LR=0.0002500 loss=2.208 ACC=79.856 F1=51.550 Rec=49.516 Prec=66.627
Train Client0 [65/200] LR=0.0002500 loss=0.146 ACC=97.981 F1=74.822 Rec=72.280 Prec=80.784
Train Client1 [65/200] LR=0.0002500 loss=0.438 ACC=91.127 F1=77.131 Rec=75.644 Prec=79.997
Train Client2 [65/200] LR=0.0002500 loss=2.724 ACC=70.785 F1=46.045 Rec=47.801 Prec=46.112
Train Client3 [65/200] LR=0.0002500 loss=0.715 ACC=82.692 F1=43.394 Rec=41.745 Prec=46.645
Train Client4 [65/200] LR=0.0002500 loss=1.004 ACC=75.658 F1=47.181 Rec=50.310 Prec=50.145
Train Client5 [65/200] LR=0.0002500 loss=8.279 ACC=29.688 F1=27.097 Rec=38.862 Prec=49.760
Train Client6 [65/200] LR=0.0002500 loss=0.133 ACC=97.222 F1=64.112 Rec=55.351 Prec=82.757
Train Client7 [65/200] LR=0.0002500 loss=0.396 ACC=91.888 F1=50.449 Rec=47.832 Prec=57.180

Val    [65/200] LR=0.0002500 loss=2.194 ACC=81.924 F1=49.896 Rec=49.387 Prec=65.480

Test-  OSR [65/200] LR=0.0002500 ACC=76.263 F1=40.934 Rec=41.301 Prec=50.315 UNK=0.000 OS*=49.562 HOS=0.000 AUROC=85.555 AUPR=19.813 OSCR=72.610
Test-Close [65/200] LR=0.0002500 loss=2.262 ACC=79.908 F1=51.905 Rec=49.562 Prec=69.115
Train Client0 [66/200] LR=0.0002500 loss=0.110 ACC=97.692 F1=59.882 Rec=57.889 Prec=66.970
Train Client1 [66/200] LR=0.0002500 loss=0.464 ACC=90.681 F1=73.800 Rec=70.502 Prec=79.880
Train Client2 [66/200] LR=0.0002500 loss=2.393 ACC=71.948 F1=48.594 Rec=50.991 Prec=47.713
Train Client3 [66/200] LR=0.0002500 loss=0.793 ACC=77.404 F1=35.863 Rec=34.370 Prec=41.947
Train Client4 [66/200] LR=0.0002500 loss=0.926 ACC=77.961 F1=52.488 Rec=57.505 Prec=56.550
Train Client5 [66/200] LR=0.0002500 loss=8.586 ACC=29.167 F1=27.725 Rec=38.864 Prec=51.066
Train Client6 [66/200] LR=0.0002500 loss=0.095 ACC=98.264 F1=82.436 Rec=80.236 Prec=85.191
Train Client7 [66/200] LR=0.0002500 loss=0.406 ACC=92.154 F1=52.187 Rec=49.402 Prec=59.358

Val    [66/200] LR=0.0002500 loss=2.174 ACC=82.241 F1=49.203 Rec=50.118 Prec=63.281

Test-  OSR [66/200] LR=0.0002500 ACC=76.263 F1=38.676 Rec=40.140 Prec=48.380 UNK=0.000 OS*=48.167 HOS=0.000 AUROC=83.366 AUPR=15.164 OSCR=71.830
Test-Close [66/200] LR=0.0002500 loss=2.206 ACC=79.908 F1=49.054 Rec=48.167 Prec=66.901
Train Client0 [67/200] LR=0.0002500 loss=0.117 ACC=97.596 F1=78.646 Rec=74.648 Prec=87.620
Train Client1 [67/200] LR=0.0002500 loss=0.425 ACC=91.853 F1=80.560 Rec=80.260 Prec=81.934
Train Client2 [67/200] LR=0.0002500 loss=2.192 ACC=71.221 F1=46.059 Rec=47.407 Prec=46.245
Train Client3 [67/200] LR=0.0002500 loss=0.893 ACC=78.365 F1=44.512 Rec=39.112 Prec=65.497
Train Client4 [67/200] LR=0.0002500 loss=0.825 ACC=80.263 F1=60.267 Rec=68.813 Prec=62.024
Train Client5 [67/200] LR=0.0002500 loss=9.023 ACC=34.375 F1=34.240 Rec=44.523 Prec=61.095
Train Client6 [67/200] LR=0.0002500 loss=0.092 ACC=97.049 F1=44.501 Rec=40.681 Prec=52.143
Train Client7 [67/200] LR=0.0002500 loss=0.404 ACC=91.489 F1=55.415 Rec=52.623 Prec=59.668

Val    [67/200] LR=0.0002500 loss=2.149 ACC=81.290 F1=49.218 Rec=48.825 Prec=63.371

Test-  OSR [67/200] LR=0.0002500 ACC=76.802 F1=41.528 Rec=42.091 Prec=49.761 UNK=0.000 OS*=50.509 HOS=0.000 AUROC=82.626 AUPR=15.706 OSCR=71.181
Test-Close [67/200] LR=0.0002500 loss=2.214 ACC=80.473 F1=52.510 Rec=50.509 Prec=67.129
Train Client0 [68/200] LR=0.0002500 loss=0.141 ACC=97.740 F1=81.780 Rec=81.938 Prec=81.722
Train Client1 [68/200] LR=0.0002500 loss=0.436 ACC=92.299 F1=77.385 Rec=74.283 Prec=82.475
Train Client2 [68/200] LR=0.0002500 loss=2.613 ACC=74.855 F1=53.909 Rec=52.607 Prec=60.217
Train Client3 [68/200] LR=0.0002500 loss=0.646 ACC=83.173 F1=48.882 Rec=45.078 Prec=66.628
Train Client4 [68/200] LR=0.0002500 loss=1.008 ACC=78.947 F1=60.284 Rec=66.176 Prec=60.122
Train Client5 [68/200] LR=0.0002500 loss=8.299 ACC=34.375 F1=31.618 Rec=42.529 Prec=51.119
Train Client6 [68/200] LR=0.0002500 loss=0.076 ACC=97.569 F1=72.904 Rec=71.163 Prec=75.241
Train Client7 [68/200] LR=0.0002500 loss=0.341 ACC=93.218 F1=57.171 Rec=53.798 Prec=63.269

Val    [68/200] LR=0.0002500 loss=2.161 ACC=82.241 F1=51.917 Rec=51.666 Prec=64.952

Test-  OSR [68/200] LR=0.0002500 ACC=76.165 F1=39.766 Rec=40.335 Prec=47.817 UNK=0.000 OS*=48.403 HOS=0.000 AUROC=84.327 AUPR=16.867 OSCR=72.172
Test-Close [68/200] LR=0.0002500 loss=2.201 ACC=79.805 F1=50.383 Rec=48.403 Prec=65.704
Train Client0 [69/200] LR=0.0002500 loss=0.114 ACC=97.740 F1=77.486 Rec=76.079 Prec=79.008
Train Client1 [69/200] LR=0.0002500 loss=0.447 ACC=90.737 F1=75.186 Rec=73.160 Prec=79.059
Train Client2 [69/200] LR=0.0002500 loss=1.710 ACC=75.291 F1=50.506 Rec=51.511 Prec=50.146
Train Client3 [69/200] LR=0.0002500 loss=0.765 ACC=80.769 F1=46.693 Rec=43.116 Prec=63.982
Train Client4 [69/200] LR=0.0002500 loss=0.914 ACC=78.618 F1=53.853 Rec=58.071 Prec=57.388
Train Client5 [69/200] LR=0.0002500 loss=9.997 ACC=28.646 F1=27.294 Rec=37.872 Prec=50.966
Train Client6 [69/200] LR=0.0002500 loss=0.110 ACC=97.917 F1=74.686 Rec=71.254 Prec=79.210
Train Client7 [69/200] LR=0.0002500 loss=0.408 ACC=92.686 F1=68.955 Rec=65.830 Prec=74.572

Val    [69/200] LR=0.0002500 loss=2.183 ACC=81.078 F1=47.359 Rec=48.422 Prec=61.670

Test-  OSR [69/200] LR=0.0002500 ACC=76.018 F1=39.234 Rec=41.141 Prec=47.939 UNK=0.000 OS*=49.369 HOS=0.000 AUROC=79.759 AUPR=12.854 OSCR=69.068
Test-Close [69/200] LR=0.0002500 loss=2.217 ACC=79.651 F1=49.400 Rec=49.369 Prec=63.309
Train Client0 [70/200] LR=0.0002500 loss=0.106 ACC=97.933 F1=82.741 Rec=80.178 Prec=86.266
Train Client1 [70/200] LR=0.0002500 loss=0.453 ACC=92.578 F1=83.648 Rec=81.257 Prec=87.015
Train Client2 [70/200] LR=0.0002500 loss=2.767 ACC=74.709 F1=52.514 Rec=51.534 Prec=66.837
Train Client3 [70/200] LR=0.0002500 loss=0.832 ACC=81.250 F1=42.100 Rec=40.607 Prec=49.260
Train Client4 [70/200] LR=0.0002500 loss=0.853 ACC=78.618 F1=51.655 Rec=54.908 Prec=52.966
Train Client5 [70/200] LR=0.0002500 loss=9.540 ACC=30.208 F1=28.789 Rec=40.889 Prec=51.832
Train Client6 [70/200] LR=0.0002500 loss=0.100 ACC=97.569 F1=72.912 Rec=76.281 Prec=72.196
Train Client7 [70/200] LR=0.0002500 loss=0.397 ACC=92.553 F1=53.160 Rec=50.094 Prec=68.954

Val    [70/200] LR=0.0002500 loss=2.210 ACC=80.973 F1=50.264 Rec=50.153 Prec=65.011

Test-  OSR [70/200] LR=0.0002500 ACC=74.988 F1=38.314 Rec=39.746 Prec=46.818 UNK=0.000 OS*=47.695 HOS=0.000 AUROC=83.595 AUPR=16.887 OSCR=70.943
Test-Close [70/200] LR=0.0002500 loss=2.333 ACC=78.571 F1=48.618 Rec=47.695 Prec=63.279
Train Client0 [71/200] LR=0.0002500 loss=0.076 ACC=98.317 F1=84.646 Rec=81.618 Prec=89.858
Train Client1 [71/200] LR=0.0002500 loss=0.428 ACC=91.462 F1=70.154 Rec=68.007 Prec=72.764
Train Client2 [71/200] LR=0.0002500 loss=2.001 ACC=73.983 F1=47.491 Rec=49.084 Prec=46.925
Train Client3 [71/200] LR=0.0002500 loss=0.859 ACC=84.135 F1=49.021 Rec=45.902 Prec=55.995
Train Client4 [71/200] LR=0.0002500 loss=0.883 ACC=77.303 F1=59.586 Rec=64.923 Prec=59.396
Train Client5 [71/200] LR=0.0002500 loss=9.329 ACC=27.604 F1=28.818 Rec=39.946 Prec=55.746
Train Client6 [71/200] LR=0.0002500 loss=0.068 ACC=98.264 F1=79.006 Rec=75.951 Prec=83.481
Train Client7 [71/200] LR=0.0002500 loss=0.378 ACC=90.691 F1=50.900 Rec=48.308 Prec=57.231

Val    [71/200] LR=0.0002500 loss=2.160 ACC=81.818 F1=53.858 Rec=53.097 Prec=65.738

Test-  OSR [71/200] LR=0.0002500 ACC=76.410 F1=40.844 Rec=41.484 Prec=49.264 UNK=0.000 OS*=49.780 HOS=0.000 AUROC=83.229 AUPR=18.549 OSCR=71.136
Test-Close [71/200] LR=0.0002500 loss=2.210 ACC=80.062 F1=52.125 Rec=49.780 Prec=68.163
Train Client0 [72/200] LR=0.0002500 loss=0.120 ACC=97.596 F1=83.300 Rec=80.998 Prec=85.906
Train Client1 [72/200] LR=0.0002500 loss=0.436 ACC=91.239 F1=74.290 Rec=72.460 Prec=77.313
Train Client2 [72/200] LR=0.0002500 loss=2.453 ACC=71.076 F1=45.803 Rec=47.489 Prec=45.908
Train Client3 [72/200] LR=0.0002500 loss=0.759 ACC=81.731 F1=46.522 Rec=42.649 Prec=65.913
Train Client4 [72/200] LR=0.0002500 loss=2.231 ACC=80.592 F1=61.339 Rec=61.779 Prec=63.240
Train Client5 [72/200] LR=0.0002500 loss=8.321 ACC=31.771 F1=34.627 Rec=42.789 Prec=65.977
Train Client6 [72/200] LR=0.0002500 loss=0.087 ACC=97.222 F1=68.416 Rec=67.830 Prec=72.172
Train Client7 [72/200] LR=0.0002500 loss=0.373 ACC=92.420 F1=55.416 Rec=52.913 Prec=59.363

Val    [72/200] LR=0.0002500 loss=2.253 ACC=82.347 F1=52.088 Rec=52.283 Prec=71.849

Test-  OSR [72/200] LR=0.0002500 ACC=76.508 F1=39.698 Rec=39.999 Prec=50.468 UNK=0.000 OS*=47.999 HOS=0.000 AUROC=81.443 AUPR=15.215 OSCR=70.238
Test-Close [72/200] LR=0.0002500 loss=2.239 ACC=80.164 F1=50.405 Rec=47.999 Prec=69.236
Train Client0 [73/200] LR=0.0002500 loss=0.109 ACC=98.077 F1=85.057 Rec=83.139 Prec=87.220
Train Client1 [73/200] LR=0.0002500 loss=0.559 ACC=91.350 F1=75.005 Rec=72.609 Prec=78.952
Train Client2 [73/200] LR=0.0002500 loss=1.827 ACC=69.767 F1=45.367 Rec=47.559 Prec=44.399
Train Client3 [73/200] LR=0.0002500 loss=0.709 ACC=81.731 F1=46.024 Rec=43.205 Prec=57.017
Train Client4 [73/200] LR=0.0002500 loss=0.924 ACC=74.342 F1=52.275 Rec=56.910 Prec=55.225
Train Client5 [73/200] LR=0.0002500 loss=10.290 ACC=31.771 F1=33.211 Rec=44.515 Prec=56.633
Train Client6 [73/200] LR=0.0002500 loss=0.121 ACC=97.569 F1=68.778 Rec=63.129 Prec=76.682
Train Client7 [73/200] LR=0.0002500 loss=0.394 ACC=92.420 F1=53.195 Rec=50.170 Prec=69.159

Val    [73/200] LR=0.0002500 loss=2.175 ACC=82.030 F1=49.418 Rec=49.678 Prec=62.205

Test-  OSR [73/200] LR=0.0002500 ACC=76.361 F1=40.977 Rec=41.130 Prec=48.868 UNK=0.000 OS*=49.357 HOS=0.000 AUROC=83.178 AUPR=15.266 OSCR=71.784
Test-Close [73/200] LR=0.0002500 loss=2.206 ACC=80.010 F1=51.831 Rec=49.357 Prec=66.588
Train Client0 [74/200] LR=0.0002500 loss=0.104 ACC=97.644 F1=80.123 Rec=78.645 Prec=81.758
Train Client1 [74/200] LR=0.0002500 loss=0.407 ACC=92.355 F1=81.389 Rec=79.035 Prec=85.215
Train Client2 [74/200] LR=0.0002500 loss=2.839 ACC=71.802 F1=42.447 Rec=43.110 Prec=42.257
Train Client3 [74/200] LR=0.0002500 loss=0.718 ACC=82.212 F1=47.670 Rec=44.074 Prec=57.048
Train Client4 [74/200] LR=0.0002500 loss=0.911 ACC=77.303 F1=52.850 Rec=52.390 Prec=55.960
Train Client5 [74/200] LR=0.0002500 loss=9.722 ACC=28.125 F1=25.751 Rec=37.397 Prec=48.569
Train Client6 [74/200] LR=0.0002500 loss=0.120 ACC=97.222 F1=64.686 Rec=57.226 Prec=79.840
Train Client7 [74/200] LR=0.0002500 loss=0.402 ACC=91.622 F1=53.773 Rec=51.371 Prec=59.744

Val    [74/200] LR=0.0002500 loss=2.131 ACC=82.241 F1=50.049 Rec=51.206 Prec=64.330

Test-  OSR [74/200] LR=0.0002500 ACC=76.655 F1=41.702 Rec=42.488 Prec=50.277 UNK=0.000 OS*=50.985 HOS=0.000 AUROC=83.947 AUPR=17.211 OSCR=72.141
Test-Close [74/200] LR=0.0002500 loss=2.176 ACC=80.319 F1=53.027 Rec=50.985 Prec=69.931
Train Client0 [75/200] LR=0.0002500 loss=0.114 ACC=97.740 F1=65.768 Rec=64.481 Prec=67.169
Train Client1 [75/200] LR=0.0002500 loss=0.407 ACC=91.741 F1=81.967 Rec=81.662 Prec=83.406
Train Client2 [75/200] LR=0.0002500 loss=1.589 ACC=74.855 F1=46.732 Rec=48.565 Prec=45.306
Train Client3 [75/200] LR=0.0002500 loss=0.768 ACC=82.212 F1=42.833 Rec=41.431 Prec=45.278
Train Client4 [75/200] LR=0.0002500 loss=0.843 ACC=79.276 F1=58.245 Rec=58.695 Prec=59.857
Train Client5 [75/200] LR=0.0002500 loss=14.352 ACC=32.292 F1=29.342 Rec=40.994 Prec=49.514
Train Client6 [75/200] LR=0.0002500 loss=0.093 ACC=97.743 F1=73.833 Rec=69.333 Prec=81.432
Train Client7 [75/200] LR=0.0002500 loss=0.406 ACC=92.553 F1=53.915 Rec=50.586 Prec=62.519

Val    [75/200] LR=0.0002500 loss=2.138 ACC=82.030 F1=52.137 Rec=52.429 Prec=64.735

Test-  OSR [75/200] LR=0.0002500 ACC=76.655 F1=41.548 Rec=43.471 Prec=49.899 UNK=0.000 OS*=52.165 HOS=0.000 AUROC=84.829 AUPR=18.138 OSCR=72.519
Test-Close [75/200] LR=0.0002500 loss=2.188 ACC=80.319 F1=52.929 Rec=52.165 Prec=66.932
Train Client0 [76/200] LR=0.0002500 loss=0.097 ACC=98.173 F1=87.107 Rec=85.772 Prec=88.601
Train Client1 [76/200] LR=0.0002500 loss=0.390 ACC=92.801 F1=77.278 Rec=75.118 Prec=80.390
Train Client2 [76/200] LR=0.0002500 loss=2.637 ACC=68.169 F1=47.179 Rec=50.289 Prec=45.997
Train Client3 [76/200] LR=0.0002500 loss=0.719 ACC=82.692 F1=41.753 Rec=41.205 Prec=46.375
Train Client4 [76/200] LR=0.0002500 loss=0.911 ACC=74.342 F1=51.950 Rec=55.371 Prec=54.136
Train Client5 [76/200] LR=0.0002500 loss=10.368 ACC=28.125 F1=30.357 Rec=42.856 Prec=54.190
Train Client6 [76/200] LR=0.0002500 loss=0.101 ACC=98.090 F1=75.577 Rec=69.076 Prec=84.821
Train Client7 [76/200] LR=0.0002500 loss=0.367 ACC=93.484 F1=54.812 Rec=51.307 Prec=62.330

Val    [76/200] LR=0.0002500 loss=2.185 ACC=81.712 F1=50.203 Rec=51.798 Prec=67.851

Test-  OSR [76/200] LR=0.0002500 ACC=76.704 F1=41.830 Rec=43.709 Prec=50.614 UNK=0.000 OS*=52.450 HOS=0.000 AUROC=81.711 AUPR=13.393 OSCR=70.584
Test-Close [76/200] LR=0.0002500 loss=2.244 ACC=80.370 F1=53.389 Rec=52.450 Prec=69.996
Train Client0 [77/200] LR=0.0002500 loss=0.104 ACC=98.462 F1=87.274 Rec=86.976 Prec=87.581
Train Client1 [77/200] LR=0.0002500 loss=0.394 ACC=92.578 F1=80.067 Rec=81.467 Prec=80.707
Train Client2 [77/200] LR=0.0002500 loss=2.936 ACC=69.622 F1=43.951 Rec=46.705 Prec=43.285
Train Client3 [77/200] LR=0.0002500 loss=0.767 ACC=82.692 F1=41.842 Rec=40.094 Prec=48.975
Train Client4 [77/200] LR=0.0002500 loss=0.998 ACC=75.658 F1=43.376 Rec=41.635 Prec=45.796
Train Client5 [77/200] LR=0.0002500 loss=11.842 ACC=28.646 F1=31.397 Rec=42.041 Prec=59.280
Train Client6 [77/200] LR=0.0002500 loss=0.097 ACC=97.743 F1=73.073 Rec=68.129 Prec=85.223
Train Client7 [77/200] LR=0.0002500 loss=0.345 ACC=92.287 F1=56.408 Rec=52.038 Prec=65.763

Val    [77/200] LR=0.0002500 loss=2.253 ACC=81.712 F1=49.623 Rec=51.166 Prec=60.794

Test-  OSR [77/200] LR=0.0002500 ACC=76.165 F1=40.080 Rec=41.986 Prec=47.446 UNK=0.000 OS*=50.383 HOS=0.000 AUROC=83.684 AUPR=16.734 OSCR=71.656
Test-Close [77/200] LR=0.0002500 loss=2.258 ACC=79.805 F1=51.161 Rec=50.383 Prec=68.704
Train Client0 [78/200] LR=0.0002500 loss=0.094 ACC=97.981 F1=83.055 Rec=83.248 Prec=82.865
Train Client1 [78/200] LR=0.0002500 loss=0.416 ACC=92.076 F1=81.218 Rec=79.879 Prec=85.968
Train Client2 [78/200] LR=0.0002500 loss=2.139 ACC=73.692 F1=47.906 Rec=48.738 Prec=47.917
Train Client3 [78/200] LR=0.0002500 loss=0.897 ACC=80.769 F1=48.871 Rec=45.698 Prec=65.260
Train Client4 [78/200] LR=0.0002500 loss=1.007 ACC=79.276 F1=59.425 Rec=60.275 Prec=60.319
Train Client5 [78/200] LR=0.0002500 loss=9.550 ACC=28.646 F1=29.164 Rec=40.361 Prec=56.970
Train Client6 [78/200] LR=0.0002500 loss=0.099 ACC=97.917 F1=73.909 Rec=71.254 Prec=78.853
Train Client7 [78/200] LR=0.0002500 loss=0.346 ACC=93.351 F1=59.316 Rec=56.718 Prec=63.214

Val    [78/200] LR=0.0002500 loss=2.170 ACC=82.875 F1=52.715 Rec=52.412 Prec=65.390

Test-  OSR [78/200] LR=0.0002500 ACC=76.851 F1=42.428 Rec=42.985 Prec=50.626 UNK=0.000 OS*=51.582 HOS=0.000 AUROC=84.104 AUPR=19.420 OSCR=72.205
Test-Close [78/200] LR=0.0002500 loss=2.201 ACC=80.524 F1=53.945 Rec=51.582 Prec=69.547
Train Client0 [79/200] LR=0.0002500 loss=0.084 ACC=98.462 F1=83.011 Rec=80.892 Prec=85.511
Train Client1 [79/200] LR=0.0002500 loss=0.405 ACC=91.964 F1=74.451 Rec=73.666 Prec=76.139
Train Client2 [79/200] LR=0.0002500 loss=2.121 ACC=73.983 F1=45.154 Rec=47.505 Prec=43.959
Train Client3 [79/200] LR=0.0002500 loss=0.583 ACC=85.096 F1=52.270 Rec=48.376 Prec=68.855
Train Client4 [79/200] LR=0.0002500 loss=0.935 ACC=78.618 F1=52.130 Rec=49.787 Prec=55.254
Train Client5 [79/200] LR=0.0002500 loss=10.410 ACC=29.688 F1=29.016 Rec=41.630 Prec=52.510
Train Client6 [79/200] LR=0.0002500 loss=0.081 ACC=97.396 F1=68.602 Rec=66.163 Prec=71.560
Train Client7 [79/200] LR=0.0002500 loss=0.348 ACC=93.484 F1=56.676 Rec=54.712 Prec=60.875

Val    [79/200] LR=0.0002500 loss=2.151 ACC=82.664 F1=52.305 Rec=52.260 Prec=63.634

Test-  OSR [79/200] LR=0.0002500 ACC=77.342 F1=42.263 Rec=43.360 Prec=49.151 UNK=0.000 OS*=52.031 HOS=0.000 AUROC=83.316 AUPR=15.705 OSCR=71.944
Test-Close [79/200] LR=0.0002500 loss=2.215 ACC=81.038 F1=53.552 Rec=52.031 Prec=67.277
Train Client0 [80/200] LR=0.0002500 loss=0.164 ACC=98.125 F1=83.050 Rec=81.952 Prec=84.217
Train Client1 [80/200] LR=0.0002500 loss=0.400 ACC=91.295 F1=80.271 Rec=78.517 Prec=82.394
Train Client2 [80/200] LR=0.0002500 loss=2.161 ACC=76.017 F1=46.534 Rec=47.942 Prec=45.924
Train Client3 [80/200] LR=0.0002500 loss=0.664 ACC=80.769 F1=42.990 Rec=41.583 Prec=44.931
Train Client4 [80/200] LR=0.0002500 loss=0.936 ACC=79.934 F1=63.327 Rec=67.055 Prec=62.733
Train Client5 [80/200] LR=0.0002500 loss=11.297 ACC=29.167 F1=32.042 Rec=42.907 Prec=54.790
Train Client6 [80/200] LR=0.0002500 loss=0.091 ACC=97.396 F1=65.509 Rec=63.570 Prec=70.432
Train Client7 [80/200] LR=0.0002500 loss=0.403 ACC=92.154 F1=52.581 Rec=51.080 Prec=55.417

Val    [80/200] LR=0.0002500 loss=2.164 ACC=82.030 F1=50.786 Rec=51.665 Prec=62.819

Test-  OSR [80/200] LR=0.0002500 ACC=76.949 F1=41.101 Rec=42.161 Prec=50.058 UNK=0.000 OS*=50.594 HOS=0.000 AUROC=82.974 AUPR=16.949 OSCR=71.565
Test-Close [80/200] LR=0.0002500 loss=2.190 ACC=80.627 F1=52.125 Rec=50.594 Prec=67.416
Train Client0 [81/200] LR=0.0002500 loss=0.096 ACC=97.981 F1=82.764 Rec=82.558 Prec=83.123
Train Client1 [81/200] LR=0.0002500 loss=0.418 ACC=91.016 F1=71.877 Rec=70.952 Prec=73.872
Train Client2 [81/200] LR=0.0002500 loss=2.177 ACC=74.709 F1=49.775 Rec=51.099 Prec=49.632
Train Client3 [81/200] LR=0.0002500 loss=0.624 ACC=81.731 F1=46.609 Rec=44.496 Prec=52.556
Train Client4 [81/200] LR=0.0002500 loss=0.836 ACC=77.632 F1=53.787 Rec=56.158 Prec=54.761
Train Client5 [81/200] LR=0.0002500 loss=10.250 ACC=32.292 F1=32.418 Rec=43.586 Prec=55.333
Train Client6 [81/200] LR=0.0002500 loss=0.078 ACC=97.222 F1=71.988 Rec=71.420 Prec=73.405
Train Client7 [81/200] LR=0.0002500 loss=0.370 ACC=92.420 F1=55.789 Rec=52.611 Prec=62.369

Val    [81/200] LR=0.0002500 loss=2.188 ACC=81.712 F1=50.102 Rec=50.550 Prec=60.849

