Logging to: ./logs/HAM10000_Finetune_K5_U2_seed0_20260626_140925.log
==> Preparing data..
Protocol mode: hard
Fixed known classes: ['nv', 'bkl', 'bcc', 'akiec', 'vasc']
Fixed unknown classes: ['mel', 'df']
Known class list: [0 2 3 4 5] Unknown class list [1 6]
Loaded 10015 images from 7470 lesions
Class distribution: [(0, 6705), (1, 1113), (2, 1099), (3, 514), (4, 327), (5, 142), (6, 115)]
Train: 6987, Val: 989, Test: 2039
Train class distribution: [(0, 4680), (1, 780), (2, 759), (3, 356), (4, 230), (5, 103), (6, 79)]
{0: 0, 2: 1, 3: 2, 4: 3, 5: 4} {1: 5, 6: 6}
Known origin: [0 2 3 4 5] , new: [0 1 2 3 4]
Unknown origin: [1 6] , new: [5 6]
Known/Unknown in Train: 6128/859
Known/Unknown in Val:   868/121
Known/Unknown in Test:  1791/248
Client0 sample num: 803
Client1 sample num: 1392
Client2 sample num: 655
Client3 sample num: 430
Client4 sample num: 1872
Client5 sample num: 796
Client6 sample num: 39
Client7 sample num: 141

>>> Setting up
==> Using device: cuda:0
==> Building [Resnet18] model..
154
154
154
154
154
154
154
154
154
154
154
154
154
154
154
154
154
154
Train Client0 [0/30] LR=0.0005000 loss=23.047 ACC=89.125 F1=74.516 Rec=70.246 Prec=80.810
Train Client1 [0/30] LR=0.0005000 loss=14.368 ACC=78.017 F1=55.147 Rec=47.987 Prec=83.947
Train Client2 [0/30] LR=0.0005000 loss=23.226 ACC=83.750 F1=44.437 Rec=42.261 Prec=59.874
Train Client3 [0/30] LR=0.0005000 loss=27.569 ACC=95.913 F1=62.211 Rec=56.564 Prec=70.896
Train Client4 [0/30] LR=0.0005000 loss=9.023 ACC=97.115 F1=34.060 Rec=30.823 Prec=42.025
Train Client5 [0/30] LR=0.0005000 loss=23.924 ACC=89.413 F1=45.250 Rec=41.588 Prec=56.448
Train Client6 [0/30] LR=0.0005000 loss=43.159 ACC=78.125 F1=74.859 Rec=74.921 Prec=86.000
Train Client7 [0/30] LR=0.0005000 loss=52.328 ACC=17.188 F1=23.443 Rec=36.226 Prec=48.202

Test-  OSR [0/30] LR=0.0005000 ACC=66.699 F1=16.145 Rec=18.116 Prec=29.177 UNK=0.000 OS*=21.739 HOS=0.000 AUROC=68.615 AUPR=16.901 OSCR=63.281
Test-Close [0/30] LR=0.0005000 loss=2.333 ACC=75.935 F1=20.664 Rec=21.739 Prec=36.967

Saving best model . . . . . . . .

Train Client0 [1/30] LR=0.0005000 loss=2.875 ACC=87.875 F1=56.686 Rec=53.382 Prec=61.445
Train Client1 [1/30] LR=0.0005000 loss=2.693 ACC=77.083 F1=46.683 Rec=43.368 Prec=53.489
Train Client2 [1/30] LR=0.0005000 loss=4.081 ACC=81.719 F1=41.029 Rec=40.491 Prec=52.347
Train Client3 [1/30] LR=0.0005000 loss=1.227 ACC=92.548 F1=31.323 Rec=28.106 Prec=43.955
Train Client4 [1/30] LR=0.0005000 loss=0.484 ACC=97.543 F1=30.254 Rec=28.815 Prec=32.358
Train Client5 [1/30] LR=0.0005000 loss=2.283 ACC=88.393 F1=39.632 Rec=36.496 Prec=46.594
Train Client6 [1/30] LR=0.0005000 loss=10.007 ACC=46.875 F1=36.588 Rec=37.381 Prec=60.533
Train Client7 [1/30] LR=0.0005000 loss=24.215 ACC=3.125 F1=8.897 Rec=26.000 Prec=15.164

Test-  OSR [1/30] LR=0.0005000 ACC=68.220 F1=26.418 Rec=27.289 Prec=45.616 UNK=44.758 OS*=23.795 HOS=31.072 AUROC=65.184 AUPR=17.335 OSCR=57.376
Test-Close [1/30] LR=0.0005000 loss=2.706 ACC=79.285 F1=38.662 Rec=35.009 Prec=58.382

Train Client0 [2/30] LR=0.0005000 loss=1.537 ACC=85.375 F1=53.810 Rec=50.728 Prec=58.264
Train Client1 [2/30] LR=0.0005000 loss=1.523 ACC=79.454 F1=48.878 Rec=46.636 Prec=53.320
Train Client2 [2/30] LR=0.0005000 loss=1.739 ACC=80.156 F1=57.972 Rec=53.083 Prec=67.698
Train Client3 [2/30] LR=0.0005000 loss=0.722 ACC=93.750 F1=48.843 Rec=46.108 Prec=60.640
Train Client4 [2/30] LR=0.0005000 loss=0.378 ACC=97.489 F1=29.370 Rec=27.560 Prec=32.498
Train Client5 [2/30] LR=0.0005000 loss=1.419 ACC=88.010 F1=38.832 Rec=38.366 Prec=44.706
Train Client6 [2/30] LR=0.0005000 loss=5.817 ACC=40.625 F1=29.111 Rec=31.857 Prec=56.667
Train Client7 [2/30] LR=0.0005000 loss=12.847 ACC=5.469 F1=13.667 Rec=30.000 Prec=20.168

Test-  OSR [2/30] LR=0.0005000 ACC=67.974 F1=25.805 Rec=27.157 Prec=34.451 UNK=47.581 OS*=23.072 HOS=31.075 AUROC=68.772 AUPR=18.063 OSCR=61.215
Test-Close [2/30] LR=0.0005000 loss=2.666 ACC=77.387 F1=35.401 Rec=32.510 Prec=48.001

Train Client0 [3/30] LR=0.0005000 loss=2.114 ACC=85.500 F1=64.419 Rec=59.650 Prec=75.315
Train Client1 [3/30] LR=0.0005000 loss=1.397 ACC=80.460 F1=48.052 Rec=45.085 Prec=54.189
Train Client2 [3/30] LR=0.0005000 loss=1.546 ACC=82.812 F1=42.480 Rec=41.025 Prec=55.018
Train Client3 [3/30] LR=0.0005000 loss=0.648 ACC=93.510 F1=42.967 Rec=38.579 Prec=50.950
Train Client4 [3/30] LR=0.0005000 loss=0.277 ACC=97.115 F1=28.710 Rec=27.483 Prec=30.506
Train Client5 [3/30] LR=0.0005000 loss=1.283 ACC=87.372 F1=39.923 Rec=37.624 Prec=44.024
Train Client6 [3/30] LR=0.0005000 loss=3.943 ACC=50.000 F1=43.273 Rec=43.492 Prec=67.692
Train Client7 [3/30] LR=0.0005000 loss=9.800 ACC=7.031 F1=13.937 Rec=29.725 Prec=40.172

Test-  OSR [3/30] LR=0.0005000 ACC=67.239 F1=15.781 Rec=18.126 Prec=14.125 UNK=9.274 OS*=19.897 HOS=12.651 AUROC=65.012 AUPR=15.921 OSCR=59.599
Test-Close [3/30] LR=0.0005000 loss=2.822 ACC=75.656 F1=17.228 Rec=20.000 Prec=15.131

Train Client0 [4/30] LR=0.0005000 loss=1.159 ACC=88.250 F1=55.508 Rec=53.050 Prec=61.856
Train Client1 [4/30] LR=0.0005000 loss=1.737 ACC=81.106 F1=56.593 Rec=54.533 Prec=61.190
Train Client2 [4/30] LR=0.0005000 loss=2.161 ACC=82.344 F1=42.462 Rec=41.012 Prec=52.590
Train Client3 [4/30] LR=0.0005000 loss=0.648 ACC=93.750 F1=46.301 Rec=43.265 Prec=50.517
Train Client4 [4/30] LR=0.0005000 loss=0.423 ACC=97.650 F1=29.046 Rec=26.764 Prec=34.135
Train Client5 [4/30] LR=0.0005000 loss=1.122 ACC=88.776 F1=44.038 Rec=42.377 Prec=49.988
Train Client6 [4/30] LR=0.0005000 loss=5.058 ACC=28.125 F1=11.498 Rec=21.667 Prec=25.333
Train Client7 [4/30] LR=0.0005000 loss=12.147 ACC=2.344 F1=5.661 Rec=23.333 Prec=13.499

Test-  OSR [4/30] LR=0.0005000 ACC=67.729 F1=20.735 Rec=20.948 Prec=47.683 UNK=9.274 OS*=23.282 HOS=13.265 AUROC=68.650 AUPR=17.441 OSCR=63.188
Test-Close [4/30] LR=0.0005000 loss=2.539 ACC=76.884 F1=28.131 Rec=26.403 Prec=49.993

Train Client0 [5/30] LR=0.0005000 loss=1.236 ACC=86.875 F1=55.013 Rec=52.917 Prec=57.829
Train Client1 [5/30] LR=0.0005000 loss=1.773 ACC=81.681 F1=52.432 Rec=48.697 Prec=59.918
Train Client2 [5/30] LR=0.0005000 loss=1.623 ACC=83.594 F1=64.460 Rec=59.440 Prec=74.476
Train Client3 [5/30] LR=0.0005000 loss=1.099 ACC=92.548 F1=33.611 Rec=30.054 Prec=46.642
Train Client4 [5/30] LR=0.0005000 loss=0.289 ACC=97.810 F1=38.598 Rec=35.111 Prec=44.457
Train Client5 [5/30] LR=0.0005000 loss=0.905 ACC=90.051 F1=49.276 Rec=47.420 Prec=55.089
Train Client6 [5/30] LR=0.0005000 loss=4.134 ACC=46.875 F1=34.831 Rec=36.500 Prec=57.200
Train Client7 [5/30] LR=0.0005000 loss=11.288 ACC=4.688 F1=12.093 Rec=28.333 Prec=20.165

Test-  OSR [5/30] LR=0.0005000 ACC=69.887 F1=33.817 Rec=30.569 Prec=46.844 UNK=16.935 OS*=33.295 HOS=22.451 AUROC=69.028 AUPR=18.034 OSCR=62.870
Test-Close [5/30] LR=0.0005000 loss=2.495 ACC=79.676 F1=41.434 Rec=39.740 Prec=48.551

Train Client0 [6/30] LR=0.0005000 loss=1.341 ACC=87.375 F1=58.402 Rec=55.368 Prec=63.224
Train Client1 [6/30] LR=0.0005000 loss=1.592 ACC=81.681 F1=52.039 Rec=48.596 Prec=57.808
Train Client2 [6/30] LR=0.0005000 loss=1.603 ACC=82.500 F1=53.369 Rec=49.747 Prec=64.993
Train Client3 [6/30] LR=0.0005000 loss=0.951 ACC=93.269 F1=52.665 Rec=49.690 Prec=59.851
Train Client4 [6/30] LR=0.0005000 loss=0.332 ACC=97.863 F1=31.840 Rec=30.539 Prec=33.573
Train Client5 [6/30] LR=0.0005000 loss=1.208 ACC=88.393 F1=44.462 Rec=42.912 Prec=51.069
Train Client6 [6/30] LR=0.0005000 loss=4.760 ACC=43.750 F1=28.811 Rec=31.667 Prec=47.407
Train Client7 [6/30] LR=0.0005000 loss=12.083 ACC=3.906 F1=9.740 Rec=26.667 Prec=16.165

Test-  OSR [6/30] LR=0.0005000 ACC=64.002 F1=21.562 Rec=24.784 Prec=34.587 UNK=55.242 OS*=18.692 HOS=27.932 AUROC=67.938 AUPR=16.998 OSCR=58.298
Test-Close [6/30] LR=0.0005000 loss=3.005 ACC=76.829 F1=32.657 Rec=30.525 Prec=53.319

Train Client0 [7/30] LR=0.0005000 loss=1.136 ACC=87.750 F1=58.944 Rec=56.987 Prec=61.781
Train Client1 [7/30] LR=0.0005000 loss=1.613 ACC=79.885 F1=54.431 Rec=50.925 Prec=59.968
Train Client2 [7/30] LR=0.0005000 loss=1.682 ACC=81.719 F1=63.366 Rec=61.705 Prec=70.914
Train Client3 [7/30] LR=0.0005000 loss=0.777 ACC=93.029 F1=49.456 Rec=45.002 Prec=56.704
Train Client4 [7/30] LR=0.0005000 loss=0.297 ACC=97.382 F1=29.614 Rec=28.367 Prec=31.384
Train Client5 [7/30] LR=0.0005000 loss=0.990 ACC=88.393 F1=44.301 Rec=41.861 Prec=48.272
Train Client6 [7/30] LR=0.0005000 loss=3.734 ACC=50.000 F1=43.481 Rec=45.455 Prec=59.273
Train Client7 [7/30] LR=0.0005000 loss=10.792 ACC=4.688 F1=12.000 Rec=9.231 Prec=17.143

Test-  OSR [7/30] LR=0.0005000 ACC=63.315 F1=20.337 Rec=24.116 Prec=34.520 UNK=56.048 OS*=17.730 HOS=26.938 AUROC=67.331 AUPR=17.461 OSCR=56.809
Test-Close [7/30] LR=0.0005000 loss=2.946 ACC=76.717 F1=30.654 Rec=28.214 Prec=72.231

Train Client0 [8/30] LR=0.0005000 loss=1.157 ACC=86.625 F1=57.040 Rec=55.511 Prec=59.118
Train Client1 [8/30] LR=0.0005000 loss=1.573 ACC=80.603 F1=57.837 Rec=55.128 Prec=61.623
Train Client2 [8/30] LR=0.0005000 loss=2.083 ACC=81.562 F1=43.623 Rec=42.240 Prec=55.705
Train Client3 [8/30] LR=0.0005000 loss=0.761 ACC=92.788 F1=42.667 Rec=42.412 Prec=42.983
Train Client4 [8/30] LR=0.0005000 loss=0.266 ACC=98.184 F1=49.307 Rec=45.575 Prec=54.610
Train Client5 [8/30] LR=0.0005000 loss=1.078 ACC=88.520 F1=43.689 Rec=40.820 Prec=49.752
Train Client6 [8/30] LR=0.0005000 loss=4.110 ACC=43.750 F1=33.619 Rec=36.667 Prec=46.923
Train Client7 [8/30] LR=0.0005000 loss=12.121 ACC=5.469 F1=13.664 Rec=30.000 Prec=20.167

Test-  OSR [8/30] LR=0.0005000 ACC=62.678 F1=28.246 Rec=30.170 Prec=34.853 UNK=61.694 OS*=23.865 HOS=34.417 AUROC=69.310 AUPR=18.066 OSCR=57.474
Test-Close [8/30] LR=0.0005000 loss=3.031 ACC=78.224 F1=40.778 Rec=37.473 Prec=51.906

Train Client0 [9/30] LR=0.0005000 loss=1.315 ACC=85.000 F1=50.834 Rec=48.776 Prec=53.535
Train Client1 [9/30] LR=0.0005000 loss=1.616 ACC=80.675 F1=58.104 Rec=54.937 Prec=63.790
Train Client2 [9/30] LR=0.0005000 loss=1.508 ACC=82.812 F1=66.865 Rec=64.675 Prec=73.292
Train Client3 [9/30] LR=0.0005000 loss=0.657 ACC=93.990 F1=55.650 Rec=52.848 Prec=61.946
Train Client4 [9/30] LR=0.0005000 loss=0.256 ACC=97.703 F1=30.823 Rec=28.848 Prec=34.114
Train Client5 [9/30] LR=0.0005000 loss=0.955 ACC=88.393 F1=60.250 Rec=58.521 Prec=65.855
Train Client6 [9/30] LR=0.0005000 loss=6.536 ACC=37.500 F1=28.485 Rec=33.333 Prec=45.385
Train Client7 [9/30] LR=0.0005000 loss=12.753 ACC=5.469 F1=12.563 Rec=30.235 Prec=34.454

Test-  OSR [9/30] LR=0.0005000 ACC=60.078 F1=21.544 Rec=26.325 Prec=35.489 UNK=73.790 OS*=16.832 HOS=27.411 AUROC=70.025 AUPR=18.330 OSCR=54.627
Test-Close [9/30] LR=0.0005000 loss=3.139 ACC=76.996 F1=31.814 Rec=29.002 Prec=54.232

Train Client0 [10/30] LR=0.0005000 loss=1.104 ACC=86.625 F1=52.586 Rec=50.178 Prec=64.448
Train Client1 [10/30] LR=0.0005000 loss=1.585 ACC=80.963 F1=54.714 Rec=52.009 Prec=61.332
Train Client2 [10/30] LR=0.0005000 loss=1.367 ACC=83.906 F1=65.120 Rec=63.702 Prec=69.347
Train Client3 [10/30] LR=0.0005000 loss=0.595 ACC=94.952 F1=56.794 Rec=54.020 Prec=63.451
Train Client4 [10/30] LR=0.0005000 loss=0.249 ACC=98.024 F1=42.486 Rec=37.642 Prec=54.552
Train Client5 [10/30] LR=0.0005000 loss=1.018 ACC=89.158 F1=46.979 Rec=43.550 Prec=55.470
Train Client6 [10/30] LR=0.0005000 loss=5.048 ACC=40.625 F1=33.630 Rec=36.494 Prec=65.926
Train Client7 [10/30] LR=0.0005000 loss=11.425 ACC=4.688 F1=12.095 Rec=29.091 Prec=16.833

Test-  OSR [10/30] LR=0.0005000 ACC=59.882 F1=19.821 Rec=24.024 Prec=34.636 UNK=61.694 OS*=16.490 HOS=26.024 AUROC=67.344 AUPR=16.619 OSCR=54.992
Test-Close [10/30] LR=0.0005000 loss=3.153 ACC=77.554 F1=29.886 Rec=28.026 Prec=50.748

Train Client0 [11/30] LR=0.0005000 loss=1.008 ACC=86.625 F1=53.080 Rec=51.628 Prec=56.642
Train Client1 [11/30] LR=0.0005000 loss=1.609 ACC=80.819 F1=55.931 Rec=53.374 Prec=59.423
Train Client2 [11/30] LR=0.0005000 loss=1.459 ACC=84.219 F1=64.700 Rec=65.710 Prec=67.501
Train Client3 [11/30] LR=0.0005000 loss=0.564 ACC=94.471 F1=50.748 Rec=45.762 Prec=59.702
Train Client4 [11/30] LR=0.0005000 loss=0.282 ACC=97.756 F1=46.645 Rec=42.585 Prec=52.614
Train Client5 [11/30] LR=0.0005000 loss=0.966 ACC=88.520 F1=41.298 Rec=40.205 Prec=49.350
Train Client6 [11/30] LR=0.0005000 loss=4.152 ACC=40.625 F1=31.317 Rec=38.788 Prec=39.487
Train Client7 [11/30] LR=0.0005000 loss=12.201 ACC=4.688 F1=10.964 Rec=7.160 Prec=40.000

Test-  OSR [11/30] LR=0.0005000 ACC=51.398 F1=18.678 Rec=25.135 Prec=35.594 UNK=85.484 OS*=13.065 HOS=22.667 AUROC=68.031 AUPR=16.955 OSCR=45.242
Test-Close [11/30] LR=0.0005000 loss=3.382 ACC=76.884 F1=29.105 Rec=26.962 Prec=52.486

Train Client0 [12/30] LR=0.0005000 loss=1.024 ACC=87.625 F1=55.810 Rec=54.143 Prec=59.565
Train Client1 [12/30] LR=0.0005000 loss=1.479 ACC=82.112 F1=56.266 Rec=53.789 Prec=60.892
Train Client2 [12/30] LR=0.0005000 loss=1.464 ACC=82.500 F1=67.949 Rec=65.592 Prec=73.651
Train Client3 [12/30] LR=0.0005000 loss=0.688 ACC=94.471 F1=53.106 Rec=48.483 Prec=61.734
Train Client4 [12/30] LR=0.0005000 loss=0.245 ACC=98.184 F1=42.519 Rec=37.675 Prec=54.585
Train Client5 [12/30] LR=0.0005000 loss=0.883 ACC=88.648 F1=43.904 Rec=41.845 Prec=51.366
Train Client6 [12/30] LR=0.0005000 loss=3.154 ACC=59.375 F1=44.981 Rec=45.238 Prec=55.476
Train Client7 [12/30] LR=0.0005000 loss=13.304 ACC=7.031 F1=19.528 Rec=36.222 Prec=27.669

Test-  OSR [12/30] LR=0.0005000 ACC=38.646 F1=18.410 Rec=25.125 Prec=35.652 UNK=95.565 OS*=11.037 HOS=19.788 AUROC=68.690 AUPR=17.562 OSCR=30.310
Test-Close [12/30] LR=0.0005000 loss=3.760 ACC=78.057 F1=38.930 Rec=35.418 Prec=50.826

Train Client0 [13/30] LR=0.0005000 loss=0.995 ACC=87.000 F1=53.726 Rec=50.280 Prec=60.077
Train Client1 [13/30] LR=0.0005000 loss=1.200 ACC=83.980 F1=59.818 Rec=57.426 Prec=62.987
Train Client2 [13/30] LR=0.0005000 loss=1.120 ACC=85.469 F1=63.228 Rec=56.836 Prec=80.549
Train Client3 [13/30] LR=0.0005000 loss=0.976 ACC=94.471 F1=51.418 Rec=45.869 Prec=61.696
Train Client4 [13/30] LR=0.0005000 loss=0.199 ACC=98.237 F1=59.885 Rec=53.485 Prec=74.315
Train Client5 [13/30] LR=0.0005000 loss=0.895 ACC=88.520 F1=40.360 Rec=39.674 Prec=46.535
Train Client6 [13/30] LR=0.0005000 loss=3.740 ACC=50.000 F1=37.679 Rec=40.857 Prec=57.826
Train Client7 [13/30] LR=0.0005000 loss=10.501 ACC=7.812 F1=18.138 Rec=35.769 Prec=21.682

Test-  OSR [13/30] LR=0.0005000 ACC=52.820 F1=24.706 Rec=29.287 Prec=35.755 UNK=86.694 OS*=17.805 HOS=29.543 AUROC=70.272 AUPR=18.217 OSCR=46.826
Test-Close [13/30] LR=0.0005000 loss=3.351 ACC=78.448 F1=39.689 Rec=36.132 Prec=50.772

Train Client0 [14/30] LR=0.0005000 loss=0.738 ACC=88.000 F1=55.725 Rec=52.283 Prec=61.494
Train Client1 [14/30] LR=0.0005000 loss=1.036 ACC=84.483 F1=57.851 Rec=56.418 Prec=59.979
Train Client2 [14/30] LR=0.0005000 loss=1.136 ACC=82.344 F1=59.802 Rec=58.297 Prec=63.587
Train Client3 [14/30] LR=0.0005000 loss=0.447 ACC=94.471 F1=54.354 Rec=52.368 Prec=57.359
Train Client4 [14/30] LR=0.0005000 loss=0.250 ACC=97.970 F1=48.503 Rec=44.702 Prec=53.927
Train Client5 [14/30] LR=0.0005000 loss=0.761 ACC=88.520 F1=43.369 Rec=41.580 Prec=46.897
Train Client6 [14/30] LR=0.0005000 loss=3.616 ACC=59.375 F1=44.036 Rec=46.825 Prec=50.476
Train Client7 [14/30] LR=0.0005000 loss=12.829 ACC=8.594 F1=15.533 Rec=31.873 Prec=37.325

Test-  OSR [14/30] LR=0.0005000 ACC=49.338 F1=17.143 Rec=24.892 Prec=19.258 UNK=91.935 OS*=11.483 HOS=20.417 AUROC=70.132 AUPR=17.867 OSCR=42.698
Test-Close [14/30] LR=0.0005000 loss=3.809 ACC=76.605 F1=28.231 Rec=26.444 Prec=55.276

Train Client0 [15/30] LR=0.0005000 loss=0.748 ACC=88.125 F1=57.269 Rec=55.469 Prec=59.386
Train Client1 [15/30] LR=0.0005000 loss=1.121 ACC=82.759 F1=62.902 Rec=61.577 Prec=64.719
Train Client2 [15/30] LR=0.0005000 loss=0.958 ACC=83.281 F1=47.089 Rec=45.439 Prec=50.980
Train Client3 [15/30] LR=0.0005000 loss=0.428 ACC=94.952 F1=49.917 Rec=45.013 Prec=57.742
Train Client4 [15/30] LR=0.0005000 loss=0.188 ACC=98.077 F1=45.539 Rec=44.309 Prec=47.125
Train Client5 [15/30] LR=0.0005000 loss=0.727 ACC=89.923 F1=46.932 Rec=46.364 Prec=52.323
Train Client6 [15/30] LR=0.0005000 loss=2.944 ACC=43.750 F1=31.792 Rec=37.273 Prec=39.733
Train Client7 [15/30] LR=0.0005000 loss=13.796 ACC=7.031 F1=13.912 Rec=30.482 Prec=37.314

Test-  OSR [15/30] LR=0.0005000 ACC=65.277 F1=20.254 Rec=25.540 Prec=18.859 UNK=67.339 OS*=17.181 HOS=27.377 AUROC=70.938 AUPR=18.191 OSCR=60.305
Test-Close [15/30] LR=0.0005000 loss=3.500 ACC=75.712 F1=18.662 Rec=20.741 Prec=35.140

Train Client0 [16/30] LR=0.0005000 loss=0.598 ACC=88.750 F1=61.132 Rec=59.819 Prec=62.615
Train Client1 [16/30] LR=0.0005000 loss=1.033 ACC=81.753 F1=60.169 Rec=58.317 Prec=62.513
Train Client2 [16/30] LR=0.0005000 loss=1.067 ACC=85.000 F1=67.087 Rec=61.216 Prec=78.988
Train Client3 [16/30] LR=0.0005000 loss=0.423 ACC=94.471 F1=56.671 Rec=53.472 Prec=60.844
Train Client4 [16/30] LR=0.0005000 loss=0.140 ACC=97.970 F1=40.866 Rec=39.704 Prec=42.697
Train Client5 [16/30] LR=0.0005000 loss=0.681 ACC=89.286 F1=63.762 Rec=62.623 Prec=70.918
Train Client6 [16/30] LR=0.0005000 loss=6.341 ACC=50.000 F1=52.107 Rec=53.857 Prec=68.333
Train Client7 [16/30] LR=0.0005000 loss=14.697 ACC=6.250 F1=14.911 Rec=31.142 Prec=40.168

Test-  OSR [16/30] LR=0.0005000 ACC=39.627 F1=18.696 Rec=25.261 Prec=35.631 UNK=94.758 OS*=11.361 HOS=20.290 AUROC=66.725 AUPR=16.322 OSCR=31.331
Test-Close [16/30] LR=0.0005000 loss=3.828 ACC=76.214 F1=28.094 Rec=27.407 Prec=35.216

Train Client0 [17/30] LR=0.0005000 loss=0.642 ACC=87.125 F1=56.226 Rec=53.863 Prec=59.378
Train Client1 [17/30] LR=0.0005000 loss=0.973 ACC=84.914 F1=64.361 Rec=62.523 Prec=66.611
Train Client2 [17/30] LR=0.0005000 loss=1.006 ACC=83.594 F1=54.255 Rec=50.925 Prec=65.212
Train Client3 [17/30] LR=0.0005000 loss=0.382 ACC=93.029 F1=53.194 Rec=52.197 Prec=54.467
Train Client4 [17/30] LR=0.0005000 loss=0.175 ACC=97.703 F1=37.752 Rec=36.747 Prec=39.014
Train Client5 [17/30] LR=0.0005000 loss=0.637 ACC=89.541 F1=45.866 Rec=44.796 Prec=49.134
Train Client6 [17/30] LR=0.0005000 loss=2.644 ACC=53.125 F1=34.000 Rec=34.667 Prec=49.167
Train Client7 [17/30] LR=0.0005000 loss=11.884 ACC=7.812 F1=18.799 Rec=15.555 Prec=41.143

Test-  OSR [17/30] LR=0.0005000 ACC=24.129 F1=9.141 Rec=19.448 Prec=18.678 UNK=98.387 OS*=3.661 HOS=7.058 AUROC=66.298 AUPR=16.042 OSCR=13.784
Test-Close [17/30] LR=0.0005000 loss=3.865 ACC=75.991 F1=23.872 Rec=23.886 Prec=55.182

Train Client0 [18/30] LR=0.0005000 loss=0.579 ACC=88.500 F1=59.169 Rec=57.487 Prec=61.651
Train Client1 [18/30] LR=0.0005000 loss=0.876 ACC=82.902 F1=59.232 Rec=57.720 Prec=60.974
Train Client2 [18/30] LR=0.0005000 loss=0.830 ACC=85.156 F1=65.991 Rec=63.603 Prec=70.275
Train Client3 [18/30] LR=0.0005000 loss=0.302 ACC=95.913 F1=60.624 Rec=57.972 Prec=65.638
Train Client4 [18/30] LR=0.0005000 loss=0.145 ACC=98.077 F1=46.066 Rec=45.967 Prec=46.168
Train Client5 [18/30] LR=0.0005000 loss=0.522 ACC=90.561 F1=53.196 Rec=52.452 Prec=55.438
Train Client6 [18/30] LR=0.0005000 loss=2.088 ACC=50.000 F1=39.444 Rec=39.524 Prec=67.692
Train Client7 [18/30] LR=0.0005000 loss=14.564 ACC=6.250 F1=10.651 Rec=26.895 Prec=36.168

Test-  OSR [18/30] LR=0.0005000 ACC=12.506 F1=3.797 Rec=16.753 Prec=18.701 UNK=100.000 OS*=0.103 HOS=0.206 AUROC=67.080 AUPR=16.843 OSCR=0.391
Test-Close [18/30] LR=0.0005000 loss=4.941 ACC=76.103 F1=26.415 Rec=25.926 Prec=35.199

Train Client0 [19/30] LR=0.0005000 loss=0.683 ACC=89.000 F1=75.484 Rec=73.854 Prec=77.397
Train Client1 [19/30] LR=0.0005000 loss=1.017 ACC=83.764 F1=54.851 Rec=52.354 Prec=58.915
Train Client2 [19/30] LR=0.0005000 loss=0.963 ACC=85.312 F1=73.392 Rec=70.523 Prec=79.388
Train Client3 [19/30] LR=0.0005000 loss=0.364 ACC=96.394 F1=65.116 Rec=62.020 Prec=69.131
Train Client4 [19/30] LR=0.0005000 loss=0.122 ACC=98.344 F1=53.779 Rec=46.437 Prec=74.543
Train Client5 [19/30] LR=0.0005000 loss=0.561 ACC=89.923 F1=48.674 Rec=46.329 Prec=53.176
Train Client6 [19/30] LR=0.0005000 loss=2.709 ACC=43.750 F1=34.459 Rec=41.333 Prec=39.733
Train Client7 [19/30] LR=0.0005000 loss=15.915 ACC=6.250 F1=15.253 Rec=32.460 Prec=37.796

Test-  OSR [19/30] LR=0.0005000 ACC=22.364 F1=8.419 Rec=19.115 Prec=18.754 UNK=99.194 OS*=3.100 HOS=6.011 AUROC=69.211 AUPR=17.502 OSCR=11.691
Test-Close [19/30] LR=0.0005000 loss=4.358 ACC=75.712 F1=18.662 Rec=20.741 Prec=35.140

Train Client0 [20/30] LR=0.0005000 loss=0.542 ACC=89.625 F1=63.187 Rec=60.795 Prec=66.168
Train Client1 [20/30] LR=0.0005000 loss=0.842 ACC=83.118 F1=57.848 Rec=55.835 Prec=60.414
Train Client2 [20/30] LR=0.0005000 loss=0.772 ACC=85.000 F1=70.973 Rec=68.777 Prec=75.269
Train Client3 [20/30] LR=0.0005000 loss=0.420 ACC=93.269 F1=51.959 Rec=48.573 Prec=56.511
Train Client4 [20/30] LR=0.0005000 loss=0.141 ACC=97.970 F1=40.995 Rec=39.289 Prec=43.395
Train Client5 [20/30] LR=0.0005000 loss=0.508 ACC=90.179 F1=51.319 Rec=50.656 Prec=53.472
Train Client6 [20/30] LR=0.0005000 loss=2.391 ACC=50.000 F1=43.408 Rec=43.333 Prec=58.182
Train Client7 [20/30] LR=0.0005000 loss=15.612 ACC=5.469 F1=15.489 Rec=12.500 Prec=20.476

Test-  OSR [20/30] LR=0.0005000 ACC=29.230 F1=11.067 Rec=20.618 Prec=18.791 UNK=97.581 OS*=5.225 HOS=9.919 AUROC=70.056 AUPR=18.154 OSCR=19.598
Test-Close [20/30] LR=0.0005000 loss=4.585 ACC=75.712 F1=18.662 Rec=20.741 Prec=35.140

Train Client0 [21/30] LR=0.0005000 loss=0.491 ACC=88.875 F1=58.415 Rec=56.097 Prec=62.380
Train Client1 [21/30] LR=0.0005000 loss=0.912 ACC=83.477 F1=60.340 Rec=57.512 Prec=64.178
Train Client2 [21/30] LR=0.0005000 loss=0.791 ACC=86.719 F1=71.022 Rec=68.601 Prec=77.699
Train Client3 [21/30] LR=0.0005000 loss=0.323 ACC=94.712 F1=54.114 Rec=50.058 Prec=59.716
Train Client4 [21/30] LR=0.0005000 loss=0.102 ACC=98.558 F1=49.190 Rec=49.382 Prec=49.002
Train Client5 [21/30] LR=0.0005000 loss=0.466 ACC=91.071 F1=65.635 Rec=63.594 Prec=69.353
Train Client6 [21/30] LR=0.0005000 loss=3.059 ACC=46.875 F1=36.818 Rec=42.500 Prec=42.500
Train Client7 [21/30] LR=0.0005000 loss=15.454 ACC=11.719 F1=16.505 Rec=31.928 Prec=37.323

Test-  OSR [21/30] LR=0.0005000 ACC=18.146 F1=6.585 Rec=18.057 Prec=18.545 UNK=99.194 OS*=1.830 HOS=3.594 AUROC=66.868 AUPR=16.488 OSCR=6.920
Test-Close [21/30] LR=0.0005000 loss=4.788 ACC=75.824 F1=21.245 Rec=22.222 Prec=35.157

Train Client0 [22/30] LR=0.0005000 loss=0.530 ACC=89.250 F1=61.644 Rec=60.423 Prec=63.088
Train Client1 [22/30] LR=0.0005000 loss=0.902 ACC=83.333 F1=59.664 Rec=56.993 Prec=63.156
Train Client2 [22/30] LR=0.0005000 loss=0.978 ACC=83.125 F1=59.049 Rec=55.822 Prec=68.847
Train Client3 [22/30] LR=0.0005000 loss=0.338 ACC=93.510 F1=49.356 Rec=47.206 Prec=54.660
Train Client4 [22/30] LR=0.0005000 loss=0.118 ACC=98.504 F1=48.466 Rec=47.713 Prec=49.316
Train Client5 [22/30] LR=0.0005000 loss=0.507 ACC=90.434 F1=50.184 Rec=49.999 Prec=51.413
Train Client6 [22/30] LR=0.0005000 loss=2.419 ACC=46.875 F1=41.488 Rec=44.978 Prec=72.826
Train Client7 [22/30] LR=0.0005000 loss=13.180 ACC=6.250 F1=14.344 Rec=30.243 Prec=40.175

Test-  OSR [22/30] LR=0.0005000 ACC=16.184 F1=5.651 Rec=17.675 Prec=18.779 UNK=100.000 OS*=1.210 HOS=2.392 AUROC=69.717 AUPR=17.598 OSCR=4.578
Test-Close [22/30] LR=0.0005000 loss=4.723 ACC=75.712 F1=18.662 Rec=20.741 Prec=35.140

Train Client0 [23/30] LR=0.0005000 loss=0.552 ACC=90.250 F1=61.787 Rec=58.879 Prec=65.398
Train Client1 [23/30] LR=0.0005000 loss=0.751 ACC=84.555 F1=60.112 Rec=58.570 Prec=61.954
Train Client2 [23/30] LR=0.0005000 loss=0.791 ACC=84.688 F1=48.247 Rec=46.198 Prec=55.950
Train Client3 [23/30] LR=0.0005000 loss=0.358 ACC=94.952 F1=57.382 Rec=52.642 Prec=64.097
Train Client4 [23/30] LR=0.0005000 loss=0.125 ACC=98.184 F1=49.307 Rec=45.575 Prec=54.610
Train Client5 [23/30] LR=0.0005000 loss=0.497 ACC=90.561 F1=52.723 Rec=49.592 Prec=58.529
Train Client6 [23/30] LR=0.0005000 loss=2.622 ACC=56.250 F1=46.476 Rec=45.333 Prec=60.000
Train Client7 [23/30] LR=0.0005000 loss=16.620 ACC=12.500 F1=23.242 Rec=38.167 Prec=45.907

Test-  OSR [23/30] LR=0.0005000 ACC=30.750 F1=11.610 Rec=21.164 Prec=18.964 UNK=98.790 OS*=5.638 HOS=10.668 AUROC=70.210 AUPR=17.704 OSCR=21.262
Test-Close [23/30] LR=0.0005000 loss=4.570 ACC=75.712 F1=18.662 Rec=20.741 Prec=35.140

Train Client0 [24/30] LR=0.0005000 loss=0.530 ACC=88.250 F1=58.426 Rec=55.883 Prec=61.671
Train Client1 [24/30] LR=0.0005000 loss=0.866 ACC=83.980 F1=62.171 Rec=59.568 Prec=65.463
Train Client2 [24/30] LR=0.0005000 loss=0.825 ACC=85.781 F1=66.434 Rec=66.719 Prec=72.317
Train Client3 [24/30] LR=0.0005000 loss=0.385 ACC=95.433 F1=60.654 Rec=55.752 Prec=69.239
Train Client4 [24/30] LR=0.0005000 loss=0.136 ACC=98.184 F1=41.608 Rec=39.748 Prec=44.189
Train Client5 [24/30] LR=0.0005000 loss=0.568 ACC=89.668 F1=67.422 Rec=65.418 Prec=72.136
Train Client6 [24/30] LR=0.0005000 loss=2.422 ACC=46.875 F1=43.602 Rec=44.026 Prec=66.400
Train Client7 [24/30] LR=0.0005000 loss=17.139 ACC=5.469 F1=9.827 Rec=26.287 Prec=42.675

Test-  OSR [24/30] LR=0.0005000 ACC=27.661 F1=10.498 Rec=20.554 Prec=19.066 UNK=100.000 OS*=4.664 HOS=8.913 AUROC=70.047 AUPR=17.512 OSCR=17.644
Test-Close [24/30] LR=0.0005000 loss=4.789 ACC=75.768 F1=19.998 Rec=21.481 Prec=35.148

Train Client0 [25/30] LR=0.0005000 loss=0.482 ACC=89.625 F1=77.947 Rec=75.765 Prec=80.590
Train Client1 [25/30] LR=0.0005000 loss=0.919 ACC=82.399 F1=62.022 Rec=60.603 Prec=63.657
Train Client2 [25/30] LR=0.0005000 loss=0.810 ACC=84.688 F1=68.794 Rec=69.643 Prec=69.983
Train Client3 [25/30] LR=0.0005000 loss=0.448 ACC=93.750 F1=52.364 Rec=49.501 Prec=56.048
Train Client4 [25/30] LR=0.0005000 loss=0.173 ACC=98.397 F1=44.357 Rec=40.621 Prec=54.792
Train Client5 [25/30] LR=0.0005000 loss=0.542 ACC=90.816 F1=70.131 Rec=69.297 Prec=73.989
Train Client6 [25/30] LR=0.0005000 loss=1.857 ACC=56.250 F1=48.012 Rec=46.571 Prec=67.826
Train Client7 [25/30] LR=0.0005000 loss=19.061 ACC=7.812 F1=13.937 Rec=30.043 Prec=36.845

Test-  OSR [25/30] LR=0.0005000 ACC=24.718 F1=9.366 Rec=19.815 Prec=18.921 UNK=100.000 OS*=3.779 HOS=7.282 AUROC=69.124 AUPR=17.277 OSCR=14.294
Test-Close [25/30] LR=0.0005000 loss=4.468 ACC=76.047 F1=25.502 Rec=25.185 Prec=35.191

Train Client0 [26/30] LR=0.0005000 loss=0.542 ACC=88.250 F1=59.329 Rec=58.326 Prec=60.424
Train Client1 [26/30] LR=0.0005000 loss=0.772 ACC=83.190 F1=57.851 Rec=55.749 Prec=60.489
Train Client2 [26/30] LR=0.0005000 loss=0.727 ACC=86.406 F1=66.649 Rec=65.044 Prec=70.680
Train Client3 [26/30] LR=0.0005000 loss=0.301 ACC=95.192 F1=60.162 Rec=60.757 Prec=59.830
Train Client4 [26/30] LR=0.0005000 loss=0.117 ACC=98.237 F1=53.169 Rec=52.656 Prec=53.734
Train Client5 [26/30] LR=0.0005000 loss=0.547 ACC=90.434 F1=53.324 Rec=50.928 Prec=57.903
Train Client6 [26/30] LR=0.0005000 loss=1.500 ACC=65.625 F1=60.486 Rec=60.000 Prec=73.765
Train Client7 [26/30] LR=0.0005000 loss=18.450 ACC=9.375 F1=21.303 Rec=16.593 Prec=50.667

Test-  OSR [26/30] LR=0.0005000 ACC=25.797 F1=9.790 Rec=20.031 Prec=18.947 UNK=99.597 OS*=4.118 HOS=7.909 AUROC=68.388 AUPR=17.007 OSCR=15.573
Test-Close [26/30] LR=0.0005000 loss=4.631 ACC=75.712 F1=18.662 Rec=20.741 Prec=35.140

Train Client0 [27/30] LR=0.0005000 loss=0.533 ACC=90.750 F1=62.827 Rec=61.343 Prec=64.564
Train Client1 [27/30] LR=0.0005000 loss=0.864 ACC=83.908 F1=61.073 Rec=59.767 Prec=62.856
Train Client2 [27/30] LR=0.0005000 loss=0.819 ACC=82.969 F1=64.303 Rec=63.518 Prec=67.309
Train Client3 [27/30] LR=0.0005000 loss=0.327 ACC=93.990 F1=52.533 Rec=49.666 Prec=56.250
Train Client4 [27/30] LR=0.0005000 loss=0.214 ACC=98.291 F1=44.083 Rec=39.770 Prec=55.249
Train Client5 [27/30] LR=0.0005000 loss=0.504 ACC=89.923 F1=51.056 Rec=50.517 Prec=51.777
Train Client6 [27/30] LR=0.0005000 loss=1.862 ACC=46.875 F1=47.433 Rec=49.524 Prec=69.697
Train Client7 [27/30] LR=0.0005000 loss=21.698 ACC=7.812 F1=15.412 Rec=13.459 Prec=35.556

Test-  OSR [27/30] LR=0.0005000 ACC=52.035 F1=17.781 Rec=25.184 Prec=19.227 UNK=89.113 OS*=12.399 HOS=21.768 AUROC=68.337 AUPR=16.787 OSCR=45.659
Test-Close [27/30] LR=0.0005000 loss=4.094 ACC=75.768 F1=19.998 Rec=21.481 Prec=35.148

Train Client0 [28/30] LR=0.0005000 loss=0.490 ACC=89.750 F1=74.681 Rec=72.895 Prec=76.881
Train Client1 [28/30] LR=0.0005000 loss=0.860 ACC=85.129 F1=63.783 Rec=62.286 Prec=65.814
Train Client2 [28/30] LR=0.0005000 loss=0.804 ACC=85.156 F1=67.964 Rec=62.400 Prec=80.439
Train Client3 [28/30] LR=0.0005000 loss=0.334 ACC=95.673 F1=61.518 Rec=56.511 Prec=69.338
Train Client4 [28/30] LR=0.0005000 loss=0.114 ACC=98.611 F1=56.213 Rec=53.976 Prec=59.256
Train Client5 [28/30] LR=0.0005000 loss=0.460 ACC=90.306 F1=51.457 Rec=50.770 Prec=53.138
Train Client6 [28/30] LR=0.0005000 loss=2.051 ACC=46.875 F1=49.372 Rec=48.500 Prec=86.400
Train Client7 [28/30] LR=0.0005000 loss=18.671 ACC=7.031 F1=12.656 Rec=28.232 Prec=42.844

Test-  OSR [28/30] LR=0.0005000 ACC=17.067 F1=6.071 Rec=17.897 Prec=18.798 UNK=100.000 OS*=1.476 HOS=2.909 AUROC=68.738 AUPR=17.238 OSCR=5.583
Test-Close [28/30] LR=0.0005000 loss=5.714 ACC=75.656 F1=17.228 Rec=20.000 Prec=15.131

Train Client0 [29/30] LR=0.0005000 loss=0.471 ACC=89.375 F1=62.068 Rec=60.578 Prec=63.898
Train Client1 [29/30] LR=0.0005000 loss=0.919 ACC=83.908 F1=60.369 Rec=59.114 Prec=62.081
Train Client2 [29/30] LR=0.0005000 loss=0.795 ACC=85.625 F1=63.851 Rec=61.224 Prec=70.140
Train Client3 [29/30] LR=0.0005000 loss=0.322 ACC=95.192 F1=55.200 Rec=52.517 Prec=58.654
Train Client4 [29/30] LR=0.0005000 loss=0.101 ACC=98.932 F1=52.351 Rec=49.045 Prec=57.056
Train Client5 [29/30] LR=0.0005000 loss=0.481 ACC=90.434 F1=53.699 Rec=52.289 Prec=56.902
Train Client6 [29/30] LR=0.0005000 loss=2.263 ACC=43.750 F1=36.471 Rec=39.351 Prec=60.000
Train Client7 [29/30] LR=0.0005000 loss=19.112 ACC=8.594 F1=17.967 Rec=35.238 Prec=40.179

Test-  OSR [29/30] LR=0.0005000 ACC=15.988 F1=5.566 Rec=17.571 Prec=18.560 UNK=99.597 OS*=1.166 HOS=2.305 AUROC=70.362 AUPR=18.021 OSCR=4.411
Test-Close [29/30] LR=0.0005000 loss=5.733 ACC=75.656 F1=17.228 Rec=20.000 Prec=15.131

------>Best performance (by OSCR)--->>>>>>>

Test-  OSR [0/30] LR=0.0005000 ACC=66.699 F1=16.145 Rec=18.116 Prec=29.177 UNK=0.000 OS*=21.739 HOS=0.000 AUROC=68.615 AUPR=16.901 OSCR=63.281
Test-Close [0/30] LR=0.0005000 loss=2.333 ACC=75.935 F1=20.664 Rec=21.739 Prec=36.967
=====================================================================================================================================
The ending time ：2026-06-26 15:32:50
