Logging to: ./logs/HAM10000_Pretrain_K3_U4_seed0_20260626_231331.log
==> Preparing data..
Protocol mode: hard
Fixed known classes: ['nv', 'mel', 'bkl']
Fixed unknown classes: ['bcc', 'akiec', 'vasc', 'df']
Known class list: [0 1 2] Unknown class list [3 4 5 6]
Loaded 10015 images from 7470 lesions
Class distribution: [(0, 6705), (1, 1113), (2, 1099), (3, 514), (4, 327), (5, 142), (6, 115)]
Train: 6987, Val: 989, Test: 2039
Train class distribution: [(0, 4680), (1, 780), (2, 759), (3, 356), (4, 230), (5, 103), (6, 79)]
{0: 0, 1: 1, 2: 2} {3: 3, 4: 4, 5: 5, 6: 6}
Known origin: [0 1 2] , new: [0 1 2]
Unknown origin: [3 4 5 6] , new: [3 4 5 6]
Known/Unknown in Train: 6219/768
Known/Unknown in Val:   882/107
Known/Unknown in Test:  1816/223
Client0 sample num: 735
Client1 sample num: 1417
Client2 sample num: 850
Client3 sample num: 420
Client4 sample num: 1920
Client5 sample num: 802
Client6 sample num: 28
Client7 sample num: 47

>>> Setting up
==> Using device: cuda:0
==> Building [Resnet18] model..
154
120
Train Client0 [0/50] LR=0.0005000 loss=0.907 ACC=83.611 F1=44.273 Rec=43.793 Prec=44.840
Train Client1 [0/50] LR=0.0005000 loss=1.363 ACC=71.520 F1=51.622 Rec=51.365 Prec=57.000
Train Client2 [0/50] LR=0.0005000 loss=1.356 ACC=73.585 F1=51.624 Rec=51.515 Prec=52.298
Train Client3 [0/50] LR=0.0005000 loss=0.695 ACC=88.462 F1=40.038 Rec=39.873 Prec=40.256
Train Client4 [0/50] LR=0.0005000 loss=0.452 ACC=92.865 F1=38.765 Rec=37.403 Prec=41.957
Train Client5 [0/50] LR=0.0005000 loss=0.990 ACC=82.500 F1=46.456 Rec=45.829 Prec=47.261
Train Client6 [0/50] LR=0.0005000 loss=2.932 ACC=31.250 F1=30.891 Rec=32.857 Prec=37.407
Train Client7 [0/50] LR=0.0005000 loss=2.353 ACC=43.750 F1=32.870 Rec=27.632 Prec=46.569

Val    [0/50] LR=0.0005000 loss=1.833 ACC=75.964 F1=28.780 Rec=33.333 Prec=25.321

Test-  OSR [0/50] LR=0.0005000 ACC=66.454 F1=19.962 Rec=25.000 Prec=16.614 UNK=0.000 OS*=33.333 HOS=0.000 AUROC=75.158 AUPR=23.406 OSCR=62.972
Test-Close [0/50] LR=0.0005000 loss=1.857 ACC=74.615 F1=28.487 Rec=33.333 Prec=24.872
Saving best model . . . . . . . .

Train Client0 [1/50] LR=0.0005000 loss=0.610 ACC=88.889 F1=73.046 Rec=69.530 Prec=79.802
Train Client1 [1/50] LR=0.0005000 loss=1.256 ACC=71.236 F1=48.148 Rec=49.305 Prec=47.063
Train Client2 [1/50] LR=0.0005000 loss=1.396 ACC=72.288 F1=48.849 Rec=49.652 Prec=48.080
Train Client3 [1/50] LR=0.0005000 loss=0.503 ACC=92.548 F1=42.873 Rec=42.370 Prec=43.485
Train Client4 [1/50] LR=0.0005000 loss=0.350 ACC=94.271 F1=35.197 Rec=34.782 Prec=42.017
Train Client5 [1/50] LR=0.0005000 loss=0.826 ACC=86.000 F1=48.894 Rec=47.981 Prec=80.707
Train Client6 [1/50] LR=0.0005000 loss=3.091 ACC=31.250 F1=15.873 Rec=33.333 Prec=10.417
Train Client7 [1/50] LR=0.0005000 loss=5.187 ACC=3.125 F1=2.020 Rec=33.333 Prec=1.042

Val    [1/50] LR=0.0005000 loss=1.768 ACC=75.964 F1=28.780 Rec=33.333 Prec=25.321

Test-  OSR [1/50] LR=0.0005000 ACC=66.454 F1=19.962 Rec=25.000 Prec=16.614 UNK=0.000 OS*=33.333 HOS=0.000 AUROC=78.446 AUPR=27.847 OSCR=65.844
Test-Close [1/50] LR=0.0005000 loss=1.789 ACC=74.615 F1=28.487 Rec=33.333 Prec=24.872
Saving best model . . . . . . . .

Train Client0 [2/50] LR=0.0005000 loss=0.657 ACC=86.944 F1=67.658 Rec=64.488 Prec=75.753
Train Client1 [2/50] LR=0.0005000 loss=1.209 ACC=73.011 F1=52.776 Rec=52.500 Prec=58.122
Train Client2 [2/50] LR=0.0005000 loss=1.193 ACC=76.179 F1=51.330 Rec=52.016 Prec=51.040
Train Client3 [2/50] LR=0.0005000 loss=0.367 ACC=95.433 F1=47.594 Rec=43.769 Prec=57.867
Train Client4 [2/50] LR=0.0005000 loss=0.348 ACC=94.531 F1=35.370 Rec=34.873 Prec=46.756
Train Client5 [2/50] LR=0.0005000 loss=0.782 ACC=85.500 F1=45.757 Rec=44.930 Prec=47.638
Train Client6 [2/50] LR=0.0005000 loss=1.363 ACC=43.750 F1=20.290 Rec=33.333 Prec=14.583
Train Client7 [2/50] LR=0.0005000 loss=4.804 ACC=3.125 F1=2.020 Rec=33.333 Prec=1.042

Val    [2/50] LR=0.0005000 loss=1.785 ACC=75.964 F1=28.780 Rec=33.333 Prec=25.321

Test-  OSR [2/50] LR=0.0005000 ACC=66.454 F1=19.962 Rec=25.000 Prec=16.614 UNK=0.000 OS*=33.333 HOS=0.000 AUROC=78.170 AUPR=28.011 OSCR=65.519
Test-Close [2/50] LR=0.0005000 loss=1.808 ACC=74.615 F1=28.487 Rec=33.333 Prec=24.872
Train Client0 [3/50] LR=0.0005000 loss=0.599 ACC=86.944 F1=45.792 Rec=43.933 Prec=49.457
Train Client1 [3/50] LR=0.0005000 loss=1.195 ACC=73.509 F1=53.164 Rec=52.931 Prec=59.919
Train Client2 [3/50] LR=0.0005000 loss=1.227 ACC=74.764 F1=50.412 Rec=51.126 Prec=49.954
Train Client3 [3/50] LR=0.0005000 loss=0.392 ACC=93.510 F1=32.215 Rec=33.163 Prec=31.320
Train Client4 [3/50] LR=0.0005000 loss=0.359 ACC=94.323 F1=35.230 Rec=34.800 Prec=42.712
Train Client5 [3/50] LR=0.0005000 loss=0.765 ACC=86.250 F1=47.051 Rec=46.662 Prec=47.908
Train Client6 [3/50] LR=0.0005000 loss=1.593 ACC=50.000 F1=34.545 Rec=41.667 Prec=48.889
Train Client7 [3/50] LR=0.0005000 loss=5.132 ACC=6.250 F1=6.528 Rec=35.714 Prec=34.409

Val    [3/50] LR=0.0005000 loss=1.749 ACC=75.964 F1=28.780 Rec=33.333 Prec=25.321

Test-  OSR [3/50] LR=0.0005000 ACC=66.454 F1=19.962 Rec=25.000 Prec=16.614 UNK=0.000 OS*=33.333 HOS=0.000 AUROC=76.785 AUPR=24.032 OSCR=65.160
Test-Close [3/50] LR=0.0005000 loss=1.778 ACC=74.615 F1=28.487 Rec=33.333 Prec=24.872
Train Client0 [4/50] LR=0.0005000 loss=0.673 ACC=87.500 F1=46.682 Rec=44.677 Prec=50.584
Train Client1 [4/50] LR=0.0005000 loss=1.237 ACC=73.082 F1=52.662 Rec=52.402 Prec=57.486
Train Client2 [4/50] LR=0.0005000 loss=1.228 ACC=73.703 F1=49.601 Rec=50.300 Prec=49.242
Train Client3 [4/50] LR=0.0005000 loss=0.370 ACC=94.231 F1=35.128 Rec=34.783 Prec=48.301
Train Client4 [4/50] LR=0.0005000 loss=0.341 ACC=94.583 F1=36.460 Rec=35.515 Prec=48.304
Train Client5 [4/50] LR=0.0005000 loss=0.759 ACC=87.125 F1=47.324 Rec=45.671 Prec=51.340
Train Client6 [4/50] LR=0.0005000 loss=2.166 ACC=25.000 F1=13.333 Rec=33.333 Prec=8.333
Train Client7 [4/50] LR=0.0005000 loss=5.036 ACC=3.125 F1=2.020 Rec=33.333 Prec=1.042

Val    [4/50] LR=0.0005000 loss=1.742 ACC=75.964 F1=28.780 Rec=33.333 Prec=25.321

Test-  OSR [4/50] LR=0.0005000 ACC=66.454 F1=19.962 Rec=25.000 Prec=16.614 UNK=0.000 OS*=33.333 HOS=0.000 AUROC=79.620 AUPR=29.158 OSCR=66.515
Test-Close [4/50] LR=0.0005000 loss=1.773 ACC=74.615 F1=28.487 Rec=33.333 Prec=24.872
Saving best model . . . . . . . .

Train Client0 [5/50] LR=0.0005000 loss=0.653 ACC=86.111 F1=65.955 Rec=63.300 Prec=72.369
Train Client1 [5/50] LR=0.0005000 loss=1.184 ACC=74.219 F1=53.015 Rec=53.199 Prec=60.417
Train Client2 [5/50] LR=0.0005000 loss=1.156 ACC=73.939 F1=50.087 Rec=50.760 Prec=49.440
Train Client3 [5/50] LR=0.0005000 loss=0.382 ACC=94.471 F1=48.276 Rec=47.144 Prec=49.702
Train Client4 [5/50] LR=0.0005000 loss=0.339 ACC=94.583 F1=34.850 Rec=34.580 Prec=48.257
Train Client5 [5/50] LR=0.0005000 loss=0.712 ACC=86.500 F1=48.470 Rec=48.290 Prec=48.950
Train Client6 [5/50] LR=0.0005000 loss=1.639 ACC=43.750 F1=20.290 Rec=33.333 Prec=14.583
Train Client7 [5/50] LR=0.0005000 loss=5.347 ACC=0.000 F1=0.000 Rec=0.000 Prec=0.000

Val    [5/50] LR=0.0005000 loss=1.726 ACC=78.231 F1=39.635 Rec=39.826 Prec=51.112

Test-  OSR [5/50] LR=0.0005000 ACC=67.288 F1=23.349 Rec=26.913 Prec=23.882 UNK=0.000 OS*=35.884 HOS=0.000 AUROC=80.664 AUPR=31.451 OSCR=67.110
Test-Close [5/50] LR=0.0005000 loss=1.760 ACC=75.551 F1=33.233 Rec=35.884 Prec=40.783
Saving best model . . . . . . . .

Train Client0 [6/50] LR=0.0005000 loss=0.613 ACC=87.222 F1=48.605 Rec=47.362 Prec=50.248
Train Client1 [6/50] LR=0.0005000 loss=1.129 ACC=74.503 F1=52.268 Rec=52.625 Prec=60.524
Train Client2 [6/50] LR=0.0005000 loss=1.210 ACC=71.698 F1=50.576 Rec=50.242 Prec=64.390
Train Client3 [6/50] LR=0.0005000 loss=0.395 ACC=94.231 F1=42.747 Rec=40.761 Prec=47.003
Train Client4 [6/50] LR=0.0005000 loss=0.393 ACC=94.375 F1=36.772 Rec=35.753 Prec=44.982
Train Client5 [6/50] LR=0.0005000 loss=0.834 ACC=86.625 F1=48.169 Rec=47.303 Prec=49.857
Train Client6 [6/50] LR=0.0005000 loss=1.204 ACC=56.250 F1=44.444 Rec=50.000 Prec=50.000
Train Client7 [6/50] LR=0.0005000 loss=4.286 ACC=6.250 F1=8.333 Rec=6.061 Prec=13.333

Val    [6/50] LR=0.0005000 loss=1.730 ACC=75.964 F1=28.780 Rec=33.333 Prec=25.321

Test-  OSR [6/50] LR=0.0005000 ACC=66.454 F1=19.962 Rec=25.000 Prec=16.614 UNK=0.000 OS*=33.333 HOS=0.000 AUROC=79.518 AUPR=28.709 OSCR=66.758
Test-Close [6/50] LR=0.0005000 loss=1.765 ACC=74.615 F1=28.487 Rec=33.333 Prec=24.872
Train Client0 [7/50] LR=0.0005000 loss=0.591 ACC=87.500 F1=44.365 Rec=42.007 Prec=52.357
Train Client1 [7/50] LR=0.0005000 loss=1.116 ACC=75.142 F1=53.498 Rec=53.468 Prec=60.023
Train Client2 [7/50] LR=0.0005000 loss=1.157 ACC=74.410 F1=50.408 Rec=51.273 Prec=49.599
Train Client3 [7/50] LR=0.0005000 loss=0.298 ACC=94.952 F1=48.667 Rec=46.459 Prec=52.086
Train Client4 [7/50] LR=0.0005000 loss=0.311 ACC=94.375 F1=36.772 Rec=35.753 Prec=44.982
Train Client5 [7/50] LR=0.0005000 loss=0.781 ACC=87.750 F1=50.611 Rec=49.590 Prec=52.388
Train Client6 [7/50] LR=0.0005000 loss=2.364 ACC=50.000 F1=42.222 Rec=46.667 Prec=80.952
Train Client7 [7/50] LR=0.0005000 loss=4.266 ACC=3.125 F1=4.167 Rec=2.222 Prec=33.333

Val    [7/50] LR=0.0005000 loss=1.693 ACC=80.385 F1=46.902 Rec=46.268 Prec=51.917

Test-  OSR [7/50] LR=0.0005000 ACC=68.857 F1=28.345 Rec=31.057 Prec=27.592 UNK=0.000 OS*=41.409 HOS=0.000 AUROC=79.431 AUPR=27.455 OSCR=67.093
Test-Close [7/50] LR=0.0005000 loss=1.738 ACC=77.313 F1=40.857 Rec=41.409 Prec=45.659
Train Client0 [8/50] LR=0.0005000 loss=0.610 ACC=87.917 F1=47.241 Rec=44.839 Prec=52.308
Train Client1 [8/50] LR=0.0005000 loss=1.166 ACC=72.940 F1=54.750 Rec=53.592 Prec=63.019
Train Client2 [8/50] LR=0.0005000 loss=1.157 ACC=74.528 F1=50.389 Rec=51.219 Prec=49.591
Train Client3 [8/50] LR=0.0005000 loss=0.329 ACC=95.673 F1=51.420 Rec=48.934 Prec=55.167
Train Client4 [8/50] LR=0.0005000 loss=0.304 ACC=94.323 F1=38.918 Rec=37.293 Prec=45.706
Train Client5 [8/50] LR=0.0005000 loss=0.760 ACC=86.875 F1=47.202 Rec=45.424 Prec=51.410
Train Client6 [8/50] LR=0.0005000 loss=2.079 ACC=43.750 F1=43.067 Rec=51.429 Prec=76.923
Train Client7 [8/50] LR=0.0005000 loss=4.496 ACC=6.250 F1=7.279 Rec=36.364 Prec=17.778

Val    [8/50] LR=0.0005000 loss=1.675 ACC=82.426 F1=51.813 Rec=55.279 Prec=48.757

Test-  OSR [8/50] LR=0.0005000 ACC=71.947 F1=34.328 Rec=40.926 Prec=29.862 UNK=0.000 OS*=54.569 HOS=0.000 AUROC=78.298 AUPR=23.956 OSCR=68.259
Test-Close [8/50] LR=0.0005000 loss=1.708 ACC=80.782 F1=50.928 Rec=54.569 Prec=47.742
Saving best model . . . . . . . .

Train Client0 [9/50] LR=0.0005000 loss=0.599 ACC=87.222 F1=46.444 Rec=44.240 Prec=50.988
Train Client1 [9/50] LR=0.0005000 loss=1.113 ACC=73.935 F1=55.378 Rec=54.323 Prec=62.165
Train Client2 [9/50] LR=0.0005000 loss=1.172 ACC=74.292 F1=50.271 Rec=51.007 Prec=49.582
Train Client3 [9/50] LR=0.0005000 loss=0.314 ACC=94.952 F1=49.156 Rec=47.315 Prec=51.772
Train Client4 [9/50] LR=0.0005000 loss=0.300 ACC=94.427 F1=39.833 Rec=37.953 Prec=46.913
Train Client5 [9/50] LR=0.0005000 loss=0.809 ACC=86.750 F1=48.350 Rec=47.860 Prec=49.341
Train Client6 [9/50] LR=0.0005000 loss=1.463 ACC=50.000 F1=42.222 Rec=46.667 Prec=80.952
Train Client7 [9/50] LR=0.0005000 loss=4.565 ACC=6.250 F1=7.843 Rec=4.444 Prec=33.333

Val    [9/50] LR=0.0005000 loss=1.684 ACC=82.653 F1=51.890 Rec=53.808 Prec=50.367

Test-  OSR [9/50] LR=0.0005000 ACC=71.849 F1=33.750 Rec=39.024 Prec=29.763 UNK=0.000 OS*=52.032 HOS=0.000 AUROC=79.181 AUPR=24.736 OSCR=68.443
Test-Close [9/50] LR=0.0005000 loss=1.719 ACC=80.672 F1=50.333 Rec=52.032 Prec=49.205
Saving best model . . . . . . . .

Train Client0 [10/50] LR=0.0005000 loss=0.567 ACC=87.778 F1=47.222 Rec=44.910 Prec=52.073
Train Client1 [10/50] LR=0.0005000 loss=1.100 ACC=74.148 F1=57.515 Rec=56.211 Prec=61.383
Train Client2 [10/50] LR=0.0005000 loss=1.086 ACC=77.005 F1=52.051 Rec=52.817 Prec=51.372
Train Client3 [10/50] LR=0.0005000 loss=0.332 ACC=94.712 F1=46.865 Rec=44.501 Prec=51.054
Train Client4 [10/50] LR=0.0005000 loss=0.288 ACC=94.844 F1=44.438 Rec=41.840 Prec=50.329
Train Client5 [10/50] LR=0.0005000 loss=0.712 ACC=88.375 F1=50.651 Rec=50.018 Prec=51.820
Train Client6 [10/50] LR=0.0005000 loss=0.828 ACC=75.000 F1=67.273 Rec=63.889 Prec=89.744
Train Client7 [10/50] LR=0.0005000 loss=4.604 ACC=9.375 F1=10.556 Rec=38.462 Prec=23.372

Val    [10/50] LR=0.0005000 loss=1.652 ACC=81.746 F1=50.716 Rec=50.530 Prec=52.971

Test-  OSR [10/50] LR=0.0005000 ACC=70.819 F1=32.320 Rec=35.882 Prec=29.634 UNK=0.000 OS*=47.843 HOS=0.000 AUROC=81.142 AUPR=28.160 OSCR=69.101
Test-Close [10/50] LR=0.0005000 loss=1.694 ACC=79.515 F1=47.636 Rec=47.843 Prec=49.785
Saving best model . . . . . . . .

>> New learning Rate: 0.00025
Train Client0 [11/50] LR=0.0002500 loss=0.552 ACC=87.778 F1=47.127 Rec=45.048 Prec=51.148
Train Client1 [11/50] LR=0.0002500 loss=1.058 ACC=74.645 F1=57.001 Rec=55.581 Prec=63.354
Train Client2 [11/50] LR=0.0002500 loss=1.053 ACC=75.354 F1=51.072 Rec=52.320 Prec=50.434
Train Client3 [11/50] LR=0.0002500 loss=0.247 ACC=95.673 F1=48.784 Rec=44.842 Prec=58.686
Train Client4 [11/50] LR=0.0002500 loss=0.253 ACC=95.052 F1=47.330 Rec=45.031 Prec=51.104
Train Client5 [11/50] LR=0.0002500 loss=0.630 ACC=88.875 F1=52.891 Rec=52.370 Prec=53.764
Train Client6 [11/50] LR=0.0002500 loss=1.184 ACC=56.250 F1=34.300 Rec=40.000 Prec=51.111
Train Client7 [11/50] LR=0.0002500 loss=4.513 ACC=6.250 F1=8.333 Rec=4.762 Prec=33.333

Val    [11/50] LR=0.0002500 loss=1.625 ACC=81.293 F1=50.312 Rec=49.546 Prec=54.270

Test-  OSR [11/50] LR=0.0002500 ACC=71.211 F1=33.346 Rec=36.296 Prec=31.492 UNK=0.000 OS*=48.395 HOS=0.000 AUROC=79.583 AUPR=27.495 OSCR=68.277
Test-Close [11/50] LR=0.0002500 loss=1.671 ACC=79.956 F1=48.876 Rec=48.395 Prec=52.912
Train Client0 [12/50] LR=0.0002500 loss=0.563 ACC=87.778 F1=47.516 Rec=45.498 Prec=51.237
Train Client1 [12/50] LR=0.0002500 loss=0.981 ACC=78.267 F1=65.422 Rec=62.977 Prec=70.776
Train Client2 [12/50] LR=0.0002500 loss=1.066 ACC=77.005 F1=54.418 Rec=54.389 Prec=84.628
Train Client3 [12/50] LR=0.0002500 loss=0.244 ACC=95.913 F1=54.319 Rec=53.112 Prec=55.741
Train Client4 [12/50] LR=0.0002500 loss=0.234 ACC=95.729 F1=50.445 Rec=47.763 Prec=54.659
Train Client5 [12/50] LR=0.0002500 loss=0.639 ACC=89.375 F1=58.423 Rec=54.965 Prec=70.563
Train Client6 [12/50] LR=0.0002500 loss=1.431 ACC=43.750 F1=38.179 Rec=45.556 Prec=78.571
Train Client7 [12/50] LR=0.0002500 loss=4.514 ACC=6.250 F1=6.845 Rec=35.897 Prec=34.409

Val    [12/50] LR=0.0002500 loss=1.599 ACC=83.560 F1=57.032 Rec=56.080 Prec=85.833

Test-  OSR [12/50] LR=0.0002500 ACC=72.045 F1=35.055 Rec=39.640 Prec=50.331 UNK=0.000 OS*=52.853 HOS=0.000 AUROC=78.746 AUPR=24.167 OSCR=69.375
Test-Close [12/50] LR=0.0002500 loss=1.640 ACC=80.892 F1=51.859 Rec=52.853 Prec=76.415
Saving best model . . . . . . . .

Train Client0 [13/50] LR=0.0002500 loss=0.535 ACC=87.639 F1=47.631 Rec=45.627 Prec=51.195
Train Client1 [13/50] LR=0.0002500 loss=0.992 ACC=76.705 F1=60.891 Rec=58.923 Prec=67.159
Train Client2 [13/50] LR=0.0002500 loss=1.036 ACC=77.005 F1=52.136 Rec=53.127 Prec=51.234
Train Client3 [13/50] LR=0.0002500 loss=0.240 ACC=96.635 F1=55.551 Rec=52.775 Prec=59.500
Train Client4 [13/50] LR=0.0002500 loss=0.225 ACC=95.781 F1=51.262 Rec=49.028 Prec=54.412
Train Client5 [13/50] LR=0.0002500 loss=0.628 ACC=88.375 F1=54.056 Rec=53.718 Prec=68.534
Train Client6 [13/50] LR=0.0002500 loss=1.018 ACC=50.000 F1=34.545 Rec=41.667 Prec=48.889
Train Client7 [13/50] LR=0.0002500 loss=4.909 ACC=9.375 F1=14.286 Rec=9.091 Prec=33.333

Val    [13/50] LR=0.0002500 loss=1.615 ACC=82.993 F1=55.239 Rec=54.766 Prec=86.266

Test-  OSR [13/50] LR=0.0002500 ACC=71.800 F1=34.577 Rec=38.568 Prec=49.276 UNK=0.000 OS*=51.424 HOS=0.000 AUROC=79.816 AUPR=28.160 OSCR=69.763
Test-Close [13/50] LR=0.0002500 loss=1.657 ACC=80.617 F1=50.934 Rec=51.424 Prec=83.530
Saving best model . . . . . . . .

Train Client0 [14/50] LR=0.0002500 loss=0.501 ACC=89.028 F1=50.361 Rec=48.432 Prec=53.236
Train Client1 [14/50] LR=0.0002500 loss=0.963 ACC=78.622 F1=67.992 Rec=64.682 Prec=75.234
Train Client2 [14/50] LR=0.0002500 loss=0.998 ACC=77.830 F1=52.721 Rec=53.823 Prec=51.841
Train Client3 [14/50] LR=0.0002500 loss=0.263 ACC=95.673 F1=53.207 Rec=51.662 Prec=55.133
Train Client4 [14/50] LR=0.0002500 loss=0.222 ACC=95.625 F1=51.305 Rec=49.908 Prec=53.024
Train Client5 [14/50] LR=0.0002500 loss=0.643 ACC=89.000 F1=53.087 Rec=52.900 Prec=53.498
Train Client6 [14/50] LR=0.0002500 loss=1.253 ACC=56.250 F1=55.322 Rec=57.778 Prec=80.556
Train Client7 [14/50] LR=0.0002500 loss=4.036 ACC=9.375 F1=11.039 Rec=38.462 Prec=34.444

Val    [14/50] LR=0.0002500 loss=1.624 ACC=82.540 F1=53.170 Rec=52.717 Prec=87.744

Test-  OSR [14/50] LR=0.0002500 ACC=71.604 F1=34.074 Rec=37.781 Prec=55.572 UNK=0.000 OS*=50.375 HOS=0.000 AUROC=81.279 AUPR=29.428 OSCR=70.373
Test-Close [14/50] LR=0.0002500 loss=1.667 ACC=80.396 F1=50.456 Rec=50.375 Prec=84.887
Saving best model . . . . . . . .

Train Client0 [15/50] LR=0.0002500 loss=0.465 ACC=90.278 F1=52.631 Rec=50.898 Prec=55.019
Train Client1 [15/50] LR=0.0002500 loss=0.934 ACC=79.119 F1=67.541 Rec=64.932 Prec=72.898
Train Client2 [15/50] LR=0.0002500 loss=0.935 ACC=79.835 F1=58.462 Rec=57.538 Prec=86.545
Train Client3 [15/50] LR=0.0002500 loss=0.233 ACC=96.394 F1=55.464 Rec=54.120 Prec=57.055
Train Client4 [15/50] LR=0.0002500 loss=0.216 ACC=95.156 F1=49.152 Rec=47.561 Prec=51.252
Train Client5 [15/50] LR=0.0002500 loss=0.606 ACC=88.625 F1=54.574 Rec=53.958 Prec=63.912
Train Client6 [15/50] LR=0.0002500 loss=1.393 ACC=56.250 F1=54.132 Rec=58.889 Prec=80.556
Train Client7 [15/50] LR=0.0002500 loss=5.404 ACC=6.250 F1=7.843 Rec=4.444 Prec=33.333

Val    [15/50] LR=0.0002500 loss=1.620 ACC=83.560 F1=56.973 Rec=56.074 Prec=86.636

Test-  OSR [15/50] LR=0.0002500 ACC=71.947 F1=34.904 Rec=39.070 Prec=55.433 UNK=0.000 OS*=52.093 HOS=0.000 AUROC=79.064 AUPR=25.060 OSCR=69.219
Test-Close [15/50] LR=0.0002500 loss=1.672 ACC=80.782 F1=51.547 Rec=52.093 Prec=83.484
Train Client0 [16/50] LR=0.0002500 loss=0.475 ACC=89.028 F1=50.857 Rec=48.999 Prec=53.492
Train Client1 [16/50] LR=0.0002500 loss=0.984 ACC=76.278 F1=64.481 Rec=62.212 Prec=68.727
Train Client2 [16/50] LR=0.0002500 loss=0.939 ACC=79.481 F1=58.076 Rec=57.124 Prec=75.161
Train Client3 [16/50] LR=0.0002500 loss=0.244 ACC=96.154 F1=54.879 Rec=53.197 Prec=56.971
Train Client4 [16/50] LR=0.0002500 loss=0.215 ACC=95.312 F1=49.276 Rec=47.304 Prec=52.070
Train Client5 [16/50] LR=0.0002500 loss=0.614 ACC=89.500 F1=55.202 Rec=53.645 Prec=71.304
Train Client6 [16/50] LR=0.0002500 loss=0.589 ACC=81.250 F1=78.864 Rec=75.000 Prec=90.909
Train Client7 [16/50] LR=0.0002500 loss=5.928 ACC=6.250 F1=7.706 Rec=36.667 Prec=17.778

Val    [16/50] LR=0.0002500 loss=1.598 ACC=83.220 F1=56.343 Rec=55.401 Prec=86.091

Test-  OSR [16/50] LR=0.0002500 ACC=71.947 F1=34.958 Rec=38.539 Prec=51.485 UNK=0.000 OS*=51.386 HOS=0.000 AUROC=79.407 AUPR=24.481 OSCR=69.915
Test-Close [16/50] LR=0.0002500 loss=1.642 ACC=80.782 F1=51.401 Rec=51.386 Prec=78.327
Train Client0 [17/50] LR=0.0002500 loss=0.528 ACC=87.639 F1=48.435 Rec=46.655 Prec=51.191
Train Client1 [17/50] LR=0.0002500 loss=0.959 ACC=79.048 F1=66.967 Rec=64.333 Prec=72.505
Train Client2 [17/50] LR=0.0002500 loss=0.918 ACC=81.958 F1=59.851 Rec=58.769 Prec=76.794
Train Client3 [17/50] LR=0.0002500 loss=0.198 ACC=97.115 F1=56.294 Rec=52.174 Prec=63.374
Train Client4 [17/50] LR=0.0002500 loss=0.219 ACC=95.625 F1=50.647 Rec=48.661 Prec=53.374
Train Client5 [17/50] LR=0.0002500 loss=0.591 ACC=89.250 F1=57.826 Rec=55.629 Prec=67.992
Train Client6 [17/50] LR=0.0002500 loss=1.261 ACC=56.250 F1=54.132 Rec=58.889 Prec=80.556
Train Client7 [17/50] LR=0.0002500 loss=6.162 ACC=15.625 F1=19.394 Rec=11.667 Prec=66.667

Val    [17/50] LR=0.0002500 loss=1.602 ACC=83.673 F1=57.461 Rec=56.391 Prec=86.431

Test-  OSR [17/50] LR=0.0002500 ACC=72.192 F1=36.039 Rec=39.616 Prec=49.081 UNK=0.000 OS*=52.821 HOS=0.000 AUROC=79.581 AUPR=25.298 OSCR=70.131
Test-Close [17/50] LR=0.0002500 loss=1.649 ACC=81.057 F1=52.933 Rec=52.821 Prec=80.246
Train Client0 [18/50] LR=0.0002500 loss=0.473 ACC=89.444 F1=51.013 Rec=49.121 Prec=53.806
Train Client1 [18/50] LR=0.0002500 loss=0.961 ACC=79.119 F1=64.885 Rec=62.507 Prec=70.475
Train Client2 [18/50] LR=0.0002500 loss=0.967 ACC=79.599 F1=56.076 Rec=56.065 Prec=64.195
Train Client3 [18/50] LR=0.0002500 loss=0.241 ACC=96.394 F1=55.464 Rec=53.282 Prec=58.338
Train Client4 [18/50] LR=0.0002500 loss=0.208 ACC=95.417 F1=50.809 Rec=49.523 Prec=52.370
Train Client5 [18/50] LR=0.0002500 loss=0.575 ACC=89.750 F1=60.063 Rec=56.373 Prec=74.761
Train Client6 [18/50] LR=0.0002500 loss=1.092 ACC=56.250 F1=56.513 Rec=63.095 Prec=80.556
Train Client7 [18/50] LR=0.0002500 loss=5.530 ACC=12.500 F1=15.653 Rec=41.061 Prec=67.816

Val    [18/50] LR=0.0002500 loss=1.601 ACC=83.787 F1=58.263 Rec=56.714 Prec=86.136

Test-  OSR [18/50] LR=0.0002500 ACC=71.898 F1=35.233 Rec=39.323 Prec=55.262 UNK=0.000 OS*=52.430 HOS=0.000 AUROC=78.090 AUPR=23.550 OSCR=69.105
Test-Close [18/50] LR=0.0002500 loss=1.644 ACC=80.727 F1=52.004 Rec=52.430 Prec=83.112
Train Client0 [19/50] LR=0.0002500 loss=0.515 ACC=86.944 F1=46.886 Rec=45.250 Prec=49.545
Train Client1 [19/50] LR=0.0002500 loss=0.945 ACC=79.261 F1=67.128 Rec=64.743 Prec=72.161
Train Client2 [19/50] LR=0.0002500 loss=0.895 ACC=81.368 F1=59.446 Rec=58.341 Prec=87.444
Train Client3 [19/50] LR=0.0002500 loss=0.195 ACC=96.875 F1=56.717 Rec=53.453 Prec=61.583
Train Client4 [19/50] LR=0.0002500 loss=0.203 ACC=96.406 F1=54.081 Rec=52.365 Prec=56.212
Train Client5 [19/50] LR=0.0002500 loss=0.593 ACC=89.375 F1=53.517 Rec=52.389 Prec=55.395
Train Client6 [19/50] LR=0.0002500 loss=0.932 ACC=68.750 F1=50.397 Rec=53.333 Prec=53.846
Train Client7 [19/50] LR=0.0002500 loss=5.884 ACC=9.375 F1=10.612 Rec=37.865 Prec=67.778

Val    [19/50] LR=0.0002500 loss=1.570 ACC=84.921 F1=62.421 Rec=59.604 Prec=83.649

Test-  OSR [19/50] LR=0.0002500 ACC=72.977 F1=38.828 Rec=41.186 Prec=50.152 UNK=0.000 OS*=54.914 HOS=0.000 AUROC=78.143 AUPR=23.864 OSCR=69.638
Test-Close [19/50] LR=0.0002500 loss=1.612 ACC=81.938 F1=56.724 Rec=54.914 Prec=81.830
Train Client0 [20/50] LR=0.0002500 loss=0.460 ACC=90.139 F1=51.736 Rec=49.655 Prec=54.916
Train Client1 [20/50] LR=0.0002500 loss=0.904 ACC=79.759 F1=66.739 Rec=64.614 Prec=70.834
Train Client2 [20/50] LR=0.0002500 loss=0.967 ACC=81.486 F1=59.179 Rec=58.463 Prec=65.594
Train Client3 [20/50] LR=0.0002500 loss=0.238 ACC=96.394 F1=55.954 Rec=54.646 Prec=57.492
Train Client4 [20/50] LR=0.0002500 loss=0.211 ACC=95.729 F1=50.708 Rec=48.386 Prec=54.082
Train Client5 [20/50] LR=0.0002500 loss=0.570 ACC=89.250 F1=57.998 Rec=55.299 Prec=64.119
Train Client6 [20/50] LR=0.0002500 loss=1.316 ACC=56.250 F1=57.593 Rec=62.857 Prec=78.788
Train Client7 [20/50] LR=0.0002500 loss=5.026 ACC=15.625 F1=19.759 Rec=44.091 Prec=67.857

Val    [20/50] LR=0.0002500 loss=1.579 ACC=84.127 F1=59.054 Rec=57.387 Prec=83.859

Test-  OSR [20/50] LR=0.0002500 ACC=72.781 F1=37.452 Rec=40.473 Prec=49.601 UNK=0.000 OS*=53.964 HOS=0.000 AUROC=78.574 AUPR=24.287 OSCR=69.758
Test-Close [20/50] LR=0.0002500 loss=1.622 ACC=81.718 F1=55.261 Rec=53.964 Prec=83.234
Train Client0 [21/50] LR=0.0002500 loss=0.477 ACC=88.333 F1=49.369 Rec=47.537 Prec=52.166
Train Client1 [21/50] LR=0.0002500 loss=0.925 ACC=80.327 F1=70.266 Rec=67.497 Prec=75.425
Train Client2 [21/50] LR=0.0002500 loss=0.900 ACC=80.778 F1=54.748 Rec=55.738 Prec=53.826
Train Client3 [21/50] LR=0.0002500 loss=0.199 ACC=98.077 F1=62.263 Rec=59.335 Prec=66.079
Train Client4 [21/50] LR=0.0002500 loss=0.184 ACC=96.458 F1=54.343 Rec=52.695 Prec=56.362
Train Client5 [21/50] LR=0.0002500 loss=0.529 ACC=90.750 F1=62.401 Rec=59.287 Prec=76.140
Train Client6 [21/50] LR=0.0002500 loss=1.273 ACC=43.750 F1=41.877 Rec=50.000 Prec=76.923
Train Client7 [21/50] LR=0.0002500 loss=4.844 ACC=12.500 F1=13.700 Rec=39.620 Prec=67.816

Val    [21/50] LR=0.0002500 loss=1.567 ACC=84.014 F1=58.573 Rec=57.070 Prec=80.777

Test-  OSR [21/50] LR=0.0002500 ACC=72.536 F1=37.005 Rec=39.932 Prec=50.063 UNK=0.000 OS*=53.243 HOS=0.000 AUROC=78.294 AUPR=23.558 OSCR=69.479
Test-Close [21/50] LR=0.0002500 loss=1.621 ACC=81.443 F1=54.442 Rec=53.243 Prec=82.906
Train Client0 [22/50] LR=0.0002500 loss=0.464 ACC=90.139 F1=51.706 Rec=49.283 Prec=55.702
Train Client1 [22/50] LR=0.0002500 loss=0.922 ACC=80.256 F1=68.973 Rec=67.254 Prec=71.467
Train Client2 [22/50] LR=0.0002500 loss=0.902 ACC=80.542 F1=61.897 Rec=59.991 Prec=70.461
Train Client3 [22/50] LR=0.0002500 loss=0.203 ACC=95.673 F1=51.874 Rec=48.934 Prec=56.614
Train Client4 [22/50] LR=0.0002500 loss=0.193 ACC=96.094 F1=52.907 Rec=51.008 Prec=55.362
Train Client5 [22/50] LR=0.0002500 loss=0.555 ACC=90.125 F1=58.238 Rec=55.756 Prec=73.117
Train Client6 [22/50] LR=0.0002500 loss=1.187 ACC=62.500 F1=60.317 Rec=63.889 Prec=83.333
Train Client7 [22/50] LR=0.0002500 loss=5.865 ACC=6.250 F1=9.524 Rec=5.556 Prec=33.333

Val    [22/50] LR=0.0002500 loss=1.613 ACC=83.107 F1=55.821 Rec=54.560 Prec=87.190

Test-  OSR [22/50] LR=0.0002500 ACC=71.506 F1=34.533 Rec=37.662 Prec=46.292 UNK=0.000 OS*=50.217 HOS=0.000 AUROC=80.774 AUPR=27.298 OSCR=70.541
Test-Close [22/50] LR=0.0002500 loss=1.657 ACC=80.286 F1=50.964 Rec=50.217 Prec=85.192
Saving best model . . . . . . . .

>> New learning Rate: 0.000125
Train Client0 [23/50] LR=0.0001250 loss=0.465 ACC=90.556 F1=52.748 Rec=50.747 Prec=55.614
Train Client1 [23/50] LR=0.0001250 loss=0.950 ACC=79.332 F1=69.545 Rec=67.397 Prec=72.769
Train Client2 [23/50] LR=0.0001250 loss=0.935 ACC=79.481 F1=59.860 Rec=58.505 Prec=73.233
Train Client3 [23/50] LR=0.0001250 loss=0.156 ACC=97.356 F1=56.988 Rec=53.883 Prec=61.474
Train Client4 [23/50] LR=0.0001250 loss=0.154 ACC=96.979 F1=56.226 Rec=54.748 Prec=57.966
Train Client5 [23/50] LR=0.0001250 loss=0.509 ACC=90.000 F1=62.966 Rec=58.884 Prec=74.282
Train Client6 [23/50] LR=0.0001250 loss=0.993 ACC=50.000 F1=42.222 Rec=50.000 Prec=47.619
Train Client7 [23/50] LR=0.0001250 loss=5.994 ACC=3.125 F1=5.128 Rec=2.778 Prec=33.333

Val    [23/50] LR=0.0001250 loss=1.563 ACC=85.034 F1=62.736 Rec=59.927 Prec=81.621

Test-  OSR [23/50] LR=0.0001250 ACC=73.664 F1=40.450 Rec=42.793 Prec=49.562 UNK=0.000 OS*=57.057 HOS=0.000 AUROC=76.814 AUPR=22.615 OSCR=68.880
Test-Close [23/50] LR=0.0001250 loss=1.615 ACC=82.709 F1=59.369 Rec=57.057 Prec=81.339
Train Client0 [24/50] LR=0.0001250 loss=0.410 ACC=90.833 F1=53.493 Rec=51.506 Prec=56.279
Train Client1 [24/50] LR=0.0001250 loss=0.868 ACC=80.540 F1=71.807 Rec=69.525 Prec=75.164
Train Client2 [24/50] LR=0.0001250 loss=0.897 ACC=80.307 F1=58.393 Rec=57.947 Prec=65.000
Train Client3 [24/50] LR=0.0001250 loss=0.150 ACC=96.875 F1=78.340 Rec=70.034 Prec=93.280
Train Client4 [24/50] LR=0.0001250 loss=0.160 ACC=96.771 F1=55.479 Rec=53.740 Prec=57.607
Train Client5 [24/50] LR=0.0001250 loss=0.493 ACC=91.250 F1=67.302 Rec=63.437 Prec=77.464
Train Client6 [24/50] LR=0.0001250 loss=0.753 ACC=75.000 F1=75.926 Rec=77.778 Prec=87.879
Train Client7 [24/50] LR=0.0001250 loss=4.706 ACC=18.750 F1=21.548 Rec=44.729 Prec=67.901

Val    [24/50] LR=0.0001250 loss=1.568 ACC=85.488 F1=63.424 Rec=61.167 Prec=84.972

Test-  OSR [24/50] LR=0.0001250 ACC=73.811 F1=40.758 Rec=43.384 Prec=51.047 UNK=0.000 OS*=57.845 HOS=0.000 AUROC=74.564 AUPR=20.480 OSCR=67.267
Test-Close [24/50] LR=0.0001250 loss=1.621 ACC=82.874 F1=59.601 Rec=57.845 Prec=81.366
Train Client0 [25/50] LR=0.0001250 loss=0.445 ACC=90.278 F1=53.388 Rec=51.924 Prec=55.224
Train Client1 [25/50] LR=0.0001250 loss=0.793 ACC=82.102 F1=71.296 Rec=69.212 Prec=74.466
Train Client2 [25/50] LR=0.0001250 loss=0.847 ACC=80.896 F1=58.713 Rec=58.342 Prec=63.891
Train Client3 [25/50] LR=0.0001250 loss=0.175 ACC=96.875 F1=78.814 Rec=71.398 Prec=92.225
Train Client4 [25/50] LR=0.0001250 loss=0.146 ACC=96.979 F1=56.437 Rec=55.060 Prec=58.039
Train Client5 [25/50] LR=0.0001250 loss=0.499 ACC=91.250 F1=64.561 Rec=61.795 Prec=77.700
Train Client6 [25/50] LR=0.0001250 loss=1.035 ACC=62.500 F1=58.333 Rec=60.000 Prec=83.333
Train Client7 [25/50] LR=0.0001250 loss=6.132 ACC=15.625 F1=17.980 Rec=10.391 Prec=66.667

Val    [25/50] LR=0.0001250 loss=1.563 ACC=85.261 F1=63.812 Rec=60.300 Prec=81.792

Test-  OSR [25/50] LR=0.0001250 ACC=73.565 F1=41.700 Rec=42.693 Prec=49.913 UNK=0.000 OS*=56.924 HOS=0.000 AUROC=76.453 AUPR=21.943 OSCR=68.445
Test-Close [25/50] LR=0.0001250 loss=1.623 ACC=82.599 F1=60.555 Rec=56.924 Prec=81.440
Train Client0 [26/50] LR=0.0001250 loss=0.431 ACC=90.972 F1=53.613 Rec=52.087 Prec=55.593
Train Client1 [26/50] LR=0.0001250 loss=0.821 ACC=81.818 F1=74.074 Rec=72.237 Prec=76.495
Train Client2 [26/50] LR=0.0001250 loss=0.863 ACC=81.958 F1=57.554 Rec=57.771 Prec=58.478
Train Client3 [26/50] LR=0.0001250 loss=0.167 ACC=96.394 F1=55.550 Rec=52.690 Prec=59.579
Train Client4 [26/50] LR=0.0001250 loss=0.126 ACC=97.292 F1=58.269 Rec=58.287 Prec=58.251
Train Client5 [26/50] LR=0.0001250 loss=0.522 ACC=91.125 F1=65.514 Rec=61.745 Prec=77.441
Train Client6 [26/50] LR=0.0001250 loss=1.145 ACC=62.500 F1=58.333 Rec=60.000 Prec=83.333
Train Client7 [26/50] LR=0.0001250 loss=6.488 ACC=12.500 F1=15.000 Rec=8.466 Prec=66.667

Val    [26/50] LR=0.0001250 loss=1.544 ACC=85.374 F1=65.305 Rec=62.468 Prec=78.523

Test-  OSR [26/50] LR=0.0001250 ACC=74.644 F1=44.267 Rec=46.066 Prec=49.251 UNK=0.000 OS*=61.422 HOS=0.000 AUROC=75.070 AUPR=20.981 OSCR=67.796
Test-Close [26/50] LR=0.0001250 loss=1.603 ACC=83.811 F1=64.624 Rec=61.422 Prec=79.151
Train Client0 [27/50] LR=0.0001250 loss=0.465 ACC=89.861 F1=51.669 Rec=49.325 Prec=55.326
Train Client1 [27/50] LR=0.0001250 loss=0.795 ACC=81.605 F1=71.387 Rec=68.304 Prec=77.399
Train Client2 [27/50] LR=0.0001250 loss=0.788 ACC=82.075 F1=60.983 Rec=60.110 Prec=65.083
Train Client3 [27/50] LR=0.0001250 loss=0.134 ACC=97.837 F1=59.979 Rec=57.886 Prec=62.570
Train Client4 [27/50] LR=0.0001250 loss=0.121 ACC=97.656 F1=59.112 Rec=58.415 Prec=59.858
Train Client5 [27/50] LR=0.0001250 loss=0.481 ACC=91.500 F1=65.451 Rec=62.553 Prec=76.784
Train Client6 [27/50] LR=0.0001250 loss=1.099 ACC=56.250 F1=56.513 Rec=63.095 Prec=80.556
Train Client7 [27/50] LR=0.0001250 loss=6.269 ACC=9.375 F1=11.189 Rec=6.111 Prec=66.667

Val    [27/50] LR=0.0001250 loss=1.561 ACC=85.714 F1=63.717 Rec=62.314 Prec=82.710

Test-  OSR [27/50] LR=0.0001250 ACC=73.958 F1=41.300 Rec=43.979 Prec=48.312 UNK=0.000 OS*=58.639 HOS=0.000 AUROC=78.096 AUPR=24.465 OSCR=69.923
Test-Close [27/50] LR=0.0001250 loss=1.623 ACC=83.040 F1=60.472 Rec=58.639 Prec=80.818
Train Client0 [28/50] LR=0.0001250 loss=0.396 ACC=91.250 F1=54.050 Rec=51.669 Prec=57.582
Train Client1 [28/50] LR=0.0001250 loss=0.759 ACC=82.812 F1=73.831 Rec=71.685 Prec=76.915
Train Client2 [28/50] LR=0.0001250 loss=0.935 ACC=81.722 F1=57.491 Rec=57.480 Prec=62.909
Train Client3 [28/50] LR=0.0001250 loss=0.124 ACC=96.394 F1=76.667 Rec=69.864 Prec=89.241
Train Client4 [28/50] LR=0.0001250 loss=0.143 ACC=96.927 F1=56.292 Rec=55.353 Prec=57.333
Train Client5 [28/50] LR=0.0001250 loss=0.499 ACC=91.000 F1=65.266 Rec=62.573 Prec=73.568
Train Client6 [28/50] LR=0.0001250 loss=1.140 ACC=62.500 F1=46.465 Rec=52.381 Prec=50.000
Train Client7 [28/50] LR=0.0001250 loss=5.288 ACC=12.500 F1=14.259 Rec=40.056 Prec=67.816

Val    [28/50] LR=0.0001250 loss=1.550 ACC=86.621 F1=66.014 Rec=64.038 Prec=84.288

Test-  OSR [28/50] LR=0.0001250 ACC=74.203 F1=42.706 Rec=44.895 Prec=48.180 UNK=0.000 OS*=59.860 HOS=0.000 AUROC=75.710 AUPR=21.561 OSCR=68.297
Test-Close [28/50] LR=0.0001250 loss=1.610 ACC=83.315 F1=62.370 Rec=59.860 Prec=79.204
Train Client0 [29/50] LR=0.0001250 loss=0.406 ACC=90.417 F1=53.637 Rec=52.774 Prec=54.611
Train Client1 [29/50] LR=0.0001250 loss=0.736 ACC=83.168 F1=78.155 Rec=76.284 Prec=80.510
Train Client2 [29/50] LR=0.0001250 loss=1.000 ACC=80.542 F1=60.158 Rec=59.069 Prec=66.432
Train Client3 [29/50] LR=0.0001250 loss=0.222 ACC=96.635 F1=55.551 Rec=52.003 Prec=61.225
Train Client4 [29/50] LR=0.0001250 loss=0.117 ACC=97.708 F1=59.264 Rec=58.434 Prec=60.163
Train Client5 [29/50] LR=0.0001250 loss=0.466 ACC=90.125 F1=62.520 Rec=58.386 Prec=73.116
Train Client6 [29/50] LR=0.0001250 loss=1.333 ACC=62.500 F1=64.048 Rec=67.619 Prec=80.000
Train Client7 [29/50] LR=0.0001250 loss=6.100 ACC=15.625 F1=17.854 Rec=42.165 Prec=67.857

Val    [29/50] LR=0.0001250 loss=1.575 ACC=85.828 F1=63.913 Rec=62.102 Prec=84.940

Test-  OSR [29/50] LR=0.0001250 ACC=73.860 F1=41.186 Rec=43.676 Prec=49.686 UNK=0.000 OS*=58.234 HOS=0.000 AUROC=75.910 AUPR=21.995 OSCR=68.239
Test-Close [29/50] LR=0.0001250 loss=1.645 ACC=82.930 F1=60.340 Rec=58.234 Prec=81.828
Train Client0 [30/50] LR=0.0001250 loss=0.424 ACC=90.278 F1=52.131 Rec=49.710 Prec=55.959
Train Client1 [30/50] LR=0.0001250 loss=0.749 ACC=83.949 F1=77.026 Rec=74.695 Prec=80.289
Train Client2 [30/50] LR=0.0001250 loss=0.850 ACC=81.958 F1=55.672 Rec=56.559 Prec=54.832
Train Client3 [30/50] LR=0.0001250 loss=0.158 ACC=97.596 F1=58.969 Rec=56.436 Prec=62.293
Train Client4 [30/50] LR=0.0001250 loss=0.117 ACC=97.917 F1=60.069 Rec=58.819 Prec=61.467
Train Client5 [30/50] LR=0.0001250 loss=0.473 ACC=90.375 F1=62.450 Rec=59.803 Prec=69.868
Train Client6 [30/50] LR=0.0001250 loss=0.555 ACC=75.000 F1=68.889 Rec=68.333 Prec=87.879
Train Client7 [30/50] LR=0.0001250 loss=6.398 ACC=12.500 F1=14.080 Rec=39.841 Prec=67.816

Val    [30/50] LR=0.0001250 loss=1.554 ACC=85.828 F1=63.975 Rec=62.887 Prec=84.271

Test-  OSR [30/50] LR=0.0001250 ACC=73.860 F1=41.146 Rec=44.120 Prec=49.808 UNK=0.000 OS*=58.827 HOS=0.000 AUROC=75.108 AUPR=21.238 OSCR=67.752
Test-Close [30/50] LR=0.0001250 loss=1.615 ACC=82.930 F1=60.336 Rec=58.827 Prec=81.906
Train Client0 [31/50] LR=0.0001250 loss=0.395 ACC=90.000 F1=53.228 Rec=52.466 Prec=54.076
Train Client1 [31/50] LR=0.0001250 loss=0.733 ACC=82.599 F1=76.324 Rec=75.234 Prec=77.578
Train Client2 [31/50] LR=0.0001250 loss=0.717 ACC=84.670 F1=57.485 Rec=58.406 Prec=56.599
Train Client3 [31/50] LR=0.0001250 loss=0.162 ACC=98.077 F1=82.243 Rec=75.588 Prec=94.578
Train Client4 [31/50] LR=0.0001250 loss=0.118 ACC=97.344 F1=58.247 Rec=57.682 Prec=58.845
Train Client5 [31/50] LR=0.0001250 loss=0.452 ACC=90.875 F1=68.336 Rec=64.712 Prec=74.045
Train Client6 [31/50] LR=0.0001250 loss=1.307 ACC=56.250 F1=51.211 Rec=53.333 Prec=82.051
Train Client7 [31/50] LR=0.0001250 loss=5.523 ACC=21.875 F1=23.587 Rec=45.906 Prec=67.949

Val    [31/50] LR=0.0001250 loss=1.563 ACC=85.941 F1=65.155 Rec=63.210 Prec=86.861

Test-  OSR [31/50] LR=0.0001250 ACC=74.154 F1=41.876 Rec=44.502 Prec=50.592 UNK=0.000 OS*=59.336 HOS=0.000 AUROC=74.358 AUPR=20.664 OSCR=67.132
Test-Close [31/50] LR=0.0001250 loss=1.627 ACC=83.260 F1=61.475 Rec=59.336 Prec=81.761
Train Client0 [32/50] LR=0.0001250 loss=0.373 ACC=90.972 F1=53.427 Rec=51.430 Prec=56.235
Train Client1 [32/50] LR=0.0001250 loss=0.762 ACC=82.884 F1=75.261 Rec=73.037 Prec=78.375
Train Client2 [32/50] LR=0.0001250 loss=0.797 ACC=84.198 F1=59.320 Rec=59.353 Prec=72.809
Train Client3 [32/50] LR=0.0001250 loss=0.140 ACC=96.635 F1=77.187 Rec=68.585 Prec=92.831
Train Client4 [32/50] LR=0.0001250 loss=0.119 ACC=97.708 F1=75.714 Rec=69.215 Prec=93.414
Train Client5 [32/50] LR=0.0001250 loss=0.438 ACC=91.375 F1=67.814 Rec=64.692 Prec=73.376
Train Client6 [32/50] LR=0.0001250 loss=0.659 ACC=75.000 F1=75.926 Rec=77.778 Prec=87.879
Train Client7 [32/50] LR=0.0001250 loss=6.182 ACC=9.375 F1=10.525 Rec=37.865 Prec=51.149

Val    [32/50] LR=0.0001250 loss=1.549 ACC=86.395 F1=67.563 Rec=65.277 Prec=81.349

Test-  OSR [32/50] LR=0.0001250 ACC=74.301 F1=43.313 Rec=45.652 Prec=48.172 UNK=0.000 OS*=60.869 HOS=0.000 AUROC=74.108 AUPR=20.021 OSCR=67.102
Test-Close [32/50] LR=0.0001250 loss=1.616 ACC=83.425 F1=63.353 Rec=60.869 Prec=78.202
Train Client0 [33/50] LR=0.0001250 loss=0.430 ACC=90.278 F1=53.441 Rec=52.459 Prec=54.556
Train Client1 [33/50] LR=0.0001250 loss=0.748 ACC=83.665 F1=75.435 Rec=72.877 Prec=79.383
Train Client2 [33/50] LR=0.0001250 loss=0.839 ACC=83.962 F1=60.868 Rec=60.179 Prec=67.259
Train Client3 [33/50] LR=0.0001250 loss=0.153 ACC=96.394 F1=54.923 Rec=51.918 Prec=59.417
Train Client4 [33/50] LR=0.0001250 loss=0.118 ACC=97.604 F1=58.993 Rec=59.020 Prec=58.966
Train Client5 [33/50] LR=0.0001250 loss=0.442 ACC=91.125 F1=66.041 Rec=63.066 Prec=71.394
Train Client6 [33/50] LR=0.0001250 loss=0.677 ACC=62.500 F1=57.778 Rec=58.333 Prec=83.333
Train Client7 [33/50] LR=0.0001250 loss=5.611 ACC=18.750 F1=18.603 Rec=43.305 Prec=44.667

Val    [33/50] LR=0.0001250 loss=1.531 ACC=86.281 F1=69.150 Rec=65.519 Prec=82.225

Test-  OSR [33/50] LR=0.0001250 ACC=74.693 F1=44.437 Rec=45.907 Prec=48.451 UNK=0.000 OS*=61.209 HOS=0.000 AUROC=74.023 AUPR=19.688 OSCR=67.372
Test-Close [33/50] LR=0.0001250 loss=1.594 ACC=83.866 F1=64.914 Rec=61.209 Prec=78.635
Train Client0 [34/50] LR=0.0001250 loss=0.424 ACC=90.000 F1=52.822 Rec=51.570 Prec=54.327
Train Client1 [34/50] LR=0.0001250 loss=0.716 ACC=83.807 F1=77.176 Rec=75.465 Prec=79.335
Train Client2 [34/50] LR=0.0001250 loss=0.763 ACC=83.491 F1=56.742 Rec=57.732 Prec=55.922
Train Client3 [34/50] LR=0.0001250 loss=0.148 ACC=96.875 F1=58.011 Rec=54.290 Prec=63.609
Train Client4 [34/50] LR=0.0001250 loss=0.106 ACC=98.073 F1=76.556 Rec=69.655 Prec=94.748
Train Client5 [34/50] LR=0.0001250 loss=0.436 ACC=91.750 F1=67.943 Rec=64.622 Prec=74.410
Train Client6 [34/50] LR=0.0001250 loss=0.914 ACC=68.750 F1=64.244 Rec=65.000 Prec=86.111
Train Client7 [34/50] LR=0.0001250 loss=6.086 ACC=21.875 F1=25.485 Rec=47.953 Prec=67.949

Val    [34/50] LR=0.0001250 loss=1.532 ACC=86.735 F1=69.141 Rec=65.183 Prec=85.344

Test-  OSR [34/50] LR=0.0001250 ACC=74.497 F1=43.954 Rec=45.384 Prec=49.243 UNK=0.000 OS*=60.512 HOS=0.000 AUROC=73.917 AUPR=19.729 OSCR=67.059
Test-Close [34/50] LR=0.0001250 loss=1.599 ACC=83.645 F1=64.284 Rec=60.512 Prec=79.618
>> New learning Rate: 6.25e-05
Train Client0 [35/50] LR=0.0000625 loss=0.361 ACC=92.222 F1=55.474 Rec=53.513 Prec=58.046
Train Client1 [35/50] LR=0.0000625 loss=0.721 ACC=83.097 F1=75.451 Rec=74.343 Prec=76.762
Train Client2 [35/50] LR=0.0000625 loss=0.740 ACC=83.844 F1=63.591 Rec=62.738 Prec=67.866
Train Client3 [35/50] LR=0.0000625 loss=0.134 ACC=96.875 F1=71.116 Rec=71.398 Prec=73.099
Train Client4 [35/50] LR=0.0000625 loss=0.072 ACC=98.542 F1=83.984 Rec=83.718 Prec=84.255
Train Client5 [35/50] LR=0.0000625 loss=0.401 ACC=91.000 F1=63.931 Rec=61.697 Prec=67.885
Train Client6 [35/50] LR=0.0000625 loss=0.980 ACC=62.500 F1=55.714 Rec=55.000 Prec=84.615
Train Client7 [35/50] LR=0.0000625 loss=7.805 ACC=12.500 F1=16.054 Rec=9.235 Prec=66.667

Val    [35/50] LR=0.0000625 loss=1.542 ACC=86.508 F1=68.103 Rec=65.601 Prec=79.012

Test-  OSR [35/50] LR=0.0000625 ACC=74.939 F1=45.247 Rec=47.080 Prec=49.898 UNK=0.000 OS*=62.773 HOS=0.000 AUROC=73.147 AUPR=19.199 OSCR=66.444
Test-Close [35/50] LR=0.0000625 loss=1.616 ACC=84.141 F1=66.044 Rec=62.773 Prec=80.050
Train Client0 [36/50] LR=0.0000625 loss=0.381 ACC=90.833 F1=54.087 Rec=52.677 Prec=55.804
Train Client1 [36/50] LR=0.0000625 loss=0.676 ACC=83.878 F1=75.893 Rec=74.119 Prec=78.188
Train Client2 [36/50] LR=0.0000625 loss=0.676 ACC=83.255 F1=66.355 Rec=64.323 Prec=72.509
Train Client3 [36/50] LR=0.0000625 loss=0.128 ACC=97.356 F1=79.523 Rec=71.569 Prec=93.773
Train Client4 [36/50] LR=0.0000625 loss=0.088 ACC=98.177 F1=73.989 Rec=70.627 Prec=78.584
Train Client5 [36/50] LR=0.0000625 loss=0.393 ACC=91.500 F1=64.046 Rec=62.665 Prec=69.925
Train Client6 [36/50] LR=0.0000625 loss=1.094 ACC=68.750 F1=68.519 Rec=71.111 Prec=83.333
Train Client7 [36/50] LR=0.0000625 loss=6.882 ACC=15.625 F1=19.020 Rec=12.011 Prec=66.667

Val    [36/50] LR=0.0000625 loss=1.547 ACC=86.621 F1=69.014 Rec=65.930 Prec=80.896

Test-  OSR [36/50] LR=0.0000625 ACC=75.233 F1=45.880 Rec=47.908 Prec=49.073 UNK=0.000 OS*=63.877 HOS=0.000 AUROC=73.303 AUPR=19.418 OSCR=66.601
Test-Close [36/50] LR=0.0000625 loss=1.621 ACC=84.471 F1=67.005 Rec=63.877 Prec=78.768
Train Client0 [37/50] LR=0.0000625 loss=0.366 ACC=91.250 F1=54.760 Rec=53.134 Prec=56.757
Train Client1 [37/50] LR=0.0000625 loss=0.697 ACC=84.091 F1=77.993 Rec=76.825 Prec=79.344
Train Client2 [37/50] LR=0.0000625 loss=0.687 ACC=83.844 F1=58.863 Rec=59.309 Prec=60.285
Train Client3 [37/50] LR=0.0000625 loss=0.163 ACC=96.875 F1=74.254 Rec=72.762 Prec=75.990
Train Client4 [37/50] LR=0.0000625 loss=0.070 ACC=98.542 F1=84.211 Rec=83.406 Prec=85.069
Train Client5 [37/50] LR=0.0000625 loss=0.369 ACC=91.875 F1=70.316 Rec=67.661 Prec=75.116
Train Client6 [37/50] LR=0.0000625 loss=1.067 ACC=68.750 F1=67.419 Rec=72.222 Prec=86.111
Train Client7 [37/50] LR=0.0000625 loss=8.678 ACC=12.500 F1=14.683 Rec=8.466 Prec=55.556

Val    [37/50] LR=0.0000625 loss=1.540 ACC=86.621 F1=69.838 Rec=66.216 Prec=78.977

Test-  OSR [37/50] LR=0.0000625 ACC=75.233 F1=46.321 Rec=47.752 Prec=48.659 UNK=0.000 OS*=63.669 HOS=0.000 AUROC=73.191 AUPR=19.790 OSCR=66.500
Test-Close [37/50] LR=0.0000625 loss=1.621 ACC=84.471 F1=67.548 Rec=63.669 Prec=78.048
Train Client0 [38/50] LR=0.0000625 loss=0.385 ACC=91.806 F1=55.319 Rec=53.728 Prec=57.283
Train Client1 [38/50] LR=0.0000625 loss=0.688 ACC=83.594 F1=75.600 Rec=73.726 Prec=78.077
Train Client2 [38/50] LR=0.0000625 loss=0.695 ACC=83.608 F1=64.388 Rec=63.553 Prec=66.961
Train Client3 [38/50] LR=0.0000625 loss=0.144 ACC=97.356 F1=58.885 Rec=56.351 Prec=62.209
Train Client4 [38/50] LR=0.0000625 loss=0.072 ACC=98.490 F1=78.545 Rec=72.607 Prec=95.607
Train Client5 [38/50] LR=0.0000625 loss=0.398 ACC=91.375 F1=71.908 Rec=68.746 Prec=76.113
Train Client6 [38/50] LR=0.0000625 loss=1.176 ACC=62.500 F1=43.333 Rec=47.619 Prec=51.282
Train Client7 [38/50] LR=0.0000625 loss=5.873 ACC=25.000 F1=29.038 Rec=50.455 Prec=68.000

Val    [38/50] LR=0.0000625 loss=1.546 ACC=86.848 F1=70.043 Rec=66.565 Prec=80.470

Test-  OSR [38/50] LR=0.0000625 ACC=75.086 F1=45.863 Rec=47.504 Prec=48.642 UNK=0.000 OS*=63.339 HOS=0.000 AUROC=74.414 AUPR=19.947 OSCR=67.490
Test-Close [38/50] LR=0.0000625 loss=1.625 ACC=84.306 F1=66.941 Rec=63.339 Prec=78.478
Train Client0 [39/50] LR=0.0000625 loss=0.354 ACC=92.222 F1=55.974 Rec=54.944 Prec=57.156
Train Client1 [39/50] LR=0.0000625 loss=0.661 ACC=84.091 F1=75.989 Rec=74.075 Prec=78.520
Train Client2 [39/50] LR=0.0000625 loss=0.803 ACC=84.316 F1=63.917 Rec=63.009 Prec=68.030
Train Client3 [39/50] LR=0.0000625 loss=0.138 ACC=96.635 F1=71.633 Rec=67.927 Prec=77.655
Train Client4 [39/50] LR=0.0000625 loss=0.077 ACC=98.542 F1=88.508 Rec=83.406 Prec=95.870
Train Client5 [39/50] LR=0.0000625 loss=0.410 ACC=91.500 F1=68.423 Rec=64.968 Prec=75.970
Train Client6 [39/50] LR=0.0000625 loss=0.807 ACC=62.500 F1=53.159 Rec=60.000 Prec=51.515
Train Client7 [39/50] LR=0.0000625 loss=7.329 ACC=15.625 F1=16.234 Rec=41.453 Prec=59.568

Val    [39/50] LR=0.0000625 loss=1.558 ACC=87.075 F1=70.814 Rec=66.676 Prec=82.036

Test-  OSR [39/50] LR=0.0000625 ACC=74.841 F1=45.392 Rec=46.795 Prec=47.718 UNK=0.000 OS*=62.393 HOS=0.000 AUROC=75.060 AUPR=21.004 OSCR=68.020
Test-Close [39/50] LR=0.0000625 loss=1.639 ACC=84.031 F1=66.492 Rec=62.393 Prec=78.319
Train Client0 [40/50] LR=0.0000625 loss=0.347 ACC=92.222 F1=55.935 Rec=54.520 Prec=57.634
Train Client1 [40/50] LR=0.0000625 loss=0.649 ACC=85.938 F1=77.160 Rec=74.459 Prec=81.427
Train Client2 [40/50] LR=0.0000625 loss=0.796 ACC=85.142 F1=66.236 Rec=64.551 Prec=72.320
Train Client3 [40/50] LR=0.0000625 loss=0.095 ACC=97.115 F1=79.438 Rec=72.387 Prec=92.309
Train Client4 [40/50] LR=0.0000625 loss=0.070 ACC=98.594 F1=84.229 Rec=83.425 Prec=85.087
Train Client5 [40/50] LR=0.0000625 loss=0.398 ACC=91.750 F1=68.119 Rec=65.115 Prec=74.556
Train Client6 [40/50] LR=0.0000625 loss=1.066 ACC=75.000 F1=73.889 Rec=72.222 Prec=86.667
Train Client7 [40/50] LR=0.0000625 loss=7.043 ACC=25.000 F1=31.077 Rec=52.694 Prec=68.000

Val    [40/50] LR=0.0000625 loss=1.565 ACC=86.168 F1=68.515 Rec=65.999 Prec=77.674

Test-  OSR [40/50] LR=0.0000625 ACC=75.086 F1=45.883 Rec=48.035 Prec=49.227 UNK=0.000 OS*=64.047 HOS=0.000 AUROC=72.293 AUPR=18.668 OSCR=65.566
Test-Close [40/50] LR=0.0000625 loss=1.644 ACC=84.306 F1=67.051 Rec=64.047 Prec=79.451
Train Client0 [41/50] LR=0.0000625 loss=0.340 ACC=91.944 F1=55.542 Rec=54.152 Prec=57.214
Train Client1 [41/50] LR=0.0000625 loss=0.648 ACC=85.085 F1=78.943 Rec=78.049 Prec=79.940
Train Client2 [41/50] LR=0.0000625 loss=0.673 ACC=84.552 F1=64.064 Rec=62.939 Prec=67.934
Train Client3 [41/50] LR=0.0000625 loss=0.114 ACC=98.317 F1=83.449 Rec=77.366 Prec=95.115
Train Client4 [41/50] LR=0.0000625 loss=0.063 ACC=98.490 F1=83.965 Rec=83.700 Prec=84.237
Train Client5 [41/50] LR=0.0000625 loss=0.401 ACC=91.875 F1=70.728 Rec=66.972 Prec=77.023
Train Client6 [41/50] LR=0.0000625 loss=1.557 ACC=68.750 F1=63.175 Rec=62.222 Prec=87.179
Train Client7 [41/50] LR=0.0000625 loss=6.525 ACC=12.500 F1=14.997 Rec=40.643 Prec=51.190

Val    [41/50] LR=0.0000625 loss=1.540 ACC=86.848 F1=70.219 Rec=67.362 Prec=79.523

Test-  OSR [41/50] LR=0.0000625 ACC=74.988 F1=45.943 Rec=47.655 Prec=47.918 UNK=0.000 OS*=63.539 HOS=0.000 AUROC=74.876 AUPR=20.420 OSCR=67.739
Test-Close [41/50] LR=0.0000625 loss=1.627 ACC=84.196 F1=67.179 Rec=63.539 Prec=78.298
Train Client0 [42/50] LR=0.0000625 loss=0.372 ACC=90.972 F1=54.416 Rec=53.251 Prec=55.780
Train Client1 [42/50] LR=0.0000625 loss=0.651 ACC=84.659 F1=78.069 Rec=76.421 Prec=80.109
Train Client2 [42/50] LR=0.0000625 loss=0.692 ACC=84.434 F1=62.825 Rec=61.886 Prec=69.141
Train Client3 [42/50] LR=0.0000625 loss=0.119 ACC=96.875 F1=74.819 Rec=76.854 Prec=73.112
Train Client4 [42/50] LR=0.0000625 loss=0.056 ACC=99.010 F1=96.578 Rec=95.599 Prec=97.635
Train Client5 [42/50] LR=0.0000625 loss=0.426 ACC=89.875 F1=65.251 Rec=63.224 Prec=68.116
Train Client6 [42/50] LR=0.0000625 loss=0.909 ACC=68.750 F1=64.270 Rec=66.667 Prec=84.848
Train Client7 [42/50] LR=0.0000625 loss=7.148 ACC=18.750 F1=22.063 Rec=45.175 Prec=67.901

Val    [42/50] LR=0.0000625 loss=1.563 ACC=85.828 F1=67.326 Rec=63.999 Prec=78.472

Test-  OSR [42/50] LR=0.0000625 ACC=74.301 F1=43.609 Rec=45.402 Prec=47.647 UNK=0.000 OS*=60.536 HOS=0.000 AUROC=72.911 AUPR=18.928 OSCR=66.027
Test-Close [42/50] LR=0.0000625 loss=1.656 ACC=83.425 F1=63.809 Rec=60.536 Prec=78.590
Train Client0 [43/50] LR=0.0000625 loss=0.362 ACC=91.944 F1=55.516 Rec=53.595 Prec=58.070
Train Client1 [43/50] LR=0.0000625 loss=0.604 ACC=86.861 F1=80.639 Rec=79.278 Prec=82.238
Train Client2 [43/50] LR=0.0000625 loss=0.637 ACC=84.552 F1=65.835 Rec=64.095 Prec=71.834
Train Client3 [43/50] LR=0.0000625 loss=0.116 ACC=96.635 F1=75.379 Rec=67.206 Prec=90.278
Train Client4 [43/50] LR=0.0000625 loss=0.061 ACC=98.906 F1=76.602 Rec=73.689 Prec=80.665
Train Client5 [43/50] LR=0.0000625 loss=0.369 ACC=92.375 F1=70.382 Rec=67.063 Prec=77.127
Train Client6 [43/50] LR=0.0000625 loss=0.929 ACC=75.000 F1=68.889 Rec=68.333 Prec=87.879
Train Client7 [43/50] LR=0.0000625 loss=6.858 ACC=25.000 F1=29.038 Rec=50.455 Prec=68.000

Val    [43/50] LR=0.0000625 loss=1.550 ACC=86.735 F1=69.505 Rec=66.515 Prec=79.803

Test-  OSR [43/50] LR=0.0000625 ACC=74.792 F1=44.990 Rec=47.111 Prec=48.323 UNK=0.000 OS*=62.814 HOS=0.000 AUROC=72.743 AUPR=19.699 OSCR=65.856
Test-Close [43/50] LR=0.0000625 loss=1.639 ACC=83.976 F1=65.773 Rec=62.814 Prec=78.094
Train Client0 [44/50] LR=0.0000625 loss=0.357 ACC=91.806 F1=55.829 Rec=55.138 Prec=56.577
Train Client1 [44/50] LR=0.0000625 loss=0.654 ACC=85.653 F1=77.658 Rec=75.906 Prec=79.920
Train Client2 [44/50] LR=0.0000625 loss=0.816 ACC=84.434 F1=64.121 Rec=62.932 Prec=68.858
Train Client3 [44/50] LR=0.0000625 loss=0.168 ACC=96.394 F1=85.084 Rec=80.989 Prec=93.367
Train Client4 [44/50] LR=0.0000625 loss=0.060 ACC=99.062 F1=96.742 Rec=95.618 Prec=97.970
Train Client5 [44/50] LR=0.0000625 loss=0.375 ACC=92.750 F1=73.068 Rec=70.500 Prec=77.731
Train Client6 [44/50] LR=0.0000625 loss=1.392 ACC=56.250 F1=54.132 Rec=58.889 Prec=80.556
Train Client7 [44/50] LR=0.0000625 loss=9.024 ACC=12.500 F1=14.448 Rec=8.333 Prec=66.667

Val    [44/50] LR=0.0000625 loss=1.558 ACC=86.054 F1=68.116 Rec=64.896 Prec=78.679

Test-  OSR [44/50] LR=0.0000625 ACC=74.743 F1=44.691 Rec=46.377 Prec=48.318 UNK=0.000 OS*=61.836 HOS=0.000 AUROC=74.134 AUPR=20.146 OSCR=66.937
Test-Close [44/50] LR=0.0000625 loss=1.647 ACC=83.921 F1=65.274 Rec=61.836 Prec=79.030
Train Client0 [45/50] LR=0.0000625 loss=0.375 ACC=90.972 F1=53.806 Rec=52.246 Prec=55.739
Train Client1 [45/50] LR=0.0000625 loss=0.628 ACC=86.364 F1=78.795 Rec=76.845 Prec=81.361
Train Client2 [45/50] LR=0.0000625 loss=0.753 ACC=84.080 F1=60.741 Rec=60.365 Prec=63.841
Train Client3 [45/50] LR=0.0000625 loss=0.143 ACC=98.077 F1=82.568 Rec=73.188 Prec=99.332
Train Client4 [45/50] LR=0.0000625 loss=0.057 ACC=98.906 F1=89.807 Rec=85.093 Prec=96.750
Train Client5 [45/50] LR=0.0000625 loss=0.346 ACC=93.250 F1=75.493 Rec=71.540 Prec=82.090
Train Client6 [45/50] LR=0.0000625 loss=0.918 ACC=81.250 F1=81.296 Rec=80.000 Prec=88.889
Train Client7 [45/50] LR=0.0000625 loss=7.154 ACC=18.750 F1=20.326 Rec=43.978 Prec=59.615

Val    [45/50] LR=0.0000625 loss=1.530 ACC=86.961 F1=72.069 Rec=67.983 Prec=79.804

Test-  OSR [45/50] LR=0.0000625 ACC=75.478 F1=47.011 Rec=48.576 Prec=47.359 UNK=0.000 OS*=64.768 HOS=0.000 AUROC=75.144 AUPR=21.874 OSCR=67.861
Test-Close [45/50] LR=0.0000625 loss=1.617 ACC=84.747 F1=69.045 Rec=64.768 Prec=78.564
Train Client0 [46/50] LR=0.0000625 loss=0.331 ACC=92.639 F1=56.477 Rec=55.807 Prec=57.209
Train Client1 [46/50] LR=0.0000625 loss=0.615 ACC=87.358 F1=80.331 Rec=79.030 Prec=81.860
Train Client2 [46/50] LR=0.0000625 loss=0.851 ACC=82.429 F1=59.507 Rec=59.339 Prec=61.600
Train Client3 [46/50] LR=0.0000625 loss=0.116 ACC=96.635 F1=72.216 Rec=68.585 Prec=77.970
Train Client4 [46/50] LR=0.0000625 loss=0.067 ACC=98.750 F1=75.984 Rec=73.634 Prec=79.447
Train Client5 [46/50] LR=0.0000625 loss=0.391 ACC=92.125 F1=71.829 Rec=68.277 Prec=77.604
Train Client6 [46/50] LR=0.0000625 loss=1.403 ACC=62.500 F1=58.611 Rec=62.222 Prec=81.818
Train Client7 [46/50] LR=0.0000625 loss=7.047 ACC=21.875 F1=24.593 Rec=46.930 Prec=59.667

Val    [46/50] LR=0.0000625 loss=1.529 ACC=86.848 F1=71.016 Rec=66.851 Prec=81.118

Test-  OSR [46/50] LR=0.0000625 ACC=75.429 F1=46.742 Rec=48.366 Prec=48.661 UNK=0.000 OS*=64.487 HOS=0.000 AUROC=73.537 AUPR=19.570 OSCR=66.799
Test-Close [46/50] LR=0.0000625 loss=1.619 ACC=84.692 F1=68.420 Rec=64.487 Prec=79.005
>> New learning Rate: 3.125e-05
Train Client0 [47/50] LR=0.0000313 loss=0.334 ACC=90.972 F1=54.255 Rec=52.087 Prec=57.199
Train Client1 [47/50] LR=0.0000313 loss=0.632 ACC=84.162 F1=78.516 Rec=77.815 Prec=79.482
Train Client2 [47/50] LR=0.0000313 loss=0.788 ACC=81.250 F1=63.725 Rec=63.373 Prec=66.457
Train Client3 [47/50] LR=0.0000313 loss=0.120 ACC=97.115 F1=71.800 Rec=71.483 Prec=74.939
Train Client4 [47/50] LR=0.0000313 loss=0.053 ACC=98.958 F1=89.792 Rec=84.800 Prec=97.031
Train Client5 [47/50] LR=0.0000313 loss=0.364 ACC=91.250 F1=71.280 Rec=68.710 Prec=74.697
Train Client6 [47/50] LR=0.0000313 loss=1.224 ACC=68.750 F1=65.831 Rec=63.333 Prec=86.111
Train Client7 [47/50] LR=0.0000313 loss=9.136 ACC=9.375 F1=8.696 Rec=5.000 Prec=33.333

Val    [47/50] LR=0.0000313 loss=1.554 ACC=86.621 F1=70.065 Rec=66.739 Prec=79.501

Test-  OSR [47/50] LR=0.0000313 ACC=74.841 F1=45.511 Rec=47.234 Prec=48.036 UNK=0.000 OS*=62.979 HOS=0.000 AUROC=74.044 AUPR=20.138 OSCR=66.865
Test-Close [47/50] LR=0.0000313 loss=1.648 ACC=84.031 F1=66.645 Rec=62.979 Prec=78.485
Train Client0 [48/50] LR=0.0000313 loss=0.338 ACC=92.500 F1=56.178 Rec=54.583 Prec=58.125
Train Client1 [48/50] LR=0.0000313 loss=0.623 ACC=86.293 F1=78.543 Rec=78.146 Prec=79.118
Train Client2 [48/50] LR=0.0000313 loss=0.662 ACC=83.726 F1=66.598 Rec=66.008 Prec=68.724
Train Client3 [48/50] LR=0.0000313 loss=0.117 ACC=96.875 F1=73.840 Rec=71.398 Prec=77.020
Train Client4 [48/50] LR=0.0000313 loss=0.050 ACC=98.906 F1=85.339 Rec=84.782 Prec=85.920
Train Client5 [48/50] LR=0.0000313 loss=0.354 ACC=92.000 F1=70.079 Rec=66.256 Prec=78.822
Train Client6 [48/50] LR=0.0000313 loss=0.661 ACC=75.000 F1=73.889 Rec=72.222 Prec=86.667
Train Client7 [48/50] LR=0.0000313 loss=8.502 ACC=6.250 F1=6.667 Rec=3.704 Prec=33.333

Val    [48/50] LR=0.0000313 loss=1.553 ACC=86.621 F1=70.214 Rec=67.007 Prec=78.974

Test-  OSR [48/50] LR=0.0000313 ACC=74.939 F1=45.502 Rec=47.709 Prec=47.893 UNK=0.000 OS*=63.611 HOS=0.000 AUROC=73.007 AUPR=19.376 OSCR=65.980
Test-Close [48/50] LR=0.0000313 loss=1.652 ACC=84.141 F1=66.709 Rec=63.611 Prec=78.196
Train Client0 [49/50] LR=0.0000313 loss=0.321 ACC=92.083 F1=55.717 Rec=54.466 Prec=57.174
Train Client1 [49/50] LR=0.0000313 loss=0.620 ACC=86.151 F1=79.180 Rec=78.216 Prec=80.303
Train Client2 [49/50] LR=0.0000313 loss=0.646 ACC=83.608 F1=67.632 Rec=66.935 Prec=69.488
Train Client3 [49/50] LR=0.0000313 loss=0.151 ACC=96.394 F1=74.786 Rec=66.412 Prec=90.194
Train Client4 [49/50] LR=0.0000313 loss=0.043 ACC=99.323 F1=93.099 Rec=97.268 Prec=90.145
Train Client5 [49/50] LR=0.0000313 loss=0.362 ACC=92.625 F1=72.789 Rec=70.780 Prec=75.692
Train Client6 [49/50] LR=0.0000313 loss=1.354 ACC=68.750 F1=60.952 Rec=58.333 Prec=87.179
Train Client7 [49/50] LR=0.0000313 loss=8.285 ACC=12.500 F1=10.667 Rec=6.667 Prec=26.667

Val    [49/50] LR=0.0000313 loss=1.563 ACC=86.395 F1=69.837 Rec=66.646 Prec=78.919

Test-  OSR [49/50] LR=0.0000313 ACC=74.988 F1=45.642 Rec=47.554 Prec=48.449 UNK=0.000 OS*=63.405 HOS=0.000 AUROC=73.695 AUPR=19.585 OSCR=66.619
Test-Close [49/50] LR=0.0000313 loss=1.666 ACC=84.196 F1=66.823 Rec=63.405 Prec=78.688
------>Best performance (by OSCR)--->>>>>>>

Test-  OSR [22/50] LR=0.0002500 ACC=71.506 F1=34.533 Rec=37.662 Prec=46.292 UNK=0.000 OS*=50.217 HOS=0.000 AUROC=80.774 AUPR=27.298 OSCR=70.541
Test-Close [22/50] LR=0.0002500 loss=1.657 ACC=80.286 F1=50.964 Rec=50.217 Prec=85.192
=====================================================================================================================================
The ending time ：2026-06-27 00:05:43
