Logging to: ./logs/HAM10000_Pretrain_K5_U2_seed0_20260625_190820.log
==> Preparing data..
Protocol mode: hard
Fixed known classes: ['nv', 'bkl', 'bcc', 'akiec', 'vasc']
Fixed unknown classes: ['mel', 'df']
Known class list: [0 2 3 4 5] Unknown class list [1 6]
Loaded 10015 images from 7470 lesions
Class distribution: [(0, 6705), (1, 1113), (2, 1099), (3, 514), (4, 327), (5, 142), (6, 115)]
Train: 6987, Val: 989, Test: 2039
Train class distribution: [(0, 4680), (1, 780), (2, 759), (3, 356), (4, 230), (5, 103), (6, 79)]
{0: 0, 2: 1, 3: 2, 4: 3, 5: 4} {1: 5, 6: 6}
Known origin: [0 2 3 4 5] , new: [0 1 2 3 4]
Unknown origin: [1 6] , new: [5 6]
Known/Unknown in Train: 6128/859
Known/Unknown in Val:   868/121
Known/Unknown in Test:  1791/248
Client0 sample num: 803
Client1 sample num: 1392
Client2 sample num: 655
Client3 sample num: 430
Client4 sample num: 1872
Client5 sample num: 796
Client6 sample num: 39
Client7 sample num: 141

>>> Setting up
==> Using device: cuda:0
==> Building [Resnet18] model..
154
120
Train Client0 [0/200] LR=0.0005000 loss=1.174 ACC=79.500 F1=54.372 Rec=53.517 Prec=55.416
Train Client1 [0/200] LR=0.0005000 loss=1.416 ACC=72.629 F1=36.559 Rec=34.690 Prec=43.275
Train Client2 [0/200] LR=0.0005000 loss=1.592 ACC=73.594 F1=37.472 Rec=37.298 Prec=38.134
Train Client3 [0/200] LR=0.0005000 loss=1.041 ACC=85.577 F1=28.426 Rec=29.582 Prec=27.691
Train Client4 [0/200] LR=0.0005000 loss=0.346 ACC=95.673 F1=24.631 Rec=23.455 Prec=26.997
Train Client5 [0/200] LR=0.0005000 loss=1.120 ACC=83.036 F1=32.284 Rec=32.000 Prec=32.661
Train Client6 [0/200] LR=0.0005000 loss=3.268 ACC=31.250 F1=26.022 Rec=31.492 Prec=27.714
Train Client7 [0/200] LR=0.0005000 loss=1.930 ACC=63.281 F1=39.885 Rec=40.874 Prec=40.775

Val    [0/200] LR=0.0005000 loss=2.393 ACC=77.189 F1=17.425 Rec=20.000 Prec=15.438

Test-  OSR [0/200] LR=0.0005000 ACC=66.454 F1=13.308 Rec=16.667 Prec=11.076 UNK=0.000 OS*=20.000 HOS=0.000 AUROC=68.362 AUPR=17.846 OSCR=61.472
Test-Close [0/200] LR=0.0005000 loss=2.441 ACC=75.656 F1=17.228 Rec=20.000 Prec=15.131
Saving best model . . . . . . . .

Train Client0 [1/200] LR=0.0005000 loss=0.924 ACC=82.500 F1=48.456 Rec=45.364 Prec=53.005
Train Client1 [1/200] LR=0.0005000 loss=1.173 ACC=77.155 F1=44.437 Rec=41.163 Prec=54.085
Train Client2 [1/200] LR=0.0005000 loss=1.283 ACC=78.906 F1=37.913 Rec=38.041 Prec=45.561
Train Client3 [1/200] LR=0.0005000 loss=0.583 ACC=91.106 F1=22.067 Rec=21.960 Prec=22.710
Train Client4 [1/200] LR=0.0005000 loss=0.273 ACC=96.581 F1=21.008 Rec=20.741 Prec=22.753
Train Client5 [1/200] LR=0.0005000 loss=0.907 ACC=83.929 F1=31.429 Rec=30.788 Prec=33.338
Train Client6 [1/200] LR=0.0005000 loss=2.872 ACC=43.750 F1=24.282 Rec=27.857 Prec=47.857
Train Client7 [1/200] LR=0.0005000 loss=4.412 ACC=17.969 F1=15.798 Rec=11.863 Prec=36.118

Val    [1/200] LR=0.0005000 loss=2.333 ACC=77.189 F1=17.425 Rec=20.000 Prec=15.438

Test-  OSR [1/200] LR=0.0005000 ACC=66.454 F1=13.308 Rec=16.667 Prec=11.076 UNK=0.000 OS*=20.000 HOS=0.000 AUROC=66.930 AUPR=16.800 OSCR=61.000
Test-Close [1/200] LR=0.0005000 loss=2.377 ACC=75.656 F1=17.228 Rec=20.000 Prec=15.131
Train Client0 [2/200] LR=0.0005000 loss=0.906 ACC=81.250 F1=49.207 Rec=49.228 Prec=49.278
Train Client1 [2/200] LR=0.0005000 loss=1.267 ACC=73.707 F1=38.514 Rec=37.466 Prec=40.478
Train Client2 [2/200] LR=0.0005000 loss=1.102 ACC=81.094 F1=37.680 Rec=37.960 Prec=45.786
Train Client3 [2/200] LR=0.0005000 loss=0.574 ACC=93.269 F1=41.524 Rec=36.847 Prec=58.897
Train Client4 [2/200] LR=0.0005000 loss=0.254 ACC=97.062 F1=24.367 Rec=22.913 Prec=30.242
Train Client5 [2/200] LR=0.0005000 loss=0.854 ACC=85.714 F1=29.091 Rec=27.679 Prec=37.562
Train Client6 [2/200] LR=0.0005000 loss=3.108 ACC=31.250 F1=12.636 Rec=22.000 Prec=25.806
Train Client7 [2/200] LR=0.0005000 loss=4.303 ACC=12.500 F1=13.792 Rec=28.543 Prec=39.524

Val    [2/200] LR=0.0005000 loss=2.365 ACC=77.189 F1=17.425 Rec=20.000 Prec=15.438

Test-  OSR [2/200] LR=0.0005000 ACC=66.454 F1=13.308 Rec=16.667 Prec=11.076 UNK=0.000 OS*=20.000 HOS=0.000 AUROC=69.123 AUPR=18.682 OSCR=61.748
Test-Close [2/200] LR=0.0005000 loss=2.415 ACC=75.656 F1=17.228 Rec=20.000 Prec=15.131
Saving best model . . . . . . . .

Train Client0 [3/200] LR=0.0005000 loss=0.929 ACC=81.375 F1=50.934 Rec=49.694 Prec=53.651
Train Client1 [3/200] LR=0.0005000 loss=1.192 ACC=74.497 F1=35.183 Rec=34.532 Prec=36.746
Train Client2 [3/200] LR=0.0005000 loss=1.134 ACC=79.375 F1=36.092 Rec=36.636 Prec=44.363
Train Client3 [3/200] LR=0.0005000 loss=0.439 ACC=92.308 F1=56.541 Rec=54.057 Prec=61.472
Train Client4 [3/200] LR=0.0005000 loss=0.189 ACC=97.169 F1=24.389 Rec=22.935 Prec=30.264
Train Client5 [3/200] LR=0.0005000 loss=0.774 ACC=85.332 F1=32.172 Rec=31.992 Prec=32.728
Train Client6 [3/200] LR=0.0005000 loss=2.387 ACC=28.125 F1=13.721 Rec=23.636 Prec=24.667
Train Client7 [3/200] LR=0.0005000 loss=4.838 ACC=3.125 F1=8.317 Rec=25.000 Prec=20.160

Val    [3/200] LR=0.0005000 loss=2.253 ACC=77.650 F1=20.548 Rec=21.667 Prec=35.509

Test-  OSR [3/200] LR=0.0005000 ACC=66.846 F1=15.584 Rec=17.879 Prec=25.940 UNK=0.000 OS*=21.455 HOS=0.000 AUROC=68.913 AUPR=17.769 OSCR=62.343
Test-Close [3/200] LR=0.0005000 loss=2.298 ACC=76.103 F1=19.984 Rec=21.455 Prec=35.199
Saving best model . . . . . . . .

Train Client0 [4/200] LR=0.0005000 loss=0.766 ACC=83.875 F1=48.694 Rec=46.402 Prec=52.576
Train Client1 [4/200] LR=0.0005000 loss=1.097 ACC=77.227 F1=45.990 Rec=43.377 Prec=52.152
Train Client2 [4/200] LR=0.0005000 loss=1.114 ACC=80.625 F1=51.398 Rec=46.987 Prec=66.710
Train Client3 [4/200] LR=0.0005000 loss=0.536 ACC=92.067 F1=26.880 Rec=25.294 Prec=31.167
Train Client4 [4/200] LR=0.0005000 loss=0.206 ACC=97.382 F1=28.397 Rec=26.709 Prec=31.451
Train Client5 [4/200] LR=0.0005000 loss=0.803 ACC=87.117 F1=39.542 Rec=37.190 Prec=46.896
Train Client6 [4/200] LR=0.0005000 loss=3.265 ACC=34.375 F1=15.628 Rec=23.636 Prec=26.207
Train Client7 [4/200] LR=0.0005000 loss=5.731 ACC=6.250 F1=14.333 Rec=31.667 Prec=17.668

Val    [4/200] LR=0.0005000 loss=2.287 ACC=77.535 F1=19.778 Rec=21.250 Prec=30.509

Test-  OSR [4/200] LR=0.0005000 ACC=66.454 F1=13.316 Rec=16.667 Prec=11.087 UNK=0.000 OS*=20.000 HOS=0.000 AUROC=70.070 AUPR=18.838 OSCR=62.913
Test-Close [4/200] LR=0.0005000 loss=2.342 ACC=75.656 F1=17.239 Rec=20.000 Prec=15.148
Saving best model . . . . . . . .

Train Client0 [5/200] LR=0.0005000 loss=0.814 ACC=82.625 F1=55.030 Rec=52.045 Prec=59.394
Train Client1 [5/200] LR=0.0005000 loss=1.073 ACC=78.017 F1=39.270 Rec=38.271 Prec=41.110
Train Client2 [5/200] LR=0.0005000 loss=1.155 ACC=79.219 F1=47.729 Rec=46.132 Prec=56.165
Train Client3 [5/200] LR=0.0005000 loss=0.457 ACC=93.510 F1=41.161 Rec=37.212 Prec=49.043
Train Client4 [5/200] LR=0.0005000 loss=0.219 ACC=97.169 F1=26.284 Rec=24.593 Prec=30.525
Train Client5 [5/200] LR=0.0005000 loss=0.790 ACC=86.097 F1=29.854 Rec=29.068 Prec=32.485
Train Client6 [5/200] LR=0.0005000 loss=2.095 ACC=37.500 F1=21.110 Rec=27.000 Prec=46.207
Train Client7 [5/200] LR=0.0005000 loss=5.526 ACC=7.031 F1=19.688 Rec=32.852 Prec=60.167

Val    [5/200] LR=0.0005000 loss=2.289 ACC=77.765 F1=20.852 Rec=22.083 Prec=23.365

Test-  OSR [5/200] LR=0.0005000 ACC=67.435 F1=18.188 Rec=19.697 Prec=22.352 UNK=0.000 OS*=23.636 HOS=0.000 AUROC=69.240 AUPR=18.348 OSCR=61.677
Test-Close [5/200] LR=0.0005000 loss=2.341 ACC=76.773 F1=23.254 Rec=23.636 Prec=30.739
Train Client0 [6/200] LR=0.0005000 loss=0.768 ACC=84.625 F1=49.887 Rec=47.986 Prec=54.479
Train Client1 [6/200] LR=0.0005000 loss=1.083 ACC=78.448 F1=51.811 Rec=48.783 Prec=56.566
Train Client2 [6/200] LR=0.0005000 loss=1.042 ACC=81.406 F1=38.888 Rec=38.802 Prec=43.546
Train Client3 [6/200] LR=0.0005000 loss=0.436 ACC=92.308 F1=37.372 Rec=33.321 Prec=46.216
Train Client4 [6/200] LR=0.0005000 loss=0.205 ACC=97.329 F1=28.299 Rec=26.284 Prec=32.600
Train Client5 [6/200] LR=0.0005000 loss=0.689 ACC=87.500 F1=35.201 Rec=34.601 Prec=40.288
Train Client6 [6/200] LR=0.0005000 loss=2.588 ACC=31.250 F1=15.088 Rec=24.000 Prec=25.333
Train Client7 [6/200] LR=0.0005000 loss=5.396 ACC=3.125 F1=7.823 Rec=24.615 Prec=20.163

Val    [6/200] LR=0.0005000 loss=2.268 ACC=79.839 F1=27.838 Rec=30.744 Prec=25.435

Test-  OSR [6/200] LR=0.0005000 ACC=68.661 F1=21.402 Rec=24.181 Prec=19.502 UNK=0.000 OS*=29.017 HOS=0.000 AUROC=70.059 AUPR=18.774 OSCR=63.247
Test-Close [6/200] LR=0.0005000 loss=2.313 ACC=78.169 F1=27.455 Rec=29.017 Prec=26.446
Saving best model . . . . . . . .

Train Client0 [7/200] LR=0.0005000 loss=0.723 ACC=86.125 F1=53.029 Rec=49.785 Prec=58.815
Train Client1 [7/200] LR=0.0005000 loss=1.030 ACC=79.382 F1=49.496 Rec=47.489 Prec=56.132
Train Client2 [7/200] LR=0.0005000 loss=0.992 ACC=80.312 F1=33.610 Rec=35.930 Prec=31.684
Train Client3 [7/200] LR=0.0005000 loss=0.392 ACC=94.231 F1=51.800 Rec=50.265 Prec=55.911
Train Client4 [7/200] LR=0.0005000 loss=0.201 ACC=97.489 F1=28.197 Rec=26.731 Prec=30.666
Train Client5 [7/200] LR=0.0005000 loss=0.673 ACC=87.883 F1=41.204 Rec=39.475 Prec=46.893
Train Client6 [7/200] LR=0.0005000 loss=2.343 ACC=28.125 F1=12.285 Rec=22.000 Prec=25.517
Train Client7 [7/200] LR=0.0005000 loss=6.322 ACC=8.594 F1=18.628 Rec=34.067 Prec=37.672

Val    [7/200] LR=0.0005000 loss=2.239 ACC=79.724 F1=34.643 Rec=33.303 Prec=45.388

Test-  OSR [7/200] LR=0.0005000 ACC=67.974 F1=22.496 Rec=23.039 Prec=35.377 UNK=0.000 OS*=27.647 HOS=0.000 AUROC=67.266 AUPR=16.800 OSCR=61.370
Test-Close [7/200] LR=0.0005000 loss=2.309 ACC=77.387 F1=28.440 Rec=27.647 Prec=44.936
Train Client0 [8/200] LR=0.0005000 loss=0.617 ACC=86.500 F1=56.351 Rec=54.046 Prec=60.328
Train Client1 [8/200] LR=0.0005000 loss=1.084 ACC=77.227 F1=48.955 Rec=47.002 Prec=55.966
Train Client2 [8/200] LR=0.0005000 loss=1.056 ACC=81.406 F1=57.430 Rec=51.130 Prec=76.616
Train Client3 [8/200] LR=0.0005000 loss=0.401 ACC=93.750 F1=49.479 Rec=44.431 Prec=59.951
Train Client4 [8/200] LR=0.0005000 loss=0.172 ACC=97.329 F1=27.625 Rec=25.869 Prec=31.234
Train Client5 [8/200] LR=0.0005000 loss=0.767 ACC=86.352 F1=36.371 Rec=33.671 Prec=43.802
Train Client6 [8/200] LR=0.0005000 loss=1.812 ACC=50.000 F1=30.404 Rec=31.944 Prec=48.800
Train Client7 [8/200] LR=0.0005000 loss=6.835 ACC=2.344 F1=5.325 Rec=23.333 Prec=10.164

Val    [8/200] LR=0.0005000 loss=2.198 ACC=81.912 F1=44.529 Rec=48.928 Prec=45.738

Test-  OSR [8/200] LR=0.0005000 ACC=70.574 F1=32.141 Rec=35.861 Prec=35.842 UNK=0.000 OS*=43.034 HOS=0.000 AUROC=67.670 AUPR=18.103 OSCR=62.025
Test-Close [8/200] LR=0.0005000 loss=2.249 ACC=80.346 F1=40.764 Rec=43.034 Prec=46.182
Train Client0 [9/200] LR=0.0005000 loss=0.764 ACC=83.500 F1=47.650 Rec=45.757 Prec=50.140
Train Client1 [9/200] LR=0.0005000 loss=0.987 ACC=79.454 F1=45.583 Rec=44.417 Prec=48.062
Train Client2 [9/200] LR=0.0005000 loss=0.977 ACC=82.656 F1=48.054 Rec=45.398 Prec=56.535
Train Client3 [9/200] LR=0.0005000 loss=0.415 ACC=94.471 F1=53.372 Rec=49.657 Prec=60.141
Train Client4 [9/200] LR=0.0005000 loss=0.194 ACC=97.115 F1=27.035 Rec=25.411 Prec=30.379
Train Client5 [9/200] LR=0.0005000 loss=0.711 ACC=87.372 F1=39.363 Rec=36.553 Prec=46.096
Train Client6 [9/200] LR=0.0005000 loss=2.313 ACC=40.625 F1=24.263 Rec=28.500 Prec=47.200
Train Client7 [9/200] LR=0.0005000 loss=7.023 ACC=5.469 F1=11.932 Rec=28.577 Prec=36.838

Val    [9/200] LR=0.0005000 loss=2.181 ACC=80.991 F1=37.796 Rec=39.047 Prec=46.589

Test-  OSR [9/200] LR=0.0005000 ACC=69.740 F1=24.662 Rec=27.980 Prec=37.256 UNK=0.000 OS*=33.576 HOS=0.000 AUROC=68.163 AUPR=17.071 OSCR=62.439
Test-Close [9/200] LR=0.0005000 loss=2.241 ACC=79.397 F1=31.628 Rec=33.576 Prec=48.001
Train Client0 [10/200] LR=0.0005000 loss=0.675 ACC=85.875 F1=51.551 Rec=50.024 Prec=55.460
Train Client1 [10/200] LR=0.0005000 loss=1.009 ACC=79.239 F1=46.739 Rec=44.929 Prec=49.674
Train Client2 [10/200] LR=0.0005000 loss=0.898 ACC=81.406 F1=45.445 Rec=43.535 Prec=50.421
Train Client3 [10/200] LR=0.0005000 loss=0.420 ACC=93.029 F1=44.246 Rec=39.690 Prec=53.188
Train Client4 [10/200] LR=0.0005000 loss=0.164 ACC=97.382 F1=28.282 Rec=26.709 Prec=31.027
Train Client5 [10/200] LR=0.0005000 loss=0.684 ACC=86.990 F1=39.130 Rec=37.433 Prec=44.187
Train Client6 [10/200] LR=0.0005000 loss=2.176 ACC=40.625 F1=26.084 Rec=31.111 Prec=37.407
Train Client7 [10/200] LR=0.0005000 loss=7.552 ACC=6.250 F1=14.850 Rec=31.731 Prec=19.174

Val    [10/200] LR=0.0005000 loss=2.209 ACC=80.300 F1=42.877 Rec=41.160 Prec=47.241

Test-  OSR [10/200] LR=0.0005000 ACC=69.103 F1=32.547 Rec=31.787 Prec=37.106 UNK=0.000 OS*=38.144 HOS=0.000 AUROC=70.021 AUPR=17.877 OSCR=64.216
Test-Close [10/200] LR=0.0005000 loss=2.276 ACC=78.671 F1=40.782 Rec=38.144 Prec=47.804
Saving best model . . . . . . . .

Train Client0 [11/200] LR=0.0005000 loss=0.865 ACC=86.125 F1=54.053 Rec=51.458 Prec=57.913
Train Client1 [11/200] LR=0.0005000 loss=0.989 ACC=78.951 F1=50.349 Rec=47.763 Prec=55.455
Train Client2 [11/200] LR=0.0005000 loss=0.965 ACC=81.406 F1=52.442 Rec=47.827 Prec=72.877
Train Client3 [11/200] LR=0.0005000 loss=0.484 ACC=93.510 F1=54.788 Rec=53.055 Prec=61.562
Train Client4 [11/200] LR=0.0005000 loss=0.166 ACC=97.596 F1=30.372 Rec=29.241 Prec=31.885
Train Client5 [11/200] LR=0.0005000 loss=0.688 ACC=88.903 F1=44.767 Rec=42.609 Prec=51.180
Train Client6 [11/200] LR=0.0005000 loss=2.331 ACC=34.375 F1=16.503 Rec=24.444 Prec=26.000
Train Client7 [11/200] LR=0.0005000 loss=6.912 ACC=7.812 F1=15.463 Rec=11.529 Prec=40.000

Val    [11/200] LR=0.0005000 loss=2.202 ACC=80.760 F1=44.288 Rec=42.053 Prec=49.415

Test-  OSR [11/200] LR=0.0005000 ACC=69.004 F1=33.368 Rec=32.276 Prec=38.381 UNK=0.000 OS*=38.731 HOS=0.000 AUROC=69.418 AUPR=17.862 OSCR=63.790
Test-Close [11/200] LR=0.0005000 loss=2.263 ACC=78.559 F1=41.549 Rec=38.731 Prec=48.863
Train Client0 [12/200] LR=0.0005000 loss=0.728 ACC=86.000 F1=56.703 Rec=54.592 Prec=59.415
Train Client1 [12/200] LR=0.0005000 loss=0.967 ACC=77.514 F1=50.176 Rec=48.504 Prec=53.083
Train Client2 [12/200] LR=0.0005000 loss=0.883 ACC=83.594 F1=49.050 Rec=46.443 Prec=58.351
Train Client3 [12/200] LR=0.0005000 loss=0.335 ACC=93.750 F1=49.017 Rec=45.354 Prec=56.608
Train Client4 [12/200] LR=0.0005000 loss=0.167 ACC=97.115 F1=26.482 Rec=24.996 Prec=29.556
Train Client5 [12/200] LR=0.0005000 loss=0.618 ACC=88.393 F1=49.004 Rec=48.390 Prec=60.475
Train Client6 [12/200] LR=0.0005000 loss=1.954 ACC=31.250 F1=13.110 Rec=22.000 Prec=26.207
Train Client7 [12/200] LR=0.0005000 loss=10.639 ACC=3.906 F1=9.740 Rec=27.273 Prec=13.499

Val    [12/200] LR=0.0005000 loss=2.192 ACC=81.221 F1=43.890 Rec=45.267 Prec=45.919

Test-  OSR [12/200] LR=0.0005000 ACC=69.985 F1=32.448 Rec=34.139 Prec=35.642 UNK=0.000 OS*=40.967 HOS=0.000 AUROC=71.540 AUPR=19.255 OSCR=65.325
Test-Close [12/200] LR=0.0005000 loss=2.248 ACC=79.676 F1=40.964 Rec=40.967 Prec=45.906
Saving best model . . . . . . . .

Train Client0 [13/200] LR=0.0005000 loss=0.810 ACC=85.750 F1=52.378 Rec=49.713 Prec=56.600
Train Client1 [13/200] LR=0.0005000 loss=0.927 ACC=79.598 F1=54.868 Rec=54.074 Prec=56.968
Train Client2 [13/200] LR=0.0005000 loss=0.965 ACC=81.719 F1=57.133 Rec=55.415 Prec=64.231
Train Client3 [13/200] LR=0.0005000 loss=0.386 ACC=93.750 F1=52.341 Rec=47.891 Prec=62.331
Train Client4 [13/200] LR=0.0005000 loss=0.264 ACC=97.489 F1=29.652 Rec=28.804 Prec=30.725
Train Client5 [13/200] LR=0.0005000 loss=0.648 ACC=88.138 F1=40.468 Rec=38.397 Prec=47.511
Train Client6 [13/200] LR=0.0005000 loss=2.621 ACC=34.375 F1=17.714 Rec=25.455 Prec=25.926
Train Client7 [13/200] LR=0.0005000 loss=11.645 ACC=3.125 F1=8.421 Rec=6.667 Prec=11.429

Val    [13/200] LR=0.0005000 loss=2.194 ACC=81.221 F1=41.566 Rec=41.607 Prec=47.002

Test-  OSR [13/200] LR=0.0005000 ACC=69.152 F1=27.817 Rec=28.212 Prec=36.536 UNK=0.000 OS*=33.855 HOS=0.000 AUROC=70.288 AUPR=17.688 OSCR=64.474
Test-Close [13/200] LR=0.0005000 loss=2.268 ACC=78.727 F1=35.051 Rec=33.855 Prec=46.641
Train Client0 [14/200] LR=0.0005000 loss=0.665 ACC=87.000 F1=53.712 Rec=51.686 Prec=57.840
Train Client1 [14/200] LR=0.0005000 loss=0.961 ACC=80.316 F1=56.359 Rec=54.144 Prec=59.177
Train Client2 [14/200] LR=0.0005000 loss=0.930 ACC=82.812 F1=50.590 Rec=47.949 Prec=56.115
Train Client3 [14/200] LR=0.0005000 loss=0.391 ACC=94.231 F1=49.463 Rec=47.720 Prec=54.188
Train Client4 [14/200] LR=0.0005000 loss=0.199 ACC=97.810 F1=30.707 Rec=28.870 Prec=33.663
Train Client5 [14/200] LR=0.0005000 loss=0.615 ACC=88.393 F1=43.640 Rec=41.247 Prec=50.786
Train Client6 [14/200] LR=0.0005000 loss=2.537 ACC=34.375 F1=26.000 Rec=31.667 Prec=45.000
Train Client7 [14/200] LR=0.0005000 loss=13.273 ACC=3.906 F1=9.740 Rec=26.667 Prec=16.165

Val    [14/200] LR=0.0005000 loss=2.180 ACC=81.912 F1=48.796 Rec=51.994 Prec=46.613

Test-  OSR [14/200] LR=0.0005000 ACC=69.985 F1=35.421 Rec=36.982 Prec=35.322 UNK=0.000 OS*=44.379 HOS=0.000 AUROC=68.280 AUPR=17.484 OSCR=62.631
Test-Close [14/200] LR=0.0005000 loss=2.261 ACC=79.676 F1=44.676 Rec=44.379 Prec=46.375
Train Client0 [15/200] LR=0.0005000 loss=0.583 ACC=87.625 F1=57.954 Rec=56.194 Prec=60.117
Train Client1 [15/200] LR=0.0005000 loss=0.918 ACC=81.250 F1=53.840 Rec=51.980 Prec=57.270
Train Client2 [15/200] LR=0.0005000 loss=0.946 ACC=81.875 F1=42.591 Rec=41.338 Prec=49.531
Train Client3 [15/200] LR=0.0005000 loss=0.385 ACC=94.712 F1=55.574 Rec=53.589 Prec=59.344
Train Client4 [15/200] LR=0.0005000 loss=0.146 ACC=97.596 F1=30.804 Rec=30.070 Prec=31.683
Train Client5 [15/200] LR=0.0005000 loss=0.614 ACC=88.010 F1=41.274 Rec=39.161 Prec=49.556
Train Client6 [15/200] LR=0.0005000 loss=2.507 ACC=43.750 F1=26.465 Rec=30.000 Prec=47.692
Train Client7 [15/200] LR=0.0005000 loss=11.925 ACC=6.250 F1=14.342 Rec=30.769 Prec=20.172

Val    [15/200] LR=0.0005000 loss=2.161 ACC=82.373 F1=48.147 Rec=53.184 Prec=46.081

Test-  OSR [15/200] LR=0.0005000 ACC=70.868 F1=36.169 Rec=39.613 Prec=36.184 UNK=0.000 OS*=47.536 HOS=0.000 AUROC=70.872 AUPR=20.381 OSCR=65.074
Test-Close [15/200] LR=0.0005000 loss=2.220 ACC=80.681 F1=45.641 Rec=47.536 Prec=46.729
Train Client0 [16/200] LR=0.0005000 loss=0.613 ACC=87.000 F1=56.101 Rec=54.277 Prec=58.940
Train Client1 [16/200] LR=0.0005000 loss=1.020 ACC=79.670 F1=54.913 Rec=53.282 Prec=57.062
Train Client2 [16/200] LR=0.0005000 loss=0.944 ACC=82.344 F1=46.860 Rec=45.071 Prec=52.415
Train Client3 [16/200] LR=0.0005000 loss=0.498 ACC=92.067 F1=34.179 Rec=33.115 Prec=54.278
Train Client4 [16/200] LR=0.0005000 loss=0.148 ACC=97.115 F1=28.710 Rec=27.483 Prec=30.506
Train Client5 [16/200] LR=0.0005000 loss=0.600 ACC=88.138 F1=43.050 Rec=42.310 Prec=49.004
Train Client6 [16/200] LR=0.0005000 loss=2.045 ACC=34.375 F1=24.684 Rec=34.222 Prec=42.821
Train Client7 [16/200] LR=0.0005000 loss=9.372 ACC=5.469 F1=9.265 Rec=25.741 Prec=35.169

Val    [16/200] LR=0.0005000 loss=2.184 ACC=81.336 F1=45.244 Rec=46.934 Prec=46.045

Test-  OSR [16/200] LR=0.0005000 ACC=69.936 F1=34.894 Rec=36.504 Prec=35.407 UNK=0.000 OS*=43.805 HOS=0.000 AUROC=70.858 AUPR=19.214 OSCR=64.556
Test-Close [16/200] LR=0.0005000 loss=2.238 ACC=79.620 F1=43.891 Rec=43.805 Prec=45.728
Train Client0 [17/200] LR=0.0005000 loss=0.651 ACC=87.125 F1=59.167 Rec=56.671 Prec=62.371
Train Client1 [17/200] LR=0.0005000 loss=0.865 ACC=81.897 F1=55.836 Rec=53.548 Prec=59.677
Train Client2 [17/200] LR=0.0005000 loss=0.868 ACC=83.594 F1=55.621 Rec=50.811 Prec=77.664
Train Client3 [17/200] LR=0.0005000 loss=0.364 ACC=94.231 F1=53.104 Rec=51.264 Prec=60.438
Train Client4 [17/200] LR=0.0005000 loss=0.131 ACC=97.863 F1=39.644 Rec=36.780 Prec=43.802
Train Client5 [17/200] LR=0.0005000 loss=0.560 ACC=88.520 F1=59.251 Rec=64.950 Prec=59.000
Train Client6 [17/200] LR=0.0005000 loss=1.968 ACC=40.625 F1=24.174 Rec=29.167 Prec=46.429
Train Client7 [17/200] LR=0.0005000 loss=9.757 ACC=6.250 F1=10.137 Rec=26.396 Prec=35.171

Val    [17/200] LR=0.0005000 loss=2.139 ACC=82.028 F1=46.690 Rec=50.684 Prec=44.693

Test-  OSR [17/200] LR=0.0005000 ACC=70.721 F1=35.874 Rec=38.463 Prec=35.686 UNK=0.000 OS*=46.155 HOS=0.000 AUROC=68.852 AUPR=18.889 OSCR=62.943
Test-Close [17/200] LR=0.0005000 loss=2.213 ACC=80.514 F1=45.521 Rec=46.155 Prec=47.238
Train Client0 [18/200] LR=0.0005000 loss=0.600 ACC=88.125 F1=58.650 Rec=56.845 Prec=60.927
Train Client1 [18/200] LR=0.0005000 loss=0.887 ACC=81.250 F1=53.074 Rec=51.280 Prec=55.906
Train Client2 [18/200] LR=0.0005000 loss=1.081 ACC=82.500 F1=60.119 Rec=55.567 Prec=73.714
Train Client3 [18/200] LR=0.0005000 loss=0.337 ACC=94.952 F1=59.341 Rec=56.687 Prec=62.784
Train Client4 [18/200] LR=0.0005000 loss=0.131 ACC=98.184 F1=42.875 Rec=38.919 Prec=53.580
Train Client5 [18/200] LR=0.0005000 loss=0.528 ACC=90.306 F1=48.144 Rec=46.716 Prec=53.190
Train Client6 [18/200] LR=0.0005000 loss=2.413 ACC=43.750 F1=25.556 Rec=29.524 Prec=37.692
Train Client7 [18/200] LR=0.0005000 loss=16.347 ACC=3.906 F1=8.952 Rec=5.948 Prec=28.333

Val    [18/200] LR=0.0005000 loss=2.156 ACC=81.567 F1=45.630 Rec=49.107 Prec=42.653

Test-  OSR [18/200] LR=0.0005000 ACC=70.034 F1=36.236 Rec=38.204 Prec=35.178 UNK=0.000 OS*=45.845 HOS=0.000 AUROC=69.763 AUPR=17.750 OSCR=64.296
Test-Close [18/200] LR=0.0005000 loss=2.228 ACC=79.732 F1=45.566 Rec=45.845 Prec=45.953
Train Client0 [19/200] LR=0.0005000 loss=0.622 ACC=87.250 F1=74.753 Rec=72.301 Prec=77.568
Train Client1 [19/200] LR=0.0005000 loss=0.862 ACC=82.759 F1=55.176 Rec=52.509 Prec=59.549
Train Client2 [19/200] LR=0.0005000 loss=0.955 ACC=83.438 F1=51.306 Rec=48.492 Prec=57.282
Train Client3 [19/200] LR=0.0005000 loss=0.297 ACC=93.990 F1=50.886 Rec=49.250 Prec=53.015
Train Client4 [19/200] LR=0.0005000 loss=0.145 ACC=98.130 F1=33.608 Rec=33.081 Prec=34.189
Train Client5 [19/200] LR=0.0005000 loss=0.570 ACC=88.648 F1=46.183 Rec=44.823 Prec=51.354
Train Client6 [19/200] LR=0.0005000 loss=2.356 ACC=37.500 F1=26.374 Rec=32.667 Prec=35.926
Train Client7 [19/200] LR=0.0005000 loss=13.045 ACC=10.156 F1=16.026 Rec=32.004 Prec=37.685

Val    [19/200] LR=0.0005000 loss=2.111 ACC=83.065 F1=55.552 Rec=57.918 Prec=60.649

Test-  OSR [19/200] LR=0.0005000 ACC=70.917 F1=39.105 Rec=41.155 Prec=61.185 UNK=0.000 OS*=49.386 HOS=0.000 AUROC=68.893 AUPR=18.457 OSCR=63.229
Test-Close [19/200] LR=0.0005000 loss=2.188 ACC=80.737 F1=49.322 Rec=49.386 Prec=82.511
Train Client0 [20/200] LR=0.0005000 loss=0.623 ACC=88.000 F1=58.478 Rec=56.401 Prec=61.046
Train Client1 [20/200] LR=0.0005000 loss=0.801 ACC=81.968 F1=58.690 Rec=58.819 Prec=58.596
Train Client2 [20/200] LR=0.0005000 loss=0.823 ACC=83.906 F1=56.289 Rec=50.999 Prec=73.731
Train Client3 [20/200] LR=0.0005000 loss=0.283 ACC=94.952 F1=59.307 Rec=59.824 Prec=59.358
Train Client4 [20/200] LR=0.0005000 loss=0.134 ACC=97.917 F1=40.361 Rec=38.035 Prec=43.573
Train Client5 [20/200] LR=0.0005000 loss=0.564 ACC=89.031 F1=45.398 Rec=44.411 Prec=47.110
Train Client6 [20/200] LR=0.0005000 loss=2.346 ACC=43.750 F1=32.286 Rec=34.167 Prec=56.923
Train Client7 [20/200] LR=0.0005000 loss=16.502 ACC=3.906 F1=8.324 Rec=24.865 Prec=40.167

Val    [20/200] LR=0.0005000 loss=2.134 ACC=84.101 F1=61.737 Rec=62.266 Prec=65.852

Test-  OSR [20/200] LR=0.0005000 ACC=70.917 F1=39.278 Rec=40.366 Prec=44.011 UNK=0.000 OS*=48.439 HOS=0.000 AUROC=72.019 AUPR=19.084 OSCR=66.128
Test-Close [20/200] LR=0.0005000 loss=2.217 ACC=80.737 F1=49.078 Rec=48.439 Prec=57.479
Saving best model . . . . . . . .

Train Client0 [21/200] LR=0.0005000 loss=0.872 ACC=88.125 F1=59.153 Rec=57.038 Prec=61.717
Train Client1 [21/200] LR=0.0005000 loss=0.832 ACC=82.974 F1=60.463 Rec=57.300 Prec=65.103
Train Client2 [21/200] LR=0.0005000 loss=0.972 ACC=81.250 F1=66.191 Rec=64.174 Prec=72.489
Train Client3 [21/200] LR=0.0005000 loss=0.365 ACC=93.029 F1=48.765 Rec=43.508 Prec=58.320
Train Client4 [21/200] LR=0.0005000 loss=0.108 ACC=98.558 F1=35.258 Rec=34.828 Prec=35.723
Train Client5 [21/200] LR=0.0005000 loss=0.595 ACC=88.138 F1=63.407 Rec=62.240 Prec=65.890
Train Client6 [21/200] LR=0.0005000 loss=2.746 ACC=40.625 F1=26.301 Rec=30.455 Prec=46.429
Train Client7 [21/200] LR=0.0005000 loss=15.893 ACC=9.375 F1=14.132 Rec=29.762 Prec=36.845

Val    [21/200] LR=0.0005000 loss=2.084 ACC=83.871 F1=58.765 Rec=59.685 Prec=80.624

