Logging to: ./logs/HAM10000_Pretrain_K5_U2_seed0_20260625_214449.log
==> Preparing data..
Protocol mode: hard
Fixed known classes: ['nv', 'bkl', 'bcc', 'akiec', 'vasc']
Fixed unknown classes: ['mel', 'df']
Known class list: [0 2 3 4 5] Unknown class list [1 6]
Loaded 10015 images from 7470 lesions
Class distribution: [(0, 6705), (1, 1113), (2, 1099), (3, 514), (4, 327), (5, 142), (6, 115)]
Train: 6987, Val: 989, Test: 2039
Train class distribution: [(0, 4680), (1, 780), (2, 759), (3, 356), (4, 230), (5, 103), (6, 79)]
{0: 0, 2: 1, 3: 2, 4: 3, 5: 4} {1: 5, 6: 6}
Known origin: [0 2 3 4 5] , new: [0 1 2 3 4]
Unknown origin: [1 6] , new: [5 6]
Known/Unknown in Train: 6128/859
Known/Unknown in Val:   868/121
Known/Unknown in Test:  1791/248
Client0 sample num: 724
Client1 sample num: 852
Client2 sample num: 701
Client3 sample num: 668
Client4 sample num: 524
Client5 sample num: 872
Client6 sample num: 397
Client7 sample num: 1390

>>> Setting up
==> Using device: cuda:0
==> Building [Resnet18] model..
154
120
Train Client0 [0/50] LR=0.0005000 loss=1.362 ACC=76.250 F1=37.807 Rec=37.749 Prec=37.865
Train Client1 [0/50] LR=0.0005000 loss=1.193 ACC=82.547 F1=35.894 Rec=35.033 Prec=39.444
Train Client2 [0/50] LR=0.0005000 loss=1.368 ACC=74.709 F1=33.919 Rec=33.479 Prec=34.463
Train Client3 [0/50] LR=0.0005000 loss=1.767 ACC=68.902 F1=42.613 Rec=40.809 Prec=50.638
Train Client4 [0/50] LR=0.0005000 loss=1.899 ACC=68.164 F1=37.961 Rec=38.375 Prec=37.622
Train Client5 [0/50] LR=0.0005000 loss=1.583 ACC=72.569 F1=40.105 Rec=38.513 Prec=47.801
Train Client6 [0/50] LR=0.0005000 loss=1.316 ACC=81.250 F1=39.566 Rec=38.457 Prec=40.874
Train Client7 [0/50] LR=0.0005000 loss=0.688 ACC=89.535 F1=30.354 Rec=29.585 Prec=34.862

Val    [0/50] LR=0.0005000 loss=2.449 ACC=77.535 F1=19.778 Rec=21.250 Prec=30.509

Test-  OSR [0/50] LR=0.0005000 ACC=66.650 F1=14.481 Rec=17.273 Prec=22.219 UNK=0.000 OS*=20.727 HOS=0.000 AUROC=68.389 AUPR=19.891 OSCR=59.492
Test-Close [0/50] LR=0.0005000 loss=2.490 ACC=75.879 F1=18.647 Rec=20.727 Prec=31.174
Saving best model . . . . . . . .

Train Client0 [1/50] LR=0.0005000 loss=0.975 ACC=79.861 F1=31.608 Rec=31.864 Prec=31.365
Train Client1 [1/50] LR=0.0005000 loss=1.052 ACC=84.434 F1=35.384 Rec=32.602 Prec=42.741
Train Client2 [1/50] LR=0.0005000 loss=1.098 ACC=77.907 F1=30.402 Rec=29.673 Prec=32.648
Train Client3 [1/50] LR=0.0005000 loss=1.489 ACC=72.104 F1=46.568 Rec=43.368 Prec=54.650
Train Client4 [1/50] LR=0.0005000 loss=1.509 ACC=72.656 F1=42.334 Rec=41.565 Prec=63.475
Train Client5 [1/50] LR=0.0005000 loss=1.240 ACC=76.157 F1=41.168 Rec=40.158 Prec=45.236
Train Client6 [1/50] LR=0.0005000 loss=0.876 ACC=88.281 F1=33.081 Rec=34.298 Prec=31.964
Train Client7 [1/50] LR=0.0005000 loss=0.583 ACC=91.642 F1=26.639 Rec=26.040 Prec=28.014

Val    [1/50] LR=0.0005000 loss=2.272 ACC=77.535 F1=25.459 Rec=25.000 Prec=35.491

Test-  OSR [1/50] LR=0.0005000 ACC=66.601 F1=15.919 Rec=18.053 Prec=44.425 UNK=0.000 OS*=21.663 HOS=0.000 AUROC=69.314 AUPR=17.988 OSCR=63.269
Test-Close [1/50] LR=0.0005000 loss=2.315 ACC=75.824 F1=20.364 Rec=21.663 Prec=55.157
Saving best model . . . . . . . .

Train Client0 [2/50] LR=0.0005000 loss=0.832 ACC=84.028 F1=41.696 Rec=41.961 Prec=41.436
Train Client1 [2/50] LR=0.0005000 loss=0.864 ACC=86.085 F1=40.162 Rec=37.080 Prec=47.324
Train Client2 [2/50] LR=0.0005000 loss=1.062 ACC=78.924 F1=34.028 Rec=32.106 Prec=38.053
Train Client3 [2/50] LR=0.0005000 loss=1.325 ACC=75.762 F1=44.249 Rec=41.596 Prec=52.768
Train Client4 [2/50] LR=0.0005000 loss=1.350 ACC=73.828 F1=42.647 Rec=41.822 Prec=49.796
Train Client5 [2/50] LR=0.0005000 loss=1.203 ACC=78.009 F1=41.540 Rec=38.864 Prec=48.623
Train Client6 [2/50] LR=0.0005000 loss=0.779 ACC=89.062 F1=42.728 Rec=43.495 Prec=42.045
Train Client7 [2/50] LR=0.0005000 loss=0.522 ACC=91.933 F1=31.582 Rec=29.350 Prec=38.559

Val    [2/50] LR=0.0005000 loss=2.303 ACC=77.765 F1=20.941 Rec=22.083 Prec=24.727

Test-  OSR [2/50] LR=0.0005000 ACC=67.141 F1=16.863 Rec=18.788 Prec=20.547 UNK=0.000 OS*=22.545 HOS=0.000 AUROC=70.292 AUPR=18.730 OSCR=63.361
Test-Close [2/50] LR=0.0005000 loss=2.344 ACC=76.438 F1=21.592 Rec=22.545 Prec=28.047
Saving best model . . . . . . . .

Train Client0 [3/50] LR=0.0005000 loss=0.863 ACC=82.083 F1=32.346 Rec=32.288 Prec=32.510
Train Client1 [3/50] LR=0.0005000 loss=0.852 ACC=85.849 F1=40.755 Rec=37.458 Prec=51.661
Train Client2 [3/50] LR=0.0005000 loss=0.955 ACC=80.959 F1=38.989 Rec=37.777 Prec=40.603
Train Client3 [3/50] LR=0.0005000 loss=1.362 ACC=73.171 F1=44.571 Rec=42.123 Prec=52.124
Train Client4 [3/50] LR=0.0005000 loss=1.451 ACC=72.461 F1=41.120 Rec=42.025 Prec=43.557
Train Client5 [3/50] LR=0.0005000 loss=1.111 ACC=76.620 F1=39.205 Rec=37.195 Prec=43.806
Train Client6 [3/50] LR=0.0005000 loss=0.788 ACC=85.938 F1=40.761 Rec=39.888 Prec=42.494
Train Client7 [3/50] LR=0.0005000 loss=0.505 ACC=90.843 F1=20.924 Rec=20.992 Prec=21.584

Val    [3/50] LR=0.0005000 loss=2.262 ACC=77.650 F1=20.456 Rec=21.667 Prec=28.879

Test-  OSR [3/50] LR=0.0005000 ACC=66.994 F1=16.320 Rec=18.333 Prec=24.248 UNK=0.000 OS*=22.000 HOS=0.000 AUROC=70.477 AUPR=18.565 OSCR=64.031
Test-Close [3/50] LR=0.0005000 loss=2.303 ACC=76.270 F1=20.877 Rec=22.000 Prec=32.165
Saving best model . . . . . . . .

Train Client0 [4/50] LR=0.0005000 loss=0.908 ACC=80.694 F1=31.880 Rec=31.932 Prec=31.844
Train Client1 [4/50] LR=0.0005000 loss=0.781 ACC=86.675 F1=43.916 Rec=41.445 Prec=51.125
Train Client2 [4/50] LR=0.0005000 loss=0.946 ACC=79.506 F1=35.905 Rec=34.346 Prec=38.345
Train Client3 [4/50] LR=0.0005000 loss=1.226 ACC=76.524 F1=55.153 Rec=50.711 Prec=64.532
Train Client4 [4/50] LR=0.0005000 loss=1.280 ACC=77.539 F1=48.193 Rec=47.942 Prec=49.861
Train Client5 [4/50] LR=0.0005000 loss=1.087 ACC=78.356 F1=49.904 Rec=49.189 Prec=50.754
Train Client6 [4/50] LR=0.0005000 loss=0.606 ACC=88.802 F1=46.308 Rec=44.402 Prec=53.265
Train Client7 [4/50] LR=0.0005000 loss=0.495 ACC=91.497 F1=29.569 Rec=28.148 Prec=32.205

Val    [4/50] LR=0.0005000 loss=2.255 ACC=82.143 F1=53.880 Rec=50.303 Prec=62.292

Test-  OSR [4/50] LR=0.0005000 ACC=69.985 F1=37.334 Rec=34.571 Prec=48.562 UNK=0.000 OS*=41.486 HOS=0.000 AUROC=72.172 AUPR=19.752 OSCR=65.295
Test-Close [4/50] LR=0.0005000 loss=2.293 ACC=79.676 F1=47.090 Rec=41.486 Prec=64.234
Saving best model . . . . . . . .

Train Client0 [5/50] LR=0.0005000 loss=0.823 ACC=83.750 F1=41.120 Rec=38.713 Prec=46.627
Train Client1 [5/50] LR=0.0005000 loss=0.920 ACC=84.788 F1=31.576 Rec=30.248 Prec=39.100
Train Client2 [5/50] LR=0.0005000 loss=0.962 ACC=82.558 F1=39.621 Rec=37.493 Prec=43.143
Train Client3 [5/50] LR=0.0005000 loss=1.162 ACC=78.506 F1=55.597 Rec=51.378 Prec=64.093
Train Client4 [5/50] LR=0.0005000 loss=1.302 ACC=77.344 F1=50.540 Rec=49.021 Prec=54.072
Train Client5 [5/50] LR=0.0005000 loss=1.153 ACC=78.241 F1=46.952 Rec=44.995 Prec=49.950
Train Client6 [5/50] LR=0.0005000 loss=0.738 ACC=87.760 F1=38.038 Rec=37.267 Prec=39.100
Train Client7 [5/50] LR=0.0005000 loss=0.407 ACC=92.878 F1=42.336 Rec=38.272 Prec=49.824

Val    [5/50] LR=0.0005000 loss=2.210 ACC=79.032 F1=37.863 Rec=33.374 Prec=65.480

Test-  OSR [5/50] LR=0.0005000 ACC=67.680 F1=22.604 Rec=22.054 Prec=51.381 UNK=0.000 OS*=26.465 HOS=0.000 AUROC=69.648 AUPR=18.033 OSCR=63.559
Test-Close [5/50] LR=0.0005000 loss=2.255 ACC=77.052 F1=28.524 Rec=26.465 Prec=65.389
Train Client0 [6/50] LR=0.0005000 loss=0.821 ACC=82.917 F1=37.316 Rec=35.783 Prec=42.822
Train Client1 [6/50] LR=0.0005000 loss=0.746 ACC=87.500 F1=41.145 Rec=38.463 Prec=49.794
Train Client2 [6/50] LR=0.0005000 loss=0.924 ACC=82.122 F1=36.887 Rec=34.813 Prec=40.756
Train Client3 [6/50] LR=0.0005000 loss=1.241 ACC=74.085 F1=48.485 Rec=44.877 Prec=57.648
Train Client4 [6/50] LR=0.0005000 loss=1.132 ACC=79.883 F1=54.971 Rec=52.616 Prec=65.160
Train Client5 [6/50] LR=0.0005000 loss=1.074 ACC=79.745 F1=43.271 Rec=43.184 Prec=45.232
Train Client6 [6/50] LR=0.0005000 loss=0.558 ACC=89.844 F1=43.092 Rec=42.296 Prec=44.278
Train Client7 [6/50] LR=0.0005000 loss=0.437 ACC=92.224 F1=34.610 Rec=30.997 Prec=44.342

Val    [6/50] LR=0.0005000 loss=2.174 ACC=81.452 F1=54.338 Rec=49.973 Prec=65.168

Test-  OSR [6/50] LR=0.0005000 ACC=69.985 F1=40.041 Rec=36.131 Prec=52.384 UNK=0.000 OS*=43.358 HOS=0.000 AUROC=68.890 AUPR=17.437 OSCR=63.516
Test-Close [6/50] LR=0.0005000 loss=2.218 ACC=79.676 F1=49.782 Rec=43.358 Prec=67.058
Train Client0 [7/50] LR=0.0005000 loss=0.800 ACC=84.583 F1=40.889 Rec=39.416 Prec=43.532
Train Client1 [7/50] LR=0.0005000 loss=0.757 ACC=86.910 F1=43.375 Rec=41.593 Prec=47.105
Train Client2 [7/50] LR=0.0005000 loss=0.810 ACC=84.884 F1=42.601 Rec=42.446 Prec=42.940
Train Client3 [7/50] LR=0.0005000 loss=1.163 ACC=79.116 F1=62.050 Rec=58.362 Prec=68.201
Train Client4 [7/50] LR=0.0005000 loss=1.204 ACC=75.781 F1=50.831 Rec=50.465 Prec=51.456
Train Client5 [7/50] LR=0.0005000 loss=1.083 ACC=79.745 F1=50.210 Rec=47.446 Prec=55.586
Train Client6 [7/50] LR=0.0005000 loss=0.716 ACC=88.021 F1=41.419 Rec=40.749 Prec=42.376
Train Client7 [7/50] LR=0.0005000 loss=0.388 ACC=93.023 F1=44.712 Rec=41.660 Prec=49.806

Val    [7/50] LR=0.0005000 loss=2.155 ACC=83.986 F1=62.975 Rec=62.981 Prec=82.323

Test-  OSR [7/50] LR=0.0005000 ACC=70.966 F1=43.062 Rec=41.980 Prec=54.839 UNK=0.000 OS*=50.376 HOS=0.000 AUROC=71.310 AUPR=19.015 OSCR=65.387
Test-Close [7/50] LR=0.0005000 loss=2.198 ACC=80.793 F1=53.871 Rec=50.376 Prec=74.590
Saving best model . . . . . . . .

Train Client0 [8/50] LR=0.0005000 loss=0.766 ACC=83.472 F1=41.083 Rec=38.939 Prec=46.277
Train Client1 [8/50] LR=0.0005000 loss=0.761 ACC=87.146 F1=46.295 Rec=43.562 Prec=50.616
Train Client2 [8/50] LR=0.0005000 loss=0.844 ACC=83.866 F1=40.305 Rec=38.719 Prec=42.680
Train Client3 [8/50] LR=0.0005000 loss=1.132 ACC=78.659 F1=60.971 Rec=56.138 Prec=70.476
Train Client4 [8/50] LR=0.0005000 loss=1.185 ACC=78.516 F1=56.946 Rec=56.486 Prec=58.735
Train Client5 [8/50] LR=0.0005000 loss=1.030 ACC=77.431 F1=41.612 Rec=40.152 Prec=46.283
Train Client6 [8/50] LR=0.0005000 loss=0.690 ACC=89.062 F1=43.424 Rec=44.106 Prec=43.054
Train Client7 [8/50] LR=0.0005000 loss=0.375 ACC=93.459 F1=47.430 Rec=43.636 Prec=54.365

Val    [8/50] LR=0.0005000 loss=2.126 ACC=83.180 F1=61.908 Rec=60.141 Prec=87.191

Test-  OSR [8/50] LR=0.0005000 ACC=70.574 F1=43.141 Rec=40.725 Prec=67.759 UNK=0.000 OS*=48.869 HOS=0.000 AUROC=72.148 AUPR=19.211 OSCR=66.197
Test-Close [8/50] LR=0.0005000 loss=2.172 ACC=80.346 F1=54.113 Rec=48.869 Prec=86.745
Saving best model . . . . . . . .

Train Client0 [9/50] LR=0.0005000 loss=0.722 ACC=84.722 F1=40.195 Rec=39.093 Prec=41.753
Train Client1 [9/50] LR=0.0005000 loss=0.751 ACC=86.792 F1=41.173 Rec=39.648 Prec=44.103
Train Client2 [9/50] LR=0.0005000 loss=0.826 ACC=83.866 F1=41.507 Rec=40.519 Prec=42.756
Train Client3 [9/50] LR=0.0005000 loss=0.998 ACC=81.860 F1=70.122 Rec=68.025 Prec=74.144
Train Client4 [9/50] LR=0.0005000 loss=1.227 ACC=79.297 F1=54.018 Rec=54.158 Prec=54.703
Train Client5 [9/50] LR=0.0005000 loss=1.046 ACC=81.250 F1=49.804 Rec=47.347 Prec=54.881
Train Client6 [9/50] LR=0.0005000 loss=0.685 ACC=87.500 F1=39.998 Rec=38.493 Prec=42.224
Train Client7 [9/50] LR=0.0005000 loss=0.502 ACC=91.933 F1=32.769 Rec=29.723 Prec=40.836

Val    [9/50] LR=0.0005000 loss=2.159 ACC=83.065 F1=57.840 Rec=56.383 Prec=60.956

Test-  OSR [9/50] LR=0.0005000 ACC=71.457 F1=41.119 Rec=39.946 Prec=47.856 UNK=0.000 OS*=47.936 HOS=0.000 AUROC=69.619 AUPR=18.336 OSCR=64.180
Test-Close [9/50] LR=0.0005000 loss=2.199 ACC=81.351 F1=51.808 Rec=47.936 Prec=63.012
Train Client0 [10/50] LR=0.0005000 loss=0.817 ACC=83.472 F1=47.356 Rec=47.424 Prec=47.295
Train Client1 [10/50] LR=0.0005000 loss=0.693 ACC=88.090 F1=48.157 Rec=44.816 Prec=53.498
Train Client2 [10/50] LR=0.0005000 loss=0.818 ACC=83.285 F1=40.083 Rec=38.819 Prec=41.790
Train Client3 [10/50] LR=0.0005000 loss=1.081 ACC=80.335 F1=67.858 Rec=66.400 Prec=71.028
Train Client4 [10/50] LR=0.0005000 loss=1.156 ACC=78.125 F1=44.089 Rec=44.809 Prec=51.240
Train Client5 [10/50] LR=0.0005000 loss=1.008 ACC=81.481 F1=55.263 Rec=50.298 Prec=66.225
Train Client6 [10/50] LR=0.0005000 loss=0.664 ACC=88.802 F1=41.608 Rec=41.316 Prec=42.014
Train Client7 [10/50] LR=0.0005000 loss=0.373 ACC=93.314 F1=44.550 Rec=40.890 Prec=50.295

Val    [10/50] LR=0.0005000 loss=2.139 ACC=82.488 F1=58.978 Rec=56.323 Prec=85.160

Test-  OSR [10/50] LR=0.0005000 ACC=70.672 F1=41.715 Rec=38.556 Prec=51.214 UNK=0.000 OS*=46.267 HOS=0.000 AUROC=69.377 AUPR=18.349 OSCR=63.587
Test-Close [10/50] LR=0.0005000 loss=2.189 ACC=80.458 F1=52.344 Rec=46.267 Prec=66.851
>> New learning Rate: 0.00025
Train Client0 [11/50] LR=0.0002500 loss=0.644 ACC=85.417 F1=47.237 Rec=48.052 Prec=46.556
Train Client1 [11/50] LR=0.0002500 loss=0.574 ACC=89.505 F1=54.829 Rec=52.661 Prec=57.607
Train Client2 [11/50] LR=0.0002500 loss=0.745 ACC=85.756 F1=45.420 Rec=45.181 Prec=45.832
Train Client3 [11/50] LR=0.0002500 loss=0.856 ACC=81.707 F1=69.642 Rec=68.498 Prec=72.107
Train Client4 [11/50] LR=0.0002500 loss=0.883 ACC=83.789 F1=61.535 Rec=61.283 Prec=69.594
Train Client5 [11/50] LR=0.0002500 loss=0.833 ACC=82.986 F1=62.430 Rec=62.604 Prec=62.375
Train Client6 [11/50] LR=0.0002500 loss=0.539 ACC=90.104 F1=45.832 Rec=48.150 Prec=45.276
Train Client7 [11/50] LR=0.0002500 loss=0.288 ACC=94.186 F1=51.744 Rec=49.771 Prec=54.051

Val    [11/50] LR=0.0002500 loss=2.057 ACC=88.249 F1=74.121 Rec=76.526 Prec=80.774

Test-  OSR [11/50] LR=0.0002500 ACC=75.821 F1=56.205 Rec=58.358 Prec=59.254 UNK=0.000 OS*=70.029 HOS=0.000 AUROC=73.054 AUPR=21.251 OSCR=68.590
Test-Close [11/50] LR=0.0002500 loss=2.083 ACC=86.320 F1=71.905 Rec=70.029 Prec=81.871
Saving best model . . . . . . . .

Train Client0 [12/50] LR=0.0002500 loss=0.658 ACC=85.278 F1=46.315 Rec=47.907 Prec=45.156
Train Client1 [12/50] LR=0.0002500 loss=0.547 ACC=89.858 F1=57.321 Rec=55.744 Prec=62.734
Train Client2 [12/50] LR=0.0002500 loss=0.672 ACC=87.064 F1=45.552 Rec=44.223 Prec=47.225
Train Client3 [12/50] LR=0.0002500 loss=0.791 ACC=83.537 F1=72.405 Rec=71.706 Prec=74.867
Train Client4 [12/50] LR=0.0002500 loss=0.852 ACC=82.227 F1=62.900 Rec=61.628 Prec=70.575
Train Client5 [12/50] LR=0.0002500 loss=0.777 ACC=84.375 F1=66.723 Rec=66.365 Prec=69.270
Train Client6 [12/50] LR=0.0002500 loss=0.506 ACC=91.667 F1=49.014 Rec=51.851 Prec=47.213
Train Client7 [12/50] LR=0.0002500 loss=0.286 ACC=94.186 F1=55.945 Rec=55.184 Prec=56.978

Val    [12/50] LR=0.0002500 loss=2.037 ACC=89.862 F1=77.469 Rec=78.297 Prec=82.007

Test-  OSR [12/50] LR=0.0002500 ACC=76.361 F1=56.966 Rec=56.951 Prec=60.157 UNK=0.000 OS*=68.341 HOS=0.000 AUROC=73.198 AUPR=20.599 OSCR=68.922
Test-Close [12/50] LR=0.0002500 loss=2.078 ACC=86.935 F1=72.877 Rec=68.341 Prec=83.063
Saving best model . . . . . . . .

Train Client0 [13/50] LR=0.0002500 loss=0.575 ACC=87.639 F1=44.106 Rec=43.174 Prec=45.245
Train Client1 [13/50] LR=0.0002500 loss=0.465 ACC=91.038 F1=66.802 Rec=66.422 Prec=68.767
Train Client2 [13/50] LR=0.0002500 loss=0.616 ACC=87.645 F1=71.090 Rec=69.370 Prec=73.175
Train Client3 [13/50] LR=0.0002500 loss=0.761 ACC=85.213 F1=74.943 Rec=74.370 Prec=76.288
Train Client4 [13/50] LR=0.0002500 loss=0.828 ACC=84.570 F1=63.404 Rec=59.936 Prec=71.663
Train Client5 [13/50] LR=0.0002500 loss=0.721 ACC=84.144 F1=63.925 Rec=62.463 Prec=68.338
Train Client6 [13/50] LR=0.0002500 loss=0.403 ACC=92.708 F1=57.542 Rec=60.441 Prec=55.243
Train Client7 [13/50] LR=0.0002500 loss=0.259 ACC=95.276 F1=58.659 Rec=56.701 Prec=60.970

Val    [13/50] LR=0.0002500 loss=2.035 ACC=88.710 F1=75.282 Rec=76.729 Prec=82.457

Test-  OSR [13/50] LR=0.0002500 ACC=75.723 F1=55.690 Rec=57.471 Prec=59.821 UNK=0.000 OS*=68.965 HOS=0.000 AUROC=73.261 AUPR=21.192 OSCR=68.951
Test-Close [13/50] LR=0.0002500 loss=2.072 ACC=86.209 F1=71.061 Rec=68.965 Prec=81.730
Saving best model . . . . . . . .

Train Client0 [14/50] LR=0.0002500 loss=0.601 ACC=86.528 F1=45.343 Rec=42.926 Prec=49.533
Train Client1 [14/50] LR=0.0002500 loss=0.532 ACC=90.094 F1=62.609 Rec=61.409 Prec=64.714
Train Client2 [14/50] LR=0.0002500 loss=0.635 ACC=86.483 F1=65.552 Rec=65.262 Prec=66.133
Train Client3 [14/50] LR=0.0002500 loss=0.760 ACC=84.146 F1=76.574 Rec=76.223 Prec=77.160
Train Client4 [14/50] LR=0.0002500 loss=0.843 ACC=82.031 F1=65.119 Rec=62.644 Prec=70.498
Train Client5 [14/50] LR=0.0002500 loss=0.764 ACC=84.259 F1=64.980 Rec=64.009 Prec=70.700
Train Client6 [14/50] LR=0.0002500 loss=0.423 ACC=92.708 F1=62.107 Rec=61.150 Prec=65.350
Train Client7 [14/50] LR=0.0002500 loss=0.267 ACC=95.058 F1=57.553 Rec=57.056 Prec=58.231

Val    [14/50] LR=0.0002500 loss=2.034 ACC=89.977 F1=78.080 Rec=79.788 Prec=82.641

Test-  OSR [14/50] LR=0.0002500 ACC=76.949 F1=58.161 Rec=60.679 Prec=59.630 UNK=0.000 OS*=72.815 HOS=0.000 AUROC=73.595 AUPR=22.300 OSCR=69.470
Test-Close [14/50] LR=0.0002500 loss=2.069 ACC=87.605 F1=74.464 Rec=72.815 Prec=81.970
Saving best model . . . . . . . .

Train Client0 [15/50] LR=0.0002500 loss=0.577 ACC=86.806 F1=50.436 Rec=51.430 Prec=49.598
Train Client1 [15/50] LR=0.0002500 loss=0.494 ACC=91.156 F1=63.984 Rec=61.264 Prec=69.066
Train Client2 [15/50] LR=0.0002500 loss=0.653 ACC=87.500 F1=47.508 Rec=46.534 Prec=48.723
Train Client3 [15/50] LR=0.0002500 loss=0.764 ACC=85.518 F1=78.391 Rec=77.100 Prec=80.796
Train Client4 [15/50] LR=0.0002500 loss=0.858 ACC=80.664 F1=63.655 Rec=62.541 Prec=66.627
Train Client5 [15/50] LR=0.0002500 loss=0.737 ACC=85.301 F1=63.201 Rec=63.783 Prec=63.872
Train Client6 [15/50] LR=0.0002500 loss=0.439 ACC=90.885 F1=54.705 Rec=51.799 Prec=63.458
Train Client7 [15/50] LR=0.0002500 loss=0.245 ACC=95.785 F1=63.994 Rec=63.659 Prec=64.453

Val    [15/50] LR=0.0002500 loss=2.029 ACC=89.286 F1=74.326 Rec=77.759 Prec=77.287

Test-  OSR [15/50] LR=0.0002500 ACC=77.342 F1=59.075 Rec=62.236 Prec=59.268 UNK=0.000 OS*=74.684 HOS=0.000 AUROC=74.200 AUPR=22.087 OSCR=70.182
Test-Close [15/50] LR=0.0002500 loss=2.054 ACC=88.051 F1=76.080 Rec=74.684 Prec=81.596
Saving best model . . . . . . . .

Train Client0 [16/50] LR=0.0002500 loss=0.528 ACC=88.472 F1=51.173 Rec=52.308 Prec=50.181
Train Client1 [16/50] LR=0.0002500 loss=0.489 ACC=89.151 F1=56.893 Rec=54.221 Prec=62.391
Train Client2 [16/50] LR=0.0002500 loss=0.589 ACC=87.209 F1=65.665 Rec=69.405 Prec=68.048
Train Client3 [16/50] LR=0.0002500 loss=0.703 ACC=84.604 F1=75.716 Rec=73.440 Prec=79.055
Train Client4 [16/50] LR=0.0002500 loss=0.730 ACC=86.719 F1=76.966 Rec=73.675 Prec=81.128
Train Client5 [16/50] LR=0.0002500 loss=0.709 ACC=86.921 F1=68.323 Rec=69.168 Prec=84.369
Train Client6 [16/50] LR=0.0002500 loss=0.426 ACC=91.406 F1=51.680 Rec=51.947 Prec=52.759
Train Client7 [16/50] LR=0.0002500 loss=0.245 ACC=95.930 F1=66.645 Rec=62.794 Prec=84.437

Val    [16/50] LR=0.0002500 loss=2.032 ACC=89.286 F1=75.867 Rec=78.136 Prec=80.336

Test-  OSR [16/50] LR=0.0002500 ACC=76.018 F1=56.809 Rec=59.166 Prec=59.622 UNK=0.000 OS*=70.999 HOS=0.000 AUROC=74.379 AUPR=22.093 OSCR=69.769
Test-Close [16/50] LR=0.0002500 loss=2.078 ACC=86.544 F1=72.633 Rec=70.999 Prec=81.419
Train Client0 [17/50] LR=0.0002500 loss=0.544 ACC=88.611 F1=55.270 Rec=56.037 Prec=54.757
Train Client1 [17/50] LR=0.0002500 loss=0.459 ACC=91.981 F1=68.945 Rec=67.071 Prec=72.332
Train Client2 [17/50] LR=0.0002500 loss=0.601 ACC=87.791 F1=76.531 Rec=76.095 Prec=77.482
Train Client3 [17/50] LR=0.0002500 loss=0.635 ACC=87.195 F1=77.897 Rec=76.243 Prec=79.891
Train Client4 [17/50] LR=0.0002500 loss=0.786 ACC=83.594 F1=67.667 Rec=65.860 Prec=71.312
Train Client5 [17/50] LR=0.0002500 loss=0.681 ACC=85.880 F1=67.111 Rec=65.043 Prec=70.746
Train Client6 [17/50] LR=0.0002500 loss=0.423 ACC=90.365 F1=56.908 Rec=55.122 Prec=59.917
Train Client7 [17/50] LR=0.0002500 loss=0.245 ACC=95.422 F1=61.960 Rec=60.532 Prec=63.525

Val    [17/50] LR=0.0002500 loss=2.027 ACC=89.631 F1=77.900 Rec=78.999 Prec=82.862

Test-  OSR [17/50] LR=0.0002500 ACC=76.410 F1=57.891 Rec=59.307 Prec=60.182 UNK=0.000 OS*=71.169 HOS=0.000 AUROC=73.846 AUPR=21.778 OSCR=69.593
Test-Close [17/50] LR=0.0002500 loss=2.064 ACC=86.991 F1=73.376 Rec=71.169 Prec=80.791
Train Client0 [18/50] LR=0.0002500 loss=0.597 ACC=86.944 F1=44.679 Rec=43.158 Prec=46.777
Train Client1 [18/50] LR=0.0002500 loss=0.458 ACC=89.976 F1=63.709 Rec=63.113 Prec=66.850
Train Client2 [18/50] LR=0.0002500 loss=0.587 ACC=87.645 F1=67.613 Rec=67.991 Prec=67.252
Train Client3 [18/50] LR=0.0002500 loss=0.669 ACC=85.823 F1=77.940 Rec=77.185 Prec=79.267
Train Client4 [18/50] LR=0.0002500 loss=0.764 ACC=82.812 F1=66.040 Rec=63.998 Prec=70.323
Train Client5 [18/50] LR=0.0002500 loss=0.696 ACC=85.417 F1=67.078 Rec=64.789 Prec=83.382
Train Client6 [18/50] LR=0.0002500 loss=0.419 ACC=90.365 F1=51.078 Rec=51.472 Prec=54.015
Train Client7 [18/50] LR=0.0002500 loss=0.249 ACC=95.422 F1=58.853 Rec=58.060 Prec=59.873

Val    [18/50] LR=0.0002500 loss=2.031 ACC=89.516 F1=77.437 Rec=79.042 Prec=82.480

Test-  OSR [18/50] LR=0.0002500 ACC=76.753 F1=58.687 Rec=60.389 Prec=60.623 UNK=0.000 OS*=72.467 HOS=0.000 AUROC=73.962 AUPR=21.553 OSCR=69.781
Test-Close [18/50] LR=0.0002500 loss=2.065 ACC=87.381 F1=74.379 Rec=72.467 Prec=81.446
Train Client0 [19/50] LR=0.0002500 loss=0.527 ACC=87.917 F1=56.171 Rec=52.790 Prec=61.012
Train Client1 [19/50] LR=0.0002500 loss=0.464 ACC=91.392 F1=66.965 Rec=64.137 Prec=74.100
Train Client2 [19/50] LR=0.0002500 loss=0.607 ACC=86.773 F1=45.491 Rec=45.554 Prec=45.481
Train Client3 [19/50] LR=0.0002500 loss=0.631 ACC=86.890 F1=78.688 Rec=77.754 Prec=79.871
Train Client4 [19/50] LR=0.0002500 loss=0.818 ACC=82.617 F1=67.085 Rec=64.861 Prec=71.645
Train Client5 [19/50] LR=0.0002500 loss=0.683 ACC=85.764 F1=66.914 Rec=66.324 Prec=68.407
Train Client6 [19/50] LR=0.0002500 loss=0.386 ACC=92.188 F1=51.428 Rec=50.990 Prec=52.153
Train Client7 [19/50] LR=0.0002500 loss=0.238 ACC=95.785 F1=62.094 Rec=60.616 Prec=63.804

Val    [19/50] LR=0.0002500 loss=2.027 ACC=89.516 F1=77.260 Rec=78.141 Prec=80.802

Test-  OSR [19/50] LR=0.0002500 ACC=76.606 F1=57.112 Rec=58.726 Prec=58.896 UNK=0.000 OS*=70.471 HOS=0.000 AUROC=74.109 AUPR=22.198 OSCR=70.042
Test-Close [19/50] LR=0.0002500 loss=2.058 ACC=87.214 F1=73.302 Rec=70.471 Prec=81.814
Train Client0 [20/50] LR=0.0002500 loss=0.528 ACC=88.889 F1=60.881 Rec=62.237 Prec=59.684
Train Client1 [20/50] LR=0.0002500 loss=0.416 ACC=91.038 F1=66.846 Rec=63.252 Prec=72.367
Train Client2 [20/50] LR=0.0002500 loss=0.509 ACC=89.390 F1=75.089 Rec=72.088 Prec=88.955
Train Client3 [20/50] LR=0.0002500 loss=0.652 ACC=86.128 F1=74.918 Rec=74.078 Prec=77.715
Train Client4 [20/50] LR=0.0002500 loss=0.796 ACC=83.984 F1=70.444 Rec=68.135 Prec=74.752
Train Client5 [20/50] LR=0.0002500 loss=0.655 ACC=86.921 F1=72.844 Rec=72.111 Prec=74.363
Train Client6 [20/50] LR=0.0002500 loss=0.401 ACC=92.969 F1=61.450 Rec=57.778 Prec=66.611
Train Client7 [20/50] LR=0.0002500 loss=0.213 ACC=96.003 F1=64.731 Rec=63.421 Prec=66.255

Val    [20/50] LR=0.0002500 loss=2.012 ACC=90.783 F1=78.829 Rec=81.268 Prec=79.845

Test-  OSR [20/50] LR=0.0002500 ACC=77.832 F1=60.516 Rec=63.659 Prec=59.643 UNK=0.000 OS*=76.391 HOS=0.000 AUROC=74.582 AUPR=22.437 OSCR=70.686
Test-Close [20/50] LR=0.0002500 loss=2.041 ACC=88.610 F1=77.833 Rec=76.391 Prec=82.638
Saving best model . . . . . . . .

Train Client0 [21/50] LR=0.0002500 loss=0.495 ACC=89.028 F1=51.471 Rec=52.593 Prec=50.491
Train Client1 [21/50] LR=0.0002500 loss=0.452 ACC=90.684 F1=63.724 Rec=61.674 Prec=69.113
Train Client2 [21/50] LR=0.0002500 loss=0.541 ACC=88.081 F1=74.139 Rec=73.358 Prec=75.165
Train Client3 [21/50] LR=0.0002500 loss=0.598 ACC=87.043 F1=79.686 Rec=78.452 Prec=82.073
Train Client4 [21/50] LR=0.0002500 loss=0.746 ACC=85.352 F1=68.076 Rec=65.752 Prec=71.364
Train Client5 [21/50] LR=0.0002500 loss=0.651 ACC=84.954 F1=67.098 Rec=67.661 Prec=67.613
Train Client6 [21/50] LR=0.0002500 loss=0.405 ACC=91.927 F1=66.355 Rec=66.725 Prec=66.506
Train Client7 [21/50] LR=0.0002500 loss=0.232 ACC=95.640 F1=61.671 Rec=61.700 Prec=61.744

Val    [21/50] LR=0.0002500 loss=2.037 ACC=88.364 F1=73.643 Rec=74.053 Prec=78.337

Test-  OSR [21/50] LR=0.0002500 ACC=75.625 F1=55.468 Rec=56.196 Prec=58.642 UNK=0.000 OS*=67.435 HOS=0.000 AUROC=73.161 AUPR=20.317 OSCR=69.197
Test-Close [21/50] LR=0.0002500 loss=2.072 ACC=86.097 F1=70.860 Rec=67.435 Prec=81.355
Train Client0 [22/50] LR=0.0002500 loss=0.497 ACC=88.889 F1=47.713 Rec=46.680 Prec=48.937
Train Client1 [22/50] LR=0.0002500 loss=0.412 ACC=91.745 F1=68.350 Rec=66.738 Prec=72.159
Train Client2 [22/50] LR=0.0002500 loss=0.601 ACC=87.500 F1=57.135 Rec=65.863 Prec=55.299
Train Client3 [22/50] LR=0.0002500 loss=0.620 ACC=87.348 F1=80.053 Rec=79.382 Prec=80.938
Train Client4 [22/50] LR=0.0002500 loss=0.666 ACC=85.547 F1=69.924 Rec=71.387 Prec=73.407
Train Client5 [22/50] LR=0.0002500 loss=0.674 ACC=85.532 F1=66.719 Rec=64.777 Prec=73.801
Train Client6 [22/50] LR=0.0002500 loss=0.401 ACC=90.885 F1=57.925 Rec=54.939 Prec=65.623
Train Client7 [22/50] LR=0.0002500 loss=0.222 ACC=95.858 F1=60.550 Rec=58.645 Prec=62.715

Val    [22/50] LR=0.0002500 loss=2.009 ACC=90.438 F1=80.162 Rec=79.850 Prec=84.186

Test-  OSR [22/50] LR=0.0002500 ACC=77.097 F1=59.130 Rec=60.152 Prec=61.135 UNK=0.000 OS*=72.183 HOS=0.000 AUROC=73.414 AUPR=20.461 OSCR=69.721
Test-Close [22/50] LR=0.0002500 loss=2.054 ACC=87.772 F1=75.506 Rec=72.183 Prec=83.555
>> New learning Rate: 0.000125
Train Client0 [23/50] LR=0.0001250 loss=0.464 ACC=88.056 F1=52.126 Rec=51.906 Prec=52.373
Train Client1 [23/50] LR=0.0001250 loss=0.366 ACC=93.514 F1=78.516 Rec=75.729 Prec=83.064
Train Client2 [23/50] LR=0.0001250 loss=0.426 ACC=90.552 F1=71.412 Rec=71.490 Prec=71.467
Train Client3 [23/50] LR=0.0001250 loss=0.578 ACC=88.720 F1=81.001 Rec=78.053 Prec=84.512
Train Client4 [23/50] LR=0.0001250 loss=0.629 ACC=87.891 F1=74.025 Rec=70.875 Prec=78.136
Train Client5 [23/50] LR=0.0001250 loss=0.514 ACC=89.699 F1=78.105 Rec=76.771 Prec=79.681
Train Client6 [23/50] LR=0.0001250 loss=0.335 ACC=91.146 F1=46.968 Rec=46.734 Prec=47.854
Train Client7 [23/50] LR=0.0001250 loss=0.163 ACC=96.584 F1=66.691 Rec=66.929 Prec=66.499

Val    [23/50] LR=0.0001250 loss=2.012 ACC=91.014 F1=78.295 Rec=79.410 Prec=79.966

Test-  OSR [23/50] LR=0.0001250 ACC=77.734 F1=60.875 Rec=62.473 Prec=61.278 UNK=0.000 OS*=74.968 HOS=0.000 AUROC=73.991 AUPR=22.467 OSCR=70.289
Test-Close [23/50] LR=0.0001250 loss=2.051 ACC=88.498 F1=77.856 Rec=74.968 Prec=84.172
Train Client0 [24/50] LR=0.0001250 loss=0.422 ACC=90.278 F1=56.934 Rec=56.826 Prec=57.045
Train Client1 [24/50] LR=0.0001250 loss=0.294 ACC=93.986 F1=80.194 Rec=79.028 Prec=82.427
Train Client2 [24/50] LR=0.0001250 loss=0.444 ACC=91.279 F1=80.558 Rec=77.212 Prec=85.612
Train Client3 [24/50] LR=0.0001250 loss=0.593 ACC=89.024 F1=82.577 Rec=80.717 Prec=84.797
Train Client4 [24/50] LR=0.0001250 loss=0.579 ACC=87.305 F1=73.844 Rec=70.962 Prec=77.637
Train Client5 [24/50] LR=0.0001250 loss=0.508 ACC=89.005 F1=76.051 Rec=75.770 Prec=78.331
Train Client6 [24/50] LR=0.0001250 loss=0.281 ACC=93.229 F1=58.560 Rec=57.269 Prec=70.752
Train Client7 [24/50] LR=0.0001250 loss=0.146 ACC=97.166 F1=71.114 Rec=71.793 Prec=70.617

Val    [24/50] LR=0.0001250 loss=1.993 ACC=91.475 F1=79.027 Rec=79.641 Prec=79.688

Test-  OSR [24/50] LR=0.0001250 ACC=78.715 F1=61.718 Rec=63.991 Prec=60.408 UNK=0.000 OS*=76.790 HOS=0.000 AUROC=75.615 AUPR=24.907 OSCR=71.910
Test-Close [24/50] LR=0.0001250 loss=2.027 ACC=89.615 F1=79.071 Rec=76.790 Prec=83.161
Saving best model . . . . . . . .

Train Client0 [25/50] LR=0.0001250 loss=0.360 ACC=90.972 F1=48.653 Rec=47.687 Prec=49.778
Train Client1 [25/50] LR=0.0001250 loss=0.338 ACC=92.689 F1=74.177 Rec=74.070 Prec=74.696
Train Client2 [25/50] LR=0.0001250 loss=0.448 ACC=89.971 F1=67.743 Rec=73.458 Prec=65.461
Train Client3 [25/50] LR=0.0001250 loss=0.550 ACC=88.872 F1=82.320 Rec=80.239 Prec=84.673
Train Client4 [25/50] LR=0.0001250 loss=0.594 ACC=86.914 F1=76.859 Rec=74.743 Prec=79.733
Train Client5 [25/50] LR=0.0001250 loss=0.562 ACC=88.426 F1=67.308 Rec=67.298 Prec=67.332
Train Client6 [25/50] LR=0.0001250 loss=0.345 ACC=92.708 F1=57.329 Rec=57.651 Prec=62.655
Train Client7 [25/50] LR=0.0001250 loss=0.134 ACC=97.820 F1=76.342 Rec=75.325 Prec=78.218

Val    [25/50] LR=0.0001250 loss=1.998 ACC=91.359 F1=78.762 Rec=80.371 Prec=78.873

Test-  OSR [25/50] LR=0.0001250 ACC=78.470 F1=61.236 Rec=63.292 Prec=60.042 UNK=0.000 OS*=75.951 HOS=0.000 AUROC=74.905 AUPR=24.195 OSCR=71.336
Test-Close [25/50] LR=0.0001250 loss=2.021 ACC=89.336 F1=78.535 Rec=75.951 Prec=83.125
Train Client0 [26/50] LR=0.0001250 loss=0.415 ACC=90.417 F1=53.202 Rec=53.079 Prec=53.326
Train Client1 [26/50] LR=0.0001250 loss=0.333 ACC=93.042 F1=73.036 Rec=69.720 Prec=78.260
Train Client2 [26/50] LR=0.0001250 loss=0.398 ACC=92.006 F1=66.049 Rec=72.311 Prec=63.151
Train Client3 [26/50] LR=0.0001250 loss=0.576 ACC=88.872 F1=82.620 Rec=81.631 Prec=83.710
Train Client4 [26/50] LR=0.0001250 loss=0.591 ACC=86.523 F1=74.083 Rec=70.594 Prec=78.846
Train Client5 [26/50] LR=0.0001250 loss=0.513 ACC=88.889 F1=74.651 Rec=73.512 Prec=77.082
Train Client6 [26/50] LR=0.0001250 loss=0.290 ACC=91.927 F1=58.324 Rec=59.027 Prec=59.481
Train Client7 [26/50] LR=0.0001250 loss=0.147 ACC=97.311 F1=70.171 Rec=69.939 Prec=70.543

Val    [26/50] LR=0.0001250 loss=1.992 ACC=91.705 F1=79.537 Rec=80.155 Prec=80.461

Test-  OSR [26/50] LR=0.0001250 ACC=78.911 F1=62.058 Rec=64.361 Prec=60.539 UNK=0.000 OS*=77.234 HOS=0.000 AUROC=74.952 AUPR=23.542 OSCR=71.539
Test-Close [26/50] LR=0.0001250 loss=2.022 ACC=89.838 F1=79.854 Rec=77.234 Prec=84.027
Train Client0 [27/50] LR=0.0001250 loss=0.378 ACC=91.111 F1=53.762 Rec=56.009 Prec=52.105
Train Client1 [27/50] LR=0.0001250 loss=0.317 ACC=93.868 F1=76.488 Rec=73.848 Prec=82.030
Train Client2 [27/50] LR=0.0001250 loss=0.440 ACC=90.843 F1=76.620 Rec=73.789 Prec=82.260
Train Client3 [27/50] LR=0.0001250 loss=0.804 ACC=87.805 F1=80.827 Rec=78.043 Prec=84.177
Train Client4 [27/50] LR=0.0001250 loss=0.587 ACC=87.109 F1=72.497 Rec=70.210 Prec=77.875
Train Client5 [27/50] LR=0.0001250 loss=0.497 ACC=88.310 F1=78.836 Rec=78.638 Prec=80.174
Train Client6 [27/50] LR=0.0001250 loss=0.307 ACC=91.927 F1=57.142 Rec=55.235 Prec=63.653
Train Client7 [27/50] LR=0.0001250 loss=0.132 ACC=97.602 F1=71.579 Rec=71.820 Prec=71.417

Val    [27/50] LR=0.0001250 loss=1.998 ACC=91.244 F1=79.375 Rec=80.497 Prec=79.693

Test-  OSR [27/50] LR=0.0001250 ACC=78.470 F1=61.451 Rec=63.717 Prec=60.299 UNK=0.000 OS*=76.461 HOS=0.000 AUROC=74.562 AUPR=23.496 OSCR=71.062
Test-Close [27/50] LR=0.0001250 loss=2.030 ACC=89.336 F1=78.863 Rec=76.461 Prec=83.349
Train Client0 [28/50] LR=0.0001250 loss=0.349 ACC=91.944 F1=62.655 Rec=60.330 Prec=71.800
Train Client1 [28/50] LR=0.0001250 loss=0.303 ACC=94.340 F1=82.159 Rec=80.551 Prec=84.500
Train Client2 [28/50] LR=0.0001250 loss=0.392 ACC=90.552 F1=67.919 Rec=73.424 Prec=66.301
Train Client3 [28/50] LR=0.0001250 loss=0.506 ACC=89.177 F1=82.242 Rec=81.878 Prec=82.637
Train Client4 [28/50] LR=0.0001250 loss=0.639 ACC=85.352 F1=70.312 Rec=68.926 Prec=73.913
Train Client5 [28/50] LR=0.0001250 loss=0.530 ACC=87.731 F1=73.922 Rec=73.321 Prec=74.655
Train Client6 [28/50] LR=0.0001250 loss=0.285 ACC=92.448 F1=61.827 Rec=60.416 Prec=65.211
Train Client7 [28/50] LR=0.0001250 loss=0.130 ACC=97.529 F1=71.451 Rec=73.034 Prec=70.012

Val    [28/50] LR=0.0001250 loss=1.986 ACC=92.512 F1=81.076 Rec=81.696 Prec=81.502

Test-  OSR [28/50] LR=0.0001250 ACC=78.960 F1=61.747 Rec=63.208 Prec=60.690 UNK=0.000 OS*=75.849 HOS=0.000 AUROC=75.198 AUPR=24.492 OSCR=71.808
Test-Close [28/50] LR=0.0001250 loss=2.019 ACC=89.894 F1=79.648 Rec=75.849 Prec=84.715
Train Client0 [29/50] LR=0.0001250 loss=0.398 ACC=91.111 F1=63.407 Rec=59.979 Prec=73.510
Train Client1 [29/50] LR=0.0001250 loss=0.281 ACC=94.693 F1=82.993 Rec=80.690 Prec=86.100
Train Client2 [29/50] LR=0.0001250 loss=0.396 ACC=90.407 F1=75.342 Rec=73.883 Prec=77.545
Train Client3 [29/50] LR=0.0001250 loss=0.506 ACC=89.482 F1=81.212 Rec=80.472 Prec=82.388
Train Client4 [29/50] LR=0.0001250 loss=0.550 ACC=87.109 F1=71.375 Rec=70.736 Prec=72.614
Train Client5 [29/50] LR=0.0001250 loss=0.459 ACC=89.699 F1=78.827 Rec=79.061 Prec=78.735
Train Client6 [29/50] LR=0.0001250 loss=0.374 ACC=91.927 F1=61.499 Rec=61.732 Prec=67.175
Train Client7 [29/50] LR=0.0001250 loss=0.127 ACC=97.674 F1=72.240 Rec=71.853 Prec=72.678

Val    [29/50] LR=0.0001250 loss=2.000 ACC=91.590 F1=79.168 Rec=80.586 Prec=79.436

Test-  OSR [29/50] LR=0.0001250 ACC=78.274 F1=61.353 Rec=63.411 Prec=60.566 UNK=0.000 OS*=76.093 HOS=0.000 AUROC=75.113 AUPR=24.329 OSCR=71.461
Test-Close [29/50] LR=0.0001250 loss=2.032 ACC=89.112 F1=78.834 Rec=76.093 Prec=83.587
Train Client0 [30/50] LR=0.0001250 loss=0.289 ACC=93.611 F1=66.001 Rec=63.877 Prec=74.967
Train Client1 [30/50] LR=0.0001250 loss=0.275 ACC=93.986 F1=81.061 Rec=79.287 Prec=83.482
Train Client2 [30/50] LR=0.0001250 loss=0.429 ACC=90.988 F1=70.644 Rec=70.203 Prec=71.240
Train Client3 [30/50] LR=0.0001250 loss=0.513 ACC=88.415 F1=81.810 Rec=80.415 Prec=83.360
Train Client4 [30/50] LR=0.0001250 loss=0.563 ACC=87.891 F1=77.238 Rec=74.402 Prec=81.334
Train Client5 [30/50] LR=0.0001250 loss=0.476 ACC=90.278 F1=79.091 Rec=77.649 Prec=82.594
Train Client6 [30/50] LR=0.0001250 loss=0.261 ACC=93.229 F1=60.840 Rec=60.274 Prec=64.962
Train Client7 [30/50] LR=0.0001250 loss=0.122 ACC=97.674 F1=70.404 Rec=70.075 Prec=70.798

Val    [30/50] LR=0.0001250 loss=1.991 ACC=91.705 F1=79.091 Rec=80.085 Prec=79.499

Test-  OSR [30/50] LR=0.0001250 ACC=78.372 F1=61.946 Rec=63.035 Prec=61.861 UNK=0.000 OS*=75.642 HOS=0.000 AUROC=74.277 AUPR=23.083 OSCR=70.690
Test-Close [30/50] LR=0.0001250 loss=2.034 ACC=89.224 F1=79.245 Rec=75.642 Prec=84.898
Train Client0 [31/50] LR=0.0001250 loss=0.385 ACC=90.000 F1=58.151 Rec=56.679 Prec=60.304
Train Client1 [31/50] LR=0.0001250 loss=0.291 ACC=93.750 F1=78.493 Rec=76.637 Prec=81.988
Train Client2 [31/50] LR=0.0001250 loss=0.360 ACC=90.407 F1=77.828 Rec=77.213 Prec=78.816
Train Client3 [31/50] LR=0.0001250 loss=0.558 ACC=90.549 F1=85.251 Rec=83.612 Prec=87.314
Train Client4 [31/50] LR=0.0001250 loss=0.613 ACC=87.500 F1=75.974 Rec=73.798 Prec=78.749
Train Client5 [31/50] LR=0.0001250 loss=0.478 ACC=89.931 F1=78.519 Rec=79.115 Prec=77.991
Train Client6 [31/50] LR=0.0001250 loss=0.290 ACC=93.490 F1=65.214 Rec=65.387 Prec=67.659
Train Client7 [31/50] LR=0.0001250 loss=0.140 ACC=97.456 F1=75.264 Rec=72.457 Prec=91.811

Val    [31/50] LR=0.0001250 loss=1.998 ACC=91.935 F1=79.725 Rec=80.373 Prec=80.575

Test-  OSR [31/50] LR=0.0001250 ACC=78.372 F1=62.400 Rec=64.343 Prec=61.725 UNK=0.000 OS*=77.212 HOS=0.000 AUROC=74.613 AUPR=23.691 OSCR=70.992
Test-Close [31/50] LR=0.0001250 loss=2.025 ACC=89.224 F1=79.623 Rec=77.212 Prec=84.286
Train Client0 [32/50] LR=0.0001250 loss=0.394 ACC=90.694 F1=52.804 Rec=50.336 Prec=56.236
Train Client1 [32/50] LR=0.0001250 loss=0.326 ACC=93.632 F1=78.416 Rec=76.037 Prec=82.464
Train Client2 [32/50] LR=0.0001250 loss=0.407 ACC=89.535 F1=67.367 Rec=72.049 Prec=66.815
Train Client3 [32/50] LR=0.0001250 loss=0.501 ACC=88.872 F1=82.355 Rec=82.356 Prec=82.648
Train Client4 [32/50] LR=0.0001250 loss=0.518 ACC=87.695 F1=73.785 Rec=70.897 Prec=78.051
Train Client5 [32/50] LR=0.0001250 loss=0.490 ACC=90.162 F1=79.615 Rec=77.950 Prec=81.694
Train Client6 [32/50] LR=0.0001250 loss=0.286 ACC=93.229 F1=58.601 Rec=57.075 Prec=70.369
Train Client7 [32/50] LR=0.0001250 loss=0.115 ACC=97.529 F1=74.299 Rec=72.801 Prec=80.368

Val    [32/50] LR=0.0001250 loss=1.982 ACC=92.166 F1=80.214 Rec=80.833 Prec=80.426

Test-  OSR [32/50] LR=0.0001250 ACC=78.617 F1=61.909 Rec=62.770 Prec=61.601 UNK=0.000 OS*=75.324 HOS=0.000 AUROC=74.668 AUPR=22.926 OSCR=71.294
Test-Close [32/50] LR=0.0001250 loss=2.017 ACC=89.503 F1=79.213 Rec=75.324 Prec=84.561
Train Client0 [33/50] LR=0.0001250 loss=0.327 ACC=92.222 F1=63.362 Rec=62.993 Prec=64.653
Train Client1 [33/50] LR=0.0001250 loss=0.258 ACC=94.458 F1=79.204 Rec=77.273 Prec=82.339
Train Client2 [33/50] LR=0.0001250 loss=0.383 ACC=89.244 F1=70.574 Rec=77.671 Prec=66.995
Train Client3 [33/50] LR=0.0001250 loss=0.563 ACC=87.500 F1=81.075 Rec=80.001 Prec=82.789
Train Client4 [33/50] LR=0.0001250 loss=0.579 ACC=86.328 F1=75.220 Rec=73.654 Prec=77.306
Train Client5 [33/50] LR=0.0001250 loss=0.440 ACC=89.352 F1=80.087 Rec=78.507 Prec=81.919
Train Client6 [33/50] LR=0.0001250 loss=0.255 ACC=92.448 F1=56.274 Rec=54.375 Prec=69.095
Train Client7 [33/50] LR=0.0001250 loss=0.114 ACC=97.747 F1=76.528 Rec=74.252 Prec=83.355

Val    [33/50] LR=0.0001250 loss=2.000 ACC=92.166 F1=80.487 Rec=81.135 Prec=80.966

Test-  OSR [33/50] LR=0.0001250 ACC=78.862 F1=62.444 Rec=64.635 Prec=61.227 UNK=0.000 OS*=77.562 HOS=0.000 AUROC=74.991 AUPR=24.290 OSCR=71.385
Test-Close [33/50] LR=0.0001250 loss=2.033 ACC=89.782 F1=80.283 Rec=77.562 Prec=84.804
Train Client0 [34/50] LR=0.0001250 loss=0.367 ACC=91.250 F1=61.156 Rec=60.987 Prec=62.585
Train Client1 [34/50] LR=0.0001250 loss=0.268 ACC=94.104 F1=80.593 Rec=80.773 Prec=80.833
Train Client2 [34/50] LR=0.0001250 loss=0.398 ACC=90.552 F1=75.281 Rec=73.793 Prec=77.479
Train Client3 [34/50] LR=0.0001250 loss=0.456 ACC=91.311 F1=85.995 Rec=85.947 Prec=86.327
Train Client4 [34/50] LR=0.0001250 loss=0.505 ACC=88.867 F1=78.838 Rec=77.575 Prec=81.015
Train Client5 [34/50] LR=0.0001250 loss=0.369 ACC=91.898 F1=83.059 Rec=83.305 Prec=82.913
Train Client6 [34/50] LR=0.0001250 loss=0.263 ACC=95.052 F1=71.407 Rec=69.863 Prec=75.944
Train Client7 [34/50] LR=0.0001250 loss=0.108 ACC=97.965 F1=79.970 Rec=76.655 Prec=92.377

Val    [34/50] LR=0.0001250 loss=2.008 ACC=92.051 F1=79.924 Rec=80.259 Prec=80.537

Test-  OSR [34/50] LR=0.0001250 ACC=78.666 F1=61.645 Rec=62.323 Prec=61.772 UNK=0.000 OS*=74.788 HOS=0.000 AUROC=74.054 AUPR=23.280 OSCR=70.431
Test-Close [34/50] LR=0.0001250 loss=2.059 ACC=89.559 F1=79.119 Rec=74.788 Prec=85.103
>> New learning Rate: 6.25e-05
Train Client0 [35/50] LR=0.0000625 loss=0.336 ACC=91.667 F1=55.246 Rec=56.092 Prec=54.674
Train Client1 [35/50] LR=0.0000625 loss=0.214 ACC=95.047 F1=83.897 Rec=81.455 Prec=87.810
Train Client2 [35/50] LR=0.0000625 loss=0.336 ACC=91.860 F1=76.909 Rec=75.811 Prec=78.171
Train Client3 [35/50] LR=0.0000625 loss=0.445 ACC=91.006 F1=86.100 Rec=84.631 Prec=87.790
Train Client4 [35/50] LR=0.0000625 loss=0.552 ACC=84.961 F1=72.197 Rec=71.382 Prec=73.180
Train Client5 [35/50] LR=0.0000625 loss=0.417 ACC=90.278 F1=83.034 Rec=83.937 Prec=82.326
Train Client6 [35/50] LR=0.0000625 loss=0.315 ACC=93.750 F1=67.244 Rec=65.209 Prec=70.251
Train Client7 [35/50] LR=0.0000625 loss=0.086 ACC=98.110 F1=81.658 Rec=81.143 Prec=82.549

Val    [35/50] LR=0.0000625 loss=1.999 ACC=92.396 F1=81.309 Rec=81.438 Prec=82.023

Test-  OSR [35/50] LR=0.0000625 ACC=78.960 F1=61.918 Rec=63.305 Prec=60.837 UNK=0.000 OS*=75.966 HOS=0.000 AUROC=74.991 AUPR=24.737 OSCR=71.513
Test-Close [35/50] LR=0.0000625 loss=2.036 ACC=89.894 F1=79.780 Rec=75.966 Prec=84.752
Train Client0 [36/50] LR=0.0000625 loss=0.293 ACC=91.806 F1=59.857 Rec=62.770 Prec=57.853
Train Client1 [36/50] LR=0.0000625 loss=0.221 ACC=95.047 F1=82.730 Rec=81.885 Prec=83.809
Train Client2 [36/50] LR=0.0000625 loss=0.341 ACC=90.843 F1=79.699 Rec=78.922 Prec=80.570
Train Client3 [36/50] LR=0.0000625 loss=0.447 ACC=90.091 F1=84.876 Rec=83.530 Prec=86.610
Train Client4 [36/50] LR=0.0000625 loss=0.474 ACC=88.477 F1=77.299 Rec=75.068 Prec=80.034
Train Client5 [36/50] LR=0.0000625 loss=0.377 ACC=91.782 F1=84.836 Rec=84.384 Prec=85.315
Train Client6 [36/50] LR=0.0000625 loss=0.245 ACC=91.667 F1=62.376 Rec=62.338 Prec=67.331
Train Client7 [36/50] LR=0.0000625 loss=0.090 ACC=98.256 F1=80.609 Rec=79.322 Prec=82.160

Val    [36/50] LR=0.0000625 loss=1.996 ACC=92.281 F1=81.005 Rec=81.564 Prec=80.969

Test-  OSR [36/50] LR=0.0000625 ACC=79.353 F1=62.843 Rec=64.299 Prec=61.661 UNK=0.000 OS*=77.158 HOS=0.000 AUROC=75.191 AUPR=25.021 OSCR=71.783
Test-Close [36/50] LR=0.0000625 loss=2.038 ACC=90.341 F1=80.761 Rec=77.158 Prec=85.353
Train Client0 [37/50] LR=0.0000625 loss=0.292 ACC=91.944 F1=55.160 Rec=53.648 Prec=56.913
Train Client1 [37/50] LR=0.0000625 loss=0.201 ACC=95.401 F1=86.597 Rec=85.529 Prec=87.843
Train Client2 [37/50] LR=0.0000625 loss=0.280 ACC=93.895 F1=82.700 Rec=81.282 Prec=84.351
Train Client3 [37/50] LR=0.0000625 loss=0.387 ACC=91.616 F1=87.276 Rec=86.483 Prec=88.217
Train Client4 [37/50] LR=0.0000625 loss=0.514 ACC=87.695 F1=78.278 Rec=76.920 Prec=79.858
Train Client5 [37/50] LR=0.0000625 loss=0.378 ACC=91.782 F1=82.387 Rec=83.714 Prec=81.292
Train Client6 [37/50] LR=0.0000625 loss=0.249 ACC=93.490 F1=66.655 Rec=67.299 Prec=68.273
Train Client7 [37/50] LR=0.0000625 loss=0.089 ACC=98.110 F1=83.914 Rec=81.352 Prec=87.035

Val    [37/50] LR=0.0000625 loss=2.009 ACC=92.281 F1=80.364 Rec=82.410 Prec=79.538

Test-  OSR [37/50] LR=0.0000625 ACC=78.617 F1=61.054 Rec=64.242 Prec=58.642 UNK=0.000 OS*=77.091 HOS=0.000 AUROC=75.177 AUPR=24.841 OSCR=71.595
Test-Close [37/50] LR=0.0000625 loss=2.027 ACC=89.503 F1=79.283 Rec=77.091 Prec=82.781
Train Client0 [38/50] LR=0.0000625 loss=0.275 ACC=92.500 F1=55.630 Rec=56.705 Prec=54.741
Train Client1 [38/50] LR=0.0000625 loss=0.204 ACC=95.283 F1=84.927 Rec=84.741 Prec=85.658
Train Client2 [38/50] LR=0.0000625 loss=0.301 ACC=92.733 F1=81.372 Rec=80.844 Prec=81.979
Train Client3 [38/50] LR=0.0000625 loss=0.445 ACC=90.091 F1=84.950 Rec=83.936 Prec=86.305
Train Client4 [38/50] LR=0.0000625 loss=0.481 ACC=87.695 F1=77.703 Rec=76.459 Prec=79.308
Train Client5 [38/50] LR=0.0000625 loss=0.343 ACC=92.708 F1=86.767 Rec=87.411 Prec=86.232
Train Client6 [38/50] LR=0.0000625 loss=0.236 ACC=93.229 F1=68.826 Rec=72.683 Prec=67.828
Train Client7 [38/50] LR=0.0000625 loss=0.073 ACC=98.110 F1=77.236 Rec=76.117 Prec=78.723

Val    [38/50] LR=0.0000625 loss=1.998 ACC=92.512 F1=80.644 Rec=81.712 Prec=80.868

Test-  OSR [38/50] LR=0.0000625 ACC=78.764 F1=61.422 Rec=63.036 Prec=60.189 UNK=0.000 OS*=75.643 HOS=0.000 AUROC=75.830 AUPR=25.736 OSCR=72.263
Test-Close [38/50] LR=0.0000625 loss=2.036 ACC=89.671 F1=79.028 Rec=75.643 Prec=83.814
Saving best model . . . . . . . .

Train Client0 [39/50] LR=0.0000625 loss=0.257 ACC=93.056 F1=61.168 Rec=60.657 Prec=62.546
Train Client1 [39/50] LR=0.0000625 loss=0.207 ACC=95.637 F1=85.815 Rec=83.651 Prec=88.342
Train Client2 [39/50] LR=0.0000625 loss=0.327 ACC=92.442 F1=83.002 Rec=80.851 Prec=86.516
Train Client3 [39/50] LR=0.0000625 loss=0.359 ACC=92.226 F1=87.921 Rec=87.014 Prec=88.921
Train Client4 [39/50] LR=0.0000625 loss=0.494 ACC=86.914 F1=77.373 Rec=75.664 Prec=79.819
Train Client5 [39/50] LR=0.0000625 loss=0.335 ACC=92.940 F1=81.298 Rec=79.590 Prec=85.928
Train Client6 [39/50] LR=0.0000625 loss=0.280 ACC=91.667 F1=57.028 Rec=58.043 Prec=61.719
Train Client7 [39/50] LR=0.0000625 loss=0.068 ACC=98.183 F1=77.916 Rec=77.049 Prec=80.700

Val    [39/50] LR=0.0000625 loss=2.000 ACC=92.627 F1=81.401 Rec=81.970 Prec=81.647

Test-  OSR [39/50] LR=0.0000625 ACC=79.304 F1=62.603 Rec=64.871 Prec=60.637 UNK=0.000 OS*=77.845 HOS=0.000 AUROC=75.770 AUPR=25.767 OSCR=72.213
Test-Close [39/50] LR=0.0000625 loss=2.042 ACC=90.285 F1=81.035 Rec=77.845 Prec=85.043
Train Client0 [40/50] LR=0.0000625 loss=0.231 ACC=93.472 F1=64.844 Rec=63.703 Prec=73.239
Train Client1 [40/50] LR=0.0000625 loss=0.201 ACC=95.873 F1=86.659 Rec=85.835 Prec=87.702
Train Client2 [40/50] LR=0.0000625 loss=0.322 ACC=93.605 F1=82.832 Rec=81.606 Prec=84.292
Train Client3 [40/50] LR=0.0000625 loss=0.390 ACC=90.854 F1=85.463 Rec=84.506 Prec=86.496
Train Client4 [40/50] LR=0.0000625 loss=0.445 ACC=86.914 F1=76.590 Rec=75.950 Prec=77.433
Train Client5 [40/50] LR=0.0000625 loss=0.349 ACC=91.435 F1=84.794 Rec=83.445 Prec=86.326
Train Client6 [40/50] LR=0.0000625 loss=0.211 ACC=94.271 F1=64.254 Rec=63.743 Prec=65.543
Train Client7 [40/50] LR=0.0000625 loss=0.062 ACC=98.619 F1=86.614 Rec=83.236 Prec=95.710

Val    [40/50] LR=0.0000625 loss=2.010 ACC=92.627 F1=80.677 Rec=82.885 Prec=79.815

Test-  OSR [40/50] LR=0.0000625 ACC=79.058 F1=62.146 Rec=64.760 Prec=60.299 UNK=0.000 OS*=77.712 HOS=0.000 AUROC=75.535 AUPR=26.680 OSCR=71.823
Test-Close [40/50] LR=0.0000625 loss=2.052 ACC=90.006 F1=80.424 Rec=77.712 Prec=84.567
Train Client0 [41/50] LR=0.0000625 loss=0.280 ACC=91.944 F1=55.298 Rec=56.528 Prec=54.242
Train Client1 [41/50] LR=0.0000625 loss=0.189 ACC=96.108 F1=87.319 Rec=85.244 Prec=90.054
Train Client2 [41/50] LR=0.0000625 loss=0.262 ACC=93.169 F1=79.237 Rec=76.802 Prec=84.306
Train Client3 [41/50] LR=0.0000625 loss=0.414 ACC=91.006 F1=85.703 Rec=85.206 Prec=86.473
Train Client4 [41/50] LR=0.0000625 loss=0.417 ACC=89.844 F1=80.293 Rec=79.702 Prec=80.997
Train Client5 [41/50] LR=0.0000625 loss=0.358 ACC=90.972 F1=82.955 Rec=82.302 Prec=84.110
Train Client6 [41/50] LR=0.0000625 loss=0.219 ACC=94.010 F1=70.746 Rec=69.919 Prec=72.467
Train Client7 [41/50] LR=0.0000625 loss=0.067 ACC=98.328 F1=80.948 Rec=79.746 Prec=83.356

Val    [41/50] LR=0.0000625 loss=2.008 ACC=92.627 F1=82.110 Rec=83.345 Prec=82.034

Test-  OSR [41/50] LR=0.0000625 ACC=79.205 F1=63.129 Rec=65.416 Prec=61.645 UNK=0.000 OS*=78.499 HOS=0.000 AUROC=74.260 AUPR=24.646 OSCR=70.793
Test-Close [41/50] LR=0.0000625 loss=2.049 ACC=90.173 F1=81.349 Rec=78.499 Prec=85.594
Train Client0 [42/50] LR=0.0000625 loss=0.305 ACC=91.667 F1=52.732 Rec=53.694 Prec=51.915
Train Client1 [42/50] LR=0.0000625 loss=0.191 ACC=95.755 F1=85.503 Rec=83.958 Prec=88.138
Train Client2 [42/50] LR=0.0000625 loss=0.283 ACC=92.878 F1=81.494 Rec=81.643 Prec=81.350
Train Client3 [42/50] LR=0.0000625 loss=0.360 ACC=90.854 F1=84.880 Rec=83.417 Prec=86.522
Train Client4 [42/50] LR=0.0000625 loss=0.410 ACC=88.477 F1=79.167 Rec=77.783 Prec=81.052
Train Client5 [42/50] LR=0.0000625 loss=0.343 ACC=92.477 F1=85.956 Rec=86.780 Prec=85.261
Train Client6 [42/50] LR=0.0000625 loss=0.234 ACC=93.229 F1=67.030 Rec=66.466 Prec=67.825
Train Client7 [42/50] LR=0.0000625 loss=0.065 ACC=98.692 F1=82.734 Rec=81.353 Prec=85.807

Val    [42/50] LR=0.0000625 loss=2.005 ACC=92.281 F1=80.217 Rec=82.881 Prec=78.748

Test-  OSR [42/50] LR=0.0000625 ACC=79.402 F1=63.068 Rec=65.915 Prec=60.637 UNK=0.000 OS*=79.098 HOS=0.000 AUROC=74.863 AUPR=25.454 OSCR=71.472
Test-Close [42/50] LR=0.0000625 loss=2.043 ACC=90.396 F1=81.784 Rec=79.098 Prec=85.102
Train Client0 [43/50] LR=0.0000625 loss=0.296 ACC=92.778 F1=55.572 Rec=54.148 Prec=57.218
Train Client1 [43/50] LR=0.0000625 loss=0.201 ACC=95.637 F1=85.378 Rec=83.727 Prec=87.329
Train Client2 [43/50] LR=0.0000625 loss=0.295 ACC=93.169 F1=77.392 Rec=78.304 Prec=76.835
Train Client3 [43/50] LR=0.0000625 loss=0.461 ACC=91.006 F1=86.310 Rec=85.402 Prec=87.343
Train Client4 [43/50] LR=0.0000625 loss=0.418 ACC=88.867 F1=80.601 Rec=79.119 Prec=82.516
Train Client5 [43/50] LR=0.0000625 loss=0.363 ACC=89.931 F1=77.200 Rec=76.571 Prec=78.137
Train Client6 [43/50] LR=0.0000625 loss=0.258 ACC=91.667 F1=57.411 Rec=56.635 Prec=60.060
Train Client7 [43/50] LR=0.0000625 loss=0.050 ACC=98.910 F1=84.126 Rec=82.758 Prec=87.223

Val    [43/50] LR=0.0000625 loss=2.007 ACC=92.512 F1=82.254 Rec=83.241 Prec=82.123

Test-  OSR [43/50] LR=0.0000625 ACC=78.960 F1=61.844 Rec=64.367 Prec=59.964 UNK=0.000 OS*=77.241 HOS=0.000 AUROC=74.995 AUPR=24.917 OSCR=71.475
Test-Close [43/50] LR=0.0000625 loss=2.057 ACC=89.894 F1=80.038 Rec=77.241 Prec=83.887
Train Client0 [44/50] LR=0.0000625 loss=0.283 ACC=93.611 F1=62.747 Rec=63.706 Prec=62.004
Train Client1 [44/50] LR=0.0000625 loss=0.182 ACC=95.991 F1=88.350 Rec=87.728 Prec=89.037
Train Client2 [44/50] LR=0.0000625 loss=0.284 ACC=93.750 F1=74.129 Rec=72.924 Prec=75.571
Train Client3 [44/50] LR=0.0000625 loss=0.441 ACC=89.787 F1=85.509 Rec=85.839 Prec=85.537
Train Client4 [44/50] LR=0.0000625 loss=0.462 ACC=89.453 F1=78.291 Rec=77.958 Prec=78.776
Train Client5 [44/50] LR=0.0000625 loss=0.362 ACC=91.667 F1=80.765 Rec=79.691 Prec=82.171
Train Client6 [44/50] LR=0.0000625 loss=0.256 ACC=94.271 F1=68.741 Rec=65.473 Prec=76.683
Train Client7 [44/50] LR=0.0000625 loss=0.060 ACC=98.401 F1=78.977 Rec=77.861 Prec=80.480

Val    [44/50] LR=0.0000625 loss=2.007 ACC=92.512 F1=81.030 Rec=82.010 Prec=80.937

Test-  OSR [44/50] LR=0.0000625 ACC=79.353 F1=63.214 Rec=65.088 Prec=61.745 UNK=0.000 OS*=78.106 HOS=0.000 AUROC=74.598 AUPR=24.629 OSCR=71.203
Test-Close [44/50] LR=0.0000625 loss=2.061 ACC=90.341 F1=81.564 Rec=78.106 Prec=85.956
Train Client0 [45/50] LR=0.0000625 loss=0.262 ACC=91.389 F1=59.565 Rec=62.797 Prec=57.636
Train Client1 [45/50] LR=0.0000625 loss=0.210 ACC=95.991 F1=87.366 Rec=85.662 Prec=89.503
Train Client2 [45/50] LR=0.0000625 loss=0.283 ACC=93.314 F1=78.833 Rec=78.724 Prec=79.075
Train Client3 [45/50] LR=0.0000625 loss=0.438 ACC=88.110 F1=81.177 Rec=79.865 Prec=82.625
Train Client4 [45/50] LR=0.0000625 loss=0.426 ACC=89.258 F1=77.951 Rec=75.783 Prec=80.706
Train Client5 [45/50] LR=0.0000625 loss=0.345 ACC=93.056 F1=87.264 Rec=85.624 Prec=89.394
Train Client6 [45/50] LR=0.0000625 loss=0.210 ACC=94.792 F1=67.217 Rec=64.907 Prec=70.084
Train Client7 [45/50] LR=0.0000625 loss=0.063 ACC=98.837 F1=84.564 Rec=82.155 Prec=90.042

Val    [45/50] LR=0.0000625 loss=2.012 ACC=91.820 F1=79.227 Rec=80.986 Prec=78.367

Test-  OSR [45/50] LR=0.0000625 ACC=79.402 F1=62.292 Rec=64.673 Prec=60.175 UNK=0.000 OS*=77.607 HOS=0.000 AUROC=75.612 AUPR=25.683 OSCR=72.018
Test-Close [45/50] LR=0.0000625 loss=2.062 ACC=90.396 F1=80.980 Rec=77.607 Prec=85.036
Train Client0 [46/50] LR=0.0000625 loss=0.242 ACC=94.167 F1=56.345 Rec=57.709 Prec=55.153
Train Client1 [46/50] LR=0.0000625 loss=0.171 ACC=95.755 F1=86.626 Rec=86.180 Prec=87.171
Train Client2 [46/50] LR=0.0000625 loss=0.261 ACC=92.151 F1=82.605 Rec=84.133 Prec=81.669
Train Client3 [46/50] LR=0.0000625 loss=0.375 ACC=91.159 F1=85.403 Rec=84.430 Prec=86.611
Train Client4 [46/50] LR=0.0000625 loss=0.429 ACC=88.281 F1=77.316 Rec=75.900 Prec=78.920
Train Client5 [46/50] LR=0.0000625 loss=0.353 ACC=91.898 F1=84.407 Rec=85.044 Prec=83.945
Train Client6 [46/50] LR=0.0000625 loss=0.239 ACC=94.531 F1=75.344 Rec=78.415 Prec=74.313
Train Client7 [46/50] LR=0.0000625 loss=0.050 ACC=98.692 F1=84.370 Rec=84.310 Prec=84.842

Val    [46/50] LR=0.0000625 loss=2.003 ACC=92.857 F1=81.455 Rec=81.725 Prec=81.892

Test-  OSR [46/50] LR=0.0000625 ACC=79.156 F1=62.880 Rec=64.538 Prec=61.596 UNK=0.000 OS*=77.446 HOS=0.000 AUROC=75.218 AUPR=25.042 OSCR=71.683
Test-Close [46/50] LR=0.0000625 loss=2.056 ACC=90.117 F1=80.911 Rec=77.446 Prec=85.156
>> New learning Rate: 3.125e-05
Train Client0 [47/50] LR=0.0000313 loss=0.231 ACC=93.472 F1=60.464 Rec=63.544 Prec=58.743
Train Client1 [47/50] LR=0.0000313 loss=0.176 ACC=96.108 F1=88.748 Rec=88.384 Prec=89.165
Train Client2 [47/50] LR=0.0000313 loss=0.281 ACC=92.733 F1=83.302 Rec=84.717 Prec=83.108
Train Client3 [47/50] LR=0.0000313 loss=0.393 ACC=90.701 F1=86.558 Rec=85.704 Prec=87.664
Train Client4 [47/50] LR=0.0000313 loss=0.453 ACC=88.086 F1=79.079 Rec=78.027 Prec=80.461
Train Client5 [47/50] LR=0.0000313 loss=0.296 ACC=92.708 F1=85.186 Rec=85.216 Prec=85.259
Train Client6 [47/50] LR=0.0000313 loss=0.237 ACC=92.448 F1=68.280 Rec=71.061 Prec=69.728
Train Client7 [47/50] LR=0.0000313 loss=0.050 ACC=98.619 F1=85.569 Rec=82.481 Prec=91.212

Val    [47/50] LR=0.0000313 loss=2.018 ACC=92.281 F1=80.293 Rec=81.177 Prec=80.195

Test-  OSR [47/50] LR=0.0000313 ACC=79.107 F1=62.970 Rec=64.807 Prec=61.478 UNK=0.000 OS*=77.769 HOS=0.000 AUROC=74.674 AUPR=24.994 OSCR=71.154
Test-Close [47/50] LR=0.0000313 loss=2.072 ACC=90.061 F1=81.257 Rec=77.769 Prec=85.598
Train Client0 [48/50] LR=0.0000313 loss=0.270 ACC=93.056 F1=64.669 Rec=69.880 Prec=61.494
Train Client1 [48/50] LR=0.0000313 loss=0.126 ACC=97.288 F1=91.815 Rec=90.423 Prec=93.444
Train Client2 [48/50] LR=0.0000313 loss=0.254 ACC=94.041 F1=85.532 Rec=86.731 Prec=84.594
Train Client3 [48/50] LR=0.0000313 loss=0.291 ACC=93.598 F1=89.846 Rec=88.423 Prec=91.597
Train Client4 [48/50] LR=0.0000313 loss=0.476 ACC=87.891 F1=75.347 Rec=73.430 Prec=78.186
Train Client5 [48/50] LR=0.0000313 loss=0.307 ACC=93.171 F1=82.859 Rec=81.825 Prec=85.450
Train Client6 [48/50] LR=0.0000313 loss=0.237 ACC=92.708 F1=71.284 Rec=75.822 Prec=69.599
Train Client7 [48/50] LR=0.0000313 loss=0.046 ACC=98.983 F1=85.914 Rec=85.175 Prec=86.752

Val    [48/50] LR=0.0000313 loss=2.021 ACC=92.396 F1=81.053 Rec=82.983 Prec=80.133

Test-  OSR [48/50] LR=0.0000313 ACC=79.205 F1=62.785 Rec=66.172 Prec=60.057 UNK=0.000 OS*=79.407 HOS=0.000 AUROC=75.277 AUPR=25.919 OSCR=71.752
Test-Close [48/50] LR=0.0000313 loss=2.059 ACC=90.173 F1=81.684 Rec=79.407 Prec=84.852
Train Client0 [49/50] LR=0.0000313 loss=0.243 ACC=93.472 F1=56.053 Rec=56.937 Prec=55.410
Train Client1 [49/50] LR=0.0000313 loss=0.151 ACC=97.170 F1=91.362 Rec=89.935 Prec=93.036
Train Client2 [49/50] LR=0.0000313 loss=0.246 ACC=93.750 F1=81.127 Rec=83.318 Prec=80.756
Train Client3 [49/50] LR=0.0000313 loss=0.343 ACC=91.768 F1=87.545 Rec=86.841 Prec=88.374
Train Client4 [49/50] LR=0.0000313 loss=0.440 ACC=88.672 F1=79.698 Rec=78.505 Prec=81.342
Train Client5 [49/50] LR=0.0000313 loss=0.308 ACC=91.319 F1=83.295 Rec=83.871 Prec=83.097
Train Client6 [49/50] LR=0.0000313 loss=0.195 ACC=95.312 F1=80.941 Rec=84.585 Prec=80.300
Train Client7 [49/50] LR=0.0000313 loss=0.052 ACC=98.983 F1=87.653 Rec=86.460 Prec=89.445

Val    [49/50] LR=0.0000313 loss=2.013 ACC=92.857 F1=81.362 Rec=82.414 Prec=81.062

Test-  OSR [49/50] LR=0.0000313 ACC=79.009 F1=62.375 Rec=64.302 Prec=60.740 UNK=0.000 OS*=77.163 HOS=0.000 AUROC=74.982 AUPR=25.154 OSCR=71.484
Test-Close [49/50] LR=0.0000313 loss=2.069 ACC=89.950 F1=80.540 Rec=77.163 Prec=84.782
------>Best performance (by OSCR)--->>>>>>>

Test-  OSR [38/50] LR=0.0000625 ACC=78.764 F1=61.422 Rec=63.036 Prec=60.189 UNK=0.000 OS*=75.643 HOS=0.000 AUROC=75.830 AUPR=25.736 OSCR=72.263
Test-Close [38/50] LR=0.0000625 loss=2.036 ACC=89.671 F1=79.028 Rec=75.643 Prec=83.814
=====================================================================================================================================
The ending time ：2026-06-25 22:31:49
