Logging to: ./logs/HAM10000_Finetune_K5_U2_seed0_20260626_140703.log
==> Preparing data..
Protocol mode: hard
Fixed known classes: ['nv', 'bkl', 'bcc', 'akiec', 'vasc']
Fixed unknown classes: ['mel', 'df']
Known class list: [0 2 3 4 5] Unknown class list [1 6]
Loaded 10015 images from 7470 lesions
Class distribution: [(0, 6705), (1, 1113), (2, 1099), (3, 514), (4, 327), (5, 142), (6, 115)]
Train: 6987, Val: 989, Test: 2039
Train class distribution: [(0, 4680), (1, 780), (2, 759), (3, 356), (4, 230), (5, 103), (6, 79)]
{0: 0, 2: 1, 3: 2, 4: 3, 5: 4} {1: 5, 6: 6}
Known origin: [0 2 3 4 5] , new: [0 1 2 3 4]
Unknown origin: [1 6] , new: [5 6]
Known/Unknown in Train: 6128/859
Known/Unknown in Val:   868/121
Known/Unknown in Test:  1791/248
Client0 sample num: 803
Client1 sample num: 1392
Client2 sample num: 655
Client3 sample num: 430
Client4 sample num: 1872
Client5 sample num: 796
Client6 sample num: 39
Client7 sample num: 141

>>> Setting up
==> Using device: cuda:0
==> Building [Resnet18] model..
154
154
154
154
154
154
154
154
154
154
154
154
154
154
154
154
154
154
Train Client0 [0/200] LR=0.0005000 loss=23.047 ACC=89.125 F1=74.516 Rec=70.246 Prec=80.810
Train Client1 [0/200] LR=0.0005000 loss=14.368 ACC=78.017 F1=55.147 Rec=47.987 Prec=83.947
Train Client2 [0/200] LR=0.0005000 loss=23.226 ACC=83.750 F1=44.437 Rec=42.261 Prec=59.874
Train Client3 [0/200] LR=0.0005000 loss=27.569 ACC=95.913 F1=62.211 Rec=56.564 Prec=70.896
