Logging to: ./logs/Hyperkvasir_Pretrain_K6_U9_seed0_20260625_195623.log
==> Preparing data..
Protocol mode: hard
Fixed known classes: ['bbps', 'polyps', 'cecum', 'z-line', 'pylorus', 'retroflex-stomach']
Fixed unknown classes: ['dyed-lifted-polyps', 'dyed-resection-margins', 'ulcerative-colitis', 'esophagitis', 'retroflex-rectum', 'impacted-stool', 'barretts', 'ileum', 'hemorrhoids']
Known class list: [0 1 2 6 4 8] Unknown class list [ 3  5  7  9 10 11 12 13 14]
Train: 7454, Val: 1058, Test: 2150
Train class dist: [(0, 1255), (1, 719), (2, 706), (3, 701), (4, 699), (5, 692), (6, 652), (7, 593), (8, 534), (9, 464), (10, 273), (11, 91), (12, 65), (13, 6), (14, 4)]
{0: 0, 1: 1, 2: 2, 6: 3, 4: 4, 8: 5} {3: 6, 5: 7, 7: 8, 9: 9, 10: 10, 11: 11, 12: 12, 13: 13, 14: 14}
Known origin: [0 1 2 6 4 8] , new: [0 1 2 3 4 5]
Unknown origin: [ 3  5  7  9 10 11 12 13 14] , new: [ 6  7  8  9 10 11 12 13 14]
Known/Unknown in Train: 4565/2889
Known/Unknown in Val:   648/410
Known/Unknown in Test:  1313/837
Client0 sample num: 654
Client1 sample num: 984
Client2 sample num: 698
Client3 sample num: 404
Client4 sample num: 710
Client5 sample num: 538
Client6 sample num: 123
Client7 sample num: 454

>>> Setting up
==> Using device: cuda:0
==> Building [Resnet18] model..
154
120
Train Client0 [0/50] LR=0.0005000 loss=0.974 ACC=85.469 F1=61.291 Rec=60.308 Prec=64.107
Train Client1 [0/50] LR=0.0005000 loss=1.019 ACC=84.836 F1=54.352 Rec=54.073 Prec=54.793
Train Client2 [0/50] LR=0.0005000 loss=1.029 ACC=83.576 F1=53.265 Rec=53.072 Prec=55.643
Train Client3 [0/50] LR=0.0005000 loss=1.180 ACC=82.250 F1=58.810 Rec=57.950 Prec=60.552
Train Client4 [0/50] LR=0.0005000 loss=0.961 ACC=86.506 F1=54.401 Rec=55.149 Prec=54.842
Train Client5 [0/50] LR=0.0005000 loss=1.156 ACC=83.333 F1=65.968 Rec=65.471 Prec=66.777
Train Client6 [0/50] LR=0.0005000 loss=2.374 ACC=55.357 F1=34.843 Rec=37.863 Prec=36.409
Train Client7 [0/50] LR=0.0005000 loss=0.890 ACC=85.938 F1=59.272 Rec=59.223 Prec=59.350

Val    [0/50] LR=0.0005000 loss=2.314 ACC=86.883 F1=84.881 Rec=84.723 Prec=91.244

Test-  OSR [0/50] LR=0.0005000 ACC=52.837 F1=56.805 Rec=72.175 Prec=49.990 UNK=0.000 OS*=84.204 HOS=0.000 AUROC=76.927 AUPR=67.833 OSCR=68.904
Test-Close [0/50] LR=0.0005000 loss=2.321 ACC=86.519 F1=84.409 Rec=84.204 Prec=91.326
Saving best model . . . . . . . .

Train Client0 [1/50] LR=0.0005000 loss=0.766 ACC=88.906 F1=66.325 Rec=66.059 Prec=66.670
Train Client1 [1/50] LR=0.0005000 loss=0.774 ACC=87.807 F1=65.227 Rec=64.427 Prec=66.427
Train Client2 [1/50] LR=0.0005000 loss=0.882 ACC=87.209 F1=73.530 Rec=71.259 Prec=76.959
Train Client3 [1/50] LR=0.0005000 loss=0.791 ACC=87.500 F1=67.514 Rec=67.540 Prec=67.511
Train Client4 [1/50] LR=0.0005000 loss=0.577 ACC=90.057 F1=60.915 Rec=62.305 Prec=59.734
Train Client5 [1/50] LR=0.0005000 loss=0.663 ACC=90.152 F1=73.664 Rec=73.421 Prec=73.994
Train Client6 [1/50] LR=0.0005000 loss=1.050 ACC=79.464 F1=66.035 Rec=75.819 Prec=64.033
Train Client7 [1/50] LR=0.0005000 loss=0.849 ACC=88.170 F1=70.838 Rec=84.201 Prec=69.896

Val    [1/50] LR=0.0005000 loss=2.071 ACC=95.525 F1=95.171 Rec=94.995 Prec=96.116

Test-  OSR [1/50] LR=0.0005000 ACC=58.093 F1=62.283 Rec=80.938 Prec=51.145 UNK=0.000 OS*=94.428 HOS=0.000 AUROC=80.191 AUPR=71.805 OSCR=78.090
Test-Close [1/50] LR=0.0005000 loss=2.090 ACC=95.126 F1=94.612 Rec=94.428 Prec=95.733
Saving best model . . . . . . . .

Train Client0 [2/50] LR=0.0005000 loss=0.685 ACC=90.156 F1=88.043 Rec=87.263 Prec=88.870
Train Client1 [2/50] LR=0.0005000 loss=0.702 ACC=89.959 F1=76.227 Rec=71.113 Prec=88.171
Train Client2 [2/50] LR=0.0005000 loss=0.694 ACC=88.663 F1=74.446 Rec=72.441 Prec=77.091
Train Client3 [2/50] LR=0.0005000 loss=0.530 ACC=91.500 F1=69.643 Rec=69.746 Prec=69.637
Train Client4 [2/50] LR=0.0005000 loss=0.600 ACC=90.057 F1=61.983 Rec=60.420 Prec=64.216
Train Client5 [2/50] LR=0.0005000 loss=0.533 ACC=91.667 F1=75.109 Rec=74.970 Prec=75.289
Train Client6 [2/50] LR=0.0005000 loss=0.647 ACC=86.607 F1=77.526 Rec=82.950 Prec=74.332
Train Client7 [2/50] LR=0.0005000 loss=0.620 ACC=89.286 F1=70.908 Rec=71.275 Prec=70.696

Val    [2/50] LR=0.0005000 loss=2.026 ACC=97.685 F1=97.740 Rec=97.512 Prec=98.041

Test-  OSR [2/50] LR=0.0005000 ACC=59.116 F1=64.772 Rec=82.803 Prec=54.023 UNK=0.000 OS*=96.604 HOS=0.000 AUROC=74.271 AUPR=66.017 OSCR=73.327
Test-Close [2/50] LR=0.0005000 loss=2.034 ACC=96.801 F1=96.798 Rec=96.604 Prec=97.198
Train Client0 [3/50] LR=0.0005000 loss=0.529 ACC=91.562 F1=73.586 Rec=72.480 Prec=74.926
Train Client1 [3/50] LR=0.0005000 loss=0.611 ACC=88.525 F1=62.729 Rec=63.065 Prec=62.513
Train Client2 [3/50] LR=0.0005000 loss=0.522 ACC=90.262 F1=76.769 Rec=74.808 Prec=79.775
Train Client3 [3/50] LR=0.0005000 loss=0.568 ACC=90.750 F1=72.173 Rec=71.765 Prec=72.696
Train Client4 [3/50] LR=0.0005000 loss=0.424 ACC=93.182 F1=70.441 Rec=68.821 Prec=72.300
Train Client5 [3/50] LR=0.0005000 loss=0.517 ACC=91.288 F1=74.484 Rec=74.550 Prec=74.467
Train Client6 [3/50] LR=0.0005000 loss=0.779 ACC=91.071 F1=80.083 Rec=84.737 Prec=76.528
Train Client7 [3/50] LR=0.0005000 loss=0.662 ACC=89.509 F1=70.737 Rec=71.837 Prec=69.983

Val    [3/50] LR=0.0005000 loss=1.972 ACC=98.148 F1=97.971 Rec=98.018 Prec=97.996

Test-  OSR [3/50] LR=0.0005000 ACC=59.674 F1=64.333 Rec=83.627 Prec=52.920 UNK=0.000 OS*=97.565 HOS=0.000 AUROC=82.609 AUPR=74.770 OSCR=81.870
Test-Close [3/50] LR=0.0005000 loss=1.972 ACC=97.715 F1=97.605 Rec=97.565 Prec=97.709
Saving best model . . . . . . . .

Train Client0 [4/50] LR=0.0005000 loss=0.510 ACC=92.188 F1=75.391 Rec=75.149 Prec=75.645
Train Client1 [4/50] LR=0.0005000 loss=0.484 ACC=93.135 F1=73.327 Rec=71.885 Prec=75.405
Train Client2 [4/50] LR=0.0005000 loss=0.530 ACC=88.953 F1=66.775 Rec=66.190 Prec=67.617
Train Client3 [4/50] LR=0.0005000 loss=0.506 ACC=91.500 F1=71.151 Rec=69.585 Prec=72.961
Train Client4 [4/50] LR=0.0005000 loss=0.368 ACC=93.040 F1=72.854 Rec=72.186 Prec=74.092
Train Client5 [4/50] LR=0.0005000 loss=0.479 ACC=92.803 F1=86.421 Rec=92.059 Prec=83.572
Train Client6 [4/50] LR=0.0005000 loss=0.819 ACC=86.607 F1=74.554 Rec=79.066 Prec=77.111
Train Client7 [4/50] LR=0.0005000 loss=0.874 ACC=84.152 F1=67.167 Rec=79.167 Prec=69.005

Val    [4/50] LR=0.0005000 loss=1.970 ACC=98.457 F1=98.335 Rec=98.310 Prec=98.404

Test-  OSR [4/50] LR=0.0005000 ACC=60.233 F1=65.553 Rec=84.495 Prec=54.187 UNK=0.000 OS*=98.578 HOS=0.000 AUROC=80.705 AUPR=75.018 OSCR=80.192
Test-Close [4/50] LR=0.0005000 loss=1.978 ACC=98.629 F1=98.599 Rec=98.578 Prec=98.647
Train Client0 [5/50] LR=0.0005000 loss=0.381 ACC=93.438 F1=74.136 Rec=74.981 Prec=73.468
Train Client1 [5/50] LR=0.0005000 loss=0.481 ACC=90.984 F1=68.133 Rec=67.697 Prec=68.614
Train Client2 [5/50] LR=0.0005000 loss=0.492 ACC=90.407 F1=75.462 Rec=72.371 Prec=79.924
Train Client3 [5/50] LR=0.0005000 loss=0.417 ACC=94.250 F1=83.095 Rec=91.644 Prec=80.172
Train Client4 [5/50] LR=0.0005000 loss=0.401 ACC=91.903 F1=67.267 Rec=69.394 Prec=65.621
Train Client5 [5/50] LR=0.0005000 loss=0.277 ACC=94.508 F1=94.446 Rec=93.852 Prec=95.123
Train Client6 [5/50] LR=0.0005000 loss=0.823 ACC=86.607 F1=78.980 Rec=92.924 Prec=74.280
Train Client7 [5/50] LR=0.0005000 loss=0.631 ACC=89.732 F1=70.710 Rec=70.577 Prec=70.897

Val    [5/50] LR=0.0005000 loss=1.982 ACC=96.451 F1=96.180 Rec=96.088 Prec=96.618

Test-  OSR [5/50] LR=0.0005000 ACC=59.349 F1=63.998 Rec=83.063 Prec=52.538 UNK=0.000 OS*=96.906 HOS=0.000 AUROC=81.016 AUPR=71.386 OSCR=80.210
Test-Close [5/50] LR=0.0005000 loss=1.982 ACC=97.182 F1=97.030 Rec=96.906 Prec=97.274
Train Client0 [6/50] LR=0.0005000 loss=0.352 ACC=94.219 F1=76.295 Rec=76.246 Prec=76.346
Train Client1 [6/50] LR=0.0005000 loss=0.526 ACC=91.701 F1=67.135 Rec=65.150 Prec=70.761
Train Client2 [6/50] LR=0.0005000 loss=0.619 ACC=89.971 F1=82.217 Rec=82.122 Prec=82.824
Train Client3 [6/50] LR=0.0005000 loss=0.384 ACC=92.500 F1=71.827 Rec=71.104 Prec=72.625
Train Client4 [6/50] LR=0.0005000 loss=0.297 ACC=94.318 F1=74.209 Rec=71.285 Prec=82.800
Train Client5 [6/50] LR=0.0005000 loss=0.293 ACC=95.455 F1=89.650 Rec=94.859 Prec=87.233
Train Client6 [6/50] LR=0.0005000 loss=1.191 ACC=82.143 F1=70.293 Rec=80.763 Prec=70.724
Train Client7 [6/50] LR=0.0005000 loss=0.697 ACC=88.616 F1=70.154 Rec=70.413 Prec=70.027

Val    [6/50] LR=0.0005000 loss=1.928 ACC=97.994 F1=97.999 Rec=97.813 Prec=98.260

Test-  OSR [6/50] LR=0.0005000 ACC=59.674 F1=65.142 Rec=83.613 Prec=54.411 UNK=0.000 OS*=97.548 HOS=0.000 AUROC=79.172 AUPR=73.597 OSCR=78.427
Test-Close [6/50] LR=0.0005000 loss=1.936 ACC=97.715 F1=97.718 Rec=97.548 Prec=97.958
Train Client0 [7/50] LR=0.0005000 loss=0.400 ACC=93.750 F1=72.977 Rec=73.015 Prec=72.944
Train Client1 [7/50] LR=0.0005000 loss=0.378 ACC=94.672 F1=84.369 Rec=80.776 Prec=93.601
Train Client2 [7/50] LR=0.0005000 loss=0.427 ACC=91.860 F1=84.727 Rec=83.371 Prec=86.309
Train Client3 [7/50] LR=0.0005000 loss=0.512 ACC=91.250 F1=71.396 Rec=72.216 Prec=70.850
Train Client4 [7/50] LR=0.0005000 loss=0.254 ACC=94.886 F1=79.536 Rec=78.991 Prec=82.097
Train Client5 [7/50] LR=0.0005000 loss=0.301 ACC=95.644 F1=78.278 Rec=77.644 Prec=79.047
Train Client6 [7/50] LR=0.0005000 loss=0.732 ACC=87.500 F1=78.645 Rec=89.427 Prec=74.127
Train Client7 [7/50] LR=0.0005000 loss=0.472 ACC=91.295 F1=76.700 Rec=89.874 Prec=74.921

Val    [7/50] LR=0.0005000 loss=1.914 ACC=98.148 F1=97.999 Rec=97.987 Prec=98.107

Test-  OSR [7/50] LR=0.0005000 ACC=60.279 F1=64.323 Rec=84.536 Prec=52.712 UNK=0.000 OS*=98.625 HOS=0.000 AUROC=87.540 AUPR=81.770 OSCR=87.196
Test-Close [7/50] LR=0.0005000 loss=1.908 ACC=98.705 F1=98.638 Rec=98.625 Prec=98.682
Saving best model . . . . . . . .

Train Client0 [8/50] LR=0.0005000 loss=0.288 ACC=95.625 F1=76.614 Rec=76.550 Prec=76.689
Train Client1 [8/50] LR=0.0005000 loss=0.381 ACC=93.340 F1=71.445 Rec=70.444 Prec=72.662
Train Client2 [8/50] LR=0.0005000 loss=0.319 ACC=94.622 F1=83.674 Rec=82.553 Prec=85.032
Train Client3 [8/50] LR=0.0005000 loss=0.347 ACC=94.000 F1=89.892 Rec=88.885 Prec=91.113
Train Client4 [8/50] LR=0.0005000 loss=0.193 ACC=95.312 F1=74.837 Rec=75.127 Prec=74.777
Train Client5 [8/50] LR=0.0005000 loss=0.266 ACC=95.833 F1=78.880 Rec=79.382 Prec=78.427
Train Client6 [8/50] LR=0.0005000 loss=0.758 ACC=88.393 F1=77.029 Rec=88.457 Prec=74.865
Train Client7 [8/50] LR=0.0005000 loss=0.356 ACC=93.750 F1=79.834 Rec=91.973 Prec=78.567

Val    [8/50] LR=0.0005000 loss=1.875 ACC=99.074 F1=98.994 Rec=98.976 Prec=99.024

Test-  OSR [8/50] LR=0.0005000 ACC=60.372 F1=65.418 Rec=84.702 Prec=54.727 UNK=0.000 OS*=98.819 HOS=0.000 AUROC=84.854 AUPR=79.706 OSCR=84.547
Test-Close [8/50] LR=0.0005000 loss=1.881 ACC=98.858 F1=98.810 Rec=98.819 Prec=98.807
Train Client0 [9/50] LR=0.0005000 loss=0.302 ACC=94.688 F1=89.946 Rec=90.265 Prec=89.660
Train Client1 [9/50] LR=0.0005000 loss=0.370 ACC=93.443 F1=81.686 Rec=77.743 Prec=91.458
Train Client2 [9/50] LR=0.0005000 loss=0.406 ACC=91.860 F1=83.139 Rec=83.157 Prec=83.200
Train Client3 [9/50] LR=0.0005000 loss=0.378 ACC=92.000 F1=74.806 Rec=74.904 Prec=74.863
Train Client4 [9/50] LR=0.0005000 loss=0.188 ACC=96.449 F1=85.214 Rec=83.495 Prec=87.852
Train Client5 [9/50] LR=0.0005000 loss=0.298 ACC=96.212 F1=78.069 Rec=78.278 Prec=77.908
Train Client6 [9/50] LR=0.0005000 loss=0.714 ACC=85.714 F1=78.980 Rec=91.075 Prec=76.068
Train Client7 [9/50] LR=0.0005000 loss=0.335 ACC=95.536 F1=83.588 Rec=95.208 Prec=81.924

Val    [9/50] LR=0.0005000 loss=1.882 ACC=98.920 F1=98.901 Rec=98.810 Prec=99.012

Test-  OSR [9/50] LR=0.0005000 ACC=60.186 F1=65.471 Rec=84.426 Prec=54.427 UNK=0.000 OS*=98.497 HOS=0.000 AUROC=84.119 AUPR=78.742 OSCR=83.723
Test-Close [9/50] LR=0.0005000 loss=1.878 ACC=98.553 F1=98.491 Rec=98.497 Prec=98.505
Train Client0 [10/50] LR=0.0005000 loss=0.312 ACC=95.625 F1=93.178 Rec=92.805 Prec=93.585
Train Client1 [10/50] LR=0.0005000 loss=0.313 ACC=94.672 F1=88.545 Rec=86.451 Prec=91.765
Train Client2 [10/50] LR=0.0005000 loss=0.343 ACC=94.767 F1=88.213 Rec=87.507 Prec=89.248
Train Client3 [10/50] LR=0.0005000 loss=0.241 ACC=93.750 F1=74.771 Rec=74.280 Prec=75.570
Train Client4 [10/50] LR=0.0005000 loss=0.253 ACC=94.460 F1=73.709 Rec=74.044 Prec=73.643
Train Client5 [10/50] LR=0.0005000 loss=0.229 ACC=96.023 F1=78.340 Rec=78.270 Prec=78.410
Train Client6 [10/50] LR=0.0005000 loss=0.925 ACC=85.714 F1=72.549 Rec=82.350 Prec=68.912
Train Client7 [10/50] LR=0.0005000 loss=0.401 ACC=94.196 F1=78.090 Rec=78.562 Prec=77.719

Val    [10/50] LR=0.0005000 loss=1.879 ACC=99.228 F1=99.147 Rec=99.159 Prec=99.146

Test-  OSR [10/50] LR=0.0005000 ACC=60.372 F1=64.488 Rec=84.702 Prec=53.224 UNK=0.000 OS*=98.819 HOS=0.000 AUROC=82.811 AUPR=78.124 OSCR=82.501
Test-Close [10/50] LR=0.0005000 loss=1.879 ACC=98.858 F1=98.778 Rec=98.819 Prec=98.740
>> New learning Rate: 0.00025
Train Client0 [11/50] LR=0.0002500 loss=0.140 ACC=97.812 F1=81.519 Rec=81.594 Prec=81.459
Train Client1 [11/50] LR=0.0002500 loss=0.181 ACC=96.824 F1=91.126 Rec=91.105 Prec=91.281
Train Client2 [11/50] LR=0.0002500 loss=0.123 ACC=96.948 F1=94.304 Rec=94.187 Prec=94.494
Train Client3 [11/50] LR=0.0002500 loss=0.081 ACC=98.750 F1=90.509 Rec=99.433 Prec=87.215
Train Client4 [11/50] LR=0.0002500 loss=0.110 ACC=97.443 F1=83.037 Rec=84.702 Prec=81.941
Train Client5 [11/50] LR=0.0002500 loss=0.089 ACC=98.485 F1=90.253 Rec=98.415 Prec=87.648
Train Client6 [11/50] LR=0.0002500 loss=0.864 ACC=80.357 F1=70.620 Rec=83.746 Prec=65.992
Train Client7 [11/50] LR=0.0002500 loss=0.337 ACC=93.080 F1=79.361 Rec=94.492 Prec=76.907

Val    [11/50] LR=0.0002500 loss=1.859 ACC=99.383 F1=99.382 Rec=99.408 Prec=99.358

Test-  OSR [11/50] LR=0.0002500 ACC=60.512 F1=64.868 Rec=84.914 Prec=53.606 UNK=0.000 OS*=99.066 HOS=0.000 AUROC=85.737 AUPR=83.931 OSCR=85.466
Test-Close [11/50] LR=0.0002500 loss=1.857 ACC=99.086 F1=99.074 Rec=99.066 Prec=99.085
Train Client0 [12/50] LR=0.0002500 loss=0.141 ACC=97.656 F1=80.649 Rec=81.386 Prec=80.001
Train Client1 [12/50] LR=0.0002500 loss=0.192 ACC=96.311 F1=84.168 Rec=84.558 Prec=84.064
Train Client2 [12/50] LR=0.0002500 loss=0.190 ACC=95.058 F1=89.976 Rec=89.044 Prec=91.384
Train Client3 [12/50] LR=0.0002500 loss=0.122 ACC=98.250 F1=89.810 Rec=98.385 Prec=86.874
Train Client4 [12/50] LR=0.0002500 loss=0.130 ACC=97.727 F1=83.599 Rec=89.666 Prec=80.333
Train Client5 [12/50] LR=0.0002500 loss=0.066 ACC=98.864 F1=98.332 Rec=98.352 Prec=98.312
Train Client6 [12/50] LR=0.0002500 loss=0.744 ACC=83.036 F1=74.079 Rec=89.051 Prec=70.382
Train Client7 [12/50] LR=0.0002500 loss=0.173 ACC=96.205 F1=89.462 Rec=95.634 Prec=86.107

Val    [12/50] LR=0.0002500 loss=1.857 ACC=99.537 F1=99.541 Rec=99.575 Prec=99.508

Test-  OSR [12/50] LR=0.0002500 ACC=60.326 F1=65.228 Rec=84.637 Prec=54.923 UNK=0.000 OS*=98.743 HOS=0.000 AUROC=84.747 AUPR=83.997 OSCR=84.443
Test-Close [12/50] LR=0.0002500 loss=1.857 ACC=98.781 F1=98.722 Rec=98.743 Prec=98.724
Train Client0 [13/50] LR=0.0002500 loss=0.166 ACC=96.562 F1=79.178 Rec=78.805 Prec=79.581
Train Client1 [13/50] LR=0.0002500 loss=0.175 ACC=96.926 F1=90.018 Rec=91.787 Prec=88.654
Train Client2 [13/50] LR=0.0002500 loss=0.177 ACC=96.366 F1=92.994 Rec=94.346 Prec=91.770
Train Client3 [13/50] LR=0.0002500 loss=0.169 ACC=96.500 F1=85.518 Rec=96.951 Prec=81.937
Train Client4 [13/50] LR=0.0002500 loss=0.064 ACC=99.006 F1=97.994 Rec=99.328 Prec=96.844
Train Client5 [13/50] LR=0.0002500 loss=0.133 ACC=98.295 F1=97.862 Rec=97.503 Prec=98.258
Train Client6 [13/50] LR=0.0002500 loss=0.763 ACC=83.929 F1=76.786 Rec=90.119 Prec=71.252
Train Client7 [13/50] LR=0.0002500 loss=0.279 ACC=94.643 F1=86.292 Rec=95.246 Prec=83.052

Val    [13/50] LR=0.0002500 loss=1.858 ACC=99.537 F1=99.538 Rec=99.502 Prec=99.575

Test-  OSR [13/50] LR=0.0002500 ACC=60.558 F1=65.273 Rec=84.981 Prec=54.411 UNK=0.000 OS*=99.144 HOS=0.000 AUROC=87.065 AUPR=84.870 OSCR=86.833
Test-Close [13/50] LR=0.0002500 loss=1.856 ACC=99.162 F1=99.135 Rec=99.144 Prec=99.131
Train Client0 [14/50] LR=0.0002500 loss=0.099 ACC=97.969 F1=81.297 Rec=80.659 Prec=81.981
Train Client1 [14/50] LR=0.0002500 loss=0.189 ACC=96.311 F1=90.228 Rec=87.279 Prec=94.577
Train Client2 [14/50] LR=0.0002500 loss=0.204 ACC=96.221 F1=92.865 Rec=92.964 Prec=92.797
Train Client3 [14/50] LR=0.0002500 loss=0.176 ACC=96.750 F1=86.679 Rec=96.368 Prec=84.518
Train Client4 [14/50] LR=0.0002500 loss=0.091 ACC=98.295 F1=82.535 Rec=82.730 Prec=82.344
Train Client5 [14/50] LR=0.0002500 loss=0.047 ACC=99.053 F1=99.038 Rec=98.881 Prec=99.204
Train Client6 [14/50] LR=0.0002500 loss=0.686 ACC=87.500 F1=81.956 Rec=92.904 Prec=74.872
Train Client7 [14/50] LR=0.0002500 loss=0.348 ACC=94.866 F1=81.846 Rec=95.483 Prec=80.157

Val    [14/50] LR=0.0002500 loss=1.854 ACC=99.383 F1=99.339 Rec=99.395 Prec=99.287

Test-  OSR [14/50] LR=0.0002500 ACC=60.605 F1=64.877 Rec=85.083 Prec=53.626 UNK=0.000 OS*=99.263 HOS=0.000 AUROC=89.169 AUPR=87.993 OSCR=88.925
Test-Close [14/50] LR=0.0002500 loss=1.849 ACC=99.238 F1=99.238 Rec=99.263 Prec=99.216
Saving best model . . . . . . . .

Train Client0 [15/50] LR=0.0002500 loss=0.162 ACC=98.281 F1=97.374 Rec=97.286 Prec=97.463
Train Client1 [15/50] LR=0.0002500 loss=0.160 ACC=97.029 F1=88.827 Rec=89.555 Prec=88.822
Train Client2 [15/50] LR=0.0002500 loss=0.164 ACC=97.093 F1=96.253 Rec=96.659 Prec=95.899
Train Client3 [15/50] LR=0.0002500 loss=0.134 ACC=98.000 F1=89.609 Rec=98.559 Prec=86.300
Train Client4 [15/50] LR=0.0002500 loss=0.092 ACC=97.869 F1=85.763 Rec=88.006 Prec=83.825
Train Client5 [15/50] LR=0.0002500 loss=0.053 ACC=98.864 F1=98.144 Rec=98.035 Prec=98.262
Train Client6 [15/50] LR=0.0002500 loss=0.483 ACC=87.500 F1=76.437 Rec=84.832 Prec=75.238
Train Client7 [15/50] LR=0.0002500 loss=0.162 ACC=97.768 F1=88.016 Rec=97.743 Prec=85.804

Val    [15/50] LR=0.0002500 loss=1.856 ACC=99.537 F1=99.512 Rec=99.575 Prec=99.452

Test-  OSR [15/50] LR=0.0002500 ACC=60.558 F1=65.340 Rec=85.012 Prec=54.816 UNK=0.000 OS*=99.181 HOS=0.000 AUROC=86.460 AUPR=84.849 OSCR=86.206
Test-Close [15/50] LR=0.0002500 loss=1.855 ACC=99.162 F1=99.141 Rec=99.181 Prec=99.107
Train Client0 [16/50] LR=0.0002500 loss=0.117 ACC=98.438 F1=81.988 Rec=81.853 Prec=82.142
Train Client1 [16/50] LR=0.0002500 loss=0.130 ACC=97.643 F1=91.967 Rec=91.129 Prec=94.113
Train Client2 [16/50] LR=0.0002500 loss=0.123 ACC=97.965 F1=95.927 Rec=96.820 Prec=95.337
Train Client3 [16/50] LR=0.0002500 loss=0.114 ACC=98.000 F1=88.181 Rec=98.611 Prec=85.289
Train Client4 [16/50] LR=0.0002500 loss=0.033 ACC=99.148 F1=91.160 Rec=93.691 Prec=89.746
Train Client5 [16/50] LR=0.0002500 loss=0.057 ACC=99.053 F1=99.084 Rec=99.260 Prec=98.915
Train Client6 [16/50] LR=0.0002500 loss=1.229 ACC=80.357 F1=70.915 Rec=89.564 Prec=67.551
Train Client7 [16/50] LR=0.0002500 loss=0.176 ACC=97.098 F1=90.711 Rec=96.479 Prec=87.731

Val    [16/50] LR=0.0002500 loss=1.853 ACC=99.383 F1=99.339 Rec=99.395 Prec=99.287

Test-  OSR [16/50] LR=0.0002500 ACC=60.605 F1=64.751 Rec=85.106 Prec=53.701 UNK=0.000 OS*=99.291 HOS=0.000 AUROC=90.464 AUPR=87.057 OSCR=90.278
Test-Close [16/50] LR=0.0002500 loss=1.850 ACC=99.238 F1=99.256 Rec=99.291 Prec=99.222
Saving best model . . . . . . . .

Train Client0 [17/50] LR=0.0002500 loss=0.168 ACC=97.500 F1=79.749 Rec=79.485 Prec=80.033
Train Client1 [17/50] LR=0.0002500 loss=0.097 ACC=98.258 F1=96.050 Rec=98.415 Prec=94.280
Train Client2 [17/50] LR=0.0002500 loss=0.150 ACC=97.965 F1=96.106 Rec=95.668 Prec=96.643
Train Client3 [17/50] LR=0.0002500 loss=0.153 ACC=98.750 F1=93.199 Rec=99.274 Prec=89.940
Train Client4 [17/50] LR=0.0002500 loss=0.042 ACC=99.290 F1=92.823 Rec=94.017 Prec=91.813
Train Client5 [17/50] LR=0.0002500 loss=0.055 ACC=99.242 F1=93.353 Rec=99.009 Prec=90.483
Train Client6 [17/50] LR=0.0002500 loss=0.775 ACC=85.714 F1=79.356 Rec=95.280 Prec=73.604
Train Client7 [17/50] LR=0.0002500 loss=0.126 ACC=98.214 F1=92.463 Rec=98.116 Prec=89.604

Val    [17/50] LR=0.0002500 loss=1.846 ACC=99.383 F1=99.375 Rec=99.411 Prec=99.340

Test-  OSR [17/50] LR=0.0002500 ACC=60.651 F1=65.086 Rec=85.156 Prec=54.340 UNK=0.000 OS*=99.348 HOS=0.000 AUROC=87.098 AUPR=84.534 OSCR=86.803
Test-Close [17/50] LR=0.0002500 loss=1.853 ACC=99.315 F1=99.320 Rec=99.348 Prec=99.295
Train Client0 [18/50] LR=0.0002500 loss=0.105 ACC=97.969 F1=80.604 Rec=80.846 Prec=80.396
Train Client1 [18/50] LR=0.0002500 loss=0.085 ACC=98.566 F1=94.815 Rec=91.618 Prec=99.216
Train Client2 [18/50] LR=0.0002500 loss=0.134 ACC=97.238 F1=96.708 Rec=97.873 Prec=95.744
Train Client3 [18/50] LR=0.0002500 loss=0.379 ACC=95.500 F1=84.744 Rec=97.654 Prec=81.015
Train Client4 [18/50] LR=0.0002500 loss=0.082 ACC=98.580 F1=94.958 Rec=99.226 Prec=92.361
Train Client5 [18/50] LR=0.0002500 loss=0.113 ACC=98.106 F1=91.559 Rec=96.361 Prec=89.760
Train Client6 [18/50] LR=0.0002500 loss=0.480 ACC=87.500 F1=81.386 Rec=92.739 Prec=75.773
Train Client7 [18/50] LR=0.0002500 loss=0.088 ACC=98.438 F1=92.576 Rec=98.195 Prec=89.756

Val    [18/50] LR=0.0002500 loss=1.845 ACC=99.537 F1=99.512 Rec=99.575 Prec=99.452

Test-  OSR [18/50] LR=0.0002500 ACC=60.651 F1=64.762 Rec=85.154 Prec=53.775 UNK=0.000 OS*=99.347 HOS=0.000 AUROC=89.086 AUPR=86.388 OSCR=88.868
Test-Close [18/50] LR=0.0002500 loss=1.847 ACC=99.315 F1=99.319 Rec=99.347 Prec=99.294
Train Client0 [19/50] LR=0.0002500 loss=0.132 ACC=96.875 F1=80.827 Rec=80.497 Prec=81.166
Train Client1 [19/50] LR=0.0002500 loss=0.137 ACC=97.131 F1=89.436 Rec=92.065 Prec=87.307
Train Client2 [19/50] LR=0.0002500 loss=0.101 ACC=97.093 F1=94.318 Rec=94.977 Prec=93.856
Train Client3 [19/50] LR=0.0002500 loss=0.123 ACC=98.000 F1=92.010 Rec=97.819 Prec=88.998
Train Client4 [19/50] LR=0.0002500 loss=0.054 ACC=98.864 F1=93.698 Rec=93.628 Prec=93.769
Train Client5 [19/50] LR=0.0002500 loss=0.092 ACC=99.242 F1=98.969 Rec=98.969 Prec=98.969
Train Client6 [19/50] LR=0.0002500 loss=0.574 ACC=92.857 F1=89.478 Rec=94.841 Prec=86.526
Train Client7 [19/50] LR=0.0002500 loss=0.128 ACC=97.321 F1=92.254 Rec=97.840 Prec=89.458

Val    [19/50] LR=0.0002500 loss=1.847 ACC=99.383 F1=99.348 Rec=99.408 Prec=99.292

Test-  OSR [19/50] LR=0.0002500 ACC=60.465 F1=64.931 Rec=84.871 Prec=54.114 UNK=0.000 OS*=99.016 HOS=0.000 AUROC=87.190 AUPR=85.487 OSCR=86.878
Test-Close [19/50] LR=0.0002500 loss=1.851 ACC=99.010 F1=98.992 Rec=99.016 Prec=98.977
Train Client0 [20/50] LR=0.0002500 loss=0.098 ACC=97.656 F1=79.789 Rec=79.667 Prec=79.912
Train Client1 [20/50] LR=0.0002500 loss=0.115 ACC=97.746 F1=88.859 Rec=91.405 Prec=86.776
Train Client2 [20/50] LR=0.0002500 loss=0.117 ACC=97.384 F1=94.386 Rec=95.000 Prec=93.810
Train Client3 [20/50] LR=0.0002500 loss=0.102 ACC=97.250 F1=87.306 Rec=95.443 Prec=84.820
Train Client4 [20/50] LR=0.0002500 loss=0.064 ACC=98.722 F1=94.681 Rec=99.261 Prec=91.786
Train Client5 [20/50] LR=0.0002500 loss=0.078 ACC=99.053 F1=93.276 Rec=99.299 Prec=90.100
Train Client6 [20/50] LR=0.0002500 loss=0.463 ACC=90.179 F1=82.715 Rec=90.683 Prec=78.785
Train Client7 [20/50] LR=0.0002500 loss=0.292 ACC=96.652 F1=85.137 Rec=97.131 Prec=83.116

Val    [20/50] LR=0.0002500 loss=1.848 ACC=99.383 F1=99.348 Rec=99.408 Prec=99.292

Test-  OSR [20/50] LR=0.0002500 ACC=60.465 F1=65.507 Rec=84.849 Prec=55.052 UNK=0.000 OS*=98.991 HOS=0.000 AUROC=88.834 AUPR=86.681 OSCR=88.551
Test-Close [20/50] LR=0.0002500 loss=1.849 ACC=99.010 F1=98.984 Rec=98.991 Prec=98.990
Train Client0 [21/50] LR=0.0002500 loss=0.090 ACC=98.750 F1=81.356 Rec=81.272 Prec=81.444
Train Client1 [21/50] LR=0.0002500 loss=0.098 ACC=97.848 F1=90.976 Rec=91.179 Prec=90.780
Train Client2 [21/50] LR=0.0002500 loss=0.075 ACC=98.110 F1=96.227 Rec=95.753 Prec=96.738
Train Client3 [21/50] LR=0.0002500 loss=0.048 ACC=99.250 F1=99.134 Rec=99.442 Prec=98.843
Train Client4 [21/50] LR=0.0002500 loss=0.061 ACC=97.869 F1=87.772 Rec=92.757 Prec=84.822
Train Client5 [21/50] LR=0.0002500 loss=0.039 ACC=99.621 F1=99.498 Rec=99.700 Prec=99.304
Train Client6 [21/50] LR=0.0002500 loss=0.910 ACC=85.714 F1=78.184 Rec=89.929 Prec=77.231
Train Client7 [21/50] LR=0.0002500 loss=0.247 ACC=96.205 F1=87.432 Rec=97.394 Prec=84.974

Val    [21/50] LR=0.0002500 loss=1.853 ACC=99.228 F1=99.174 Rec=99.232 Prec=99.120

Test-  OSR [21/50] LR=0.0002500 ACC=60.605 F1=65.440 Rec=85.117 Prec=54.800 UNK=0.000 OS*=99.303 HOS=0.000 AUROC=89.728 AUPR=87.931 OSCR=89.468
Test-Close [21/50] LR=0.0002500 loss=1.851 ACC=99.238 F1=99.278 Rec=99.303 Prec=99.256
Train Client0 [22/50] LR=0.0002500 loss=0.081 ACC=98.281 F1=80.795 Rec=81.107 Prec=80.517
Train Client1 [22/50] LR=0.0002500 loss=0.114 ACC=97.643 F1=90.633 Rec=92.406 Prec=89.265
Train Client2 [22/50] LR=0.0002500 loss=0.111 ACC=96.948 F1=94.421 Rec=94.938 Prec=93.927
Train Client3 [22/50] LR=0.0002500 loss=0.102 ACC=98.750 F1=92.728 Rec=98.154 Prec=90.108
Train Client4 [22/50] LR=0.0002500 loss=0.075 ACC=98.580 F1=96.404 Rec=98.594 Prec=94.826
Train Client5 [22/50] LR=0.0002500 loss=0.029 ACC=99.432 F1=99.379 Rec=99.678 Prec=99.093
Train Client6 [22/50] LR=0.0002500 loss=0.785 ACC=88.393 F1=79.316 Rec=91.982 Prec=74.400
Train Client7 [22/50] LR=0.0002500 loss=0.178 ACC=97.545 F1=86.859 Rec=96.642 Prec=84.610

Val    [22/50] LR=0.0002500 loss=1.852 ACC=99.537 F1=99.512 Rec=99.575 Prec=99.452

Test-  OSR [22/50] LR=0.0002500 ACC=60.698 F1=66.492 Rec=85.225 Prec=56.437 UNK=0.000 OS*=99.430 HOS=0.000 AUROC=89.438 AUPR=87.734 OSCR=89.163
Test-Close [22/50] LR=0.0002500 loss=1.853 ACC=99.391 F1=99.389 Rec=99.430 Prec=99.350
>> New learning Rate: 0.000125
Train Client0 [23/50] LR=0.0001250 loss=0.056 ACC=98.906 F1=81.323 Rec=81.562 Prec=81.109
Train Client1 [23/50] LR=0.0001250 loss=0.062 ACC=98.566 F1=95.216 Rec=93.164 Prec=98.381
Train Client2 [23/50] LR=0.0001250 loss=0.044 ACC=99.128 F1=97.816 Rec=98.556 Prec=97.109
Train Client3 [23/50] LR=0.0001250 loss=0.086 ACC=98.000 F1=89.380 Rec=98.948 Prec=85.500
Train Client4 [23/50] LR=0.0001250 loss=0.021 ACC=99.574 F1=95.620 Rec=99.752 Prec=93.154
Train Client5 [23/50] LR=0.0001250 loss=0.020 ACC=99.621 F1=99.700 Rec=99.700 Prec=99.700
Train Client6 [23/50] LR=0.0001250 loss=0.384 ACC=87.500 F1=79.101 Rec=89.946 Prec=74.229
Train Client7 [23/50] LR=0.0001250 loss=0.065 ACC=98.214 F1=97.967 Rec=98.846 Prec=97.169

Val    [23/50] LR=0.0001250 loss=1.850 ACC=99.537 F1=99.512 Rec=99.575 Prec=99.452

Test-  OSR [23/50] LR=0.0001250 ACC=60.651 F1=65.941 Rec=85.154 Prec=55.703 UNK=0.000 OS*=99.347 HOS=0.000 AUROC=88.569 AUPR=87.547 OSCR=88.250
Test-Close [23/50] LR=0.0001250 loss=1.850 ACC=99.315 F1=99.303 Rec=99.347 Prec=99.261
Train Client0 [24/50] LR=0.0001250 loss=0.036 ACC=99.375 F1=82.900 Rec=82.871 Prec=82.930
Train Client1 [24/50] LR=0.0001250 loss=0.067 ACC=98.770 F1=94.821 Rec=98.972 Prec=92.338
Train Client2 [24/50] LR=0.0001250 loss=0.035 ACC=99.128 F1=98.518 Rec=99.158 Prec=97.912
Train Client3 [24/50] LR=0.0001250 loss=0.119 ACC=98.000 F1=86.549 Rec=99.174 Prec=83.937
Train Client4 [24/50] LR=0.0001250 loss=0.015 ACC=99.716 F1=98.525 Rec=99.790 Prec=97.444
Train Client5 [24/50] LR=0.0001250 loss=0.030 ACC=99.432 F1=98.990 Rec=98.850 Prec=99.138
Train Client6 [24/50] LR=0.0001250 loss=0.806 ACC=83.929 F1=74.934 Rec=87.617 Prec=71.400
Train Client7 [24/50] LR=0.0001250 loss=0.087 ACC=98.438 F1=92.884 Rec=98.781 Prec=89.790

Val    [24/50] LR=0.0001250 loss=1.851 ACC=99.537 F1=99.512 Rec=99.575 Prec=99.452

Test-  OSR [24/50] LR=0.0001250 ACC=60.698 F1=65.860 Rec=85.225 Prec=55.604 UNK=0.000 OS*=99.430 HOS=0.000 AUROC=88.254 AUPR=87.693 OSCR=87.972
Test-Close [24/50] LR=0.0001250 loss=1.848 ACC=99.391 F1=99.389 Rec=99.430 Prec=99.350
Train Client0 [25/50] LR=0.0001250 loss=0.048 ACC=99.062 F1=82.153 Rec=82.451 Prec=81.881
Train Client1 [25/50] LR=0.0001250 loss=0.046 ACC=99.180 F1=95.176 Rec=99.613 Prec=92.424
Train Client2 [25/50] LR=0.0001250 loss=0.063 ACC=98.256 F1=95.854 Rec=96.759 Prec=95.026
Train Client3 [25/50] LR=0.0001250 loss=0.074 ACC=99.000 F1=93.415 Rec=99.586 Prec=90.056
Train Client4 [25/50] LR=0.0001250 loss=0.043 ACC=99.006 F1=93.901 Rec=99.615 Prec=90.974
Train Client5 [25/50] LR=0.0001250 loss=0.033 ACC=99.621 F1=91.523 Rec=99.715 Prec=88.889
Train Client6 [25/50] LR=0.0001250 loss=0.657 ACC=83.929 F1=74.466 Rec=87.009 Prec=71.938
Train Client7 [25/50] LR=0.0001250 loss=0.164 ACC=97.768 F1=91.392 Rec=98.167 Prec=87.522

Val    [25/50] LR=0.0001250 loss=1.851 ACC=99.537 F1=99.512 Rec=99.575 Prec=99.452

Test-  OSR [25/50] LR=0.0001250 ACC=60.651 F1=66.108 Rec=85.154 Prec=56.279 UNK=0.000 OS*=99.347 HOS=0.000 AUROC=88.407 AUPR=87.414 OSCR=88.121
Test-Close [25/50] LR=0.0001250 loss=1.848 ACC=99.315 F1=99.303 Rec=99.347 Prec=99.261
Train Client0 [26/50] LR=0.0001250 loss=0.077 ACC=98.750 F1=82.025 Rec=82.407 Prec=81.669
Train Client1 [26/50] LR=0.0001250 loss=0.069 ACC=99.078 F1=99.207 Rec=99.373 Prec=99.043
Train Client2 [26/50] LR=0.0001250 loss=0.037 ACC=99.128 F1=96.815 Rec=96.815 Prec=96.815
Train Client3 [26/50] LR=0.0001250 loss=0.061 ACC=98.000 F1=87.707 Rec=99.098 Prec=84.028
Train Client4 [26/50] LR=0.0001250 loss=0.046 ACC=99.290 F1=94.094 Rec=94.164 Prec=94.025
Train Client5 [26/50] LR=0.0001250 loss=0.021 ACC=99.811 F1=99.676 Rec=99.864 Prec=99.495
Train Client6 [26/50] LR=0.0001250 loss=0.356 ACC=88.393 F1=78.984 Rec=88.800 Prec=77.862
Train Client7 [26/50] LR=0.0001250 loss=0.093 ACC=97.768 F1=89.728 Rec=98.391 Prec=86.671

Val    [26/50] LR=0.0001250 loss=1.848 ACC=99.537 F1=99.512 Rec=99.575 Prec=99.452

Test-  OSR [26/50] LR=0.0001250 ACC=60.605 F1=66.101 Rec=85.085 Prec=56.229 UNK=0.000 OS*=99.266 HOS=0.000 AUROC=89.418 AUPR=87.859 OSCR=89.154
Test-Close [26/50] LR=0.0001250 loss=1.848 ACC=99.238 F1=99.239 Rec=99.266 Prec=99.213
Train Client0 [27/50] LR=0.0001250 loss=0.041 ACC=99.062 F1=98.111 Rec=98.265 Prec=97.960
Train Client1 [27/50] LR=0.0001250 loss=0.060 ACC=98.770 F1=95.423 Rec=93.457 Prec=98.508
Train Client2 [27/50] LR=0.0001250 loss=0.074 ACC=98.401 F1=96.444 Rec=96.470 Prec=96.464
Train Client3 [27/50] LR=0.0001250 loss=0.056 ACC=99.000 F1=93.071 Rec=99.513 Prec=89.493
Train Client4 [27/50] LR=0.0001250 loss=0.009 ACC=100.000 F1=100.000 Rec=100.000 Prec=100.000
Train Client5 [27/50] LR=0.0001250 loss=0.011 ACC=99.811 F1=99.674 Rec=99.495 Prec=99.862
Train Client6 [27/50] LR=0.0001250 loss=0.690 ACC=84.821 F1=76.070 Rec=88.538 Prec=70.952
Train Client7 [27/50] LR=0.0001250 loss=0.054 ACC=99.107 F1=98.827 Rec=99.161 Prec=98.505

Val    [27/50] LR=0.0001250 loss=1.850 ACC=99.537 F1=99.512 Rec=99.575 Prec=99.452

Test-  OSR [27/50] LR=0.0001250 ACC=60.651 F1=66.039 Rec=85.154 Prec=55.797 UNK=0.000 OS*=99.347 HOS=0.000 AUROC=89.284 AUPR=87.633 OSCR=89.047
Test-Close [27/50] LR=0.0001250 loss=1.848 ACC=99.315 F1=99.303 Rec=99.347 Prec=99.261
Train Client0 [28/50] LR=0.0001250 loss=0.035 ACC=99.219 F1=98.753 Rec=99.190 Prec=98.346
Train Client1 [28/50] LR=0.0001250 loss=0.038 ACC=99.385 F1=99.510 Rec=99.694 Prec=99.332
Train Client2 [28/50] LR=0.0001250 loss=0.065 ACC=98.110 F1=96.672 Rec=97.074 Prec=96.317
Train Client3 [28/50] LR=0.0001250 loss=0.088 ACC=98.500 F1=97.756 Rec=97.999 Prec=97.560
Train Client4 [28/50] LR=0.0001250 loss=0.008 ACC=99.716 F1=97.495 Rec=99.931 Prec=95.656
Train Client5 [28/50] LR=0.0001250 loss=0.040 ACC=99.621 F1=99.325 Rec=99.359 Prec=99.292
Train Client6 [28/50] LR=0.0001250 loss=0.389 ACC=91.071 F1=84.648 Rec=95.195 Prec=80.993
Train Client7 [28/50] LR=0.0001250 loss=0.088 ACC=98.438 F1=89.943 Rec=98.686 Prec=86.787

Val    [28/50] LR=0.0001250 loss=1.849 ACC=99.537 F1=99.512 Rec=99.575 Prec=99.452

Test-  OSR [28/50] LR=0.0001250 ACC=60.698 F1=65.977 Rec=85.223 Prec=55.707 UNK=0.000 OS*=99.427 HOS=0.000 AUROC=89.622 AUPR=88.009 OSCR=89.427
Test-Close [28/50] LR=0.0001250 loss=1.845 ACC=99.391 F1=99.385 Rec=99.427 Prec=99.344
Train Client0 [29/50] LR=0.0001250 loss=0.034 ACC=99.219 F1=82.794 Rec=82.812 Prec=82.779
Train Client1 [29/50] LR=0.0001250 loss=0.058 ACC=98.873 F1=96.698 Rec=99.179 Prec=94.817
Train Client2 [29/50] LR=0.0001250 loss=0.026 ACC=99.128 F1=98.245 Rec=99.052 Prec=97.477
Train Client3 [29/50] LR=0.0001250 loss=0.018 ACC=99.750 F1=94.402 Rec=99.915 Prec=91.667
Train Client4 [29/50] LR=0.0001250 loss=0.010 ACC=99.716 F1=97.495 Rec=99.931 Prec=95.656
Train Client5 [29/50] LR=0.0001250 loss=0.016 ACC=100.000 F1=100.000 Rec=100.000 Prec=100.000
Train Client6 [29/50] LR=0.0001250 loss=0.489 ACC=89.286 F1=81.522 Rec=91.155 Prec=76.554
Train Client7 [29/50] LR=0.0001250 loss=0.070 ACC=98.661 F1=92.575 Rec=98.910 Prec=89.196

Val    [29/50] LR=0.0001250 loss=1.854 ACC=99.383 F1=99.347 Rec=99.411 Prec=99.285

Test-  OSR [29/50] LR=0.0001250 ACC=60.605 F1=66.133 Rec=85.085 Prec=56.003 UNK=0.000 OS*=99.266 HOS=0.000 AUROC=89.196 AUPR=87.763 OSCR=88.961
Test-Close [29/50] LR=0.0001250 loss=1.847 ACC=99.238 F1=99.239 Rec=99.266 Prec=99.213
Train Client0 [30/50] LR=0.0001250 loss=0.049 ACC=98.594 F1=82.305 Rec=82.299 Prec=82.312
Train Client1 [30/50] LR=0.0001250 loss=0.041 ACC=99.283 F1=99.525 Rec=99.581 Prec=99.470
Train Client2 [30/50] LR=0.0001250 loss=0.016 ACC=99.855 F1=99.246 Rec=99.359 Prec=99.167
Train Client3 [30/50] LR=0.0001250 loss=0.092 ACC=98.500 F1=87.815 Rec=99.343 Prec=85.215
Train Client4 [30/50] LR=0.0001250 loss=0.026 ACC=99.574 F1=97.388 Rec=99.752 Prec=95.620
Train Client5 [30/50] LR=0.0001250 loss=0.014 ACC=99.811 F1=94.371 Rec=99.854 Prec=91.667
Train Client6 [30/50] LR=0.0001250 loss=0.281 ACC=93.750 F1=87.456 Rec=92.229 Prec=85.570
Train Client7 [30/50] LR=0.0001250 loss=0.154 ACC=98.214 F1=92.230 Rec=98.139 Prec=89.116

Val    [30/50] LR=0.0001250 loss=1.852 ACC=99.537 F1=99.512 Rec=99.575 Prec=99.452

Test-  OSR [30/50] LR=0.0001250 ACC=60.744 F1=65.944 Rec=85.292 Prec=55.623 UNK=0.000 OS*=99.508 HOS=0.000 AUROC=89.316 AUPR=87.552 OSCR=89.098
Test-Close [30/50] LR=0.0001250 loss=1.846 ACC=99.467 F1=99.466 Rec=99.508 Prec=99.426
Train Client0 [31/50] LR=0.0001250 loss=0.016 ACC=99.688 F1=99.183 Rec=99.583 Prec=98.818
Train Client1 [31/50] LR=0.0001250 loss=0.031 ACC=99.488 F1=99.520 Rec=99.773 Prec=99.274
Train Client2 [31/50] LR=0.0001250 loss=0.019 ACC=99.855 F1=99.842 Rec=99.854 Prec=99.832
Train Client3 [31/50] LR=0.0001250 loss=0.044 ACC=98.500 F1=92.764 Rec=99.346 Prec=89.048
Train Client4 [31/50] LR=0.0001250 loss=0.007 ACC=99.858 F1=99.821 Rec=99.819 Prec=99.825
Train Client5 [31/50] LR=0.0001250 loss=0.006 ACC=100.000 F1=100.000 Rec=100.000 Prec=100.000
Train Client6 [31/50] LR=0.0001250 loss=0.365 ACC=90.179 F1=87.950 Rec=93.608 Prec=86.355
Train Client7 [31/50] LR=0.0001250 loss=0.090 ACC=98.214 F1=90.058 Rec=98.482 Prec=87.208

Val    [31/50] LR=0.0001250 loss=1.849 ACC=99.537 F1=99.512 Rec=99.575 Prec=99.452

Test-  OSR [31/50] LR=0.0001250 ACC=60.651 F1=65.327 Rec=85.154 Prec=54.777 UNK=0.000 OS*=99.347 HOS=0.000 AUROC=90.218 AUPR=87.939 OSCR=90.008
Test-Close [31/50] LR=0.0001250 loss=1.845 ACC=99.315 F1=99.321 Rec=99.347 Prec=99.297
Train Client0 [32/50] LR=0.0001250 loss=0.088 ACC=98.281 F1=81.645 Rec=81.229 Prec=82.096
Train Client1 [32/50] LR=0.0001250 loss=0.049 ACC=99.078 F1=95.893 Rec=93.829 Prec=99.069
Train Client2 [32/50] LR=0.0001250 loss=0.035 ACC=98.983 F1=98.459 Rec=97.710 Prec=99.340
Train Client3 [32/50] LR=0.0001250 loss=0.025 ACC=99.250 F1=93.739 Rec=99.671 Prec=90.606
Train Client4 [32/50] LR=0.0001250 loss=0.014 ACC=99.574 F1=94.233 Rec=94.233 Prec=94.233
Train Client5 [32/50] LR=0.0001250 loss=0.026 ACC=99.621 F1=94.223 Rec=99.759 Prec=91.466
Train Client6 [32/50] LR=0.0001250 loss=0.682 ACC=88.393 F1=82.685 Rec=94.952 Prec=76.841
Train Client7 [32/50] LR=0.0001250 loss=0.077 ACC=97.991 F1=88.810 Rec=97.342 Prec=85.895

Val    [32/50] LR=0.0001250 loss=1.849 ACC=99.537 F1=99.512 Rec=99.575 Prec=99.452

Test-  OSR [32/50] LR=0.0001250 ACC=60.651 F1=65.759 Rec=85.154 Prec=55.542 UNK=0.000 OS*=99.347 HOS=0.000 AUROC=89.956 AUPR=87.578 OSCR=89.715
Test-Close [32/50] LR=0.0001250 loss=1.846 ACC=99.315 F1=99.304 Rec=99.347 Prec=99.263
Train Client0 [33/50] LR=0.0001250 loss=0.060 ACC=99.219 F1=82.745 Rec=82.728 Prec=82.763
Train Client1 [33/50] LR=0.0001250 loss=0.029 ACC=99.488 F1=99.607 Rec=99.774 Prec=99.442
Train Client2 [33/50] LR=0.0001250 loss=0.029 ACC=99.273 F1=97.385 Rec=97.698 Prec=97.090
Train Client3 [33/50] LR=0.0001250 loss=0.090 ACC=97.750 F1=87.481 Rec=97.808 Prec=84.743
Train Client4 [33/50] LR=0.0001250 loss=0.032 ACC=99.432 F1=99.572 Rec=99.715 Prec=99.433
Train Client5 [33/50] LR=0.0001250 loss=0.021 ACC=99.811 F1=99.850 Rec=99.906 Prec=99.794
Train Client6 [33/50] LR=0.0001250 loss=0.503 ACC=84.821 F1=77.670 Rec=91.096 Prec=71.621
Train Client7 [33/50] LR=0.0001250 loss=0.068 ACC=98.884 F1=92.468 Rec=97.685 Prec=90.184

Val    [33/50] LR=0.0001250 loss=1.847 ACC=99.537 F1=99.512 Rec=99.575 Prec=99.452

Test-  OSR [33/50] LR=0.0001250 ACC=60.605 F1=65.717 Rec=85.084 Prec=55.595 UNK=0.000 OS*=99.265 HOS=0.000 AUROC=90.535 AUPR=88.413 OSCR=90.304
Test-Close [33/50] LR=0.0001250 loss=1.845 ACC=99.238 F1=99.222 Rec=99.265 Prec=99.181
Saving best model . . . . . . . .

Train Client0 [34/50] LR=0.0001250 loss=0.042 ACC=99.219 F1=82.388 Rec=82.587 Prec=82.220
Train Client1 [34/50] LR=0.0001250 loss=0.037 ACC=99.180 F1=99.211 Rec=99.402 Prec=99.024
Train Client2 [34/50] LR=0.0001250 loss=0.045 ACC=99.128 F1=98.470 Rec=98.703 Prec=98.306
Train Client3 [34/50] LR=0.0001250 loss=0.089 ACC=98.250 F1=90.630 Rec=99.334 Prec=87.514
Train Client4 [34/50] LR=0.0001250 loss=0.009 ACC=99.858 F1=97.602 Rec=99.965 Prec=95.833
Train Client5 [34/50] LR=0.0001250 loss=0.008 ACC=100.000 F1=100.000 Rec=100.000 Prec=100.000
Train Client6 [34/50] LR=0.0001250 loss=0.418 ACC=89.286 F1=84.573 Rec=93.852 Prec=79.246
Train Client7 [34/50] LR=0.0001250 loss=0.169 ACC=97.545 F1=87.309 Rec=97.679 Prec=84.476

Val    [34/50] LR=0.0001250 loss=1.846 ACC=99.537 F1=99.512 Rec=99.575 Prec=99.452

Test-  OSR [34/50] LR=0.0001250 ACC=60.698 F1=65.555 Rec=85.223 Prec=55.057 UNK=0.000 OS*=99.427 HOS=0.000 AUROC=89.511 AUPR=87.863 OSCR=89.317
Test-Close [34/50] LR=0.0001250 loss=1.843 ACC=99.391 F1=99.385 Rec=99.427 Prec=99.345
>> New learning Rate: 6.25e-05
Train Client0 [35/50] LR=0.0000625 loss=0.021 ACC=99.531 F1=82.994 Rec=82.890 Prec=83.101
Train Client1 [35/50] LR=0.0000625 loss=0.027 ACC=99.693 F1=99.570 Rec=99.679 Prec=99.463
Train Client2 [35/50] LR=0.0000625 loss=0.018 ACC=99.419 F1=98.008 Rec=98.402 Prec=97.684
Train Client3 [35/50] LR=0.0000625 loss=0.041 ACC=98.500 F1=88.871 Rec=99.420 Prec=85.861
Train Client4 [35/50] LR=0.0000625 loss=0.015 ACC=99.432 F1=95.585 Rec=99.717 Prec=93.119
Train Client5 [35/50] LR=0.0000625 loss=0.010 ACC=99.811 F1=94.372 Rec=99.855 Prec=91.667
Train Client6 [35/50] LR=0.0000625 loss=0.509 ACC=90.179 F1=85.243 Rec=95.509 Prec=79.444
Train Client7 [35/50] LR=0.0000625 loss=0.115 ACC=97.321 F1=87.606 Rec=99.084 Prec=83.902

Val    [35/50] LR=0.0000625 loss=1.846 ACC=99.537 F1=99.512 Rec=99.575 Prec=99.452

Test-  OSR [35/50] LR=0.0000625 ACC=60.605 F1=65.838 Rec=85.084 Prec=55.594 UNK=0.000 OS*=99.265 HOS=0.000 AUROC=89.129 AUPR=87.678 OSCR=88.903
Test-Close [35/50] LR=0.0000625 loss=1.843 ACC=99.238 F1=99.241 Rec=99.265 Prec=99.219
Train Client0 [36/50] LR=0.0000625 loss=0.053 ACC=98.906 F1=82.474 Rec=82.230 Prec=82.723
Train Client1 [36/50] LR=0.0000625 loss=0.017 ACC=99.693 F1=97.391 Rec=99.903 Prec=95.477
Train Client2 [36/50] LR=0.0000625 loss=0.014 ACC=99.564 F1=99.455 Rec=99.880 Prec=99.046
Train Client3 [36/50] LR=0.0000625 loss=0.028 ACC=99.250 F1=93.737 Rec=99.673 Prec=90.600
Train Client4 [36/50] LR=0.0000625 loss=0.008 ACC=99.858 F1=99.893 Rec=99.821 Prec=99.966
Train Client5 [36/50] LR=0.0000625 loss=0.009 ACC=99.811 F1=94.372 Rec=99.855 Prec=91.667
Train Client6 [36/50] LR=0.0000625 loss=0.672 ACC=85.714 F1=78.923 Rec=90.602 Prec=76.569
Train Client7 [36/50] LR=0.0000625 loss=0.083 ACC=98.214 F1=89.626 Rec=98.391 Prec=86.464

Val    [36/50] LR=0.0000625 loss=1.846 ACC=99.537 F1=99.512 Rec=99.575 Prec=99.452

Test-  OSR [36/50] LR=0.0000625 ACC=60.651 F1=66.162 Rec=85.153 Prec=56.075 UNK=0.000 OS*=99.345 HOS=0.000 AUROC=88.453 AUPR=86.836 OSCR=88.219
Test-Close [36/50] LR=0.0000625 loss=1.845 ACC=99.315 F1=99.321 Rec=99.345 Prec=99.299
Train Client0 [37/50] LR=0.0000625 loss=0.052 ACC=99.531 F1=83.137 Rec=83.043 Prec=83.232
Train Client1 [37/50] LR=0.0000625 loss=0.016 ACC=99.693 F1=99.647 Rec=99.615 Prec=99.679
Train Client2 [37/50] LR=0.0000625 loss=0.176 ACC=98.256 F1=98.097 Rec=99.515 Prec=96.836
Train Client3 [37/50] LR=0.0000625 loss=0.030 ACC=99.500 F1=99.336 Rec=99.754 Prec=98.939
Train Client4 [37/50] LR=0.0000625 loss=0.006 ACC=100.000 F1=100.000 Rec=100.000 Prec=100.000
Train Client5 [37/50] LR=0.0000625 loss=0.013 ACC=99.811 F1=99.851 Rec=99.906 Prec=99.797
Train Client6 [37/50] LR=0.0000625 loss=0.445 ACC=91.964 F1=86.231 Rec=94.548 Prec=82.500
Train Client7 [37/50] LR=0.0000625 loss=0.070 ACC=98.661 F1=92.856 Rec=99.037 Prec=89.550

Val    [37/50] LR=0.0000625 loss=1.847 ACC=99.537 F1=99.512 Rec=99.575 Prec=99.452

Test-  OSR [37/50] LR=0.0000625 ACC=60.605 F1=66.435 Rec=85.084 Prec=56.625 UNK=0.000 OS*=99.265 HOS=0.000 AUROC=88.906 AUPR=87.134 OSCR=88.667
Test-Close [37/50] LR=0.0000625 loss=1.845 ACC=99.238 F1=99.239 Rec=99.265 Prec=99.215
Train Client0 [38/50] LR=0.0000625 loss=0.021 ACC=99.531 F1=82.571 Rec=82.934 Prec=82.236
Train Client1 [38/50] LR=0.0000625 loss=0.013 ACC=99.693 F1=99.651 Rec=99.839 Prec=99.470
Train Client2 [38/50] LR=0.0000625 loss=0.027 ACC=99.419 F1=99.356 Rec=99.839 Prec=98.893
Train Client3 [38/50] LR=0.0000625 loss=0.008 ACC=99.750 F1=99.533 Rec=99.841 Prec=99.242
Train Client4 [38/50] LR=0.0000625 loss=0.037 ACC=98.864 F1=96.182 Rec=99.725 Prec=93.346
Train Client5 [38/50] LR=0.0000625 loss=0.006 ACC=100.000 F1=100.000 Rec=100.000 Prec=100.000
Train Client6 [38/50] LR=0.0000625 loss=0.128 ACC=96.429 F1=93.464 Rec=97.835 Prec=90.278
Train Client7 [38/50] LR=0.0000625 loss=0.044 ACC=99.554 F1=93.924 Rec=99.617 Prec=91.026

Val    [38/50] LR=0.0000625 loss=1.847 ACC=99.537 F1=99.512 Rec=99.575 Prec=99.452

Test-  OSR [38/50] LR=0.0000625 ACC=60.605 F1=66.690 Rec=85.060 Prec=57.099 UNK=0.000 OS*=99.237 HOS=0.000 AUROC=88.008 AUPR=86.032 OSCR=87.721
Test-Close [38/50] LR=0.0000625 loss=1.848 ACC=99.238 F1=99.209 Rec=99.237 Prec=99.185
Train Client0 [39/50] LR=0.0000625 loss=0.022 ACC=99.531 F1=82.974 Rec=82.998 Prec=82.952
Train Client1 [39/50] LR=0.0000625 loss=0.021 ACC=99.693 F1=99.701 Rec=99.615 Prec=99.790
Train Client2 [39/50] LR=0.0000625 loss=0.010 ACC=99.709 F1=99.550 Rec=99.920 Prec=99.194
Train Client3 [39/50] LR=0.0000625 loss=0.050 ACC=99.250 F1=93.737 Rec=99.673 Prec=90.600
Train Client4 [39/50] LR=0.0000625 loss=0.032 ACC=99.006 F1=93.973 Rec=99.758 Prec=90.978
Train Client5 [39/50] LR=0.0000625 loss=0.008 ACC=99.811 F1=99.859 Rec=99.854 Prec=99.866
Train Client6 [39/50] LR=0.0000625 loss=0.212 ACC=94.643 F1=92.395 Rec=94.722 Prec=91.508
Train Client7 [39/50] LR=0.0000625 loss=0.046 ACC=99.554 F1=99.418 Rec=99.293 Prec=99.560

Val    [39/50] LR=0.0000625 loss=1.845 ACC=99.537 F1=99.512 Rec=99.575 Prec=99.452

Test-  OSR [39/50] LR=0.0000625 ACC=60.558 F1=66.531 Rec=85.013 Prec=56.785 UNK=0.000 OS*=99.182 HOS=0.000 AUROC=88.126 AUPR=86.319 OSCR=87.855
Test-Close [39/50] LR=0.0000625 loss=1.845 ACC=99.162 F1=99.153 Rec=99.182 Prec=99.127
Train Client0 [40/50] LR=0.0000625 loss=0.026 ACC=99.688 F1=99.702 Rec=99.857 Prec=99.551
Train Client1 [40/50] LR=0.0000625 loss=0.015 ACC=99.590 F1=99.423 Rec=99.643 Prec=99.210
Train Client2 [40/50] LR=0.0000625 loss=0.027 ACC=99.709 F1=99.789 Rec=99.789 Prec=99.789
Train Client3 [40/50] LR=0.0000625 loss=0.010 ACC=99.750 F1=99.533 Rec=99.841 Prec=99.242
Train Client4 [40/50] LR=0.0000625 loss=0.027 ACC=99.432 F1=97.213 Rec=99.719 Prec=95.305
Train Client5 [40/50] LR=0.0000625 loss=0.012 ACC=100.000 F1=100.000 Rec=100.000 Prec=100.000
Train Client6 [40/50] LR=0.0000625 loss=0.457 ACC=90.179 F1=82.442 Rec=91.626 Prec=78.996
Train Client7 [40/50] LR=0.0000625 loss=0.048 ACC=99.107 F1=92.650 Rec=97.936 Prec=90.183

Val    [40/50] LR=0.0000625 loss=1.846 ACC=99.537 F1=99.512 Rec=99.575 Prec=99.452

Test-  OSR [40/50] LR=0.0000625 ACC=60.605 F1=66.258 Rec=85.084 Prec=56.197 UNK=0.000 OS*=99.265 HOS=0.000 AUROC=89.097 AUPR=87.740 OSCR=88.855
Test-Close [40/50] LR=0.0000625 loss=1.842 ACC=99.238 F1=99.239 Rec=99.265 Prec=99.215
Train Client0 [41/50] LR=0.0000625 loss=0.040 ACC=99.375 F1=82.891 Rec=82.617 Prec=83.174
Train Client1 [41/50] LR=0.0000625 loss=0.008 ACC=99.898 F1=99.936 Rec=99.968 Prec=99.904
Train Client2 [41/50] LR=0.0000625 loss=0.017 ACC=99.564 F1=99.189 Rec=99.253 Prec=99.126
Train Client3 [41/50] LR=0.0000625 loss=0.032 ACC=99.250 F1=91.115 Rec=99.674 Prec=88.131
Train Client4 [41/50] LR=0.0000625 loss=0.025 ACC=99.148 F1=95.140 Rec=99.792 Prec=92.177
Train Client5 [41/50] LR=0.0000625 loss=0.004 ACC=100.000 F1=100.000 Rec=100.000 Prec=100.000
Train Client6 [41/50] LR=0.0000625 loss=0.254 ACC=94.643 F1=90.358 Rec=96.523 Prec=86.633
Train Client7 [41/50] LR=0.0000625 loss=0.099 ACC=98.884 F1=98.470 Rec=98.705 Prec=98.260

Val    [41/50] LR=0.0000625 loss=1.845 ACC=99.537 F1=99.512 Rec=99.575 Prec=99.452

Test-  OSR [41/50] LR=0.0000625 ACC=60.698 F1=66.564 Rec=85.193 Prec=56.598 UNK=0.000 OS*=99.391 HOS=0.000 AUROC=88.766 AUPR=87.191 OSCR=88.526
Test-Close [41/50] LR=0.0000625 loss=1.844 ACC=99.391 F1=99.367 Rec=99.391 Prec=99.345
Train Client0 [42/50] LR=0.0000625 loss=0.017 ACC=99.688 F1=82.711 Rec=82.993 Prec=82.456
Train Client1 [42/50] LR=0.0000625 loss=0.038 ACC=99.488 F1=99.606 Rec=99.774 Prec=99.442
Train Client2 [42/50] LR=0.0000625 loss=0.025 ACC=99.128 F1=99.321 Rec=99.499 Prec=99.148
Train Client3 [42/50] LR=0.0000625 loss=0.046 ACC=98.750 F1=89.007 Rec=99.503 Prec=86.048
Train Client4 [42/50] LR=0.0000625 loss=0.005 ACC=99.858 F1=97.602 Rec=99.965 Prec=95.833
Train Client5 [42/50] LR=0.0000625 loss=0.005 ACC=100.000 F1=100.000 Rec=100.000 Prec=100.000
Train Client6 [42/50] LR=0.0000625 loss=0.265 ACC=94.643 F1=87.849 Rec=94.349 Prec=85.648
Train Client7 [42/50] LR=0.0000625 loss=0.063 ACC=98.884 F1=98.630 Rec=98.718 Prec=98.568

Val    [42/50] LR=0.0000625 loss=1.848 ACC=99.537 F1=99.512 Rec=99.575 Prec=99.452

Test-  OSR [42/50] LR=0.0000625 ACC=60.698 F1=66.595 Rec=85.193 Prec=56.735 UNK=0.000 OS*=99.391 HOS=0.000 AUROC=88.658 AUPR=86.781 OSCR=88.423
Test-Close [42/50] LR=0.0000625 loss=1.845 ACC=99.391 F1=99.367 Rec=99.391 Prec=99.345
Train Client0 [43/50] LR=0.0000625 loss=0.022 ACC=99.531 F1=82.994 Rec=82.930 Prec=83.063
Train Client1 [43/50] LR=0.0000625 loss=0.022 ACC=99.488 F1=97.078 Rec=99.546 Prec=95.208
Train Client2 [43/50] LR=0.0000625 loss=0.013 ACC=99.709 F1=99.286 Rec=98.918 Prec=99.689
Train Client3 [43/50] LR=0.0000625 loss=0.224 ACC=96.500 F1=87.348 Rec=97.810 Prec=84.464
Train Client4 [43/50] LR=0.0000625 loss=0.019 ACC=99.716 F1=96.302 Rec=99.931 Prec=93.452
Train Client5 [43/50] LR=0.0000625 loss=0.006 ACC=99.811 F1=94.372 Rec=99.855 Prec=91.667
Train Client6 [43/50] LR=0.0000625 loss=0.253 ACC=92.857 F1=89.377 Rec=98.246 Prec=85.348
Train Client7 [43/50] LR=0.0000625 loss=0.056 ACC=98.214 F1=92.131 Rec=97.949 Prec=89.109

Val    [43/50] LR=0.0000625 loss=1.847 ACC=99.537 F1=99.512 Rec=99.575 Prec=99.452

Test-  OSR [43/50] LR=0.0000625 ACC=60.605 F1=66.723 Rec=85.052 Prec=57.037 UNK=0.000 OS*=99.228 HOS=0.000 AUROC=88.735 AUPR=86.522 OSCR=88.486
Test-Close [43/50] LR=0.0000625 loss=1.845 ACC=99.238 F1=99.208 Rec=99.228 Prec=99.188
Train Client0 [44/50] LR=0.0000625 loss=0.012 ACC=99.688 F1=99.722 Rec=99.722 Prec=99.722
Train Client1 [44/50] LR=0.0000625 loss=0.011 ACC=99.795 F1=99.715 Rec=99.936 Prec=99.502
Train Client2 [44/50] LR=0.0000625 loss=0.021 ACC=99.709 F1=99.562 Rec=99.919 Prec=99.218
Train Client3 [44/50] LR=0.0000625 loss=0.033 ACC=99.000 F1=90.552 Rec=98.878 Prec=87.787
Train Client4 [44/50] LR=0.0000625 loss=0.003 ACC=100.000 F1=100.000 Rec=100.000 Prec=100.000
Train Client5 [44/50] LR=0.0000625 loss=0.028 ACC=100.000 F1=100.000 Rec=100.000 Prec=100.000
Train Client6 [44/50] LR=0.0000625 loss=0.505 ACC=87.500 F1=81.713 Rec=92.210 Prec=75.372
Train Client7 [44/50] LR=0.0000625 loss=0.036 ACC=98.884 F1=90.769 Rec=99.287 Prec=87.824

Val    [44/50] LR=0.0000625 loss=1.846 ACC=99.537 F1=99.512 Rec=99.575 Prec=99.452

Test-  OSR [44/50] LR=0.0000625 ACC=60.512 F1=66.147 Rec=84.942 Prec=56.152 UNK=0.000 OS*=99.099 HOS=0.000 AUROC=89.599 AUPR=87.950 OSCR=89.296
Test-Close [44/50] LR=0.0000625 loss=1.846 ACC=99.086 F1=99.057 Rec=99.099 Prec=99.018
Train Client0 [45/50] LR=0.0000625 loss=0.015 ACC=99.688 F1=83.168 Rec=83.104 Prec=83.234
Train Client1 [45/50] LR=0.0000625 loss=0.023 ACC=99.488 F1=99.530 Rec=99.840 Prec=99.229
Train Client2 [45/50] LR=0.0000625 loss=0.010 ACC=99.855 F1=99.895 Rec=99.960 Prec=99.832
Train Client3 [45/50] LR=0.0000625 loss=0.046 ACC=98.750 F1=89.171 Rec=99.429 Prec=86.439
Train Client4 [45/50] LR=0.0000625 loss=0.004 ACC=100.000 F1=100.000 Rec=100.000 Prec=100.000
Train Client5 [45/50] LR=0.0000625 loss=0.011 ACC=99.811 F1=99.634 Rec=99.479 Prec=99.799
Train Client6 [45/50] LR=0.0000625 loss=0.326 ACC=93.750 F1=88.781 Rec=94.394 Prec=85.758
Train Client7 [45/50] LR=0.0000625 loss=0.123 ACC=98.438 F1=90.200 Rec=99.155 Prec=86.900

Val    [45/50] LR=0.0000625 loss=1.848 ACC=99.537 F1=99.512 Rec=99.575 Prec=99.452

Test-  OSR [45/50] LR=0.0000625 ACC=60.558 F1=66.346 Rec=85.013 Prec=56.321 UNK=0.000 OS*=99.182 HOS=0.000 AUROC=88.825 AUPR=87.568 OSCR=88.519
Test-Close [45/50] LR=0.0000625 loss=1.847 ACC=99.162 F1=99.144 Rec=99.182 Prec=99.106
Train Client0 [46/50] LR=0.0000625 loss=0.052 ACC=99.375 F1=98.464 Rec=99.317 Prec=97.720
Train Client1 [46/50] LR=0.0000625 loss=0.019 ACC=99.590 F1=99.567 Rec=99.807 Prec=99.335
Train Client2 [46/50] LR=0.0000625 loss=0.018 ACC=99.564 F1=99.457 Rec=99.879 Prec=99.049
Train Client3 [46/50] LR=0.0000625 loss=0.041 ACC=99.750 F1=99.531 Rec=99.838 Prec=99.242
Train Client4 [46/50] LR=0.0000625 loss=0.007 ACC=99.716 F1=97.497 Rec=99.931 Prec=95.660
Train Client5 [46/50] LR=0.0000625 loss=0.004 ACC=100.000 F1=100.000 Rec=100.000 Prec=100.000
Train Client6 [46/50] LR=0.0000625 loss=0.413 ACC=92.857 F1=88.554 Rec=93.905 Prec=85.150
Train Client7 [46/50] LR=0.0000625 loss=0.024 ACC=99.777 F1=99.558 Rec=99.747 Prec=99.383

Val    [46/50] LR=0.0000625 loss=1.848 ACC=99.537 F1=99.512 Rec=99.575 Prec=99.452

Test-  OSR [46/50] LR=0.0000625 ACC=60.651 F1=66.665 Rec=85.124 Prec=56.726 UNK=0.000 OS*=99.311 HOS=0.000 AUROC=89.055 AUPR=87.385 OSCR=88.782
Test-Close [46/50] LR=0.0000625 loss=1.847 ACC=99.315 F1=99.303 Rec=99.311 Prec=99.297
>> New learning Rate: 3.125e-05
Train Client0 [47/50] LR=0.0000313 loss=0.135 ACC=98.594 F1=82.365 Rec=82.574 Prec=82.193
Train Client1 [47/50] LR=0.0000313 loss=0.008 ACC=99.898 F1=99.158 Rec=99.903 Prec=98.485
Train Client2 [47/50] LR=0.0000313 loss=0.017 ACC=99.564 F1=99.238 Rec=99.880 Prec=98.641
Train Client3 [47/50] LR=0.0000313 loss=0.016 ACC=99.500 F1=99.119 Rec=99.756 Prec=98.518
Train Client4 [47/50] LR=0.0000313 loss=0.004 ACC=100.000 F1=100.000 Rec=100.000 Prec=100.000
Train Client5 [47/50] LR=0.0000313 loss=0.004 ACC=100.000 F1=100.000 Rec=100.000 Prec=100.000
Train Client6 [47/50] LR=0.0000313 loss=0.411 ACC=87.500 F1=81.177 Rec=90.222 Prec=77.098
Train Client7 [47/50] LR=0.0000313 loss=0.022 ACC=99.554 F1=99.418 Rec=99.681 Prec=99.170

Val    [47/50] LR=0.0000313 loss=1.849 ACC=99.537 F1=99.512 Rec=99.575 Prec=99.452

Test-  OSR [47/50] LR=0.0000313 ACC=60.698 F1=66.658 Rec=85.195 Prec=56.631 UNK=0.000 OS*=99.394 HOS=0.000 AUROC=89.211 AUPR=87.690 OSCR=88.956
Test-Close [47/50] LR=0.0000313 loss=1.846 ACC=99.391 F1=99.389 Rec=99.394 Prec=99.386
Train Client0 [48/50] LR=0.0000313 loss=0.014 ACC=99.375 F1=82.460 Rec=82.876 Prec=82.071
Train Client1 [48/50] LR=0.0000313 loss=0.016 ACC=99.795 F1=99.879 Rec=99.936 Prec=99.824
Train Client2 [48/50] LR=0.0000313 loss=0.016 ACC=99.855 F1=99.895 Rec=99.960 Prec=99.832
Train Client3 [48/50] LR=0.0000313 loss=0.038 ACC=98.750 F1=92.956 Rec=99.503 Prec=89.267
Train Client4 [48/50] LR=0.0000313 loss=0.010 ACC=99.858 F1=97.602 Rec=99.965 Prec=95.833
Train Client5 [48/50] LR=0.0000313 loss=0.007 ACC=99.811 F1=94.376 Rec=99.864 Prec=91.667
Train Client6 [48/50] LR=0.0000313 loss=0.395 ACC=93.750 F1=90.296 Rec=95.889 Prec=87.001
Train Client7 [48/50] LR=0.0000313 loss=0.061 ACC=98.884 F1=97.781 Rec=98.914 Prec=96.852

Val    [48/50] LR=0.0000313 loss=1.851 ACC=99.537 F1=99.512 Rec=99.575 Prec=99.452

Test-  OSR [48/50] LR=0.0000313 ACC=60.605 F1=66.482 Rec=85.052 Prec=56.493 UNK=0.000 OS*=99.228 HOS=0.000 AUROC=88.749 AUPR=87.090 OSCR=88.464
Test-Close [48/50] LR=0.0000313 loss=1.848 ACC=99.238 F1=99.208 Rec=99.228 Prec=99.188
Train Client0 [49/50] LR=0.0000313 loss=0.008 ACC=99.844 F1=99.815 Rec=99.753 Prec=99.879
Train Client1 [49/50] LR=0.0000313 loss=0.012 ACC=99.795 F1=99.790 Rec=99.936 Prec=99.647
Train Client2 [49/50] LR=0.0000313 loss=0.029 ACC=99.419 F1=98.952 Rec=99.238 Prec=98.706
Train Client3 [49/50] LR=0.0000313 loss=0.027 ACC=99.500 F1=99.135 Rec=99.756 Prec=98.548
Train Client4 [49/50] LR=0.0000313 loss=0.014 ACC=99.716 F1=97.496 Rec=99.931 Prec=95.658
Train Client5 [49/50] LR=0.0000313 loss=0.011 ACC=99.811 F1=94.373 Rec=99.858 Prec=91.667
Train Client6 [49/50] LR=0.0000313 loss=0.382 ACC=91.071 F1=86.536 Rec=93.132 Prec=82.659
Train Client7 [49/50] LR=0.0000313 loss=0.067 ACC=97.991 F1=81.133 Rec=82.164 Prec=80.230

Val    [49/50] LR=0.0000313 loss=1.849 ACC=99.537 F1=99.512 Rec=99.575 Prec=99.452

Test-  OSR [49/50] LR=0.0000313 ACC=60.558 F1=66.276 Rec=85.013 Prec=56.260 UNK=0.000 OS*=99.182 HOS=0.000 AUROC=88.781 AUPR=87.217 OSCR=88.517
Test-Close [49/50] LR=0.0000313 loss=1.846 ACC=99.162 F1=99.144 Rec=99.182 Prec=99.106
------>Best performance (by OSCR)--->>>>>>>

Test-  OSR [33/50] LR=0.0001250 ACC=60.605 F1=65.717 Rec=85.084 Prec=55.595 UNK=0.000 OS*=99.265 HOS=0.000 AUROC=90.535 AUPR=88.413 OSCR=90.304
Test-Close [33/50] LR=0.0001250 loss=1.845 ACC=99.238 F1=99.222 Rec=99.265 Prec=99.181
=====================================================================================================================================
The ending time ：2026-06-25 21:00:28
