Logging to: ./logs/Hyperkvasir_Finetune_K6_U9_seed0_20260626_105814.log
==> Preparing data..
Protocol mode: hard
Fixed known classes: ['bbps', 'polyps', 'cecum', 'z-line', 'pylorus', 'retroflex-stomach']
Fixed unknown classes: ['dyed-lifted-polyps', 'dyed-resection-margins', 'ulcerative-colitis', 'esophagitis', 'retroflex-rectum', 'impacted-stool', 'barretts', 'ileum', 'hemorrhoids']
Known class list: [0 1 2 6 4 8] Unknown class list [ 3  5  7  9 10 11 12 13 14]
Train: 7454, Val: 1058, Test: 2150
Train class dist: [(0, 1255), (1, 719), (2, 706), (3, 701), (4, 699), (5, 692), (6, 652), (7, 593), (8, 534), (9, 464), (10, 273), (11, 91), (12, 65), (13, 6), (14, 4)]
{0: 0, 1: 1, 2: 2, 6: 3, 4: 4, 8: 5} {3: 6, 5: 7, 7: 8, 9: 9, 10: 10, 11: 11, 12: 12, 13: 13, 14: 14}
Known origin: [0 1 2 6 4 8] , new: [0 1 2 3 4 5]
Unknown origin: [ 3  5  7  9 10 11 12 13 14] , new: [ 6  7  8  9 10 11 12 13 14]
Known/Unknown in Train: 4565/2889
Known/Unknown in Val:   648/410
Known/Unknown in Test:  1313/837
Client0 sample num: 654
Client1 sample num: 984
Client2 sample num: 698
Client3 sample num: 404
Client4 sample num: 710
Client5 sample num: 538
Client6 sample num: 123
Client7 sample num: 454

>>> Setting up
==> Using device: cuda:0
==> Building [Resnet18] model..
154
154
154
154
154
154
154
154
154
154
154
154
154
154
154
154
154
154
Train Client0 [0/30] LR=0.0005000 loss=12.254 ACC=95.469 F1=92.399 Rec=90.690 Prec=94.691
Train Client1 [0/30] LR=0.0005000 loss=9.113 ACC=93.545 F1=71.800 Rec=67.614 Prec=86.465
Train Client2 [0/30] LR=0.0005000 loss=12.342 ACC=93.605 F1=84.699 Rec=79.779 Prec=92.933
Train Client3 [0/30] LR=0.0005000 loss=16.665 ACC=97.750 F1=97.309 Rec=96.923 Prec=97.796
Train Client4 [0/30] LR=0.0005000 loss=12.081 ACC=95.170 F1=74.929 Rec=71.374 Prec=84.102
Train Client5 [0/30] LR=0.0005000 loss=14.592 ACC=98.106 F1=81.079 Rec=81.834 Prec=80.519
Train Client6 [0/30] LR=0.0005000 loss=23.679 ACC=90.179 F1=82.053 Rec=87.564 Prec=81.197
Train Client7 [0/30] LR=0.0005000 loss=16.519 ACC=92.188 F1=78.105 Rec=90.858 Prec=77.130

Test-  OSR [0/30] LR=0.0005000 ACC=60.093 F1=64.220 Rec=84.366 Prec=52.856 UNK=0.000 OS*=98.428 HOS=0.000 AUROC=83.637 AUPR=75.520 OSCR=83.059
Test-Close [0/30] LR=0.0005000 loss=2.189 ACC=98.401 F1=98.414 Rec=98.428 Prec=98.427

Saving best model . . . . . . . .

Train Client0 [1/30] LR=0.0005000 loss=1.790 ACC=95.156 F1=87.820 Rec=85.846 Prec=90.951
Train Client1 [1/30] LR=0.0005000 loss=1.264 ACC=95.389 F1=76.942 Rec=77.097 Prec=76.951
Train Client2 [1/30] LR=0.0005000 loss=1.833 ACC=93.605 F1=85.709 Rec=83.159 Prec=89.224
Train Client3 [1/30] LR=0.0005000 loss=2.650 ACC=97.250 F1=90.230 Rec=95.838 Prec=87.426
Train Client4 [1/30] LR=0.0005000 loss=1.361 ACC=96.449 F1=88.037 Rec=87.840 Prec=88.240
Train Client5 [1/30] LR=0.0005000 loss=2.057 ACC=96.591 F1=79.500 Rec=79.803 Prec=79.208
Train Client6 [1/30] LR=0.0005000 loss=7.028 ACC=88.393 F1=78.274 Rec=87.173 Prec=78.088
Train Client7 [1/30] LR=0.0005000 loss=3.736 ACC=95.759 F1=82.141 Rec=94.086 Prec=82.150

Test-  OSR [1/30] LR=0.0005000 ACC=85.535 F1=87.248 Rec=90.463 Prec=85.591 UNK=72.401 OS*=93.473 HOS=81.599 AUROC=88.524 AUPR=87.725 OSCR=85.194
Test-Close [1/30] LR=0.0005000 loss=2.054 ACC=99.315 F1=99.326 Rec=99.382 Prec=99.275

Saving best model . . . . . . . .

Train Client0 [2/30] LR=0.0005000 loss=0.440 ACC=96.875 F1=94.612 Rec=93.418 Prec=95.953
Train Client1 [2/30] LR=0.0005000 loss=0.527 ACC=95.697 F1=85.292 Rec=85.496 Prec=85.748
Train Client2 [2/30] LR=0.0005000 loss=0.598 ACC=95.785 F1=89.918 Rec=88.593 Prec=91.880
Train Client3 [2/30] LR=0.0005000 loss=0.753 ACC=95.250 F1=75.994 Rec=74.969 Prec=77.516
Train Client4 [2/30] LR=0.0005000 loss=0.409 ACC=97.017 F1=87.416 Rec=83.426 Prec=97.214
Train Client5 [2/30] LR=0.0005000 loss=0.562 ACC=97.538 F1=81.039 Rec=81.289 Prec=80.799
Train Client6 [2/30] LR=0.0005000 loss=1.629 ACC=86.607 F1=75.688 Rec=86.289 Prec=70.964
Train Client7 [2/30] LR=0.0005000 loss=0.974 ACC=92.857 F1=73.709 Rec=71.771 Prec=76.787

Test-  OSR [2/30] LR=0.0005000 ACC=77.628 F1=80.326 Rec=89.365 Prec=77.429 UNK=48.387 OS*=96.195 HOS=64.387 AUROC=86.116 AUPR=82.585 OSCR=84.739
Test-Close [2/30] LR=0.0005000 loss=1.963 ACC=99.162 F1=99.143 Rec=99.249 Prec=99.046

Train Client0 [3/30] LR=0.0005000 loss=0.562 ACC=96.250 F1=93.365 Rec=95.026 Prec=92.091
Train Client1 [3/30] LR=0.0005000 loss=0.495 ACC=95.697 F1=84.684 Rec=82.861 Prec=87.147
Train Client2 [3/30] LR=0.0005000 loss=0.678 ACC=95.203 F1=87.799 Rec=85.694 Prec=90.278
Train Client3 [3/30] LR=0.0005000 loss=0.324 ACC=98.250 F1=89.646 Rec=97.587 Prec=87.282
Train Client4 [3/30] LR=0.0005000 loss=0.657 ACC=95.028 F1=74.485 Rec=73.768 Prec=75.411
Train Client5 [3/30] LR=0.0005000 loss=0.353 ACC=98.864 F1=82.155 Rec=82.343 Prec=81.978
Train Client6 [3/30] LR=0.0005000 loss=1.516 ACC=89.286 F1=82.469 Rec=89.496 Prec=81.077
Train Client7 [3/30] LR=0.0005000 loss=0.837 ACC=94.420 F1=74.396 Rec=74.078 Prec=74.754

Test-  OSR [3/30] LR=0.0005000 ACC=77.070 F1=79.853 Rec=89.998 Prec=76.420 UNK=44.922 OS*=97.511 HOS=61.508 AUROC=87.541 AUPR=85.845 OSCR=86.636
Test-Close [3/30] LR=0.0005000 loss=1.924 ACC=99.086 F1=99.026 Rec=99.065 Prec=98.989

Saving best model . . . . . . . .

Train Client0 [4/30] LR=0.0005000 loss=0.545 ACC=95.312 F1=90.981 Rec=88.980 Prec=93.546
Train Client1 [4/30] LR=0.0005000 loss=0.486 ACC=95.594 F1=85.381 Rec=85.099 Prec=86.289
Train Client2 [4/30] LR=0.0005000 loss=0.599 ACC=95.640 F1=89.821 Rec=89.116 Prec=90.718
Train Client3 [4/30] LR=0.0005000 loss=0.393 ACC=98.000 F1=96.751 Rec=97.530 Prec=96.048
Train Client4 [4/30] LR=0.0005000 loss=0.357 ACC=97.159 F1=79.229 Rec=78.359 Prec=80.363
Train Client5 [4/30] LR=0.0005000 loss=0.413 ACC=96.970 F1=96.543 Rec=96.574 Prec=96.542
Train Client6 [4/30] LR=0.0005000 loss=2.176 ACC=86.607 F1=75.975 Rec=83.791 Prec=73.286
Train Client7 [4/30] LR=0.0005000 loss=0.793 ACC=94.196 F1=86.943 Rec=93.408 Prec=83.362

Test-  OSR [4/30] LR=0.0005000 ACC=77.256 F1=80.328 Rec=90.440 Prec=76.830 UNK=44.564 OS*=98.086 HOS=61.284 AUROC=89.320 AUPR=87.546 OSCR=88.663
Test-Close [4/30] LR=0.0005000 loss=1.921 ACC=99.238 F1=99.227 Rec=99.267 Prec=99.189

Saving best model . . . . . . . .

Train Client0 [5/30] LR=0.0005000 loss=0.639 ACC=96.094 F1=78.915 Rec=78.529 Prec=79.331
Train Client1 [5/30] LR=0.0005000 loss=0.598 ACC=95.697 F1=90.268 Rec=88.766 Prec=92.963
Train Client2 [5/30] LR=0.0005000 loss=0.526 ACC=96.366 F1=89.481 Rec=89.549 Prec=89.739
Train Client3 [5/30] LR=0.0005000 loss=0.330 ACC=97.500 F1=90.794 Rec=96.018 Prec=88.368
Train Client4 [5/30] LR=0.0005000 loss=0.310 ACC=97.585 F1=77.943 Rec=78.337 Prec=77.599
Train Client5 [5/30] LR=0.0005000 loss=0.516 ACC=97.159 F1=96.711 Rec=97.072 Prec=96.383
Train Client6 [5/30] LR=0.0005000 loss=1.545 ACC=89.286 F1=79.623 Rec=87.075 Prec=76.584
Train Client7 [5/30] LR=0.0005000 loss=0.503 ACC=97.098 F1=91.174 Rec=96.915 Prec=88.230

Test-  OSR [5/30] LR=0.0005000 ACC=77.907 F1=81.061 Rec=90.592 Prec=77.745 UNK=46.356 OS*=97.964 HOS=62.933 AUROC=87.816 AUPR=86.566 OSCR=87.011
Test-Close [5/30] LR=0.0005000 loss=1.915 ACC=99.010 F1=98.963 Rec=98.980 Prec=98.952

Train Client0 [6/30] LR=0.0005000 loss=0.458 ACC=97.188 F1=80.808 Rec=81.049 Prec=80.616
Train Client1 [6/30] LR=0.0005000 loss=0.662 ACC=96.414 F1=87.493 Rec=85.848 Prec=90.293
Train Client2 [6/30] LR=0.0005000 loss=0.516 ACC=96.221 F1=94.114 Rec=94.171 Prec=94.199
Train Client3 [6/30] LR=0.0005000 loss=0.584 ACC=97.250 F1=95.191 Rec=94.438 Prec=96.040
Train Client4 [6/30] LR=0.0005000 loss=0.457 ACC=97.727 F1=85.427 Rec=84.368 Prec=87.062
Train Client5 [6/30] LR=0.0005000 loss=0.384 ACC=98.674 F1=98.593 Rec=98.539 Prec=98.648
Train Client6 [6/30] LR=0.0005000 loss=1.070 ACC=91.964 F1=82.942 Rec=89.945 Prec=79.140
Train Client7 [6/30] LR=0.0005000 loss=0.739 ACC=95.982 F1=86.821 Rec=95.418 Prec=83.807

Test-  OSR [6/30] LR=0.0005000 ACC=70.884 F1=75.083 Rec=88.120 Prec=73.176 UNK=28.076 OS*=98.127 HOS=43.661 AUROC=90.756 AUPR=85.860 OSCR=90.303
Test-Close [6/30] LR=0.0005000 loss=1.880 ACC=99.086 F1=99.035 Rec=99.100 Prec=98.981

Saving best model . . . . . . . .

Train Client0 [7/30] LR=0.0005000 loss=0.341 ACC=97.656 F1=80.324 Rec=79.858 Prec=80.830
Train Client1 [7/30] LR=0.0005000 loss=0.546 ACC=96.209 F1=78.321 Rec=78.886 Prec=77.815
Train Client2 [7/30] LR=0.0005000 loss=0.565 ACC=95.930 F1=89.003 Rec=87.359 Prec=91.359
Train Client3 [7/30] LR=0.0005000 loss=0.348 ACC=97.250 F1=80.350 Rec=80.171 Prec=80.540
Train Client4 [7/30] LR=0.0005000 loss=0.447 ACC=97.727 F1=95.055 Rec=92.916 Prec=98.306
Train Client5 [7/30] LR=0.0005000 loss=0.386 ACC=97.727 F1=97.659 Rec=97.739 Prec=97.596
Train Client6 [7/30] LR=0.0005000 loss=0.904 ACC=95.536 F1=90.263 Rec=97.630 Prec=86.255
Train Client7 [7/30] LR=0.0005000 loss=0.790 ACC=95.982 F1=85.293 Rec=96.090 Prec=83.423

Test-  OSR [7/30] LR=0.0005000 ACC=68.698 F1=73.672 Rec=87.659 Prec=73.061 UNK=21.744 OS*=98.644 HOS=35.634 AUROC=87.837 AUPR=83.125 OSCR=87.497
Test-Close [7/30] LR=0.0005000 loss=1.880 ACC=98.934 F1=98.909 Rec=98.935 Prec=98.887

Train Client0 [8/30] LR=0.0005000 loss=0.501 ACC=96.562 F1=93.530 Rec=93.577 Prec=93.513
Train Client1 [8/30] LR=0.0005000 loss=0.452 ACC=96.516 F1=77.736 Rec=77.081 Prec=78.484
Train Client2 [8/30] LR=0.0005000 loss=0.492 ACC=96.366 F1=89.724 Rec=88.975 Prec=90.699
Train Client3 [8/30] LR=0.0005000 loss=0.549 ACC=96.000 F1=76.875 Rec=76.837 Prec=76.920
Train Client4 [8/30] LR=0.0005000 loss=0.472 ACC=97.159 F1=87.980 Rec=89.065 Prec=87.592
Train Client5 [8/30] LR=0.0005000 loss=0.420 ACC=97.727 F1=80.570 Rec=80.097 Prec=81.130
Train Client6 [8/30] LR=0.0005000 loss=1.641 ACC=86.607 F1=81.445 Rec=92.568 Prec=76.887
Train Client7 [8/30] LR=0.0005000 loss=0.701 ACC=96.875 F1=88.990 Rec=96.900 Prec=86.659

Test-  OSR [8/30] LR=0.0005000 ACC=69.674 F1=75.220 Rec=87.863 Prec=75.037 UNK=24.492 OS*=98.425 HOS=39.224 AUROC=85.255 AUPR=81.835 OSCR=84.761
Test-Close [8/30] LR=0.0005000 loss=1.892 ACC=99.086 F1=99.065 Rec=99.099 Prec=99.035

Train Client0 [9/30] LR=0.0005000 loss=0.450 ACC=96.250 F1=92.127 Rec=92.534 Prec=91.755
Train Client1 [9/30] LR=0.0005000 loss=0.474 ACC=97.234 F1=90.837 Rec=87.416 Prec=95.652
Train Client2 [9/30] LR=0.0005000 loss=0.313 ACC=97.674 F1=94.926 Rec=94.333 Prec=95.714
Train Client3 [9/30] LR=0.0005000 loss=0.361 ACC=96.500 F1=89.103 Rec=94.995 Prec=86.053
Train Client4 [9/30] LR=0.0005000 loss=0.513 ACC=95.881 F1=83.911 Rec=86.503 Prec=82.732
Train Client5 [9/30] LR=0.0005000 loss=0.147 ACC=99.242 F1=98.579 Rec=98.612 Prec=98.547
Train Client6 [9/30] LR=0.0005000 loss=1.114 ACC=91.071 F1=85.068 Rec=94.032 Prec=79.563
Train Client7 [9/30] LR=0.0005000 loss=0.504 ACC=96.875 F1=80.090 Rec=80.386 Prec=79.828

Test-  OSR [9/30] LR=0.0005000 ACC=74.837 F1=78.038 Rec=89.780 Prec=75.102 UNK=37.754 OS*=98.451 HOS=54.578 AUROC=88.130 AUPR=86.816 OSCR=87.483
Test-Close [9/30] LR=0.0005000 loss=1.881 ACC=99.162 F1=99.131 Rec=99.179 Prec=99.087

Train Client0 [10/30] LR=0.0005000 loss=0.521 ACC=96.562 F1=92.758 Rec=92.347 Prec=93.202
Train Client1 [10/30] LR=0.0005000 loss=0.422 ACC=96.516 F1=88.602 Rec=86.237 Prec=96.550
Train Client2 [10/30] LR=0.0005000 loss=0.440 ACC=97.384 F1=91.662 Rec=90.295 Prec=93.278
Train Client3 [10/30] LR=0.0005000 loss=0.394 ACC=97.500 F1=79.870 Rec=80.471 Prec=79.339
Train Client4 [10/30] LR=0.0005000 loss=0.354 ACC=97.869 F1=90.215 Rec=89.379 Prec=91.322
Train Client5 [10/30] LR=0.0005000 loss=0.226 ACC=98.864 F1=93.263 Rec=98.299 Prec=91.040
Train Client6 [10/30] LR=0.0005000 loss=1.229 ACC=91.071 F1=85.987 Rec=92.313 Prec=82.191
Train Client7 [10/30] LR=0.0005000 loss=0.634 ACC=96.875 F1=96.613 Rec=97.050 Prec=96.269

Test-  OSR [10/30] LR=0.0005000 ACC=70.744 F1=74.756 Rec=88.332 Prec=72.718 UNK=27.121 OS*=98.534 HOS=42.534 AUROC=87.250 AUPR=84.495 OSCR=86.786
Test-Close [10/30] LR=0.0005000 loss=1.880 ACC=99.162 F1=99.156 Rec=99.179 Prec=99.143

Train Client0 [11/30] LR=0.0005000 loss=0.298 ACC=97.812 F1=79.669 Rec=79.125 Prec=80.239
Train Client1 [11/30] LR=0.0005000 loss=0.592 ACC=96.107 F1=78.428 Rec=80.549 Prec=76.770
Train Client2 [11/30] LR=0.0005000 loss=0.377 ACC=97.384 F1=93.928 Rec=92.293 Prec=95.733
Train Client3 [11/30] LR=0.0005000 loss=0.343 ACC=97.500 F1=79.818 Rec=78.945 Prec=80.782
Train Client4 [11/30] LR=0.0005000 loss=0.433 ACC=97.301 F1=86.244 Rec=84.185 Prec=89.161
Train Client5 [11/30] LR=0.0005000 loss=0.173 ACC=99.242 F1=99.021 Rec=99.282 Prec=98.805
Train Client6 [11/30] LR=0.0005000 loss=0.871 ACC=93.750 F1=85.969 Rec=91.559 Prec=82.294
Train Client7 [11/30] LR=0.0005000 loss=0.442 ACC=98.214 F1=90.072 Rec=98.463 Prec=87.246

Test-  OSR [11/30] LR=0.0005000 ACC=76.140 F1=79.546 Rec=90.074 Prec=76.394 UNK=41.458 OS*=98.176 HOS=58.298 AUROC=87.848 AUPR=85.468 OSCR=87.295
Test-Close [11/30] LR=0.0005000 loss=1.879 ACC=99.391 F1=99.365 Rec=99.422 Prec=99.314

Train Client0 [12/30] LR=0.0005000 loss=0.367 ACC=96.250 F1=78.924 Rec=79.645 Prec=78.287
Train Client1 [12/30] LR=0.0005000 loss=0.544 ACC=95.697 F1=89.955 Rec=86.629 Prec=94.532
Train Client2 [12/30] LR=0.0005000 loss=0.812 ACC=95.640 F1=91.054 Rec=90.546 Prec=91.737
Train Client3 [12/30] LR=0.0005000 loss=0.355 ACC=97.750 F1=79.649 Rec=80.723 Prec=78.695
Train Client4 [12/30] LR=0.0005000 loss=0.434 ACC=97.159 F1=90.799 Rec=87.089 Prec=96.791
Train Client5 [12/30] LR=0.0005000 loss=0.288 ACC=98.106 F1=92.591 Rec=98.208 Prec=89.763
Train Client6 [12/30] LR=0.0005000 loss=2.739 ACC=84.821 F1=79.527 Rec=93.798 Prec=72.104
Train Client7 [12/30] LR=0.0005000 loss=0.936 ACC=94.196 F1=77.358 Rec=77.903 Prec=76.866

Test-  OSR [12/30] LR=0.0005000 ACC=73.256 F1=77.049 Rec=89.065 Prec=74.257 UNK=33.931 OS*=98.254 HOS=50.442 AUROC=87.301 AUPR=85.586 OSCR=86.705
Test-Close [12/30] LR=0.0005000 loss=1.880 ACC=98.934 F1=98.876 Rec=98.907 Prec=98.857

Train Client0 [13/30] LR=0.0005000 loss=0.300 ACC=97.812 F1=96.456 Rec=95.745 Prec=97.207
Train Client1 [13/30] LR=0.0005000 loss=0.413 ACC=96.311 F1=90.621 Rec=87.957 Prec=94.464
Train Client2 [13/30] LR=0.0005000 loss=0.435 ACC=97.529 F1=95.540 Rec=95.968 Prec=95.200
Train Client3 [13/30] LR=0.0005000 loss=0.246 ACC=98.000 F1=96.930 Rec=97.615 Prec=96.340
Train Client4 [13/30] LR=0.0005000 loss=0.319 ACC=97.869 F1=86.139 Rec=87.854 Prec=84.623
Train Client5 [13/30] LR=0.0005000 loss=0.314 ACC=98.674 F1=98.814 Rec=98.988 Prec=98.651
Train Client6 [13/30] LR=0.0005000 loss=0.975 ACC=94.643 F1=89.514 Rec=93.991 Prec=88.099
Train Client7 [13/30] LR=0.0005000 loss=0.670 ACC=95.759 F1=86.809 Rec=95.817 Prec=83.441

Test-  OSR [13/30] LR=0.0005000 ACC=70.791 F1=75.084 Rec=88.612 Prec=73.987 UNK=26.643 OS*=98.940 HOS=41.981 AUROC=89.240 AUPR=87.943 OSCR=88.797
Test-Close [13/30] LR=0.0005000 loss=1.865 ACC=99.086 F1=99.055 Rec=99.101 Prec=99.011

Train Client0 [14/30] LR=0.0005000 loss=0.269 ACC=97.500 F1=95.199 Rec=94.659 Prec=95.773
Train Client1 [14/30] LR=0.0005000 loss=0.363 ACC=97.234 F1=89.058 Rec=88.986 Prec=89.133
Train Client2 [14/30] LR=0.0005000 loss=0.477 ACC=96.366 F1=89.721 Rec=87.524 Prec=92.484
Train Client3 [14/30] LR=0.0005000 loss=0.476 ACC=96.000 F1=78.072 Rec=78.316 Prec=77.908
Train Client4 [14/30] LR=0.0005000 loss=0.200 ACC=98.722 F1=88.068 Rec=87.928 Prec=88.210
Train Client5 [14/30] LR=0.0005000 loss=0.265 ACC=98.106 F1=89.262 Rec=97.477 Prec=86.604
Train Client6 [14/30] LR=0.0005000 loss=0.934 ACC=91.964 F1=84.593 Rec=89.405 Prec=81.015
Train Client7 [14/30] LR=0.0005000 loss=0.539 ACC=97.545 F1=79.237 Rec=79.985 Prec=78.529

Test-  OSR [14/30] LR=0.0005000 ACC=72.930 F1=76.796 Rec=89.008 Prec=74.354 UNK=33.094 OS*=98.327 HOS=49.521 AUROC=90.433 AUPR=87.990 OSCR=89.895
Test-Close [14/30] LR=0.0005000 loss=1.880 ACC=99.162 F1=99.139 Rec=99.184 Prec=99.097

Train Client0 [15/30] LR=0.0005000 loss=0.319 ACC=97.812 F1=80.745 Rec=80.550 Prec=80.945
Train Client1 [15/30] LR=0.0005000 loss=0.508 ACC=96.926 F1=93.964 Rec=94.713 Prec=93.271
Train Client2 [15/30] LR=0.0005000 loss=0.451 ACC=96.512 F1=94.013 Rec=92.673 Prec=95.522
Train Client3 [15/30] LR=0.0005000 loss=0.673 ACC=95.500 F1=76.819 Rec=76.150 Prec=77.663
Train Client4 [15/30] LR=0.0005000 loss=0.459 ACC=97.017 F1=89.998 Rec=92.407 Prec=88.031
Train Client5 [15/30] LR=0.0005000 loss=0.347 ACC=96.780 F1=79.929 Rec=80.044 Prec=79.833
Train Client6 [15/30] LR=0.0005000 loss=0.937 ACC=92.857 F1=87.164 Rec=91.944 Prec=84.955
Train Client7 [15/30] LR=0.0005000 loss=0.993 ACC=93.527 F1=76.646 Rec=76.902 Prec=76.590

Test-  OSR [15/30] LR=0.0005000 ACC=74.279 F1=77.585 Rec=89.280 Prec=74.893 UNK=37.037 OS*=97.987 HOS=53.756 AUROC=84.149 AUPR=83.474 OSCR=83.347
Test-Close [15/30] LR=0.0005000 loss=1.885 ACC=98.781 F1=98.721 Rec=98.767 Prec=98.684

Train Client0 [16/30] LR=0.0005000 loss=0.480 ACC=96.406 F1=96.058 Rec=96.837 Prec=95.325
Train Client1 [16/30] LR=0.0005000 loss=0.379 ACC=96.516 F1=90.348 Rec=91.387 Prec=89.386
Train Client2 [16/30] LR=0.0005000 loss=0.337 ACC=97.384 F1=94.517 Rec=94.824 Prec=94.405
Train Client3 [16/30] LR=0.0005000 loss=0.281 ACC=98.750 F1=92.533 Rec=97.444 Prec=90.434
Train Client4 [16/30] LR=0.0005000 loss=0.375 ACC=97.869 F1=86.465 Rec=84.528 Prec=91.235
Train Client5 [16/30] LR=0.0005000 loss=0.161 ACC=98.864 F1=82.042 Rec=81.883 Prec=82.211
Train Client6 [16/30] LR=0.0005000 loss=0.633 ACC=94.643 F1=88.787 Rec=96.104 Prec=84.815
Train Client7 [16/30] LR=0.0005000 loss=0.757 ACC=95.759 F1=89.788 Rec=95.735 Prec=86.668

Test-  OSR [16/30] LR=0.0005000 ACC=74.512 F1=78.806 Rec=89.550 Prec=76.794 UNK=37.157 OS*=98.282 HOS=53.926 AUROC=89.442 AUPR=87.797 OSCR=88.855
Test-Close [16/30] LR=0.0005000 loss=1.867 ACC=99.315 F1=99.288 Rec=99.310 Prec=99.266

Train Client0 [17/30] LR=0.0005000 loss=0.326 ACC=96.562 F1=93.936 Rec=93.303 Prec=94.607
Train Client1 [17/30] LR=0.0005000 loss=0.379 ACC=96.619 F1=96.040 Rec=95.678 Prec=96.495
Train Client2 [17/30] LR=0.0005000 loss=0.434 ACC=96.802 F1=94.660 Rec=93.956 Prec=95.601
Train Client3 [17/30] LR=0.0005000 loss=0.197 ACC=98.500 F1=81.448 Rec=81.448 Prec=81.448
Train Client4 [17/30] LR=0.0005000 loss=0.360 ACC=98.295 F1=96.607 Rec=96.125 Prec=97.402
Train Client5 [17/30] LR=0.0005000 loss=0.182 ACC=98.295 F1=92.817 Rec=98.317 Prec=90.100
Train Client6 [17/30] LR=0.0005000 loss=0.983 ACC=89.286 F1=83.820 Rec=95.238 Prec=77.392
Train Client7 [17/30] LR=0.0005000 loss=0.614 ACC=95.982 F1=86.347 Rec=94.588 Prec=83.665

Test-  OSR [17/30] LR=0.0005000 ACC=75.116 F1=79.003 Rec=89.557 Prec=76.579 UNK=39.188 OS*=97.952 HOS=55.980 AUROC=84.446 AUPR=84.444 OSCR=83.800
Test-Close [17/30] LR=0.0005000 loss=1.877 ACC=98.858 F1=98.798 Rec=98.813 Prec=98.800

Train Client0 [18/30] LR=0.0005000 loss=0.331 ACC=97.969 F1=80.170 Rec=80.007 Prec=80.336
Train Client1 [18/30] LR=0.0005000 loss=0.452 ACC=97.336 F1=91.946 Rec=89.138 Prec=95.944
Train Client2 [18/30] LR=0.0005000 loss=0.347 ACC=97.384 F1=93.045 Rec=92.166 Prec=94.057
Train Client3 [18/30] LR=0.0005000 loss=0.325 ACC=98.000 F1=81.404 Rec=81.050 Prec=81.774
Train Client4 [18/30] LR=0.0005000 loss=0.419 ACC=97.443 F1=74.940 Rec=73.911 Prec=77.512
Train Client5 [18/30] LR=0.0005000 loss=0.218 ACC=98.295 F1=81.994 Rec=82.133 Prec=81.871
Train Client6 [18/30] LR=0.0005000 loss=0.737 ACC=93.750 F1=92.072 Rec=93.675 Prec=92.094
Train Client7 [18/30] LR=0.0005000 loss=0.492 ACC=95.982 F1=96.620 Rec=97.001 Prec=96.361

Test-  OSR [18/30] LR=0.0005000 ACC=72.558 F1=76.177 Rec=89.107 Prec=73.811 UNK=31.541 OS*=98.701 HOS=47.806 AUROC=90.207 AUPR=87.412 OSCR=89.812
Test-Close [18/30] LR=0.0005000 loss=1.867 ACC=99.010 F1=98.979 Rec=99.023 Prec=98.940

Train Client0 [19/30] LR=0.0005000 loss=0.221 ACC=98.125 F1=81.820 Rec=81.602 Prec=82.046
Train Client1 [19/30] LR=0.0005000 loss=0.352 ACC=97.234 F1=87.732 Rec=86.180 Prec=89.867
Train Client2 [19/30] LR=0.0005000 loss=0.326 ACC=97.674 F1=95.065 Rec=95.316 Prec=94.835
Train Client3 [19/30] LR=0.0005000 loss=0.407 ACC=97.750 F1=79.889 Rec=79.273 Prec=80.660
Train Client4 [19/30] LR=0.0005000 loss=0.390 ACC=97.727 F1=82.303 Rec=81.373 Prec=84.101
Train Client5 [19/30] LR=0.0005000 loss=0.221 ACC=98.864 F1=93.323 Rec=98.875 Prec=90.555
Train Client6 [19/30] LR=0.0005000 loss=1.628 ACC=89.286 F1=84.087 Rec=95.108 Prec=78.694
Train Client7 [19/30] LR=0.0005000 loss=0.508 ACC=96.429 F1=79.544 Rec=78.668 Prec=80.521

Test-  OSR [19/30] LR=0.0005000 ACC=77.023 F1=80.137 Rec=90.724 Prec=76.780 UNK=43.130 OS*=98.656 HOS=60.021 AUROC=90.678 AUPR=88.771 OSCR=90.114
Test-Close [19/30] LR=0.0005000 loss=1.879 ACC=99.315 F1=99.318 Rec=99.312 Prec=99.328

Train Client0 [20/30] LR=0.0005000 loss=0.391 ACC=96.875 F1=95.356 Rec=94.856 Prec=95.889
Train Client1 [20/30] LR=0.0005000 loss=0.471 ACC=96.926 F1=93.487 Rec=91.492 Prec=96.604
Train Client2 [20/30] LR=0.0005000 loss=0.385 ACC=96.948 F1=94.579 Rec=94.198 Prec=94.980
Train Client3 [20/30] LR=0.0005000 loss=0.330 ACC=97.500 F1=88.190 Rec=96.729 Prec=85.224
Train Client4 [20/30] LR=0.0005000 loss=0.408 ACC=97.727 F1=87.827 Rec=84.940 Prec=96.628
Train Client5 [20/30] LR=0.0005000 loss=0.249 ACC=98.674 F1=98.153 Rec=97.876 Prec=98.464
Train Client6 [20/30] LR=0.0005000 loss=0.859 ACC=94.643 F1=89.385 Rec=96.493 Prec=86.772
Train Client7 [20/30] LR=0.0005000 loss=0.527 ACC=97.098 F1=90.474 Rec=96.468 Prec=87.287

Test-  OSR [20/30] LR=0.0005000 ACC=74.186 F1=78.399 Rec=89.331 Prec=76.513 UNK=36.679 OS*=98.106 HOS=53.395 AUROC=84.891 AUPR=85.168 OSCR=84.205
Test-Close [20/30] LR=0.0005000 loss=1.873 ACC=98.858 F1=98.830 Rec=98.882 Prec=98.804

Train Client0 [21/30] LR=0.0005000 loss=0.251 ACC=98.438 F1=80.948 Rec=80.384 Prec=81.547
Train Client1 [21/30] LR=0.0005000 loss=0.417 ACC=96.619 F1=92.462 Rec=90.055 Prec=96.079
Train Client2 [21/30] LR=0.0005000 loss=0.311 ACC=97.093 F1=94.984 Rec=94.859 Prec=95.118
Train Client3 [21/30] LR=0.0005000 loss=0.367 ACC=97.500 F1=80.321 Rec=80.213 Prec=80.463
Train Client4 [21/30] LR=0.0005000 loss=0.327 ACC=98.011 F1=85.887 Rec=83.925 Prec=88.752
Train Client5 [21/30] LR=0.0005000 loss=0.185 ACC=98.485 F1=81.466 Rec=81.017 Prec=81.956
Train Client6 [21/30] LR=0.0005000 loss=1.148 ACC=93.750 F1=85.956 Rec=94.884 Prec=80.574
Train Client7 [21/30] LR=0.0005000 loss=0.356 ACC=97.545 F1=80.427 Rec=80.074 Prec=80.793

Test-  OSR [21/30] LR=0.0005000 ACC=72.000 F1=75.705 Rec=88.538 Prec=73.154 UNK=30.944 OS*=98.137 HOS=47.052 AUROC=84.065 AUPR=82.618 OSCR=83.522
Test-Close [21/30] LR=0.0005000 loss=1.878 ACC=99.086 F1=99.053 Rec=99.105 Prec=99.009

Train Client0 [22/30] LR=0.0005000 loss=0.481 ACC=96.875 F1=96.141 Rec=96.073 Prec=96.228
Train Client1 [22/30] LR=0.0005000 loss=0.501 ACC=96.721 F1=93.443 Rec=91.387 Prec=96.619
Train Client2 [22/30] LR=0.0005000 loss=0.332 ACC=97.820 F1=95.770 Rec=96.455 Prec=95.182
Train Client3 [22/30] LR=0.0005000 loss=0.360 ACC=97.250 F1=80.268 Rec=80.306 Prec=80.231
Train Client4 [22/30] LR=0.0005000 loss=0.528 ACC=96.875 F1=79.298 Rec=78.309 Prec=83.371
Train Client5 [22/30] LR=0.0005000 loss=0.090 ACC=99.432 F1=99.395 Rec=99.605 Prec=99.193
Train Client6 [22/30] LR=0.0005000 loss=0.935 ACC=94.643 F1=89.680 Rec=96.093 Prec=86.785
Train Client7 [22/30] LR=0.0005000 loss=0.521 ACC=96.429 F1=90.598 Rec=96.064 Prec=87.911

Test-  OSR [22/30] LR=0.0005000 ACC=73.023 F1=76.647 Rec=88.950 Prec=74.164 UNK=33.572 OS*=98.179 HOS=50.035 AUROC=86.318 AUPR=84.634 OSCR=85.735
Test-Close [22/30] LR=0.0005000 loss=1.879 ACC=99.010 F1=99.028 Rec=99.079 Prec=98.985

Train Client0 [23/30] LR=0.0005000 loss=0.319 ACC=97.969 F1=97.008 Rec=97.002 Prec=97.029
Train Client1 [23/30] LR=0.0005000 loss=0.458 ACC=97.234 F1=92.634 Rec=90.425 Prec=95.958
Train Client2 [23/30] LR=0.0005000 loss=0.324 ACC=97.238 F1=97.114 Rec=96.319 Prec=98.007
Train Client3 [23/30] LR=0.0005000 loss=0.312 ACC=98.000 F1=96.695 Rec=95.583 Prec=98.034
Train Client4 [23/30] LR=0.0005000 loss=0.344 ACC=97.869 F1=95.667 Rec=98.343 Prec=93.601
Train Client5 [23/30] LR=0.0005000 loss=0.183 ACC=99.242 F1=99.217 Rec=99.067 Prec=99.378
Train Client6 [23/30] LR=0.0005000 loss=1.013 ACC=95.536 F1=90.150 Rec=93.393 Prec=89.318
Train Client7 [23/30] LR=0.0005000 loss=0.334 ACC=96.875 F1=96.156 Rec=95.775 Prec=96.592

Test-  OSR [23/30] LR=0.0005000 ACC=70.884 F1=74.657 Rec=88.313 Prec=72.549 UNK=27.718 OS*=98.412 HOS=43.254 AUROC=88.876 AUPR=85.381 OSCR=88.402
Test-Close [23/30] LR=0.0005000 loss=1.876 ACC=99.086 F1=99.056 Rec=99.107 Prec=99.023

Train Client0 [24/30] LR=0.0005000 loss=0.307 ACC=97.656 F1=81.059 Rec=80.600 Prec=81.550
Train Client1 [24/30] LR=0.0005000 loss=0.485 ACC=96.311 F1=92.850 Rec=90.168 Prec=96.720
Train Client2 [24/30] LR=0.0005000 loss=0.334 ACC=96.657 F1=94.589 Rec=94.863 Prec=94.348
Train Client3 [24/30] LR=0.0005000 loss=0.343 ACC=96.750 F1=90.565 Rec=95.988 Prec=87.980
Train Client4 [24/30] LR=0.0005000 loss=0.339 ACC=98.011 F1=91.682 Rec=90.565 Prec=93.650
Train Client5 [24/30] LR=0.0005000 loss=0.268 ACC=98.106 F1=89.116 Rec=96.878 Prec=86.952
Train Client6 [24/30] LR=0.0005000 loss=0.737 ACC=94.643 F1=87.660 Rec=92.313 Prec=85.165
Train Client7 [24/30] LR=0.0005000 loss=0.593 ACC=96.875 F1=79.186 Rec=80.136 Prec=78.354

Test-  OSR [24/30] LR=0.0005000 ACC=70.977 F1=74.960 Rec=88.308 Prec=72.882 UNK=27.957 OS*=98.366 HOS=43.539 AUROC=86.958 AUPR=83.435 OSCR=86.555
Test-Close [24/30] LR=0.0005000 loss=1.873 ACC=99.162 F1=99.149 Rec=99.181 Prec=99.121

Train Client0 [25/30] LR=0.0005000 loss=0.446 ACC=96.719 F1=80.278 Rec=80.479 Prec=80.106
Train Client1 [25/30] LR=0.0005000 loss=0.352 ACC=97.131 F1=96.290 Rec=95.317 Prec=97.353
Train Client2 [25/30] LR=0.0005000 loss=0.298 ACC=98.110 F1=95.012 Rec=95.238 Prec=94.819
Train Client3 [25/30] LR=0.0005000 loss=0.222 ACC=98.000 F1=89.580 Rec=97.829 Prec=86.922
Train Client4 [25/30] LR=0.0005000 loss=0.304 ACC=97.727 F1=94.667 Rec=92.152 Prec=98.306
Train Client5 [25/30] LR=0.0005000 loss=0.248 ACC=97.917 F1=92.553 Rec=97.962 Prec=89.933
Train Client6 [25/30] LR=0.0005000 loss=1.126 ACC=90.179 F1=83.595 Rec=92.320 Prec=80.353
Train Client7 [25/30] LR=0.0005000 loss=0.292 ACC=97.321 F1=96.817 Rec=98.049 Prec=95.784

Test-  OSR [25/30] LR=0.0005000 ACC=74.605 F1=77.846 Rec=89.805 Prec=74.753 UNK=36.918 OS*=98.620 HOS=53.724 AUROC=90.260 AUPR=88.146 OSCR=89.805
Test-Close [25/30] LR=0.0005000 loss=1.872 ACC=99.315 F1=99.308 Rec=99.347 Prec=99.271

Train Client0 [26/30] LR=0.0005000 loss=0.262 ACC=98.594 F1=81.905 Rec=82.383 Prec=81.455
Train Client1 [26/30] LR=0.0005000 loss=0.447 ACC=96.824 F1=96.174 Rec=95.351 Prec=97.091
Train Client2 [26/30] LR=0.0005000 loss=0.477 ACC=96.221 F1=89.121 Rec=88.226 Prec=90.414
Train Client3 [26/30] LR=0.0005000 loss=0.360 ACC=97.250 F1=89.693 Rec=94.535 Prec=87.664
Train Client4 [26/30] LR=0.0005000 loss=0.240 ACC=98.295 F1=91.367 Rec=90.260 Prec=92.729
Train Client5 [26/30] LR=0.0005000 loss=0.157 ACC=99.053 F1=99.242 Rec=99.188 Prec=99.299
Train Client6 [26/30] LR=0.0005000 loss=1.711 ACC=87.500 F1=78.975 Rec=93.074 Prec=73.398
Train Client7 [26/30] LR=0.0005000 loss=0.536 ACC=96.429 F1=91.403 Rec=96.616 Prec=89.033

Test-  OSR [26/30] LR=0.0005000 ACC=73.070 F1=77.048 Rec=89.443 Prec=74.969 UNK=32.497 OS*=98.935 HOS=48.924 AUROC=85.473 AUPR=85.506 OSCR=85.125
Test-Close [26/30] LR=0.0005000 loss=1.847 ACC=99.391 F1=99.385 Rec=99.393 Prec=99.377

Train Client0 [27/30] LR=0.0005000 loss=0.333 ACC=97.656 F1=81.426 Rec=81.411 Prec=81.446
Train Client1 [27/30] LR=0.0005000 loss=0.349 ACC=97.951 F1=98.176 Rec=98.056 Prec=98.305
Train Client2 [27/30] LR=0.0005000 loss=0.250 ACC=97.965 F1=95.725 Rec=95.937 Prec=95.598
Train Client3 [27/30] LR=0.0005000 loss=0.285 ACC=97.000 F1=79.860 Rec=79.447 Prec=80.297
Train Client4 [27/30] LR=0.0005000 loss=0.462 ACC=97.017 F1=91.282 Rec=89.092 Prec=94.627
Train Client5 [27/30] LR=0.0005000 loss=0.297 ACC=98.674 F1=98.625 Rec=98.270 Prec=99.020
Train Client6 [27/30] LR=0.0005000 loss=1.357 ACC=91.071 F1=85.133 Rec=93.989 Prec=81.082
Train Client7 [27/30] LR=0.0005000 loss=0.420 ACC=97.321 F1=90.024 Rec=94.693 Prec=88.255

Test-  OSR [27/30] LR=0.0005000 ACC=72.698 F1=76.513 Rec=89.150 Prec=74.592 UNK=31.900 OS*=98.691 HOS=48.215 AUROC=86.696 AUPR=86.481 OSCR=86.235
Test-Close [27/30] LR=0.0005000 loss=1.849 ACC=99.010 F1=98.982 Rec=98.983 Prec=98.992

Train Client0 [28/30] LR=0.0005000 loss=0.366 ACC=97.344 F1=80.194 Rec=79.599 Prec=80.832
Train Client1 [28/30] LR=0.0005000 loss=0.322 ACC=96.824 F1=91.546 Rec=91.427 Prec=91.674
Train Client2 [28/30] LR=0.0005000 loss=0.295 ACC=97.674 F1=96.735 Rec=96.128 Prec=97.384
Train Client3 [28/30] LR=0.0005000 loss=0.369 ACC=98.000 F1=80.428 Rec=80.469 Prec=80.420
Train Client4 [28/30] LR=0.0005000 loss=0.188 ACC=98.295 F1=80.061 Rec=79.078 Prec=81.311
Train Client5 [28/30] LR=0.0005000 loss=0.319 ACC=99.242 F1=99.427 Rec=99.376 Prec=99.481
Train Client6 [28/30] LR=0.0005000 loss=1.562 ACC=88.393 F1=80.015 Rec=89.850 Prec=76.445
Train Client7 [28/30] LR=0.0005000 loss=0.667 ACC=95.536 F1=87.193 Rec=94.950 Prec=85.104

Test-  OSR [28/30] LR=0.0005000 ACC=75.488 F1=78.872 Rec=89.689 Prec=75.770 UNK=40.143 OS*=97.947 HOS=56.947 AUROC=86.292 AUPR=84.689 OSCR=85.609
Test-Close [28/30] LR=0.0005000 loss=1.874 ACC=99.391 F1=99.370 Rec=99.392 Prec=99.349

Train Client0 [29/30] LR=0.0005000 loss=0.429 ACC=96.562 F1=80.299 Rec=80.456 Prec=80.184
Train Client1 [29/30] LR=0.0005000 loss=0.398 ACC=97.029 F1=85.300 Rec=85.149 Prec=86.270
Train Client2 [29/30] LR=0.0005000 loss=0.248 ACC=97.529 F1=94.901 Rec=93.439 Prec=96.661
Train Client3 [29/30] LR=0.0005000 loss=0.267 ACC=98.500 F1=97.504 Rec=98.405 Prec=96.677
Train Client4 [29/30] LR=0.0005000 loss=0.173 ACC=98.722 F1=94.411 Rec=98.330 Prec=92.163
Train Client5 [29/30] LR=0.0005000 loss=0.429 ACC=98.485 F1=81.752 Rec=81.592 Prec=81.925
Train Client6 [29/30] LR=0.0005000 loss=1.068 ACC=91.071 F1=82.685 Rec=93.460 Prec=81.019
Train Client7 [29/30] LR=0.0005000 loss=0.606 ACC=97.098 F1=90.867 Rec=96.164 Prec=88.406

Test-  OSR [29/30] LR=0.0005000 ACC=75.070 F1=78.958 Rec=89.868 Prec=76.394 UNK=38.351 OS*=98.455 HOS=55.200 AUROC=89.132 AUPR=88.165 OSCR=88.541
Test-Close [29/30] LR=0.0005000 loss=1.860 ACC=99.315 F1=99.290 Rec=99.313 Prec=99.269

------>Best performance (by OSCR)--->>>>>>>

Test-  OSR [6/30] LR=0.0005000 ACC=70.884 F1=75.083 Rec=88.120 Prec=73.176 UNK=28.076 OS*=98.127 HOS=43.661 AUROC=90.756 AUPR=85.860 OSCR=90.303
Test-Close [6/30] LR=0.0005000 loss=1.880 ACC=99.086 F1=99.035 Rec=99.100 Prec=98.981
=====================================================================================================================================
The ending time ：2026-06-26 11:54:14
