Logging to: ./logs/Hyperkvasir_Pretrain_K6_U9_seed0_20260625_193836.log
==> Preparing data..
Protocol mode: hard
Fixed known classes: ['bbps', 'polyps', 'cecum', 'z-line', 'pylorus', 'retroflex-stomach']
Fixed unknown classes: ['dyed-lifted-polyps', 'dyed-resection-margins', 'ulcerative-colitis', 'esophagitis', 'retroflex-rectum', 'impacted-stool', 'barretts', 'ileum', 'hemorrhoids']
Known class list: [0 1 2 6 4 8] Unknown class list [ 3  5  7  9 10 11 12 13 14]
Train: 7454, Val: 1058, Test: 2150
Train class dist: [(0, 1255), (1, 719), (2, 706), (3, 701), (4, 699), (5, 692), (6, 652), (7, 593), (8, 534), (9, 464), (10, 273), (11, 91), (12, 65), (13, 6), (14, 4)]
{0: 0, 1: 1, 2: 2, 6: 3, 4: 4, 8: 5} {3: 6, 5: 7, 7: 8, 9: 9, 10: 10, 11: 11, 12: 12, 13: 13, 14: 14}
Known origin: [0 1 2 6 4 8] , new: [0 1 2 3 4 5]
Unknown origin: [ 3  5  7  9 10 11 12 13 14] , new: [ 6  7  8  9 10 11 12 13 14]
Known/Unknown in Train: 4565/2889
Known/Unknown in Val:   648/410
Known/Unknown in Test:  1313/837
Client0 sample num: 654
Client1 sample num: 984
Client2 sample num: 698
Client3 sample num: 404
Client4 sample num: 710
Client5 sample num: 538
Client6 sample num: 123
Client7 sample num: 454

>>> Setting up
==> Using device: cuda:0
==> Building [Resnet18] model..
154
120
Train Client0 [0/200] LR=0.0005000 loss=0.974 ACC=85.469 F1=61.291 Rec=60.308 Prec=64.107
Train Client1 [0/200] LR=0.0005000 loss=1.019 ACC=84.836 F1=54.352 Rec=54.073 Prec=54.793
Train Client2 [0/200] LR=0.0005000 loss=1.029 ACC=83.576 F1=53.265 Rec=53.072 Prec=55.643
Train Client3 [0/200] LR=0.0005000 loss=1.180 ACC=82.250 F1=58.810 Rec=57.950 Prec=60.552
Train Client4 [0/200] LR=0.0005000 loss=0.961 ACC=86.506 F1=54.401 Rec=55.149 Prec=54.842
Train Client5 [0/200] LR=0.0005000 loss=1.156 ACC=83.333 F1=65.968 Rec=65.471 Prec=66.777
Train Client6 [0/200] LR=0.0005000 loss=2.374 ACC=55.357 F1=34.843 Rec=37.863 Prec=36.409
Train Client7 [0/200] LR=0.0005000 loss=0.890 ACC=85.938 F1=59.272 Rec=59.223 Prec=59.350

Val    [0/200] LR=0.0005000 loss=2.314 ACC=86.883 F1=84.881 Rec=84.723 Prec=91.244

Test-  OSR [0/200] LR=0.0005000 ACC=52.837 F1=56.805 Rec=72.175 Prec=49.990 UNK=0.000 OS*=84.204 HOS=0.000 AUROC=76.927 AUPR=67.833 OSCR=68.904
Test-Close [0/200] LR=0.0005000 loss=2.321 ACC=86.519 F1=84.409 Rec=84.204 Prec=91.326
Saving best model . . . . . . . .

Train Client0 [1/200] LR=0.0005000 loss=0.766 ACC=88.906 F1=66.325 Rec=66.059 Prec=66.670
Train Client1 [1/200] LR=0.0005000 loss=0.774 ACC=87.807 F1=65.227 Rec=64.427 Prec=66.427
Train Client2 [1/200] LR=0.0005000 loss=0.882 ACC=87.209 F1=73.530 Rec=71.259 Prec=76.959
Train Client3 [1/200] LR=0.0005000 loss=0.791 ACC=87.500 F1=67.514 Rec=67.540 Prec=67.511
Train Client4 [1/200] LR=0.0005000 loss=0.577 ACC=90.057 F1=60.915 Rec=62.305 Prec=59.734
Train Client5 [1/200] LR=0.0005000 loss=0.663 ACC=90.152 F1=73.664 Rec=73.421 Prec=73.994
Train Client6 [1/200] LR=0.0005000 loss=1.050 ACC=79.464 F1=66.035 Rec=75.819 Prec=64.033
Train Client7 [1/200] LR=0.0005000 loss=0.849 ACC=88.170 F1=70.838 Rec=84.201 Prec=69.896

Val    [1/200] LR=0.0005000 loss=2.071 ACC=95.525 F1=95.171 Rec=94.995 Prec=96.116

Test-  OSR [1/200] LR=0.0005000 ACC=58.093 F1=62.283 Rec=80.938 Prec=51.145 UNK=0.000 OS*=94.428 HOS=0.000 AUROC=80.191 AUPR=71.805 OSCR=78.090
Test-Close [1/200] LR=0.0005000 loss=2.090 ACC=95.126 F1=94.612 Rec=94.428 Prec=95.733
Saving best model . . . . . . . .

Train Client0 [2/200] LR=0.0005000 loss=0.685 ACC=90.156 F1=88.043 Rec=87.263 Prec=88.870
Train Client1 [2/200] LR=0.0005000 loss=0.702 ACC=89.959 F1=76.227 Rec=71.113 Prec=88.171
Train Client2 [2/200] LR=0.0005000 loss=0.694 ACC=88.663 F1=74.446 Rec=72.441 Prec=77.091
Train Client3 [2/200] LR=0.0005000 loss=0.530 ACC=91.500 F1=69.643 Rec=69.746 Prec=69.637
Train Client4 [2/200] LR=0.0005000 loss=0.600 ACC=90.057 F1=61.983 Rec=60.420 Prec=64.216
Train Client5 [2/200] LR=0.0005000 loss=0.533 ACC=91.667 F1=75.109 Rec=74.970 Prec=75.289
Train Client6 [2/200] LR=0.0005000 loss=0.647 ACC=86.607 F1=77.526 Rec=82.950 Prec=74.332
Train Client7 [2/200] LR=0.0005000 loss=0.620 ACC=89.286 F1=70.908 Rec=71.275 Prec=70.696

Val    [2/200] LR=0.0005000 loss=2.026 ACC=97.685 F1=97.740 Rec=97.512 Prec=98.041

Test-  OSR [2/200] LR=0.0005000 ACC=59.116 F1=64.772 Rec=82.803 Prec=54.023 UNK=0.000 OS*=96.604 HOS=0.000 AUROC=74.271 AUPR=66.017 OSCR=73.327
Test-Close [2/200] LR=0.0005000 loss=2.034 ACC=96.801 F1=96.798 Rec=96.604 Prec=97.198
Train Client0 [3/200] LR=0.0005000 loss=0.529 ACC=91.562 F1=73.586 Rec=72.480 Prec=74.926
Train Client1 [3/200] LR=0.0005000 loss=0.611 ACC=88.525 F1=62.729 Rec=63.065 Prec=62.513
Train Client2 [3/200] LR=0.0005000 loss=0.522 ACC=90.262 F1=76.769 Rec=74.808 Prec=79.775
Train Client3 [3/200] LR=0.0005000 loss=0.568 ACC=90.750 F1=72.173 Rec=71.765 Prec=72.696
Train Client4 [3/200] LR=0.0005000 loss=0.424 ACC=93.182 F1=70.441 Rec=68.821 Prec=72.300
Train Client5 [3/200] LR=0.0005000 loss=0.517 ACC=91.288 F1=74.484 Rec=74.550 Prec=74.467
Train Client6 [3/200] LR=0.0005000 loss=0.779 ACC=91.071 F1=80.083 Rec=84.737 Prec=76.528
Train Client7 [3/200] LR=0.0005000 loss=0.662 ACC=89.509 F1=70.737 Rec=71.837 Prec=69.983

Val    [3/200] LR=0.0005000 loss=1.972 ACC=98.148 F1=97.971 Rec=98.018 Prec=97.996

Test-  OSR [3/200] LR=0.0005000 ACC=59.674 F1=64.333 Rec=83.627 Prec=52.920 UNK=0.000 OS*=97.565 HOS=0.000 AUROC=82.609 AUPR=74.770 OSCR=81.870
Test-Close [3/200] LR=0.0005000 loss=1.972 ACC=97.715 F1=97.605 Rec=97.565 Prec=97.709
Saving best model . . . . . . . .

Train Client0 [4/200] LR=0.0005000 loss=0.510 ACC=92.188 F1=75.391 Rec=75.149 Prec=75.645
Train Client1 [4/200] LR=0.0005000 loss=0.484 ACC=93.135 F1=73.327 Rec=71.885 Prec=75.405
Train Client2 [4/200] LR=0.0005000 loss=0.530 ACC=88.953 F1=66.775 Rec=66.190 Prec=67.617
Train Client3 [4/200] LR=0.0005000 loss=0.506 ACC=91.500 F1=71.151 Rec=69.585 Prec=72.961
Train Client4 [4/200] LR=0.0005000 loss=0.368 ACC=93.040 F1=72.854 Rec=72.186 Prec=74.092
Train Client5 [4/200] LR=0.0005000 loss=0.479 ACC=92.803 F1=86.421 Rec=92.059 Prec=83.572
Train Client6 [4/200] LR=0.0005000 loss=0.819 ACC=86.607 F1=74.554 Rec=79.066 Prec=77.111
Train Client7 [4/200] LR=0.0005000 loss=0.874 ACC=84.152 F1=67.167 Rec=79.167 Prec=69.005

Val    [4/200] LR=0.0005000 loss=1.970 ACC=98.457 F1=98.335 Rec=98.310 Prec=98.404

Test-  OSR [4/200] LR=0.0005000 ACC=60.233 F1=65.553 Rec=84.495 Prec=54.187 UNK=0.000 OS*=98.578 HOS=0.000 AUROC=80.705 AUPR=75.018 OSCR=80.192
Test-Close [4/200] LR=0.0005000 loss=1.978 ACC=98.629 F1=98.599 Rec=98.578 Prec=98.647
Train Client0 [5/200] LR=0.0005000 loss=0.381 ACC=93.438 F1=74.136 Rec=74.981 Prec=73.468
Train Client1 [5/200] LR=0.0005000 loss=0.481 ACC=90.984 F1=68.133 Rec=67.697 Prec=68.614
Train Client2 [5/200] LR=0.0005000 loss=0.492 ACC=90.407 F1=75.462 Rec=72.371 Prec=79.924
Train Client3 [5/200] LR=0.0005000 loss=0.417 ACC=94.250 F1=83.095 Rec=91.644 Prec=80.172
Train Client4 [5/200] LR=0.0005000 loss=0.401 ACC=91.903 F1=67.267 Rec=69.394 Prec=65.621
Train Client5 [5/200] LR=0.0005000 loss=0.277 ACC=94.508 F1=94.446 Rec=93.852 Prec=95.123
Train Client6 [5/200] LR=0.0005000 loss=0.823 ACC=86.607 F1=78.980 Rec=92.924 Prec=74.280
Train Client7 [5/200] LR=0.0005000 loss=0.631 ACC=89.732 F1=70.710 Rec=70.577 Prec=70.897

Val    [5/200] LR=0.0005000 loss=1.982 ACC=96.451 F1=96.180 Rec=96.088 Prec=96.618

Test-  OSR [5/200] LR=0.0005000 ACC=59.349 F1=63.998 Rec=83.063 Prec=52.538 UNK=0.000 OS*=96.906 HOS=0.000 AUROC=81.016 AUPR=71.386 OSCR=80.210
Test-Close [5/200] LR=0.0005000 loss=1.982 ACC=97.182 F1=97.030 Rec=96.906 Prec=97.274
Train Client0 [6/200] LR=0.0005000 loss=0.352 ACC=94.219 F1=76.295 Rec=76.246 Prec=76.346
Train Client1 [6/200] LR=0.0005000 loss=0.526 ACC=91.701 F1=67.135 Rec=65.150 Prec=70.761
Train Client2 [6/200] LR=0.0005000 loss=0.619 ACC=89.971 F1=82.217 Rec=82.122 Prec=82.824
Train Client3 [6/200] LR=0.0005000 loss=0.384 ACC=92.500 F1=71.827 Rec=71.104 Prec=72.625
Train Client4 [6/200] LR=0.0005000 loss=0.297 ACC=94.318 F1=74.209 Rec=71.285 Prec=82.800
Train Client5 [6/200] LR=0.0005000 loss=0.293 ACC=95.455 F1=89.650 Rec=94.859 Prec=87.233
Train Client6 [6/200] LR=0.0005000 loss=1.191 ACC=82.143 F1=70.293 Rec=80.763 Prec=70.724
Train Client7 [6/200] LR=0.0005000 loss=0.697 ACC=88.616 F1=70.154 Rec=70.413 Prec=70.027

Val    [6/200] LR=0.0005000 loss=1.928 ACC=97.994 F1=97.999 Rec=97.813 Prec=98.260

Test-  OSR [6/200] LR=0.0005000 ACC=59.674 F1=65.142 Rec=83.613 Prec=54.411 UNK=0.000 OS*=97.548 HOS=0.000 AUROC=79.172 AUPR=73.597 OSCR=78.427
Test-Close [6/200] LR=0.0005000 loss=1.936 ACC=97.715 F1=97.718 Rec=97.548 Prec=97.958
Train Client0 [7/200] LR=0.0005000 loss=0.400 ACC=93.750 F1=72.977 Rec=73.015 Prec=72.944
Train Client1 [7/200] LR=0.0005000 loss=0.378 ACC=94.672 F1=84.369 Rec=80.776 Prec=93.601
Train Client2 [7/200] LR=0.0005000 loss=0.427 ACC=91.860 F1=84.727 Rec=83.371 Prec=86.309
Train Client3 [7/200] LR=0.0005000 loss=0.512 ACC=91.250 F1=71.396 Rec=72.216 Prec=70.850
Train Client4 [7/200] LR=0.0005000 loss=0.254 ACC=94.886 F1=79.536 Rec=78.991 Prec=82.097
Train Client5 [7/200] LR=0.0005000 loss=0.301 ACC=95.644 F1=78.278 Rec=77.644 Prec=79.047
Train Client6 [7/200] LR=0.0005000 loss=0.732 ACC=87.500 F1=78.645 Rec=89.427 Prec=74.127
Train Client7 [7/200] LR=0.0005000 loss=0.472 ACC=91.295 F1=76.700 Rec=89.874 Prec=74.921

Val    [7/200] LR=0.0005000 loss=1.914 ACC=98.148 F1=97.999 Rec=97.987 Prec=98.107

Test-  OSR [7/200] LR=0.0005000 ACC=60.279 F1=64.323 Rec=84.536 Prec=52.712 UNK=0.000 OS*=98.625 HOS=0.000 AUROC=87.540 AUPR=81.770 OSCR=87.196
Test-Close [7/200] LR=0.0005000 loss=1.908 ACC=98.705 F1=98.638 Rec=98.625 Prec=98.682
Saving best model . . . . . . . .

Train Client0 [8/200] LR=0.0005000 loss=0.288 ACC=95.625 F1=76.614 Rec=76.550 Prec=76.689
Train Client1 [8/200] LR=0.0005000 loss=0.381 ACC=93.340 F1=71.445 Rec=70.444 Prec=72.662
Train Client2 [8/200] LR=0.0005000 loss=0.319 ACC=94.622 F1=83.674 Rec=82.553 Prec=85.032
Train Client3 [8/200] LR=0.0005000 loss=0.347 ACC=94.000 F1=89.892 Rec=88.885 Prec=91.113
Train Client4 [8/200] LR=0.0005000 loss=0.193 ACC=95.312 F1=74.837 Rec=75.127 Prec=74.777
Train Client5 [8/200] LR=0.0005000 loss=0.266 ACC=95.833 F1=78.880 Rec=79.382 Prec=78.427
Train Client6 [8/200] LR=0.0005000 loss=0.758 ACC=88.393 F1=77.029 Rec=88.457 Prec=74.865
Train Client7 [8/200] LR=0.0005000 loss=0.356 ACC=93.750 F1=79.834 Rec=91.973 Prec=78.567

Val    [8/200] LR=0.0005000 loss=1.875 ACC=99.074 F1=98.994 Rec=98.976 Prec=99.024

Test-  OSR [8/200] LR=0.0005000 ACC=60.372 F1=65.418 Rec=84.702 Prec=54.727 UNK=0.000 OS*=98.819 HOS=0.000 AUROC=84.854 AUPR=79.706 OSCR=84.547
Test-Close [8/200] LR=0.0005000 loss=1.881 ACC=98.858 F1=98.810 Rec=98.819 Prec=98.807
Train Client0 [9/200] LR=0.0005000 loss=0.302 ACC=94.688 F1=89.946 Rec=90.265 Prec=89.660
Train Client1 [9/200] LR=0.0005000 loss=0.370 ACC=93.443 F1=81.686 Rec=77.743 Prec=91.458
Train Client2 [9/200] LR=0.0005000 loss=0.406 ACC=91.860 F1=83.139 Rec=83.157 Prec=83.200
Train Client3 [9/200] LR=0.0005000 loss=0.378 ACC=92.000 F1=74.806 Rec=74.904 Prec=74.863
Train Client4 [9/200] LR=0.0005000 loss=0.188 ACC=96.449 F1=85.214 Rec=83.495 Prec=87.852
Train Client5 [9/200] LR=0.0005000 loss=0.298 ACC=96.212 F1=78.069 Rec=78.278 Prec=77.908
Train Client6 [9/200] LR=0.0005000 loss=0.714 ACC=85.714 F1=78.980 Rec=91.075 Prec=76.068
Train Client7 [9/200] LR=0.0005000 loss=0.335 ACC=95.536 F1=83.588 Rec=95.208 Prec=81.924

Val    [9/200] LR=0.0005000 loss=1.882 ACC=98.920 F1=98.901 Rec=98.810 Prec=99.012

Test-  OSR [9/200] LR=0.0005000 ACC=60.186 F1=65.471 Rec=84.426 Prec=54.427 UNK=0.000 OS*=98.497 HOS=0.000 AUROC=84.119 AUPR=78.742 OSCR=83.723
Test-Close [9/200] LR=0.0005000 loss=1.878 ACC=98.553 F1=98.491 Rec=98.497 Prec=98.505
Train Client0 [10/200] LR=0.0005000 loss=0.312 ACC=95.625 F1=93.178 Rec=92.805 Prec=93.585
Train Client1 [10/200] LR=0.0005000 loss=0.313 ACC=94.672 F1=88.545 Rec=86.451 Prec=91.765
Train Client2 [10/200] LR=0.0005000 loss=0.343 ACC=94.767 F1=88.213 Rec=87.507 Prec=89.248
Train Client3 [10/200] LR=0.0005000 loss=0.241 ACC=93.750 F1=74.771 Rec=74.280 Prec=75.570
Train Client4 [10/200] LR=0.0005000 loss=0.253 ACC=94.460 F1=73.709 Rec=74.044 Prec=73.643
Train Client5 [10/200] LR=0.0005000 loss=0.229 ACC=96.023 F1=78.340 Rec=78.270 Prec=78.410
Train Client6 [10/200] LR=0.0005000 loss=0.925 ACC=85.714 F1=72.549 Rec=82.350 Prec=68.912
Train Client7 [10/200] LR=0.0005000 loss=0.401 ACC=94.196 F1=78.090 Rec=78.562 Prec=77.719

Val    [10/200] LR=0.0005000 loss=1.879 ACC=99.228 F1=99.147 Rec=99.159 Prec=99.146

Test-  OSR [10/200] LR=0.0005000 ACC=60.372 F1=64.488 Rec=84.702 Prec=53.224 UNK=0.000 OS*=98.819 HOS=0.000 AUROC=82.811 AUPR=78.124 OSCR=82.501
Test-Close [10/200] LR=0.0005000 loss=1.879 ACC=98.858 F1=98.778 Rec=98.819 Prec=98.740
Train Client0 [11/200] LR=0.0005000 loss=0.274 ACC=95.938 F1=94.419 Rec=93.668 Prec=95.234
Train Client1 [11/200] LR=0.0005000 loss=0.363 ACC=93.648 F1=75.252 Rec=75.373 Prec=75.133
Train Client2 [11/200] LR=0.0005000 loss=0.256 ACC=95.058 F1=90.901 Rec=90.256 Prec=91.643
Train Client3 [11/200] LR=0.0005000 loss=0.103 ACC=98.500 F1=92.223 Rec=97.851 Prec=89.377
Train Client4 [11/200] LR=0.0005000 loss=0.290 ACC=94.318 F1=73.973 Rec=73.310 Prec=74.850
Train Client5 [11/200] LR=0.0005000 loss=0.251 ACC=96.402 F1=80.038 Rec=79.894 Prec=80.205
Train Client6 [11/200] LR=0.0005000 loss=0.809 ACC=84.821 F1=73.630 Rec=83.564 Prec=71.180
Train Client7 [11/200] LR=0.0005000 loss=0.426 ACC=91.741 F1=77.477 Rec=90.442 Prec=76.807

Val    [11/200] LR=0.0005000 loss=1.875 ACC=99.383 F1=99.338 Rec=99.406 Prec=99.273

Test-  OSR [11/200] LR=0.0005000 ACC=60.698 F1=65.337 Rec=85.162 Prec=54.337 UNK=0.000 OS*=99.356 HOS=0.000 AUROC=85.694 AUPR=81.251 OSCR=85.509
Test-Close [11/200] LR=0.0005000 loss=1.873 ACC=99.391 F1=99.366 Rec=99.356 Prec=99.376
Train Client0 [12/200] LR=0.0005000 loss=0.259 ACC=96.250 F1=93.849 Rec=93.397 Prec=94.336
Train Client1 [12/200] LR=0.0005000 loss=0.325 ACC=94.467 F1=79.914 Rec=78.870 Prec=81.615
Train Client2 [12/200] LR=0.0005000 loss=0.334 ACC=93.023 F1=83.750 Rec=83.485 Prec=84.378
Train Client3 [12/200] LR=0.0005000 loss=0.223 ACC=97.250 F1=79.754 Rec=80.047 Prec=79.520
Train Client4 [12/200] LR=0.0005000 loss=0.204 ACC=96.023 F1=76.451 Rec=79.348 Prec=74.858
Train Client5 [12/200] LR=0.0005000 loss=0.165 ACC=97.348 F1=96.658 Rec=96.402 Prec=96.951
Train Client6 [12/200] LR=0.0005000 loss=0.709 ACC=86.607 F1=76.318 Rec=88.632 Prec=72.298
Train Client7 [12/200] LR=0.0005000 loss=0.279 ACC=94.196 F1=93.021 Rec=93.208 Prec=92.873

Val    [12/200] LR=0.0005000 loss=1.866 ACC=99.074 F1=99.044 Rec=99.062 Prec=99.033

Test-  OSR [12/200] LR=0.0005000 ACC=60.465 F1=64.692 Rec=84.813 Prec=53.427 UNK=0.000 OS*=98.948 HOS=0.000 AUROC=87.526 AUPR=83.897 OSCR=87.266
Test-Close [12/200] LR=0.0005000 loss=1.865 ACC=99.010 F1=98.999 Rec=98.948 Prec=99.060
Saving best model . . . . . . . .

Train Client0 [13/200] LR=0.0005000 loss=0.312 ACC=95.781 F1=93.615 Rec=94.682 Prec=92.796
Train Client1 [13/200] LR=0.0005000 loss=0.337 ACC=94.467 F1=82.995 Rec=83.751 Prec=82.309
Train Client2 [13/200] LR=0.0005000 loss=0.303 ACC=93.750 F1=90.745 Rec=91.117 Prec=90.458
Train Client3 [13/200] LR=0.0005000 loss=0.319 ACC=96.250 F1=85.344 Rec=94.845 Prec=83.370
Train Client4 [13/200] LR=0.0005000 loss=0.139 ACC=96.733 F1=87.619 Rec=92.424 Prec=84.529
Train Client5 [13/200] LR=0.0005000 loss=0.239 ACC=96.780 F1=79.408 Rec=79.129 Prec=79.778
Train Client6 [13/200] LR=0.0005000 loss=0.752 ACC=85.714 F1=76.705 Rec=87.409 Prec=72.847
Train Client7 [13/200] LR=0.0005000 loss=0.451 ACC=92.857 F1=75.649 Rec=75.084 Prec=76.318

Val    [13/200] LR=0.0005000 loss=1.873 ACC=98.920 F1=98.853 Rec=98.899 Prec=98.819

Test-  OSR [13/200] LR=0.0005000 ACC=60.372 F1=64.363 Rec=84.755 Prec=53.289 UNK=0.000 OS*=98.881 HOS=0.000 AUROC=85.349 AUPR=81.051 OSCR=85.051
Test-Close [13/200] LR=0.0005000 loss=1.872 ACC=98.858 F1=98.810 Rec=98.881 Prec=98.746
Train Client0 [14/200] LR=0.0005000 loss=0.292 ACC=95.000 F1=75.504 Rec=74.696 Prec=76.418
Train Client1 [14/200] LR=0.0005000 loss=0.364 ACC=92.418 F1=78.639 Rec=75.762 Prec=87.079
Train Client2 [14/200] LR=0.0005000 loss=0.372 ACC=93.895 F1=87.314 Rec=86.586 Prec=88.126
Train Client3 [14/200] LR=0.0005000 loss=0.344 ACC=94.750 F1=75.964 Rec=75.243 Prec=76.900
Train Client4 [14/200] LR=0.0005000 loss=0.186 ACC=96.023 F1=79.054 Rec=79.120 Prec=78.988
Train Client5 [14/200] LR=0.0005000 loss=0.213 ACC=96.970 F1=79.843 Rec=80.105 Prec=79.594
Train Client6 [14/200] LR=0.0005000 loss=0.750 ACC=89.286 F1=83.623 Rec=93.343 Prec=77.130
Train Client7 [14/200] LR=0.0005000 loss=0.492 ACC=92.857 F1=78.757 Rec=92.212 Prec=77.210

Val    [14/200] LR=0.0005000 loss=1.874 ACC=99.074 F1=99.019 Rec=99.065 Prec=98.981

Test-  OSR [14/200] LR=0.0005000 ACC=60.651 F1=64.580 Rec=85.148 Prec=53.052 UNK=0.000 OS*=99.339 HOS=0.000 AUROC=86.329 AUPR=83.373 OSCR=86.064
Test-Close [14/200] LR=0.0005000 loss=1.867 ACC=99.315 F1=99.291 Rec=99.339 Prec=99.250
Train Client0 [15/200] LR=0.0005000 loss=0.392 ACC=96.094 F1=94.136 Rec=93.903 Prec=94.376
