Logging to: ./logs/ISIC_Finetune_K5_U3_seed0_20260528_164536.log
==> Preparing data..
Known class list: [6 2 1 7 3] Unknown class list [0 5 4]
Total selected images: 25331
Train: 17731, Val: 2533, Test: 5067
Train class distribution: [(0, 3132), (1, 8985), (2, 2364), (3, 607), (4, 1858), (5, 156), (6, 177), (7, 452)]
{6: 0, 2: 1, 1: 2, 7: 3, 3: 4} {0: 5, 5: 6, 4: 7}
Known origin: [6 2 1 7 3] , new: [0 1 2 3 4]
Unknown origin: [0 5 4] , new: [5 6 7]
Known/Unknown in Train: 12585/5146
Known/Unknown in Val:   1792/741
Known/Unknown in Test:  3569/1498
Client0 sample num: 656
Client1 sample num: 2734
Client2 sample num: 5544
Client3 sample num: 351
Client4 sample num: 1294
Client5 sample num: 1259
Client6 sample num: 200
Client7 sample num: 547

>>> Setting up
==> Building [Resnet18] model..
154
154
154
154
154
154
154
154
154
154
154
154
154
154
154
154
154
154
Train Client0 [0/30] LR=0.0001000 loss=23.947 ACC=43.140 F1=33.992 Rec=28.333 Prec=50.705
Train Client1 [0/30] LR=0.0001000 loss=7.939 ACC=85.191 F1=47.203 Rec=46.077 Prec=53.580
Train Client2 [0/30] LR=0.0001000 loss=1.868 ACC=97.475 F1=48.554 Rec=42.422 Prec=65.408
Train Client3 [0/30] LR=0.0001000 loss=16.674 ACC=84.884 F1=53.424 Rec=52.366 Prec=64.882
Train Client4 [0/30] LR=0.0001000 loss=7.679 ACC=94.953 F1=43.721 Rec=41.335 Prec=65.113
Train Client5 [0/30] LR=0.0001000 loss=8.713 ACC=89.172 F1=49.972 Rec=45.660 Prec=58.828
Train Client6 [0/30] LR=0.0001000 loss=21.279 ACC=66.000 F1=39.212 Rec=41.292 Prec=44.646
Train Client7 [0/30] LR=0.0001000 loss=18.516 ACC=59.743 F1=58.952 Rec=60.905 Prec=65.294

Test-  OSR [0/30] LR=0.0001000 ACC=59.088 F1=35.209 Rec=39.849 Prec=36.038 UNK=0.000 OS*=47.818 HOS=0.000 AUROC=62.375 AUPR=35.714 OSCR=59.003
Test-Close [0/30] LR=0.0001000 loss=2.237 ACC=83.889 F1=49.092 Rec=47.818 Prec=58.888

Saving best model . . . . . . . .

Train Client0 [1/30] LR=0.0001000 loss=12.829 ACC=23.171 F1=19.150 Rec=13.086 Prec=43.011
Train Client1 [1/30] LR=0.0001000 loss=2.311 ACC=83.321 F1=42.352 Rec=41.022 Prec=55.453
