Logging to: ./logs/ISIC_Finetune_K5_U3_seed0_20260616_143227.log
==> Preparing data..
Known class list: [6 2 1 7 3] Unknown class list [0 5 4]
Total selected images: 25331
Train: 17731, Val: 2533, Test: 5067
Train class distribution: [(0, 3132), (1, 8985), (2, 2364), (3, 607), (4, 1858), (5, 156), (6, 177), (7, 452)]
{6: 0, 2: 1, 1: 2, 7: 3, 3: 4} {0: 5, 5: 6, 4: 7}
Known origin: [6 2 1 7 3] , new: [0 1 2 3 4]
Unknown origin: [0 5 4] , new: [5 6 7]
Known/Unknown in Train: 12585/5146
Known/Unknown in Val:   1792/741
Known/Unknown in Test:  3569/1498
Client0 sample num: 656
Client1 sample num: 2734
Client2 sample num: 5544
Client3 sample num: 351
Client4 sample num: 1294
Client5 sample num: 1259
Client6 sample num: 200
Client7 sample num: 547

>>> Setting up
==> Using device: cuda:1
==> Building [Resnet18] model..
154
154
154
154
154
154
154
154
154
154
154
154
154
154
154
154
154
154
Train Client0 [0/30] LR=0.0001000 loss=23.947 ACC=43.140 F1=33.992 Rec=28.333 Prec=50.705
Train Client1 [0/30] LR=0.0001000 loss=7.939 ACC=85.191 F1=47.203 Rec=46.077 Prec=53.580
Train Client2 [0/30] LR=0.0001000 loss=1.868 ACC=97.475 F1=48.554 Rec=42.422 Prec=65.408
Train Client3 [0/30] LR=0.0001000 loss=16.674 ACC=84.884 F1=53.424 Rec=52.366 Prec=64.882
Train Client4 [0/30] LR=0.0001000 loss=7.679 ACC=94.953 F1=43.721 Rec=41.335 Prec=65.113
Train Client5 [0/30] LR=0.0001000 loss=8.713 ACC=89.172 F1=49.972 Rec=45.660 Prec=58.828
Train Client6 [0/30] LR=0.0001000 loss=21.279 ACC=66.000 F1=39.212 Rec=41.292 Prec=44.646
Train Client7 [0/30] LR=0.0001000 loss=18.516 ACC=59.743 F1=58.952 Rec=60.905 Prec=65.294

Test-  OSR [0/30] LR=0.0001000 ACC=59.088 F1=35.209 Rec=39.849 Prec=36.038 UNK=0.000 OS*=47.818 HOS=0.000 AUROC=62.375 AUPR=35.714 OSCR=59.003
Test-Close [0/30] LR=0.0001000 loss=2.237 ACC=83.889 F1=49.092 Rec=47.818 Prec=58.888

Saving best model . . . . . . . .

Train Client0 [1/30] LR=0.0001000 loss=12.829 ACC=23.171 F1=19.150 Rec=13.086 Prec=43.011
Train Client1 [1/30] LR=0.0001000 loss=2.311 ACC=83.321 F1=42.352 Rec=41.022 Prec=55.453
Train Client2 [1/30] LR=0.0001000 loss=0.240 ACC=97.781 F1=57.803 Rec=51.222 Prec=68.636
Train Client3 [1/30] LR=0.0001000 loss=1.916 ACC=81.977 F1=46.078 Rec=48.952 Prec=72.200
Train Client4 [1/30] LR=0.0001000 loss=0.710 ACC=94.720 F1=39.826 Rec=37.386 Prec=43.336
Train Client5 [1/30] LR=0.0001000 loss=1.023 ACC=89.650 F1=52.266 Rec=48.485 Prec=59.981
Train Client6 [1/30] LR=0.0001000 loss=4.875 ACC=60.000 F1=30.113 Rec=35.209 Prec=37.821
Train Client7 [1/30] LR=0.0001000 loss=5.481 ACC=51.287 F1=48.868 Rec=53.153 Prec=62.067

Test-  OSR [1/30] LR=0.0001000 ACC=57.963 F1=33.966 Rec=36.168 Prec=38.472 UNK=10.347 OS*=41.332 HOS=16.551 AUROC=62.272 AUPR=34.945 OSCR=58.437
Test-Close [1/30] LR=0.0001000 loss=2.494 ACC=83.048 F1=47.771 Rec=48.450 Prec=48.375

Train Client0 [2/30] LR=0.0001000 loss=9.356 ACC=26.220 F1=23.626 Rec=17.581 Prec=39.769
Train Client1 [2/30] LR=0.0001000 loss=1.493 ACC=86.107 F1=47.008 Rec=44.966 Prec=61.876
Train Client2 [2/30] LR=0.0001000 loss=0.221 ACC=97.781 F1=56.572 Rec=52.602 Prec=61.865
Train Client3 [2/30] LR=0.0001000 loss=1.224 ACC=84.302 F1=51.565 Rec=54.218 Prec=62.282
Train Client4 [2/30] LR=0.0001000 loss=0.447 ACC=95.419 F1=42.264 Rec=42.395 Prec=43.187
Train Client5 [2/30] LR=0.0001000 loss=0.765 ACC=90.764 F1=57.955 Rec=54.856 Prec=62.455
Train Client6 [2/30] LR=0.0001000 loss=3.018 ACC=61.500 F1=34.850 Rec=38.727 Prec=41.944
Train Client7 [2/30] LR=0.0001000 loss=3.065 ACC=63.051 F1=43.108 Rec=44.526 Prec=47.645

Test-  OSR [2/30] LR=0.0001000 ACC=58.259 F1=32.353 Rec=36.811 Prec=36.717 UNK=19.493 OS*=40.274 HOS=26.271 AUROC=61.866 AUPR=35.364 OSCR=56.694
Test-Close [2/30] LR=0.0001000 loss=2.746 ACC=82.208 F1=46.236 Rec=51.642 Prec=52.300

Train Client0 [3/30] LR=0.0001000 loss=7.747 ACC=36.738 F1=29.142 Rec=23.840 Prec=40.272
Train Client1 [3/30] LR=0.0001000 loss=1.405 ACC=86.400 F1=48.497 Rec=47.147 Prec=59.922
Train Client2 [3/30] LR=0.0001000 loss=0.222 ACC=97.691 F1=56.482 Rec=52.584 Prec=61.733
Train Client3 [3/30] LR=0.0001000 loss=1.162 ACC=84.884 F1=47.729 Rec=47.099 Prec=50.309
Train Client4 [3/30] LR=0.0001000 loss=0.419 ACC=95.807 F1=53.258 Rec=52.457 Prec=68.396
Train Client5 [3/30] LR=0.0001000 loss=0.731 ACC=90.287 F1=57.860 Rec=55.791 Prec=60.285
Train Client6 [3/30] LR=0.0001000 loss=2.833 ACC=63.000 F1=33.422 Rec=36.876 Prec=41.009
Train Client7 [3/30] LR=0.0001000 loss=3.018 ACC=59.375 F1=59.609 Rec=61.520 Prec=61.969

Test-  OSR [3/30] LR=0.0001000 ACC=57.983 F1=32.568 Rec=36.815 Prec=35.323 UNK=17.490 OS*=40.681 HOS=24.463 AUROC=61.353 AUPR=35.339 OSCR=55.841
Test-Close [3/30] LR=0.0001000 loss=3.037 ACC=81.620 F1=46.056 Rec=51.732 Prec=50.208

Train Client0 [4/30] LR=0.0001000 loss=5.938 ACC=42.988 F1=32.887 Rec=26.941 Prec=43.789
Train Client1 [4/30] LR=0.0001000 loss=1.362 ACC=87.207 F1=49.427 Rec=48.523 Prec=59.705
Train Client2 [4/30] LR=0.0001000 loss=0.272 ACC=97.799 F1=58.713 Rec=54.755 Prec=63.753
Train Client3 [4/30] LR=0.0001000 loss=1.143 ACC=85.465 F1=49.680 Rec=49.536 Prec=58.238
Train Client4 [4/30] LR=0.0001000 loss=0.408 ACC=95.885 F1=45.238 Rec=46.854 Prec=63.012
Train Client5 [4/30] LR=0.0001000 loss=0.719 ACC=90.525 F1=58.024 Rec=56.357 Prec=60.261
Train Client6 [4/30] LR=0.0001000 loss=2.942 ACC=64.000 F1=34.494 Rec=37.998 Prec=40.403
Train Client7 [4/30] LR=0.0001000 loss=2.934 ACC=61.581 F1=50.003 Rec=63.586 Prec=50.422

Test-  OSR [4/30] LR=0.0001000 ACC=57.687 F1=32.703 Rec=35.537 Prec=36.124 UNK=15.087 OS*=39.627 HOS=21.854 AUROC=60.852 AUPR=34.646 OSCR=55.763
Test-Close [4/30] LR=0.0001000 loss=2.875 ACC=81.395 F1=46.368 Rec=50.332 Prec=44.969

Train Client0 [5/30] LR=0.0001000 loss=6.128 ACC=43.140 F1=35.852 Rec=30.391 Prec=64.036
Train Client1 [5/30] LR=0.0001000 loss=1.250 ACC=87.317 F1=49.421 Rec=47.326 Prec=58.472
Train Client2 [5/30] LR=0.0001000 loss=0.220 ACC=97.691 F1=53.986 Rec=49.227 Prec=61.131
Train Client3 [5/30] LR=0.0001000 loss=1.095 ACC=84.884 F1=52.178 Rec=54.893 Prec=60.261
Train Client4 [5/30] LR=0.0001000 loss=0.413 ACC=95.109 F1=44.567 Rec=44.624 Prec=63.030
Train Client5 [5/30] LR=0.0001000 loss=0.723 ACC=90.366 F1=55.986 Rec=53.096 Prec=59.704
Train Client6 [5/30] LR=0.0001000 loss=2.711 ACC=66.500 F1=43.269 Rec=47.616 Prec=46.777
Train Client7 [5/30] LR=0.0001000 loss=3.359 ACC=59.007 F1=51.723 Rec=60.404 Prec=51.453

Test-  OSR [5/30] LR=0.0001000 ACC=58.555 F1=31.444 Rec=37.279 Prec=35.450 UNK=16.021 OS*=41.531 HOS=23.123 AUROC=61.286 AUPR=35.845 OSCR=55.614
Test-Close [5/30] LR=0.0001000 loss=2.976 ACC=81.816 F1=44.574 Rec=50.879 Prec=52.619

Train Client0 [6/30] LR=0.0001000 loss=6.744 ACC=40.091 F1=33.996 Rec=28.649 Prec=43.869
Train Client1 [6/30] LR=0.0001000 loss=1.397 ACC=86.510 F1=49.580 Rec=48.034 Prec=59.825
Train Client2 [6/30] LR=0.0001000 loss=0.258 ACC=97.944 F1=59.295 Rec=56.010 Prec=63.313
Train Client3 [6/30] LR=0.0001000 loss=1.621 ACC=85.174 F1=50.446 Rec=49.202 Prec=71.989
Train Client4 [6/30] LR=0.0001000 loss=0.624 ACC=95.652 F1=49.954 Rec=52.625 Prec=49.098
Train Client5 [6/30] LR=0.0001000 loss=0.924 ACC=90.525 F1=55.860 Rec=52.970 Prec=59.531
Train Client6 [6/30] LR=0.0001000 loss=3.341 ACC=63.000 F1=38.725 Rec=43.925 Prec=43.474
Train Client7 [6/30] LR=0.0001000 loss=3.771 ACC=58.824 F1=51.641 Rec=60.499 Prec=53.239

Test-  OSR [6/30] LR=0.0001000 ACC=53.385 F1=23.271 Rec=30.150 Prec=34.251 UNK=10.614 OS*=34.058 HOS=16.184 AUROC=58.481 AUPR=32.439 OSCR=51.474
Test-Close [6/30] LR=0.0001000 loss=3.923 ACC=75.848 F1=36.457 Rec=42.915 Prec=48.206

Train Client0 [7/30] LR=0.0001000 loss=6.599 ACC=47.256 F1=36.786 Rec=34.795 Prec=42.307
Train Client1 [7/30] LR=0.0001000 loss=1.390 ACC=86.144 F1=47.800 Rec=46.426 Prec=56.818
Train Client2 [7/30] LR=0.0001000 loss=0.205 ACC=97.908 F1=59.508 Rec=55.487 Prec=64.762
Train Client3 [7/30] LR=0.0001000 loss=1.245 ACC=86.628 F1=56.052 Rec=56.803 Prec=64.896
Train Client4 [7/30] LR=0.0001000 loss=0.425 ACC=95.419 F1=45.461 Rec=45.386 Prec=45.749
Train Client5 [7/30] LR=0.0001000 loss=0.724 ACC=90.207 F1=57.136 Rec=54.799 Prec=59.903
Train Client6 [7/30] LR=0.0001000 loss=2.992 ACC=62.500 F1=37.166 Rec=42.273 Prec=43.352
Train Client7 [7/30] LR=0.0001000 loss=3.469 ACC=61.949 F1=53.387 Rec=61.489 Prec=54.837

Test-  OSR [7/30] LR=0.0001000 ACC=53.720 F1=24.083 Rec=30.920 Prec=34.005 UNK=12.083 OS*=34.687 HOS=17.923 AUROC=59.613 AUPR=33.120 OSCR=51.691
Test-Close [7/30] LR=0.0001000 loss=4.120 ACC=76.072 F1=38.380 Rec=44.556 Prec=47.283

Train Client0 [8/30] LR=0.0001000 loss=6.584 ACC=43.902 F1=38.281 Rec=34.395 Prec=61.673
Train Client1 [8/30] LR=0.0001000 loss=1.355 ACC=87.060 F1=48.755 Rec=46.616 Prec=60.363
Train Client2 [8/30] LR=0.0001000 loss=0.192 ACC=97.872 F1=58.774 Rec=54.799 Prec=63.837
Train Client3 [8/30] LR=0.0001000 loss=0.964 ACC=85.465 F1=52.354 Rec=51.323 Prec=56.432
Train Client4 [8/30] LR=0.0001000 loss=0.372 ACC=95.963 F1=47.996 Rec=47.764 Prec=58.147
Train Client5 [8/30] LR=0.0001000 loss=0.702 ACC=90.605 F1=57.960 Rec=56.992 Prec=59.039
Train Client6 [8/30] LR=0.0001000 loss=2.081 ACC=71.500 F1=46.376 Rec=48.211 Prec=49.044
Train Client7 [8/30] LR=0.0001000 loss=3.260 ACC=62.316 F1=62.302 Rec=63.555 Prec=64.165

Test-  OSR [8/30] LR=0.0001000 ACC=56.069 F1=26.094 Rec=31.442 Prec=35.942 UNK=13.952 OS*=34.940 HOS=19.941 AUROC=59.834 AUPR=33.222 OSCR=54.922
Test-Close [8/30] LR=0.0001000 loss=3.107 ACC=79.014 F1=41.161 Rec=44.566 Prec=49.430

Train Client0 [9/30] LR=0.0001000 loss=6.401 ACC=44.970 F1=34.840 Rec=33.686 Prec=39.657
Train Client1 [9/30] LR=0.0001000 loss=1.250 ACC=87.867 F1=52.163 Rec=49.242 Prec=62.723
Train Client2 [9/30] LR=0.0001000 loss=0.198 ACC=97.872 F1=59.713 Rec=58.127 Prec=61.954
Train Client3 [9/30] LR=0.0001000 loss=1.125 ACC=86.047 F1=55.008 Rec=52.031 Prec=63.612
Train Client4 [9/30] LR=0.0001000 loss=0.413 ACC=95.342 F1=45.773 Rec=42.621 Prec=57.184
Train Client5 [9/30] LR=0.0001000 loss=0.696 ACC=91.162 F1=60.297 Rec=58.199 Prec=62.887
Train Client6 [9/30] LR=0.0001000 loss=2.454 ACC=66.000 F1=38.633 Rec=42.973 Prec=42.117
Train Client7 [9/30] LR=0.0001000 loss=3.106 ACC=61.397 F1=47.996 Rec=62.459 Prec=47.703

Test-  OSR [9/30] LR=0.0001000 ACC=55.852 F1=27.438 Rec=30.724 Prec=32.336 UNK=15.487 OS*=33.772 HOS=21.236 AUROC=60.010 AUPR=33.239 OSCR=55.090
Test-Close [9/30] LR=0.0001000 loss=3.325 ACC=77.977 F1=40.944 Rec=43.082 Prec=53.499

Train Client0 [10/30] LR=0.0001000 loss=5.540 ACC=48.933 F1=36.708 Rec=34.832 Prec=41.073
Train Client1 [10/30] LR=0.0001000 loss=1.241 ACC=87.867 F1=51.189 Rec=48.725 Prec=66.737
Train Client2 [10/30] LR=0.0001000 loss=0.204 ACC=97.854 F1=58.499 Rec=55.505 Prec=62.092
Train Client3 [10/30] LR=0.0001000 loss=1.052 ACC=85.756 F1=54.255 Rec=55.981 Prec=59.103
Train Client4 [10/30] LR=0.0001000 loss=0.453 ACC=94.643 F1=42.314 Rec=40.293 Prec=53.715
Train Client5 [10/30] LR=0.0001000 loss=0.708 ACC=90.924 F1=59.147 Rec=58.541 Prec=60.164
Train Client6 [10/30] LR=0.0001000 loss=2.405 ACC=66.000 F1=39.653 Rec=45.527 Prec=44.873
Train Client7 [10/30] LR=0.0001000 loss=3.206 ACC=62.684 F1=62.159 Rec=63.290 Prec=65.204

Test-  OSR [10/30] LR=0.0001000 ACC=57.726 F1=30.176 Rec=31.072 Prec=38.443 UNK=18.425 OS*=33.601 HOS=23.799 AUROC=61.110 AUPR=33.612 OSCR=56.962
Test-Close [10/30] LR=0.0001000 loss=2.925 ACC=80.022 F1=44.002 Rec=42.878 Prec=52.274

Train Client0 [11/30] LR=0.0001000 loss=6.608 ACC=49.848 F1=37.639 Rec=34.047 Prec=56.560
Train Client1 [11/30] LR=0.0001000 loss=1.278 ACC=87.940 F1=52.260 Rec=49.466 Prec=65.106
Train Client2 [11/30] LR=0.0001000 loss=0.193 ACC=97.890 F1=58.453 Rec=56.424 Prec=60.940
Train Client3 [11/30] LR=0.0001000 loss=0.997 ACC=84.302 F1=49.552 Rec=48.976 Prec=52.771
Train Client4 [11/30] LR=0.0001000 loss=0.359 ACC=95.963 F1=53.499 Rec=54.899 Prec=62.999
Train Client5 [11/30] LR=0.0001000 loss=0.713 ACC=91.481 F1=61.667 Rec=59.732 Prec=63.988
Train Client6 [11/30] LR=0.0001000 loss=2.520 ACC=68.000 F1=40.456 Rec=43.146 Prec=45.631
Train Client7 [11/30] LR=0.0001000 loss=2.960 ACC=63.235 F1=63.249 Rec=64.544 Prec=65.776

Test-  OSR [11/30] LR=0.0001000 ACC=58.279 F1=33.963 Rec=33.699 Prec=39.263 UNK=18.892 OS*=36.661 HOS=24.935 AUROC=60.855 AUPR=34.195 OSCR=56.365
Test-Close [11/30] LR=0.0001000 loss=2.972 ACC=81.115 F1=48.559 Rec=47.744 Prec=55.558

Train Client0 [12/30] LR=0.0001000 loss=5.924 ACC=48.476 F1=35.769 Rec=33.053 Prec=51.405
Train Client1 [12/30] LR=0.0001000 loss=1.203 ACC=87.500 F1=49.880 Rec=47.449 Prec=63.293
Train Client2 [12/30] LR=0.0001000 loss=0.238 ACC=97.799 F1=56.324 Rec=51.674 Prec=62.782
Train Client3 [12/30] LR=0.0001000 loss=0.926 ACC=87.500 F1=56.808 Rec=54.036 Prec=63.790
Train Client4 [12/30] LR=0.0001000 loss=0.433 ACC=95.497 F1=51.545 Rec=51.018 Prec=53.103
Train Client5 [12/30] LR=0.0001000 loss=0.775 ACC=91.561 F1=58.231 Rec=55.053 Prec=62.720
Train Client6 [12/30] LR=0.0001000 loss=2.250 ACC=63.500 F1=36.086 Rec=39.773 Prec=40.217
Train Client7 [12/30] LR=0.0001000 loss=2.914 ACC=64.154 F1=64.191 Rec=65.359 Prec=67.822

Test-  OSR [12/30] LR=0.0001000 ACC=56.187 F1=26.396 Rec=31.951 Prec=36.167 UNK=19.359 OS*=34.470 HOS=24.794 AUROC=60.173 AUPR=33.270 OSCR=54.459
Test-Close [12/30] LR=0.0001000 loss=3.524 ACC=78.537 F1=41.615 Rec=45.783 Prec=47.275

Train Client0 [13/30] LR=0.0001000 loss=6.008 ACC=54.116 F1=41.761 Rec=38.491 Prec=58.827
Train Client1 [13/30] LR=0.0001000 loss=1.230 ACC=88.160 F1=51.780 Rec=49.243 Prec=62.524
Train Client2 [13/30] LR=0.0001000 loss=0.208 ACC=97.908 F1=58.061 Rec=55.285 Prec=61.470
Train Client3 [13/30] LR=0.0001000 loss=0.973 ACC=85.465 F1=56.206 Rec=54.488 Prec=59.243
Train Client4 [13/30] LR=0.0001000 loss=0.372 ACC=95.963 F1=55.704 Rec=53.336 Prec=67.120
Train Client5 [13/30] LR=0.0001000 loss=0.654 ACC=91.083 F1=59.554 Rec=57.852 Prec=61.487
Train Client6 [13/30] LR=0.0001000 loss=2.032 ACC=66.000 F1=39.077 Rec=42.295 Prec=41.966
Train Client7 [13/30] LR=0.0001000 loss=3.122 ACC=62.684 F1=55.423 Rec=63.221 Prec=54.127

Test-  OSR [13/30] LR=0.0001000 ACC=56.108 F1=29.158 Rec=32.854 Prec=37.320 UNK=16.622 OS*=36.101 HOS=22.763 AUROC=59.505 AUPR=32.628 OSCR=54.410
Test-Close [13/30] LR=0.0001000 loss=3.667 ACC=78.930 F1=42.912 Rec=46.281 Prec=49.378

Train Client0 [14/30] LR=0.0001000 loss=5.980 ACC=47.561 F1=36.623 Rec=34.689 Prec=49.348
Train Client1 [14/30] LR=0.0001000 loss=1.146 ACC=88.820 F1=53.756 Rec=50.924 Prec=65.258
Train Client2 [14/30] LR=0.0001000 loss=0.209 ACC=97.799 F1=60.799 Rec=58.185 Prec=63.975
Train Client3 [14/30] LR=0.0001000 loss=1.003 ACC=84.884 F1=52.091 Rec=52.762 Prec=56.072
Train Client4 [14/30] LR=0.0001000 loss=0.402 ACC=96.118 F1=60.883 Rec=57.725 Prec=66.661
Train Client5 [14/30] LR=0.0001000 loss=0.730 ACC=90.207 F1=56.824 Rec=54.797 Prec=59.343
Train Client6 [14/30] LR=0.0001000 loss=2.008 ACC=69.500 F1=43.294 Rec=47.536 Prec=46.777
Train Client7 [14/30] LR=0.0001000 loss=3.251 ACC=63.235 F1=56.019 Rec=64.768 Prec=55.719

Test-  OSR [14/30] LR=0.0001000 ACC=57.036 F1=33.633 Rec=31.713 Prec=46.061 UNK=17.557 OS*=34.544 HOS=23.281 AUROC=59.378 AUPR=32.539 OSCR=55.471
Test-Close [14/30] LR=0.0001000 loss=3.142 ACC=81.311 F1=49.138 Rec=46.084 Prec=57.616

Train Client0 [15/30] LR=0.0001000 loss=5.925 ACC=52.744 F1=40.464 Rec=37.768 Prec=54.578
Train Client1 [15/30] LR=0.0001000 loss=1.152 ACC=88.673 F1=52.210 Rec=48.801 Prec=63.703
Train Client2 [15/30] LR=0.0001000 loss=0.197 ACC=97.817 F1=59.719 Rec=57.653 Prec=62.680
Train Client3 [15/30] LR=0.0001000 loss=1.034 ACC=86.919 F1=52.763 Rec=52.190 Prec=70.831
Train Client4 [15/30] LR=0.0001000 loss=0.409 ACC=95.575 F1=50.260 Rec=52.389 Prec=55.190
Train Client5 [15/30] LR=0.0001000 loss=0.728 ACC=91.003 F1=59.083 Rec=57.099 Prec=61.436
Train Client6 [15/30] LR=0.0001000 loss=2.477 ACC=69.500 F1=43.366 Rec=48.716 Prec=47.684
Train Client7 [15/30] LR=0.0001000 loss=3.025 ACC=62.132 F1=62.451 Rec=63.569 Prec=63.664

Test-  OSR [15/30] LR=0.0001000 ACC=57.648 F1=34.831 Rec=32.705 Prec=54.978 UNK=19.359 OS*=35.374 HOS=25.024 AUROC=60.132 AUPR=32.800 OSCR=56.290
Test-Close [15/30] LR=0.0001000 loss=3.104 ACC=81.900 F1=49.090 Rec=47.018 Prec=54.143

Train Client0 [16/30] LR=0.0001000 loss=5.580 ACC=50.305 F1=36.688 Rec=33.652 Prec=59.448
Train Client1 [16/30] LR=0.0001000 loss=1.218 ACC=87.977 F1=52.290 Rec=50.158 Prec=63.553
Train Client2 [16/30] LR=0.0001000 loss=0.188 ACC=98.052 F1=60.839 Rec=57.906 Prec=64.340
Train Client3 [16/30] LR=0.0001000 loss=1.118 ACC=84.593 F1=49.653 Rec=45.838 Prec=62.393
Train Client4 [16/30] LR=0.0001000 loss=0.384 ACC=96.040 F1=57.575 Rec=55.401 Prec=65.900
Train Client5 [16/30] LR=0.0001000 loss=0.671 ACC=91.401 F1=60.187 Rec=58.575 Prec=61.991
Train Client6 [16/30] LR=0.0001000 loss=2.316 ACC=65.000 F1=37.846 Rec=42.547 Prec=42.170
Train Client7 [16/30] LR=0.0001000 loss=2.998 ACC=64.154 F1=64.277 Rec=65.290 Prec=65.727

Test-  OSR [16/30] LR=0.0001000 ACC=57.726 F1=35.028 Rec=34.709 Prec=41.829 UNK=14.619 OS*=38.727 HOS=21.226 AUROC=59.743 AUPR=33.012 OSCR=55.875
Test-Close [16/30] LR=0.0001000 loss=3.247 ACC=82.068 F1=48.993 Rec=49.837 Prec=53.900

Train Client0 [17/30] LR=0.0001000 loss=5.729 ACC=51.372 F1=38.179 Rec=35.061 Prec=47.739
Train Client1 [17/30] LR=0.0001000 loss=1.195 ACC=88.416 F1=51.928 Rec=49.623 Prec=61.987
Train Client2 [17/30] LR=0.0001000 loss=0.181 ACC=98.106 F1=62.003 Rec=57.787 Prec=84.220
Train Client3 [17/30] LR=0.0001000 loss=1.121 ACC=86.919 F1=57.426 Rec=53.884 Prec=65.544
Train Client4 [17/30] LR=0.0001000 loss=0.408 ACC=95.575 F1=56.451 Rec=53.536 Prec=61.609
Train Client5 [17/30] LR=0.0001000 loss=0.704 ACC=91.640 F1=60.144 Rec=57.525 Prec=63.292
Train Client6 [17/30] LR=0.0001000 loss=2.167 ACC=66.500 F1=39.104 Rec=42.814 Prec=42.911
Train Client7 [17/30] LR=0.0001000 loss=3.086 ACC=64.338 F1=43.437 Rec=44.652 Prec=46.102

Test-  OSR [17/30] LR=0.0001000 ACC=55.674 F1=34.000 Rec=34.531 Prec=59.774 UNK=15.421 OS*=38.353 HOS=21.997 AUROC=56.012 AUPR=30.851 OSCR=52.058
Test-Close [17/30] LR=0.0001000 loss=3.716 ACC=80.078 F1=47.205 Rec=48.548 Prec=50.782

Train Client0 [18/30] LR=0.0001000 loss=5.479 ACC=55.488 F1=40.973 Rec=37.426 Prec=54.231
Train Client1 [18/30] LR=0.0001000 loss=1.173 ACC=88.343 F1=51.714 Rec=49.595 Prec=61.042
Train Client2 [18/30] LR=0.0001000 loss=0.193 ACC=97.872 F1=58.514 Rec=55.242 Prec=62.761
Train Client3 [18/30] LR=0.0001000 loss=1.113 ACC=85.756 F1=49.736 Rec=47.038 Prec=53.779
Train Client4 [18/30] LR=0.0001000 loss=0.399 ACC=95.807 F1=53.646 Rec=50.447 Prec=58.726
Train Client5 [18/30] LR=0.0001000 loss=0.710 ACC=90.685 F1=57.967 Rec=55.568 Prec=60.820
Train Client6 [18/30] LR=0.0001000 loss=2.761 ACC=66.000 F1=40.253 Rec=44.719 Prec=42.883
Train Client7 [18/30] LR=0.0001000 loss=3.182 ACC=63.787 F1=63.688 Rec=64.398 Prec=66.297

Test-  OSR [18/30] LR=0.0001000 ACC=57.805 F1=36.269 Rec=37.075 Prec=48.729 UNK=16.956 OS*=41.099 HOS=24.007 AUROC=59.839 AUPR=33.040 OSCR=55.835
Test-Close [18/30] LR=0.0001000 loss=2.977 ACC=82.684 F1=50.085 Rec=53.029 Prec=53.150

Train Client0 [19/30] LR=0.0001000 loss=5.368 ACC=56.555 F1=40.236 Rec=39.083 Prec=47.483
Train Client1 [19/30] LR=0.0001000 loss=1.169 ACC=88.600 F1=54.768 Rec=52.340 Prec=62.779
Train Client2 [19/30] LR=0.0001000 loss=0.203 ACC=97.890 F1=61.676 Rec=58.869 Prec=65.061
Train Client3 [19/30] LR=0.0001000 loss=1.036 ACC=86.337 F1=55.031 Rec=54.798 Prec=56.665
Train Client4 [19/30] LR=0.0001000 loss=0.395 ACC=96.040 F1=58.744 Rec=60.955 Prec=60.822
Train Client5 [19/30] LR=0.0001000 loss=0.692 ACC=90.844 F1=57.968 Rec=56.025 Prec=60.297
Train Client6 [19/30] LR=0.0001000 loss=2.314 ACC=67.500 F1=39.541 Rec=42.933 Prec=42.704
Train Client7 [19/30] LR=0.0001000 loss=2.721 ACC=67.279 F1=60.009 Rec=67.687 Prec=59.134

Test-  OSR [19/30] LR=0.0001000 ACC=55.417 F1=31.567 Rec=31.695 Prec=58.344 UNK=14.753 OS*=35.083 HOS=20.771 AUROC=57.847 AUPR=31.397 OSCR=53.905
Test-Close [19/30] LR=0.0001000 loss=3.264 ACC=79.238 F1=47.313 Rec=45.660 Prec=53.047

Train Client0 [20/30] LR=0.0001000 loss=5.512 ACC=55.945 F1=39.992 Rec=37.608 Prec=56.226
Train Client1 [20/30] LR=0.0001000 loss=1.141 ACC=88.600 F1=54.812 Rec=51.843 Prec=63.916
Train Client2 [20/30] LR=0.0001000 loss=0.188 ACC=97.817 F1=62.291 Rec=57.466 Prec=81.962
Train Client3 [20/30] LR=0.0001000 loss=0.970 ACC=87.791 F1=61.169 Rec=59.515 Prec=66.530
Train Client4 [20/30] LR=0.0001000 loss=0.384 ACC=95.730 F1=44.834 Rec=42.325 Prec=48.564
Train Client5 [20/30] LR=0.0001000 loss=0.699 ACC=91.561 F1=59.039 Rec=56.900 Prec=61.694
Train Client6 [20/30] LR=0.0001000 loss=2.131 ACC=67.500 F1=36.871 Rec=38.568 Prec=39.569
Train Client7 [20/30] LR=0.0001000 loss=2.834 ACC=63.419 F1=54.728 Rec=65.612 Prec=52.913

Test-  OSR [20/30] LR=0.0001000 ACC=54.944 F1=34.751 Rec=33.553 Prec=53.442 UNK=17.356 OS*=36.792 HOS=23.586 AUROC=56.448 AUPR=30.656 OSCR=52.433
Test-Close [20/30] LR=0.0001000 loss=3.752 ACC=79.966 F1=48.435 Rec=48.310 Prec=51.599

Train Client0 [21/30] LR=0.0001000 loss=5.249 ACC=56.250 F1=40.033 Rec=37.999 Prec=54.878
Train Client1 [21/30] LR=0.0001000 loss=1.126 ACC=88.270 F1=56.426 Rec=53.966 Prec=66.504
Train Client2 [21/30] LR=0.0001000 loss=0.174 ACC=98.034 F1=62.586 Rec=59.110 Prec=66.848
Train Client3 [21/30] LR=0.0001000 loss=0.955 ACC=87.500 F1=63.817 Rec=64.238 Prec=66.935
Train Client4 [21/30] LR=0.0001000 loss=0.400 ACC=95.652 F1=51.301 Rec=48.645 Prec=55.412
Train Client5 [21/30] LR=0.0001000 loss=0.660 ACC=91.561 F1=60.763 Rec=58.881 Prec=63.258
Train Client6 [21/30] LR=0.0001000 loss=2.089 ACC=67.500 F1=40.071 Rec=43.063 Prec=43.751
Train Client7 [21/30] LR=0.0001000 loss=2.935 ACC=67.647 F1=60.765 Rec=68.374 Prec=60.280

Test-  OSR [21/30] LR=0.0001000 ACC=58.437 F1=38.340 Rec=37.174 Prec=51.444 UNK=20.093 OS*=40.590 HOS=26.880 AUROC=59.926 AUPR=33.264 OSCR=55.659
Test-Close [21/30] LR=0.0001000 loss=3.220 ACC=83.329 F1=52.836 Rec=52.780 Prec=56.057

Train Client0 [22/30] LR=0.0001000 loss=5.777 ACC=52.591 F1=37.698 Rec=35.587 Prec=42.455
Train Client1 [22/30] LR=0.0001000 loss=1.132 ACC=88.710 F1=50.479 Rec=47.621 Prec=63.424
Train Client2 [22/30] LR=0.0001000 loss=0.182 ACC=98.142 F1=64.677 Rec=62.864 Prec=67.004
Train Client3 [22/30] LR=0.0001000 loss=1.045 ACC=85.756 F1=48.698 Rec=45.835 Prec=56.240
Train Client4 [22/30] LR=0.0001000 loss=0.428 ACC=95.342 F1=48.456 Rec=47.650 Prec=59.220
Train Client5 [22/30] LR=0.0001000 loss=0.703 ACC=89.809 F1=56.577 Rec=54.569 Prec=59.023
Train Client6 [22/30] LR=0.0001000 loss=1.791 ACC=73.000 F1=46.425 Rec=49.982 Prec=47.361
Train Client7 [22/30] LR=0.0001000 loss=2.942 ACC=68.199 F1=68.673 Rec=69.277 Prec=70.634

Test-  OSR [22/30] LR=0.0001000 ACC=55.003 F1=34.522 Rec=33.698 Prec=55.779 UNK=19.626 OS*=36.513 HOS=25.530 AUROC=54.560 AUPR=29.886 OSCR=50.192
Test-Close [22/30] LR=0.0001000 loss=3.499 ACC=80.555 F1=51.081 Rec=51.130 Prec=54.627

Train Client0 [23/30] LR=0.0001000 loss=5.678 ACC=55.488 F1=41.997 Rec=38.597 Prec=51.831
Train Client1 [23/30] LR=0.0001000 loss=1.161 ACC=88.087 F1=54.199 Rec=52.601 Prec=61.360
Train Client2 [23/30] LR=0.0001000 loss=0.180 ACC=98.052 F1=68.747 Rec=61.843 Prec=86.959
Train Client3 [23/30] LR=0.0001000 loss=0.912 ACC=88.663 F1=58.701 Rec=57.333 Prec=61.286
Train Client4 [23/30] LR=0.0001000 loss=0.425 ACC=95.963 F1=54.388 Rec=52.775 Prec=57.584
Train Client5 [23/30] LR=0.0001000 loss=0.679 ACC=90.924 F1=59.256 Rec=57.293 Prec=61.488
Train Client6 [23/30] LR=0.0001000 loss=1.955 ACC=71.500 F1=43.650 Rec=44.914 Prec=44.299
Train Client7 [23/30] LR=0.0001000 loss=2.384 ACC=67.279 F1=66.328 Rec=66.948 Prec=66.717

Test-  OSR [23/30] LR=0.0001000 ACC=58.733 F1=36.156 Rec=37.039 Prec=47.068 UNK=21.362 OS*=40.174 HOS=27.892 AUROC=59.831 AUPR=33.271 OSCR=55.526
Test-Close [23/30] LR=0.0001000 loss=3.087 ACC=84.281 F1=53.807 Rec=55.051 Prec=56.080

Train Client0 [24/30] LR=0.0001000 loss=4.845 ACC=57.165 F1=38.652 Rec=36.689 Prec=47.524
Train Client1 [24/30] LR=0.0001000 loss=1.147 ACC=88.673 F1=51.830 Rec=49.690 Prec=61.164
Train Client2 [24/30] LR=0.0001000 loss=0.188 ACC=98.034 F1=59.431 Rec=57.410 Prec=61.968
Train Client3 [24/30] LR=0.0001000 loss=0.999 ACC=84.012 F1=51.334 Rec=50.390 Prec=57.793
Train Client4 [24/30] LR=0.0001000 loss=0.385 ACC=96.196 F1=56.877 Rec=52.968 Prec=64.063
Train Client5 [24/30] LR=0.0001000 loss=0.689 ACC=91.561 F1=59.402 Rec=58.027 Prec=61.418
Train Client6 [24/30] LR=0.0001000 loss=2.029 ACC=71.500 F1=46.699 Rec=49.650 Prec=49.411
Train Client7 [24/30] LR=0.0001000 loss=2.943 ACC=63.603 F1=62.967 Rec=63.822 Prec=64.030

Test-  OSR [24/30] LR=0.0001000 ACC=58.062 F1=37.975 Rec=36.567 Prec=61.492 UNK=22.296 OS*=39.421 HOS=28.483 AUROC=58.441 AUPR=32.381 OSCR=54.084
Test-Close [24/30] LR=0.0001000 loss=3.040 ACC=83.609 F1=53.685 Rec=53.514 Prec=56.449

Train Client0 [25/30] LR=0.0001000 loss=5.272 ACC=58.079 F1=41.561 Rec=37.695 Prec=55.297
Train Client1 [25/30] LR=0.0001000 loss=1.120 ACC=88.453 F1=51.437 Rec=48.557 Prec=60.358
Train Client2 [25/30] LR=0.0001000 loss=0.179 ACC=97.962 F1=63.224 Rec=59.508 Prec=71.433
Train Client3 [25/30] LR=0.0001000 loss=1.061 ACC=85.174 F1=51.051 Rec=51.005 Prec=54.307
Train Client4 [25/30] LR=0.0001000 loss=0.371 ACC=95.885 F1=50.194 Rec=47.267 Prec=60.612
Train Client5 [25/30] LR=0.0001000 loss=0.654 ACC=91.640 F1=61.062 Rec=59.162 Prec=63.274
Train Client6 [25/30] LR=0.0001000 loss=1.866 ACC=71.500 F1=43.261 Rec=45.722 Prec=44.087
Train Client7 [25/30] LR=0.0001000 loss=2.727 ACC=68.015 F1=67.743 Rec=68.315 Prec=68.445

Test-  OSR [25/30] LR=0.0001000 ACC=56.819 F1=36.960 Rec=33.592 Prec=54.829 UNK=18.892 OS*=36.532 HOS=24.905 AUROC=57.819 AUPR=31.461 OSCR=53.905
Test-Close [25/30] LR=0.0001000 loss=3.249 ACC=83.441 F1=52.184 Rec=51.342 Prec=55.972

Train Client0 [26/30] LR=0.0001000 loss=4.957 ACC=58.079 F1=42.377 Rec=39.389 Prec=54.792
Train Client1 [26/30] LR=0.0001000 loss=1.102 ACC=89.076 F1=55.744 Rec=53.889 Prec=63.781
Train Client2 [26/30] LR=0.0001000 loss=0.192 ACC=98.052 F1=61.262 Rec=56.618 Prec=74.082
Train Client3 [26/30] LR=0.0001000 loss=1.022 ACC=86.628 F1=58.190 Rec=56.663 Prec=61.051
Train Client4 [26/30] LR=0.0001000 loss=0.405 ACC=95.730 F1=43.049 Rec=40.554 Prec=46.882
Train Client5 [26/30] LR=0.0001000 loss=0.762 ACC=90.844 F1=57.464 Rec=54.939 Prec=60.980
Train Client6 [26/30] LR=0.0001000 loss=2.270 ACC=69.500 F1=41.200 Rec=43.608 Prec=44.020
Train Client7 [26/30] LR=0.0001000 loss=2.740 ACC=66.360 F1=66.094 Rec=66.795 Prec=67.671

Test-  OSR [26/30] LR=0.0001000 ACC=55.832 F1=34.766 Rec=32.174 Prec=54.018 UNK=17.223 OS*=35.165 HOS=23.121 AUROC=56.010 AUPR=30.479 OSCR=52.094
Test-Close [26/30] LR=0.0001000 loss=3.225 ACC=82.096 F1=51.617 Rec=49.705 Prec=57.574

Train Client0 [27/30] LR=0.0001000 loss=5.270 ACC=59.909 F1=40.358 Rec=38.080 Prec=52.398
Train Client1 [27/30] LR=0.0001000 loss=1.104 ACC=88.636 F1=52.011 Rec=49.565 Prec=60.515
Train Client2 [27/30] LR=0.0001000 loss=0.217 ACC=98.016 F1=62.656 Rec=59.027 Prec=83.700
Train Client3 [27/30] LR=0.0001000 loss=0.958 ACC=87.791 F1=63.470 Rec=62.911 Prec=68.633
Train Client4 [27/30] LR=0.0001000 loss=0.403 ACC=95.575 F1=50.909 Rec=51.272 Prec=57.938
Train Client5 [27/30] LR=0.0001000 loss=0.696 ACC=91.003 F1=57.448 Rec=53.746 Prec=62.890
Train Client6 [27/30] LR=0.0001000 loss=2.188 ACC=73.000 F1=44.180 Rec=45.924 Prec=46.133
Train Client7 [27/30] LR=0.0001000 loss=3.092 ACC=64.890 F1=64.587 Rec=65.335 Prec=65.258

Test-  OSR [27/30] LR=0.0001000 ACC=57.509 F1=38.672 Rec=36.280 Prec=53.933 UNK=19.159 OS*=39.704 HOS=25.846 AUROC=56.256 AUPR=31.079 OSCR=52.255
Test-Close [27/30] LR=0.0001000 loss=3.297 ACC=84.169 F1=48.966 Rec=49.302 Prec=55.175

Train Client0 [28/30] LR=0.0001000 loss=4.540 ACC=59.451 F1=42.130 Rec=39.052 Prec=63.782
Train Client1 [28/30] LR=0.0001000 loss=1.079 ACC=88.636 F1=52.966 Rec=50.566 Prec=61.391
Train Client2 [28/30] LR=0.0001000 loss=0.184 ACC=98.160 F1=62.206 Rec=59.831 Prec=65.000
Train Client3 [28/30] LR=0.0001000 loss=0.930 ACC=88.372 F1=63.170 Rec=62.083 Prec=73.954
Train Client4 [28/30] LR=0.0001000 loss=0.382 ACC=95.807 F1=54.202 Rec=49.121 Prec=67.248
Train Client5 [28/30] LR=0.0001000 loss=0.714 ACC=90.924 F1=59.064 Rec=57.423 Prec=61.050
Train Client6 [28/30] LR=0.0001000 loss=2.355 ACC=66.500 F1=39.177 Rec=42.006 Prec=41.949
Train Client7 [28/30] LR=0.0001000 loss=2.459 ACC=67.647 F1=66.986 Rec=67.665 Prec=68.239

Test-  OSR [28/30] LR=0.0001000 ACC=55.023 F1=37.739 Rec=35.511 Prec=60.929 UNK=19.159 OS*=38.782 HOS=25.647 AUROC=54.438 AUPR=29.632 OSCR=50.343
Test-Close [28/30] LR=0.0001000 loss=4.403 ACC=82.992 F1=48.957 Rec=51.445 Prec=54.048

Train Client0 [29/30] LR=0.0001000 loss=5.213 ACC=60.823 F1=43.886 Rec=42.565 Prec=54.262
Train Client1 [29/30] LR=0.0001000 loss=1.030 ACC=89.296 F1=53.957 Rec=51.140 Prec=64.078
Train Client2 [29/30] LR=0.0001000 loss=0.187 ACC=98.088 F1=64.550 Rec=61.205 Prec=75.422
Train Client3 [29/30] LR=0.0001000 loss=0.933 ACC=88.081 F1=60.814 Rec=59.064 Prec=68.169
Train Client4 [29/30] LR=0.0001000 loss=0.411 ACC=96.118 F1=54.956 Rec=49.869 Prec=65.572
Train Client5 [29/30] LR=0.0001000 loss=0.687 ACC=92.038 F1=61.549 Rec=59.534 Prec=64.022
Train Client6 [29/30] LR=0.0001000 loss=1.972 ACC=70.500 F1=41.574 Rec=43.290 Prec=43.685
Train Client7 [29/30] LR=0.0001000 loss=2.367 ACC=68.199 F1=66.254 Rec=66.758 Prec=68.110

Test-  OSR [29/30] LR=0.0001000 ACC=52.181 F1=33.070 Rec=32.865 Prec=59.726 UNK=16.088 OS*=36.220 HOS=22.280 AUROC=52.580 AUPR=28.412 OSCR=48.500
Test-Close [29/30] LR=0.0001000 loss=4.929 ACC=78.593 F1=46.547 Rec=49.090 Prec=48.494

------>Best performance (by OSCR)--->>>>>>>

Test-  OSR [0/30] LR=0.0001000 ACC=59.088 F1=35.209 Rec=39.849 Prec=36.038 UNK=0.000 OS*=47.818 HOS=0.000 AUROC=62.375 AUPR=35.714 OSCR=59.003
Test-Close [0/30] LR=0.0001000 loss=2.237 ACC=83.889 F1=49.092 Rec=47.818 Prec=58.888
=====================================================================================================================================
The ending time ：2026-06-16 17:52:06
