Logging to: ./logs/ISIC_Finetune_K5_U3_seed0_20260615_201259.log
==> Preparing data..
Known class list: [6 2 1 7 3] Unknown class list [0 5 4]
Total selected images: 25331
Train: 17731, Val: 2533, Test: 5067
Train class distribution: [(0, 3132), (1, 8985), (2, 2364), (3, 607), (4, 1858), (5, 156), (6, 177), (7, 452)]
{6: 0, 2: 1, 1: 2, 7: 3, 3: 4} {0: 5, 5: 6, 4: 7}
Known origin: [6 2 1 7 3] , new: [0 1 2 3 4]
Unknown origin: [0 5 4] , new: [5 6 7]
Known/Unknown in Train: 12585/5146
Known/Unknown in Val:   1792/741
Known/Unknown in Test:  3569/1498
Client0 sample num: 656
Client1 sample num: 2734
Client2 sample num: 5544
Client3 sample num: 351
Client4 sample num: 1294
Client5 sample num: 1259
Client6 sample num: 200
Client7 sample num: 547

>>> Setting up
==> Using device: cuda:1
==> Building [Resnet18] model..
154
154
154
154
154
154
154
154
154
154
154
154
154
154
154
154
154
154
Train Client0 [0/30] LR=0.0001000 loss=23.947 ACC=43.140 F1=33.992 Rec=28.333 Prec=50.705
Train Client1 [0/30] LR=0.0001000 loss=7.939 ACC=85.191 F1=47.203 Rec=46.077 Prec=53.580
Train Client2 [0/30] LR=0.0001000 loss=1.868 ACC=97.475 F1=48.554 Rec=42.422 Prec=65.408
Train Client3 [0/30] LR=0.0001000 loss=16.674 ACC=84.884 F1=53.424 Rec=52.366 Prec=64.882
Train Client4 [0/30] LR=0.0001000 loss=7.679 ACC=94.953 F1=43.721 Rec=41.335 Prec=65.113
Train Client5 [0/30] LR=0.0001000 loss=8.713 ACC=89.172 F1=49.972 Rec=45.660 Prec=58.828
Train Client6 [0/30] LR=0.0001000 loss=21.279 ACC=66.000 F1=39.212 Rec=41.292 Prec=44.646
Train Client7 [0/30] LR=0.0001000 loss=18.516 ACC=59.743 F1=58.952 Rec=60.905 Prec=65.294

Test-  OSR [0/30] LR=0.0001000 ACC=59.088 F1=35.209 Rec=39.849 Prec=36.038 UNK=0.000 OS*=47.818 HOS=0.000 AUROC=62.375 AUPR=35.714 OSCR=59.003
Test-Close [0/30] LR=0.0001000 loss=2.237 ACC=83.889 F1=49.092 Rec=47.818 Prec=58.888

Saving best model . . . . . . . .

Train Client0 [1/30] LR=0.0001000 loss=12.829 ACC=23.171 F1=19.150 Rec=13.086 Prec=43.011
Train Client1 [1/30] LR=0.0001000 loss=2.311 ACC=83.321 F1=42.352 Rec=41.022 Prec=55.453
Train Client2 [1/30] LR=0.0001000 loss=0.240 ACC=97.781 F1=57.803 Rec=51.222 Prec=68.636
Train Client3 [1/30] LR=0.0001000 loss=1.916 ACC=81.977 F1=46.078 Rec=48.952 Prec=72.200
Train Client4 [1/30] LR=0.0001000 loss=0.710 ACC=94.720 F1=39.826 Rec=37.386 Prec=43.336
Train Client5 [1/30] LR=0.0001000 loss=1.023 ACC=89.650 F1=52.266 Rec=48.485 Prec=59.981
Train Client6 [1/30] LR=0.0001000 loss=4.875 ACC=60.000 F1=30.113 Rec=35.209 Prec=37.821
Train Client7 [1/30] LR=0.0001000 loss=5.481 ACC=51.287 F1=48.868 Rec=53.153 Prec=62.067

Test-  OSR [1/30] LR=0.0001000 ACC=57.963 F1=33.966 Rec=36.168 Prec=38.472 UNK=10.347 OS*=41.332 HOS=16.551 AUROC=62.272 AUPR=34.945 OSCR=58.437
Test-Close [1/30] LR=0.0001000 loss=2.494 ACC=83.048 F1=47.771 Rec=48.450 Prec=48.375

Train Client0 [2/30] LR=0.0001000 loss=9.356 ACC=26.220 F1=23.626 Rec=17.581 Prec=39.769
Train Client1 [2/30] LR=0.0001000 loss=1.493 ACC=86.107 F1=47.008 Rec=44.966 Prec=61.876
Train Client2 [2/30] LR=0.0001000 loss=0.221 ACC=97.781 F1=56.572 Rec=52.602 Prec=61.865
Train Client3 [2/30] LR=0.0001000 loss=1.224 ACC=84.302 F1=51.565 Rec=54.218 Prec=62.282
Train Client4 [2/30] LR=0.0001000 loss=0.447 ACC=95.419 F1=42.264 Rec=42.395 Prec=43.187
Train Client5 [2/30] LR=0.0001000 loss=0.765 ACC=90.764 F1=57.955 Rec=54.856 Prec=62.455
Train Client6 [2/30] LR=0.0001000 loss=3.018 ACC=61.500 F1=34.850 Rec=38.727 Prec=41.944
Train Client7 [2/30] LR=0.0001000 loss=3.065 ACC=63.051 F1=43.108 Rec=44.526 Prec=47.645

Test-  OSR [2/30] LR=0.0001000 ACC=58.259 F1=32.353 Rec=36.811 Prec=36.717 UNK=19.493 OS*=40.274 HOS=26.271 AUROC=61.866 AUPR=35.364 OSCR=56.694
Test-Close [2/30] LR=0.0001000 loss=2.746 ACC=82.208 F1=46.236 Rec=51.642 Prec=52.300

Train Client0 [3/30] LR=0.0001000 loss=7.747 ACC=36.738 F1=29.142 Rec=23.840 Prec=40.272
Train Client1 [3/30] LR=0.0001000 loss=1.405 ACC=86.400 F1=48.497 Rec=47.147 Prec=59.922
Train Client2 [3/30] LR=0.0001000 loss=0.222 ACC=97.691 F1=56.482 Rec=52.584 Prec=61.733
Train Client3 [3/30] LR=0.0001000 loss=1.162 ACC=84.884 F1=47.729 Rec=47.099 Prec=50.309
Train Client4 [3/30] LR=0.0001000 loss=0.419 ACC=95.807 F1=53.258 Rec=52.457 Prec=68.396
Train Client5 [3/30] LR=0.0001000 loss=0.731 ACC=90.287 F1=57.860 Rec=55.791 Prec=60.285
Train Client6 [3/30] LR=0.0001000 loss=2.833 ACC=63.000 F1=33.422 Rec=36.876 Prec=41.009
Train Client7 [3/30] LR=0.0001000 loss=3.018 ACC=59.375 F1=59.609 Rec=61.520 Prec=61.969

Test-  OSR [3/30] LR=0.0001000 ACC=57.983 F1=32.568 Rec=36.815 Prec=35.323 UNK=17.490 OS*=40.681 HOS=24.463 AUROC=61.353 AUPR=35.339 OSCR=55.841
Test-Close [3/30] LR=0.0001000 loss=3.037 ACC=81.620 F1=46.056 Rec=51.732 Prec=50.208

Train Client0 [4/30] LR=0.0001000 loss=5.938 ACC=42.988 F1=32.887 Rec=26.941 Prec=43.789
Train Client1 [4/30] LR=0.0001000 loss=1.362 ACC=87.207 F1=49.427 Rec=48.523 Prec=59.705
Train Client2 [4/30] LR=0.0001000 loss=0.272 ACC=97.799 F1=58.713 Rec=54.755 Prec=63.753
Train Client3 [4/30] LR=0.0001000 loss=1.143 ACC=85.465 F1=49.680 Rec=49.536 Prec=58.238
Train Client4 [4/30] LR=0.0001000 loss=0.408 ACC=95.885 F1=45.238 Rec=46.854 Prec=63.012
Train Client5 [4/30] LR=0.0001000 loss=0.719 ACC=90.525 F1=58.024 Rec=56.357 Prec=60.261
Train Client6 [4/30] LR=0.0001000 loss=2.942 ACC=64.000 F1=34.494 Rec=37.998 Prec=40.403
Train Client7 [4/30] LR=0.0001000 loss=2.934 ACC=61.581 F1=50.003 Rec=63.586 Prec=50.422

Test-  OSR [4/30] LR=0.0001000 ACC=57.687 F1=32.703 Rec=35.537 Prec=36.124 UNK=15.087 OS*=39.627 HOS=21.854 AUROC=60.852 AUPR=34.646 OSCR=55.763
Test-Close [4/30] LR=0.0001000 loss=2.875 ACC=81.395 F1=46.368 Rec=50.332 Prec=44.969

Train Client0 [5/30] LR=0.0001000 loss=6.128 ACC=43.140 F1=35.852 Rec=30.391 Prec=64.036
Train Client1 [5/30] LR=0.0001000 loss=1.250 ACC=87.317 F1=49.421 Rec=47.326 Prec=58.472
Train Client2 [5/30] LR=0.0001000 loss=0.220 ACC=97.691 F1=53.986 Rec=49.227 Prec=61.131
Train Client3 [5/30] LR=0.0001000 loss=1.095 ACC=84.884 F1=52.178 Rec=54.893 Prec=60.261
Train Client4 [5/30] LR=0.0001000 loss=0.413 ACC=95.109 F1=44.567 Rec=44.624 Prec=63.030
Train Client5 [5/30] LR=0.0001000 loss=0.723 ACC=90.366 F1=55.986 Rec=53.096 Prec=59.704
Train Client6 [5/30] LR=0.0001000 loss=2.711 ACC=66.500 F1=43.269 Rec=47.616 Prec=46.777
Train Client7 [5/30] LR=0.0001000 loss=3.359 ACC=59.007 F1=51.723 Rec=60.404 Prec=51.453
