Logging to: ./logs/RetinalOCT_Finetune_K5_U3_seed0_20260528_162918.log
==> Preparing data..
Known class list: [6 2 1 7 3] Unknown class list [0 5 4]
Total images — Train: 18400, Val: 2800, Test: 2800
{6: 0, 2: 1, 1: 2, 7: 3, 3: 4} {0: 5, 5: 6, 4: 7}
Known origin: [6 2 1 7 3] , new: [0 1 2 3 4]
Unknown origin: [0 5 4] , new: [5 6 7]
Known/Unknown in Train: 11500/6900
Known/Unknown in Val:   1750/1050
Known/Unknown in Test:  1750/1050
Client0 sample num: 1861
Client1 sample num: 2876
Client2 sample num: 2109
Client3 sample num: 533
Client4 sample num: 1312
Client5 sample num: 1125
Client6 sample num: 362
Client7 sample num: 1322

>>> Setting up
==> Building [Resnet18] model..
154
154
154
154
154
154
154
154
154
154
154
154
154
154
154
154
154
154
Train Client0 [0/30] LR=0.0001000 loss=17.146 ACC=94.881 F1=75.949 Rec=76.445 Prec=75.537
Train Client1 [0/30] LR=0.0001000 loss=12.265 ACC=97.911 F1=92.748 Rec=94.801 Prec=91.196
Train Client2 [0/30] LR=0.0001000 loss=15.126 ACC=95.010 F1=89.092 Rec=91.319 Prec=87.399
Train Client3 [0/30] LR=0.0001000 loss=25.209 ACC=97.538 F1=94.631 Rec=97.559 Prec=92.427
Train Client4 [0/30] LR=0.0001000 loss=19.152 ACC=95.655 F1=80.177 Rec=88.586 Prec=76.425
Train Client5 [0/30] LR=0.0001000 loss=20.912 ACC=96.964 F1=84.663 Rec=97.706 Prec=82.307
Train Client6 [0/30] LR=0.0001000 loss=27.025 ACC=84.167 F1=79.090 Rec=92.755 Prec=72.210
Train Client7 [0/30] LR=0.0001000 loss=19.534 ACC=91.894 F1=78.772 Rec=92.020 Prec=74.623

Test-  OSR [0/30] LR=0.0001000 ACC=60.179 F1=63.147 Rec=80.238 Prec=53.829 UNK=0.000 OS*=96.286 HOS=0.000 AUROC=82.089 AUPR=67.987 OSCR=80.596
Test-Close [0/30] LR=0.0001000 loss=1.781 ACC=96.286 F1=96.257 Rec=96.286 Prec=96.361

Saving best model . . . . . . . .

Train Client0 [1/30] LR=0.0001000 loss=2.654 ACC=95.744 F1=76.704 Rec=76.744 Prec=76.670
Train Client1 [1/30] LR=0.0001000 loss=1.717 ACC=97.737 F1=92.838 Rec=92.632 Prec=93.106
Train Client2 [1/30] LR=0.0001000 loss=2.133 ACC=95.770 F1=89.675 Rec=91.015 Prec=88.501
