Logging to: ./logs/RetinalOCT_Pretrain_K5_U3_seed0_20260616_190752.log
==> Preparing data..
Protocol mode: random
Known class list: [6 2 1 7 3] Unknown class list [0 5 4]
Total images — Train: 18400, Val: 2800, Test: 2800
{6: 0, 2: 1, 1: 2, 7: 3, 3: 4} {0: 5, 5: 6, 4: 7}
Known origin: [6 2 1 7 3] , new: [0 1 2 3 4]
Unknown origin: [0 5 4] , new: [5 6 7]
Known/Unknown in Train: 11500/6900
Known/Unknown in Val:   1750/1050
Known/Unknown in Test:  1750/1050
Client0 sample num: 1861
Client1 sample num: 2876
Client2 sample num: 2109
Client3 sample num: 533
Client4 sample num: 1312
Client5 sample num: 1125
Client6 sample num: 362
Client7 sample num: 1322

>>> Setting up
==> Using device: cuda:0
==> Building [Resnet18] model..
154
120
Train Client0 [0/15] LR=0.0005000 loss=1.507 ACC=70.528 F1=50.277 Rec=50.166 Prec=51.523
Train Client1 [0/15] LR=0.0005000 loss=1.103 ACC=81.825 F1=58.105 Rec=57.371 Prec=60.059
Train Client2 [0/15] LR=0.0005000 loss=1.381 ACC=75.808 F1=46.716 Rec=47.195 Prec=47.428
Train Client3 [0/15] LR=0.0005000 loss=2.058 ACC=68.182 F1=49.249 Rec=50.000 Prec=49.671
Train Client4 [0/15] LR=0.0005000 loss=1.098 ACC=81.784 F1=39.880 Rec=39.187 Prec=43.326
Train Client5 [0/15] LR=0.0005000 loss=1.791 ACC=66.071 F1=47.364 Rec=47.272 Prec=47.545
Train Client6 [0/15] LR=0.0005000 loss=2.420 ACC=62.222 F1=23.777 Rec=24.295 Prec=23.791
Train Client7 [0/15] LR=0.0005000 loss=1.708 ACC=68.333 F1=39.499 Rec=39.819 Prec=40.322

Val    [0/15] LR=0.0005000 loss=2.833 ACC=56.800 F1=51.190 Rec=56.800 Prec=57.725
Val-Known->Virtual [0/15] rate=0.000% prob_mean=0.005451 margin_mean=0.362973

Test-  OSR [0/15] LR=0.0005000 ACC=35.321 F1=32.230 Rec=47.095 Prec=30.183 UNK=0.000 OS*=56.514 HOS=0.000 AUROC=71.431 AUPR=59.075 OSCR=42.627
Test-Close [0/15] LR=0.0005000 loss=2.827 ACC=56.514 F1=50.847 Rec=56.514 Prec=57.325
Test-Virtual [0/15] CloseK->V=0.000% Open->V=0.000% OpenVEntropy=0.000000 CloseHist=[0, 0, 0] OpenHist=[0, 0, 0]
AnchorDiag [0/15] VNorm=[1.0601202249526978, 1.0462301969528198, 1.0516961812973022] VDriftMax=0.297878 Vcos(max/mean)=(0.1003/0.0946) KVcos(max/mean)=(0.0116/0.0014) ValK->V=0.00% CloseK->V=0.00% Open->V=0.00% OpenVEntropy=0.0000
Saving best model . . . . . . . .

Train Client0 [1/15] LR=0.0005000 loss=1.058 ACC=78.448 F1=58.995 Rec=58.402 Prec=59.808
Train Client1 [1/15] LR=0.0005000 loss=0.952 ACC=82.312 F1=58.402 Rec=57.220 Prec=61.612
Train Client2 [1/15] LR=0.0005000 loss=1.019 ACC=80.846 F1=55.999 Rec=55.287 Prec=58.546
Train Client3 [1/15] LR=0.0005000 loss=1.681 ACC=73.295 F1=51.649 Rec=50.870 Prec=53.757
Train Client4 [1/15] LR=0.0005000 loss=0.782 ACC=86.738 F1=44.366 Rec=43.879 Prec=46.245
Train Client5 [1/15] LR=0.0005000 loss=1.190 ACC=75.982 F1=56.132 Rec=55.952 Prec=56.341
Train Client6 [1/15] LR=0.0005000 loss=1.538 ACC=75.278 F1=41.334 Rec=41.765 Prec=45.661
Train Client7 [1/15] LR=0.0005000 loss=1.074 ACC=80.530 F1=50.226 Rec=48.062 Prec=54.056

Val    [1/15] LR=0.0005000 loss=2.568 ACC=64.057 F1=60.923 Rec=64.057 Prec=81.135
Val-Known->Virtual [1/15] rate=0.000% prob_mean=0.000242 margin_mean=0.445995

Test-  OSR [1/15] LR=0.0005000 ACC=40.107 F1=41.357 Rec=53.476 Prec=55.241 UNK=0.000 OS*=64.171 HOS=0.000 AUROC=71.746 AUPR=60.077 OSCR=49.885
Test-Close [1/15] LR=0.0005000 loss=2.567 ACC=64.171 F1=60.700 Rec=64.171 Prec=81.185
Test-Virtual [1/15] CloseK->V=0.000% Open->V=0.000% OpenVEntropy=0.000000 CloseHist=[0, 0, 0] OpenHist=[0, 0, 0]
AnchorDiag [1/15] VNorm=[1.185442328453064, 1.1628607511520386, 1.1753393411636353] VDriftMax=0.587004 Vcos(max/mean)=(0.2772/0.2711) KVcos(max/mean)=(0.0385/0.0227) ValK->V=0.00% CloseK->V=0.00% Open->V=0.00% OpenVEntropy=0.0000
Saving best model . . . . . . . .

>> New learning Rate: 0.00025
Train Client0 [2/15] LR=0.0002500 loss=0.706 ACC=85.022 F1=66.095 Rec=65.754 Prec=66.504
Train Client1 [2/15] LR=0.0002500 loss=0.470 ACC=91.365 F1=74.541 Rec=72.804 Prec=78.117
Train Client2 [2/15] LR=0.0002500 loss=0.637 ACC=88.023 F1=71.574 Rec=70.556 Prec=76.357
Train Client3 [2/15] LR=0.0002500 loss=0.871 ACC=84.470 F1=67.309 Rec=66.211 Prec=68.877
Train Client4 [2/15] LR=0.0002500 loss=0.402 ACC=93.750 F1=60.563 Rec=58.873 Prec=63.905
Train Client5 [2/15] LR=0.0002500 loss=0.683 ACC=88.661 F1=69.674 Rec=69.589 Prec=69.770
Train Client6 [2/15] LR=0.0002500 loss=1.028 ACC=81.389 F1=52.379 Rec=50.180 Prec=60.758
Train Client7 [2/15] LR=0.0002500 loss=0.751 ACC=86.515 F1=60.517 Rec=58.442 Prec=64.048

Val    [2/15] LR=0.0002500 loss=1.897 ACC=93.486 F1=93.479 Rec=93.486 Prec=93.683
Val-Known->Virtual [2/15] rate=0.000% prob_mean=0.000001 margin_mean=0.811374

Test-  OSR [2/15] LR=0.0002500 ACC=58.893 F1=61.326 Rec=78.524 Prec=51.671 UNK=0.000 OS*=94.229 HOS=0.000 AUROC=82.772 AUPR=71.578 OSCR=80.233
Test-Close [2/15] LR=0.0002500 loss=1.899 ACC=94.229 F1=94.211 Rec=94.229 Prec=94.421
Test-Virtual [2/15] CloseK->V=0.000% Open->V=0.000% OpenVEntropy=0.000000 CloseHist=[0, 0, 0] OpenHist=[0, 0, 0]
AnchorDiag [2/15] VNorm=[1.3173186779022217, 1.2919507026672363, 1.3059169054031372] VDriftMax=0.811499 Vcos(max/mean)=(0.4145/0.4096) KVcos(max/mean)=(0.0704/0.0518) ValK->V=0.00% CloseK->V=0.00% Open->V=0.00% OpenVEntropy=0.0000
Saving best model . . . . . . . .

Train Client0 [3/15] LR=0.0002500 loss=0.562 ACC=87.716 F1=68.600 Rec=68.345 Prec=68.886
Train Client1 [3/15] LR=0.0002500 loss=0.399 ACC=92.723 F1=76.179 Rec=74.502 Prec=80.355
Train Client2 [3/15] LR=0.0002500 loss=0.514 ACC=90.447 F1=78.343 Rec=76.679 Prec=82.334
Train Client3 [3/15] LR=0.0002500 loss=0.687 ACC=88.826 F1=74.145 Rec=72.540 Prec=76.991
Train Client4 [3/15] LR=0.0002500 loss=0.350 ACC=93.826 F1=60.654 Rec=59.825 Prec=61.682
Train Client5 [3/15] LR=0.0002500 loss=0.489 ACC=90.446 F1=71.223 Rec=71.471 Prec=70.990
Train Client6 [3/15] LR=0.0002500 loss=0.911 ACC=82.222 F1=63.620 Rec=61.952 Prec=67.440
Train Client7 [3/15] LR=0.0002500 loss=0.668 ACC=87.500 F1=65.900 Rec=64.594 Prec=67.595

Val    [3/15] LR=0.0002500 loss=1.856 ACC=91.829 F1=91.772 Rec=91.829 Prec=92.821
Val-Known->Virtual [3/15] rate=0.000% prob_mean=0.000000 margin_mean=0.879244

Test-  OSR [3/15] LR=0.0002500 ACC=57.929 F1=61.354 Rec=77.238 Prec=53.871 UNK=0.000 OS*=92.686 HOS=0.000 AUROC=82.313 AUPR=68.339 OSCR=79.255
Test-Close [3/15] LR=0.0002500 loss=1.850 ACC=92.686 F1=92.628 Rec=92.686 Prec=93.457
Test-Virtual [3/15] CloseK->V=0.000% Open->V=0.000% OpenVEntropy=0.000000 CloseHist=[0, 0, 0] OpenHist=[0, 0, 0]
AnchorDiag [3/15] VNorm=[1.4360358715057373, 1.4192601442337036, 1.429628849029541] VDriftMax=0.999044 Vcos(max/mean)=(0.5098/0.5074) KVcos(max/mean)=(0.1054/0.0794) ValK->V=0.00% CloseK->V=0.00% Open->V=0.00% OpenVEntropy=0.0000
Train Client0 [4/15] LR=0.0002500 loss=0.512 ACC=88.147 F1=69.246 Rec=69.259 Prec=69.267
Train Client1 [4/15] LR=0.0002500 loss=0.335 ACC=93.558 F1=80.003 Rec=78.160 Prec=83.244
Train Client2 [4/15] LR=0.0002500 loss=0.484 ACC=90.684 F1=78.546 Rec=76.838 Prec=81.872
Train Client3 [4/15] LR=0.0002500 loss=0.642 ACC=89.015 F1=76.008 Rec=73.728 Prec=79.410
Train Client4 [4/15] LR=0.0002500 loss=0.328 ACC=94.131 F1=63.548 Rec=62.575 Prec=64.735
Train Client5 [4/15] LR=0.0002500 loss=0.434 ACC=92.321 F1=73.153 Rec=73.294 Prec=73.021
Train Client6 [4/15] LR=0.0002500 loss=0.940 ACC=82.222 F1=63.081 Rec=65.327 Prec=64.150
Train Client7 [4/15] LR=0.0002500 loss=0.611 ACC=89.091 F1=65.546 Rec=64.388 Prec=66.966

Val    [4/15] LR=0.0002500 loss=1.830 ACC=93.200 F1=93.157 Rec=93.200 Prec=93.871
Val-Known->Virtual [4/15] rate=0.000% prob_mean=0.000000 margin_mean=0.889887

Test-  OSR [4/15] LR=0.0002500 ACC=58.786 F1=61.633 Rec=78.381 Prec=53.022 UNK=0.000 OS*=94.057 HOS=0.000 AUROC=84.496 AUPR=73.507 OSCR=81.664
Test-Close [4/15] LR=0.0002500 loss=1.827 ACC=94.057 F1=94.003 Rec=94.057 Prec=94.456
Test-Virtual [4/15] CloseK->V=0.000% Open->V=0.000% OpenVEntropy=0.000000 CloseHist=[0, 0, 0] OpenHist=[0, 0, 0]
AnchorDiag [4/15] VNorm=[1.4452165365219116, 1.4312337636947632, 1.4387519359588623] VDriftMax=1.015576 Vcos(max/mean)=(0.5162/0.5144) KVcos(max/mean)=(0.1285/0.1014) ValK->V=0.00% CloseK->V=0.00% Open->V=0.00% OpenVEntropy=0.0000
Saving best model . . . . . . . .

>> New learning Rate: 0.000125
Train Client0 [5/15] LR=0.0001250 loss=0.350 ACC=93.265 F1=92.607 Rec=92.710 Prec=92.513
Train Client1 [5/15] LR=0.0001250 loss=0.194 ACC=96.344 F1=87.257 Rec=86.207 Prec=88.494
Train Client2 [5/15] LR=0.0001250 loss=0.308 ACC=93.726 F1=86.857 Rec=86.842 Prec=86.955
Train Client3 [5/15] LR=0.0001250 loss=0.377 ACC=92.992 F1=85.977 Rec=88.458 Prec=84.723
Train Client4 [5/15] LR=0.0001250 loss=0.222 ACC=96.265 F1=81.016 Rec=82.957 Prec=79.641
Train Client5 [5/15] LR=0.0001250 loss=0.220 ACC=95.893 F1=76.531 Rec=76.212 Prec=76.870
Train Client6 [5/15] LR=0.0001250 loss=0.674 ACC=85.833 F1=77.278 Rec=79.748 Prec=75.958
Train Client7 [5/15] LR=0.0001250 loss=0.476 ACC=90.985 F1=69.648 Rec=68.972 Prec=70.419

Val    [5/15] LR=0.0001250 loss=1.758 ACC=95.314 F1=95.249 Rec=95.314 Prec=95.617
Val-Known->Virtual [5/15] rate=0.000% prob_mean=0.000000 margin_mean=0.936590

Test-  OSR [5/15] LR=0.0001250 ACC=59.786 F1=62.589 Rec=79.714 Prec=53.700 UNK=0.000 OS*=95.657 HOS=0.000 AUROC=83.787 AUPR=74.844 OSCR=81.960
Test-Close [5/15] LR=0.0001250 loss=1.755 ACC=95.657 F1=95.594 Rec=95.657 Prec=95.885
Test-Virtual [5/15] CloseK->V=0.000% Open->V=0.000% OpenVEntropy=0.000000 CloseHist=[0, 0, 0] OpenHist=[0, 0, 0]
AnchorDiag [5/15] VNorm=[1.4463481903076172, 1.4328043460845947, 1.440143346786499] VDriftMax=1.017722 Vcos(max/mean)=(0.5170/0.5153) KVcos(max/mean)=(0.1470/0.1202) ValK->V=0.00% CloseK->V=0.00% Open->V=0.00% OpenVEntropy=0.0000
Saving best model . . . . . . . .

Train Client0 [6/15] LR=0.0001250 loss=0.316 ACC=93.534 F1=74.358 Rec=74.489 Prec=74.235
Train Client1 [6/15] LR=0.0001250 loss=0.164 ACC=97.075 F1=89.045 Rec=88.884 Prec=89.211
Train Client2 [6/15] LR=0.0001250 loss=0.282 ACC=94.534 F1=87.949 Rec=87.205 Prec=89.128
Train Client3 [6/15] LR=0.0001250 loss=0.316 ACC=94.886 F1=89.526 Rec=94.188 Prec=86.875
Train Client4 [6/15] LR=0.0001250 loss=0.183 ACC=96.494 F1=81.553 Rec=86.700 Prec=78.418
Train Client5 [6/15] LR=0.0001250 loss=0.240 ACC=95.982 F1=83.023 Rec=81.180 Prec=86.560
Train Client6 [6/15] LR=0.0001250 loss=0.535 ACC=88.889 F1=78.999 Rec=83.779 Prec=76.218
Train Client7 [6/15] LR=0.0001250 loss=0.406 ACC=92.879 F1=85.391 Rec=91.843 Prec=82.345

Val    [6/15] LR=0.0001250 loss=1.755 ACC=94.971 F1=94.926 Rec=94.971 Prec=95.421
Val-Known->Virtual [6/15] rate=0.000% prob_mean=0.000000 margin_mean=0.949793

Test-  OSR [6/15] LR=0.0001250 ACC=59.679 F1=62.443 Rec=79.571 Prec=53.479 UNK=0.000 OS*=95.486 HOS=0.000 AUROC=87.294 AUPR=80.028 OSCR=85.032
Test-Close [6/15] LR=0.0001250 loss=1.753 ACC=95.486 F1=95.433 Rec=95.486 Prec=95.734
Test-Virtual [6/15] CloseK->V=0.000% Open->V=0.000% OpenVEntropy=0.000000 CloseHist=[0, 0, 0] OpenHist=[0, 0, 0]
AnchorDiag [6/15] VNorm=[1.4476091861724854, 1.4347186088562012, 1.4418542385101318] VDriftMax=1.020344 Vcos(max/mean)=(0.5180/0.5164) KVcos(max/mean)=(0.1706/0.1369) ValK->V=0.00% CloseK->V=0.00% Open->V=0.00% OpenVEntropy=0.0000
Saving best model . . . . . . . .

Train Client0 [7/15] LR=0.0001250 loss=0.292 ACC=93.481 F1=74.498 Rec=74.654 Prec=74.346
Train Client1 [7/15] LR=0.0001250 loss=0.149 ACC=97.284 F1=87.589 Rec=86.351 Prec=89.071
Train Client2 [7/15] LR=0.0001250 loss=0.285 ACC=95.152 F1=89.266 Rec=88.856 Prec=89.759
Train Client3 [7/15] LR=0.0001250 loss=0.414 ACC=93.561 F1=86.477 Rec=86.066 Prec=86.942
Train Client4 [7/15] LR=0.0001250 loss=0.185 ACC=96.113 F1=80.235 Rec=83.195 Prec=78.179
Train Client5 [7/15] LR=0.0001250 loss=0.179 ACC=96.607 F1=86.330 Rec=87.424 Prec=85.459
Train Client6 [7/15] LR=0.0001250 loss=0.525 ACC=88.889 F1=81.388 Rec=83.676 Prec=80.379
Train Client7 [7/15] LR=0.0001250 loss=0.408 ACC=92.652 F1=92.382 Rec=91.514 Prec=93.390

Val    [7/15] LR=0.0001250 loss=1.754 ACC=95.371 F1=95.300 Rec=95.371 Prec=95.739
Val-Known->Virtual [7/15] rate=0.000% prob_mean=0.000000 margin_mean=0.950454

Test-  OSR [7/15] LR=0.0001250 ACC=59.821 F1=62.477 Rec=79.762 Prec=53.504 UNK=0.000 OS*=95.714 HOS=0.000 AUROC=86.242 AUPR=78.656 OSCR=84.188
Test-Close [7/15] LR=0.0001250 loss=1.750 ACC=95.714 F1=95.653 Rec=95.714 Prec=95.979
Test-Virtual [7/15] CloseK->V=0.000% Open->V=0.000% OpenVEntropy=0.000000 CloseHist=[0, 0, 0] OpenHist=[0, 0, 0]
AnchorDiag [7/15] VNorm=[1.449161410331726, 1.4369817972183228, 1.4441503286361694] VDriftMax=1.023415 Vcos(max/mean)=(0.5194/0.5178) KVcos(max/mean)=(0.1924/0.1540) ValK->V=0.00% CloseK->V=0.00% Open->V=0.00% OpenVEntropy=0.0000
>> New learning Rate: 6.25e-05
Train Client0 [8/15] LR=0.0000625 loss=0.264 ACC=94.235 F1=75.213 Rec=75.315 Prec=75.117
Train Client1 [8/15] LR=0.0000625 loss=0.095 ACC=98.294 F1=92.779 Rec=93.030 Prec=92.534
Train Client2 [8/15] LR=0.0000625 loss=0.243 ACC=96.008 F1=90.728 Rec=90.932 Prec=90.603
Train Client3 [8/15] LR=0.0000625 loss=0.229 ACC=96.402 F1=93.157 Rec=95.836 Prec=91.195
Train Client4 [8/15] LR=0.0000625 loss=0.136 ACC=97.409 F1=84.165 Rec=88.479 Prec=81.385
Train Client5 [8/15] LR=0.0000625 loss=0.144 ACC=97.500 F1=84.823 Rec=88.210 Prec=83.108
Train Client6 [8/15] LR=0.0000625 loss=0.649 ACC=86.389 F1=77.508 Rec=86.432 Prec=71.360
Train Client7 [8/15] LR=0.0000625 loss=0.402 ACC=92.879 F1=91.916 Rec=92.347 Prec=91.610

Val    [8/15] LR=0.0000625 loss=1.748 ACC=95.714 F1=95.663 Rec=95.714 Prec=96.087
Val-Known->Virtual [8/15] rate=0.000% prob_mean=0.000000 margin_mean=0.958237

Test-  OSR [8/15] LR=0.0000625 ACC=60.143 F1=62.693 Rec=80.190 Prec=53.387 UNK=0.000 OS*=96.229 HOS=0.000 AUROC=87.378 AUPR=81.518 OSCR=85.329
Test-Close [8/15] LR=0.0000625 loss=1.744 ACC=96.229 F1=96.182 Rec=96.229 Prec=96.416
Test-Virtual [8/15] CloseK->V=0.000% Open->V=0.000% OpenVEntropy=0.000000 CloseHist=[0, 0, 0] OpenHist=[0, 0, 0]
AnchorDiag [8/15] VNorm=[1.450271487236023, 1.4384233951568604, 1.4455186128616333] VDriftMax=1.025401 Vcos(max/mean)=(0.5202/0.5187) KVcos(max/mean)=(0.2049/0.1660) ValK->V=0.00% CloseK->V=0.00% Open->V=0.00% OpenVEntropy=0.0000
Saving best model . . . . . . . .

Train Client0 [9/15] LR=0.0000625 loss=0.238 ACC=94.989 F1=75.794 Rec=75.868 Prec=75.725
Train Client1 [9/15] LR=0.0000625 loss=0.103 ACC=98.294 F1=93.476 Rec=94.004 Prec=93.040
Train Client2 [9/15] LR=0.0000625 loss=0.220 ACC=96.055 F1=91.926 Rec=91.815 Prec=92.068
Train Client3 [9/15] LR=0.0000625 loss=0.232 ACC=95.833 F1=92.369 Rec=95.054 Prec=90.401
Train Client4 [9/15] LR=0.0000625 loss=0.155 ACC=97.180 F1=86.981 Rec=92.351 Prec=83.326
Train Client5 [9/15] LR=0.0000625 loss=0.140 ACC=98.304 F1=90.902 Rec=93.931 Prec=88.875
Train Client6 [9/15] LR=0.0000625 loss=0.519 ACC=88.611 F1=82.133 Rec=88.769 Prec=77.128
Train Client7 [9/15] LR=0.0000625 loss=0.325 ACC=93.636 F1=93.973 Rec=94.116 Prec=93.838

Val    [9/15] LR=0.0000625 loss=1.754 ACC=95.371 F1=95.272 Rec=95.371 Prec=95.706
Val-Known->Virtual [9/15] rate=0.000% prob_mean=0.000000 margin_mean=0.953923

Test-  OSR [9/15] LR=0.0000625 ACC=59.857 F1=62.425 Rec=79.810 Prec=53.405 UNK=0.000 OS*=95.771 HOS=0.000 AUROC=85.025 AUPR=76.740 OSCR=83.156
Test-Close [9/15] LR=0.0000625 loss=1.750 ACC=95.771 F1=95.700 Rec=95.771 Prec=96.031
Test-Virtual [9/15] CloseK->V=0.000% Open->V=0.000% OpenVEntropy=0.000000 CloseHist=[0, 0, 0] OpenHist=[0, 0, 0]
AnchorDiag [9/15] VNorm=[1.451727271080017, 1.4402525424957275, 1.447318196296692] VDriftMax=1.027917 Vcos(max/mean)=(0.5213/0.5198) KVcos(max/mean)=(0.2195/0.1785) ValK->V=0.00% CloseK->V=0.00% Open->V=0.00% OpenVEntropy=0.0000
Train Client0 [10/15] LR=0.0000625 loss=0.243 ACC=95.043 F1=75.931 Rec=76.189 Prec=75.694
Train Client1 [10/15] LR=0.0000625 loss=0.081 ACC=98.503 F1=93.823 Rec=94.129 Prec=93.541
Train Client2 [10/15] LR=0.0000625 loss=0.203 ACC=96.483 F1=92.286 Rec=92.300 Prec=92.294
Train Client3 [10/15] LR=0.0000625 loss=0.182 ACC=97.348 F1=95.509 Rec=96.756 Prec=94.492
Train Client4 [10/15] LR=0.0000625 loss=0.137 ACC=96.875 F1=84.812 Rec=90.023 Prec=81.762
Train Client5 [10/15] LR=0.0000625 loss=0.137 ACC=97.946 F1=85.889 Rec=88.734 Prec=84.222
Train Client6 [10/15] LR=0.0000625 loss=0.512 ACC=88.056 F1=84.816 Rec=89.608 Prec=81.547
Train Client7 [10/15] LR=0.0000625 loss=0.344 ACC=93.258 F1=93.145 Rec=93.675 Prec=92.653

Val    [10/15] LR=0.0000625 loss=1.743 ACC=96.114 F1=96.060 Rec=96.114 Prec=96.390
Val-Known->Virtual [10/15] rate=0.000% prob_mean=0.000000 margin_mean=0.965197

Test-  OSR [10/15] LR=0.0000625 ACC=60.107 F1=62.713 Rec=80.143 Prec=53.483 UNK=0.000 OS*=96.171 HOS=0.000 AUROC=86.969 AUPR=80.344 OSCR=85.053
Test-Close [10/15] LR=0.0000625 loss=1.742 ACC=96.171 F1=96.123 Rec=96.171 Prec=96.369
Test-Virtual [10/15] CloseK->V=0.000% Open->V=0.000% OpenVEntropy=0.000000 CloseHist=[0, 0, 0] OpenHist=[0, 0, 0]
AnchorDiag [10/15] VNorm=[1.453052043914795, 1.442156434059143, 1.449263334274292] VDriftMax=1.030504 Vcos(max/mean)=(0.5224/0.5210) KVcos(max/mean)=(0.2367/0.1908) ValK->V=0.00% CloseK->V=0.00% Open->V=0.00% OpenVEntropy=0.0000
>> New learning Rate: 3.125e-05
Train Client0 [11/15] LR=0.0000313 loss=0.215 ACC=95.690 F1=76.421 Rec=76.644 Prec=76.209
Train Client1 [11/15] LR=0.0000313 loss=0.069 ACC=98.781 F1=95.622 Rec=96.751 Prec=94.679
Train Client2 [11/15] LR=0.0000313 loss=0.189 ACC=96.388 F1=91.829 Rec=92.385 Prec=91.294
Train Client3 [11/15] LR=0.0000313 loss=0.179 ACC=95.833 F1=90.578 Rec=95.714 Prec=87.481
Train Client4 [11/15] LR=0.0000313 loss=0.172 ACC=96.189 F1=82.577 Rec=96.268 Prec=76.937
Train Client5 [11/15] LR=0.0000313 loss=0.110 ACC=98.304 F1=90.970 Rec=98.704 Prec=87.520
Train Client6 [11/15] LR=0.0000313 loss=0.609 ACC=86.111 F1=80.775 Rec=93.512 Prec=73.374
Train Client7 [11/15] LR=0.0000313 loss=0.295 ACC=94.621 F1=87.849 Rec=95.668 Prec=83.437

Val    [11/15] LR=0.0000313 loss=1.734 ACC=96.400 F1=96.357 Rec=96.400 Prec=96.609
Val-Known->Virtual [11/15] rate=0.000% prob_mean=0.000000 margin_mean=0.961768

Test-  OSR [11/15] LR=0.0000313 ACC=60.321 F1=62.970 Rec=80.429 Prec=53.617 UNK=0.000 OS*=96.514 HOS=0.000 AUROC=86.221 AUPR=79.807 OSCR=84.473
Test-Close [11/15] LR=0.0000313 loss=1.736 ACC=96.514 F1=96.475 Rec=96.514 Prec=96.656
Test-Virtual [11/15] CloseK->V=0.000% Open->V=0.000% OpenVEntropy=0.000000 CloseHist=[0, 0, 0] OpenHist=[0, 0, 0]
AnchorDiag [11/15] VNorm=[1.454019546508789, 1.4434031248092651, 1.4504964351654053] VDriftMax=1.032207 Vcos(max/mean)=(0.5231/0.5217) KVcos(max/mean)=(0.2457/0.1987) ValK->V=0.00% CloseK->V=0.00% Open->V=0.00% OpenVEntropy=0.0000
Train Client0 [12/15] LR=0.0000313 loss=0.176 ACC=96.498 F1=77.169 Rec=77.430 Prec=76.925
Train Client1 [12/15] LR=0.0000313 loss=0.073 ACC=98.677 F1=94.233 Rec=94.714 Prec=93.800
Train Client2 [12/15] LR=0.0000313 loss=0.193 ACC=96.721 F1=91.923 Rec=91.987 Prec=91.886
Train Client3 [12/15] LR=0.0000313 loss=0.201 ACC=96.970 F1=93.949 Rec=96.696 Prec=91.922
Train Client4 [12/15] LR=0.0000313 loss=0.152 ACC=97.256 F1=86.257 Rec=96.969 Prec=81.069
Train Client5 [12/15] LR=0.0000313 loss=0.095 ACC=98.214 F1=87.332 Rec=93.717 Prec=84.810
Train Client6 [12/15] LR=0.0000313 loss=0.586 ACC=87.500 F1=84.399 Rec=90.895 Prec=80.448
Train Client7 [12/15] LR=0.0000313 loss=0.297 ACC=94.394 F1=94.375 Rec=95.907 Prec=93.056

Val    [12/15] LR=0.0000313 loss=1.733 ACC=96.286 F1=96.244 Rec=96.286 Prec=96.469
Val-Known->Virtual [12/15] rate=0.000% prob_mean=0.000000 margin_mean=0.962215

Test-  OSR [12/15] LR=0.0000313 ACC=60.321 F1=62.866 Rec=80.429 Prec=53.386 UNK=0.000 OS*=96.514 HOS=0.000 AUROC=86.102 AUPR=80.084 OSCR=84.359
Test-Close [12/15] LR=0.0000313 loss=1.736 ACC=96.514 F1=96.470 Rec=96.514 Prec=96.642
Test-Virtual [12/15] CloseK->V=0.000% Open->V=0.000% OpenVEntropy=0.000000 CloseHist=[0, 0, 0] OpenHist=[0, 0, 0]
AnchorDiag [12/15] VNorm=[1.4551889896392822, 1.4448922872543335, 1.4518446922302246] VDriftMax=1.034257 Vcos(max/mean)=(0.5239/0.5226) KVcos(max/mean)=(0.2543/0.2055) ValK->V=0.00% CloseK->V=0.00% Open->V=0.00% OpenVEntropy=0.0000
Train Client0 [13/15] LR=0.0000313 loss=0.195 ACC=95.690 F1=76.457 Rec=76.620 Prec=76.304
Train Client1 [13/15] LR=0.0000313 loss=0.053 ACC=99.269 F1=96.821 Rec=97.363 Prec=96.333
Train Client2 [13/15] LR=0.0000313 loss=0.169 ACC=96.816 F1=92.181 Rec=92.501 Prec=91.868
Train Client3 [13/15] LR=0.0000313 loss=0.210 ACC=97.348 F1=96.925 Rec=96.941 Prec=96.913
Train Client4 [13/15] LR=0.0000313 loss=0.183 ACC=96.494 F1=83.120 Rec=96.357 Prec=78.483
Train Client5 [13/15] LR=0.0000313 loss=0.135 ACC=97.946 F1=87.845 Rec=93.685 Prec=85.221
Train Client6 [13/15] LR=0.0000313 loss=0.517 ACC=88.333 F1=84.346 Rec=94.090 Prec=78.145
Train Client7 [13/15] LR=0.0000313 loss=0.317 ACC=94.394 F1=94.231 Rec=95.277 Prec=93.285

Val    [13/15] LR=0.0000313 loss=1.734 ACC=96.286 F1=96.249 Rec=96.286 Prec=96.496
Val-Known->Virtual [13/15] rate=0.000% prob_mean=0.000000 margin_mean=0.962447

Test-  OSR [13/15] LR=0.0000313 ACC=60.357 F1=63.124 Rec=80.476 Prec=53.744 UNK=0.000 OS*=96.571 HOS=0.000 AUROC=85.251 AUPR=77.780 OSCR=83.641
Test-Close [13/15] LR=0.0000313 loss=1.737 ACC=96.571 F1=96.536 Rec=96.571 Prec=96.665
Test-Virtual [13/15] CloseK->V=0.000% Open->V=0.000% OpenVEntropy=0.000000 CloseHist=[0, 0, 0] OpenHist=[0, 0, 0]
AnchorDiag [13/15] VNorm=[1.4564785957336426, 1.4465594291687012, 1.4535598754882812] VDriftMax=1.036539 Vcos(max/mean)=(0.5249/0.5237) KVcos(max/mean)=(0.2622/0.2124) ValK->V=0.00% CloseK->V=0.00% Open->V=0.00% OpenVEntropy=0.0000
Train Client0 [14/15] LR=0.0000313 loss=0.217 ACC=96.067 F1=76.931 Rec=76.930 Prec=76.935
Train Client1 [14/15] LR=0.0000313 loss=0.055 ACC=99.095 F1=96.918 Rec=97.152 Prec=96.691
Train Client2 [14/15] LR=0.0000313 loss=0.161 ACC=97.433 F1=94.426 Rec=94.892 Prec=93.973
Train Client3 [14/15] LR=0.0000313 loss=0.153 ACC=96.970 F1=96.103 Rec=95.953 Prec=96.261
Train Client4 [14/15] LR=0.0000313 loss=0.149 ACC=96.646 F1=83.132 Rec=91.878 Prec=79.499
Train Client5 [14/15] LR=0.0000313 loss=0.089 ACC=98.839 F1=88.607 Rec=94.256 Prec=86.165
Train Client6 [14/15] LR=0.0000313 loss=0.637 ACC=85.833 F1=81.461 Rec=93.653 Prec=74.486
Train Client7 [14/15] LR=0.0000313 loss=0.311 ACC=94.167 F1=93.213 Rec=94.569 Prec=92.021

Val    [14/15] LR=0.0000313 loss=1.742 ACC=96.171 F1=96.119 Rec=96.171 Prec=96.436
Val-Known->Virtual [14/15] rate=0.000% prob_mean=0.000000 margin_mean=0.960337

Test-  OSR [14/15] LR=0.0000313 ACC=60.143 F1=62.966 Rec=80.190 Prec=53.806 UNK=0.000 OS*=96.229 HOS=0.000 AUROC=85.071 AUPR=76.210 OSCR=83.444
Test-Close [14/15] LR=0.0000313 loss=1.744 ACC=96.229 F1=96.181 Rec=96.229 Prec=96.399
Test-Virtual [14/15] CloseK->V=0.000% Open->V=0.000% OpenVEntropy=0.000000 CloseHist=[0, 0, 0] OpenHist=[0, 0, 0]
AnchorDiag [14/15] VNorm=[1.4579519033432007, 1.4484018087387085, 1.4554824829101562] VDriftMax=1.039043 Vcos(max/mean)=(0.5261/0.5248) KVcos(max/mean)=(0.2701/0.2190) ValK->V=0.00% CloseK->V=0.00% Open->V=0.00% OpenVEntropy=0.0000
------>Best performance (by OSCR)--->>>>>>>

Test-  OSR [8/15] ACC=60.143 F1=62.693 Rec=80.190 Prec=53.387 UNK=0.000 OS*=96.229 HOS=0.000 AUROC=87.378 AUPR=81.518 OSCR=85.329
=====================================================================================================================================
The ending time ：2026-06-16 19:26:55
