Logging to: ./logs/RetinalOCT_Finetune_K5_U3_seed0_20260703_184749.log
==> Preparing data..
Protocol mode: hard
Fixed known classes: ['CSR', 'DR', 'DRUSEN', 'MH', 'NORMAL']
Fixed unknown classes: ['AMD', 'CNV', 'DME']
Known class list: [2 4 5 6 7] Unknown class list [0 1 3]
Total images — Train: 18400, Val: 2800, Test: 2800
{2: 0, 4: 1, 5: 2, 6: 3, 7: 4} {0: 5, 1: 6, 3: 7}
Known origin: [2 4 5 6 7] , new: [0 1 2 3 4]
Unknown origin: [0 1 3] , new: [5 6 7]
Known/Unknown in Train: 11500/6900
Known/Unknown in Val:   1750/1050
Known/Unknown in Test:  1750/1050
Client0 sample num: 1861
Client1 sample num: 2876
Client2 sample num: 2109
Client3 sample num: 533
Client4 sample num: 1312
Client5 sample num: 1125
Client6 sample num: 362
Client7 sample num: 1322

>>> Setting up
==> Using device: cuda:0
==> Building [Resnet18] model..
154
154
154
154
154
154
154
154
154
154
154
154
154
154
154
154
154
154
Train Client0 [0/30] LR=0.0001000 loss=10.843 ACC=99.084 F1=78.971 Rec=78.987 Prec=78.955
Train Client1 [0/30] LR=0.0001000 loss=7.509 ACC=97.528 F1=94.931 Rec=95.151 Prec=94.905
Train Client2 [0/30] LR=0.0001000 loss=9.062 ACC=97.386 F1=90.152 Rec=88.024 Prec=93.424
Train Client3 [0/30] LR=0.0001000 loss=21.202 ACC=98.106 F1=94.539 Rec=97.110 Prec=92.949
Train Client4 [0/30] LR=0.0001000 loss=13.797 ACC=96.265 F1=82.229 Rec=88.377 Prec=80.904
Train Client5 [0/30] LR=0.0001000 loss=15.362 ACC=98.929 F1=87.922 Rec=94.266 Prec=85.444
Train Client6 [0/30] LR=0.0001000 loss=23.419 ACC=93.056 F1=87.923 Rec=97.488 Prec=81.098
Train Client7 [0/30] LR=0.0001000 loss=14.639 ACC=98.333 F1=89.754 Rec=96.655 Prec=86.380

Test-  OSR [0/30] LR=0.0001000 ACC=60.643 F1=64.949 Rec=80.857 Prec=56.805 UNK=0.000 OS*=97.029 HOS=0.000 AUROC=85.177 AUPR=74.407 OSCR=84.131
Test-Close [0/30] LR=0.0001000 loss=1.735 ACC=97.029 F1=97.016 Rec=97.029 Prec=97.244

Saving best model . . . . . . . .

Train Client0 [1/30] LR=0.0001000 loss=0.541 ACC=99.030 F1=79.114 Rec=78.996 Prec=79.234
Train Client1 [1/30] LR=0.0001000 loss=0.662 ACC=96.623 F1=93.493 Rec=92.413 Prec=94.779
Train Client2 [1/30] LR=0.0001000 loss=0.530 ACC=97.196 F1=90.463 Rec=89.791 Prec=91.211
Train Client3 [1/30] LR=0.0001000 loss=1.142 ACC=98.295 F1=96.315 Rec=97.785 Prec=95.100
Train Client4 [1/30] LR=0.0001000 loss=0.743 ACC=97.561 F1=90.651 Rec=90.402 Prec=90.923
Train Client5 [1/30] LR=0.0001000 loss=0.651 ACC=98.929 F1=87.121 Rec=89.114 Prec=85.796
Train Client6 [1/30] LR=0.0001000 loss=2.168 ACC=94.722 F1=90.556 Rec=95.855 Prec=86.481
Train Client7 [1/30] LR=0.0001000 loss=0.737 ACC=98.030 F1=89.076 Rec=96.118 Prec=85.397

Test-  OSR [1/30] LR=0.0001000 ACC=69.036 F1=74.282 Rec=83.349 Prec=76.626 UNK=26.095 OS*=94.800 HOS=40.925 AUROC=86.275 AUPR=81.092 OSCR=83.542
Test-Close [1/30] LR=0.0001000 loss=1.816 ACC=95.600 F1=95.555 Rec=95.600 Prec=96.203

Train Client0 [2/30] LR=0.0001000 loss=0.204 ACC=98.761 F1=78.870 Rec=78.990 Prec=78.753
Train Client1 [2/30] LR=0.0001000 loss=0.469 ACC=96.483 F1=92.622 Rec=92.042 Prec=93.429
Train Client2 [2/30] LR=0.0001000 loss=0.318 ACC=96.055 F1=86.657 Rec=86.728 Prec=86.693
Train Client3 [2/30] LR=0.0001000 loss=0.198 ACC=98.106 F1=94.347 Rec=94.260 Prec=94.436
Train Client4 [2/30] LR=0.0001000 loss=0.407 ACC=96.951 F1=90.132 Rec=94.962 Prec=87.135
Train Client5 [2/30] LR=0.0001000 loss=0.168 ACC=98.750 F1=88.203 Rec=94.046 Prec=85.584
Train Client6 [2/30] LR=0.0001000 loss=0.949 ACC=90.278 F1=85.625 Rec=94.373 Prec=80.394
Train Client7 [2/30] LR=0.0001000 loss=0.388 ACC=97.576 F1=84.918 Rec=95.042 Prec=81.661

Test-  OSR [2/30] LR=0.0001000 ACC=76.000 F1=80.194 Rec=85.619 Prec=79.767 UNK=47.143 OS*=93.314 HOS=62.640 AUROC=88.378 AUPR=83.368 OSCR=85.066
Test-Close [2/30] LR=0.0001000 loss=1.847 ACC=96.171 F1=96.142 Rec=96.171 Prec=96.601

Saving best model . . . . . . . .

Train Client0 [3/30] LR=0.0001000 loss=0.107 ACC=99.407 F1=79.379 Rec=79.412 Prec=79.346
Train Client1 [3/30] LR=0.0001000 loss=0.362 ACC=97.319 F1=94.473 Rec=94.603 Prec=94.502
Train Client2 [3/30] LR=0.0001000 loss=0.285 ACC=97.291 F1=90.359 Rec=89.091 Prec=92.145
Train Client3 [3/30] LR=0.0001000 loss=0.179 ACC=98.106 F1=97.760 Rec=97.841 Prec=97.682
Train Client4 [3/30] LR=0.0001000 loss=0.366 ACC=97.180 F1=90.186 Rec=96.151 Prec=86.614
Train Client5 [3/30] LR=0.0001000 loss=0.195 ACC=98.750 F1=86.854 Rec=88.598 Prec=85.786
Train Client6 [3/30] LR=0.0001000 loss=0.741 ACC=95.278 F1=90.868 Rec=93.620 Prec=89.737
Train Client7 [3/30] LR=0.0001000 loss=0.329 ACC=97.197 F1=81.496 Rec=95.606 Prec=78.147

Test-  OSR [3/30] LR=0.0001000 ACC=78.679 F1=82.270 Rec=86.556 Prec=80.932 UNK=55.048 OS*=92.857 HOS=69.120 AUROC=89.847 AUPR=84.057 OSCR=86.470
Test-Close [3/30] LR=0.0001000 loss=1.849 ACC=96.629 F1=96.611 Rec=96.629 Prec=96.853

Saving best model . . . . . . . .

Train Client0 [4/30] LR=0.0001000 loss=0.149 ACC=98.922 F1=78.923 Rec=78.912 Prec=78.935
Train Client1 [4/30] LR=0.0001000 loss=0.291 ACC=97.319 F1=94.796 Rec=94.191 Prec=95.505
Train Client2 [4/30] LR=0.0001000 loss=0.290 ACC=96.483 F1=88.161 Rec=87.845 Prec=88.585
Train Client3 [4/30] LR=0.0001000 loss=0.270 ACC=97.727 F1=94.215 Rec=96.954 Prec=92.206
Train Client4 [4/30] LR=0.0001000 loss=0.380 ACC=96.418 F1=87.553 Rec=90.540 Prec=85.097
Train Client5 [4/30] LR=0.0001000 loss=0.156 ACC=98.571 F1=83.201 Rec=83.788 Prec=82.727
Train Client6 [4/30] LR=0.0001000 loss=0.790 ACC=95.556 F1=89.173 Rec=91.508 Prec=87.097
Train Client7 [4/30] LR=0.0001000 loss=0.355 ACC=97.348 F1=88.028 Rec=95.399 Prec=84.137

Test-  OSR [4/30] LR=0.0001000 ACC=79.429 F1=82.290 Rec=83.079 Prec=82.049 UNK=68.476 OS*=86.000 HOS=76.244 AUROC=87.921 AUPR=82.147 OSCR=80.344
Test-Close [4/30] LR=0.0001000 loss=1.959 ACC=96.629 F1=96.612 Rec=96.629 Prec=96.886

Train Client0 [5/30] LR=0.0001000 loss=0.118 ACC=99.300 F1=98.977 Rec=99.000 Prec=98.955
Train Client1 [5/30] LR=0.0001000 loss=0.277 ACC=97.040 F1=94.520 Rec=94.295 Prec=94.932
Train Client2 [5/30] LR=0.0001000 loss=0.241 ACC=96.816 F1=88.782 Rec=87.778 Prec=90.265
Train Client3 [5/30] LR=0.0001000 loss=0.214 ACC=97.538 F1=92.975 Rec=96.798 Prec=90.503
Train Client4 [5/30] LR=0.0001000 loss=0.380 ACC=96.875 F1=86.196 Rec=88.370 Prec=84.338
Train Client5 [5/30] LR=0.0001000 loss=0.125 ACC=98.393 F1=82.092 Rec=83.632 Prec=81.387
Train Client6 [5/30] LR=0.0001000 loss=0.756 ACC=92.222 F1=83.958 Rec=95.215 Prec=77.715
Train Client7 [5/30] LR=0.0001000 loss=0.364 ACC=97.500 F1=83.161 Rec=95.337 Prec=80.022

Test-  OSR [5/30] LR=0.0001000 ACC=77.929 F1=82.286 Rec=86.476 Prec=81.774 UNK=52.286 OS*=93.314 HOS=67.019 AUROC=86.591 AUPR=81.639 OSCR=83.595
Test-Close [5/30] LR=0.0001000 loss=1.849 ACC=96.743 F1=96.735 Rec=96.743 Prec=96.924

Train Client0 [6/30] LR=0.0001000 loss=0.119 ACC=99.138 F1=79.048 Rec=79.080 Prec=79.017
Train Client1 [6/30] LR=0.0001000 loss=0.258 ACC=96.971 F1=93.962 Rec=93.933 Prec=94.189
Train Client2 [6/30] LR=0.0001000 loss=0.274 ACC=96.388 F1=86.936 Rec=86.342 Prec=87.744
Train Client3 [6/30] LR=0.0001000 loss=0.254 ACC=97.538 F1=90.860 Rec=90.928 Prec=90.803
Train Client4 [6/30] LR=0.0001000 loss=0.432 ACC=96.723 F1=88.948 Rec=94.699 Prec=85.551
Train Client5 [6/30] LR=0.0001000 loss=0.111 ACC=99.018 F1=89.048 Rec=88.919 Prec=89.182
Train Client6 [6/30] LR=0.0001000 loss=0.799 ACC=93.611 F1=88.768 Rec=97.011 Prec=83.395
Train Client7 [6/30] LR=0.0001000 loss=0.258 ACC=98.030 F1=89.030 Rec=96.425 Prec=85.022

Test-  OSR [6/30] LR=0.0001000 ACC=65.286 F1=59.760 Rec=57.238 Prec=85.201 UNK=89.429 OS*=50.800 HOS=64.794 AUROC=83.867 AUPR=77.628 OSCR=49.322
Test-Close [6/30] LR=0.0001000 loss=2.532 ACC=97.029 F1=97.018 Rec=97.029 Prec=97.277

Train Client0 [7/30] LR=0.0001000 loss=0.073 ACC=99.246 F1=98.890 Rec=98.910 Prec=98.873
Train Client1 [7/30] LR=0.0001000 loss=0.233 ACC=97.319 F1=94.613 Rec=94.161 Prec=95.330
Train Client2 [7/30] LR=0.0001000 loss=0.281 ACC=96.625 F1=87.779 Rec=86.674 Prec=89.308
Train Client3 [7/30] LR=0.0001000 loss=0.257 ACC=98.485 F1=94.418 Rec=98.235 Prec=92.035
Train Client4 [7/30] LR=0.0001000 loss=0.498 ACC=96.341 F1=89.977 Rec=92.607 Prec=87.804
Train Client5 [7/30] LR=0.0001000 loss=0.094 ACC=98.929 F1=87.971 Rec=88.977 Prec=87.188
Train Client6 [7/30] LR=0.0001000 loss=0.830 ACC=93.889 F1=89.832 Rec=95.620 Prec=85.678
Train Client7 [7/30] LR=0.0001000 loss=0.294 ACC=97.424 F1=83.922 Rec=94.021 Prec=80.677

Test-  OSR [7/30] LR=0.0001000 ACC=57.500 F1=46.324 Rec=46.159 Prec=67.772 UNK=91.524 OS*=37.086 HOS=52.783 AUROC=79.586 AUPR=71.727 OSCR=36.476
Test-Close [7/30] LR=0.0001000 loss=2.795 ACC=97.029 F1=97.025 Rec=97.029 Prec=97.124

Train Client0 [8/30] LR=0.0001000 loss=0.139 ACC=98.815 F1=78.942 Rec=78.878 Prec=79.006
Train Client1 [8/30] LR=0.0001000 loss=0.238 ACC=97.249 F1=94.650 Rec=94.090 Prec=95.388
Train Client2 [8/30] LR=0.0001000 loss=0.281 ACC=96.198 F1=85.873 Rec=84.939 Prec=88.079
Train Client3 [8/30] LR=0.0001000 loss=0.190 ACC=98.106 F1=96.034 Rec=97.519 Prec=94.768
Train Client4 [8/30] LR=0.0001000 loss=0.371 ACC=96.646 F1=86.919 Rec=89.850 Prec=84.419
Train Client5 [8/30] LR=0.0001000 loss=0.117 ACC=99.018 F1=89.071 Rec=89.223 Prec=88.922
Train Client6 [8/30] LR=0.0001000 loss=0.732 ACC=92.778 F1=84.843 Rec=95.829 Prec=78.629
Train Client7 [8/30] LR=0.0001000 loss=0.343 ACC=97.727 F1=88.928 Rec=95.457 Prec=85.851

Test-  OSR [8/30] LR=0.0001000 ACC=60.679 F1=51.427 Rec=49.127 Prec=69.046 UNK=95.333 OS*=39.886 HOS=56.241 AUROC=81.139 AUPR=69.935 OSCR=39.552
Test-Close [8/30] LR=0.0001000 loss=2.776 ACC=97.086 F1=97.083 Rec=97.086 Prec=97.161

Train Client0 [9/30] LR=0.0001000 loss=0.083 ACC=99.461 F1=79.443 Rec=79.474 Prec=79.411
Train Client1 [9/30] LR=0.0001000 loss=0.246 ACC=96.901 F1=94.068 Rec=93.237 Prec=95.114
Train Client2 [9/30] LR=0.0001000 loss=0.261 ACC=96.435 F1=86.900 Rec=85.918 Prec=88.466
Train Client3 [9/30] LR=0.0001000 loss=0.119 ACC=98.106 F1=97.253 Rec=97.165 Prec=97.351
Train Client4 [9/30] LR=0.0001000 loss=0.364 ACC=97.027 F1=90.556 Rec=92.895 Prec=88.636
Train Client5 [9/30] LR=0.0001000 loss=0.084 ACC=99.196 F1=89.381 Rec=89.444 Prec=89.319
Train Client6 [9/30] LR=0.0001000 loss=0.776 ACC=92.222 F1=84.278 Rec=95.193 Prec=78.464
Train Client7 [9/30] LR=0.0001000 loss=0.246 ACC=97.576 F1=87.380 Rec=94.153 Prec=84.072

Test-  OSR [9/30] LR=0.0001000 ACC=59.679 F1=44.591 Rec=46.333 Prec=74.553 UNK=99.714 OS*=35.657 HOS=52.530 AUROC=84.578 AUPR=74.245 OSCR=35.640
Test-Close [9/30] LR=0.0001000 loss=2.946 ACC=96.571 F1=96.563 Rec=96.571 Prec=96.736

Train Client0 [10/30] LR=0.0001000 loss=0.110 ACC=99.353 F1=79.389 Rec=79.356 Prec=79.422
Train Client1 [10/30] LR=0.0001000 loss=0.279 ACC=97.110 F1=93.829 Rec=93.370 Prec=94.583
Train Client2 [10/30] LR=0.0001000 loss=0.237 ACC=97.338 F1=90.495 Rec=89.310 Prec=92.128
Train Client3 [10/30] LR=0.0001000 loss=0.198 ACC=97.538 F1=92.613 Rec=93.929 Prec=91.482
Train Client4 [10/30] LR=0.0001000 loss=0.402 ACC=97.104 F1=90.544 Rec=92.136 Prec=89.458
Train Client5 [10/30] LR=0.0001000 loss=0.088 ACC=98.661 F1=83.759 Rec=83.625 Prec=83.896
Train Client6 [10/30] LR=0.0001000 loss=0.599 ACC=94.722 F1=85.568 Rec=89.970 Prec=81.968
Train Client7 [10/30] LR=0.0001000 loss=0.259 ACC=98.258 F1=95.914 Rec=95.986 Prec=95.982

Test-  OSR [10/30] LR=0.0001000 ACC=64.000 F1=51.566 Rec=52.159 Prec=58.266 UNK=99.524 OS*=42.686 HOS=59.746 AUROC=85.641 AUPR=75.561 OSCR=42.659
Test-Close [10/30] LR=0.0001000 loss=2.891 ACC=96.571 F1=96.548 Rec=96.571 Prec=96.866

Train Client0 [11/30] LR=0.0001000 loss=0.092 ACC=99.138 F1=79.004 Rec=79.002 Prec=79.008
Train Client1 [11/30] LR=0.0001000 loss=0.225 ACC=97.075 F1=93.434 Rec=93.341 Prec=93.739
Train Client2 [11/30] LR=0.0001000 loss=0.247 ACC=96.578 F1=88.454 Rec=87.881 Prec=89.206
Train Client3 [11/30] LR=0.0001000 loss=0.178 ACC=97.917 F1=93.967 Rec=93.958 Prec=93.980
Train Client4 [11/30] LR=0.0001000 loss=0.487 ACC=96.646 F1=85.562 Rec=88.648 Prec=83.105
Train Client5 [11/30] LR=0.0001000 loss=0.100 ACC=98.750 F1=85.633 Rec=83.976 Prec=88.958
Train Client6 [11/30] LR=0.0001000 loss=0.722 ACC=94.167 F1=89.923 Rec=95.639 Prec=85.481
Train Client7 [11/30] LR=0.0001000 loss=0.244 ACC=98.106 F1=95.676 Rec=95.840 Prec=95.681

Test-  OSR [11/30] LR=0.0001000 ACC=66.036 F1=56.463 Rec=55.921 Prec=69.617 UNK=96.381 OS*=47.829 HOS=63.931 AUROC=84.780 AUPR=75.097 OSCR=47.609
Test-Close [11/30] LR=0.0001000 loss=2.708 ACC=97.029 F1=97.028 Rec=97.029 Prec=97.036

Train Client0 [12/30] LR=0.0001000 loss=0.154 ACC=98.707 F1=78.752 Rec=78.826 Prec=78.679
Train Client1 [12/30] LR=0.0001000 loss=0.236 ACC=96.901 F1=93.054 Rec=92.067 Prec=94.288
Train Client2 [12/30] LR=0.0001000 loss=0.254 ACC=96.578 F1=88.155 Rec=87.422 Prec=89.048
Train Client3 [12/30] LR=0.0001000 loss=0.209 ACC=97.917 F1=95.768 Rec=97.260 Prec=94.499
Train Client4 [12/30] LR=0.0001000 loss=0.340 ACC=96.951 F1=86.138 Rec=86.864 Prec=85.470
Train Client5 [12/30] LR=0.0001000 loss=0.062 ACC=99.375 F1=92.806 Rec=94.513 Prec=91.435
Train Client6 [12/30] LR=0.0001000 loss=0.778 ACC=91.667 F1=87.594 Rec=93.549 Prec=83.955
Train Client7 [12/30] LR=0.0001000 loss=0.283 ACC=98.333 F1=89.473 Rec=95.955 Prec=86.501

Test-  OSR [12/30] LR=0.0001000 ACC=61.179 F1=45.912 Rec=48.302 Prec=73.291 UNK=99.810 OS*=38.000 HOS=55.044 AUROC=88.662 AUPR=81.704 OSCR=37.990
Test-Close [12/30] LR=0.0001000 loss=2.928 ACC=96.857 F1=96.845 Rec=96.857 Prec=97.048

Train Client0 [13/30] LR=0.0001000 loss=0.077 ACC=99.353 F1=79.402 Rec=79.443 Prec=79.363
Train Client1 [13/30] LR=0.0001000 loss=0.213 ACC=97.249 F1=94.134 Rec=93.371 Prec=95.019
Train Client2 [13/30] LR=0.0001000 loss=0.218 ACC=97.196 F1=89.839 Rec=88.564 Prec=91.680
Train Client3 [13/30] LR=0.0001000 loss=0.206 ACC=97.917 F1=97.011 Rec=97.004 Prec=97.157
Train Client4 [13/30] LR=0.0001000 loss=0.396 ACC=96.570 F1=86.411 Rec=88.021 Prec=84.930
Train Client5 [13/30] LR=0.0001000 loss=0.119 ACC=98.750 F1=92.083 Rec=93.732 Prec=90.768
Train Client6 [13/30] LR=0.0001000 loss=0.454 ACC=95.000 F1=89.701 Rec=96.537 Prec=84.742
Train Client7 [13/30] LR=0.0001000 loss=0.260 ACC=97.727 F1=74.795 Rec=75.158 Prec=74.492

Test-  OSR [13/30] LR=0.0001000 ACC=58.500 F1=41.147 Rec=44.698 Prec=74.528 UNK=99.905 OS*=33.657 HOS=50.351 AUROC=87.020 AUPR=78.117 OSCR=33.655
Test-Close [13/30] LR=0.0001000 loss=3.240 ACC=96.571 F1=96.556 Rec=96.571 Prec=96.668

Train Client0 [14/30] LR=0.0001000 loss=0.071 ACC=99.407 F1=79.502 Rec=79.543 Prec=79.463
Train Client1 [14/30] LR=0.0001000 loss=0.203 ACC=97.249 F1=94.606 Rec=93.826 Prec=95.546
Train Client2 [14/30] LR=0.0001000 loss=0.207 ACC=96.911 F1=89.092 Rec=88.654 Prec=89.678
Train Client3 [14/30] LR=0.0001000 loss=0.179 ACC=97.917 F1=96.877 Rec=96.872 Prec=96.886
Train Client4 [14/30] LR=0.0001000 loss=0.390 ACC=97.256 F1=89.305 Rec=91.261 Prec=87.694
Train Client5 [14/30] LR=0.0001000 loss=0.131 ACC=99.196 F1=92.517 Rec=89.317 Prec=99.054
Train Client6 [14/30] LR=0.0001000 loss=0.753 ACC=93.611 F1=89.247 Rec=98.303 Prec=83.471
Train Client7 [14/30] LR=0.0001000 loss=0.311 ACC=97.727 F1=88.217 Rec=95.434 Prec=84.572

Test-  OSR [14/30] LR=0.0001000 ACC=52.464 F1=34.474 Rec=36.619 Prec=57.350 UNK=100.000 OS*=23.943 HOS=38.635 AUROC=88.245 AUPR=81.504 OSCR=23.943
Test-Close [14/30] LR=0.0001000 loss=3.500 ACC=96.743 F1=96.724 Rec=96.743 Prec=97.052

Train Client0 [15/30] LR=0.0001000 loss=0.085 ACC=99.246 F1=79.147 Rec=79.140 Prec=79.155
Train Client1 [15/30] LR=0.0001000 loss=0.211 ACC=96.901 F1=93.994 Rec=93.694 Prec=94.437
Train Client2 [15/30] LR=0.0001000 loss=0.216 ACC=96.530 F1=86.775 Rec=85.453 Prec=89.079
Train Client3 [15/30] LR=0.0001000 loss=0.170 ACC=98.485 F1=96.600 Rec=98.075 Prec=95.361
Train Client4 [15/30] LR=0.0001000 loss=0.461 ACC=96.265 F1=83.850 Rec=88.191 Prec=81.032
Train Client5 [15/30] LR=0.0001000 loss=0.130 ACC=98.750 F1=83.465 Rec=83.916 Prec=83.127
Train Client6 [15/30] LR=0.0001000 loss=0.893 ACC=92.222 F1=90.242 Rec=95.123 Prec=87.637
Train Client7 [15/30] LR=0.0001000 loss=0.305 ACC=97.879 F1=85.290 Rec=95.753 Prec=81.510

Test-  OSR [15/30] LR=0.0001000 ACC=60.214 F1=46.858 Rec=46.984 Prec=74.701 UNK=99.905 OS*=36.400 HOS=53.359 AUROC=87.149 AUPR=77.875 OSCR=36.395
Test-Close [15/30] LR=0.0001000 loss=3.169 ACC=96.686 F1=96.671 Rec=96.686 Prec=97.008

Train Client0 [16/30] LR=0.0001000 loss=0.082 ACC=99.353 F1=79.454 Rec=79.478 Prec=79.431
Train Client1 [16/30] LR=0.0001000 loss=0.194 ACC=97.458 F1=95.467 Rec=95.019 Prec=96.018
