Logging to: ./logs/RetinalOCT_Finetune_K5_U3_seed0_20260703_093003.log
==> Preparing data..
Protocol mode: hard
Fixed known classes: ['CSR', 'DR', 'DRUSEN', 'MH', 'NORMAL']
Fixed unknown classes: ['AMD', 'CNV', 'DME']
Known class list: [2 4 5 6 7] Unknown class list [0 1 3]
Total images — Train: 18400, Val: 2800, Test: 2800
{2: 0, 4: 1, 5: 2, 6: 3, 7: 4} {0: 5, 1: 6, 3: 7}
Known origin: [2 4 5 6 7] , new: [0 1 2 3 4]
Unknown origin: [0 1 3] , new: [5 6 7]
Known/Unknown in Train: 11500/6900
Known/Unknown in Val:   1750/1050
Known/Unknown in Test:  1750/1050
Client0 sample num: 1861
Client1 sample num: 2876
Client2 sample num: 2109
Client3 sample num: 533
Client4 sample num: 1312
Client5 sample num: 1125
Client6 sample num: 362
Client7 sample num: 1322

>>> Setting up
==> Using device: cuda:1
==> Building [Resnet18] model..
154
154
154
154
154
154
154
154
154
154
154
154
154
154
154
154
154
154
Train Client0 [0/30] LR=0.0001000 loss=7.025 ACC=79.095 F1=55.651 Rec=55.084 Prec=57.396
Train Client1 [0/30] LR=0.0001000 loss=5.155 ACC=82.695 F1=53.286 Rec=53.896 Prec=56.820
Train Client2 [0/30] LR=0.0001000 loss=7.209 ACC=74.715 F1=40.835 Rec=42.042 Prec=40.719
Train Client3 [0/30] LR=0.0001000 loss=16.388 ACC=62.879 F1=50.471 Rec=53.206 Prec=49.865
Train Client4 [0/30] LR=0.0001000 loss=9.711 ACC=80.259 F1=41.399 Rec=42.097 Prec=41.914
Train Client5 [0/30] LR=0.0001000 loss=11.775 ACC=63.839 F1=42.094 Rec=42.519 Prec=43.362
Train Client6 [0/30] LR=0.0001000 loss=16.448 ACC=71.667 F1=28.101 Rec=27.883 Prec=28.462
Train Client7 [0/30] LR=0.0001000 loss=9.226 ACC=82.273 F1=36.640 Rec=37.724 Prec=36.499

Test-  OSR [0/30] LR=0.0001000 ACC=42.607 F1=40.764 Rec=56.810 Prec=34.880 UNK=0.000 OS*=68.171 HOS=0.000 AUROC=54.960 AUPR=45.609 OSCR=43.621
Test-Close [0/30] LR=0.0001000 loss=2.589 ACC=71.771 F1=66.435 Rec=71.771 Prec=80.757

Saving best model . . . . . . . .

Train Client0 [1/30] LR=0.0001000 loss=1.321 ACC=86.422 F1=63.862 Rec=63.869 Prec=64.147
Train Client1 [1/30] LR=0.0001000 loss=1.379 ACC=87.221 F1=62.522 Rec=61.734 Prec=64.634
Train Client2 [1/30] LR=0.0001000 loss=1.305 ACC=87.738 F1=60.232 Rec=58.894 Prec=66.634
Train Client3 [1/30] LR=0.0001000 loss=1.929 ACC=83.712 F1=70.549 Rec=71.911 Prec=70.306
Train Client4 [1/30] LR=0.0001000 loss=1.284 ACC=88.720 F1=52.217 Rec=50.333 Prec=59.649
Train Client5 [1/30] LR=0.0001000 loss=1.890 ACC=80.357 F1=58.365 Rec=57.968 Prec=59.882
Train Client6 [1/30] LR=0.0001000 loss=2.073 ACC=81.111 F1=50.944 Rec=54.267 Prec=49.543
Train Client7 [1/30] LR=0.0001000 loss=1.402 ACC=87.424 F1=52.315 Rec=51.617 Prec=54.052

Test-  OSR [1/30] LR=0.0001000 ACC=62.750 F1=63.834 Rec=64.873 Prec=75.469 UNK=56.381 OS*=66.571 HOS=61.054 AUROC=68.513 AUPR=65.626 OSCR=52.527
Test-Close [1/30] LR=0.0001000 loss=2.355 ACC=87.657 F1=87.469 Rec=87.657 Prec=88.989

Saving best model . . . . . . . .

Train Client0 [2/30] LR=0.0001000 loss=1.002 ACC=89.224 F1=84.224 Rec=84.281 Prec=84.574
Train Client1 [2/30] LR=0.0001000 loss=1.079 ACC=88.858 F1=71.314 Rec=68.371 Prec=80.880
Train Client2 [2/30] LR=0.0001000 loss=1.099 ACC=88.593 F1=63.302 Rec=62.718 Prec=65.403
Train Client3 [2/30] LR=0.0001000 loss=1.365 ACC=87.311 F1=73.284 Rec=73.897 Prec=72.791
Train Client4 [2/30] LR=0.0001000 loss=0.922 ACC=91.845 F1=62.047 Rec=59.616 Prec=65.930
Train Client5 [2/30] LR=0.0001000 loss=1.358 ACC=85.179 F1=65.470 Rec=65.487 Prec=65.473
Train Client6 [2/30] LR=0.0001000 loss=1.742 ACC=80.278 F1=62.687 Rec=75.886 Prec=56.263
Train Client7 [2/30] LR=0.0001000 loss=1.098 ACC=89.545 F1=63.258 Rec=78.576 Prec=63.883

Test-  OSR [2/30] LR=0.0001000 ACC=70.321 F1=74.088 Rec=76.365 Prec=75.620 UNK=52.190 OS*=81.200 HOS=63.541 AUROC=74.669 AUPR=70.644 OSCR=65.984
Test-Close [2/30] LR=0.0001000 loss=2.167 ACC=89.200 F1=89.074 Rec=89.200 Prec=90.236

Saving best model . . . . . . . .

Train Client0 [3/30] LR=0.0001000 loss=0.765 ACC=91.918 F1=70.432 Rec=70.454 Prec=70.483
Train Client1 [3/30] LR=0.0001000 loss=0.898 ACC=91.678 F1=80.683 Rec=78.838 Prec=83.203
Train Client2 [3/30] LR=0.0001000 loss=0.962 ACC=90.304 F1=69.964 Rec=68.910 Prec=72.135
Train Client3 [3/30] LR=0.0001000 loss=1.138 ACC=90.530 F1=75.713 Rec=76.581 Prec=75.041
Train Client4 [3/30] LR=0.0001000 loss=0.768 ACC=92.607 F1=68.257 Rec=68.131 Prec=68.524
Train Client5 [3/30] LR=0.0001000 loss=1.214 ACC=87.679 F1=67.708 Rec=67.770 Prec=67.675
Train Client6 [3/30] LR=0.0001000 loss=1.329 ACC=86.389 F1=69.396 Rec=78.143 Prec=64.189
Train Client7 [3/30] LR=0.0001000 loss=0.922 ACC=90.909 F1=61.892 Rec=60.677 Prec=63.554

Test-  OSR [3/30] LR=0.0001000 ACC=70.536 F1=75.114 Rec=80.206 Prec=76.239 UNK=41.524 OS*=87.943 HOS=56.412 AUROC=79.088 AUPR=74.635 OSCR=73.349
Test-Close [3/30] LR=0.0001000 loss=2.015 ACC=90.629 F1=90.556 Rec=90.629 Prec=91.684

Saving best model . . . . . . . .

Train Client0 [4/30] LR=0.0001000 loss=0.699 ACC=93.534 F1=72.485 Rec=72.417 Prec=72.721
Train Client1 [4/30] LR=0.0001000 loss=0.848 ACC=91.504 F1=81.926 Rec=79.403 Prec=85.370
Train Client2 [4/30] LR=0.0001000 loss=0.894 ACC=90.827 F1=71.430 Rec=70.503 Prec=73.533
Train Client3 [4/30] LR=0.0001000 loss=1.050 ACC=90.152 F1=71.673 Rec=71.746 Prec=71.674
Train Client4 [4/30] LR=0.0001000 loss=0.675 ACC=93.750 F1=70.298 Rec=69.201 Prec=71.731
Train Client5 [4/30] LR=0.0001000 loss=1.071 ACC=89.821 F1=75.150 Rec=74.353 Prec=76.198
Train Client6 [4/30] LR=0.0001000 loss=1.212 ACC=89.167 F1=73.528 Rec=77.624 Prec=70.255
Train Client7 [4/30] LR=0.0001000 loss=0.892 ACC=91.515 F1=68.793 Rec=83.851 Prec=67.454

Test-  OSR [4/30] LR=0.0001000 ACC=69.679 F1=74.839 Rec=79.603 Prec=76.483 UNK=39.905 OS*=87.543 HOS=54.821 AUROC=78.588 AUPR=73.148 OSCR=73.105
Test-Close [4/30] LR=0.0001000 loss=2.003 ACC=91.314 F1=91.231 Rec=91.314 Prec=92.291

Train Client0 [5/30] LR=0.0001000 loss=0.623 ACC=94.343 F1=73.326 Rec=73.210 Prec=73.466
Train Client1 [5/30] LR=0.0001000 loss=0.736 ACC=92.827 F1=83.696 Rec=82.597 Prec=85.371
Train Client2 [5/30] LR=0.0001000 loss=0.780 ACC=91.825 F1=74.105 Rec=73.026 Prec=76.495
Train Client3 [5/30] LR=0.0001000 loss=0.934 ACC=90.909 F1=79.233 Rec=82.163 Prec=78.022
Train Client4 [5/30] LR=0.0001000 loss=0.708 ACC=93.598 F1=69.647 Rec=70.129 Prec=69.358
Train Client5 [5/30] LR=0.0001000 loss=0.933 ACC=92.143 F1=76.862 Rec=77.144 Prec=76.609
Train Client6 [5/30] LR=0.0001000 loss=1.174 ACC=87.222 F1=69.294 Rec=76.020 Prec=64.830
Train Client7 [5/30] LR=0.0001000 loss=0.938 ACC=90.985 F1=63.356 Rec=62.764 Prec=64.209

Test-  OSR [5/30] LR=0.0001000 ACC=71.679 F1=76.337 Rec=82.048 Prec=76.783 UNK=40.571 OS*=90.343 HOS=55.996 AUROC=80.692 AUPR=74.467 OSCR=76.684
Test-Close [5/30] LR=0.0001000 loss=1.923 ACC=93.543 F1=93.512 Rec=93.543 Prec=94.008

Saving best model . . . . . . . .

Train Client0 [6/30] LR=0.0001000 loss=0.588 ACC=94.558 F1=91.956 Rec=92.072 Prec=91.854
Train Client1 [6/30] LR=0.0001000 loss=0.776 ACC=93.315 F1=85.075 Rec=82.760 Prec=88.304
Train Client2 [6/30] LR=0.0001000 loss=0.825 ACC=91.920 F1=73.480 Rec=72.939 Prec=75.291
Train Client3 [6/30] LR=0.0001000 loss=0.802 ACC=93.371 F1=82.055 Rec=84.482 Prec=80.721
Train Client4 [6/30] LR=0.0001000 loss=0.741 ACC=93.369 F1=69.302 Rec=69.822 Prec=68.857
Train Client5 [6/30] LR=0.0001000 loss=0.743 ACC=92.411 F1=76.607 Rec=76.496 Prec=76.733
Train Client6 [6/30] LR=0.0001000 loss=1.021 ACC=91.944 F1=78.867 Rec=88.288 Prec=73.423
Train Client7 [6/30] LR=0.0001000 loss=0.922 ACC=92.045 F1=67.745 Rec=68.481 Prec=67.508

Test-  OSR [6/30] LR=0.0001000 ACC=75.357 F1=79.071 Rec=79.778 Prec=80.931 UNK=62.095 OS*=83.314 HOS=71.157 AUROC=76.788 AUPR=71.043 OSCR=69.352
Test-Close [6/30] LR=0.0001000 loss=2.124 ACC=93.257 F1=93.215 Rec=93.257 Prec=93.777

Train Client0 [7/30] LR=0.0001000 loss=0.540 ACC=94.558 F1=91.949 Rec=92.045 Prec=91.869
Train Client1 [7/30] LR=0.0001000 loss=0.725 ACC=93.628 F1=85.877 Rec=85.598 Prec=86.579
Train Client2 [7/30] LR=0.0001000 loss=0.691 ACC=92.300 F1=74.353 Rec=74.111 Prec=75.468
Train Client3 [7/30] LR=0.0001000 loss=0.713 ACC=93.371 F1=84.467 Rec=87.813 Prec=82.533
Train Client4 [7/30] LR=0.0001000 loss=0.685 ACC=94.055 F1=75.186 Rec=77.898 Prec=72.890
Train Client5 [7/30] LR=0.0001000 loss=0.647 ACC=93.036 F1=80.951 Rec=82.961 Prec=79.611
Train Client6 [7/30] LR=0.0001000 loss=1.178 ACC=88.056 F1=71.027 Rec=82.796 Prec=65.597
Train Client7 [7/30] LR=0.0001000 loss=0.733 ACC=93.485 F1=68.703 Rec=68.282 Prec=69.398

Test-  OSR [7/30] LR=0.0001000 ACC=73.786 F1=77.763 Rec=76.413 Prec=81.813 UNK=65.905 OS*=78.514 HOS=71.659 AUROC=75.454 AUPR=71.263 OSCR=64.933
Test-Close [7/30] LR=0.0001000 loss=2.173 ACC=94.743 F1=94.730 Rec=94.743 Prec=94.994

Train Client0 [8/30] LR=0.0001000 loss=0.455 ACC=94.881 F1=74.079 Rec=74.175 Prec=73.991
Train Client1 [8/30] LR=0.0001000 loss=0.652 ACC=93.593 F1=85.196 Rec=83.997 Prec=86.883
Train Client2 [8/30] LR=0.0001000 loss=0.615 ACC=92.776 F1=77.495 Rec=77.597 Prec=77.686
Train Client3 [8/30] LR=0.0001000 loss=0.627 ACC=94.697 F1=82.211 Rec=82.532 Prec=81.906
Train Client4 [8/30] LR=0.0001000 loss=0.613 ACC=94.741 F1=79.785 Rec=81.593 Prec=78.238
Train Client5 [8/30] LR=0.0001000 loss=0.683 ACC=92.679 F1=77.195 Rec=77.859 Prec=76.651
Train Client6 [8/30] LR=0.0001000 loss=1.087 ACC=89.167 F1=74.622 Rec=85.148 Prec=69.358
Train Client7 [8/30] LR=0.0001000 loss=0.652 ACC=94.167 F1=67.157 Rec=66.677 Prec=67.739

Test-  OSR [8/30] LR=0.0001000 ACC=75.607 F1=79.154 Rec=78.746 Prec=81.679 UNK=66.190 OS*=81.257 HOS=72.954 AUROC=79.502 AUPR=72.670 OSCR=70.480
Test-Close [8/30] LR=0.0001000 loss=2.139 ACC=94.400 F1=94.368 Rec=94.400 Prec=94.950

Train Client0 [9/30] LR=0.0001000 loss=0.406 ACC=95.851 F1=93.984 Rec=94.100 Prec=93.872
Train Client1 [9/30] LR=0.0001000 loss=0.672 ACC=93.524 F1=85.468 Rec=83.889 Prec=87.662
Train Client2 [9/30] LR=0.0001000 loss=0.574 ACC=94.011 F1=80.884 Rec=79.620 Prec=83.016
Train Client3 [9/30] LR=0.0001000 loss=0.580 ACC=94.697 F1=85.371 Rec=85.489 Prec=85.313
Train Client4 [9/30] LR=0.0001000 loss=0.530 ACC=94.588 F1=74.216 Rec=76.507 Prec=72.470
Train Client5 [9/30] LR=0.0001000 loss=0.539 ACC=93.482 F1=76.822 Rec=77.579 Prec=76.411
Train Client6 [9/30] LR=0.0001000 loss=1.039 ACC=91.667 F1=84.033 Rec=95.472 Prec=76.906
Train Client7 [9/30] LR=0.0001000 loss=0.659 ACC=93.712 F1=75.812 Rec=89.740 Prec=72.749

Test-  OSR [9/30] LR=0.0001000 ACC=69.393 F1=70.679 Rec=69.730 Prec=80.924 UNK=68.381 OS*=70.000 HOS=69.181 AUROC=74.772 AUPR=68.805 OSCR=60.074
Test-Close [9/30] LR=0.0001000 loss=2.306 ACC=94.629 F1=94.599 Rec=94.629 Prec=95.074

Train Client0 [10/30] LR=0.0001000 loss=0.430 ACC=95.959 F1=75.246 Rec=75.190 Prec=75.305
Train Client1 [10/30] LR=0.0001000 loss=0.627 ACC=93.837 F1=85.458 Rec=83.955 Prec=87.478
Train Client2 [10/30] LR=0.0001000 loss=0.564 ACC=93.489 F1=78.001 Rec=76.949 Prec=79.769
Train Client3 [10/30] LR=0.0001000 loss=0.580 ACC=93.371 F1=81.478 Rec=83.477 Prec=80.176
Train Client4 [10/30] LR=0.0001000 loss=0.536 ACC=94.893 F1=82.100 Rec=85.122 Prec=80.119
Train Client5 [10/30] LR=0.0001000 loss=0.483 ACC=94.286 F1=73.772 Rec=73.618 Prec=73.933
Train Client6 [10/30] LR=0.0001000 loss=1.042 ACC=90.833 F1=79.130 Rec=89.915 Prec=73.254
Train Client7 [10/30] LR=0.0001000 loss=0.646 ACC=93.485 F1=68.309 Rec=68.635 Prec=68.161

Test-  OSR [10/30] LR=0.0001000 ACC=59.393 F1=54.065 Rec=55.222 Prec=79.708 UNK=71.905 OS*=51.886 HOS=60.277 AUROC=66.954 AUPR=55.202 OSCR=45.267
Test-Close [10/30] LR=0.0001000 loss=2.622 ACC=93.943 F1=93.904 Rec=93.943 Prec=94.504

Train Client0 [11/30] LR=0.0001000 loss=0.353 ACC=96.444 F1=94.678 Rec=94.655 Prec=94.701
Train Client1 [11/30] LR=0.0001000 loss=0.647 ACC=93.350 F1=85.709 Rec=84.262 Prec=87.639
Train Client2 [11/30] LR=0.0001000 loss=0.500 ACC=93.869 F1=80.346 Rec=79.590 Prec=81.680
Train Client3 [11/30] LR=0.0001000 loss=0.426 ACC=94.697 F1=85.570 Rec=85.570 Prec=85.570
Train Client4 [11/30] LR=0.0001000 loss=0.615 ACC=94.436 F1=77.564 Rec=78.163 Prec=77.048
Train Client5 [11/30] LR=0.0001000 loss=0.522 ACC=94.107 F1=83.791 Rec=83.927 Prec=83.664
Train Client6 [11/30] LR=0.0001000 loss=1.199 ACC=88.611 F1=74.315 Rec=86.113 Prec=68.669
Train Client7 [11/30] LR=0.0001000 loss=0.695 ACC=92.955 F1=71.688 Rec=87.259 Prec=70.054

Test-  OSR [11/30] LR=0.0001000 ACC=66.607 F1=62.964 Rec=62.270 Prec=81.021 UNK=79.619 OS*=58.800 HOS=67.644 AUROC=78.920 AUPR=72.098 OSCR=55.156
Test-Close [11/30] LR=0.0001000 loss=2.490 ACC=93.543 F1=93.469 Rec=93.543 Prec=94.498

Train Client0 [12/30] LR=0.0001000 loss=0.323 ACC=97.037 F1=95.520 Rec=95.500 Prec=95.542
Train Client1 [12/30] LR=0.0001000 loss=0.581 ACC=93.733 F1=84.530 Rec=83.964 Prec=85.456
