Logging to: ./logs/RetinalOCT_Pretrain_K3_U5_seed0_20260705_135459.log
==> Preparing data..
Protocol mode: easy_k3
Fixed known classes: ['NORMAL', 'MH', 'DRUSEN']
Fixed unknown classes: ['AMD', 'CNV', 'CSR', 'DME', 'DR']
Known class list: [7 6 5] Unknown class list [0 1 2 3 4]
Total images — Train: 18400, Val: 2800, Test: 2800
{7: 0, 6: 1, 5: 2} {0: 3, 1: 4, 2: 5, 3: 6, 4: 7}
Known origin: [7 6 5] , new: [0 1 2]
Unknown origin: [0 1 2 3 4] , new: [3 4 5 6 7]
Known/Unknown in Train: 6900/11500
Known/Unknown in Val:   1050/1750
Known/Unknown in Test:  1050/1750
Client0 sample num: 626
Client1 sample num: 2268
Client2 sample num: 1633
Client3 sample num: 269
Client4 sample num: 1206
Client5 sample num: 706
Client6 sample num: 56
Client7 sample num: 136

>>> Setting up
==> Using device: cuda:1
==> Building [Resnet18] model..
154
120
Train Client0 [0/50] LR=0.0005000 loss=0.536 ACC=90.865 F1=60.622 Rec=60.563 Prec=60.699
Train Client1 [0/50] LR=0.0005000 loss=0.668 ACC=85.292 F1=62.986 Rec=63.996 Prec=64.922
Train Client2 [0/50] LR=0.0005000 loss=1.007 ACC=83.701 F1=55.850 Rec=56.113 Prec=57.533
Train Client3 [0/50] LR=0.0005000 loss=1.722 ACC=70.076 F1=41.111 Rec=40.684 Prec=41.866
Train Client4 [0/50] LR=0.0005000 loss=1.202 ACC=75.667 F1=44.919 Rec=44.449 Prec=45.595
Train Client5 [0/50] LR=0.0005000 loss=1.716 ACC=63.068 F1=64.620 Rec=64.761 Prec=64.553
Train Client6 [0/50] LR=0.0005000 loss=1.867 ACC=71.429 F1=50.992 Rec=52.006 Prec=50.048
Train Client7 [0/50] LR=0.0005000 loss=1.268 ACC=80.882 F1=54.862 Rec=53.292 Prec=56.775

Val    [0/50] LR=0.0005000 loss=2.065 ACC=39.524 F1=27.920 Rec=39.524 Prec=45.178

Test-  OSR [0/50] LR=0.0005000 ACC=14.714 F1=12.044 Rec=29.429 Prec=13.703 UNK=0.000 OS*=39.238 HOS=0.000 AUROC=60.056 AUPR=68.658 OSCR=26.867
Test-Close [0/50] LR=0.0005000 loss=2.060 ACC=39.238 F1=27.471 Rec=39.238 Prec=45.142
Saving best model . . . . . . . .

Saving model at epoch 0 . . . . . . . .

Train Client0 [1/50] LR=0.0005000 loss=0.344 ACC=93.750 F1=93.749 Rec=93.751 Prec=93.747
Train Client1 [1/50] LR=0.0005000 loss=0.514 ACC=87.898 F1=62.670 Rec=64.915 Prec=66.561
Train Client2 [1/50] LR=0.0005000 loss=0.742 ACC=86.152 F1=61.106 Rec=59.728 Prec=67.942
Train Client3 [1/50] LR=0.0005000 loss=1.315 ACC=77.273 F1=52.857 Rec=53.130 Prec=53.474
Train Client4 [1/50] LR=0.0005000 loss=1.049 ACC=77.083 F1=44.811 Rec=43.736 Prec=47.175
Train Client5 [1/50] LR=0.0005000 loss=1.307 ACC=71.165 F1=73.166 Rec=73.468 Prec=73.565
Train Client6 [1/50] LR=0.0005000 loss=1.131 ACC=71.429 F1=53.595 Rec=51.852 Prec=55.556
Train Client7 [1/50] LR=0.0005000 loss=0.522 ACC=90.441 F1=61.003 Rec=60.494 Prec=61.558

Val    [1/50] LR=0.0005000 loss=2.238 ACC=33.333 F1=16.667 Rec=33.333 Prec=11.111

Test-  OSR [1/50] LR=0.0005000 ACC=12.500 F1=5.556 Rec=25.000 Prec=3.125 UNK=0.000 OS*=33.333 HOS=0.000 AUROC=64.082 AUPR=67.748 OSCR=30.768
Test-Close [1/50] LR=0.0005000 loss=2.236 ACC=33.333 F1=16.667 Rec=33.333 Prec=11.111
Saving best model . . . . . . . .

Train Client0 [2/50] LR=0.0005000 loss=0.239 ACC=96.635 F1=96.634 Rec=96.636 Prec=96.632
Train Client1 [2/50] LR=0.0005000 loss=0.444 ACC=89.046 F1=67.528 Rec=68.295 Prec=71.263
Train Client2 [2/50] LR=0.0005000 loss=0.683 ACC=86.336 F1=60.681 Rec=60.600 Prec=66.126
Train Client3 [2/50] LR=0.0005000 loss=1.141 ACC=76.515 F1=51.498 Rec=51.434 Prec=52.645
Train Client4 [2/50] LR=0.0005000 loss=0.784 ACC=84.500 F1=59.987 Rec=59.799 Prec=60.826
Train Client5 [2/50] LR=0.0005000 loss=0.981 ACC=77.699 F1=78.622 Rec=78.266 Prec=79.307
Train Client6 [2/50] LR=0.0005000 loss=0.658 ACC=89.286 F1=79.895 Rec=81.111 Prec=79.113
Train Client7 [2/50] LR=0.0005000 loss=0.513 ACC=92.647 F1=62.447 Rec=62.140 Prec=62.782

Val    [2/50] LR=0.0005000 loss=1.689 ACC=71.905 F1=66.914 Rec=71.905 Prec=84.755

Test-  OSR [2/50] LR=0.0005000 ACC=27.393 F1=28.259 Rec=54.786 Prec=25.338 UNK=0.000 OS*=73.048 HOS=0.000 AUROC=67.550 AUPR=77.343 OSCR=52.438
Test-Close [2/50] LR=0.0005000 loss=1.678 ACC=73.048 F1=67.953 Rec=73.048 Prec=85.097
Saving best model . . . . . . . .

Train Client0 [3/50] LR=0.0005000 loss=0.346 ACC=95.032 F1=95.032 Rec=95.044 Prec=95.032
Train Client1 [3/50] LR=0.0005000 loss=0.422 ACC=90.150 F1=72.354 Rec=72.009 Prec=75.240
Train Client2 [3/50] LR=0.0005000 loss=0.615 ACC=86.397 F1=66.164 Rec=65.200 Prec=70.558
Train Client3 [3/50] LR=0.0005000 loss=0.884 ACC=84.848 F1=64.005 Rec=63.743 Prec=64.804
Train Client4 [3/50] LR=0.0005000 loss=0.761 ACC=83.917 F1=68.333 Rec=67.139 Prec=70.172
Train Client5 [3/50] LR=0.0005000 loss=0.766 ACC=84.659 F1=85.876 Rec=85.775 Prec=86.289
Train Client6 [3/50] LR=0.0005000 loss=1.230 ACC=85.714 F1=81.861 Rec=89.043 Prec=80.741
Train Client7 [3/50] LR=0.0005000 loss=0.409 ACC=92.647 F1=62.439 Rec=61.523 Prec=63.447

Val    [3/50] LR=0.0005000 loss=1.525 ACC=79.714 F1=77.644 Rec=79.714 Prec=87.389

Test-  OSR [3/50] LR=0.0005000 ACC=29.929 F1=32.548 Rec=59.857 Prec=25.701 UNK=0.000 OS*=79.810 HOS=0.000 AUROC=59.571 AUPR=73.891 OSCR=51.654
Test-Close [3/50] LR=0.0005000 loss=1.519 ACC=79.810 F1=77.771 Rec=79.810 Prec=87.426
Train Client0 [4/50] LR=0.0005000 loss=0.142 ACC=97.436 F1=65.008 Rec=64.957 Prec=65.060
Train Client1 [4/50] LR=0.0005000 loss=0.371 ACC=91.652 F1=77.084 Rec=76.553 Prec=79.570
Train Client2 [4/50] LR=0.0005000 loss=0.580 ACC=86.336 F1=66.924 Rec=65.528 Prec=71.264
Train Client3 [4/50] LR=0.0005000 loss=0.868 ACC=85.227 F1=61.223 Rec=59.962 Prec=62.814
Train Client4 [4/50] LR=0.0005000 loss=0.704 ACC=86.583 F1=64.642 Rec=61.429 Prec=69.666
Train Client5 [4/50] LR=0.0005000 loss=0.820 ACC=83.097 F1=84.382 Rec=84.731 Prec=84.062
Train Client6 [4/50] LR=0.0005000 loss=0.368 ACC=94.643 F1=90.316 Rec=96.142 Prec=87.500
Train Client7 [4/50] LR=0.0005000 loss=0.466 ACC=94.118 F1=63.569 Rec=62.963 Prec=64.198

Val    [4/50] LR=0.0005000 loss=1.382 ACC=90.381 F1=90.152 Rec=90.381 Prec=92.334

Test-  OSR [4/50] LR=0.0005000 ACC=34.036 F1=38.486 Rec=68.071 Prec=27.589 UNK=0.000 OS*=90.762 HOS=0.000 AUROC=50.765 AUPR=67.276 OSCR=48.671
Test-Close [4/50] LR=0.0005000 loss=1.377 ACC=90.762 F1=90.581 Rec=90.762 Prec=92.767
Train Client0 [5/50] LR=0.0005000 loss=0.120 ACC=97.917 F1=65.381 Rec=65.276 Prec=65.486
Train Client1 [5/50] LR=0.0005000 loss=0.328 ACC=93.330 F1=82.252 Rec=81.479 Prec=84.086
Train Client2 [5/50] LR=0.0005000 loss=0.474 ACC=89.154 F1=77.617 Rec=75.879 Prec=80.574
Train Client3 [5/50] LR=0.0005000 loss=0.725 ACC=88.636 F1=75.857 Rec=74.190 Prec=77.843
Train Client4 [5/50] LR=0.0005000 loss=0.596 ACC=88.667 F1=77.099 Rec=72.728 Prec=83.871
Train Client5 [5/50] LR=0.0005000 loss=0.689 ACC=86.648 F1=88.166 Rec=87.669 Prec=88.871
Train Client6 [5/50] LR=0.0005000 loss=0.603 ACC=94.643 F1=90.316 Rec=96.142 Prec=87.500
Train Client7 [5/50] LR=0.0005000 loss=0.148 ACC=97.059 F1=65.409 Rec=64.815 Prec=66.026

Val    [5/50] LR=0.0005000 loss=1.329 ACC=92.381 F1=92.285 Rec=92.381 Prec=93.725

Test-  OSR [5/50] LR=0.0005000 ACC=34.714 F1=39.784 Rec=69.429 Prec=28.670 UNK=0.000 OS*=92.571 HOS=0.000 AUROC=45.578 AUPR=63.255 OSCR=44.350
Test-Close [5/50] LR=0.0005000 loss=1.322 ACC=92.571 F1=92.483 Rec=92.571 Prec=93.853
Saving model at epoch 5 . . . . . . . .

Train Client0 [6/50] LR=0.0005000 loss=0.053 ACC=99.038 F1=66.130 Rec=66.023 Prec=66.238
Train Client1 [6/50] LR=0.0005000 loss=0.295 ACC=93.463 F1=82.519 Rec=81.692 Prec=84.308
Train Client2 [6/50] LR=0.0005000 loss=0.515 ACC=88.051 F1=72.996 Rec=70.373 Prec=78.316
Train Client3 [6/50] LR=0.0005000 loss=0.529 ACC=91.288 F1=76.463 Rec=72.406 Prec=82.944
Train Client4 [6/50] LR=0.0005000 loss=0.502 ACC=91.083 F1=87.696 Rec=86.807 Prec=88.785
Train Client5 [6/50] LR=0.0005000 loss=0.669 ACC=88.494 F1=89.100 Rec=88.959 Prec=89.472
Train Client6 [6/50] LR=0.0005000 loss=0.478 ACC=91.071 F1=87.569 Rec=93.519 Prec=84.722
Train Client7 [6/50] LR=0.0005000 loss=0.347 ACC=94.853 F1=64.332 Rec=63.169 Prec=65.588

Val    [6/50] LR=0.0005000 loss=1.423 ACC=85.810 F1=85.136 Rec=85.810 Prec=90.047

Test-  OSR [6/50] LR=0.0005000 ACC=32.250 F1=35.941 Rec=64.500 Prec=26.122 UNK=0.000 OS*=86.000 HOS=0.000 AUROC=48.863 AUPR=63.678 OSCR=45.600
Test-Close [6/50] LR=0.0005000 loss=1.416 ACC=86.000 F1=85.354 Rec=86.000 Prec=90.141
Train Client0 [7/50] LR=0.0005000 loss=0.080 ACC=98.878 F1=98.878 Rec=98.870 Prec=98.890
Train Client1 [7/50] LR=0.0005000 loss=0.274 ACC=94.920 F1=86.653 Rec=85.615 Prec=88.649
Train Client2 [7/50] LR=0.0005000 loss=0.489 ACC=88.664 F1=75.333 Rec=74.051 Prec=78.346
Train Client3 [7/50] LR=0.0005000 loss=0.544 ACC=85.606 F1=75.756 Rec=82.173 Prec=72.130
Train Client4 [7/50] LR=0.0005000 loss=0.493 ACC=90.583 F1=79.146 Rec=78.562 Prec=79.816
Train Client5 [7/50] LR=0.0005000 loss=0.609 ACC=88.636 F1=89.631 Rec=89.727 Prec=89.716
Train Client6 [7/50] LR=0.0005000 loss=0.329 ACC=92.857 F1=87.625 Rec=94.599 Prec=85.185
Train Client7 [7/50] LR=0.0005000 loss=0.172 ACC=97.059 F1=78.535 Rec=97.737 Prec=74.359

Val    [7/50] LR=0.0005000 loss=1.292 ACC=93.524 F1=93.472 Rec=93.524 Prec=94.256

Test-  OSR [7/50] LR=0.0005000 ACC=35.107 F1=39.381 Rec=70.214 Prec=27.849 UNK=0.000 OS*=93.619 HOS=0.000 AUROC=54.299 AUPR=69.554 OSCR=52.865
Test-Close [7/50] LR=0.0005000 loss=1.289 ACC=93.619 F1=93.576 Rec=93.619 Prec=94.353
Saving best model . . . . . . . .

Train Client0 [8/50] LR=0.0005000 loss=0.101 ACC=98.077 F1=98.076 Rec=98.076 Prec=98.076
Train Client1 [8/50] LR=0.0005000 loss=0.235 ACC=95.671 F1=88.334 Rec=87.457 Prec=89.796
Train Client2 [8/50] LR=0.0005000 loss=0.465 ACC=88.725 F1=77.310 Rec=75.470 Prec=79.725
Train Client3 [8/50] LR=0.0005000 loss=0.659 ACC=89.015 F1=79.713 Rec=79.009 Prec=80.548
Train Client4 [8/50] LR=0.0005000 loss=0.518 ACC=90.500 F1=86.756 Rec=86.167 Prec=87.431
Train Client5 [8/50] LR=0.0005000 loss=0.478 ACC=90.767 F1=92.492 Rec=92.428 Prec=92.680
Train Client6 [8/50] LR=0.0005000 loss=0.046 ACC=100.000 F1=100.000 Rec=100.000 Prec=100.000
Train Client7 [8/50] LR=0.0005000 loss=0.127 ACC=98.529 F1=82.704 Rec=98.765 Prec=77.778

Val    [8/50] LR=0.0005000 loss=1.307 ACC=91.238 F1=91.097 Rec=91.238 Prec=92.896

Test-  OSR [8/50] LR=0.0005000 ACC=34.250 F1=38.768 Rec=68.500 Prec=27.737 UNK=0.000 OS*=91.333 HOS=0.000 AUROC=51.954 AUPR=68.379 OSCR=50.183
Test-Close [8/50] LR=0.0005000 loss=1.303 ACC=91.333 F1=91.191 Rec=91.333 Prec=93.039
Train Client0 [9/50] LR=0.0005000 loss=0.093 ACC=99.519 F1=66.399 Rec=66.348 Prec=66.450
Train Client1 [9/50] LR=0.0005000 loss=0.238 ACC=95.274 F1=87.776 Rec=87.003 Prec=89.235
Train Client2 [9/50] LR=0.0005000 loss=0.436 ACC=89.890 F1=80.920 Rec=80.701 Prec=81.283
Train Client3 [9/50] LR=0.0005000 loss=0.526 ACC=90.909 F1=79.005 Rec=78.408 Prec=79.694
Train Client4 [9/50] LR=0.0005000 loss=0.492 ACC=91.167 F1=86.105 Rec=86.820 Prec=85.823
Train Client5 [9/50] LR=0.0005000 loss=0.536 ACC=91.051 F1=92.510 Rec=92.414 Prec=92.773
Train Client6 [9/50] LR=0.0005000 loss=1.193 ACC=91.071 F1=88.814 Rec=93.056 Prec=87.143
Train Client7 [9/50] LR=0.0005000 loss=0.397 ACC=94.118 F1=73.067 Rec=95.267 Prec=71.017

Val    [9/50] LR=0.0005000 loss=1.256 ACC=93.905 F1=93.883 Rec=93.905 Prec=94.303

Test-  OSR [9/50] LR=0.0005000 ACC=35.107 F1=40.267 Rec=70.214 Prec=29.026 UNK=0.000 OS*=93.619 HOS=0.000 AUROC=47.448 AUPR=64.525 OSCR=46.461
Test-Close [9/50] LR=0.0005000 loss=1.259 ACC=93.619 F1=93.599 Rec=93.619 Prec=93.958
Train Client0 [10/50] LR=0.0005000 loss=0.053 ACC=98.718 F1=66.019 Rec=65.804 Prec=66.242
Train Client1 [10/50] LR=0.0005000 loss=0.222 ACC=95.451 F1=87.404 Rec=86.390 Prec=89.191
Train Client2 [10/50] LR=0.0005000 loss=0.430 ACC=89.951 F1=81.619 Rec=81.043 Prec=82.264
Train Client3 [10/50] LR=0.0005000 loss=0.501 ACC=93.939 F1=84.694 Rec=89.566 Prec=81.706
Train Client4 [10/50] LR=0.0005000 loss=0.466 ACC=90.667 F1=82.239 Rec=78.865 Prec=86.650
Train Client5 [10/50] LR=0.0005000 loss=0.500 ACC=89.773 F1=91.042 Rec=91.083 Prec=91.112
Train Client6 [10/50] LR=0.0005000 loss=0.272 ACC=94.643 F1=90.085 Rec=95.833 Prec=87.500
Train Client7 [10/50] LR=0.0005000 loss=0.117 ACC=97.794 F1=65.349 Rec=65.844 Prec=64.912

Val    [10/50] LR=0.0005000 loss=1.272 ACC=94.000 F1=93.957 Rec=94.000 Prec=94.799

Test-  OSR [10/50] LR=0.0005000 ACC=35.321 F1=40.557 Rec=70.643 Prec=29.237 UNK=0.000 OS*=94.190 HOS=0.000 AUROC=50.106 AUPR=65.835 OSCR=49.182
Test-Close [10/50] LR=0.0005000 loss=1.264 ACC=94.190 F1=94.154 Rec=94.190 Prec=94.887
Saving model at epoch 10 . . . . . . . .

>> New learning Rate: 0.00025
Train Client0 [11/50] LR=0.0002500 loss=0.032 ACC=99.359 F1=66.398 Rec=66.239 Prec=66.558
Train Client1 [11/50] LR=0.0002500 loss=0.146 ACC=97.261 F1=92.460 Rec=91.931 Prec=93.215
Train Client2 [11/50] LR=0.0002500 loss=0.323 ACC=92.096 F1=86.713 Rec=87.741 Prec=85.778
Train Client3 [11/50] LR=0.0002500 loss=0.378 ACC=93.182 F1=89.545 Rec=94.009 Prec=86.276
Train Client4 [11/50] LR=0.0002500 loss=0.367 ACC=93.333 F1=90.274 Rec=93.194 Prec=88.213
Train Client5 [11/50] LR=0.0002500 loss=0.336 ACC=94.176 F1=95.157 Rec=95.054 Prec=95.296
Train Client6 [11/50] LR=0.0002500 loss=0.112 ACC=96.429 F1=93.106 Rec=97.377 Prec=90.476
Train Client7 [11/50] LR=0.0002500 loss=0.413 ACC=97.059 F1=78.535 Rec=97.737 Prec=74.359

Val    [11/50] LR=0.0002500 loss=1.236 ACC=94.857 F1=94.835 Rec=94.857 Prec=95.353

Test-  OSR [11/50] LR=0.0002500 ACC=35.607 F1=40.881 Rec=71.214 Prec=29.452 UNK=0.000 OS*=94.952 HOS=0.000 AUROC=50.545 AUPR=65.216 OSCR=49.834
Test-Close [11/50] LR=0.0002500 loss=1.226 ACC=94.952 F1=94.937 Rec=94.952 Prec=95.308
Train Client0 [12/50] LR=0.0002500 loss=0.021 ACC=99.519 F1=66.399 Rec=66.345 Prec=66.453
Train Client1 [12/50] LR=0.0002500 loss=0.147 ACC=97.438 F1=92.897 Rec=92.708 Prec=93.116
Train Client2 [12/50] LR=0.0002500 loss=0.293 ACC=93.811 F1=90.060 Rec=91.346 Prec=88.952
Train Client3 [12/50] LR=0.0002500 loss=0.252 ACC=96.970 F1=97.312 Rec=97.617 Prec=97.023
Train Client4 [12/50] LR=0.0002500 loss=0.330 ACC=93.750 F1=90.795 Rec=94.012 Prec=88.361
Train Client5 [12/50] LR=0.0002500 loss=0.313 ACC=94.176 F1=95.354 Rec=95.215 Prec=95.554
Train Client6 [12/50] LR=0.0002500 loss=0.377 ACC=100.000 F1=100.000 Rec=100.000 Prec=100.000
Train Client7 [12/50] LR=0.0002500 loss=0.126 ACC=97.794 F1=79.048 Rec=98.148 Prec=75.000

Val    [12/50] LR=0.0002500 loss=1.235 ACC=95.238 F1=95.221 Rec=95.238 Prec=95.656

Test-  OSR [12/50] LR=0.0002500 ACC=35.821 F1=41.183 Rec=71.643 Prec=29.699 UNK=0.000 OS*=95.524 HOS=0.000 AUROC=52.288 AUPR=66.846 OSCR=51.534
Test-Close [12/50] LR=0.0002500 loss=1.225 ACC=95.524 F1=95.513 Rec=95.524 Prec=95.815
Train Client0 [13/50] LR=0.0002500 loss=0.012 ACC=99.840 F1=99.840 Rec=99.837 Prec=99.843
Train Client1 [13/50] LR=0.0002500 loss=0.143 ACC=97.394 F1=92.727 Rec=92.054 Prec=93.746
Train Client2 [13/50] LR=0.0002500 loss=0.298 ACC=93.260 F1=88.813 Rec=89.698 Prec=87.989
Train Client3 [13/50] LR=0.0002500 loss=0.325 ACC=94.318 F1=90.824 Rec=95.821 Prec=87.057
Train Client4 [13/50] LR=0.0002500 loss=0.304 ACC=94.667 F1=93.263 Rec=94.672 Prec=92.127
Train Client5 [13/50] LR=0.0002500 loss=0.325 ACC=94.318 F1=95.378 Rec=95.155 Prec=95.650
Train Client6 [13/50] LR=0.0002500 loss=0.087 ACC=100.000 F1=100.000 Rec=100.000 Prec=100.000
Train Client7 [13/50] LR=0.0002500 loss=0.069 ACC=99.265 F1=88.577 Rec=99.383 Prec=83.333

Val    [13/50] LR=0.0002500 loss=1.244 ACC=94.286 F1=94.254 Rec=94.286 Prec=94.909

Test-  OSR [13/50] LR=0.0002500 ACC=35.429 F1=40.662 Rec=70.857 Prec=29.294 UNK=0.000 OS*=94.476 HOS=0.000 AUROC=46.107 AUPR=61.889 OSCR=45.466
Test-Close [13/50] LR=0.0002500 loss=1.234 ACC=94.476 F1=94.450 Rec=94.476 Prec=95.009
Train Client0 [14/50] LR=0.0002500 loss=0.003 ACC=100.000 F1=100.000 Rec=100.000 Prec=100.000
Train Client1 [14/50] LR=0.0002500 loss=0.139 ACC=97.659 F1=93.596 Rec=93.283 Prec=93.963
Train Client2 [14/50] LR=0.0002500 loss=0.290 ACC=93.444 F1=88.992 Rec=89.612 Prec=88.397
Train Client3 [14/50] LR=0.0002500 loss=0.374 ACC=93.939 F1=90.438 Rec=95.304 Prec=86.782
Train Client4 [14/50] LR=0.0002500 loss=0.341 ACC=94.000 F1=91.072 Rec=94.557 Prec=88.334
Train Client5 [14/50] LR=0.0002500 loss=0.331 ACC=94.034 F1=95.232 Rec=95.070 Prec=95.488
Train Client6 [14/50] LR=0.0002500 loss=0.086 ACC=100.000 F1=100.000 Rec=100.000 Prec=100.000
Train Client7 [14/50] LR=0.0002500 loss=0.035 ACC=98.529 F1=82.704 Rec=98.765 Prec=77.778

Val    [14/50] LR=0.0002500 loss=1.273 ACC=93.524 F1=93.473 Rec=93.524 Prec=94.394

Test-  OSR [14/50] LR=0.0002500 ACC=35.143 F1=39.991 Rec=70.286 Prec=28.637 UNK=0.000 OS*=93.714 HOS=0.000 AUROC=54.583 AUPR=68.759 OSCR=53.281
Test-Close [14/50] LR=0.0002500 loss=1.259 ACC=93.714 F1=93.668 Rec=93.714 Prec=94.533
Saving best model . . . . . . . .

Train Client0 [15/50] LR=0.0002500 loss=0.036 ACC=99.840 F1=99.840 Rec=99.842 Prec=99.838
Train Client1 [15/50] LR=0.0002500 loss=0.135 ACC=97.394 F1=92.773 Rec=92.199 Prec=93.546
Train Client2 [15/50] LR=0.0002500 loss=0.281 ACC=93.995 F1=89.880 Rec=90.103 Prec=89.663
Train Client3 [15/50] LR=0.0002500 loss=0.293 ACC=94.697 F1=91.062 Rec=95.655 Prec=87.662
Train Client4 [15/50] LR=0.0002500 loss=0.288 ACC=94.750 F1=91.724 Rec=95.234 Prec=88.959
Train Client5 [15/50] LR=0.0002500 loss=0.297 ACC=93.608 F1=94.903 Rec=94.809 Prec=95.026
Train Client6 [15/50] LR=0.0002500 loss=0.048 ACC=100.000 F1=100.000 Rec=100.000 Prec=100.000
Train Client7 [15/50] LR=0.0002500 loss=0.067 ACC=97.794 F1=79.048 Rec=98.148 Prec=75.000

Val    [15/50] LR=0.0002500 loss=1.266 ACC=93.619 F1=93.570 Rec=93.619 Prec=94.463

Test-  OSR [15/50] LR=0.0002500 ACC=35.321 F1=40.441 Rec=70.643 Prec=29.088 UNK=0.000 OS*=94.190 HOS=0.000 AUROC=48.132 AUPR=63.475 OSCR=47.312
Test-Close [15/50] LR=0.0002500 loss=1.249 ACC=94.190 F1=94.154 Rec=94.190 Prec=94.887
Saving model at epoch 15 . . . . . . . .

Train Client0 [16/50] LR=0.0002500 loss=0.048 ACC=99.038 F1=66.182 Rec=66.020 Prec=66.347
Train Client1 [16/50] LR=0.0002500 loss=0.139 ACC=97.482 F1=92.888 Rec=92.372 Prec=93.568
Train Client2 [16/50] LR=0.0002500 loss=0.290 ACC=93.934 F1=89.623 Rec=89.902 Prec=89.353
Train Client3 [16/50] LR=0.0002500 loss=0.213 ACC=97.348 F1=95.181 Rec=97.513 Prec=93.219
Train Client4 [16/50] LR=0.0002500 loss=0.306 ACC=94.833 F1=93.393 Rec=94.557 Prec=92.568
Train Client5 [16/50] LR=0.0002500 loss=0.279 ACC=95.170 F1=96.160 Rec=96.117 Prec=96.208
Train Client6 [16/50] LR=0.0002500 loss=0.008 ACC=100.000 F1=100.000 Rec=100.000 Prec=100.000
Train Client7 [16/50] LR=0.0002500 loss=0.076 ACC=97.059 F1=76.496 Rec=97.531 Prec=73.333

Val    [16/50] LR=0.0002500 loss=1.233 ACC=95.143 F1=95.124 Rec=95.143 Prec=95.579

Test-  OSR [16/50] LR=0.0002500 ACC=35.714 F1=40.859 Rec=71.429 Prec=29.335 UNK=0.000 OS*=95.238 HOS=0.000 AUROC=51.392 AUPR=66.317 OSCR=50.701
Test-Close [16/50] LR=0.0002500 loss=1.219 ACC=95.238 F1=95.222 Rec=95.238 Prec=95.616
Train Client0 [17/50] LR=0.0002500 loss=0.087 ACC=99.519 F1=66.398 Rec=66.344 Prec=66.453
Train Client1 [17/50] LR=0.0002500 loss=0.140 ACC=97.571 F1=93.172 Rec=92.479 Prec=94.126
Train Client2 [17/50] LR=0.0002500 loss=0.285 ACC=93.566 F1=88.784 Rec=88.550 Prec=89.045
Train Client3 [17/50] LR=0.0002500 loss=0.351 ACC=95.076 F1=95.653 Rec=95.516 Prec=95.793
Train Client4 [17/50] LR=0.0002500 loss=0.332 ACC=94.583 F1=91.554 Rec=94.820 Prec=89.061
Train Client5 [17/50] LR=0.0002500 loss=0.297 ACC=94.602 F1=95.495 Rec=95.417 Prec=95.591
Train Client6 [17/50] LR=0.0002500 loss=0.022 ACC=100.000 F1=100.000 Rec=100.000 Prec=100.000
Train Client7 [17/50] LR=0.0002500 loss=0.066 ACC=97.794 F1=79.048 Rec=98.148 Prec=75.000

Val    [17/50] LR=0.0002500 loss=1.235 ACC=94.857 F1=94.835 Rec=94.857 Prec=95.353

Test-  OSR [17/50] LR=0.0002500 ACC=35.643 F1=40.427 Rec=71.286 Prec=28.816 UNK=0.000 OS*=95.048 HOS=0.000 AUROC=53.758 AUPR=69.182 OSCR=52.859
Test-Close [17/50] LR=0.0002500 loss=1.221 ACC=95.048 F1=95.030 Rec=95.048 Prec=95.462
Train Client0 [18/50] LR=0.0002500 loss=0.002 ACC=100.000 F1=100.000 Rec=100.000 Prec=100.000
Train Client1 [18/50] LR=0.0002500 loss=0.128 ACC=97.747 F1=93.693 Rec=93.245 Prec=94.275
Train Client2 [18/50] LR=0.0002500 loss=0.281 ACC=93.873 F1=89.770 Rec=90.101 Prec=89.453
Train Client3 [18/50] LR=0.0002500 loss=0.273 ACC=95.455 F1=96.012 Rec=96.297 Prec=95.741
Train Client4 [18/50] LR=0.0002500 loss=0.288 ACC=95.250 F1=95.696 Rec=95.035 Prec=96.444
Train Client5 [18/50] LR=0.0002500 loss=0.250 ACC=96.023 F1=96.830 Rec=96.722 Prec=96.975
Train Client6 [18/50] LR=0.0002500 loss=0.014 ACC=100.000 F1=100.000 Rec=100.000 Prec=100.000
Train Client7 [18/50] LR=0.0002500 loss=0.112 ACC=97.059 F1=65.409 Rec=64.815 Prec=66.026

Val    [18/50] LR=0.0002500 loss=1.221 ACC=95.619 F1=95.604 Rec=95.619 Prec=95.878

Test-  OSR [18/50] LR=0.0002500 ACC=36.000 F1=41.368 Rec=72.000 Prec=29.795 UNK=0.000 OS*=96.000 HOS=0.000 AUROC=47.659 AUPR=62.533 OSCR=47.203
Test-Close [18/50] LR=0.0002500 loss=1.213 ACC=96.000 F1=95.992 Rec=96.000 Prec=96.247
Train Client0 [19/50] LR=0.0002500 loss=0.030 ACC=99.840 F1=99.840 Rec=99.843 Prec=99.837
Train Client1 [19/50] LR=0.0002500 loss=0.136 ACC=97.659 F1=93.479 Rec=93.141 Prec=93.868
Train Client2 [19/50] LR=0.0002500 loss=0.278 ACC=94.608 F1=90.781 Rec=90.552 Prec=91.017
Train Client3 [19/50] LR=0.0002500 loss=0.255 ACC=96.212 F1=96.640 Rec=96.357 Prec=96.938
Train Client4 [19/50] LR=0.0002500 loss=0.291 ACC=94.833 F1=95.345 Rec=94.847 Prec=95.892
Train Client5 [19/50] LR=0.0002500 loss=0.294 ACC=94.744 F1=95.802 Rec=95.662 Prec=96.004
Train Client6 [19/50] LR=0.0002500 loss=0.059 ACC=98.214 F1=96.260 Rec=98.611 Prec=94.444
Train Client7 [19/50] LR=0.0002500 loss=0.137 ACC=99.265 F1=88.577 Rec=99.383 Prec=83.333

Val    [19/50] LR=0.0002500 loss=1.220 ACC=95.333 F1=95.313 Rec=95.333 Prec=95.675

Test-  OSR [19/50] LR=0.0002500 ACC=36.107 F1=41.593 Rec=72.214 Prec=30.020 UNK=0.000 OS*=96.286 HOS=0.000 AUROC=47.507 AUPR=63.523 OSCR=47.032
Test-Close [19/50] LR=0.0002500 loss=1.208 ACC=96.286 F1=96.279 Rec=96.286 Prec=96.490
Train Client0 [20/50] LR=0.0002500 loss=0.004 ACC=100.000 F1=100.000 Rec=100.000 Prec=100.000
Train Client1 [20/50] LR=0.0002500 loss=0.127 ACC=97.703 F1=93.586 Rec=92.991 Prec=94.385
Train Client2 [20/50] LR=0.0002500 loss=0.245 ACC=94.608 F1=91.081 Rec=91.663 Prec=90.536
Train Client3 [20/50] LR=0.0002500 loss=0.196 ACC=96.591 F1=96.990 Rec=97.137 Prec=96.847
Train Client4 [20/50] LR=0.0002500 loss=0.330 ACC=93.917 F1=94.513 Rec=93.943 Prec=95.152
Train Client5 [20/50] LR=0.0002500 loss=0.297 ACC=94.744 F1=95.605 Rec=95.553 Prec=95.666
Train Client6 [20/50] LR=0.0002500 loss=0.043 ACC=100.000 F1=100.000 Rec=100.000 Prec=100.000
Train Client7 [20/50] LR=0.0002500 loss=0.073 ACC=99.265 F1=88.577 Rec=99.383 Prec=83.333

Val    [20/50] LR=0.0002500 loss=1.214 ACC=95.333 F1=95.322 Rec=95.333 Prec=95.623

Test-  OSR [20/50] LR=0.0002500 ACC=36.214 F1=41.809 Rec=72.429 Prec=30.245 UNK=0.000 OS*=96.571 HOS=0.000 AUROC=46.035 AUPR=62.611 OSCR=45.598
Test-Close [20/50] LR=0.0002500 loss=1.200 ACC=96.571 F1=96.567 Rec=96.571 Prec=96.713
Saving model at epoch 20 . . . . . . . .

Train Client0 [21/50] LR=0.0002500 loss=0.034 ACC=99.199 F1=66.184 Rec=66.128 Prec=66.243
Train Client1 [21/50] LR=0.0002500 loss=0.104 ACC=97.924 F1=94.310 Rec=93.874 Prec=94.832
Train Client2 [21/50] LR=0.0002500 loss=0.253 ACC=94.730 F1=91.119 Rec=91.236 Prec=91.004
Train Client3 [21/50] LR=0.0002500 loss=0.312 ACC=94.697 F1=95.341 Rec=95.077 Prec=95.619
Train Client4 [21/50] LR=0.0002500 loss=0.301 ACC=95.167 F1=95.647 Rec=95.083 Prec=96.272
Train Client5 [21/50] LR=0.0002500 loss=0.287 ACC=94.602 F1=95.607 Rec=95.642 Prec=95.589
Train Client6 [21/50] LR=0.0002500 loss=0.044 ACC=100.000 F1=100.000 Rec=100.000 Prec=100.000
Train Client7 [21/50] LR=0.0002500 loss=0.027 ACC=100.000 F1=100.000 Rec=100.000 Prec=100.000

Val    [21/50] LR=0.0002500 loss=1.223 ACC=95.333 F1=95.317 Rec=95.333 Prec=95.732

Test-  OSR [21/50] LR=0.0002500 ACC=35.786 F1=41.079 Rec=71.571 Prec=29.575 UNK=0.000 OS*=95.429 HOS=0.000 AUROC=49.065 AUPR=64.988 OSCR=48.471
Test-Close [21/50] LR=0.0002500 loss=1.209 ACC=95.429 F1=95.416 Rec=95.429 Prec=95.736
Train Client0 [22/50] LR=0.0002500 loss=0.010 ACC=99.679 F1=66.558 Rec=66.450 Prec=66.667
Train Client1 [22/50] LR=0.0002500 loss=0.122 ACC=97.880 F1=94.125 Rec=93.576 Prec=94.800
Train Client2 [22/50] LR=0.0002500 loss=0.257 ACC=94.975 F1=91.611 Rec=91.968 Prec=91.269
Train Client3 [22/50] LR=0.0002500 loss=0.302 ACC=95.076 F1=95.694 Rec=95.560 Prec=95.831
Train Client4 [22/50] LR=0.0002500 loss=0.257 ACC=95.583 F1=95.979 Rec=95.185 Prec=96.899
Train Client5 [22/50] LR=0.0002500 loss=0.338 ACC=95.028 F1=95.623 Rec=95.460 Prec=95.870
Train Client6 [22/50] LR=0.0002500 loss=0.014 ACC=100.000 F1=100.000 Rec=100.000 Prec=100.000
Train Client7 [22/50] LR=0.0002500 loss=0.040 ACC=99.265 F1=88.577 Rec=99.383 Prec=83.333

Val    [22/50] LR=0.0002500 loss=1.227 ACC=95.238 F1=95.219 Rec=95.238 Prec=95.560

Test-  OSR [22/50] LR=0.0002500 ACC=35.964 F1=41.330 Rec=71.929 Prec=29.771 UNK=0.000 OS*=95.905 HOS=0.000 AUROC=48.696 AUPR=64.659 OSCR=48.116
Test-Close [22/50] LR=0.0002500 loss=1.213 ACC=95.905 F1=95.896 Rec=95.905 Prec=96.167
>> New learning Rate: 0.000125
Train Client0 [23/50] LR=0.0001250 loss=0.018 ACC=99.519 F1=66.503 Rec=66.341 Prec=66.667
Train Client1 [23/50] LR=0.0001250 loss=0.107 ACC=98.277 F1=95.179 Rec=94.851 Prec=95.563
Train Client2 [23/50] LR=0.0001250 loss=0.217 ACC=95.221 F1=92.131 Rec=92.860 Prec=91.457
Train Client3 [23/50] LR=0.0001250 loss=0.294 ACC=94.697 F1=92.618 Rec=96.274 Prec=89.561
Train Client4 [23/50] LR=0.0001250 loss=0.245 ACC=95.917 F1=94.480 Rec=96.358 Prec=92.820
Train Client5 [23/50] LR=0.0001250 loss=0.263 ACC=95.739 F1=96.616 Rec=96.572 Prec=96.666
Train Client6 [23/50] LR=0.0001250 loss=0.030 ACC=98.214 F1=96.260 Rec=98.611 Prec=94.444
Train Client7 [23/50] LR=0.0001250 loss=0.041 ACC=98.529 F1=82.704 Rec=98.765 Prec=77.778

Val    [23/50] LR=0.0001250 loss=1.222 ACC=95.429 F1=95.415 Rec=95.429 Prec=95.772

Test-  OSR [23/50] LR=0.0001250 ACC=35.964 F1=41.264 Rec=71.929 Prec=29.691 UNK=0.000 OS*=95.905 HOS=0.000 AUROC=51.375 AUPR=66.714 OSCR=50.771
Test-Close [23/50] LR=0.0001250 loss=1.205 ACC=95.905 F1=95.897 Rec=95.905 Prec=96.136
Train Client0 [24/50] LR=0.0001250 loss=0.010 ACC=99.840 F1=99.840 Rec=99.837 Prec=99.843
Train Client1 [24/50] LR=0.0001250 loss=0.087 ACC=98.366 F1=95.426 Rec=95.095 Prec=95.814
Train Client2 [24/50] LR=0.0001250 loss=0.226 ACC=94.975 F1=91.742 Rec=93.080 Prec=90.540
Train Client3 [24/50] LR=0.0001250 loss=0.219 ACC=96.591 F1=94.658 Rec=97.137 Prec=92.546
Train Client4 [24/50] LR=0.0001250 loss=0.223 ACC=96.500 F1=96.861 Rec=96.467 Prec=97.283
Train Client5 [24/50] LR=0.0001250 loss=0.200 ACC=97.017 F1=97.627 Rec=97.571 Prec=97.693
Train Client6 [24/50] LR=0.0001250 loss=0.045 ACC=100.000 F1=100.000 Rec=100.000 Prec=100.000
Train Client7 [24/50] LR=0.0001250 loss=0.401 ACC=97.794 F1=79.048 Rec=98.148 Prec=75.000

Val    [24/50] LR=0.0001250 loss=1.216 ACC=95.714 F1=95.705 Rec=95.714 Prec=95.975

Test-  OSR [24/50] LR=0.0001250 ACC=36.250 F1=41.549 Rec=72.500 Prec=29.846 UNK=0.000 OS*=96.667 HOS=0.000 AUROC=52.649 AUPR=68.005 OSCR=52.034
Test-Close [24/50] LR=0.0001250 loss=1.201 ACC=96.667 F1=96.662 Rec=96.667 Prec=96.846
Train Client0 [25/50] LR=0.0001250 loss=0.008 ACC=99.840 F1=66.612 Rec=66.558 Prec=66.667
Train Client1 [25/50] LR=0.0001250 loss=0.100 ACC=98.322 F1=95.271 Rec=94.795 Prec=95.868
Train Client2 [25/50] LR=0.0001250 loss=0.201 ACC=96.140 F1=93.687 Rec=94.654 Prec=92.810
Train Client3 [25/50] LR=0.0001250 loss=0.332 ACC=93.182 F1=94.170 Rec=95.244 Prec=93.311
Train Client4 [25/50] LR=0.0001250 loss=0.238 ACC=96.000 F1=94.542 Rec=96.260 Prec=93.051
Train Client5 [25/50] LR=0.0001250 loss=0.278 ACC=94.886 F1=95.837 Rec=95.872 Prec=95.820
Train Client6 [25/50] LR=0.0001250 loss=0.005 ACC=100.000 F1=100.000 Rec=100.000 Prec=100.000
Train Client7 [25/50] LR=0.0001250 loss=0.054 ACC=97.794 F1=79.048 Rec=98.148 Prec=75.000

Val    [25/50] LR=0.0001250 loss=1.216 ACC=95.524 F1=95.505 Rec=95.524 Prec=95.868

Test-  OSR [25/50] LR=0.0001250 ACC=36.214 F1=40.901 Rec=72.429 Prec=29.011 UNK=0.000 OS*=96.571 HOS=0.000 AUROC=56.554 AUPR=72.231 OSCR=55.797
Test-Close [25/50] LR=0.0001250 loss=1.195 ACC=96.571 F1=96.566 Rec=96.571 Prec=96.764
Saving best model . . . . . . . .

Saving model at epoch 25 . . . . . . . .

Train Client0 [26/50] LR=0.0001250 loss=0.005 ACC=99.840 F1=66.612 Rec=66.558 Prec=66.667
Train Client1 [26/50] LR=0.0001250 loss=0.081 ACC=98.719 F1=96.431 Rec=96.212 Prec=96.673
Train Client2 [26/50] LR=0.0001250 loss=0.204 ACC=95.711 F1=93.065 Rec=94.325 Prec=91.956
Train Client3 [26/50] LR=0.0001250 loss=0.210 ACC=96.970 F1=97.413 Rec=97.981 Prec=96.902
Train Client4 [26/50] LR=0.0001250 loss=0.216 ACC=96.333 F1=96.741 Rec=96.546 Prec=96.943
Train Client5 [26/50] LR=0.0001250 loss=0.235 ACC=95.739 F1=96.609 Rec=96.564 Prec=96.660
Train Client6 [26/50] LR=0.0001250 loss=0.010 ACC=100.000 F1=100.000 Rec=100.000 Prec=100.000
Train Client7 [26/50] LR=0.0001250 loss=0.016 ACC=99.265 F1=88.577 Rec=99.383 Prec=83.333

Val    [26/50] LR=0.0001250 loss=1.204 ACC=96.095 F1=96.087 Rec=96.095 Prec=96.210

Test-  OSR [26/50] LR=0.0001250 ACC=36.357 F1=41.290 Rec=72.714 Prec=29.436 UNK=0.000 OS*=96.952 HOS=0.000 AUROC=56.829 AUPR=72.747 OSCR=56.149
Test-Close [26/50] LR=0.0001250 loss=1.185 ACC=96.952 F1=96.950 Rec=96.952 Prec=97.033
Saving best model . . . . . . . .

Train Client0 [27/50] LR=0.0001250 loss=0.007 ACC=99.840 F1=66.612 Rec=66.558 Prec=66.667
Train Client1 [27/50] LR=0.0001250 loss=0.100 ACC=98.277 F1=95.168 Rec=94.835 Prec=95.557
Train Client2 [27/50] LR=0.0001250 loss=0.199 ACC=95.650 F1=92.787 Rec=93.348 Prec=92.259
Train Client3 [27/50] LR=0.0001250 loss=0.193 ACC=95.833 F1=96.422 Rec=97.434 Prec=95.584
Train Client4 [27/50] LR=0.0001250 loss=0.236 ACC=96.500 F1=96.883 Rec=96.558 Prec=97.227
Train Client5 [27/50] LR=0.0001250 loss=0.211 ACC=96.591 F1=97.289 Rec=97.245 Prec=97.340
Train Client6 [27/50] LR=0.0001250 loss=0.008 ACC=100.000 F1=100.000 Rec=100.000 Prec=100.000
Train Client7 [27/50] LR=0.0001250 loss=0.030 ACC=99.265 F1=88.577 Rec=99.383 Prec=83.333

Val    [27/50] LR=0.0001250 loss=1.214 ACC=95.619 F1=95.602 Rec=95.619 Prec=95.911

Test-  OSR [27/50] LR=0.0001250 ACC=36.179 F1=40.473 Rec=72.357 Prec=28.476 UNK=0.000 OS*=96.476 HOS=0.000 AUROC=57.942 AUPR=73.905 OSCR=57.100
Test-Close [27/50] LR=0.0001250 loss=1.195 ACC=96.476 F1=96.472 Rec=96.476 Prec=96.605
Saving best model . . . . . . . .

Train Client0 [28/50] LR=0.0001250 loss=0.003 ACC=100.000 F1=100.000 Rec=100.000 Prec=100.000
Train Client1 [28/50] LR=0.0001250 loss=0.076 ACC=98.719 F1=96.439 Rec=96.283 Prec=96.607
Train Client2 [28/50] LR=0.0001250 loss=0.214 ACC=95.711 F1=92.938 Rec=93.690 Prec=92.243
Train Client3 [28/50] LR=0.0001250 loss=0.236 ACC=96.212 F1=96.761 Rec=97.316 Prec=96.263
Train Client4 [28/50] LR=0.0001250 loss=0.203 ACC=96.917 F1=97.244 Rec=97.010 Prec=97.488
Train Client5 [28/50] LR=0.0001250 loss=0.259 ACC=95.170 F1=96.157 Rec=96.093 Prec=96.234
Train Client6 [28/50] LR=0.0001250 loss=0.003 ACC=100.000 F1=100.000 Rec=100.000 Prec=100.000
Train Client7 [28/50] LR=0.0001250 loss=0.019 ACC=99.265 F1=88.577 Rec=99.383 Prec=83.333

Val    [28/50] LR=0.0001250 loss=1.219 ACC=96.000 F1=95.987 Rec=96.000 Prec=96.231

Test-  OSR [28/50] LR=0.0001250 ACC=36.107 F1=40.675 Rec=72.214 Prec=28.793 UNK=0.000 OS*=96.286 HOS=0.000 AUROC=57.972 AUPR=73.697 OSCR=57.095
Test-Close [28/50] LR=0.0001250 loss=1.201 ACC=96.286 F1=96.280 Rec=96.286 Prec=96.463
Train Client0 [29/50] LR=0.0001250 loss=0.002 ACC=100.000 F1=100.000 Rec=100.000 Prec=100.000
Train Client1 [29/50] LR=0.0001250 loss=0.087 ACC=98.498 F1=95.870 Rec=95.621 Prec=96.159
Train Client2 [29/50] LR=0.0001250 loss=0.202 ACC=95.527 F1=92.584 Rec=93.268 Prec=91.947
Train Client3 [29/50] LR=0.0001250 loss=0.185 ACC=98.106 F1=98.312 Rec=98.158 Prec=98.469
Train Client4 [29/50] LR=0.0001250 loss=0.226 ACC=96.833 F1=97.166 Rec=96.708 Prec=97.664
Train Client5 [29/50] LR=0.0001250 loss=0.184 ACC=97.301 F1=97.853 Rec=97.818 Prec=97.892
Train Client6 [29/50] LR=0.0001250 loss=0.057 ACC=98.214 F1=96.341 Rec=98.765 Prec=94.444
Train Client7 [29/50] LR=0.0001250 loss=0.029 ACC=99.265 F1=88.577 Rec=99.383 Prec=83.333

Val    [29/50] LR=0.0001250 loss=1.215 ACC=95.714 F1=95.700 Rec=95.714 Prec=95.958

Test-  OSR [29/50] LR=0.0001250 ACC=36.214 F1=41.073 Rec=72.429 Prec=29.242 UNK=0.000 OS*=96.571 HOS=0.000 AUROC=55.790 AUPR=71.465 OSCR=55.094
Test-Close [29/50] LR=0.0001250 loss=1.195 ACC=96.571 F1=96.567 Rec=96.571 Prec=96.713
Train Client0 [30/50] LR=0.0001250 loss=0.019 ACC=99.679 F1=66.505 Rec=66.449 Prec=66.562
Train Client1 [30/50] LR=0.0001250 loss=0.078 ACC=98.675 F1=96.301 Rec=96.112 Prec=96.506
Train Client2 [30/50] LR=0.0001250 loss=0.213 ACC=95.343 F1=92.470 Rec=93.702 Prec=91.387
Train Client3 [30/50] LR=0.0001250 loss=0.216 ACC=96.591 F1=94.658 Rec=97.137 Prec=92.546
Train Client4 [30/50] LR=0.0001250 loss=0.220 ACC=96.833 F1=97.167 Rec=96.900 Prec=97.447
Train Client5 [30/50] LR=0.0001250 loss=0.278 ACC=95.739 F1=96.609 Rec=96.544 Prec=96.687
Train Client6 [30/50] LR=0.0001250 loss=0.055 ACC=98.214 F1=96.260 Rec=98.611 Prec=94.444
Train Client7 [30/50] LR=0.0001250 loss=0.035 ACC=98.529 F1=82.704 Rec=98.765 Prec=77.778

Val    [30/50] LR=0.0001250 loss=1.215 ACC=95.524 F1=95.510 Rec=95.524 Prec=95.887

Test-  OSR [30/50] LR=0.0001250 ACC=36.143 F1=40.911 Rec=72.286 Prec=29.077 UNK=0.000 OS*=96.381 HOS=0.000 AUROC=55.655 AUPR=71.232 OSCR=54.950
Test-Close [30/50] LR=0.0001250 loss=1.196 ACC=96.381 F1=96.375 Rec=96.381 Prec=96.572
Saving model at epoch 30 . . . . . . . .

Train Client0 [31/50] LR=0.0001250 loss=0.015 ACC=99.519 F1=66.503 Rec=66.341 Prec=66.667
Train Client1 [31/50] LR=0.0001250 loss=0.093 ACC=98.277 F1=95.172 Rec=94.783 Prec=95.639
Train Client2 [31/50] LR=0.0001250 loss=0.192 ACC=96.507 F1=94.262 Rec=95.118 Prec=93.476
Train Client3 [31/50] LR=0.0001250 loss=0.157 ACC=97.727 F1=98.040 Rec=98.328 Prec=97.766
Train Client4 [31/50] LR=0.0001250 loss=0.213 ACC=96.833 F1=97.179 Rec=96.915 Prec=97.455
Train Client5 [31/50] LR=0.0001250 loss=0.193 ACC=97.017 F1=97.629 Rec=97.618 Prec=97.641
Train Client6 [31/50] LR=0.0001250 loss=0.009 ACC=100.000 F1=100.000 Rec=100.000 Prec=100.000
Train Client7 [31/50] LR=0.0001250 loss=0.046 ACC=98.529 F1=82.704 Rec=98.765 Prec=77.778

Val    [31/50] LR=0.0001250 loss=1.206 ACC=95.905 F1=95.896 Rec=95.905 Prec=96.167

Test-  OSR [31/50] LR=0.0001250 ACC=36.286 F1=40.745 Rec=72.571 Prec=28.759 UNK=0.000 OS*=96.762 HOS=0.000 AUROC=57.675 AUPR=73.276 OSCR=56.974
Test-Close [31/50] LR=0.0001250 loss=1.189 ACC=96.762 F1=96.758 Rec=96.762 Prec=96.904
Train Client0 [32/50] LR=0.0001250 loss=0.012 ACC=99.679 F1=66.558 Rec=66.450 Prec=66.667
Train Client1 [32/50] LR=0.0001250 loss=0.093 ACC=98.587 F1=96.117 Rec=95.866 Prec=96.408
Train Client2 [32/50] LR=0.0001250 loss=0.192 ACC=95.895 F1=93.130 Rec=93.445 Prec=92.825
Train Client3 [32/50] LR=0.0001250 loss=0.271 ACC=95.833 F1=96.291 Rec=96.438 Prec=96.147
Train Client4 [32/50] LR=0.0001250 loss=0.222 ACC=96.583 F1=96.966 Rec=96.802 Prec=97.135
Train Client5 [32/50] LR=0.0001250 loss=0.219 ACC=96.307 F1=97.061 Rec=97.038 Prec=97.086
Train Client6 [32/50] LR=0.0001250 loss=0.006 ACC=100.000 F1=100.000 Rec=100.000 Prec=100.000
Train Client7 [32/50] LR=0.0001250 loss=0.240 ACC=100.000 F1=100.000 Rec=100.000 Prec=100.000

Val    [32/50] LR=0.0001250 loss=1.212 ACC=95.905 F1=95.894 Rec=95.905 Prec=96.200

Test-  OSR [32/50] LR=0.0001250 ACC=36.321 F1=40.653 Rec=72.643 Prec=28.613 UNK=0.000 OS*=96.857 HOS=0.000 AUROC=58.125 AUPR=73.642 OSCR=57.415
Test-Close [32/50] LR=0.0001250 loss=1.189 ACC=96.857 F1=96.853 Rec=96.857 Prec=97.012
Saving best model . . . . . . . .

Train Client0 [33/50] LR=0.0001250 loss=0.004 ACC=99.840 F1=66.612 Rec=66.558 Prec=66.667
Train Client1 [33/50] LR=0.0001250 loss=0.086 ACC=98.675 F1=96.322 Rec=95.982 Prec=96.732
Train Client2 [33/50] LR=0.0001250 loss=0.203 ACC=95.343 F1=92.437 Rec=93.544 Prec=91.451
Train Client3 [33/50] LR=0.0001250 loss=0.192 ACC=97.727 F1=98.022 Rec=98.022 Prec=98.022
Train Client4 [33/50] LR=0.0001250 loss=0.205 ACC=96.417 F1=96.825 Rec=96.792 Prec=96.858
Train Client5 [33/50] LR=0.0001250 loss=0.199 ACC=97.017 F1=97.625 Rec=97.568 Prec=97.692
Train Client6 [33/50] LR=0.0001250 loss=0.002 ACC=100.000 F1=100.000 Rec=100.000 Prec=100.000
Train Client7 [33/50] LR=0.0001250 loss=0.035 ACC=99.265 F1=88.577 Rec=99.383 Prec=83.333

Val    [33/50] LR=0.0001250 loss=1.213 ACC=95.429 F1=95.412 Rec=95.429 Prec=95.849

Test-  OSR [33/50] LR=0.0001250 ACC=36.250 F1=41.284 Rec=72.500 Prec=29.490 UNK=0.000 OS*=96.667 HOS=0.000 AUROC=53.801 AUPR=69.050 OSCR=53.246
Test-Close [33/50] LR=0.0001250 loss=1.187 ACC=96.667 F1=96.661 Rec=96.667 Prec=96.874
Train Client0 [34/50] LR=0.0001250 loss=0.002 ACC=100.000 F1=100.000 Rec=100.000 Prec=100.000
Train Client1 [34/50] LR=0.0001250 loss=0.088 ACC=98.542 F1=95.930 Rec=95.654 Prec=96.244
Train Client2 [34/50] LR=0.0001250 loss=0.203 ACC=96.262 F1=93.860 Rec=94.703 Prec=93.085
Train Client3 [34/50] LR=0.0001250 loss=0.168 ACC=96.591 F1=96.961 Rec=96.814 Prec=97.112
Train Client4 [34/50] LR=0.0001250 loss=0.210 ACC=96.583 F1=95.044 Rec=96.595 Prec=93.738
Train Client5 [34/50] LR=0.0001250 loss=0.203 ACC=97.017 F1=97.625 Rec=97.568 Prec=97.692
Train Client6 [34/50] LR=0.0001250 loss=0.002 ACC=100.000 F1=100.000 Rec=100.000 Prec=100.000
Train Client7 [34/50] LR=0.0001250 loss=0.017 ACC=99.265 F1=88.577 Rec=99.383 Prec=83.333

Val    [34/50] LR=0.0001250 loss=1.198 ACC=95.810 F1=95.804 Rec=95.810 Prec=95.971

Test-  OSR [34/50] LR=0.0001250 ACC=36.393 F1=41.435 Rec=72.786 Prec=29.606 UNK=0.000 OS*=97.048 HOS=0.000 AUROC=54.135 AUPR=69.927 OSCR=53.650
Test-Close [34/50] LR=0.0001250 loss=1.179 ACC=97.048 F1=97.045 Rec=97.048 Prec=97.137
>> New learning Rate: 6.25e-05
Train Client0 [35/50] LR=0.0000625 loss=0.015 ACC=99.519 F1=66.502 Rec=66.340 Prec=66.667
Train Client1 [35/50] LR=0.0000625 loss=0.070 ACC=99.028 F1=97.296 Rec=97.102 Prec=97.506
Train Client2 [35/50] LR=0.0000625 loss=0.197 ACC=95.833 F1=93.263 Rec=94.532 Prec=92.146
Train Client3 [35/50] LR=0.0000625 loss=0.184 ACC=96.591 F1=97.102 Rec=97.806 Prec=96.486
Train Client4 [35/50] LR=0.0000625 loss=0.199 ACC=97.000 F1=97.315 Rec=96.982 Prec=97.668
Train Client5 [35/50] LR=0.0000625 loss=0.197 ACC=96.733 F1=97.397 Rec=97.338 Prec=97.465
Train Client6 [35/50] LR=0.0000625 loss=0.004 ACC=100.000 F1=100.000 Rec=100.000 Prec=100.000
Train Client7 [35/50] LR=0.0000625 loss=0.075 ACC=97.794 F1=79.048 Rec=98.148 Prec=75.000

Val    [35/50] LR=0.0000625 loss=1.195 ACC=96.190 F1=96.187 Rec=96.190 Prec=96.287

Test-  OSR [35/50] LR=0.0000625 ACC=36.321 F1=41.072 Rec=72.643 Prec=29.179 UNK=0.000 OS*=96.857 HOS=0.000 AUROC=55.725 AUPR=71.596 OSCR=55.214
Test-Close [35/50] LR=0.0000625 loss=1.174 ACC=96.857 F1=96.855 Rec=96.857 Prec=96.929
Saving model at epoch 35 . . . . . . . .

Train Client0 [36/50] LR=0.0000625 loss=0.024 ACC=99.199 F1=66.393 Rec=66.124 Prec=66.667
Train Client1 [36/50] LR=0.0000625 loss=0.071 ACC=98.807 F1=96.674 Rec=96.454 Prec=96.917
Train Client2 [36/50] LR=0.0000625 loss=0.173 ACC=96.017 F1=93.574 Rec=94.923 Prec=92.395
Train Client3 [36/50] LR=0.0000625 loss=0.221 ACC=97.348 F1=95.368 Rec=97.845 Prec=93.257
Train Client4 [36/50] LR=0.0000625 loss=0.226 ACC=96.417 F1=96.791 Rec=96.367 Prec=97.247
Train Client5 [36/50] LR=0.0000625 loss=0.191 ACC=96.875 F1=97.520 Rec=97.498 Prec=97.545
Train Client6 [36/50] LR=0.0000625 loss=0.003 ACC=100.000 F1=100.000 Rec=100.000 Prec=100.000
Train Client7 [36/50] LR=0.0000625 loss=0.109 ACC=99.265 F1=88.577 Rec=99.383 Prec=83.333

Val    [36/50] LR=0.0000625 loss=1.198 ACC=96.095 F1=96.086 Rec=96.095 Prec=96.232

Test-  OSR [36/50] LR=0.0000625 ACC=36.393 F1=41.567 Rec=72.786 Prec=29.770 UNK=0.000 OS*=97.048 HOS=0.000 AUROC=54.213 AUPR=70.126 OSCR=53.730
Test-Close [36/50] LR=0.0000625 loss=1.177 ACC=97.048 F1=97.045 Rec=97.048 Prec=97.137
Train Client0 [37/50] LR=0.0000625 loss=0.009 ACC=99.840 F1=66.612 Rec=66.558 Prec=66.667
Train Client1 [37/50] LR=0.0000625 loss=0.067 ACC=98.852 F1=96.790 Rec=96.474 Prec=97.153
Train Client2 [37/50] LR=0.0000625 loss=0.207 ACC=95.159 F1=92.360 Rec=94.264 Prec=90.794
Train Client3 [37/50] LR=0.0000625 loss=0.185 ACC=96.970 F1=93.097 Rec=97.976 Prec=89.428
Train Client4 [37/50] LR=0.0000625 loss=0.199 ACC=96.750 F1=97.082 Rec=96.589 Prec=97.619
Train Client5 [37/50] LR=0.0000625 loss=0.204 ACC=96.733 F1=97.403 Rec=97.345 Prec=97.470
Train Client6 [37/50] LR=0.0000625 loss=0.002 ACC=100.000 F1=100.000 Rec=100.000 Prec=100.000
Train Client7 [37/50] LR=0.0000625 loss=0.059 ACC=97.794 F1=79.048 Rec=98.148 Prec=75.000

Val    [37/50] LR=0.0000625 loss=1.192 ACC=96.286 F1=96.279 Rec=96.286 Prec=96.362

Test-  OSR [37/50] LR=0.0000625 ACC=36.429 F1=41.424 Rec=72.857 Prec=29.587 UNK=0.000 OS*=97.143 HOS=0.000 AUROC=54.752 AUPR=70.337 OSCR=54.320
Test-Close [37/50] LR=0.0000625 loss=1.172 ACC=97.143 F1=97.142 Rec=97.143 Prec=97.192
Train Client0 [38/50] LR=0.0000625 loss=0.020 ACC=99.359 F1=66.448 Rec=66.232 Prec=66.667
Train Client1 [38/50] LR=0.0000625 loss=0.073 ACC=98.410 F1=95.565 Rec=95.322 Prec=95.837
Train Client2 [38/50] LR=0.0000625 loss=0.180 ACC=96.507 F1=94.289 Rec=95.277 Prec=93.391
Train Client3 [38/50] LR=0.0000625 loss=0.162 ACC=96.591 F1=97.072 Rec=97.493 Prec=96.685
Train Client4 [38/50] LR=0.0000625 loss=0.206 ACC=96.917 F1=97.256 Rec=97.025 Prec=97.497
Train Client5 [38/50] LR=0.0000625 loss=0.209 ACC=96.307 F1=97.059 Rec=97.012 Prec=97.111
Train Client6 [38/50] LR=0.0000625 loss=0.041 ACC=98.214 F1=96.260 Rec=98.611 Prec=94.444
Train Client7 [38/50] LR=0.0000625 loss=0.018 ACC=99.265 F1=88.577 Rec=99.383 Prec=83.333

Val    [38/50] LR=0.0000625 loss=1.204 ACC=95.905 F1=95.897 Rec=95.905 Prec=96.136

Test-  OSR [38/50] LR=0.0000625 ACC=36.357 F1=40.990 Rec=72.714 Prec=29.026 UNK=0.000 OS*=96.952 HOS=0.000 AUROC=56.400 AUPR=71.779 OSCR=55.854
Test-Close [38/50] LR=0.0000625 loss=1.178 ACC=96.952 F1=96.950 Rec=96.952 Prec=97.052
Train Client0 [39/50] LR=0.0000625 loss=0.006 ACC=99.840 F1=66.612 Rec=66.558 Prec=66.667
Train Client1 [39/50] LR=0.0000625 loss=0.072 ACC=98.454 F1=95.670 Rec=95.337 Prec=96.059
Train Client2 [39/50] LR=0.0000625 loss=0.177 ACC=96.507 F1=94.340 Rec=95.594 Prec=93.229
Train Client3 [39/50] LR=0.0000625 loss=0.186 ACC=97.348 F1=97.681 Rec=97.828 Prec=97.539
Train Client4 [39/50] LR=0.0000625 loss=0.190 ACC=97.083 F1=97.387 Rec=97.020 Prec=97.778
Train Client5 [39/50] LR=0.0000625 loss=0.178 ACC=96.165 F1=96.949 Rec=96.915 Prec=96.987
Train Client6 [39/50] LR=0.0000625 loss=0.001 ACC=100.000 F1=100.000 Rec=100.000 Prec=100.000
Train Client7 [39/50] LR=0.0000625 loss=0.136 ACC=99.265 F1=88.577 Rec=99.383 Prec=83.333

Val    [39/50] LR=0.0000625 loss=1.198 ACC=96.095 F1=96.089 Rec=96.095 Prec=96.170

Test-  OSR [39/50] LR=0.0000625 ACC=36.464 F1=41.474 Rec=72.929 Prec=29.621 UNK=0.000 OS*=97.238 HOS=0.000 AUROC=55.215 AUPR=71.017 OSCR=54.749
Test-Close [39/50] LR=0.0000625 loss=1.172 ACC=97.238 F1=97.237 Rec=97.238 Prec=97.280
Train Client0 [40/50] LR=0.0000625 loss=0.004 ACC=100.000 F1=100.000 Rec=100.000 Prec=100.000
Train Client1 [40/50] LR=0.0000625 loss=0.073 ACC=98.984 F1=97.150 Rec=96.794 Prec=97.565
Train Client2 [40/50] LR=0.0000625 loss=0.198 ACC=95.956 F1=93.402 Rec=94.422 Prec=92.481
Train Client3 [40/50] LR=0.0000625 loss=0.185 ACC=97.727 F1=98.040 Rec=98.328 Prec=97.766
Train Client4 [40/50] LR=0.0000625 loss=0.199 ACC=97.083 F1=97.393 Rec=97.028 Prec=97.782
Train Client5 [40/50] LR=0.0000625 loss=0.198 ACC=97.017 F1=97.627 Rec=97.593 Prec=97.665
Train Client6 [40/50] LR=0.0000625 loss=0.002 ACC=100.000 F1=100.000 Rec=100.000 Prec=100.000
Train Client7 [40/50] LR=0.0000625 loss=0.021 ACC=99.265 F1=88.577 Rec=99.383 Prec=83.333

Val    [40/50] LR=0.0000625 loss=1.190 ACC=96.667 F1=96.661 Rec=96.667 Prec=96.744

Test-  OSR [40/50] LR=0.0000625 ACC=36.500 F1=41.316 Rec=73.000 Prec=29.384 UNK=0.000 OS*=97.333 HOS=0.000 AUROC=55.034 AUPR=70.988 OSCR=54.590
Test-Close [40/50] LR=0.0000625 loss=1.169 ACC=97.333 F1=97.333 Rec=97.333 Prec=97.358
Saving model at epoch 40 . . . . . . . .

Train Client0 [41/50] LR=0.0000625 loss=0.013 ACC=99.679 F1=66.558 Rec=66.450 Prec=66.667
Train Client1 [41/50] LR=0.0000625 loss=0.078 ACC=98.807 F1=96.685 Rec=96.589 Prec=96.785
Train Client2 [41/50] LR=0.0000625 loss=0.186 ACC=96.017 F1=93.686 Rec=95.558 Prec=92.127
Train Client3 [41/50] LR=0.0000625 loss=0.132 ACC=98.485 F1=98.643 Rec=98.643 Prec=98.643
Train Client4 [41/50] LR=0.0000625 loss=0.183 ACC=97.500 F1=97.778 Rec=97.642 Prec=97.916
Train Client5 [41/50] LR=0.0000625 loss=0.170 ACC=97.017 F1=97.632 Rec=97.598 Prec=97.670
Train Client6 [41/50] LR=0.0000625 loss=0.002 ACC=100.000 F1=100.000 Rec=100.000 Prec=100.000
Train Client7 [41/50] LR=0.0000625 loss=0.102 ACC=99.265 F1=88.577 Rec=99.383 Prec=83.333

Val    [41/50] LR=0.0000625 loss=1.192 ACC=96.286 F1=96.280 Rec=96.286 Prec=96.345

Test-  OSR [41/50] LR=0.0000625 ACC=36.571 F1=41.342 Rec=73.143 Prec=29.357 UNK=0.000 OS*=97.524 HOS=0.000 AUROC=55.609 AUPR=71.734 OSCR=55.157
Test-Close [41/50] LR=0.0000625 loss=1.168 ACC=97.524 F1=97.523 Rec=97.524 Prec=97.549
Train Client0 [42/50] LR=0.0000625 loss=0.014 ACC=99.519 F1=66.503 Rec=66.341 Prec=66.667
Train Client1 [42/50] LR=0.0000625 loss=0.073 ACC=98.852 F1=96.762 Rec=96.375 Prec=97.218
Train Client2 [42/50] LR=0.0000625 loss=0.171 ACC=96.691 F1=94.577 Rec=95.509 Prec=93.725
Train Client3 [42/50] LR=0.0000625 loss=0.216 ACC=96.591 F1=94.731 Rec=97.493 Prec=92.353
Train Client4 [42/50] LR=0.0000625 loss=0.181 ACC=97.083 F1=97.427 Rec=97.394 Prec=97.460
Train Client5 [42/50] LR=0.0000625 loss=0.188 ACC=97.159 F1=97.741 Rec=97.718 Prec=97.766
Train Client6 [42/50] LR=0.0000625 loss=0.003 ACC=100.000 F1=100.000 Rec=100.000 Prec=100.000
Train Client7 [42/50] LR=0.0000625 loss=0.004 ACC=100.000 F1=100.000 Rec=100.000 Prec=100.000

Val    [42/50] LR=0.0000625 loss=1.191 ACC=96.381 F1=96.374 Rec=96.381 Prec=96.486

Test-  OSR [42/50] LR=0.0000625 ACC=36.500 F1=41.265 Rec=73.000 Prec=29.305 UNK=0.000 OS*=97.333 HOS=0.000 AUROC=55.916 AUPR=71.590 OSCR=55.470
Test-Close [42/50] LR=0.0000625 loss=1.166 ACC=97.333 F1=97.333 Rec=97.333 Prec=97.369
Train Client0 [43/50] LR=0.0000625 loss=0.025 ACC=99.519 F1=66.503 Rec=66.341 Prec=66.667
Train Client1 [43/50] LR=0.0000625 loss=0.068 ACC=98.984 F1=97.135 Rec=96.709 Prec=97.643
Train Client2 [43/50] LR=0.0000625 loss=0.165 ACC=96.814 F1=94.871 Rec=96.351 Prec=93.583
Train Client3 [43/50] LR=0.0000625 loss=0.216 ACC=97.348 F1=97.723 Rec=98.152 Prec=97.327
Train Client4 [43/50] LR=0.0000625 loss=0.197 ACC=96.833 F1=97.191 Rec=96.994 Prec=97.395
Train Client5 [43/50] LR=0.0000625 loss=0.166 ACC=97.443 F1=97.969 Rec=97.969 Prec=97.969
Train Client6 [43/50] LR=0.0000625 loss=0.002 ACC=100.000 F1=100.000 Rec=100.000 Prec=100.000
Train Client7 [43/50] LR=0.0000625 loss=0.032 ACC=99.265 F1=88.577 Rec=99.383 Prec=83.333

Val    [43/50] LR=0.0000625 loss=1.199 ACC=95.905 F1=95.893 Rec=95.905 Prec=96.092

Test-  OSR [43/50] LR=0.0000625 ACC=36.464 F1=41.417 Rec=72.929 Prec=29.520 UNK=0.000 OS*=97.238 HOS=0.000 AUROC=55.125 AUPR=70.684 OSCR=54.669
Test-Close [43/50] LR=0.0000625 loss=1.169 ACC=97.238 F1=97.237 Rec=97.238 Prec=97.294
Train Client0 [44/50] LR=0.0000625 loss=0.008 ACC=99.679 F1=66.558 Rec=66.450 Prec=66.667
Train Client1 [44/50] LR=0.0000625 loss=0.079 ACC=98.542 F1=95.943 Rec=95.727 Prec=96.181
Train Client2 [44/50] LR=0.0000625 loss=0.176 ACC=96.569 F1=94.476 Rec=95.936 Prec=93.206
Train Client3 [44/50] LR=0.0000625 loss=0.158 ACC=97.727 F1=98.022 Rec=98.318 Prec=97.741
Train Client4 [44/50] LR=0.0000625 loss=0.185 ACC=97.250 F1=97.547 Rec=97.312 Prec=97.792
Train Client5 [44/50] LR=0.0000625 loss=0.153 ACC=97.159 F1=97.742 Rec=97.695 Prec=97.795
Train Client6 [44/50] LR=0.0000625 loss=0.007 ACC=100.000 F1=100.000 Rec=100.000 Prec=100.000
Train Client7 [44/50] LR=0.0000625 loss=0.017 ACC=99.265 F1=88.577 Rec=99.383 Prec=83.333

Val    [44/50] LR=0.0000625 loss=1.191 ACC=96.381 F1=96.378 Rec=96.381 Prec=96.478

Test-  OSR [44/50] LR=0.0000625 ACC=36.500 F1=41.674 Rec=73.000 Prec=29.862 UNK=0.000 OS*=97.333 HOS=0.000 AUROC=54.102 AUPR=70.027 OSCR=53.693
Test-Close [44/50] LR=0.0000625 loss=1.167 ACC=97.333 F1=97.333 Rec=97.333 Prec=97.358
Train Client0 [45/50] LR=0.0000625 loss=0.016 ACC=99.519 F1=66.504 Rec=66.342 Prec=66.667
Train Client1 [45/50] LR=0.0000625 loss=0.072 ACC=98.852 F1=96.800 Rec=96.546 Prec=97.084
Train Client2 [45/50] LR=0.0000625 loss=0.165 ACC=96.936 F1=95.024 Rec=96.241 Prec=93.938
Train Client3 [45/50] LR=0.0000625 loss=0.260 ACC=96.212 F1=96.672 Rec=96.672 Prec=96.672
Train Client4 [45/50] LR=0.0000625 loss=0.210 ACC=96.917 F1=97.244 Rec=96.880 Prec=97.631
Train Client5 [45/50] LR=0.0000625 loss=0.162 ACC=96.449 F1=97.175 Rec=97.141 Prec=97.213
Train Client6 [45/50] LR=0.0000625 loss=0.002 ACC=100.000 F1=100.000 Rec=100.000 Prec=100.000
Train Client7 [45/50] LR=0.0000625 loss=0.058 ACC=100.000 F1=100.000 Rec=100.000 Prec=100.000

Val    [45/50] LR=0.0000625 loss=1.187 ACC=96.571 F1=96.567 Rec=96.571 Prec=96.610

Test-  OSR [45/50] LR=0.0000625 ACC=36.571 F1=41.763 Rec=73.143 Prec=29.960 UNK=0.000 OS*=97.524 HOS=0.000 AUROC=54.155 AUPR=70.470 OSCR=53.746
Test-Close [45/50] LR=0.0000625 loss=1.167 ACC=97.524 F1=97.524 Rec=97.524 Prec=97.533
Saving model at epoch 45 . . . . . . . .

Train Client0 [46/50] LR=0.0000625 loss=0.009 ACC=99.840 F1=99.840 Rec=99.842 Prec=99.838
Train Client1 [46/50] LR=0.0000625 loss=0.073 ACC=98.940 F1=97.021 Rec=96.694 Prec=97.395
Train Client2 [46/50] LR=0.0000625 loss=0.191 ACC=96.262 F1=93.832 Rec=94.544 Prec=93.168
Train Client3 [46/50] LR=0.0000625 loss=0.122 ACC=98.485 F1=98.669 Rec=98.669 Prec=98.669
Train Client4 [46/50] LR=0.0000625 loss=0.169 ACC=97.500 F1=97.768 Rec=97.367 Prec=98.197
Train Client5 [46/50] LR=0.0000625 loss=0.186 ACC=96.307 F1=97.070 Rec=97.070 Prec=97.070
Train Client6 [46/50] LR=0.0000625 loss=0.177 ACC=100.000 F1=100.000 Rec=100.000 Prec=100.000
Train Client7 [46/50] LR=0.0000625 loss=0.009 ACC=100.000 F1=100.000 Rec=100.000 Prec=100.000

Val    [46/50] LR=0.0000625 loss=1.202 ACC=95.619 F1=95.602 Rec=95.619 Prec=95.911

Test-  OSR [46/50] LR=0.0000625 ACC=36.393 F1=41.097 Rec=72.786 Prec=29.136 UNK=0.000 OS*=97.048 HOS=0.000 AUROC=56.661 AUPR=72.117 OSCR=56.119
Test-Close [46/50] LR=0.0000625 loss=1.176 ACC=97.048 F1=97.044 Rec=97.048 Prec=97.179
>> New learning Rate: 3.125e-05
Train Client0 [47/50] LR=0.0000313 loss=0.036 ACC=98.878 F1=66.231 Rec=65.910 Prec=66.556
Train Client1 [47/50] LR=0.0000313 loss=0.065 ACC=98.940 F1=97.034 Rec=96.716 Prec=97.399
Train Client2 [47/50] LR=0.0000313 loss=0.172 ACC=96.385 F1=94.219 Rec=95.863 Prec=92.815
Train Client3 [47/50] LR=0.0000313 loss=0.133 ACC=98.485 F1=98.643 Rec=98.333 Prec=98.969
Train Client4 [47/50] LR=0.0000313 loss=0.186 ACC=97.250 F1=97.553 Rec=97.385 Prec=97.726
Train Client5 [47/50] LR=0.0000313 loss=0.173 ACC=97.017 F1=97.623 Rec=97.564 Prec=97.692
Train Client6 [47/50] LR=0.0000313 loss=0.004 ACC=100.000 F1=100.000 Rec=100.000 Prec=100.000
Train Client7 [47/50] LR=0.0000313 loss=0.144 ACC=97.794 F1=82.192 Rec=98.354 Prec=77.149

Val    [47/50] LR=0.0000313 loss=1.183 ACC=96.571 F1=96.569 Rec=96.571 Prec=96.651

Test-  OSR [47/50] LR=0.0000313 ACC=36.607 F1=41.365 Rec=73.214 Prec=29.366 UNK=0.000 OS*=97.619 HOS=0.000 AUROC=57.317 AUPR=73.051 OSCR=56.854
Test-Close [47/50] LR=0.0000313 loss=1.161 ACC=97.619 F1=97.619 Rec=97.619 Prec=97.631
Train Client0 [48/50] LR=0.0000313 loss=0.008 ACC=99.840 F1=66.612 Rec=66.558 Prec=66.667
Train Client1 [48/50] LR=0.0000313 loss=0.067 ACC=99.028 F1=97.355 Rec=97.030 Prec=97.740
Train Client2 [48/50] LR=0.0000313 loss=0.186 ACC=96.262 F1=93.996 Rec=95.497 Prec=92.700
Train Client3 [48/50] LR=0.0000313 loss=0.205 ACC=96.212 F1=94.336 Rec=97.270 Prec=91.808
Train Client4 [48/50] LR=0.0000313 loss=0.168 ACC=97.750 F1=98.006 Rec=97.905 Prec=98.110
Train Client5 [48/50] LR=0.0000313 loss=0.182 ACC=96.449 F1=97.182 Rec=97.193 Prec=97.171
Train Client6 [48/50] LR=0.0000313 loss=0.004 ACC=100.000 F1=100.000 Rec=100.000 Prec=100.000
Train Client7 [48/50] LR=0.0000313 loss=0.260 ACC=99.265 F1=88.577 Rec=99.383 Prec=83.333

Val    [48/50] LR=0.0000313 loss=1.184 ACC=96.476 F1=96.470 Rec=96.476 Prec=96.553

Test-  OSR [48/50] LR=0.0000313 ACC=36.607 F1=41.323 Rec=73.214 Prec=29.313 UNK=0.000 OS*=97.619 HOS=0.000 AUROC=57.078 AUPR=73.085 OSCR=56.615
Test-Close [48/50] LR=0.0000313 loss=1.163 ACC=97.619 F1=97.619 Rec=97.619 Prec=97.631
Train Client0 [49/50] LR=0.0000313 loss=0.039 ACC=99.359 F1=66.448 Rec=66.232 Prec=66.667
Train Client1 [49/50] LR=0.0000313 loss=0.063 ACC=99.028 F1=97.290 Rec=97.032 Prec=97.577
Train Client2 [49/50] LR=0.0000313 loss=0.163 ACC=96.691 F1=94.674 Rec=96.144 Prec=93.395
Train Client3 [49/50] LR=0.0000313 loss=0.182 ACC=96.591 F1=97.098 Rec=97.799 Prec=96.485
Train Client4 [49/50] LR=0.0000313 loss=0.188 ACC=97.250 F1=97.547 Rec=97.379 Prec=97.721
Train Client5 [49/50] LR=0.0000313 loss=0.171 ACC=96.875 F1=97.515 Rec=97.492 Prec=97.540
Train Client6 [49/50] LR=0.0000313 loss=0.610 ACC=100.000 F1=100.000 Rec=100.000 Prec=100.000
Train Client7 [49/50] LR=0.0000313 loss=0.141 ACC=100.000 F1=100.000 Rec=100.000 Prec=100.000

Val    [49/50] LR=0.0000313 loss=1.187 ACC=96.286 F1=96.279 Rec=96.286 Prec=96.381

Test-  OSR [49/50] LR=0.0000313 ACC=36.536 F1=41.283 Rec=73.071 Prec=29.303 UNK=0.000 OS*=97.429 HOS=0.000 AUROC=57.189 AUPR=73.067 OSCR=56.703
Test-Close [49/50] LR=0.0000313 loss=1.165 ACC=97.429 F1=97.428 Rec=97.429 Prec=97.449
------>Best performance (by OSCR)--->>>>>>>

Test-  OSR [32/50] LR=0.0001250 ACC=36.321 F1=40.653 Rec=72.643 Prec=28.613 UNK=0.000 OS*=96.857 HOS=0.000 AUROC=58.125 AUPR=73.642 OSCR=57.415
Test-Close [32/50] LR=0.0001250 loss=1.189 ACC=96.857 F1=96.853 Rec=96.857 Prec=97.012
=====================================================================================================================================
The ending time ：2026-07-05 14:38:08
