Logging to: ./logs/RetinalOCT_Finetune_K5_U3_seed0_20260620_105749.log
==> Preparing data..
Protocol mode: easy
Fixed known classes: ['CNV', 'DME', 'DR', 'DRUSEN', 'NORMAL']
Fixed unknown classes: ['AMD', 'CSR', 'MH']
Known class list: [1 3 4 5 7] Unknown class list [0 2 6]
Total images — Train: 18400, Val: 2800, Test: 2800
{1: 0, 3: 1, 4: 2, 5: 3, 7: 4} {0: 5, 2: 6, 6: 7}
Known origin: [1 3 4 5 7] , new: [0 1 2 3 4]
Unknown origin: [0 2 6] , new: [5 6 7]
Known/Unknown in Train: 11500/6900
Known/Unknown in Val:   1750/1050
Known/Unknown in Test:  1750/1050
Client0 sample num: 1861
Client1 sample num: 2876
Client2 sample num: 2109
Client3 sample num: 533
Client4 sample num: 1312
Client5 sample num: 1125
Client6 sample num: 362
Client7 sample num: 1322

>>> Setting up
==> Using device: cuda:0
==> Building [Resnet18] model..
154
154
154
154
154
154
154
154
154
154
154
154
154
154
154
154
154
154
Train Client0 [0/30] LR=0.0001000 loss=6.105 ACC=77.640 F1=55.055 Rec=54.940 Prec=59.003
Train Client1 [0/30] LR=0.0001000 loss=4.131 ACC=86.978 F1=69.036 Rec=69.617 Prec=68.534
Train Client2 [0/30] LR=0.0001000 loss=5.259 ACC=85.551 F1=57.057 Rec=55.189 Prec=64.022
Train Client3 [0/30] LR=0.0001000 loss=12.748 ACC=62.500 F1=55.275 Rec=58.385 Prec=54.175
Train Client4 [0/30] LR=0.0001000 loss=7.093 ACC=91.921 F1=52.194 Rec=53.250 Prec=51.211
Train Client5 [0/30] LR=0.0001000 loss=9.128 ACC=76.696 F1=59.614 Rec=58.261 Prec=62.378
Train Client6 [0/30] LR=0.0001000 loss=13.057 ACC=79.444 F1=57.263 Rec=60.745 Prec=55.510
Train Client7 [0/30] LR=0.0001000 loss=7.454 ACC=82.727 F1=63.108 Rec=63.707 Prec=62.563

Test-  OSR [0/30] LR=0.0001000 ACC=49.036 F1=52.624 Rec=65.349 Prec=60.949 UNK=0.095 OS*=78.400 HOS=0.190 AUROC=25.990 AUPR=25.985 OSCR=24.485
Test-Close [0/30] LR=0.0001000 loss=2.250 ACC=78.514 F1=75.373 Rec=78.514 Prec=81.823

Saving best model . . . . . . . .

Train Client0 [1/30] LR=0.0001000 loss=1.733 ACC=80.226 F1=74.159 Rec=73.458 Prec=75.738
Train Client1 [1/30] LR=0.0001000 loss=1.213 ACC=87.430 F1=69.709 Rec=70.494 Prec=69.010
Train Client2 [1/30] LR=0.0001000 loss=1.034 ACC=88.213 F1=67.256 Rec=65.924 Prec=70.861
Train Client3 [1/30] LR=0.0001000 loss=2.226 ACC=69.508 F1=64.918 Rec=69.758 Prec=62.581
Train Client4 [1/30] LR=0.0001000 loss=0.789 ACC=93.674 F1=62.509 Rec=66.331 Prec=63.150
Train Client5 [1/30] LR=0.0001000 loss=1.826 ACC=77.411 F1=62.238 Rec=61.810 Prec=62.719
Train Client6 [1/30] LR=0.0001000 loss=2.116 ACC=80.833 F1=61.381 Rec=68.627 Prec=57.447
Train Client7 [1/30] LR=0.0001000 loss=1.395 ACC=84.621 F1=66.216 Rec=68.356 Prec=64.455

Test-  OSR [1/30] LR=0.0001000 ACC=44.107 F1=49.224 Rec=54.397 Prec=69.917 UNK=13.238 OS*=62.629 HOS=21.856 AUROC=28.239 AUPR=28.012 OSCR=25.036
Test-Close [1/30] LR=0.0001000 loss=2.484 ACC=82.743 F1=81.918 Rec=82.743 Prec=84.147

Saving best model . . . . . . . .

Train Client0 [2/30] LR=0.0001000 loss=1.649 ACC=81.304 F1=60.608 Rec=60.139 Prec=61.926
Train Client1 [2/30] LR=0.0001000 loss=1.104 ACC=88.753 F1=71.949 Rec=72.791 Prec=73.925
Train Client2 [2/30] LR=0.0001000 loss=0.827 ACC=90.970 F1=73.816 Rec=72.344 Prec=76.947
Train Client3 [2/30] LR=0.0001000 loss=2.002 ACC=75.000 F1=68.525 Rec=73.481 Prec=66.212
Train Client4 [2/30] LR=0.0001000 loss=0.736 ACC=92.988 F1=56.055 Rec=57.508 Prec=54.824
Train Client5 [2/30] LR=0.0001000 loss=1.625 ACC=80.089 F1=63.742 Rec=63.558 Prec=63.991
Train Client6 [2/30] LR=0.0001000 loss=2.001 ACC=76.111 F1=55.837 Rec=63.415 Prec=52.235
Train Client7 [2/30] LR=0.0001000 loss=1.374 ACC=84.394 F1=68.844 Rec=88.421 Prec=66.249

Test-  OSR [2/30] LR=0.0001000 ACC=48.286 F1=58.326 Rec=63.270 Prec=66.337 UNK=3.333 OS*=75.257 HOS=6.384 AUROC=22.573 AUPR=25.089 OSCR=21.899
Test-Close [2/30] LR=0.0001000 loss=2.331 ACC=86.171 F1=85.943 Rec=86.171 Prec=87.175

Train Client0 [3/30] LR=0.0001000 loss=1.518 ACC=83.351 F1=78.845 Rec=77.562 Prec=80.731
Train Client1 [3/30] LR=0.0001000 loss=0.962 ACC=89.798 F1=74.405 Rec=74.360 Prec=77.140
Train Client2 [3/30] LR=0.0001000 loss=0.828 ACC=90.304 F1=71.920 Rec=70.677 Prec=74.483
Train Client3 [3/30] LR=0.0001000 loss=1.928 ACC=76.894 F1=68.146 Rec=70.643 Prec=66.842
Train Client4 [3/30] LR=0.0001000 loss=0.647 ACC=93.598 F1=61.661 Rec=63.880 Prec=60.119
Train Client5 [3/30] LR=0.0001000 loss=1.509 ACC=81.607 F1=65.307 Rec=64.759 Prec=66.076
Train Client6 [3/30] LR=0.0001000 loss=1.624 ACC=81.667 F1=62.161 Rec=68.411 Prec=59.101
Train Client7 [3/30] LR=0.0001000 loss=1.198 ACC=87.500 F1=69.422 Rec=70.800 Prec=68.235

Test-  OSR [3/30] LR=0.0001000 ACC=50.500 F1=61.643 Rec=65.714 Prec=68.257 UNK=4.857 OS*=77.886 HOS=9.144 AUROC=24.499 AUPR=26.562 OSCR=23.658
Test-Close [3/30] LR=0.0001000 loss=2.287 ACC=88.171 F1=88.153 Rec=88.171 Prec=88.933

Train Client0 [4/30] LR=0.0001000 loss=1.441 ACC=84.752 F1=80.983 Rec=79.757 Prec=82.771
Train Client1 [4/30] LR=0.0001000 loss=0.974 ACC=90.216 F1=78.751 Rec=77.829 Prec=80.754
Train Client2 [4/30] LR=0.0001000 loss=0.789 ACC=91.302 F1=75.977 Rec=74.844 Prec=77.578
Train Client3 [4/30] LR=0.0001000 loss=1.839 ACC=76.515 F1=68.077 Rec=70.495 Prec=67.025
Train Client4 [4/30] LR=0.0001000 loss=0.613 ACC=94.055 F1=64.260 Rec=66.357 Prec=62.872
Train Client5 [4/30] LR=0.0001000 loss=1.365 ACC=83.482 F1=67.140 Rec=66.510 Prec=67.990
Train Client6 [4/30] LR=0.0001000 loss=1.507 ACC=86.111 F1=63.497 Rec=67.085 Prec=60.867
Train Client7 [4/30] LR=0.0001000 loss=1.269 ACC=85.227 F1=67.390 Rec=68.966 Prec=65.994

Test-  OSR [4/30] LR=0.0001000 ACC=52.357 F1=62.763 Rec=69.048 Prec=66.574 UNK=2.286 OS*=82.400 HOS=4.448 AUROC=22.874 AUPR=25.636 OSCR=22.333
Test-Close [4/30] LR=0.0001000 loss=2.224 ACC=88.457 F1=88.486 Rec=88.457 Prec=89.464

Train Client0 [5/30] LR=0.0001000 loss=1.378 ACC=84.644 F1=64.545 Rec=63.635 Prec=65.962
Train Client1 [5/30] LR=0.0001000 loss=0.909 ACC=90.912 F1=80.462 Rec=79.664 Prec=82.130
Train Client2 [5/30] LR=0.0001000 loss=0.686 ACC=93.156 F1=81.653 Rec=81.026 Prec=82.527
Train Client3 [5/30] LR=0.0001000 loss=1.665 ACC=82.197 F1=74.327 Rec=77.571 Prec=72.848
Train Client4 [5/30] LR=0.0001000 loss=0.533 ACC=94.817 F1=68.509 Rec=72.485 Prec=65.908
Train Client5 [5/30] LR=0.0001000 loss=1.418 ACC=83.839 F1=69.931 Rec=71.724 Prec=69.214
Train Client6 [5/30] LR=0.0001000 loss=1.441 ACC=83.611 F1=65.742 Rec=71.149 Prec=62.508
Train Client7 [5/30] LR=0.0001000 loss=1.179 ACC=87.121 F1=69.509 Rec=70.150 Prec=69.026

Test-  OSR [5/30] LR=0.0001000 ACC=53.143 F1=63.651 Rec=69.397 Prec=68.856 UNK=4.381 OS*=82.400 HOS=8.320 AUROC=24.830 AUPR=26.921 OSCR=24.077
Test-Close [5/30] LR=0.0001000 loss=2.189 ACC=89.886 F1=89.827 Rec=89.886 Prec=90.673

Train Client0 [6/30] LR=0.0001000 loss=1.299 ACC=86.207 F1=82.560 Rec=81.673 Prec=84.259
Train Client1 [6/30] LR=0.0001000 loss=0.990 ACC=90.703 F1=78.941 Rec=77.960 Prec=83.328
Train Client2 [6/30] LR=0.0001000 loss=0.775 ACC=91.778 F1=78.847 Rec=78.893 Prec=79.273
Train Client3 [6/30] LR=0.0001000 loss=1.579 ACC=82.765 F1=73.949 Rec=75.643 Prec=72.730
Train Client4 [6/30] LR=0.0001000 loss=0.703 ACC=94.055 F1=66.417 Rec=69.956 Prec=64.533
Train Client5 [6/30] LR=0.0001000 loss=1.354 ACC=84.464 F1=73.178 Rec=77.638 Prec=71.747
Train Client6 [6/30] LR=0.0001000 loss=1.409 ACC=87.778 F1=71.712 Rec=76.399 Prec=69.757
Train Client7 [6/30] LR=0.0001000 loss=1.238 ACC=88.030 F1=70.068 Rec=71.437 Prec=68.953

Test-  OSR [6/30] LR=0.0001000 ACC=41.179 F1=51.223 Rec=51.508 Prec=72.154 UNK=10.190 OS*=59.771 HOS=17.412 AUROC=23.499 AUPR=27.059 OSCR=20.926
Test-Close [6/30] LR=0.0001000 loss=2.512 ACC=90.514 F1=90.506 Rec=90.514 Prec=90.850

Train Client0 [7/30] LR=0.0001000 loss=1.290 ACC=85.991 F1=82.524 Rec=81.580 Prec=84.002
Train Client1 [7/30] LR=0.0001000 loss=0.889 ACC=90.669 F1=79.795 Rec=79.210 Prec=81.221
Train Client2 [7/30] LR=0.0001000 loss=0.701 ACC=93.441 F1=79.988 Rec=79.134 Prec=81.489
Train Client3 [7/30] LR=0.0001000 loss=1.713 ACC=82.008 F1=73.970 Rec=75.253 Prec=73.024
Train Client4 [7/30] LR=0.0001000 loss=0.638 ACC=94.665 F1=66.021 Rec=67.495 Prec=65.938
Train Client5 [7/30] LR=0.0001000 loss=1.294 ACC=85.000 F1=67.546 Rec=67.328 Prec=67.776
Train Client6 [7/30] LR=0.0001000 loss=1.484 ACC=86.111 F1=67.865 Rec=72.655 Prec=65.033
Train Client7 [7/30] LR=0.0001000 loss=1.212 ACC=88.788 F1=71.229 Rec=73.291 Prec=69.584

Test-  OSR [7/30] LR=0.0001000 ACC=39.500 F1=49.717 Rec=48.032 Prec=72.791 UNK=13.905 OS*=54.857 HOS=22.186 AUROC=25.127 AUPR=28.617 OSCR=21.136
Test-Close [7/30] LR=0.0001000 loss=2.576 ACC=90.400 F1=90.404 Rec=90.400 Prec=90.789

Train Client0 [8/30] LR=0.0001000 loss=1.299 ACC=86.476 F1=82.927 Rec=82.142 Prec=84.439
Train Client1 [8/30] LR=0.0001000 loss=0.936 ACC=90.738 F1=79.525 Rec=78.289 Prec=82.602
Train Client2 [8/30] LR=0.0001000 loss=0.680 ACC=93.203 F1=82.161 Rec=82.762 Prec=81.622
Train Client3 [8/30] LR=0.0001000 loss=1.647 ACC=81.629 F1=72.485 Rec=75.171 Prec=70.937
Train Client4 [8/30] LR=0.0001000 loss=0.552 ACC=94.817 F1=62.763 Rec=65.268 Prec=61.235
Train Client5 [8/30] LR=0.0001000 loss=1.298 ACC=84.375 F1=67.305 Rec=67.514 Prec=67.119
Train Client6 [8/30] LR=0.0001000 loss=1.367 ACC=89.444 F1=76.163 Rec=80.088 Prec=73.928
Train Client7 [8/30] LR=0.0001000 loss=1.117 ACC=89.015 F1=70.518 Rec=71.234 Prec=69.900

Test-  OSR [8/30] LR=0.0001000 ACC=38.929 F1=48.784 Rec=49.937 Prec=71.227 UNK=5.905 OS*=58.743 HOS=10.731 AUROC=20.629 AUPR=25.065 OSCR=19.193
Test-Close [8/30] LR=0.0001000 loss=2.549 ACC=91.029 F1=91.014 Rec=91.029 Prec=91.379

Train Client0 [9/30] LR=0.0001000 loss=1.186 ACC=88.470 F1=85.731 Rec=84.692 Prec=87.105
Train Client1 [9/30] LR=0.0001000 loss=0.838 ACC=91.922 F1=82.200 Rec=81.316 Prec=83.637
Train Client2 [9/30] LR=0.0001000 loss=0.617 ACC=93.441 F1=82.106 Rec=81.251 Prec=83.215
Train Client3 [9/30] LR=0.0001000 loss=1.589 ACC=83.523 F1=72.202 Rec=73.418 Prec=71.326
Train Client4 [9/30] LR=0.0001000 loss=0.521 ACC=95.122 F1=66.619 Rec=68.018 Prec=66.840
Train Client5 [9/30] LR=0.0001000 loss=1.205 ACC=85.714 F1=70.849 Rec=72.294 Prec=70.280
Train Client6 [9/30] LR=0.0001000 loss=1.540 ACC=86.389 F1=74.887 Rec=81.271 Prec=70.932
Train Client7 [9/30] LR=0.0001000 loss=1.069 ACC=89.697 F1=71.931 Rec=73.566 Prec=70.566

Test-  OSR [9/30] LR=0.0001000 ACC=43.607 F1=52.988 Rec=52.746 Prec=73.511 UNK=16.190 OS*=60.057 HOS=25.505 AUROC=27.116 AUPR=28.422 OSCR=23.611
Test-Close [9/30] LR=0.0001000 loss=2.545 ACC=91.143 F1=91.125 Rec=91.143 Prec=91.467

Train Client0 [10/30] LR=0.0001000 loss=1.146 ACC=88.093 F1=85.242 Rec=84.224 Prec=86.709
Train Client1 [10/30] LR=0.0001000 loss=0.754 ACC=91.957 F1=84.164 Rec=82.173 Prec=88.174
Train Client2 [10/30] LR=0.0001000 loss=0.569 ACC=93.916 F1=83.187 Rec=82.184 Prec=84.406
Train Client3 [10/30] LR=0.0001000 loss=1.511 ACC=84.659 F1=79.109 Rec=82.819 Prec=76.867
Train Client4 [10/30] LR=0.0001000 loss=0.538 ACC=95.122 F1=65.873 Rec=68.483 Prec=64.012
Train Client5 [10/30] LR=0.0001000 loss=1.233 ACC=87.143 F1=69.408 Rec=69.131 Prec=69.700
Train Client6 [10/30] LR=0.0001000 loss=1.628 ACC=86.944 F1=73.885 Rec=76.224 Prec=72.637
Train Client7 [10/30] LR=0.0001000 loss=1.056 ACC=90.000 F1=71.537 Rec=72.449 Prec=70.819

Test-  OSR [10/30] LR=0.0001000 ACC=33.429 F1=36.711 Rec=37.873 Prec=73.811 UNK=20.095 OS*=41.429 HOS=27.063 AUROC=27.647 AUPR=29.210 OSCR=20.293
Test-Close [10/30] LR=0.0001000 loss=2.680 ACC=91.257 F1=91.271 Rec=91.257 Prec=91.636

Train Client0 [11/30] LR=0.0001000 loss=1.239 ACC=87.069 F1=84.005 Rec=82.863 Prec=85.492
Train Client1 [11/30] LR=0.0001000 loss=0.864 ACC=91.365 F1=84.437 Rec=82.006 Prec=89.031
Train Client2 [11/30] LR=0.0001000 loss=0.611 ACC=93.251 F1=80.802 Rec=80.675 Prec=80.997
Train Client3 [11/30] LR=0.0001000 loss=1.381 ACC=85.417 F1=76.633 Rec=76.773 Prec=76.812
Train Client4 [11/30] LR=0.0001000 loss=0.593 ACC=94.970 F1=66.859 Rec=67.259 Prec=66.806
Train Client5 [11/30] LR=0.0001000 loss=1.248 ACC=85.357 F1=72.012 Rec=73.221 Prec=71.058
Train Client6 [11/30] LR=0.0001000 loss=1.457 ACC=85.278 F1=71.307 Rec=77.166 Prec=67.158
Train Client7 [11/30] LR=0.0001000 loss=1.144 ACC=88.182 F1=69.983 Rec=71.481 Prec=68.787

Test-  OSR [11/30] LR=0.0001000 ACC=33.714 F1=40.657 Rec=40.921 Prec=72.174 UNK=12.095 OS*=46.686 HOS=19.213 AUROC=23.072 AUPR=26.624 OSCR=19.210
Test-Close [11/30] LR=0.0001000 loss=2.620 ACC=90.971 F1=90.952 Rec=90.971 Prec=91.165

Train Client0 [12/30] LR=0.0001000 loss=1.022 ACC=89.170 F1=86.711 Rec=85.848 Prec=87.805
Train Client1 [12/30] LR=0.0001000 loss=0.764 ACC=91.957 F1=81.269 Rec=79.983 Prec=84.230
Train Client2 [12/30] LR=0.0001000 loss=0.634 ACC=93.061 F1=81.610 Rec=82.065 Prec=81.245
Train Client3 [12/30] LR=0.0001000 loss=1.325 ACC=86.932 F1=74.548 Rec=75.588 Prec=73.865
Train Client4 [12/30] LR=0.0001000 loss=0.505 ACC=94.741 F1=65.343 Rec=67.235 Prec=64.281
Train Client5 [12/30] LR=0.0001000 loss=1.199 ACC=87.857 F1=74.360 Rec=75.165 Prec=73.706
Train Client6 [12/30] LR=0.0001000 loss=1.547 ACC=86.389 F1=72.606 Rec=79.479 Prec=68.454
Train Client7 [12/30] LR=0.0001000 loss=1.102 ACC=89.470 F1=71.944 Rec=72.702 Prec=71.298

Test-  OSR [12/30] LR=0.0001000 ACC=23.786 F1=21.578 Rec=26.540 Prec=73.152 UNK=15.524 OS*=28.743 HOS=20.160 AUROC=21.633 AUPR=25.177 OSCR=16.785
Test-Close [12/30] LR=0.0001000 loss=2.845 ACC=91.029 F1=91.016 Rec=91.029 Prec=91.337

Train Client0 [13/30] LR=0.0001000 loss=1.119 ACC=88.901 F1=86.229 Rec=85.171 Prec=87.705
Train Client1 [13/30] LR=0.0001000 loss=0.789 ACC=92.235 F1=82.960 Rec=82.110 Prec=84.280
Train Client2 [13/30] LR=0.0001000 loss=0.540 ACC=94.534 F1=83.937 Rec=82.931 Prec=85.125
Train Client3 [13/30] LR=0.0001000 loss=1.439 ACC=84.470 F1=73.460 Rec=75.365 Prec=72.292
Train Client4 [13/30] LR=0.0001000 loss=0.493 ACC=95.960 F1=65.681 Rec=66.942 Prec=64.880
Train Client5 [13/30] LR=0.0001000 loss=1.127 ACC=88.125 F1=73.490 Rec=75.231 Prec=72.824
Train Client6 [13/30] LR=0.0001000 loss=1.460 ACC=89.444 F1=79.297 Rec=79.832 Prec=79.432
Train Client7 [13/30] LR=0.0001000 loss=0.983 ACC=90.000 F1=72.036 Rec=72.384 Prec=71.785

Test-  OSR [13/30] LR=0.0001000 ACC=29.107 F1=35.401 Rec=37.095 Prec=70.947 UNK=5.143 OS*=43.486 HOS=9.198 AUROC=17.413 AUPR=24.049 OSCR=15.894
Test-Close [13/30] LR=0.0001000 loss=2.703 ACC=91.257 F1=91.256 Rec=91.257 Prec=91.698

Train Client0 [14/30] LR=0.0001000 loss=1.146 ACC=88.147 F1=85.510 Rec=84.526 Prec=86.941
Train Client1 [14/30] LR=0.0001000 loss=0.736 ACC=92.723 F1=85.660 Rec=83.741 Prec=88.884
Train Client2 [14/30] LR=0.0001000 loss=0.545 ACC=94.487 F1=85.040 Rec=84.971 Prec=85.151
Train Client3 [14/30] LR=0.0001000 loss=1.420 ACC=84.091 F1=68.659 Rec=69.724 Prec=67.954
Train Client4 [14/30] LR=0.0001000 loss=0.455 ACC=96.189 F1=74.467 Rec=77.571 Prec=74.828
Train Client5 [14/30] LR=0.0001000 loss=1.070 ACC=86.518 F1=68.902 Rec=69.091 Prec=68.733
Train Client6 [14/30] LR=0.0001000 loss=1.239 ACC=89.167 F1=75.994 Rec=82.410 Prec=71.768
Train Client7 [14/30] LR=0.0001000 loss=0.879 ACC=91.364 F1=73.735 Rec=73.828 Prec=73.756

Test-  OSR [14/30] LR=0.0001000 ACC=25.214 F1=27.780 Rec=30.159 Prec=71.873 UNK=10.381 OS*=34.114 HOS=15.918 AUROC=20.237 AUPR=24.694 OSCR=16.964
Test-Close [14/30] LR=0.0001000 loss=2.768 ACC=91.143 F1=91.163 Rec=91.143 Prec=91.484

Train Client0 [15/30] LR=0.0001000 loss=1.119 ACC=88.039 F1=85.243 Rec=84.143 Prec=86.710
Train Client1 [15/30] LR=0.0001000 loss=0.689 ACC=92.653 F1=85.426 Rec=84.733 Prec=86.487
Train Client2 [15/30] LR=0.0001000 loss=0.527 ACC=93.726 F1=82.969 Rec=83.009 Prec=82.948
Train Client3 [15/30] LR=0.0001000 loss=1.314 ACC=86.174 F1=77.145 Rec=77.739 Prec=76.737
Train Client4 [15/30] LR=0.0001000 loss=0.517 ACC=95.427 F1=70.371 Rec=73.063 Prec=69.513
Train Client5 [15/30] LR=0.0001000 loss=1.095 ACC=87.589 F1=76.084 Rec=79.808 Prec=74.523
Train Client6 [15/30] LR=0.0001000 loss=1.186 ACC=90.000 F1=72.981 Rec=74.975 Prec=72.325
Train Client7 [15/30] LR=0.0001000 loss=0.869 ACC=91.288 F1=77.684 Rec=92.992 Prec=75.469

Test-  OSR [15/30] LR=0.0001000 ACC=20.250 F1=16.364 Rec=22.905 Prec=71.046 UNK=12.286 OS*=25.029 HOS=16.481 AUROC=19.716 AUPR=24.758 OSCR=15.414
Test-Close [15/30] LR=0.0001000 loss=2.849 ACC=91.143 F1=91.130 Rec=91.143 Prec=91.569

Train Client0 [16/30] LR=0.0001000 loss=1.078 ACC=88.578 F1=85.973 Rec=84.853 Prec=87.439
Train Client1 [16/30] LR=0.0001000 loss=0.712 ACC=93.210 F1=86.222 Rec=84.355 Prec=89.670
Train Client2 [16/30] LR=0.0001000 loss=0.546 ACC=94.629 F1=85.440 Rec=85.916 Prec=85.057
Train Client3 [16/30] LR=0.0001000 loss=1.407 ACC=86.364 F1=77.317 Rec=78.645 Prec=76.417
Train Client4 [16/30] LR=0.0001000 loss=0.536 ACC=95.427 F1=71.971 Rec=75.742 Prec=69.508
Train Client5 [16/30] LR=0.0001000 loss=1.110 ACC=87.768 F1=70.122 Rec=70.192 Prec=70.085
Train Client6 [16/30] LR=0.0001000 loss=1.139 ACC=90.278 F1=80.409 Rec=85.536 Prec=76.990
Train Client7 [16/30] LR=0.0001000 loss=0.819 ACC=91.212 F1=73.531 Rec=74.061 Prec=73.067

Test-  OSR [16/30] LR=0.0001000 ACC=30.179 F1=36.127 Rec=37.349 Prec=71.323 UNK=8.667 OS*=43.086 HOS=14.431 AUROC=19.726 AUPR=25.063 OSCR=17.089
Test-Close [16/30] LR=0.0001000 loss=2.704 ACC=90.629 F1=90.581 Rec=90.629 Prec=91.242

Train Client0 [17/30] LR=0.0001000 loss=0.985 ACC=89.386 F1=86.709 Rec=85.858 Prec=87.693
Train Client1 [17/30] LR=0.0001000 loss=0.713 ACC=92.131 F1=85.012 Rec=83.882 Prec=86.437
Train Client2 [17/30] LR=0.0001000 loss=0.537 ACC=94.439 F1=84.700 Rec=85.378 Prec=84.109
Train Client3 [17/30] LR=0.0001000 loss=1.358 ACC=86.932 F1=77.485 Rec=78.476 Prec=76.752
Train Client4 [17/30] LR=0.0001000 loss=0.450 ACC=95.427 F1=68.691 Rec=71.232 Prec=67.315
Train Client5 [17/30] LR=0.0001000 loss=1.082 ACC=87.054 F1=69.479 Rec=69.998 Prec=69.072
Train Client6 [17/30] LR=0.0001000 loss=1.285 ACC=88.889 F1=77.783 Rec=83.334 Prec=73.806
Train Client7 [17/30] LR=0.0001000 loss=0.949 ACC=90.152 F1=72.350 Rec=73.162 Prec=71.756

Test-  OSR [17/30] LR=0.0001000 ACC=28.250 F1=31.364 Rec=33.159 Prec=55.463 UNK=13.524 OS*=37.086 HOS=19.820 AUROC=21.623 AUPR=25.581 OSCR=17.337
Test-Close [17/30] LR=0.0001000 loss=2.791 ACC=90.343 F1=90.368 Rec=90.343 Prec=91.091

Train Client0 [18/30] LR=0.0001000 loss=1.031 ACC=89.332 F1=86.790 Rec=85.702 Prec=88.090
Train Client1 [18/30] LR=0.0001000 loss=0.752 ACC=92.375 F1=83.649 Rec=82.285 Prec=86.118
Train Client2 [18/30] LR=0.0001000 loss=0.503 ACC=94.534 F1=84.360 Rec=83.739 Prec=85.086
Train Client3 [18/30] LR=0.0001000 loss=1.376 ACC=84.470 F1=69.369 Rec=70.273 Prec=68.810
Train Client4 [18/30] LR=0.0001000 loss=0.482 ACC=95.427 F1=67.335 Rec=68.615 Prec=66.614
Train Client5 [18/30] LR=0.0001000 loss=0.960 ACC=89.107 F1=78.182 Rec=80.709 Prec=76.860
Train Client6 [18/30] LR=0.0001000 loss=1.247 ACC=89.167 F1=76.726 Rec=77.451 Prec=77.914
Train Client7 [18/30] LR=0.0001000 loss=0.996 ACC=89.621 F1=72.107 Rec=72.685 Prec=71.789

Test-  OSR [18/30] LR=0.0001000 ACC=23.893 F1=23.364 Rec=27.508 Prec=71.577 UNK=13.048 OS*=30.400 HOS=18.259 AUROC=21.358 AUPR=25.702 OSCR=15.917
Test-Close [18/30] LR=0.0001000 loss=2.751 ACC=91.257 F1=91.260 Rec=91.257 Prec=91.639

Train Client0 [19/30] LR=0.0001000 loss=0.972 ACC=89.601 F1=87.347 Rec=86.421 Prec=88.442
Train Client1 [19/30] LR=0.0001000 loss=0.666 ACC=93.071 F1=83.815 Rec=82.074 Prec=87.303
Train Client2 [19/30] LR=0.0001000 loss=0.559 ACC=94.819 F1=85.337 Rec=85.023 Prec=85.694
Train Client3 [19/30] LR=0.0001000 loss=1.303 ACC=87.689 F1=71.035 Rec=72.460 Prec=70.027
Train Client4 [19/30] LR=0.0001000 loss=0.441 ACC=96.037 F1=76.031 Rec=77.253 Prec=75.462
Train Client5 [19/30] LR=0.0001000 loss=1.081 ACC=87.679 F1=74.054 Rec=75.025 Prec=73.469
Train Client6 [19/30] LR=0.0001000 loss=1.244 ACC=89.167 F1=78.091 Rec=82.606 Prec=74.679
Train Client7 [19/30] LR=0.0001000 loss=0.858 ACC=91.742 F1=73.020 Rec=73.747 Prec=72.466

Test-  OSR [19/30] LR=0.0001000 ACC=30.036 F1=28.781 Rec=31.222 Prec=73.244 UNK=26.476 OS*=32.171 HOS=29.047 AUROC=29.516 AUPR=34.026 OSCR=16.467
Test-Close [19/30] LR=0.0001000 loss=2.767 ACC=90.857 F1=90.889 Rec=90.857 Prec=91.432

Train Client0 [20/30] LR=0.0001000 loss=0.955 ACC=90.356 F1=88.182 Rec=87.144 Prec=89.501
Train Client1 [20/30] LR=0.0001000 loss=0.714 ACC=92.235 F1=81.836 Rec=81.181 Prec=83.014
Train Client2 [20/30] LR=0.0001000 loss=0.531 ACC=94.629 F1=84.860 Rec=84.742 Prec=85.042
Train Client3 [20/30] LR=0.0001000 loss=1.130 ACC=89.015 F1=72.168 Rec=72.912 Prec=71.553
Train Client4 [20/30] LR=0.0001000 loss=0.440 ACC=96.418 F1=78.569 Rec=81.789 Prec=76.786
Train Client5 [20/30] LR=0.0001000 loss=1.051 ACC=88.125 F1=74.747 Rec=75.238 Prec=74.463
Train Client6 [20/30] LR=0.0001000 loss=1.130 ACC=89.722 F1=81.722 Rec=89.010 Prec=77.219
Train Client7 [20/30] LR=0.0001000 loss=0.818 ACC=90.909 F1=72.571 Rec=72.992 Prec=72.280

Test-  OSR [20/30] LR=0.0001000 ACC=35.643 F1=42.407 Rec=42.889 Prec=72.004 UNK=13.905 OS*=48.686 HOS=21.632 AUROC=23.471 AUPR=27.628 OSCR=18.493
Test-Close [20/30] LR=0.0001000 loss=2.628 ACC=90.743 F1=90.744 Rec=90.743 Prec=91.367

Train Client0 [21/30] LR=0.0001000 loss=0.901 ACC=89.655 F1=87.264 Rec=86.176 Prec=88.591
Train Client1 [21/30] LR=0.0001000 loss=0.678 ACC=92.827 F1=85.816 Rec=84.350 Prec=88.350
Train Client2 [21/30] LR=0.0001000 loss=0.520 ACC=94.534 F1=84.837 Rec=84.632 Prec=85.085
Train Client3 [21/30] LR=0.0001000 loss=1.200 ACC=89.394 F1=86.709 Rec=86.003 Prec=87.735
Train Client4 [21/30] LR=0.0001000 loss=0.419 ACC=96.265 F1=71.032 Rec=73.285 Prec=70.898
Train Client5 [21/30] LR=0.0001000 loss=0.909 ACC=88.393 F1=73.372 Rec=75.161 Prec=72.884
Train Client6 [21/30] LR=0.0001000 loss=1.214 ACC=89.722 F1=81.045 Rec=90.279 Prec=75.810
Train Client7 [21/30] LR=0.0001000 loss=0.801 ACC=91.061 F1=73.555 Rec=74.622 Prec=72.753

Test-  OSR [21/30] LR=0.0001000 ACC=37.786 F1=48.179 Rec=47.524 Prec=71.566 UNK=8.571 OS*=55.314 HOS=14.843 AUROC=20.115 AUPR=25.152 OSCR=17.780
Test-Close [21/30] LR=0.0001000 loss=2.584 ACC=90.743 F1=90.730 Rec=90.743 Prec=91.271

Train Client0 [22/30] LR=0.0001000 loss=0.977 ACC=88.901 F1=86.432 Rec=85.330 Prec=87.772
Train Client1 [22/30] LR=0.0001000 loss=0.693 ACC=93.175 F1=85.347 Rec=84.077 Prec=87.183
Train Client2 [22/30] LR=0.0001000 loss=0.430 ACC=94.962 F1=85.630 Rec=85.412 Prec=85.876
Train Client3 [22/30] LR=0.0001000 loss=1.009 ACC=87.500 F1=74.638 Rec=75.723 Prec=73.931
Train Client4 [22/30] LR=0.0001000 loss=0.464 ACC=95.732 F1=71.145 Rec=73.354 Prec=69.710
Train Client5 [22/30] LR=0.0001000 loss=1.035 ACC=87.679 F1=70.123 Rec=69.804 Prec=70.508
Train Client6 [22/30] LR=0.0001000 loss=1.182 ACC=91.389 F1=80.344 Rec=82.915 Prec=78.241
Train Client7 [22/30] LR=0.0001000 loss=0.833 ACC=90.758 F1=72.367 Rec=72.853 Prec=72.000

Test-  OSR [22/30] LR=0.0001000 ACC=34.536 F1=38.576 Rec=41.667 Prec=72.232 UNK=13.143 OS*=47.371 HOS=20.577 AUROC=23.215 AUPR=26.573 OSCR=19.229
Test-Close [22/30] LR=0.0001000 loss=2.668 ACC=91.657 F1=91.661 Rec=91.657 Prec=92.064

Train Client0 [23/30] LR=0.0001000 loss=0.814 ACC=90.140 F1=87.868 Rec=86.809 Prec=89.121
Train Client1 [23/30] LR=0.0001000 loss=0.626 ACC=93.593 F1=86.340 Rec=85.340 Prec=87.777
Train Client2 [23/30] LR=0.0001000 loss=0.485 ACC=95.010 F1=86.562 Rec=86.472 Prec=86.699
Train Client3 [23/30] LR=0.0001000 loss=1.208 ACC=88.826 F1=76.107 Rec=76.784 Prec=76.254
Train Client4 [23/30] LR=0.0001000 loss=0.486 ACC=95.351 F1=69.161 Rec=70.476 Prec=68.353
Train Client5 [23/30] LR=0.0001000 loss=0.981 ACC=89.821 F1=71.825 Rec=71.791 Prec=71.911
Train Client6 [23/30] LR=0.0001000 loss=1.059 ACC=91.111 F1=76.566 Rec=75.330 Prec=78.121
Train Client7 [23/30] LR=0.0001000 loss=0.798 ACC=92.121 F1=74.424 Rec=75.254 Prec=73.771

Test-  OSR [23/30] LR=0.0001000 ACC=26.429 F1=27.352 Rec=30.540 Prec=72.227 UNK=14.095 OS*=33.829 HOS=19.899 AUROC=21.919 AUPR=25.795 OSCR=16.457
Test-Close [23/30] LR=0.0001000 loss=2.719 ACC=91.371 F1=91.375 Rec=91.371 Prec=91.821

Train Client0 [24/30] LR=0.0001000 loss=0.807 ACC=90.032 F1=87.595 Rec=86.330 Prec=89.092
Train Client1 [24/30] LR=0.0001000 loss=0.692 ACC=93.350 F1=84.669 Rec=82.847 Prec=88.854
Train Client2 [24/30] LR=0.0001000 loss=0.462 ACC=95.722 F1=88.529 Rec=88.174 Prec=88.921
Train Client3 [24/30] LR=0.0001000 loss=1.225 ACC=85.038 F1=75.465 Rec=76.850 Prec=74.436
Train Client4 [24/30] LR=0.0001000 loss=0.400 ACC=96.570 F1=73.086 Rec=72.929 Prec=73.688
Train Client5 [24/30] LR=0.0001000 loss=0.988 ACC=87.411 F1=69.870 Rec=69.721 Prec=70.155
Train Client6 [24/30] LR=0.0001000 loss=1.189 ACC=91.111 F1=83.042 Rec=86.020 Prec=80.673
Train Client7 [24/30] LR=0.0001000 loss=0.781 ACC=90.985 F1=72.708 Rec=73.401 Prec=72.291

Test-  OSR [24/30] LR=0.0001000 ACC=33.964 F1=34.614 Rec=36.556 Prec=74.041 UNK=26.190 OS*=38.629 HOS=31.216 AUROC=31.300 AUPR=35.699 OSCR=18.754
Test-Close [24/30] LR=0.0001000 loss=2.689 ACC=91.143 F1=91.155 Rec=91.143 Prec=91.718

Train Client0 [25/30] LR=0.0001000 loss=0.879 ACC=88.901 F1=86.562 Rec=85.691 Prec=87.572
Train Client1 [25/30] LR=0.0001000 loss=0.628 ACC=93.001 F1=86.949 Rec=85.609 Prec=88.956
Train Client2 [25/30] LR=0.0001000 loss=0.452 ACC=95.627 F1=87.669 Rec=87.772 Prec=87.583
Train Client3 [25/30] LR=0.0001000 loss=1.115 ACC=88.826 F1=80.119 Rec=80.020 Prec=81.227
Train Client4 [25/30] LR=0.0001000 loss=0.492 ACC=95.579 F1=69.075 Rec=70.663 Prec=67.858
Train Client5 [25/30] LR=0.0001000 loss=0.847 ACC=89.018 F1=71.126 Rec=71.343 Prec=70.939
Train Client6 [25/30] LR=0.0001000 loss=1.118 ACC=89.722 F1=74.201 Rec=77.435 Prec=72.020
Train Client7 [25/30] LR=0.0001000 loss=0.783 ACC=91.818 F1=73.996 Rec=74.717 Prec=73.469

Test-  OSR [25/30] LR=0.0001000 ACC=26.964 F1=20.216 Rec=26.905 Prec=74.794 UNK=27.143 OS*=26.857 HOS=26.999 AUROC=30.395 AUPR=35.339 OSCR=15.342
Test-Close [25/30] LR=0.0001000 loss=2.849 ACC=91.143 F1=91.129 Rec=91.143 Prec=91.714

Train Client0 [26/30] LR=0.0001000 loss=0.877 ACC=90.409 F1=88.293 Rec=87.221 Prec=89.583
Train Client1 [26/30] LR=0.0001000 loss=0.592 ACC=93.628 F1=86.488 Rec=85.093 Prec=88.587
Train Client2 [26/30] LR=0.0001000 loss=0.439 ACC=94.962 F1=85.614 Rec=85.347 Prec=85.912
Train Client3 [26/30] LR=0.0001000 loss=1.064 ACC=86.553 F1=79.885 Rec=81.625 Prec=78.602
Train Client4 [26/30] LR=0.0001000 loss=0.412 ACC=96.341 F1=75.905 Rec=78.642 Prec=74.921
Train Client5 [26/30] LR=0.0001000 loss=1.003 ACC=88.661 F1=70.561 Rec=70.560 Prec=70.616
Train Client6 [26/30] LR=0.0001000 loss=0.835 ACC=93.056 F1=79.212 Rec=80.768 Prec=78.083
Train Client7 [26/30] LR=0.0001000 loss=0.749 ACC=91.742 F1=73.563 Rec=73.571 Prec=73.783

Test-  OSR [26/30] LR=0.0001000 ACC=24.000 F1=24.009 Rec=28.635 Prec=71.253 UNK=10.095 OS*=32.343 HOS=15.388 AUROC=18.686 AUPR=24.353 OSCR=15.087
Test-Close [26/30] LR=0.0001000 loss=2.755 ACC=92.057 F1=92.053 Rec=92.057 Prec=92.328

Train Client0 [27/30] LR=0.0001000 loss=0.830 ACC=90.841 F1=88.910 Rec=88.046 Prec=89.955
Train Client1 [27/30] LR=0.0001000 loss=0.625 ACC=92.723 F1=84.225 Rec=83.310 Prec=85.943
Train Client2 [27/30] LR=0.0001000 loss=0.461 ACC=95.532 F1=87.336 Rec=87.268 Prec=87.457
Train Client3 [27/30] LR=0.0001000 loss=0.981 ACC=89.205 F1=80.503 Rec=80.073 Prec=81.754
Train Client4 [27/30] LR=0.0001000 loss=0.386 ACC=96.341 F1=76.322 Rec=76.725 Prec=76.422
Train Client5 [27/30] LR=0.0001000 loss=0.891 ACC=89.643 F1=76.254 Rec=76.887 Prec=75.797
Train Client6 [27/30] LR=0.0001000 loss=1.150 ACC=90.556 F1=78.432 Rec=78.884 Prec=79.759
Train Client7 [27/30] LR=0.0001000 loss=0.778 ACC=92.424 F1=73.110 Rec=73.960 Prec=72.430

Test-  OSR [27/30] LR=0.0001000 ACC=23.821 F1=23.770 Rec=27.444 Prec=71.740 UNK=12.952 OS*=30.343 HOS=18.155 AUROC=20.767 AUPR=25.776 OSCR=15.314
Test-Close [27/30] LR=0.0001000 loss=2.784 ACC=91.886 F1=91.893 Rec=91.886 Prec=92.257

Train Client0 [28/30] LR=0.0001000 loss=0.873 ACC=90.948 F1=88.583 Rec=87.131 Prec=90.521
Train Client1 [28/30] LR=0.0001000 loss=0.668 ACC=93.384 F1=86.495 Rec=85.271 Prec=88.457
Train Client2 [28/30] LR=0.0001000 loss=0.394 ACC=95.865 F1=88.686 Rec=89.652 Prec=87.866
Train Client3 [28/30] LR=0.0001000 loss=1.166 ACC=86.364 F1=80.632 Rec=81.721 Prec=79.906
Train Client4 [28/30] LR=0.0001000 loss=0.410 ACC=96.189 F1=74.094 Rec=74.778 Prec=73.556
Train Client5 [28/30] LR=0.0001000 loss=0.815 ACC=90.625 F1=72.812 Rec=72.796 Prec=72.893
Train Client6 [28/30] LR=0.0001000 loss=1.003 ACC=88.611 F1=74.797 Rec=75.907 Prec=74.456
Train Client7 [28/30] LR=0.0001000 loss=0.811 ACC=91.288 F1=72.870 Rec=73.614 Prec=72.382

Test-  OSR [28/30] LR=0.0001000 ACC=30.250 F1=28.308 Rec=30.968 Prec=73.593 UNK=28.095 OS*=31.543 HOS=29.719 AUROC=33.499 AUPR=39.911 OSCR=16.865
Test-Close [28/30] LR=0.0001000 loss=2.686 ACC=91.600 F1=91.611 Rec=91.600 Prec=91.981

Train Client0 [29/30] LR=0.0001000 loss=0.740 ACC=91.972 F1=90.563 Rec=89.512 Prec=91.739
Train Client1 [29/30] LR=0.0001000 loss=0.567 ACC=93.036 F1=84.783 Rec=83.921 Prec=86.170
Train Client2 [29/30] LR=0.0001000 loss=0.398 ACC=95.247 F1=86.556 Rec=86.724 Prec=86.394
Train Client3 [29/30] LR=0.0001000 loss=1.109 ACC=87.879 F1=83.376 Rec=85.411 Prec=81.861
Train Client4 [29/30] LR=0.0001000 loss=0.413 ACC=96.646 F1=78.361 Rec=81.813 Prec=77.378
Train Client5 [29/30] LR=0.0001000 loss=0.907 ACC=89.464 F1=71.484 Rec=71.041 Prec=71.990
Train Client6 [29/30] LR=0.0001000 loss=1.190 ACC=91.111 F1=75.883 Rec=76.200 Prec=87.029
Train Client7 [29/30] LR=0.0001000 loss=0.862 ACC=90.606 F1=72.368 Rec=72.691 Prec=72.291

Test-  OSR [29/30] LR=0.0001000 ACC=22.464 F1=13.028 Rec=21.794 Prec=41.057 UNK=24.476 OS*=21.257 HOS=22.753 AUROC=28.070 AUPR=32.319 OSCR=14.407
Test-Close [29/30] LR=0.0001000 loss=3.000 ACC=91.314 F1=91.323 Rec=91.314 Prec=91.709

------>Best performance (by OSCR)--->>>>>>>

Test-  OSR [1/30] LR=0.0001000 ACC=44.107 F1=49.224 Rec=54.397 Prec=69.917 UNK=13.238 OS*=62.629 HOS=21.856 AUROC=28.239 AUPR=28.012 OSCR=25.036
Test-Close [1/30] LR=0.0001000 loss=2.484 ACC=82.743 F1=81.918 Rec=82.743 Prec=84.147
=====================================================================================================================================
The ending time ：2026-06-20 13:26:25
