Logging to: ./logs/RetinalOCT_Finetune_K3_U5_seed1_20260715_214151.log
==> Preparing data..
Protocol mode: random
Known class list: [7 2 1] Unknown class list [6 0 4 3 5]
Total images — Train: 18400, Val: 2800, Test: 2800
{7: 0, 2: 1, 1: 2} {6: 3, 0: 4, 4: 5, 3: 6, 5: 7}
Known origin: [7 2 1] , new: [0 1 2]
Unknown origin: [6 0 4 3 5] , new: [3 4 5 6 7]
Known/Unknown in Train: 6900/11500
Known/Unknown in Val:   1050/1750
Known/Unknown in Test:  1050/1750
Client0 sample num: 1945
Client1 sample num: 225
Client2 sample num: 1070
Client3 sample num: 216
Client4 sample num: 1852
Client5 sample num: 678
Client6 sample num: 870
Client7 sample num: 44

>>> Setting up
==> Using device: cuda:1
==> Building [Resnet18] model..
154
154
154
154
154
154
154
154
154
154
154
154
154
154
154
154
154
154
Train Client0 [0/30] LR=0.0001000 loss=24.291 ACC=93.776 F1=93.033 Rec=94.009 Prec=92.160
Train Client1 [0/30] LR=0.0001000 loss=50.008 ACC=89.286 F1=56.467 Rec=62.802 Prec=53.571
Train Client2 [0/30] LR=0.0001000 loss=35.701 ACC=97.932 F1=96.296 Rec=98.205 Prec=94.583
Train Client3 [0/30] LR=0.0001000 loss=43.101 ACC=99.537 F1=66.540 Rec=66.414 Prec=66.667
Train Client4 [0/30] LR=0.0001000 loss=27.840 ACC=99.459 F1=95.630 Rec=95.239 Prec=96.042
Train Client5 [0/30] LR=0.0001000 loss=38.070 ACC=84.077 F1=36.300 Rec=61.473 Prec=36.411
Train Client6 [0/30] LR=0.0001000 loss=36.267 ACC=93.866 F1=85.306 Rec=95.584 Prec=79.237
Train Client7 [0/30] LR=0.0001000 loss=51.773 ACC=85.000 F1=79.487 Rec=93.103 Prec=77.778

Test-  OSR [0/30] LR=0.0001000 ACC=37.321 F1=42.929 Rec=74.643 Prec=30.852 UNK=0.000 OS*=99.524 HOS=0.000 AUROC=63.449 AUPR=74.925 OSCR=63.393
Test-Close [0/30] LR=0.0001000 loss=1.175 ACC=99.524 F1=99.524 Rec=99.524 Prec=99.531

Saving best model . . . . . . . .

Train Client0 [1/30] LR=0.0001000 loss=6.991 ACC=95.885 F1=96.286 Rec=96.324 Prec=96.248
Train Client1 [1/30] LR=0.0001000 loss=19.251 ACC=91.964 F1=61.643 Rec=63.768 Prec=60.317
Train Client2 [1/30] LR=0.0001000 loss=14.233 ACC=96.335 F1=94.112 Rec=95.511 Prec=93.010
Train Client3 [1/30] LR=0.0001000 loss=21.013 ACC=97.222 F1=65.752 Rec=64.863 Prec=66.667
Train Client4 [1/30] LR=0.0001000 loss=9.830 ACC=99.080 F1=92.526 Rec=95.998 Prec=89.839
Train Client5 [1/30] LR=0.0001000 loss=14.442 ACC=84.821 F1=50.962 Rec=67.288 Prec=50.511
Train Client6 [1/30] LR=0.0001000 loss=12.655 ACC=96.644 F1=94.500 Rec=94.606 Prec=94.484
Train Client7 [1/30] LR=0.0001000 loss=21.100 ACC=90.000 F1=80.864 Rec=95.402 Prec=77.778

Test-  OSR [1/30] LR=0.0001000 ACC=37.286 F1=43.090 Rec=74.571 Prec=31.105 UNK=0.000 OS*=99.429 HOS=0.000 AUROC=60.954 AUPR=73.152 OSCR=60.891
Test-Close [1/30] LR=0.0001000 loss=1.233 ACC=99.429 F1=99.429 Rec=99.429 Prec=99.438

Train Client0 [2/30] LR=0.0001000 loss=1.084 ACC=96.862 F1=96.836 Rec=96.596 Prec=97.080
Train Client1 [2/30] LR=0.0001000 loss=4.468 ACC=95.536 F1=61.568 Rec=65.056 Prec=59.091
Train Client2 [2/30] LR=0.0001000 loss=2.084 ACC=95.865 F1=93.993 Rec=94.861 Prec=93.555
Train Client3 [2/30] LR=0.0001000 loss=7.195 ACC=94.907 F1=64.789 Rec=63.023 Prec=66.667
Train Client4 [2/30] LR=0.0001000 loss=1.363 ACC=98.972 F1=91.432 Rec=96.839 Prec=87.754
Train Client5 [2/30] LR=0.0001000 loss=4.599 ACC=76.488 F1=53.823 Rec=67.184 Prec=52.802
Train Client6 [2/30] LR=0.0001000 loss=1.717 ACC=97.338 F1=94.787 Rec=97.255 Prec=92.686
Train Client7 [2/30] LR=0.0001000 loss=5.756 ACC=92.500 F1=83.896 Rec=96.552 Prec=80.000

Test-  OSR [2/30] LR=0.0001000 ACC=44.393 F1=51.146 Rec=75.243 Prec=55.949 UNK=13.543 OS*=95.810 HOS=23.731 AUROC=69.852 AUPR=79.148 OSCR=69.337
Test-Close [2/30] LR=0.0001000 loss=1.282 ACC=99.524 F1=99.524 Rec=99.524 Prec=99.531

Saving best model . . . . . . . .

Train Client0 [3/30] LR=0.0001000 loss=0.375 ACC=97.531 F1=97.739 Rec=97.707 Prec=97.786
Train Client1 [3/30] LR=0.0001000 loss=0.727 ACC=97.768 F1=64.407 Rec=65.862 Prec=63.158
Train Client2 [3/30] LR=0.0001000 loss=0.301 ACC=98.590 F1=97.346 Rec=97.871 Prec=96.854
Train Client3 [3/30] LR=0.0001000 loss=1.284 ACC=97.685 F1=65.882 Rec=65.115 Prec=66.667
Train Client4 [3/30] LR=0.0001000 loss=0.302 ACC=99.188 F1=95.347 Rec=98.269 Prec=92.943
Train Client5 [3/30] LR=0.0001000 loss=1.618 ACC=82.440 F1=58.178 Rec=94.049 Prec=55.675
Train Client6 [3/30] LR=0.0001000 loss=0.343 ACC=98.264 F1=97.490 Rec=97.444 Prec=97.607
Train Client7 [3/30] LR=0.0001000 loss=1.357 ACC=87.500 F1=78.451 Rec=94.444 Prec=76.190

Test-  OSR [3/30] LR=0.0001000 ACC=42.786 F1=49.631 Rec=73.629 Prec=53.909 UNK=11.943 OS*=94.190 HOS=21.198 AUROC=62.979 AUPR=72.388 OSCR=62.349
Test-Close [3/30] LR=0.0001000 loss=1.328 ACC=99.524 F1=99.524 Rec=99.524 Prec=99.531

Train Client0 [4/30] LR=0.0001000 loss=0.318 ACC=97.685 F1=98.021 Rec=98.082 Prec=97.963
Train Client1 [4/30] LR=0.0001000 loss=0.691 ACC=95.089 F1=63.905 Rec=64.895 Prec=63.158
Train Client2 [4/30] LR=0.0001000 loss=0.225 ACC=98.684 F1=97.648 Rec=98.183 Prec=97.135
Train Client3 [4/30] LR=0.0001000 loss=0.402 ACC=100.000 F1=100.000 Rec=100.000 Prec=100.000
Train Client4 [4/30] LR=0.0001000 loss=0.117 ACC=99.567 F1=96.707 Rec=95.265 Prec=98.331
Train Client5 [4/30] LR=0.0001000 loss=1.124 ACC=88.393 F1=60.421 Rec=96.067 Prec=56.255
Train Client6 [4/30] LR=0.0001000 loss=0.357 ACC=97.685 F1=96.246 Rec=96.703 Prec=95.812
Train Client7 [4/30] LR=0.0001000 loss=0.539 ACC=92.500 F1=87.135 Rec=96.667 Prec=83.333

Test-  OSR [4/30] LR=0.0001000 ACC=45.571 F1=51.474 Rec=77.314 Prec=57.573 UNK=13.829 OS*=98.476 HOS=24.252 AUROC=59.163 AUPR=74.928 OSCR=58.896
Test-Close [4/30] LR=0.0001000 loss=1.255 ACC=99.619 F1=99.619 Rec=99.619 Prec=99.623

Train Client0 [5/30] LR=0.0001000 loss=0.240 ACC=98.097 F1=98.438 Rec=98.618 Prec=98.263
Train Client1 [5/30] LR=0.0001000 loss=0.522 ACC=95.982 F1=64.974 Rec=65.217 Prec=64.815
Train Client2 [5/30] LR=0.0001000 loss=0.158 ACC=99.436 F1=99.006 Rec=99.375 Prec=98.647
Train Client3 [5/30] LR=0.0001000 loss=0.451 ACC=97.222 F1=65.307 Rec=65.152 Prec=65.517
Train Client4 [5/30] LR=0.0001000 loss=0.131 ACC=99.621 F1=97.479 Rec=97.479 Prec=97.479
Train Client5 [5/30] LR=0.0001000 loss=0.926 ACC=91.220 F1=58.502 Rec=88.742 Prec=53.045
Train Client6 [5/30] LR=0.0001000 loss=0.312 ACC=98.611 F1=97.796 Rec=97.033 Prec=98.591
Train Client7 [5/30] LR=0.0001000 loss=0.759 ACC=90.000 F1=86.975 Rec=95.556 Prec=81.667

Test-  OSR [5/30] LR=0.0001000 ACC=41.464 F1=47.778 Rec=76.129 Prec=56.801 UNK=6.800 OS*=99.238 HOS=12.728 AUROC=57.394 AUPR=72.878 OSCR=57.264
Test-Close [5/30] LR=0.0001000 loss=1.218 ACC=99.524 F1=99.524 Rec=99.524 Prec=99.531

Train Client0 [6/30] LR=0.0001000 loss=0.273 ACC=97.891 F1=98.283 Rec=98.326 Prec=98.249
Train Client1 [6/30] LR=0.0001000 loss=0.584 ACC=97.321 F1=66.176 Rec=65.700 Prec=66.667
Train Client2 [6/30] LR=0.0001000 loss=0.180 ACC=99.060 F1=97.670 Rec=97.965 Prec=97.378
Train Client3 [6/30] LR=0.0001000 loss=0.326 ACC=97.222 F1=64.928 Rec=65.152 Prec=64.794
Train Client4 [6/30] LR=0.0001000 loss=0.098 ACC=99.675 F1=96.385 Rec=96.385 Prec=96.385
Train Client5 [6/30] LR=0.0001000 loss=0.923 ACC=93.601 F1=62.697 Rec=81.266 Prec=58.226
Train Client6 [6/30] LR=0.0001000 loss=0.324 ACC=97.917 F1=97.084 Rec=98.149 Prec=96.066
Train Client7 [6/30] LR=0.0001000 loss=0.731 ACC=95.000 F1=90.432 Rec=97.619 Prec=86.667

Test-  OSR [6/30] LR=0.0001000 ACC=42.929 F1=49.207 Rec=76.829 Prec=57.786 UNK=9.029 OS*=99.429 HOS=16.554 AUROC=69.764 AUPR=81.399 OSCR=69.643
Test-Close [6/30] LR=0.0001000 loss=1.185 ACC=99.524 F1=99.524 Rec=99.524 Prec=99.531

Saving best model . . . . . . . .

Train Client0 [7/30] LR=0.0001000 loss=0.275 ACC=97.891 F1=98.004 Rec=97.892 Prec=98.123
Train Client1 [7/30] LR=0.0001000 loss=0.467 ACC=98.214 F1=66.341 Rec=66.023 Prec=66.667
Train Client2 [7/30] LR=0.0001000 loss=0.149 ACC=99.342 F1=98.180 Rec=98.474 Prec=97.896
Train Client3 [7/30] LR=0.0001000 loss=0.304 ACC=99.537 F1=66.540 Rec=66.414 Prec=66.667
Train Client4 [7/30] LR=0.0001000 loss=0.074 ACC=99.729 F1=98.079 Rec=97.562 Prec=98.615
Train Client5 [7/30] LR=0.0001000 loss=0.790 ACC=93.750 F1=64.137 Rec=89.599 Prec=59.052
Train Client6 [7/30] LR=0.0001000 loss=0.280 ACC=98.264 F1=98.037 Rec=97.960 Prec=98.114
Train Client7 [7/30] LR=0.0001000 loss=0.352 ACC=95.000 F1=90.476 Rec=97.701 Prec=86.667

Test-  OSR [7/30] LR=0.0001000 ACC=45.286 F1=51.030 Rec=77.486 Prec=57.944 UNK=13.086 OS*=98.952 HOS=23.115 AUROC=66.862 AUPR=80.342 OSCR=66.652
Test-Close [7/30] LR=0.0001000 loss=1.196 ACC=99.333 F1=99.333 Rec=99.333 Prec=99.346

Train Client0 [8/30] LR=0.0001000 loss=0.274 ACC=97.891 F1=98.009 Rec=98.304 Prec=97.723
Train Client1 [8/30] LR=0.0001000 loss=0.642 ACC=97.321 F1=65.224 Rec=65.700 Prec=64.815
Train Client2 [8/30] LR=0.0001000 loss=0.175 ACC=98.684 F1=96.515 Rec=96.578 Prec=96.460
Train Client3 [8/30] LR=0.0001000 loss=0.366 ACC=99.074 F1=99.030 Rec=99.242 Prec=98.837
Train Client4 [8/30] LR=0.0001000 loss=0.091 ACC=99.621 F1=96.088 Rec=94.170 Prec=98.335
Train Client5 [8/30] LR=0.0001000 loss=0.639 ACC=96.131 F1=70.228 Rec=90.406 Prec=66.151
Train Client6 [8/30] LR=0.0001000 loss=0.290 ACC=98.032 F1=97.828 Rec=98.359 Prec=97.329
Train Client7 [8/30] LR=0.0001000 loss=0.715 ACC=92.500 F1=87.135 Rec=96.667 Prec=83.333

Test-  OSR [8/30] LR=0.0001000 ACC=45.036 F1=51.148 Rec=76.871 Prec=57.174 UNK=13.200 OS*=98.095 HOS=23.269 AUROC=74.097 AUPR=82.895 OSCR=73.871
Test-Close [8/30] LR=0.0001000 loss=1.214 ACC=99.429 F1=99.429 Rec=99.429 Prec=99.438

Saving best model . . . . . . . .

Train Client0 [9/30] LR=0.0001000 loss=0.260 ACC=97.994 F1=98.261 Rec=98.363 Prec=98.165
Train Client1 [9/30] LR=0.0001000 loss=0.444 ACC=97.768 F1=66.259 Rec=65.862 Prec=66.667
Train Client2 [9/30] LR=0.0001000 loss=0.091 ACC=99.624 F1=99.103 Rec=99.585 Prec=98.644
Train Client3 [9/30] LR=0.0001000 loss=0.290 ACC=98.611 F1=66.086 Rec=65.909 Prec=66.275
Train Client4 [9/30] LR=0.0001000 loss=0.105 ACC=99.567 F1=96.178 Rec=95.208 Prec=97.225
Train Client5 [9/30] LR=0.0001000 loss=0.648 ACC=96.280 F1=69.865 Rec=98.741 Prec=63.272
Train Client6 [9/30] LR=0.0001000 loss=0.285 ACC=98.264 F1=98.056 Rec=98.444 Prec=97.684
Train Client7 [9/30] LR=0.0001000 loss=0.277 ACC=95.000 F1=90.432 Rec=97.619 Prec=86.667

Test-  OSR [9/30] LR=0.0001000 ACC=47.821 F1=53.357 Rec=78.671 Prec=58.825 UNK=16.971 OS*=99.238 HOS=28.986 AUROC=65.365 AUPR=79.914 OSCR=65.219
Test-Close [9/30] LR=0.0001000 loss=1.215 ACC=99.619 F1=99.619 Rec=99.619 Prec=99.623

Train Client0 [10/30] LR=0.0001000 loss=0.232 ACC=98.200 F1=98.607 Rec=98.698 Prec=98.519
Train Client1 [10/30] LR=0.0001000 loss=0.409 ACC=98.214 F1=64.490 Rec=66.023 Prec=63.158
Train Client2 [10/30] LR=0.0001000 loss=0.068 ACC=99.624 F1=99.031 Rec=98.970 Prec=99.096
Train Client3 [10/30] LR=0.0001000 loss=0.595 ACC=96.296 F1=65.040 Rec=64.646 Prec=65.517
Train Client4 [10/30] LR=0.0001000 loss=0.053 ACC=99.675 F1=96.994 Rec=97.507 Prec=96.499
Train Client5 [10/30] LR=0.0001000 loss=0.620 ACC=96.280 F1=66.369 Rec=73.891 Prec=63.859
Train Client6 [10/30] LR=0.0001000 loss=0.293 ACC=97.917 F1=96.513 Rec=96.815 Prec=96.221
Train Client7 [10/30] LR=0.0001000 loss=0.690 ACC=95.000 F1=90.476 Rec=97.701 Prec=86.667

Test-  OSR [10/30] LR=0.0001000 ACC=47.214 F1=52.685 Rec=78.486 Prec=58.412 UNK=15.943 OS*=99.333 HOS=27.476 AUROC=65.470 AUPR=79.864 OSCR=65.345
Test-Close [10/30] LR=0.0001000 loss=1.200 ACC=99.619 F1=99.619 Rec=99.619 Prec=99.623

Train Client0 [11/30] LR=0.0001000 loss=0.226 ACC=98.560 F1=98.612 Rec=98.639 Prec=98.594
Train Client1 [11/30] LR=0.0001000 loss=0.234 ACC=99.554 F1=66.586 Rec=66.506 Prec=66.667
Train Client2 [11/30] LR=0.0001000 loss=0.052 ACC=99.718 F1=99.503 Rec=99.503 Prec=99.510
Train Client3 [11/30] LR=0.0001000 loss=0.014 ACC=100.000 F1=100.000 Rec=100.000 Prec=100.000
Train Client4 [11/30] LR=0.0001000 loss=0.063 ACC=99.567 F1=95.179 Rec=95.179 Prec=95.179
Train Client5 [11/30] LR=0.0001000 loss=0.566 ACC=96.280 F1=68.566 Rec=87.680 Prec=65.115
Train Client6 [11/30] LR=0.0001000 loss=0.361 ACC=98.264 F1=98.037 Rec=97.960 Prec=98.114
Train Client7 [11/30] LR=0.0001000 loss=0.343 ACC=100.000 F1=100.000 Rec=100.000 Prec=100.000

Test-  OSR [11/30] LR=0.0001000 ACC=47.643 F1=53.692 Rec=78.257 Prec=58.933 UNK=17.029 OS*=98.667 HOS=29.044 AUROC=68.126 AUPR=80.743 OSCR=67.938
Test-Close [11/30] LR=0.0001000 loss=1.247 ACC=99.619 F1=99.619 Rec=99.619 Prec=99.623

Train Client0 [12/30] LR=0.0001000 loss=0.287 ACC=98.148 F1=98.477 Rec=98.430 Prec=98.526
Train Client1 [12/30] LR=0.0001000 loss=0.234 ACC=99.554 F1=66.586 Rec=66.506 Prec=66.667
Train Client2 [12/30] LR=0.0001000 loss=0.101 ACC=99.342 F1=97.987 Rec=98.102 Prec=97.874
Train Client3 [12/30] LR=0.0001000 loss=0.207 ACC=97.685 F1=65.631 Rec=65.404 Prec=65.891
Train Client4 [12/30] LR=0.0001000 loss=0.053 ACC=99.621 F1=96.219 Rec=95.235 Prec=97.280
Train Client5 [12/30] LR=0.0001000 loss=0.485 ACC=96.875 F1=75.324 Rec=98.941 Prec=72.000
Train Client6 [12/30] LR=0.0001000 loss=0.152 ACC=99.074 F1=98.966 Rec=99.123 Prec=98.811
Train Client7 [12/30] LR=0.0001000 loss=0.355 ACC=95.000 F1=90.432 Rec=97.619 Prec=86.667

Test-  OSR [12/30] LR=0.0001000 ACC=51.429 F1=56.864 Rec=76.514 Prec=58.592 UNK=26.343 OS*=93.238 HOS=41.079 AUROC=65.042 AUPR=77.399 OSCR=63.755
Test-Close [12/30] LR=0.0001000 loss=1.368 ACC=99.619 F1=99.619 Rec=99.619 Prec=99.623

Train Client0 [13/30] LR=0.0001000 loss=0.207 ACC=98.200 F1=98.607 Rec=98.719 Prec=98.502
Train Client1 [13/30] LR=0.0001000 loss=0.301 ACC=99.107 F1=66.505 Rec=66.345 Prec=66.667
Train Client2 [13/30] LR=0.0001000 loss=0.086 ACC=99.530 F1=99.180 Rec=99.543 Prec=98.826
Train Client3 [13/30] LR=0.0001000 loss=0.271 ACC=98.611 F1=66.086 Rec=65.909 Prec=66.275
Train Client4 [13/30] LR=0.0001000 loss=0.057 ACC=99.675 F1=96.909 Rec=96.413 Prec=97.424
Train Client5 [13/30] LR=0.0001000 loss=0.416 ACC=97.768 F1=76.183 Rec=99.244 Prec=69.907
Train Client6 [13/30] LR=0.0001000 loss=0.232 ACC=98.727 F1=98.588 Rec=98.819 Prec=98.363
Train Client7 [13/30] LR=0.0001000 loss=0.055 ACC=100.000 F1=100.000 Rec=100.000 Prec=100.000

Test-  OSR [13/30] LR=0.0001000 ACC=50.786 F1=56.430 Rec=75.971 Prec=58.251 UNK=25.600 OS*=92.762 HOS=40.126 AUROC=62.986 AUPR=75.825 OSCR=61.873
Test-Close [13/30] LR=0.0001000 loss=1.389 ACC=99.524 F1=99.524 Rec=99.524 Prec=99.531

Train Client0 [14/30] LR=0.0001000 loss=0.235 ACC=98.251 F1=98.644 Rec=98.706 Prec=98.585
Train Client1 [14/30] LR=0.0001000 loss=0.166 ACC=99.107 F1=66.506 Rec=66.346 Prec=66.667
Train Client2 [14/30] LR=0.0001000 loss=0.044 ACC=99.812 F1=99.418 Rec=99.418 Prec=99.418
Train Client3 [14/30] LR=0.0001000 loss=0.018 ACC=100.000 F1=100.000 Rec=100.000 Prec=100.000
Train Client4 [14/30] LR=0.0001000 loss=0.047 ACC=99.675 F1=96.384 Rec=96.384 Prec=96.384
Train Client5 [14/30] LR=0.0001000 loss=0.389 ACC=98.363 F1=80.422 Rec=99.445 Prec=75.556
Train Client6 [14/30] LR=0.0001000 loss=0.226 ACC=98.958 F1=98.839 Rec=99.234 Prec=98.461
Train Client7 [14/30] LR=0.0001000 loss=0.525 ACC=95.000 F1=90.432 Rec=97.619 Prec=86.667

Test-  OSR [14/30] LR=0.0001000 ACC=51.393 F1=57.695 Rec=76.157 Prec=59.857 UNK=26.629 OS*=92.667 HOS=41.369 AUROC=60.636 AUPR=75.012 OSCR=59.407
Test-Close [14/30] LR=0.0001000 loss=1.425 ACC=99.524 F1=99.524 Rec=99.524 Prec=99.531

Train Client0 [15/30] LR=0.0001000 loss=0.185 ACC=98.097 F1=98.439 Rec=98.639 Prec=98.245
Train Client1 [15/30] LR=0.0001000 loss=0.169 ACC=98.661 F1=65.471 Rec=66.184 Prec=64.815
Train Client2 [15/30] LR=0.0001000 loss=0.078 ACC=99.624 F1=98.847 Rec=98.847 Prec=98.847
Train Client3 [15/30] LR=0.0001000 loss=0.042 ACC=100.000 F1=100.000 Rec=100.000 Prec=100.000
Train Client4 [15/30] LR=0.0001000 loss=0.062 ACC=99.567 F1=96.301 Rec=96.301 Prec=96.301
Train Client5 [15/30] LR=0.0001000 loss=0.371 ACC=97.619 F1=73.561 Rec=90.910 Prec=68.331
Train Client6 [15/30] LR=0.0001000 loss=0.176 ACC=98.380 F1=98.190 Rec=98.190 Prec=98.190
Train Client7 [15/30] LR=0.0001000 loss=0.139 ACC=97.500 F1=94.632 Rec=98.810 Prec=91.667

Test-  OSR [15/30] LR=0.0001000 ACC=51.036 F1=56.290 Rec=73.614 Prec=57.870 UNK=28.457 OS*=88.667 HOS=43.086 AUROC=62.300 AUPR=74.823 OSCR=60.186
Test-Close [15/30] LR=0.0001000 loss=1.441 ACC=99.524 F1=99.524 Rec=99.524 Prec=99.531

Train Client0 [16/30] LR=0.0001000 loss=0.209 ACC=98.405 F1=98.669 Rec=98.704 Prec=98.643
Train Client1 [16/30] LR=0.0001000 loss=0.148 ACC=99.554 F1=66.586 Rec=66.506 Prec=66.667
Train Client2 [16/30] LR=0.0001000 loss=0.074 ACC=99.530 F1=98.555 Rec=98.437 Prec=98.676
Train Client3 [16/30] LR=0.0001000 loss=0.006 ACC=100.000 F1=100.000 Rec=100.000 Prec=100.000
Train Client4 [16/30] LR=0.0001000 loss=0.023 ACC=99.946 F1=99.387 Rec=98.851 Prec=99.944
Train Client5 [16/30] LR=0.0001000 loss=0.365 ACC=97.768 F1=70.207 Rec=74.395 Prec=69.077
Train Client6 [16/30] LR=0.0001000 loss=0.261 ACC=98.380 F1=98.182 Rec=98.337 Prec=98.030
Train Client7 [16/30] LR=0.0001000 loss=0.164 ACC=97.500 F1=94.632 Rec=98.810 Prec=91.667

Test-  OSR [16/30] LR=0.0001000 ACC=45.071 F1=52.058 Rec=76.600 Prec=57.780 UNK=13.543 OS*=97.619 HOS=23.786 AUROC=58.842 AUPR=74.199 OSCR=58.608
Test-Close [16/30] LR=0.0001000 loss=1.293 ACC=99.619 F1=99.619 Rec=99.619 Prec=99.623

Train Client0 [17/30] LR=0.0001000 loss=0.231 ACC=98.457 F1=98.708 Rec=98.887 Prec=98.532
Train Client1 [17/30] LR=0.0001000 loss=0.131 ACC=99.554 F1=66.586 Rec=66.506 Prec=66.667
Train Client2 [17/30] LR=0.0001000 loss=0.061 ACC=99.436 F1=98.647 Rec=98.886 Prec=98.419
Train Client3 [17/30] LR=0.0001000 loss=0.194 ACC=98.611 F1=98.548 Rec=98.864 Prec=98.276
Train Client4 [17/30] LR=0.0001000 loss=0.073 ACC=99.459 F1=94.932 Rec=94.002 Prec=95.935
Train Client5 [17/30] LR=0.0001000 loss=0.463 ACC=98.214 F1=73.029 Rec=86.400 Prec=67.322
Train Client6 [17/30] LR=0.0001000 loss=0.227 ACC=98.380 F1=97.534 Rec=96.772 Prec=98.329
Train Client7 [17/30] LR=0.0001000 loss=0.014 ACC=100.000 F1=100.000 Rec=100.000 Prec=100.000

Test-  OSR [17/30] LR=0.0001000 ACC=56.429 F1=61.412 Rec=77.886 Prec=61.905 UNK=34.971 OS*=92.190 HOS=50.708 AUROC=63.644 AUPR=77.871 OSCR=61.880
Test-Close [17/30] LR=0.0001000 loss=1.432 ACC=99.524 F1=99.523 Rec=99.524 Prec=99.528

Train Client0 [18/30] LR=0.0001000 loss=0.211 ACC=98.457 F1=98.803 Rec=98.823 Prec=98.783
Train Client1 [18/30] LR=0.0001000 loss=0.158 ACC=99.107 F1=66.505 Rec=66.345 Prec=66.667
Train Client2 [18/30] LR=0.0001000 loss=0.075 ACC=99.530 F1=98.932 Rec=99.053 Prec=98.814
Train Client3 [18/30] LR=0.0001000 loss=0.003 ACC=100.000 F1=100.000 Rec=100.000 Prec=100.000
Train Client4 [18/30] LR=0.0001000 loss=0.107 ACC=99.513 F1=97.300 Rec=96.302 Prec=98.377
Train Client5 [18/30] LR=0.0001000 loss=0.336 ACC=98.512 F1=77.524 Rec=91.213 Prec=71.540
Train Client6 [18/30] LR=0.0001000 loss=0.203 ACC=98.843 F1=98.719 Rec=99.028 Prec=98.421
Train Client7 [18/30] LR=0.0001000 loss=0.147 ACC=95.000 F1=87.698 Rec=97.701 Prec=83.333

Test-  OSR [18/30] LR=0.0001000 ACC=49.571 F1=56.127 Rec=73.600 Prec=58.281 UNK=25.543 OS*=89.619 HOS=39.755 AUROC=58.833 AUPR=72.272 OSCR=57.301
Test-Close [18/30] LR=0.0001000 loss=1.473 ACC=99.524 F1=99.524 Rec=99.524 Prec=99.531

Train Client0 [19/30] LR=0.0001000 loss=0.206 ACC=98.611 F1=98.573 Rec=98.625 Prec=98.523
Train Client1 [19/30] LR=0.0001000 loss=0.163 ACC=99.554 F1=66.586 Rec=66.506 Prec=66.667
Train Client2 [19/30] LR=0.0001000 loss=0.056 ACC=99.624 F1=99.032 Rec=99.091 Prec=98.977
Train Client3 [19/30] LR=0.0001000 loss=0.009 ACC=100.000 F1=100.000 Rec=100.000 Prec=100.000
Train Client4 [19/30] LR=0.0001000 loss=0.084 ACC=99.621 F1=96.220 Rec=95.235 Prec=97.281
Train Client5 [19/30] LR=0.0001000 loss=0.392 ACC=98.810 F1=81.678 Rec=99.597 Prec=74.026
Train Client6 [19/30] LR=0.0001000 loss=0.153 ACC=99.190 F1=99.101 Rec=99.336 Prec=98.873
Train Client7 [19/30] LR=0.0001000 loss=0.017 ACC=100.000 F1=100.000 Rec=100.000 Prec=100.000

Test-  OSR [19/30] LR=0.0001000 ACC=46.857 F1=53.669 Rec=77.429 Prec=58.984 UNK=16.286 OS*=97.810 HOS=27.922 AUROC=69.367 AUPR=79.384 OSCR=69.143
Test-Close [19/30] LR=0.0001000 loss=1.306 ACC=99.333 F1=99.333 Rec=99.333 Prec=99.334

Train Client0 [20/30] LR=0.0001000 loss=0.175 ACC=98.560 F1=98.885 Rec=98.967 Prec=98.806
Train Client1 [20/30] LR=0.0001000 loss=0.145 ACC=99.107 F1=66.505 Rec=66.345 Prec=66.667
Train Client2 [20/30] LR=0.0001000 loss=0.016 ACC=99.906 F1=99.711 Rec=99.588 Prec=99.837
Train Client3 [20/30] LR=0.0001000 loss=0.016 ACC=100.000 F1=100.000 Rec=100.000 Prec=100.000
Train Client4 [20/30] LR=0.0001000 loss=0.038 ACC=99.729 F1=98.670 Rec=98.656 Prec=98.684
Train Client5 [20/30] LR=0.0001000 loss=0.313 ACC=98.810 F1=76.363 Rec=83.031 Prec=71.922
Train Client6 [20/30] LR=0.0001000 loss=0.221 ACC=98.148 F1=97.931 Rec=98.083 Prec=97.782
Train Client7 [20/30] LR=0.0001000 loss=0.006 ACC=100.000 F1=100.000 Rec=100.000 Prec=100.000

Test-  OSR [20/30] LR=0.0001000 ACC=44.250 F1=51.449 Rec=75.357 Prec=56.586 UNK=13.143 OS*=96.095 HOS=23.123 AUROC=63.642 AUPR=75.340 OSCR=63.235
Test-Close [20/30] LR=0.0001000 loss=1.333 ACC=99.524 F1=99.524 Rec=99.524 Prec=99.531

Train Client0 [21/30] LR=0.0001000 loss=0.189 ACC=98.508 F1=98.747 Rec=98.917 Prec=98.580
Train Client1 [21/30] LR=0.0001000 loss=0.093 ACC=100.000 F1=100.000 Rec=100.000 Prec=100.000
Train Client2 [21/30] LR=0.0001000 loss=0.076 ACC=99.624 F1=98.838 Rec=98.600 Prec=99.088
Train Client3 [21/30] LR=0.0001000 loss=0.170 ACC=98.611 F1=66.284 Rec=65.909 Prec=66.667
Train Client4 [21/30] LR=0.0001000 loss=0.052 ACC=99.729 F1=96.937 Rec=96.440 Prec=97.452
Train Client5 [21/30] LR=0.0001000 loss=0.355 ACC=98.214 F1=67.157 Rec=69.835 Prec=65.868
Train Client6 [21/30] LR=0.0001000 loss=0.158 ACC=99.074 F1=98.961 Rec=98.805 Prec=99.119
Train Client7 [21/30] LR=0.0001000 loss=0.005 ACC=100.000 F1=100.000 Rec=100.000 Prec=100.000

Test-  OSR [21/30] LR=0.0001000 ACC=42.143 F1=48.754 Rec=76.286 Prec=57.219 UNK=8.000 OS*=99.048 HOS=14.804 AUROC=68.213 AUPR=78.887 OSCR=68.126
Test-Close [21/30] LR=0.0001000 loss=1.217 ACC=99.524 F1=99.524 Rec=99.524 Prec=99.531

Train Client0 [22/30] LR=0.0001000 loss=0.183 ACC=98.200 F1=98.519 Rec=98.720 Prec=98.325
Train Client1 [22/30] LR=0.0001000 loss=0.105 ACC=100.000 F1=100.000 Rec=100.000 Prec=100.000
Train Client2 [22/30] LR=0.0001000 loss=0.064 ACC=99.530 F1=99.111 Rec=99.051 Prec=99.172
Train Client3 [22/30] LR=0.0001000 loss=0.175 ACC=99.537 F1=99.514 Rec=99.621 Prec=99.412
Train Client4 [22/30] LR=0.0001000 loss=0.075 ACC=99.675 F1=97.506 Rec=97.506 Prec=97.506
Train Client5 [22/30] LR=0.0001000 loss=0.307 ACC=98.214 F1=73.029 Rec=86.400 Prec=67.322
Train Client6 [22/30] LR=0.0001000 loss=0.202 ACC=98.264 F1=97.476 Rec=98.287 Prec=96.695
Train Client7 [22/30] LR=0.0001000 loss=0.325 ACC=97.500 F1=94.673 Rec=98.889 Prec=91.667

Test-  OSR [22/30] LR=0.0001000 ACC=44.964 F1=51.886 Rec=77.014 Prec=58.289 UNK=12.914 OS*=98.381 HOS=22.832 AUROC=63.216 AUPR=76.478 OSCR=63.091
Test-Close [22/30] LR=0.0001000 loss=1.250 ACC=99.714 F1=99.714 Rec=99.714 Prec=99.717

Train Client0 [23/30] LR=0.0001000 loss=0.144 ACC=98.560 F1=98.787 Rec=98.967 Prec=98.612
Train Client1 [23/30] LR=0.0001000 loss=0.071 ACC=99.554 F1=98.450 Rec=99.758 Prec=97.222
Train Client2 [23/30] LR=0.0001000 loss=0.081 ACC=99.530 F1=98.564 Rec=98.682 Prec=98.449
Train Client3 [23/30] LR=0.0001000 loss=0.121 ACC=99.074 F1=66.412 Rec=66.162 Prec=66.667
Train Client4 [23/30] LR=0.0001000 loss=0.017 ACC=99.892 F1=98.795 Rec=98.795 Prec=98.795
Train Client5 [23/30] LR=0.0001000 loss=0.210 ACC=98.810 F1=83.130 Rec=99.597 Prec=77.778
Train Client6 [23/30] LR=0.0001000 loss=0.178 ACC=98.727 F1=96.765 Rec=96.296 Prec=97.264
Train Client7 [23/30] LR=0.0001000 loss=0.028 ACC=100.000 F1=100.000 Rec=100.000 Prec=100.000

Test-  OSR [23/30] LR=0.0001000 ACC=45.429 F1=52.165 Rec=77.086 Prec=58.143 UNK=13.771 OS*=98.190 HOS=24.155 AUROC=62.288 AUPR=76.520 OSCR=62.122
Test-Close [23/30] LR=0.0001000 loss=1.261 ACC=99.714 F1=99.714 Rec=99.714 Prec=99.717

Train Client0 [24/30] LR=0.0001000 loss=0.171 ACC=98.405 F1=98.591 Rec=98.683 Prec=98.503
Train Client1 [24/30] LR=0.0001000 loss=0.052 ACC=100.000 F1=100.000 Rec=100.000 Prec=100.000
Train Client2 [24/30] LR=0.0001000 loss=0.093 ACC=99.342 F1=97.959 Rec=97.612 Prec=98.332
Train Client3 [24/30] LR=0.0001000 loss=0.095 ACC=98.611 F1=66.284 Rec=65.909 Prec=66.667
Train Client4 [24/30] LR=0.0001000 loss=0.039 ACC=99.784 F1=97.589 Rec=97.589 Prec=97.589
Train Client5 [24/30] LR=0.0001000 loss=0.218 ACC=98.661 F1=79.772 Rec=99.547 Prec=75.000
Train Client6 [24/30] LR=0.0001000 loss=0.157 ACC=99.074 F1=98.966 Rec=99.123 Prec=98.811
Train Client7 [24/30] LR=0.0001000 loss=0.022 ACC=100.000 F1=100.000 Rec=100.000 Prec=100.000

Test-  OSR [24/30] LR=0.0001000 ACC=48.821 F1=55.426 Rec=76.500 Prec=58.583 UNK=21.143 OS*=94.952 HOS=34.585 AUROC=68.369 AUPR=78.693 OSCR=67.686
Test-Close [24/30] LR=0.0001000 loss=1.376 ACC=99.333 F1=99.333 Rec=99.333 Prec=99.346

Train Client0 [25/30] LR=0.0001000 loss=0.174 ACC=98.302 F1=98.512 Rec=98.645 Prec=98.387
Train Client1 [25/30] LR=0.0001000 loss=0.077 ACC=99.554 F1=66.586 Rec=66.506 Prec=66.667
Train Client2 [25/30] LR=0.0001000 loss=0.041 ACC=99.812 F1=99.418 Rec=99.418 Prec=99.418
Train Client3 [25/30] LR=0.0001000 loss=0.218 ACC=99.074 F1=66.412 Rec=66.162 Prec=66.667
Train Client4 [25/30] LR=0.0001000 loss=0.037 ACC=99.892 F1=98.809 Rec=98.823 Prec=98.795
Train Client5 [25/30] LR=0.0001000 loss=0.291 ACC=98.810 F1=79.626 Rec=91.314 Prec=73.560
Train Client6 [25/30] LR=0.0001000 loss=0.176 ACC=99.190 F1=99.097 Rec=99.175 Prec=99.020
Train Client7 [25/30] LR=0.0001000 loss=0.021 ACC=100.000 F1=100.000 Rec=100.000 Prec=100.000

Test-  OSR [25/30] LR=0.0001000 ACC=48.071 F1=54.876 Rec=76.657 Prec=58.582 UNK=19.486 OS*=95.714 HOS=32.380 AUROC=60.834 AUPR=75.677 OSCR=60.236
Test-Close [25/30] LR=0.0001000 loss=1.352 ACC=99.524 F1=99.524 Rec=99.524 Prec=99.531

Train Client0 [26/30] LR=0.0001000 loss=0.176 ACC=98.354 F1=98.724 Rec=98.785 Prec=98.664
Train Client1 [26/30] LR=0.0001000 loss=0.070 ACC=99.554 F1=66.586 Rec=66.506 Prec=66.667
Train Client2 [26/30] LR=0.0001000 loss=0.034 ACC=99.718 F1=99.140 Rec=99.260 Prec=99.022
Train Client3 [26/30] LR=0.0001000 loss=0.113 ACC=99.074 F1=66.412 Rec=66.162 Prec=66.667
Train Client4 [26/30] LR=0.0001000 loss=0.040 ACC=99.729 F1=96.937 Rec=96.440 Prec=97.452
Train Client5 [26/30] LR=0.0001000 loss=0.278 ACC=98.661 F1=76.695 Rec=82.980 Prec=73.972
Train Client6 [26/30] LR=0.0001000 loss=0.189 ACC=98.843 F1=98.707 Rec=98.863 Prec=98.554
Train Client7 [26/30] LR=0.0001000 loss=0.026 ACC=97.500 F1=94.632 Rec=98.810 Prec=91.667

Test-  OSR [26/30] LR=0.0001000 ACC=45.857 F1=53.316 Rec=73.600 Prec=56.512 UNK=18.114 OS*=92.095 HOS=30.274 AUROC=53.715 AUPR=69.763 OSCR=52.664
Test-Close [26/30] LR=0.0001000 loss=1.427 ACC=99.524 F1=99.524 Rec=99.524 Prec=99.526

Train Client0 [27/30] LR=0.0001000 loss=0.214 ACC=98.148 F1=98.565 Rec=98.626 Prec=98.505
Train Client1 [27/30] LR=0.0001000 loss=0.037 ACC=100.000 F1=100.000 Rec=100.000 Prec=100.000
Train Client2 [27/30] LR=0.0001000 loss=0.052 ACC=99.906 F1=99.710 Rec=99.588 Prec=99.835
Train Client3 [27/30] LR=0.0001000 loss=0.006 ACC=100.000 F1=100.000 Rec=100.000 Prec=100.000
Train Client4 [27/30] LR=0.0001000 loss=0.086 ACC=99.729 F1=99.221 Rec=98.627 Prec=99.835
Train Client5 [27/30] LR=0.0001000 loss=0.228 ACC=98.810 F1=83.130 Rec=99.597 Prec=77.778
Train Client6 [27/30] LR=0.0001000 loss=0.120 ACC=99.190 F1=99.097 Rec=99.175 Prec=99.020
Train Client7 [27/30] LR=0.0001000 loss=0.002 ACC=100.000 F1=100.000 Rec=100.000 Prec=100.000

Test-  OSR [27/30] LR=0.0001000 ACC=54.500 F1=59.784 Rec=78.257 Prec=60.886 UNK=30.743 OS*=94.095 HOS=46.344 AUROC=61.707 AUPR=76.865 OSCR=60.477
Test-Close [27/30] LR=0.0001000 loss=1.424 ACC=99.524 F1=99.524 Rec=99.524 Prec=99.526

Train Client0 [28/30] LR=0.0001000 loss=0.175 ACC=98.560 F1=98.887 Rec=99.052 Prec=98.735
Train Client1 [28/30] LR=0.0001000 loss=0.036 ACC=100.000 F1=100.000 Rec=100.000 Prec=100.000
Train Client2 [28/30] LR=0.0001000 loss=0.085 ACC=99.624 F1=98.835 Rec=98.835 Prec=98.835
Train Client3 [28/30] LR=0.0001000 loss=0.002 ACC=100.000 F1=100.000 Rec=100.000 Prec=100.000
Train Client4 [28/30] LR=0.0001000 loss=0.009 ACC=99.946 F1=99.407 Rec=99.944 Prec=98.889
Train Client5 [28/30] LR=0.0001000 loss=0.274 ACC=98.958 F1=78.611 Rec=83.081 Prec=76.089
Train Client6 [28/30] LR=0.0001000 loss=0.184 ACC=98.843 F1=98.713 Rec=99.025 Prec=98.412
Train Client7 [28/30] LR=0.0001000 loss=0.002 ACC=100.000 F1=100.000 Rec=100.000 Prec=100.000

Test-  OSR [28/30] LR=0.0001000 ACC=47.286 F1=55.002 Rec=73.714 Prec=57.966 UNK=20.857 OS*=91.333 HOS=33.959 AUROC=51.413 AUPR=68.780 OSCR=50.201
Test-Close [28/30] LR=0.0001000 loss=1.460 ACC=99.524 F1=99.524 Rec=99.524 Prec=99.526

Train Client0 [29/30] LR=0.0001000 loss=0.165 ACC=98.611 F1=98.838 Rec=98.843 Prec=98.838
Train Client1 [29/30] LR=0.0001000 loss=0.041 ACC=99.554 F1=66.586 Rec=66.506 Prec=66.667
Train Client2 [29/30] LR=0.0001000 loss=0.052 ACC=99.906 F1=99.710 Rec=99.834 Prec=99.588
Train Client3 [29/30] LR=0.0001000 loss=0.019 ACC=100.000 F1=100.000 Rec=100.000 Prec=100.000
Train Client4 [29/30] LR=0.0001000 loss=0.003 ACC=100.000 F1=100.000 Rec=100.000 Prec=100.000
Train Client5 [29/30] LR=0.0001000 loss=0.281 ACC=98.810 F1=81.678 Rec=94.885 Prec=78.737
Train Client6 [29/30] LR=0.0001000 loss=0.140 ACC=98.611 F1=98.441 Rec=98.597 Prec=98.288
Train Client7 [29/30] LR=0.0001000 loss=0.007 ACC=100.000 F1=100.000 Rec=100.000 Prec=100.000

Test-  OSR [29/30] LR=0.0001000 ACC=45.071 F1=52.802 Rec=75.114 Prec=57.401 UNK=15.029 OS*=95.143 HOS=25.957 AUROC=54.875 AUPR=69.744 OSCR=54.380
Test-Close [29/30] LR=0.0001000 loss=1.357 ACC=99.524 F1=99.524 Rec=99.524 Prec=99.524

------>Best performance (by OSCR)--->>>>>>>

Test-  OSR [8/30] LR=0.0001000 ACC=45.036 F1=51.148 Rec=76.871 Prec=57.174 UNK=13.200 OS*=98.095 HOS=23.269 AUROC=74.097 AUPR=82.895 OSCR=73.871
Test-Close [8/30] LR=0.0001000 loss=1.214 ACC=99.429 F1=99.429 Rec=99.429 Prec=99.438
=====================================================================================================================================
The ending time ：2026-07-15 23:28:39
