Logging to: ./logs/RetinalOCT_Finetune_K5_U3_seed0_20260616_113054.log
==> Preparing data..
Known class list: [6 2 1 7 3] Unknown class list [0 5 4]
Total images — Train: 18400, Val: 2800, Test: 2800
{6: 0, 2: 1, 1: 2, 7: 3, 3: 4} {0: 5, 5: 6, 4: 7}
Known origin: [6 2 1 7 3] , new: [0 1 2 3 4]
Unknown origin: [0 5 4] , new: [5 6 7]
Known/Unknown in Train: 11500/6900
Known/Unknown in Val:   1750/1050
Known/Unknown in Test:  1750/1050
Client0 sample num: 1861
Client1 sample num: 2876
Client2 sample num: 2109
Client3 sample num: 533
Client4 sample num: 1312
Client5 sample num: 1125
Client6 sample num: 362
Client7 sample num: 1322

>>> Setting up
==> Using device: cuda:0
==> Building [Resnet18] model..
154
154
154
154
154
154
154
154
154
154
154
154
154
154
154
154
154
154
Train Client0 [0/30] LR=0.0001000 loss=15.053 ACC=94.828 F1=75.858 Rec=76.177 Prec=75.580
Train Client1 [0/30] LR=0.0001000 loss=10.771 ACC=97.632 F1=92.189 Rec=92.130 Prec=92.262
Train Client2 [0/30] LR=0.0001000 loss=13.453 ACC=93.821 F1=87.291 Rec=88.295 Prec=86.734
Train Client3 [0/30] LR=0.0001000 loss=23.220 ACC=96.402 F1=93.375 Rec=96.029 Prec=91.448
Train Client4 [0/30] LR=0.0001000 loss=17.329 ACC=95.122 F1=78.490 Rec=83.987 Prec=75.973
Train Client5 [0/30] LR=0.0001000 loss=18.938 ACC=97.321 F1=85.413 Rec=98.049 Prec=83.096
Train Client6 [0/30] LR=0.0001000 loss=25.431 ACC=84.167 F1=79.020 Rec=90.931 Prec=72.261
Train Client7 [0/30] LR=0.0001000 loss=17.389 ACC=91.061 F1=80.063 Rec=90.660 Prec=76.165

Test-  OSR [0/30] LR=0.0001000 ACC=60.000 F1=62.830 Rec=80.000 Prec=53.592 UNK=0.000 OS*=96.000 HOS=0.000 AUROC=81.102 AUPR=66.543 OSCR=79.670
Test-Close [0/30] LR=0.0001000 loss=1.787 ACC=96.000 F1=95.957 Rec=96.000 Prec=96.123

Saving best model . . . . . . . .

Train Client0 [1/30] LR=0.0001000 loss=1.920 ACC=95.151 F1=76.209 Rec=76.196 Prec=76.227
Train Client1 [1/30] LR=0.0001000 loss=1.359 ACC=96.866 F1=88.883 Rec=87.632 Prec=90.602
Train Client2 [1/30] LR=0.0001000 loss=1.669 ACC=95.817 F1=89.576 Rec=90.392 Prec=88.831
Train Client3 [1/30] LR=0.0001000 loss=4.519 ACC=95.455 F1=92.437 Rec=95.874 Prec=89.823
Train Client4 [1/30] LR=0.0001000 loss=2.046 ACC=97.485 F1=84.848 Rec=88.774 Prec=83.086
Train Client5 [1/30] LR=0.0001000 loss=2.669 ACC=96.429 F1=84.462 Rec=97.016 Prec=82.228
Train Client6 [1/30] LR=0.0001000 loss=5.987 ACC=86.389 F1=81.101 Rec=93.585 Prec=74.532
Train Client7 [1/30] LR=0.0001000 loss=2.955 ACC=90.606 F1=76.067 Rec=92.479 Prec=71.957

Test-  OSR [1/30] LR=0.0001000 ACC=67.929 F1=72.197 Rec=82.508 Prec=73.241 UNK=24.190 OS*=94.171 HOS=38.493 AUROC=84.346 AUPR=74.997 OSCR=82.004
Test-Close [1/30] LR=0.0001000 loss=1.864 ACC=95.657 F1=95.598 Rec=95.657 Prec=95.869

Saving best model . . . . . . . .

Train Client0 [2/30] LR=0.0001000 loss=0.615 ACC=94.127 F1=75.016 Rec=75.117 Prec=74.921
Train Client1 [2/30] LR=0.0001000 loss=0.288 ACC=98.015 F1=93.362 Rec=93.761 Prec=92.971
Train Client2 [2/30] LR=0.0001000 loss=0.470 ACC=96.293 F1=90.536 Rec=89.975 Prec=91.315
Train Client3 [2/30] LR=0.0001000 loss=0.596 ACC=95.076 F1=91.109 Rec=90.974 Prec=91.252
Train Client4 [2/30] LR=0.0001000 loss=0.312 ACC=97.790 F1=88.171 Rec=93.201 Prec=85.653
Train Client5 [2/30] LR=0.0001000 loss=0.385 ACC=96.964 F1=83.127 Rec=87.869 Prec=81.374
Train Client6 [2/30] LR=0.0001000 loss=1.409 ACC=85.556 F1=79.760 Rec=94.884 Prec=72.488
Train Client7 [2/30] LR=0.0001000 loss=1.002 ACC=93.030 F1=86.243 Rec=94.528 Prec=81.452

Test-  OSR [2/30] LR=0.0001000 ACC=65.714 F1=69.921 Rec=81.746 Prec=71.433 UNK=17.619 OS*=94.571 HOS=29.704 AUROC=79.759 AUPR=70.121 OSCR=77.863
Test-Close [2/30] LR=0.0001000 loss=1.845 ACC=95.943 F1=95.908 Rec=95.943 Prec=96.167

Train Client0 [3/30] LR=0.0001000 loss=0.593 ACC=94.073 F1=75.168 Rec=75.533 Prec=74.834
Train Client1 [3/30] LR=0.0001000 loss=0.248 ACC=98.050 F1=90.677 Rec=91.094 Prec=90.270
Train Client2 [3/30] LR=0.0001000 loss=0.449 ACC=95.722 F1=89.332 Rec=89.749 Prec=88.966
Train Client3 [3/30] LR=0.0001000 loss=0.502 ACC=95.265 F1=94.416 Rec=94.640 Prec=94.203
Train Client4 [3/30] LR=0.0001000 loss=0.348 ACC=97.027 F1=84.245 Rec=89.211 Prec=80.908
Train Client5 [3/30] LR=0.0001000 loss=0.299 ACC=97.321 F1=83.371 Rec=87.805 Prec=81.910
Train Client6 [3/30] LR=0.0001000 loss=1.580 ACC=83.889 F1=78.872 Rec=90.780 Prec=72.243
Train Client7 [3/30] LR=0.0001000 loss=0.829 ACC=93.333 F1=80.287 Rec=95.726 Prec=75.851

Test-  OSR [3/30] LR=0.0001000 ACC=67.179 F1=70.768 Rec=82.429 Prec=71.289 UNK=21.429 OS*=94.629 HOS=34.944 AUROC=82.820 AUPR=75.077 OSCR=80.798
Test-Close [3/30] LR=0.0001000 loss=1.835 ACC=95.829 F1=95.783 Rec=95.829 Prec=95.992

Train Client0 [4/30] LR=0.0001000 loss=0.512 ACC=94.073 F1=75.094 Rec=75.473 Prec=74.749
Train Client1 [4/30] LR=0.0001000 loss=0.198 ACC=98.398 F1=93.472 Rec=93.355 Prec=93.594
Train Client2 [4/30] LR=0.0001000 loss=0.386 ACC=96.578 F1=92.437 Rec=92.532 Prec=92.387
Train Client3 [4/30] LR=0.0001000 loss=0.472 ACC=96.023 F1=92.503 Rec=92.134 Prec=92.910
Train Client4 [4/30] LR=0.0001000 loss=0.302 ACC=97.180 F1=86.421 Rec=93.424 Prec=82.331
Train Client5 [4/30] LR=0.0001000 loss=0.308 ACC=97.411 F1=85.262 Rec=87.850 Prec=83.845
Train Client6 [4/30] LR=0.0001000 loss=1.392 ACC=86.667 F1=79.963 Rec=93.874 Prec=72.514
Train Client7 [4/30] LR=0.0001000 loss=0.821 ACC=92.652 F1=92.502 Rec=95.616 Prec=90.071

Test-  OSR [4/30] LR=0.0001000 ACC=69.357 F1=73.105 Rec=83.429 Prec=72.979 UNK=27.143 OS*=94.686 HOS=42.191 AUROC=78.522 AUPR=72.763 OSCR=76.609
Test-Close [4/30] LR=0.0001000 loss=1.823 ACC=96.343 F1=96.315 Rec=96.343 Prec=96.421

Train Client0 [5/30] LR=0.0001000 loss=0.418 ACC=94.450 F1=75.308 Rec=75.721 Prec=74.946
Train Client1 [5/30] LR=0.0001000 loss=0.199 ACC=98.329 F1=92.033 Rec=92.741 Prec=91.369
Train Client2 [5/30] LR=0.0001000 loss=0.362 ACC=96.578 F1=92.942 Rec=93.320 Prec=92.577
Train Client3 [5/30] LR=0.0001000 loss=0.411 ACC=96.023 F1=92.991 Rec=95.834 Prec=90.866
Train Client4 [5/30] LR=0.0001000 loss=0.299 ACC=97.561 F1=86.917 Rec=92.961 Prec=83.063
Train Client5 [5/30] LR=0.0001000 loss=0.262 ACC=97.946 F1=85.653 Rec=88.395 Prec=84.082
Train Client6 [5/30] LR=0.0001000 loss=1.375 ACC=86.389 F1=77.281 Rec=92.281 Prec=70.529
Train Client7 [5/30] LR=0.0001000 loss=0.828 ACC=92.500 F1=82.498 Rec=94.237 Prec=77.640

Test-  OSR [5/30] LR=0.0001000 ACC=67.071 F1=70.988 Rec=82.635 Prec=72.484 UNK=20.381 OS*=95.086 HOS=33.567 AUROC=76.854 AUPR=69.717 OSCR=75.185
Test-Close [5/30] LR=0.0001000 loss=1.811 ACC=96.229 F1=96.180 Rec=96.229 Prec=96.374

Train Client0 [6/30] LR=0.0001000 loss=0.434 ACC=95.366 F1=76.267 Rec=76.828 Prec=75.788
Train Client1 [6/30] LR=0.0001000 loss=0.201 ACC=98.294 F1=92.203 Rec=91.769 Prec=92.666
Train Client2 [6/30] LR=0.0001000 loss=0.468 ACC=96.245 F1=91.250 Rec=91.814 Prec=90.719
Train Client3 [6/30] LR=0.0001000 loss=0.387 ACC=95.833 F1=90.436 Rec=89.097 Prec=92.028
Train Client4 [6/30] LR=0.0001000 loss=0.368 ACC=97.027 F1=85.842 Rec=94.937 Prec=81.545
Train Client5 [6/30] LR=0.0001000 loss=0.165 ACC=98.304 F1=87.433 Rec=93.749 Prec=84.977
Train Client6 [6/30] LR=0.0001000 loss=1.372 ACC=85.833 F1=78.943 Rec=92.361 Prec=71.676
Train Client7 [6/30] LR=0.0001000 loss=0.697 ACC=94.091 F1=87.347 Rec=94.507 Prec=83.544

Test-  OSR [6/30] LR=0.0001000 ACC=67.143 F1=71.300 Rec=81.524 Prec=70.798 UNK=24.000 OS*=93.029 HOS=38.156 AUROC=74.841 AUPR=64.216 OSCR=73.162
Test-Close [6/30] LR=0.0001000 loss=1.874 ACC=96.343 F1=96.308 Rec=96.343 Prec=96.441

Train Client0 [7/30] LR=0.0001000 loss=0.408 ACC=94.828 F1=75.705 Rec=75.955 Prec=75.474
Train Client1 [7/30] LR=0.0001000 loss=0.175 ACC=98.364 F1=93.960 Rec=94.275 Prec=93.671
Train Client2 [7/30] LR=0.0001000 loss=0.434 ACC=96.911 F1=93.301 Rec=93.439 Prec=93.199
Train Client3 [7/30] LR=0.0001000 loss=0.393 ACC=96.023 F1=94.172 Rec=94.945 Prec=93.720
Train Client4 [7/30] LR=0.0001000 loss=0.336 ACC=97.256 F1=88.439 Rec=94.017 Prec=84.622
Train Client5 [7/30] LR=0.0001000 loss=0.258 ACC=97.679 F1=88.909 Rec=92.596 Prec=87.015
Train Client6 [7/30] LR=0.0001000 loss=1.610 ACC=87.778 F1=78.891 Rec=89.839 Prec=72.711
Train Client7 [7/30] LR=0.0001000 loss=0.695 ACC=93.788 F1=73.407 Rec=75.014 Prec=72.012

Test-  OSR [7/30] LR=0.0001000 ACC=69.643 F1=73.458 Rec=79.302 Prec=73.443 UNK=40.667 OS*=87.029 HOS=55.431 AUROC=73.033 AUPR=65.008 OSCR=68.955
Test-Close [7/30] LR=0.0001000 loss=2.006 ACC=96.000 F1=95.937 Rec=96.000 Prec=96.215

Train Client0 [8/30] LR=0.0001000 loss=0.415 ACC=94.558 F1=75.646 Rec=76.218 Prec=75.179
Train Client1 [8/30] LR=0.0001000 loss=0.149 ACC=98.642 F1=93.943 Rec=94.412 Prec=93.496
Train Client2 [8/30] LR=0.0001000 loss=0.405 ACC=96.768 F1=92.256 Rec=92.306 Prec=92.223
Train Client3 [8/30] LR=0.0001000 loss=0.308 ACC=97.159 F1=95.508 Rec=96.699 Prec=94.570
Train Client4 [8/30] LR=0.0001000 loss=0.376 ACC=96.494 F1=83.833 Rec=92.561 Prec=80.043
Train Client5 [8/30] LR=0.0001000 loss=0.217 ACC=97.411 F1=81.787 Rec=83.254 Prec=80.914
Train Client6 [8/30] LR=0.0001000 loss=1.688 ACC=85.833 F1=78.240 Rec=92.758 Prec=71.072
Train Client7 [8/30] LR=0.0001000 loss=0.769 ACC=93.485 F1=83.173 Rec=94.354 Prec=78.820

Test-  OSR [8/30] LR=0.0001000 ACC=68.357 F1=72.497 Rec=79.175 Prec=72.101 UNK=35.905 OS*=87.829 HOS=50.972 AUROC=71.475 AUPR=61.916 OSCR=68.133
Test-Close [8/30] LR=0.0001000 loss=1.993 ACC=95.943 F1=95.902 Rec=95.943 Prec=96.166

Train Client0 [9/30] LR=0.0001000 loss=0.378 ACC=95.312 F1=76.171 Rec=76.838 Prec=75.607
Train Client1 [9/30] LR=0.0001000 loss=0.149 ACC=98.538 F1=94.486 Rec=94.267 Prec=94.715
Train Client2 [9/30] LR=0.0001000 loss=0.359 ACC=97.148 F1=93.974 Rec=93.608 Prec=94.425
Train Client3 [9/30] LR=0.0001000 loss=0.457 ACC=95.265 F1=93.014 Rec=94.523 Prec=91.749
Train Client4 [9/30] LR=0.0001000 loss=0.320 ACC=97.104 F1=86.555 Rec=94.375 Prec=83.018
Train Client5 [9/30] LR=0.0001000 loss=0.205 ACC=98.036 F1=90.364 Rec=93.271 Prec=88.458
Train Client6 [9/30] LR=0.0001000 loss=1.690 ACC=84.722 F1=73.694 Rec=85.661 Prec=66.676
Train Client7 [9/30] LR=0.0001000 loss=0.697 ACC=93.409 F1=92.578 Rec=93.450 Prec=91.796

Test-  OSR [9/30] LR=0.0001000 ACC=66.214 F1=68.420 Rec=72.349 Prec=73.808 UNK=47.810 OS*=77.257 HOS=59.067 AUROC=73.204 AUPR=61.364 OSCR=65.561
Test-Close [9/30] LR=0.0001000 loss=2.105 ACC=95.657 F1=95.575 Rec=95.657 Prec=95.902

Train Client0 [10/30] LR=0.0001000 loss=0.365 ACC=95.744 F1=76.456 Rec=77.074 Prec=75.933
Train Client1 [10/30] LR=0.0001000 loss=0.131 ACC=98.607 F1=93.164 Rec=93.310 Prec=93.023
Train Client2 [10/30] LR=0.0001000 loss=0.390 ACC=97.006 F1=93.075 Rec=92.799 Prec=93.408
Train Client3 [10/30] LR=0.0001000 loss=0.340 ACC=96.970 F1=94.821 Rec=95.891 Prec=94.156
Train Client4 [10/30] LR=0.0001000 loss=0.353 ACC=97.180 F1=84.721 Rec=91.690 Prec=81.061
Train Client5 [10/30] LR=0.0001000 loss=0.166 ACC=97.857 F1=86.223 Rec=88.132 Prec=84.982
Train Client6 [10/30] LR=0.0001000 loss=1.524 ACC=85.833 F1=82.562 Rec=92.438 Prec=77.197
Train Client7 [10/30] LR=0.0001000 loss=0.684 ACC=93.788 F1=86.756 Rec=93.829 Prec=83.028

Test-  OSR [10/30] LR=0.0001000 ACC=64.893 F1=64.500 Rec=67.698 Prec=74.800 UNK=56.476 OS*=69.943 HOS=62.492 AUROC=72.696 AUPR=61.619 OSCR=61.105
Test-Close [10/30] LR=0.0001000 loss=2.203 ACC=96.114 F1=96.057 Rec=96.114 Prec=96.297

Train Client0 [11/30] LR=0.0001000 loss=0.359 ACC=95.097 F1=75.983 Rec=76.329 Prec=75.674
Train Client1 [11/30] LR=0.0001000 loss=0.119 ACC=98.572 F1=93.571 Rec=94.139 Prec=93.047
Train Client2 [11/30] LR=0.0001000 loss=0.301 ACC=97.386 F1=94.024 Rec=93.922 Prec=94.192
Train Client3 [11/30] LR=0.0001000 loss=0.260 ACC=97.538 F1=97.125 Rec=96.860 Prec=97.412
Train Client4 [11/30] LR=0.0001000 loss=0.246 ACC=98.476 F1=89.899 Rec=94.980 Prec=86.885
Train Client5 [11/30] LR=0.0001000 loss=0.191 ACC=98.839 F1=95.055 Rec=99.017 Prec=92.429
Train Client6 [11/30] LR=0.0001000 loss=1.069 ACC=88.333 F1=82.546 Rec=88.249 Prec=78.146
Train Client7 [11/30] LR=0.0001000 loss=0.537 ACC=95.000 F1=88.089 Rec=95.089 Prec=84.435

Test-  OSR [11/30] LR=0.0001000 ACC=70.643 F1=73.098 Rec=75.333 Prec=76.289 UNK=56.571 OS*=79.086 HOS=65.960 AUROC=75.145 AUPR=65.258 OSCR=67.130
Test-Close [11/30] LR=0.0001000 loss=2.127 ACC=96.571 F1=96.537 Rec=96.571 Prec=96.675

Train Client0 [12/30] LR=0.0001000 loss=0.329 ACC=95.851 F1=76.611 Rec=76.993 Prec=76.264
Train Client1 [12/30] LR=0.0001000 loss=0.120 ACC=98.886 F1=95.155 Rec=95.501 Prec=94.835
Train Client2 [12/30] LR=0.0001000 loss=0.337 ACC=96.863 F1=92.916 Rec=92.562 Prec=93.341
Train Client3 [12/30] LR=0.0001000 loss=0.173 ACC=98.106 F1=94.814 Rec=94.814 Prec=94.814
Train Client4 [12/30] LR=0.0001000 loss=0.319 ACC=98.399 F1=90.683 Rec=97.521 Prec=86.757
Train Client5 [12/30] LR=0.0001000 loss=0.200 ACC=98.036 F1=88.629 Rec=93.604 Prec=86.157
Train Client6 [12/30] LR=0.0001000 loss=1.620 ACC=86.111 F1=82.604 Rec=93.512 Prec=76.466
Train Client7 [12/30] LR=0.0001000 loss=0.625 ACC=93.485 F1=93.185 Rec=93.239 Prec=93.136

Test-  OSR [12/30] LR=0.0001000 ACC=72.786 F1=76.097 Rec=80.190 Prec=76.089 UNK=50.571 OS*=86.114 HOS=63.722 AUROC=79.103 AUPR=67.977 OSCR=74.426
Test-Close [12/30] LR=0.0001000 loss=2.029 ACC=96.057 F1=96.002 Rec=96.057 Prec=96.235

Train Client0 [13/30] LR=0.0001000 loss=0.324 ACC=95.690 F1=76.429 Rec=76.935 Prec=75.992
Train Client1 [13/30] LR=0.0001000 loss=0.119 ACC=98.712 F1=94.950 Rec=95.353 Prec=94.572
Train Client2 [13/30] LR=0.0001000 loss=0.346 ACC=96.625 F1=92.149 Rec=92.056 Prec=92.291
Train Client3 [13/30] LR=0.0001000 loss=0.273 ACC=97.159 F1=95.377 Rec=96.864 Prec=94.111
Train Client4 [13/30] LR=0.0001000 loss=0.256 ACC=97.866 F1=88.002 Rec=94.887 Prec=84.866
Train Client5 [13/30] LR=0.0001000 loss=0.169 ACC=98.661 F1=87.905 Rec=88.965 Prec=87.069
Train Client6 [13/30] LR=0.0001000 loss=1.200 ACC=88.611 F1=85.529 Rec=91.875 Prec=81.334
Train Client7 [13/30] LR=0.0001000 loss=0.594 ACC=94.697 F1=95.070 Rec=95.123 Prec=95.025

Test-  OSR [13/30] LR=0.0001000 ACC=62.821 F1=62.496 Rec=65.476 Prec=75.016 UNK=54.857 OS*=67.600 HOS=60.566 AUROC=71.137 AUPR=59.469 OSCR=59.083
Test-Close [13/30] LR=0.0001000 loss=2.228 ACC=96.286 F1=96.245 Rec=96.286 Prec=96.386

Train Client0 [14/30] LR=0.0001000 loss=0.344 ACC=95.259 F1=76.081 Rec=76.547 Prec=75.680
Train Client1 [14/30] LR=0.0001000 loss=0.149 ACC=98.642 F1=94.549 Rec=94.670 Prec=94.436
Train Client2 [14/30] LR=0.0001000 loss=0.330 ACC=96.530 F1=92.023 Rec=91.887 Prec=92.194
Train Client3 [14/30] LR=0.0001000 loss=0.301 ACC=96.591 F1=96.026 Rec=95.675 Prec=96.432
Train Client4 [14/30] LR=0.0001000 loss=0.318 ACC=97.942 F1=87.056 Rec=93.591 Prec=83.878
Train Client5 [14/30] LR=0.0001000 loss=0.180 ACC=98.125 F1=85.724 Rec=88.317 Prec=84.301
Train Client6 [14/30] LR=0.0001000 loss=1.527 ACC=86.944 F1=80.633 Rec=89.163 Prec=75.261
Train Client7 [14/30] LR=0.0001000 loss=0.562 ACC=95.227 F1=95.421 Rec=95.065 Prec=95.790

Test-  OSR [14/30] LR=0.0001000 ACC=64.536 F1=62.044 Rec=65.000 Prec=77.346 UNK=63.143 OS*=65.371 HOS=64.238 AUROC=72.849 AUPR=56.775 OSCR=59.691
Test-Close [14/30] LR=0.0001000 loss=2.365 ACC=96.057 F1=95.997 Rec=96.057 Prec=96.266

Train Client0 [15/30] LR=0.0001000 loss=0.316 ACC=96.390 F1=77.018 Rec=77.258 Prec=76.794
Train Client1 [15/30] LR=0.0001000 loss=0.148 ACC=98.433 F1=94.231 Rec=94.597 Prec=93.887
Train Client2 [15/30] LR=0.0001000 loss=0.334 ACC=96.293 F1=91.724 Rec=91.156 Prec=92.460
Train Client3 [15/30] LR=0.0001000 loss=0.236 ACC=97.917 F1=97.650 Rec=97.556 Prec=97.748
Train Client4 [15/30] LR=0.0001000 loss=0.229 ACC=97.942 F1=89.434 Rec=91.516 Prec=87.744
Train Client5 [15/30] LR=0.0001000 loss=0.173 ACC=97.857 F1=90.313 Rec=93.159 Prec=88.470
Train Client6 [15/30] LR=0.0001000 loss=1.077 ACC=89.444 F1=85.115 Rec=92.866 Prec=79.648
Train Client7 [15/30] LR=0.0001000 loss=0.499 ACC=94.470 F1=94.494 Rec=94.747 Prec=94.246

Test-  OSR [15/30] LR=0.0001000 ACC=62.143 F1=56.944 Rec=60.444 Prec=78.111 UNK=67.238 OS*=59.086 HOS=62.899 AUROC=73.893 AUPR=63.938 OSCR=54.641
Test-Close [15/30] LR=0.0001000 loss=2.446 ACC=96.057 F1=96.021 Rec=96.057 Prec=96.192

Train Client0 [16/30] LR=0.0001000 loss=0.339 ACC=95.851 F1=76.642 Rec=76.984 Prec=76.333
Train Client1 [16/30] LR=0.0001000 loss=0.129 ACC=98.747 F1=94.603 Rec=94.238 Prec=94.982
Train Client2 [16/30] LR=0.0001000 loss=0.318 ACC=97.006 F1=92.779 Rec=91.691 Prec=94.273
Train Client3 [16/30] LR=0.0001000 loss=0.220 ACC=97.159 F1=96.735 Rec=96.515 Prec=96.973
Train Client4 [16/30] LR=0.0001000 loss=0.276 ACC=97.942 F1=87.193 Rec=91.631 Prec=85.287
Train Client5 [16/30] LR=0.0001000 loss=0.147 ACC=98.214 F1=78.797 Rec=78.747 Prec=78.849
Train Client6 [16/30] LR=0.0001000 loss=1.411 ACC=86.944 F1=78.717 Rec=87.644 Prec=72.779
Train Client7 [16/30] LR=0.0001000 loss=0.515 ACC=94.091 F1=87.431 Rec=94.080 Prec=84.127

Test-  OSR [16/30] LR=0.0001000 ACC=68.000 F1=68.448 Rec=71.365 Prec=76.434 UNK=57.905 OS*=74.057 HOS=64.992 AUROC=75.584 AUPR=65.179 OSCR=65.310
Test-Close [16/30] LR=0.0001000 loss=2.145 ACC=96.514 F1=96.484 Rec=96.514 Prec=96.593

Train Client0 [17/30] LR=0.0001000 loss=0.325 ACC=95.528 F1=76.403 Rec=76.776 Prec=76.074
Train Client1 [17/30] LR=0.0001000 loss=0.141 ACC=98.747 F1=94.295 Rec=94.562 Prec=94.035
Train Client2 [17/30] LR=0.0001000 loss=0.260 ACC=97.433 F1=93.577 Rec=92.600 Prec=94.714
Train Client3 [17/30] LR=0.0001000 loss=0.184 ACC=98.295 F1=98.260 Rec=98.179 Prec=98.344
Train Client4 [17/30] LR=0.0001000 loss=0.229 ACC=98.018 F1=90.567 Rec=95.161 Prec=87.830
Train Client5 [17/30] LR=0.0001000 loss=0.107 ACC=98.393 F1=83.914 Rec=84.022 Prec=83.811
Train Client6 [17/30] LR=0.0001000 loss=1.259 ACC=87.500 F1=79.216 Rec=90.270 Prec=72.502
Train Client7 [17/30] LR=0.0001000 loss=0.520 ACC=94.470 F1=87.860 Rec=94.505 Prec=84.558

Test-  OSR [17/30] LR=0.0001000 ACC=73.286 F1=75.211 Rec=76.000 Prec=79.449 UNK=65.143 OS*=78.171 HOS=71.065 AUROC=80.873 AUPR=72.618 OSCR=70.695
Test-Close [17/30] LR=0.0001000 loss=2.130 ACC=96.571 F1=96.535 Rec=96.571 Prec=96.711

Train Client0 [18/30] LR=0.0001000 loss=0.322 ACC=96.013 F1=76.790 Rec=77.147 Prec=76.470
Train Client1 [18/30] LR=0.0001000 loss=0.119 ACC=98.747 F1=95.237 Rec=96.468 Prec=94.261
Train Client2 [18/30] LR=0.0001000 loss=0.324 ACC=96.768 F1=92.905 Rec=92.269 Prec=93.664
Train Client3 [18/30] LR=0.0001000 loss=0.236 ACC=97.348 F1=96.909 Rec=96.563 Prec=97.281
Train Client4 [18/30] LR=0.0001000 loss=0.323 ACC=97.561 F1=84.932 Rec=91.672 Prec=81.803
Train Client5 [18/30] LR=0.0001000 loss=0.175 ACC=98.214 F1=87.659 Rec=88.840 Prec=86.706
Train Client6 [18/30] LR=0.0001000 loss=1.124 ACC=88.333 F1=83.286 Rec=89.227 Prec=78.863
Train Client7 [18/30] LR=0.0001000 loss=0.473 ACC=95.303 F1=95.280 Rec=95.552 Prec=95.038

Test-  OSR [18/30] LR=0.0001000 ACC=69.643 F1=70.890 Rec=71.651 Prec=77.853 UNK=63.619 OS*=73.257 HOS=68.099 AUROC=77.602 AUPR=67.398 OSCR=65.398
Test-Close [18/30] LR=0.0001000 loss=2.176 ACC=96.457 F1=96.431 Rec=96.457 Prec=96.609

Train Client0 [19/30] LR=0.0001000 loss=0.366 ACC=95.797 F1=76.470 Rec=76.839 Prec=76.139
Train Client1 [19/30] LR=0.0001000 loss=0.148 ACC=98.642 F1=94.554 Rec=95.627 Prec=93.658
Train Client2 [19/30] LR=0.0001000 loss=0.323 ACC=96.816 F1=92.664 Rec=92.543 Prec=92.840
Train Client3 [19/30] LR=0.0001000 loss=0.277 ACC=96.780 F1=96.420 Rec=96.231 Prec=96.630
Train Client4 [19/30] LR=0.0001000 loss=0.263 ACC=97.942 F1=89.469 Rec=96.328 Prec=85.493
Train Client5 [19/30] LR=0.0001000 loss=0.121 ACC=98.571 F1=79.183 Rec=79.273 Prec=79.096
Train Client6 [19/30] LR=0.0001000 loss=1.247 ACC=89.444 F1=83.851 Rec=92.731 Prec=78.262
Train Client7 [19/30] LR=0.0001000 loss=0.473 ACC=95.303 F1=94.720 Rec=94.643 Prec=94.808

Test-  OSR [19/30] LR=0.0001000 ACC=68.893 F1=69.728 Rec=71.254 Prec=77.770 UNK=61.810 OS*=73.143 HOS=67.000 AUROC=77.368 AUPR=67.742 OSCR=65.222
Test-Close [19/30] LR=0.0001000 loss=2.200 ACC=96.343 F1=96.291 Rec=96.343 Prec=96.561

Train Client0 [20/30] LR=0.0001000 loss=0.315 ACC=95.366 F1=76.298 Rec=76.796 Prec=75.871
Train Client1 [20/30] LR=0.0001000 loss=0.126 ACC=98.747 F1=95.225 Rec=96.112 Prec=94.471
Train Client2 [20/30] LR=0.0001000 loss=0.298 ACC=97.196 F1=93.722 Rec=93.057 Prec=94.530
Train Client3 [20/30] LR=0.0001000 loss=0.233 ACC=97.538 F1=95.720 Rec=97.055 Prec=94.614
Train Client4 [20/30] LR=0.0001000 loss=0.248 ACC=97.942 F1=88.363 Rec=92.249 Prec=86.104
Train Client5 [20/30] LR=0.0001000 loss=0.154 ACC=98.125 F1=84.487 Rec=83.762 Prec=85.452
Train Client6 [20/30] LR=0.0001000 loss=1.281 ACC=87.222 F1=83.817 Rec=89.436 Prec=80.395
Train Client7 [20/30] LR=0.0001000 loss=0.467 ACC=94.848 F1=87.269 Rec=93.264 Prec=84.651

Test-  OSR [20/30] LR=0.0001000 ACC=66.821 F1=67.097 Rec=66.841 Prec=77.997 UNK=66.762 OS*=66.857 HOS=66.809 AUROC=75.911 AUPR=65.518 OSCR=59.889
Test-Close [20/30] LR=0.0001000 loss=2.313 ACC=96.343 F1=96.319 Rec=96.343 Prec=96.491

Train Client0 [21/30] LR=0.0001000 loss=0.258 ACC=96.606 F1=77.183 Rec=77.488 Prec=76.905
Train Client1 [21/30] LR=0.0001000 loss=0.117 ACC=98.816 F1=94.733 Rec=95.024 Prec=94.467
Train Client2 [21/30] LR=0.0001000 loss=0.329 ACC=96.863 F1=92.729 Rec=92.339 Prec=93.173
Train Client3 [21/30] LR=0.0001000 loss=0.280 ACC=96.402 F1=95.461 Rec=95.200 Prec=95.775
Train Client4 [21/30] LR=0.0001000 loss=0.206 ACC=98.247 F1=91.921 Rec=95.703 Prec=89.025
Train Client5 [21/30] LR=0.0001000 loss=0.090 ACC=99.018 F1=91.231 Rec=94.245 Prec=89.217
Train Client6 [21/30] LR=0.0001000 loss=1.120 ACC=90.000 F1=85.804 Rec=89.443 Prec=83.092
Train Client7 [21/30] LR=0.0001000 loss=0.444 ACC=95.455 F1=88.331 Rec=94.900 Prec=85.104

Test-  OSR [21/30] LR=0.0001000 ACC=72.286 F1=76.016 Rec=81.302 Prec=75.007 UNK=45.238 OS*=88.514 HOS=59.875 AUROC=78.052 AUPR=66.795 OSCR=74.608
Test-Close [21/30] LR=0.0001000 loss=1.951 ACC=96.686 F1=96.671 Rec=96.686 Prec=96.709

Train Client0 [22/30] LR=0.0001000 loss=0.323 ACC=95.744 F1=76.419 Rec=76.921 Prec=75.982
Train Client1 [22/30] LR=0.0001000 loss=0.107 ACC=98.851 F1=95.795 Rec=96.443 Prec=95.198
Train Client2 [22/30] LR=0.0001000 loss=0.277 ACC=96.768 F1=93.156 Rec=93.131 Prec=93.195
Train Client3 [22/30] LR=0.0001000 loss=0.202 ACC=97.159 F1=95.022 Rec=93.273 Prec=97.126
Train Client4 [22/30] LR=0.0001000 loss=0.258 ACC=97.790 F1=87.480 Rec=92.387 Prec=84.099
Train Client5 [22/30] LR=0.0001000 loss=0.112 ACC=98.482 F1=90.325 Rec=88.830 Prec=92.301
Train Client6 [22/30] LR=0.0001000 loss=0.991 ACC=90.000 F1=85.523 Rec=92.026 Prec=80.986
Train Client7 [22/30] LR=0.0001000 loss=0.423 ACC=95.833 F1=95.675 Rec=94.630 Prec=96.849

Test-  OSR [22/30] LR=0.0001000 ACC=66.643 F1=67.585 Rec=68.476 Prec=76.565 UNK=61.143 OS*=69.943 HOS=65.247 AUROC=73.324 AUPR=56.945 OSCR=62.000
Test-Close [22/30] LR=0.0001000 loss=2.308 ACC=96.514 F1=96.486 Rec=96.514 Prec=96.597

Train Client0 [23/30] LR=0.0001000 loss=0.285 ACC=96.175 F1=76.719 Rec=76.937 Prec=76.514
Train Client1 [23/30] LR=0.0001000 loss=0.089 ACC=98.921 F1=95.371 Rec=96.101 Prec=94.724
Train Client2 [23/30] LR=0.0001000 loss=0.303 ACC=97.006 F1=92.900 Rec=92.588 Prec=93.259
Train Client3 [23/30] LR=0.0001000 loss=0.201 ACC=97.917 F1=97.415 Rec=97.415 Prec=97.416
Train Client4 [23/30] LR=0.0001000 loss=0.307 ACC=97.409 F1=86.373 Rec=94.464 Prec=82.576
Train Client5 [23/30] LR=0.0001000 loss=0.118 ACC=98.125 F1=87.472 Rec=88.585 Prec=86.583
Train Client6 [23/30] LR=0.0001000 loss=1.335 ACC=88.611 F1=79.342 Rec=90.602 Prec=72.901
Train Client7 [23/30] LR=0.0001000 loss=0.471 ACC=95.909 F1=96.451 Rec=96.303 Prec=96.605

Test-  OSR [23/30] LR=0.0001000 ACC=68.357 F1=69.116 Rec=72.349 Prec=76.189 UNK=56.381 OS*=75.543 HOS=64.570 AUROC=76.063 AUPR=61.828 OSCR=67.174
Test-Close [23/30] LR=0.0001000 loss=2.162 ACC=96.229 F1=96.188 Rec=96.229 Prec=96.345

Train Client0 [24/30] LR=0.0001000 loss=0.274 ACC=96.390 F1=77.011 Rec=77.303 Prec=76.740
Train Client1 [24/30] LR=0.0001000 loss=0.098 ACC=98.955 F1=95.231 Rec=95.715 Prec=94.804
Train Client2 [24/30] LR=0.0001000 loss=0.303 ACC=96.863 F1=91.739 Rec=91.579 Prec=91.909
Train Client3 [24/30] LR=0.0001000 loss=0.172 ACC=97.348 F1=95.127 Rec=93.541 Prec=97.056
Train Client4 [24/30] LR=0.0001000 loss=0.314 ACC=97.790 F1=87.710 Rec=93.072 Prec=84.469
Train Client5 [24/30] LR=0.0001000 loss=0.112 ACC=98.929 F1=87.354 Rec=89.370 Prec=86.006
Train Client6 [24/30] LR=0.0001000 loss=1.244 ACC=86.944 F1=80.624 Rec=86.723 Prec=76.293
Train Client7 [24/30] LR=0.0001000 loss=0.375 ACC=95.227 F1=95.604 Rec=95.658 Prec=95.555

Test-  OSR [24/30] LR=0.0001000 ACC=65.071 F1=62.217 Rec=65.492 Prec=76.931 UNK=63.810 OS*=65.829 HOS=64.803 AUROC=72.786 AUPR=55.741 OSCR=60.283
Test-Close [24/30] LR=0.0001000 loss=2.440 ACC=96.343 F1=96.301 Rec=96.343 Prec=96.445

Train Client0 [25/30] LR=0.0001000 loss=0.283 ACC=96.282 F1=76.930 Rec=77.218 Prec=76.667
Train Client1 [25/30] LR=0.0001000 loss=0.132 ACC=98.712 F1=94.900 Rec=95.335 Prec=94.489
Train Client2 [25/30] LR=0.0001000 loss=0.280 ACC=97.243 F1=92.784 Rec=91.987 Prec=93.730
Train Client3 [25/30] LR=0.0001000 loss=0.167 ACC=97.538 F1=95.342 Rec=96.885 Prec=94.121
Train Client4 [25/30] LR=0.0001000 loss=0.233 ACC=98.018 F1=88.546 Rec=96.935 Prec=84.501
Train Client5 [25/30] LR=0.0001000 loss=0.132 ACC=98.304 F1=90.856 Rec=93.694 Prec=89.021
Train Client6 [25/30] LR=0.0001000 loss=1.272 ACC=90.278 F1=86.170 Rec=92.860 Prec=81.438
Train Client7 [25/30] LR=0.0001000 loss=0.471 ACC=95.000 F1=94.161 Rec=93.917 Prec=94.424

Test-  OSR [25/30] LR=0.0001000 ACC=69.500 F1=71.023 Rec=71.016 Prec=77.532 UNK=64.952 OS*=72.229 HOS=68.398 AUROC=76.761 AUPR=59.376 OSCR=66.017
Test-Close [25/30] LR=0.0001000 loss=2.287 ACC=96.400 F1=96.370 Rec=96.400 Prec=96.532

Train Client0 [26/30] LR=0.0001000 loss=0.237 ACC=95.797 F1=76.558 Rec=76.968 Prec=76.196
Train Client1 [26/30] LR=0.0001000 loss=0.114 ACC=98.886 F1=94.678 Rec=94.525 Prec=94.838
Train Client2 [26/30] LR=0.0001000 loss=0.275 ACC=97.053 F1=94.297 Rec=94.280 Prec=94.332
Train Client3 [26/30] LR=0.0001000 loss=0.192 ACC=97.917 F1=97.786 Rec=97.634 Prec=97.946
Train Client4 [26/30] LR=0.0001000 loss=0.256 ACC=98.323 F1=90.296 Rec=95.064 Prec=87.156
Train Client5 [26/30] LR=0.0001000 loss=0.105 ACC=98.304 F1=87.861 Rec=88.936 Prec=87.009
Train Client6 [26/30] LR=0.0001000 loss=1.104 ACC=88.056 F1=82.391 Rec=85.098 Prec=80.419
Train Client7 [26/30] LR=0.0001000 loss=0.445 ACC=94.697 F1=93.328 Rec=93.276 Prec=93.390

Test-  OSR [26/30] LR=0.0001000 ACC=76.571 F1=79.523 Rec=84.889 Prec=77.891 UNK=51.619 OS*=91.543 HOS=66.014 AUROC=84.209 AUPR=76.944 OSCR=80.971
Test-Close [26/30] LR=0.0001000 loss=1.918 ACC=96.400 F1=96.373 Rec=96.400 Prec=96.477

Train Client0 [27/30] LR=0.0001000 loss=0.282 ACC=96.228 F1=76.875 Rec=77.339 Prec=76.465
Train Client1 [27/30] LR=0.0001000 loss=0.069 ACC=99.199 F1=95.950 Rec=96.919 Prec=95.110
Train Client2 [27/30] LR=0.0001000 loss=0.281 ACC=97.291 F1=92.994 Rec=92.625 Prec=93.395
Train Client3 [27/30] LR=0.0001000 loss=0.191 ACC=99.053 F1=98.940 Rec=98.598 Prec=99.302
Train Client4 [27/30] LR=0.0001000 loss=0.243 ACC=98.247 F1=85.969 Rec=87.135 Prec=84.893
Train Client5 [27/30] LR=0.0001000 loss=0.146 ACC=98.661 F1=84.223 Rec=84.230 Prec=84.217
Train Client6 [27/30] LR=0.0001000 loss=1.119 ACC=88.889 F1=85.388 Rec=90.429 Prec=81.793
Train Client7 [27/30] LR=0.0001000 loss=0.433 ACC=96.288 F1=89.747 Rec=95.548 Prec=87.332

Test-  OSR [27/30] LR=0.0001000 ACC=70.393 F1=70.317 Rec=70.651 Prec=79.661 UNK=69.619 OS*=70.857 HOS=70.233 AUROC=78.547 AUPR=66.653 OSCR=64.621
Test-Close [27/30] LR=0.0001000 loss=2.334 ACC=96.457 F1=96.416 Rec=96.457 Prec=96.598

Train Client0 [28/30] LR=0.0001000 loss=0.259 ACC=95.905 F1=76.544 Rec=76.922 Prec=76.206
Train Client1 [28/30] LR=0.0001000 loss=0.089 ACC=98.955 F1=95.860 Rec=96.647 Prec=95.159
Train Client2 [28/30] LR=0.0001000 loss=0.272 ACC=97.576 F1=94.359 Rec=93.201 Prec=95.838
Train Client3 [28/30] LR=0.0001000 loss=0.285 ACC=96.970 F1=96.256 Rec=96.013 Prec=96.511
Train Client4 [28/30] LR=0.0001000 loss=0.210 ACC=98.247 F1=88.582 Rec=91.529 Prec=86.501
Train Client5 [28/30] LR=0.0001000 loss=0.123 ACC=98.393 F1=88.559 Rec=88.569 Prec=88.554
Train Client6 [28/30] LR=0.0001000 loss=1.052 ACC=88.889 F1=82.885 Rec=86.791 Prec=79.605
Train Client7 [28/30] LR=0.0001000 loss=0.372 ACC=95.758 F1=95.392 Rec=95.179 Prec=95.617

Test-  OSR [28/30] LR=0.0001000 ACC=65.857 F1=61.901 Rec=64.603 Prec=79.377 UNK=69.619 OS*=63.600 HOS=66.474 AUROC=77.308 AUPR=66.360 OSCR=59.519
Test-Close [28/30] LR=0.0001000 loss=2.460 ACC=96.743 F1=96.718 Rec=96.743 Prec=96.823

Train Client0 [29/30] LR=0.0001000 loss=0.293 ACC=96.498 F1=77.069 Rec=77.541 Prec=76.654
Train Client1 [29/30] LR=0.0001000 loss=0.112 ACC=98.886 F1=95.209 Rec=96.427 Prec=94.171
Train Client2 [29/30] LR=0.0001000 loss=0.285 ACC=97.243 F1=93.732 Rec=93.089 Prec=94.546
Train Client3 [29/30] LR=0.0001000 loss=0.155 ACC=98.295 F1=98.099 Rec=97.840 Prec=98.371
Train Client4 [29/30] LR=0.0001000 loss=0.251 ACC=98.399 F1=89.116 Rec=95.130 Prec=86.046
Train Client5 [29/30] LR=0.0001000 loss=0.132 ACC=98.393 F1=90.734 Rec=93.641 Prec=88.828
Train Client6 [29/30] LR=0.0001000 loss=1.044 ACC=89.444 F1=83.647 Rec=88.628 Prec=79.611
Train Client7 [29/30] LR=0.0001000 loss=0.410 ACC=95.606 F1=95.461 Rec=95.345 Prec=95.601

Test-  OSR [29/30] LR=0.0001000 ACC=64.286 F1=58.061 Rec=61.111 Prec=80.605 UNK=73.810 OS*=58.571 HOS=65.313 AUROC=74.298 AUPR=57.501 OSCR=55.531
Test-Close [29/30] LR=0.0001000 loss=2.669 ACC=96.629 F1=96.609 Rec=96.629 Prec=96.666

------>Best performance (by OSCR)--->>>>>>>

Test-  OSR [1/30] LR=0.0001000 ACC=67.929 F1=72.197 Rec=82.508 Prec=73.241 UNK=24.190 OS*=94.171 HOS=38.493 AUROC=84.346 AUPR=74.997 OSCR=82.004
Test-Close [1/30] LR=0.0001000 loss=1.864 ACC=95.657 F1=95.598 Rec=95.657 Prec=95.869
=====================================================================================================================================
The ending time ：2026-06-16 14:26:08
