Logging to: ./logs/RetinalOCT_Finetune_K3_U5_seed1_20260715_125833.log
==> Preparing data..
Protocol mode: random
Known class list: [7 2 1] Unknown class list [6 0 4 3 5]
Total images — Train: 18400, Val: 2800, Test: 2800
{7: 0, 2: 1, 1: 2} {6: 3, 0: 4, 4: 5, 3: 6, 5: 7}
Known origin: [7 2 1] , new: [0 1 2]
Unknown origin: [6 0 4 3 5] , new: [3 4 5 6 7]
Known/Unknown in Train: 6900/11500
Known/Unknown in Val:   1050/1750
Known/Unknown in Test:  1050/1750
Client0 sample num: 1945
Client1 sample num: 225
Client2 sample num: 1070
Client3 sample num: 216
Client4 sample num: 1852
Client5 sample num: 678
Client6 sample num: 870
Client7 sample num: 44

>>> Setting up
==> Using device: cuda:0
==> Building [Resnet18] model..
154
154
154
154
154
154
154
154
154
154
154
154
154
154
154
154
154
154
Train Client0 [0/30] LR=0.0001000 loss=16.384 ACC=94.393 F1=93.756 Rec=94.425 Prec=93.150
Train Client1 [0/30] LR=0.0001000 loss=33.547 ACC=90.179 F1=57.819 Rec=63.124 Prec=55.128
Train Client2 [0/30] LR=0.0001000 loss=23.856 ACC=98.120 F1=96.495 Rec=98.290 Prec=94.887
Train Client3 [0/30] LR=0.0001000 loss=28.556 ACC=99.537 F1=66.540 Rec=66.414 Prec=66.667
Train Client4 [0/30] LR=0.0001000 loss=18.708 ACC=99.567 F1=96.344 Rec=96.415 Prec=96.275
Train Client5 [0/30] LR=0.0001000 loss=25.656 ACC=84.226 F1=36.557 Rec=61.523 Prec=36.548
Train Client6 [0/30] LR=0.0001000 loss=24.350 ACC=94.329 F1=86.032 Rec=95.780 Prec=80.137
Train Client7 [0/30] LR=0.0001000 loss=34.640 ACC=85.000 F1=79.487 Rec=93.103 Prec=77.778

Test-  OSR [0/30] LR=0.0001000 ACC=37.321 F1=42.905 Rec=74.643 Prec=30.822 UNK=0.000 OS*=99.524 HOS=0.000 AUROC=63.087 AUPR=75.135 OSCR=63.031
Test-Close [0/30] LR=0.0001000 loss=1.170 ACC=99.524 F1=99.524 Rec=99.524 Prec=99.531

Saving best model . . . . . . . .

Train Client0 [1/30] LR=0.0001000 loss=4.831 ACC=96.193 F1=96.610 Rec=96.389 Prec=96.840
Train Client1 [1/30] LR=0.0001000 loss=13.062 ACC=93.304 F1=62.711 Rec=64.251 Prec=61.667
Train Client2 [1/30] LR=0.0001000 loss=9.750 ACC=97.274 F1=95.605 Rec=96.429 Prec=94.954
Train Client3 [1/30] LR=0.0001000 loss=14.087 ACC=97.685 F1=65.954 Rec=65.260 Prec=66.667
Train Client4 [1/30] LR=0.0001000 loss=6.988 ACC=99.459 F1=95.435 Rec=97.397 Prec=93.716
Train Client5 [1/30] LR=0.0001000 loss=10.016 ACC=85.714 F1=52.992 Rec=73.095 Prec=50.566
Train Client6 [1/30] LR=0.0001000 loss=8.597 ACC=96.759 F1=94.605 Rec=94.493 Prec=94.776
Train Client7 [1/30] LR=0.0001000 loss=14.270 ACC=90.000 F1=80.864 Rec=95.402 Prec=77.778

Test-  OSR [1/30] LR=0.0001000 ACC=37.321 F1=43.106 Rec=74.643 Prec=31.087 UNK=0.000 OS*=99.524 HOS=0.000 AUROC=58.983 AUPR=71.998 OSCR=58.929
Test-Close [1/30] LR=0.0001000 loss=1.210 ACC=99.524 F1=99.524 Rec=99.524 Prec=99.531

Train Client0 [2/30] LR=0.0001000 loss=0.807 ACC=96.708 F1=96.622 Rec=96.508 Prec=96.738
Train Client1 [2/30] LR=0.0001000 loss=3.105 ACC=96.429 F1=61.736 Rec=65.378 Prec=59.091
Train Client2 [2/30] LR=0.0001000 loss=1.543 ACC=96.898 F1=95.055 Rec=95.953 Prec=94.419
Train Client3 [2/30] LR=0.0001000 loss=5.174 ACC=95.370 F1=64.919 Rec=63.276 Prec=66.667
Train Client4 [2/30] LR=0.0001000 loss=1.056 ACC=99.080 F1=92.292 Rec=96.979 Prec=88.910
Train Client5 [2/30] LR=0.0001000 loss=3.409 ACC=79.315 F1=54.488 Rec=68.142 Prec=52.841
Train Client6 [2/30] LR=0.0001000 loss=1.204 ACC=97.801 F1=96.339 Rec=97.775 Prec=95.008
Train Client7 [2/30] LR=0.0001000 loss=3.942 ACC=95.000 F1=87.698 Rec=97.701 Prec=83.333

Test-  OSR [2/30] LR=0.0001000 ACC=43.964 F1=50.505 Rec=76.043 Prec=56.432 UNK=11.886 OS*=97.429 HOS=21.187 AUROC=71.909 AUPR=80.382 OSCR=71.592
Test-Close [2/30] LR=0.0001000 loss=1.268 ACC=99.524 F1=99.524 Rec=99.524 Prec=99.531

Saving best model . . . . . . . .

Train Client0 [3/30] LR=0.0001000 loss=0.305 ACC=97.788 F1=97.927 Rec=97.875 Prec=97.990
Train Client1 [3/30] LR=0.0001000 loss=0.584 ACC=97.768 F1=64.407 Rec=65.862 Prec=63.158
Train Client2 [3/30] LR=0.0001000 loss=0.263 ACC=98.778 F1=97.739 Rec=98.331 Prec=97.171
Train Client3 [3/30] LR=0.0001000 loss=1.043 ACC=98.148 F1=66.011 Rec=65.368 Prec=66.667
Train Client4 [3/30] LR=0.0001000 loss=0.266 ACC=99.351 F1=95.936 Rec=98.436 Prec=93.812
Train Client5 [3/30] LR=0.0001000 loss=1.481 ACC=81.399 F1=59.355 Rec=93.696 Prec=57.725
Train Client6 [3/30] LR=0.0001000 loss=0.270 ACC=98.380 F1=98.216 Rec=98.672 Prec=97.782
Train Client7 [3/30] LR=0.0001000 loss=1.001 ACC=87.500 F1=78.451 Rec=94.444 Prec=76.190

Test-  OSR [3/30] LR=0.0001000 ACC=41.893 F1=48.480 Rec=75.671 Prec=55.932 UNK=8.114 OS*=98.190 HOS=14.990 AUROC=66.779 AUPR=75.905 OSCR=66.509
Test-Close [3/30] LR=0.0001000 loss=1.278 ACC=99.524 F1=99.524 Rec=99.524 Prec=99.531

Train Client0 [4/30] LR=0.0001000 loss=0.263 ACC=97.840 F1=98.143 Rec=98.233 Prec=98.056
Train Client1 [4/30] LR=0.0001000 loss=0.569 ACC=95.982 F1=64.974 Rec=65.217 Prec=64.815
Train Client2 [4/30] LR=0.0001000 loss=0.208 ACC=98.496 F1=96.709 Rec=97.112 Prec=96.314
Train Client3 [4/30] LR=0.0001000 loss=0.250 ACC=99.537 F1=66.540 Rec=66.414 Prec=66.667
Train Client4 [4/30] LR=0.0001000 loss=0.109 ACC=99.405 F1=96.192 Rec=96.248 Prec=96.136
Train Client5 [4/30] LR=0.0001000 loss=0.997 ACC=88.690 F1=60.559 Rec=96.167 Prec=56.300
Train Client6 [4/30] LR=0.0001000 loss=0.299 ACC=97.685 F1=97.426 Rec=97.879 Prec=96.997
Train Client7 [4/30] LR=0.0001000 loss=0.384 ACC=95.000 F1=90.517 Rec=97.778 Prec=86.667

Test-  OSR [4/30] LR=0.0001000 ACC=41.536 F1=47.654 Rec=76.214 Prec=56.939 UNK=6.857 OS*=99.333 HOS=12.829 AUROC=58.365 AUPR=74.241 OSCR=58.218
Test-Close [4/30] LR=0.0001000 loss=1.232 ACC=99.619 F1=99.619 Rec=99.619 Prec=99.623

Train Client0 [5/30] LR=0.0001000 loss=0.189 ACC=98.405 F1=98.679 Rec=98.900 Prec=98.466
Train Client1 [5/30] LR=0.0001000 loss=0.405 ACC=97.768 F1=66.259 Rec=65.862 Prec=66.667
Train Client2 [5/30] LR=0.0001000 loss=0.136 ACC=99.624 F1=99.214 Rec=99.583 Prec=98.855
Train Client3 [5/30] LR=0.0001000 loss=0.371 ACC=96.759 F1=65.107 Rec=64.755 Prec=65.504
Train Client4 [5/30] LR=0.0001000 loss=0.109 ACC=99.459 F1=95.754 Rec=96.275 Prec=95.250
Train Client5 [5/30] LR=0.0001000 loss=0.805 ACC=91.220 F1=63.134 Rec=80.459 Prec=60.319
Train Client6 [5/30] LR=0.0001000 loss=0.254 ACC=98.611 F1=97.796 Rec=97.033 Prec=98.591
Train Client7 [5/30] LR=0.0001000 loss=0.597 ACC=97.500 F1=97.213 Rec=98.889 Prec=95.833

Test-  OSR [5/30] LR=0.0001000 ACC=39.821 F1=46.279 Rec=75.357 Prec=55.389 UNK=4.286 OS*=99.048 HOS=8.216 AUROC=56.040 AUPR=69.585 OSCR=55.929
Test-Close [5/30] LR=0.0001000 loss=1.231 ACC=99.524 F1=99.524 Rec=99.524 Prec=99.531

Train Client0 [6/30] LR=0.0001000 loss=0.240 ACC=97.891 F1=98.284 Rec=98.368 Prec=98.217
Train Client1 [6/30] LR=0.0001000 loss=0.541 ACC=96.429 F1=65.057 Rec=65.378 Prec=64.815
Train Client2 [6/30] LR=0.0001000 loss=0.161 ACC=99.342 F1=98.155 Rec=98.215 Prec=98.096
Train Client3 [6/30] LR=0.0001000 loss=0.284 ACC=97.222 F1=64.928 Rec=65.152 Prec=64.794
Train Client4 [6/30] LR=0.0001000 loss=0.089 ACC=99.513 F1=96.260 Rec=96.274 Prec=96.246
Train Client5 [6/30] LR=0.0001000 loss=0.856 ACC=93.155 F1=64.080 Rec=81.114 Prec=60.667
Train Client6 [6/30] LR=0.0001000 loss=0.280 ACC=98.032 F1=97.208 Rec=98.197 Prec=96.259
Train Client7 [6/30] LR=0.0001000 loss=0.843 ACC=92.500 F1=87.002 Rec=96.429 Prec=83.333

Test-  OSR [6/30] LR=0.0001000 ACC=41.821 F1=48.218 Rec=76.329 Prec=57.271 UNK=7.314 OS*=99.333 HOS=13.625 AUROC=72.948 AUPR=82.419 OSCR=72.807
Test-Close [6/30] LR=0.0001000 loss=1.186 ACC=99.524 F1=99.524 Rec=99.524 Prec=99.531

Saving best model . . . . . . . .

Train Client0 [7/30] LR=0.0001000 loss=0.251 ACC=97.788 F1=98.112 Rec=98.183 Prec=98.044
Train Client1 [7/30] LR=0.0001000 loss=0.409 ACC=98.214 F1=66.341 Rec=66.023 Prec=66.667
Train Client2 [7/30] LR=0.0001000 loss=0.122 ACC=99.154 F1=97.624 Rec=98.144 Prec=97.145
Train Client3 [7/30] LR=0.0001000 loss=0.270 ACC=99.537 F1=66.540 Rec=66.414 Prec=66.667
Train Client4 [7/30] LR=0.0001000 loss=0.060 ACC=99.675 F1=96.909 Rec=96.413 Prec=97.424
Train Client5 [7/30] LR=0.0001000 loss=0.716 ACC=94.643 F1=66.568 Rec=89.902 Prec=61.984
Train Client6 [7/30] LR=0.0001000 loss=0.232 ACC=98.843 F1=98.701 Rec=98.858 Prec=98.546
Train Client7 [7/30] LR=0.0001000 loss=0.280 ACC=97.500 F1=94.653 Rec=98.851 Prec=91.667

Test-  OSR [7/30] LR=0.0001000 ACC=41.750 F1=48.088 Rec=75.671 Prec=56.368 UNK=7.829 OS*=98.286 HOS=14.502 AUROC=64.095 AUPR=76.423 OSCR=63.810
Test-Close [7/30] LR=0.0001000 loss=1.225 ACC=98.857 F1=98.857 Rec=98.857 Prec=98.895

Train Client0 [8/30] LR=0.0001000 loss=0.240 ACC=97.840 F1=98.140 Rec=98.211 Prec=98.072
Train Client1 [8/30] LR=0.0001000 loss=0.560 ACC=96.875 F1=64.242 Rec=65.539 Prec=63.158
Train Client2 [8/30] LR=0.0001000 loss=0.124 ACC=99.060 F1=97.553 Rec=97.731 Prec=97.378
Train Client3 [8/30] LR=0.0001000 loss=0.369 ACC=98.611 F1=98.548 Rec=98.864 Prec=98.276
Train Client4 [8/30] LR=0.0001000 loss=0.054 ACC=99.729 F1=97.548 Rec=97.562 Prec=97.534
Train Client5 [8/30] LR=0.0001000 loss=0.551 ACC=96.726 F1=71.289 Rec=90.608 Prec=66.796
Train Client6 [8/30] LR=0.0001000 loss=0.269 ACC=97.917 F1=97.706 Rec=98.310 Prec=97.142
Train Client7 [8/30] LR=0.0001000 loss=0.741 ACC=92.500 F1=87.135 Rec=96.667 Prec=83.333

Test-  OSR [8/30] LR=0.0001000 ACC=39.714 F1=45.890 Rec=75.543 Prec=56.421 UNK=3.886 OS*=99.429 HOS=7.479 AUROC=75.351 AUPR=84.644 OSCR=75.236
Test-Close [8/30] LR=0.0001000 loss=1.174 ACC=99.619 F1=99.619 Rec=99.619 Prec=99.623

Saving best model . . . . . . . .

Train Client0 [9/30] LR=0.0001000 loss=0.218 ACC=98.045 F1=98.136 Rec=98.218 Prec=98.057
Train Client1 [9/30] LR=0.0001000 loss=0.377 ACC=97.768 F1=66.259 Rec=65.862 Prec=66.667
Train Client2 [9/30] LR=0.0001000 loss=0.062 ACC=99.624 F1=99.103 Rec=99.585 Prec=98.644
Train Client3 [9/30] LR=0.0001000 loss=0.234 ACC=99.074 F1=66.215 Rec=66.162 Prec=66.275
Train Client4 [9/30] LR=0.0001000 loss=0.099 ACC=99.513 F1=96.260 Rec=96.274 Prec=96.246
Train Client5 [9/30] LR=0.0001000 loss=0.553 ACC=96.429 F1=70.178 Rec=98.792 Prec=63.462
Train Client6 [9/30] LR=0.0001000 loss=0.249 ACC=98.495 F1=98.290 Rec=98.212 Prec=98.369
Train Client7 [9/30] LR=0.0001000 loss=0.259 ACC=95.000 F1=90.432 Rec=97.619 Prec=86.667

Test-  OSR [9/30] LR=0.0001000 ACC=44.036 F1=49.880 Rec=77.329 Prec=57.789 UNK=10.743 OS*=99.524 HOS=19.392 AUROC=79.301 AUPR=87.107 OSCR=79.169
Test-Close [9/30] LR=0.0001000 loss=1.200 ACC=99.619 F1=99.619 Rec=99.619 Prec=99.623

Saving best model . . . . . . . .

Train Client0 [10/30] LR=0.0001000 loss=0.218 ACC=98.045 F1=98.226 Rec=98.282 Prec=98.182
Train Client1 [10/30] LR=0.0001000 loss=0.313 ACC=99.107 F1=65.552 Rec=66.345 Prec=64.815
Train Client2 [10/30] LR=0.0001000 loss=0.056 ACC=99.530 F1=98.746 Rec=98.806 Prec=98.687
Train Client3 [10/30] LR=0.0001000 loss=0.552 ACC=96.296 F1=64.850 Rec=64.646 Prec=65.152
Train Client4 [10/30] LR=0.0001000 loss=0.042 ACC=99.675 F1=96.895 Rec=96.413 Prec=97.397
Train Client5 [10/30] LR=0.0001000 loss=0.515 ACC=96.280 F1=66.028 Rec=65.608 Prec=66.460
Train Client6 [10/30] LR=0.0001000 loss=0.246 ACC=98.264 F1=98.056 Rec=97.980 Prec=98.132
Train Client7 [10/30] LR=0.0001000 loss=0.515 ACC=95.000 F1=90.476 Rec=97.701 Prec=86.667

Test-  OSR [10/30] LR=0.0001000 ACC=42.607 F1=48.951 Rec=76.586 Prec=57.260 UNK=8.629 OS*=99.238 HOS=15.877 AUROC=67.016 AUPR=79.192 OSCR=66.929
Test-Close [10/30] LR=0.0001000 loss=1.209 ACC=99.619 F1=99.619 Rec=99.619 Prec=99.623

Train Client0 [11/30] LR=0.0001000 loss=0.199 ACC=98.611 F1=98.750 Rec=98.843 Prec=98.662
Train Client1 [11/30] LR=0.0001000 loss=0.202 ACC=99.554 F1=66.586 Rec=66.506 Prec=66.667
Train Client2 [11/30] LR=0.0001000 loss=0.049 ACC=99.530 F1=98.875 Rec=99.295 Prec=98.465
Train Client3 [11/30] LR=0.0001000 loss=0.009 ACC=100.000 F1=100.000 Rec=100.000 Prec=100.000
Train Client4 [11/30] LR=0.0001000 loss=0.040 ACC=99.621 F1=95.711 Rec=95.235 Prec=96.206
Train Client5 [11/30] LR=0.0001000 loss=0.486 ACC=96.875 F1=66.939 Rec=76.821 Prec=64.151
Train Client6 [11/30] LR=0.0001000 loss=0.328 ACC=97.917 F1=97.650 Rec=97.650 Prec=97.650
Train Client7 [11/30] LR=0.0001000 loss=0.299 ACC=100.000 F1=100.000 Rec=100.000 Prec=100.000

Test-  OSR [11/30] LR=0.0001000 ACC=51.500 F1=56.973 Rec=79.629 Prec=60.246 UNK=23.371 OS*=98.381 HOS=37.770 AUROC=74.432 AUPR=83.694 OSCR=74.159
Test-Close [11/30] LR=0.0001000 loss=1.285 ACC=99.524 F1=99.524 Rec=99.524 Prec=99.526

Train Client0 [12/30] LR=0.0001000 loss=0.242 ACC=98.200 F1=98.342 Rec=98.306 Prec=98.380
Train Client1 [12/30] LR=0.0001000 loss=0.197 ACC=99.554 F1=66.586 Rec=66.506 Prec=66.667
Train Client2 [12/30] LR=0.0001000 loss=0.102 ACC=99.530 F1=98.562 Rec=98.679 Prec=98.447
Train Client3 [12/30] LR=0.0001000 loss=0.197 ACC=98.611 F1=66.284 Rec=65.909 Prec=66.667
Train Client4 [12/30] LR=0.0001000 loss=0.040 ACC=99.567 F1=96.705 Rec=95.207 Prec=98.385
Train Client5 [12/30] LR=0.0001000 loss=0.416 ACC=97.024 F1=73.848 Rec=90.709 Prec=71.160
Train Client6 [12/30] LR=0.0001000 loss=0.162 ACC=98.611 F1=98.441 Rec=98.441 Prec=98.441
Train Client7 [12/30] LR=0.0001000 loss=0.264 ACC=95.000 F1=90.432 Rec=97.619 Prec=86.667

Test-  OSR [12/30] LR=0.0001000 ACC=46.179 F1=52.504 Rec=77.100 Prec=57.781 UNK=15.257 OS*=97.714 HOS=26.393 AUROC=73.385 AUPR=81.483 OSCR=73.101
Test-Close [12/30] LR=0.0001000 loss=1.251 ACC=99.524 F1=99.524 Rec=99.524 Prec=99.531

Train Client0 [13/30] LR=0.0001000 loss=0.201 ACC=98.302 F1=98.684 Rec=98.714 Prec=98.654
Train Client1 [13/30] LR=0.0001000 loss=0.222 ACC=99.107 F1=66.505 Rec=66.345 Prec=66.667
Train Client2 [13/30] LR=0.0001000 loss=0.084 ACC=99.530 F1=99.115 Rec=99.175 Prec=99.055
Train Client3 [13/30] LR=0.0001000 loss=0.261 ACC=98.148 F1=65.566 Rec=65.512 Prec=65.626
Train Client4 [13/30] LR=0.0001000 loss=0.045 ACC=99.729 F1=96.936 Rec=96.440 Prec=97.452
Train Client5 [13/30] LR=0.0001000 loss=0.348 ACC=98.214 F1=76.415 Rec=94.683 Prec=71.377
Train Client6 [13/30] LR=0.0001000 loss=0.212 ACC=98.495 F1=98.323 Rec=98.400 Prec=98.248
Train Client7 [13/30] LR=0.0001000 loss=0.030 ACC=100.000 F1=100.000 Rec=100.000 Prec=100.000

Test-  OSR [13/30] LR=0.0001000 ACC=49.321 F1=55.176 Rec=77.557 Prec=58.478 UNK=21.086 OS*=96.381 HOS=34.601 AUROC=72.034 AUPR=81.876 OSCR=71.444
Test-Close [13/30] LR=0.0001000 loss=1.289 ACC=99.619 F1=99.619 Rec=99.619 Prec=99.623

Train Client0 [14/30] LR=0.0001000 loss=0.200 ACC=98.405 F1=98.764 Rec=98.836 Prec=98.695
Train Client1 [14/30] LR=0.0001000 loss=0.127 ACC=99.554 F1=66.586 Rec=66.506 Prec=66.667
Train Client2 [14/30] LR=0.0001000 loss=0.054 ACC=99.530 F1=98.551 Rec=98.672 Prec=98.434
Train Client3 [14/30] LR=0.0001000 loss=0.025 ACC=100.000 F1=100.000 Rec=100.000 Prec=100.000
Train Client4 [14/30] LR=0.0001000 loss=0.036 ACC=99.729 F1=97.548 Rec=97.534 Prec=97.562
Train Client5 [14/30] LR=0.0001000 loss=0.325 ACC=97.619 F1=75.350 Rec=90.910 Prec=72.171
Train Client6 [14/30] LR=0.0001000 loss=0.182 ACC=98.495 F1=98.315 Rec=98.548 Prec=98.088
Train Client7 [14/30] LR=0.0001000 loss=0.365 ACC=97.500 F1=94.632 Rec=98.810 Prec=91.667

Test-  OSR [14/30] LR=0.0001000 ACC=51.214 F1=57.078 Rec=74.486 Prec=59.143 UNK=27.943 OS*=90.000 HOS=42.645 AUROC=64.596 AUPR=75.520 OSCR=63.017
Test-Close [14/30] LR=0.0001000 loss=1.461 ACC=99.524 F1=99.524 Rec=99.524 Prec=99.531

Train Client0 [15/30] LR=0.0001000 loss=0.162 ACC=98.251 F1=98.557 Rec=98.727 Prec=98.391
Train Client1 [15/30] LR=0.0001000 loss=0.157 ACC=98.661 F1=65.471 Rec=66.184 Prec=64.815
Train Client2 [15/30] LR=0.0001000 loss=0.058 ACC=99.624 F1=98.847 Rec=98.847 Prec=98.847
Train Client3 [15/30] LR=0.0001000 loss=0.029 ACC=100.000 F1=100.000 Rec=100.000 Prec=100.000
Train Client4 [15/30] LR=0.0001000 loss=0.054 ACC=99.621 F1=96.854 Rec=96.357 Prec=97.369
Train Client5 [15/30] LR=0.0001000 loss=0.320 ACC=98.065 F1=76.862 Rec=91.062 Prec=73.282
Train Client6 [15/30] LR=0.0001000 loss=0.164 ACC=98.148 F1=97.267 Rec=96.913 Prec=97.660
Train Client7 [15/30] LR=0.0001000 loss=0.101 ACC=97.500 F1=94.632 Rec=98.810 Prec=91.667

Test-  OSR [15/30] LR=0.0001000 ACC=51.179 F1=56.450 Rec=75.214 Prec=58.291 UNK=27.143 OS*=91.238 HOS=41.839 AUROC=69.429 AUPR=77.667 OSCR=68.019
Test-Close [15/30] LR=0.0001000 loss=1.448 ACC=99.238 F1=99.238 Rec=99.238 Prec=99.255

Train Client0 [16/30] LR=0.0001000 loss=0.182 ACC=98.405 F1=98.580 Rec=98.662 Prec=98.502
Train Client1 [16/30] LR=0.0001000 loss=0.111 ACC=99.554 F1=66.586 Rec=66.506 Prec=66.667
Train Client2 [16/30] LR=0.0001000 loss=0.062 ACC=99.530 F1=98.566 Rec=98.684 Prec=98.450
Train Client3 [16/30] LR=0.0001000 loss=0.005 ACC=100.000 F1=100.000 Rec=100.000 Prec=100.000
Train Client4 [16/30] LR=0.0001000 loss=0.028 ACC=99.729 F1=96.830 Rec=95.346 Prec=98.495
Train Client5 [16/30] LR=0.0001000 loss=0.316 ACC=98.065 F1=72.448 Rec=82.779 Prec=67.953
Train Client6 [16/30] LR=0.0001000 loss=0.232 ACC=98.380 F1=98.173 Rec=98.173 Prec=98.173
Train Client7 [16/30] LR=0.0001000 loss=0.116 ACC=95.000 F1=90.432 Rec=97.619 Prec=86.667

Test-  OSR [16/30] LR=0.0001000 ACC=44.821 F1=51.764 Rec=76.957 Prec=58.326 UNK=12.686 OS*=98.381 HOS=22.474 AUROC=68.013 AUPR=79.382 OSCR=67.846
Test-Close [16/30] LR=0.0001000 loss=1.255 ACC=99.524 F1=99.524 Rec=99.524 Prec=99.531

Train Client0 [17/30] LR=0.0001000 loss=0.205 ACC=98.302 F1=98.598 Rec=98.778 Prec=98.423
Train Client1 [17/30] LR=0.0001000 loss=0.100 ACC=99.554 F1=66.586 Rec=66.506 Prec=66.667
Train Client2 [17/30] LR=0.0001000 loss=0.056 ACC=99.342 F1=98.365 Rec=98.721 Prec=98.035
Train Client3 [17/30] LR=0.0001000 loss=0.246 ACC=98.611 F1=98.548 Rec=98.864 Prec=98.276
Train Client4 [17/30] LR=0.0001000 loss=0.058 ACC=99.567 F1=96.178 Rec=95.208 Prec=97.225
Train Client5 [17/30] LR=0.0001000 loss=0.411 ACC=97.768 F1=67.953 Rec=77.966 Prec=63.736
Train Client6 [17/30] LR=0.0001000 loss=0.186 ACC=98.495 F1=97.669 Rec=96.984 Prec=98.385
Train Client7 [17/30] LR=0.0001000 loss=0.025 ACC=100.000 F1=100.000 Rec=100.000 Prec=100.000

Test-  OSR [17/30] LR=0.0001000 ACC=53.964 F1=59.573 Rec=78.671 Prec=61.108 UNK=29.257 OS*=95.143 HOS=44.753 AUROC=66.726 AUPR=79.555 OSCR=65.718
Test-Close [17/30] LR=0.0001000 loss=1.350 ACC=99.619 F1=99.619 Rec=99.619 Prec=99.623

Train Client0 [18/30] LR=0.0001000 loss=0.172 ACC=98.560 F1=98.797 Rec=98.771 Prec=98.826
Train Client1 [18/30] LR=0.0001000 loss=0.098 ACC=99.107 F1=66.505 Rec=66.345 Prec=66.667
Train Client2 [18/30] LR=0.0001000 loss=0.060 ACC=99.530 F1=98.932 Rec=99.053 Prec=98.814
Train Client3 [18/30] LR=0.0001000 loss=0.003 ACC=100.000 F1=100.000 Rec=100.000 Prec=100.000
Train Client4 [18/30] LR=0.0001000 loss=0.066 ACC=99.567 F1=96.178 Rec=95.179 Prec=97.253
Train Client5 [18/30] LR=0.0001000 loss=0.296 ACC=98.512 F1=77.524 Rec=91.213 Prec=71.540
Train Client6 [18/30] LR=0.0001000 loss=0.149 ACC=99.074 F1=98.971 Rec=99.126 Prec=98.818
Train Client7 [18/30] LR=0.0001000 loss=0.033 ACC=97.500 F1=92.749 Rec=98.851 Prec=88.889

Test-  OSR [18/30] LR=0.0001000 ACC=50.107 F1=55.932 Rec=77.643 Prec=58.867 UNK=22.571 OS*=96.000 HOS=36.549 AUROC=72.077 AUPR=81.220 OSCR=71.446
Test-Close [18/30] LR=0.0001000 loss=1.333 ACC=99.429 F1=99.429 Rec=99.429 Prec=99.438

Train Client0 [19/30] LR=0.0001000 loss=0.176 ACC=98.663 F1=98.875 Rec=98.829 Prec=98.923
Train Client1 [19/30] LR=0.0001000 loss=0.102 ACC=99.554 F1=66.586 Rec=66.506 Prec=66.667
Train Client2 [19/30] LR=0.0001000 loss=0.043 ACC=99.718 F1=99.137 Rec=99.257 Prec=99.020
Train Client3 [19/30] LR=0.0001000 loss=0.027 ACC=100.000 F1=100.000 Rec=100.000 Prec=100.000
Train Client4 [19/30] LR=0.0001000 loss=0.047 ACC=99.675 F1=96.384 Rec=96.384 Prec=96.384
Train Client5 [19/30] LR=0.0001000 loss=0.343 ACC=98.661 F1=78.661 Rec=94.042 Prec=73.181
Train Client6 [19/30] LR=0.0001000 loss=0.166 ACC=98.843 F1=98.719 Rec=99.028 Prec=98.421
Train Client7 [19/30] LR=0.0001000 loss=0.010 ACC=100.000 F1=100.000 Rec=100.000 Prec=100.000

Test-  OSR [19/30] LR=0.0001000 ACC=53.893 F1=59.087 Rec=80.071 Prec=61.167 UNK=27.714 OS*=97.524 HOS=43.163 AUROC=71.922 AUPR=82.295 OSCR=71.487
Test-Close [19/30] LR=0.0001000 loss=1.320 ACC=99.238 F1=99.238 Rec=99.238 Prec=99.238

Train Client0 [20/30] LR=0.0001000 loss=0.147 ACC=98.560 F1=98.687 Rec=98.707 Prec=98.667
Train Client1 [20/30] LR=0.0001000 loss=0.086 ACC=99.554 F1=66.586 Rec=66.506 Prec=66.667
Train Client2 [20/30] LR=0.0001000 loss=0.072 ACC=99.624 F1=99.217 Rec=99.217 Prec=99.217
Train Client3 [20/30] LR=0.0001000 loss=0.006 ACC=100.000 F1=100.000 Rec=100.000 Prec=100.000
Train Client4 [20/30] LR=0.0001000 loss=0.036 ACC=99.784 F1=98.180 Rec=98.683 Prec=97.695
Train Client5 [20/30] LR=0.0001000 loss=0.287 ACC=98.214 F1=66.363 Rec=66.263 Prec=66.464
Train Client6 [20/30] LR=0.0001000 loss=0.135 ACC=99.190 F1=99.097 Rec=99.334 Prec=98.867
Train Client7 [20/30] LR=0.0001000 loss=0.003 ACC=100.000 F1=100.000 Rec=100.000 Prec=100.000

Test-  OSR [20/30] LR=0.0001000 ACC=58.071 F1=62.055 Rec=80.143 Prec=61.970 UNK=36.000 OS*=94.857 HOS=52.192 AUROC=71.944 AUPR=82.875 OSCR=70.513
Test-Close [20/30] LR=0.0001000 loss=1.370 ACC=99.333 F1=99.333 Rec=99.333 Prec=99.336

Train Client0 [21/30] LR=0.0001000 loss=0.181 ACC=98.663 F1=98.967 Rec=99.111 Prec=98.833
Train Client1 [21/30] LR=0.0001000 loss=0.089 ACC=99.554 F1=66.586 Rec=66.506 Prec=66.667
Train Client2 [21/30] LR=0.0001000 loss=0.060 ACC=99.718 F1=99.125 Rec=98.765 Prec=99.512
Train Client3 [21/30] LR=0.0001000 loss=0.139 ACC=99.537 F1=66.540 Rec=66.414 Prec=66.667
Train Client4 [21/30] LR=0.0001000 loss=0.063 ACC=99.675 F1=96.129 Rec=94.197 Prec=98.389
Train Client5 [21/30] LR=0.0001000 loss=0.287 ACC=98.810 F1=75.036 Rec=78.319 Prec=72.864
Train Client6 [21/30] LR=0.0001000 loss=0.169 ACC=98.727 F1=98.575 Rec=98.498 Prec=98.652
Train Client7 [21/30] LR=0.0001000 loss=0.013 ACC=100.000 F1=100.000 Rec=100.000 Prec=100.000

Test-  OSR [21/30] LR=0.0001000 ACC=44.821 F1=52.086 Rec=76.786 Prec=58.535 UNK=12.857 OS*=98.095 HOS=22.735 AUROC=60.093 AUPR=74.030 OSCR=59.916
Test-Close [21/30] LR=0.0001000 loss=1.279 ACC=99.619 F1=99.619 Rec=99.619 Prec=99.623

Train Client0 [22/30] LR=0.0001000 loss=0.179 ACC=98.302 F1=98.686 Rec=98.757 Prec=98.617
Train Client1 [22/30] LR=0.0001000 loss=0.076 ACC=99.554 F1=66.586 Rec=66.506 Prec=66.667
Train Client2 [22/30] LR=0.0001000 loss=0.055 ACC=99.436 F1=98.451 Rec=98.393 Prec=98.513
Train Client3 [22/30] LR=0.0001000 loss=0.159 ACC=99.537 F1=66.540 Rec=66.414 Prec=66.667
Train Client4 [22/30] LR=0.0001000 loss=0.075 ACC=99.297 F1=96.716 Rec=97.200 Prec=96.250
Train Client5 [22/30] LR=0.0001000 loss=0.211 ACC=98.958 F1=79.910 Rec=86.653 Prec=76.089
Train Client6 [22/30] LR=0.0001000 loss=0.184 ACC=98.148 F1=97.921 Rec=98.075 Prec=97.771
Train Client7 [22/30] LR=0.0001000 loss=0.025 ACC=100.000 F1=100.000 Rec=100.000 Prec=100.000

Test-  OSR [22/30] LR=0.0001000 ACC=48.179 F1=55.343 Rec=74.414 Prec=58.178 UNK=21.943 OS*=91.905 HOS=35.427 AUROC=59.752 AUPR=73.257 OSCR=58.583
Test-Close [22/30] LR=0.0001000 loss=1.404 ACC=99.619 F1=99.619 Rec=99.619 Prec=99.622

Train Client0 [23/30] LR=0.0001000 loss=0.123 ACC=98.560 F1=98.886 Rec=99.009 Prec=98.771
Train Client1 [23/30] LR=0.0001000 loss=0.115 ACC=98.661 F1=65.471 Rec=66.184 Prec=64.815
Train Client2 [23/30] LR=0.0001000 loss=0.054 ACC=99.718 F1=99.138 Rec=99.258 Prec=99.021
Train Client3 [23/30] LR=0.0001000 loss=0.102 ACC=100.000 F1=100.000 Rec=100.000 Prec=100.000
Train Client4 [23/30] LR=0.0001000 loss=0.026 ACC=99.892 F1=98.795 Rec=98.795 Prec=98.795
Train Client5 [23/30] LR=0.0001000 loss=0.163 ACC=99.405 F1=88.586 Rec=99.798 Prec=81.548
Train Client6 [23/30] LR=0.0001000 loss=0.157 ACC=99.190 F1=98.519 Rec=99.334 Prec=97.735
Train Client7 [23/30] LR=0.0001000 loss=0.027 ACC=100.000 F1=100.000 Rec=100.000 Prec=100.000

Test-  OSR [23/30] LR=0.0001000 ACC=46.071 F1=53.334 Rec=75.857 Prec=57.704 UNK=16.286 OS*=95.714 HOS=27.835 AUROC=63.281 AUPR=75.531 OSCR=62.796
Test-Close [23/30] LR=0.0001000 loss=1.352 ACC=99.524 F1=99.524 Rec=99.524 Prec=99.526

Train Client0 [24/30] LR=0.0001000 loss=0.162 ACC=98.508 F1=98.757 Rec=98.720 Prec=98.795
Train Client1 [24/30] LR=0.0001000 loss=0.056 ACC=100.000 F1=100.000 Rec=100.000 Prec=100.000
Train Client2 [24/30] LR=0.0001000 loss=0.041 ACC=99.718 F1=99.132 Rec=99.012 Prec=99.255
Train Client3 [24/30] LR=0.0001000 loss=0.098 ACC=98.611 F1=66.086 Rec=65.909 Prec=66.275
Train Client4 [24/30] LR=0.0001000 loss=0.045 ACC=99.675 F1=96.499 Rec=97.478 Prec=95.587
Train Client5 [24/30] LR=0.0001000 loss=0.172 ACC=99.107 F1=83.182 Rec=99.698 Prec=77.778
Train Client6 [24/30] LR=0.0001000 loss=0.151 ACC=98.843 F1=98.713 Rec=99.025 Prec=98.412
Train Client7 [24/30] LR=0.0001000 loss=0.012 ACC=100.000 F1=100.000 Rec=100.000 Prec=100.000

Test-  OSR [24/30] LR=0.0001000 ACC=50.214 F1=55.934 Rec=71.343 Prec=58.507 UNK=29.086 OS*=85.429 HOS=43.396 AUROC=59.771 AUPR=73.308 OSCR=56.927
Test-Close [24/30] LR=0.0001000 loss=1.519 ACC=99.619 F1=99.619 Rec=99.619 Prec=99.623

Train Client0 [25/30] LR=0.0001000 loss=0.151 ACC=98.611 F1=98.924 Rec=98.996 Prec=98.854
Train Client1 [25/30] LR=0.0001000 loss=0.056 ACC=100.000 F1=100.000 Rec=100.000 Prec=100.000
Train Client2 [25/30] LR=0.0001000 loss=0.031 ACC=99.812 F1=99.418 Rec=99.418 Prec=99.418
Train Client3 [25/30] LR=0.0001000 loss=0.148 ACC=99.537 F1=66.540 Rec=66.414 Prec=66.667
Train Client4 [25/30] LR=0.0001000 loss=0.042 ACC=99.729 F1=98.079 Rec=97.562 Prec=98.615
Train Client5 [25/30] LR=0.0001000 loss=0.187 ACC=99.107 F1=83.182 Rec=91.415 Prec=79.116
Train Client6 [25/30] LR=0.0001000 loss=0.146 ACC=98.843 F1=98.713 Rec=98.868 Prec=98.561
Train Client7 [25/30] LR=0.0001000 loss=0.027 ACC=97.500 F1=94.673 Rec=98.889 Prec=91.667

Test-  OSR [25/30] LR=0.0001000 ACC=48.179 F1=55.135 Rec=75.443 Prec=58.134 UNK=20.914 OS*=93.619 HOS=34.190 AUROC=58.680 AUPR=73.340 OSCR=57.737
Test-Close [25/30] LR=0.0001000 loss=1.416 ACC=99.619 F1=99.619 Rec=99.619 Prec=99.623

Train Client0 [26/30] LR=0.0001000 loss=0.162 ACC=98.560 F1=98.798 Rec=98.813 Prec=98.789
Train Client1 [26/30] LR=0.0001000 loss=0.051 ACC=99.554 F1=66.586 Rec=66.506 Prec=66.667
Train Client2 [26/30] LR=0.0001000 loss=0.028 ACC=99.812 F1=99.428 Rec=99.672 Prec=99.197
Train Client3 [26/30] LR=0.0001000 loss=0.105 ACC=99.074 F1=66.215 Rec=66.162 Prec=66.275
Train Client4 [26/30] LR=0.0001000 loss=0.054 ACC=99.459 F1=94.932 Rec=94.002 Prec=95.935
Train Client5 [26/30] LR=0.0001000 loss=0.183 ACC=98.661 F1=76.695 Rec=82.980 Prec=73.972
Train Client6 [26/30] LR=0.0001000 loss=0.122 ACC=98.843 F1=98.707 Rec=98.863 Prec=98.554
Train Client7 [26/30] LR=0.0001000 loss=0.004 ACC=100.000 F1=100.000 Rec=100.000 Prec=100.000

Test-  OSR [26/30] LR=0.0001000 ACC=51.000 F1=57.327 Rec=75.714 Prec=59.225 UNK=26.286 OS*=92.190 HOS=40.908 AUROC=58.767 AUPR=74.387 OSCR=57.281
Test-Close [26/30] LR=0.0001000 loss=1.419 ACC=99.333 F1=99.333 Rec=99.333 Prec=99.336

Train Client0 [27/30] LR=0.0001000 loss=0.193 ACC=98.148 F1=98.567 Rec=98.689 Prec=98.452
Train Client1 [27/30] LR=0.0001000 loss=0.043 ACC=99.554 F1=66.586 Rec=66.506 Prec=66.667
Train Client2 [27/30] LR=0.0001000 loss=0.039 ACC=99.812 F1=99.423 Rec=99.423 Prec=99.423
Train Client3 [27/30] LR=0.0001000 loss=0.005 ACC=100.000 F1=100.000 Rec=100.000 Prec=100.000
Train Client4 [27/30] LR=0.0001000 loss=0.088 ACC=99.513 F1=97.380 Rec=97.310 Prec=97.453
Train Client5 [27/30] LR=0.0001000 loss=0.155 ACC=99.405 F1=88.788 Rec=99.798 Prec=83.333
Train Client6 [27/30] LR=0.0001000 loss=0.085 ACC=99.653 F1=99.613 Rec=99.692 Prec=99.534
Train Client7 [27/30] LR=0.0001000 loss=0.002 ACC=100.000 F1=100.000 Rec=100.000 Prec=100.000

Test-  OSR [27/30] LR=0.0001000 ACC=52.071 F1=57.997 Rec=73.514 Prec=59.735 UNK=30.629 OS*=87.810 HOS=45.416 AUROC=60.116 AUPR=74.284 OSCR=57.461
Test-Close [27/30] LR=0.0001000 loss=1.517 ACC=99.429 F1=99.428 Rec=99.429 Prec=99.429

Train Client0 [28/30] LR=0.0001000 loss=0.160 ACC=98.457 F1=98.806 Rec=98.929 Prec=98.690
Train Client1 [28/30] LR=0.0001000 loss=0.036 ACC=100.000 F1=100.000 Rec=100.000 Prec=100.000
Train Client2 [28/30] LR=0.0001000 loss=0.064 ACC=99.624 F1=98.835 Rec=98.835 Prec=98.835
Train Client3 [28/30] LR=0.0001000 loss=0.002 ACC=100.000 F1=100.000 Rec=100.000 Prec=100.000
Train Client4 [28/30] LR=0.0001000 loss=0.017 ACC=99.892 F1=98.795 Rec=98.795 Prec=98.795
Train Client5 [28/30] LR=0.0001000 loss=0.182 ACC=98.958 F1=73.897 Rec=74.798 Prec=73.182
Train Client6 [28/30] LR=0.0001000 loss=0.122 ACC=98.727 F1=98.581 Rec=98.814 Prec=98.354
Train Client7 [28/30] LR=0.0001000 loss=0.001 ACC=100.000 F1=100.000 Rec=100.000 Prec=100.000

Test-  OSR [28/30] LR=0.0001000 ACC=47.929 F1=54.679 Rec=73.000 Prec=56.868 UNK=22.857 OS*=89.714 HOS=36.432 AUROC=54.349 AUPR=70.110 OSCR=52.794
Test-Close [28/30] LR=0.0001000 loss=1.469 ACC=99.429 F1=99.429 Rec=99.429 Prec=99.430

Train Client0 [29/30] LR=0.0001000 loss=0.175 ACC=98.354 F1=98.266 Rec=98.262 Prec=98.275
Train Client1 [29/30] LR=0.0001000 loss=0.043 ACC=99.554 F1=66.586 Rec=66.506 Prec=66.667
Train Client2 [29/30] LR=0.0001000 loss=0.023 ACC=99.906 F1=99.710 Rec=99.834 Prec=99.588
Train Client3 [29/30] LR=0.0001000 loss=0.049 ACC=100.000 F1=100.000 Rec=100.000 Prec=100.000
Train Client4 [29/30] LR=0.0001000 loss=0.022 ACC=99.838 F1=98.162 Rec=97.645 Prec=98.698
Train Client5 [29/30] LR=0.0001000 loss=0.197 ACC=99.554 F1=89.027 Rec=86.854 Prec=91.566
Train Client6 [29/30] LR=0.0001000 loss=0.142 ACC=98.843 F1=98.701 Rec=98.858 Prec=98.546
Train Client7 [29/30] LR=0.0001000 loss=0.007 ACC=100.000 F1=100.000 Rec=100.000 Prec=100.000

Test-  OSR [29/30] LR=0.0001000 ACC=46.821 F1=53.884 Rec=75.643 Prec=57.586 UNK=18.000 OS*=94.857 HOS=30.258 AUROC=61.216 AUPR=73.918 OSCR=60.605
Test-Close [29/30] LR=0.0001000 loss=1.351 ACC=99.524 F1=99.524 Rec=99.524 Prec=99.524

------>Best performance (by OSCR)--->>>>>>>

Test-  OSR [9/30] LR=0.0001000 ACC=44.036 F1=49.880 Rec=77.329 Prec=57.789 UNK=10.743 OS*=99.524 HOS=19.392 AUROC=79.301 AUPR=87.107 OSCR=79.169
Test-Close [9/30] LR=0.0001000 loss=1.200 ACC=99.619 F1=99.619 Rec=99.619 Prec=99.623
=====================================================================================================================================
The ending time ：2026-07-15 14:18:46
