Logging to: ./logs/RetinalOCT_Finetune_K5_U3_seed0_20260603_004837.log
==> Preparing data..
Known class list: [6 2 1 7 3] Unknown class list [0 5 4]
Total images — Train: 18400, Val: 2800, Test: 2800
{6: 0, 2: 1, 1: 2, 7: 3, 3: 4} {0: 5, 5: 6, 4: 7}
Known origin: [6 2 1 7 3] , new: [0 1 2 3 4]
Unknown origin: [0 5 4] , new: [5 6 7]
Known/Unknown in Train: 11500/6900
Known/Unknown in Val:   1750/1050
Known/Unknown in Test:  1750/1050
Client0 sample num: 1861
Client1 sample num: 2876
Client2 sample num: 2109
Client3 sample num: 533
Client4 sample num: 1312
Client5 sample num: 1125
Client6 sample num: 362
Client7 sample num: 1322

>>> Setting up
==> Building [Resnet18] model..
154
154
154
154
154
154
154
154
154
154
154
154
154
154
154
154
154
154
Train Client0 [0/30] LR=0.0001000 loss=1.441 ACC=95.097 F1=76.253 Rec=76.881 Prec=75.764
Train Client1 [0/30] LR=0.0001000 loss=0.960 ACC=98.747 F1=94.723 Rec=95.312 Prec=94.183
Train Client2 [0/30] LR=0.0001000 loss=1.300 ACC=95.960 F1=91.221 Rec=92.048 Prec=90.469
Train Client3 [0/30] LR=0.0001000 loss=2.195 ACC=96.591 F1=92.630 Rec=96.295 Prec=90.313
Train Client4 [0/30] LR=0.0001000 loss=1.698 ACC=96.265 F1=80.843 Rec=93.597 Prec=75.747
Train Client5 [0/30] LR=0.0001000 loss=1.709 ACC=97.589 F1=82.838 Rec=88.450 Prec=81.234
Train Client6 [0/30] LR=0.0001000 loss=2.422 ACC=89.167 F1=83.019 Rec=92.574 Prec=76.502
Train Client7 [0/30] LR=0.0001000 loss=1.720 ACC=95.076 F1=95.065 Rec=94.917 Prec=95.220

Test-  OSR [0/30] LR=0.0001000 ACC=59.643 F1=63.981 Rec=79.524 Prec=56.488 UNK=0.000 OS*=95.429 HOS=0.000 AUROC=76.324 AUPR=63.722 OSCR=74.788
Test-Close [0/30] LR=0.0001000 loss=1.771 ACC=95.429 F1=95.368 Rec=95.429 Prec=95.685

Saving best model . . . . . . . .

Train Client0 [1/30] LR=0.0001000 loss=0.535 ACC=95.905 F1=76.733 Rec=76.956 Prec=76.530
Train Client1 [1/30] LR=0.0001000 loss=0.278 ACC=98.921 F1=95.194 Rec=95.503 Prec=94.908
Train Client2 [1/30] LR=0.0001000 loss=0.584 ACC=96.340 F1=91.176 Rec=91.095 Prec=91.338
Train Client3 [1/30] LR=0.0001000 loss=0.642 ACC=97.917 F1=93.862 Rec=97.206 Prec=91.909
Train Client4 [1/30] LR=0.0001000 loss=0.542 ACC=98.018 F1=88.734 Rec=97.021 Prec=84.753
Train Client5 [1/30] LR=0.0001000 loss=0.524 ACC=97.054 F1=85.011 Rec=92.838 Prec=82.693
Train Client6 [1/30] LR=0.0001000 loss=1.059 ACC=90.556 F1=87.789 Rec=93.566 Prec=83.822
Train Client7 [1/30] LR=0.0001000 loss=0.716 ACC=95.000 F1=94.711 Rec=94.950 Prec=94.484

Test-  OSR [1/30] LR=0.0001000 ACC=59.786 F1=63.465 Rec=79.714 Prec=55.175 UNK=0.000 OS*=95.657 HOS=0.000 AUROC=67.829 AUPR=60.847 OSCR=65.644
Test-Close [1/30] LR=0.0001000 loss=1.883 ACC=95.657 F1=95.608 Rec=95.657 Prec=95.926

Train Client0 [2/30] LR=0.0001000 loss=0.467 ACC=94.720 F1=75.707 Rec=76.103 Prec=75.376
Train Client1 [2/30] LR=0.0001000 loss=0.193 ACC=98.851 F1=95.568 Rec=95.653 Prec=95.530
Train Client2 [2/30] LR=0.0001000 loss=0.464 ACC=96.863 F1=92.696 Rec=93.133 Prec=92.275
Train Client3 [2/30] LR=0.0001000 loss=0.463 ACC=96.402 F1=93.440 Rec=96.060 Prec=91.583
Train Client4 [2/30] LR=0.0001000 loss=0.502 ACC=97.256 F1=85.853 Rec=95.891 Prec=81.207
Train Client5 [2/30] LR=0.0001000 loss=0.321 ACC=98.214 F1=87.509 Rec=93.724 Prec=85.155
Train Client6 [2/30] LR=0.0001000 loss=0.796 ACC=89.167 F1=85.710 Rec=93.788 Prec=80.674
Train Client7 [2/30] LR=0.0001000 loss=0.588 ACC=94.697 F1=94.803 Rec=95.244 Prec=94.375

Test-  OSR [2/30] LR=0.0001000 ACC=59.607 F1=63.734 Rec=78.778 Prec=62.140 UNK=2.095 OS*=94.114 HOS=4.099 AUROC=65.714 AUPR=56.579 OSCR=63.387
Test-Close [2/30] LR=0.0001000 loss=1.960 ACC=95.771 F1=95.726 Rec=95.771 Prec=96.018

Train Client0 [3/30] LR=0.0001000 loss=0.452 ACC=95.043 F1=75.871 Rec=76.457 Prec=75.351
Train Client1 [3/30] LR=0.0001000 loss=0.187 ACC=98.538 F1=94.188 Rec=94.505 Prec=93.894
Train Client2 [3/30] LR=0.0001000 loss=0.465 ACC=97.053 F1=93.024 Rec=93.517 Prec=92.548
Train Client3 [3/30] LR=0.0001000 loss=0.382 ACC=96.970 F1=96.541 Rec=96.707 Prec=96.379
Train Client4 [3/30] LR=0.0001000 loss=0.496 ACC=98.171 F1=89.521 Rec=96.697 Prec=85.704
Train Client5 [3/30] LR=0.0001000 loss=0.263 ACC=97.768 F1=85.951 Rec=93.335 Prec=83.574
Train Client6 [3/30] LR=0.0001000 loss=0.996 ACC=87.778 F1=83.393 Rec=91.747 Prec=78.018
Train Client7 [3/30] LR=0.0001000 loss=0.558 ACC=94.773 F1=88.046 Rec=95.348 Prec=84.110

Test-  OSR [3/30] LR=0.0001000 ACC=59.964 F1=63.908 Rec=78.937 Prec=64.592 UNK=3.048 OS*=94.114 HOS=5.904 AUROC=66.326 AUPR=59.333 OSCR=63.687
Test-Close [3/30] LR=0.0001000 loss=1.968 ACC=95.429 F1=95.370 Rec=95.429 Prec=95.788

Train Client0 [4/30] LR=0.0001000 loss=0.425 ACC=95.043 F1=75.941 Rec=76.251 Prec=75.664
Train Client1 [4/30] LR=0.0001000 loss=0.142 ACC=99.060 F1=95.408 Rec=96.799 Prec=94.254
Train Client2 [4/30] LR=0.0001000 loss=0.483 ACC=96.625 F1=92.416 Rec=92.826 Prec=92.037
Train Client3 [4/30] LR=0.0001000 loss=0.333 ACC=97.348 F1=96.853 Rec=96.621 Prec=97.097
Train Client4 [4/30] LR=0.0001000 loss=0.531 ACC=97.256 F1=84.620 Rec=93.801 Prec=79.719
Train Client5 [4/30] LR=0.0001000 loss=0.281 ACC=97.768 F1=86.982 Rec=93.224 Prec=84.599
Train Client6 [4/30] LR=0.0001000 loss=1.007 ACC=87.500 F1=85.195 Rec=93.652 Prec=80.398
Train Client7 [4/30] LR=0.0001000 loss=0.531 ACC=95.455 F1=95.343 Rec=96.042 Prec=94.677

Test-  OSR [4/30] LR=0.0001000 ACC=60.250 F1=64.203 Rec=79.000 Prec=64.474 UNK=4.000 OS*=94.000 HOS=7.673 AUROC=66.540 AUPR=58.817 OSCR=64.028
Test-Close [4/30] LR=0.0001000 loss=2.000 ACC=95.714 F1=95.656 Rec=95.714 Prec=95.987

Train Client0 [5/30] LR=0.0001000 loss=0.382 ACC=95.582 F1=76.411 Rec=76.694 Prec=76.156
Train Client1 [5/30] LR=0.0001000 loss=0.151 ACC=98.816 F1=94.679 Rec=94.826 Prec=94.538
Train Client2 [5/30] LR=0.0001000 loss=0.447 ACC=96.768 F1=92.975 Rec=93.061 Prec=92.917
Train Client3 [5/30] LR=0.0001000 loss=0.395 ACC=97.159 F1=95.543 Rec=97.014 Prec=94.296
Train Client4 [5/30] LR=0.0001000 loss=0.535 ACC=97.180 F1=85.862 Rec=95.111 Prec=81.443
Train Client5 [5/30] LR=0.0001000 loss=0.218 ACC=98.036 F1=87.184 Rec=93.646 Prec=84.600
Train Client6 [5/30] LR=0.0001000 loss=0.976 ACC=86.389 F1=83.044 Rec=92.825 Prec=77.328
Train Client7 [5/30] LR=0.0001000 loss=0.517 ACC=95.530 F1=95.461 Rec=95.892 Prec=95.064

Test-  OSR [5/30] LR=0.0001000 ACC=60.893 F1=64.975 Rec=79.698 Prec=67.678 UNK=4.476 OS*=94.743 HOS=8.549 AUROC=64.045 AUPR=58.649 OSCR=61.875
Test-Close [5/30] LR=0.0001000 loss=1.996 ACC=95.714 F1=95.657 Rec=95.714 Prec=95.966

Train Client0 [6/30] LR=0.0001000 loss=0.453 ACC=95.205 F1=76.131 Rec=76.711 Prec=75.662
Train Client1 [6/30] LR=0.0001000 loss=0.274 ACC=98.747 F1=94.577 Rec=94.845 Prec=94.333
Train Client2 [6/30] LR=0.0001000 loss=0.468 ACC=97.006 F1=92.762 Rec=93.178 Prec=92.386
Train Client3 [6/30] LR=0.0001000 loss=0.393 ACC=96.212 F1=91.692 Rec=91.537 Prec=91.852
Train Client4 [6/30] LR=0.0001000 loss=0.571 ACC=97.027 F1=83.233 Rec=93.106 Prec=78.688
Train Client5 [6/30] LR=0.0001000 loss=0.259 ACC=98.125 F1=85.412 Rec=88.675 Prec=83.818
Train Client6 [6/30] LR=0.0001000 loss=1.063 ACC=87.500 F1=82.731 Rec=92.881 Prec=76.640
Train Client7 [6/30] LR=0.0001000 loss=0.479 ACC=95.985 F1=95.828 Rec=96.155 Prec=95.558

Test-  OSR [6/30] LR=0.0001000 ACC=57.286 F1=62.781 Rec=72.000 Prec=61.827 UNK=13.143 OS*=83.771 HOS=22.721 AUROC=54.716 AUPR=43.415 OSCR=51.796
Test-Close [6/30] LR=0.0001000 loss=2.129 ACC=96.400 F1=96.370 Rec=96.400 Prec=96.491

Train Client0 [7/30] LR=0.0001000 loss=0.495 ACC=95.528 F1=76.266 Rec=76.646 Prec=75.930
Train Client1 [7/30] LR=0.0001000 loss=0.341 ACC=98.712 F1=94.565 Rec=94.624 Prec=94.513
Train Client2 [7/30] LR=0.0001000 loss=0.462 ACC=97.148 F1=93.307 Rec=93.447 Prec=93.187
Train Client3 [7/30] LR=0.0001000 loss=0.350 ACC=97.538 F1=95.930 Rec=97.546 Prec=94.570
Train Client4 [7/30] LR=0.0001000 loss=0.580 ACC=97.409 F1=84.196 Rec=90.655 Prec=79.981
Train Client5 [7/30] LR=0.0001000 loss=0.329 ACC=97.857 F1=91.514 Rec=98.384 Prec=88.001
Train Client6 [7/30] LR=0.0001000 loss=0.930 ACC=90.556 F1=85.076 Rec=94.453 Prec=78.509
Train Client7 [7/30] LR=0.0001000 loss=0.484 ACC=95.455 F1=94.803 Rec=95.248 Prec=94.437

Test-  OSR [7/30] LR=0.0001000 ACC=57.821 F1=63.353 Rec=74.968 Prec=61.113 UNK=6.381 OS*=88.686 HOS=11.905 AUROC=49.314 AUPR=40.086 OSCR=47.671
Test-Close [7/30] LR=0.0001000 loss=2.080 ACC=96.286 F1=96.248 Rec=96.286 Prec=96.366

Train Client0 [8/30] LR=0.0001000 loss=0.458 ACC=95.851 F1=76.510 Rec=76.918 Prec=76.154
Train Client1 [8/30] LR=0.0001000 loss=0.389 ACC=98.364 F1=93.103 Rec=92.622 Prec=93.608
Train Client2 [8/30] LR=0.0001000 loss=0.464 ACC=97.291 F1=94.288 Rec=94.218 Prec=94.389
Train Client3 [8/30] LR=0.0001000 loss=0.451 ACC=97.348 F1=95.613 Rec=96.776 Prec=94.694
Train Client4 [8/30] LR=0.0001000 loss=0.587 ACC=96.875 F1=84.037 Rec=89.309 Prec=80.657
Train Client5 [8/30] LR=0.0001000 loss=0.318 ACC=98.036 F1=94.402 Rec=98.543 Prec=91.602
Train Client6 [8/30] LR=0.0001000 loss=0.997 ACC=85.278 F1=83.523 Rec=91.590 Prec=79.738
Train Client7 [8/30] LR=0.0001000 loss=0.482 ACC=95.530 F1=95.383 Rec=95.829 Prec=95.009

Test-  OSR [8/30] LR=0.0001000 ACC=58.179 F1=63.261 Rec=74.111 Prec=60.583 UNK=10.381 OS*=86.857 HOS=18.545 AUROC=61.184 AUPR=48.782 OSCR=58.567
Test-Close [8/30] LR=0.0001000 loss=2.089 ACC=96.571 F1=96.556 Rec=96.571 Prec=96.603

Train Client0 [9/30] LR=0.0001000 loss=0.487 ACC=95.690 F1=76.417 Rec=76.779 Prec=76.091
Train Client1 [9/30] LR=0.0001000 loss=0.372 ACC=98.747 F1=94.476 Rec=94.439 Prec=94.515
Train Client2 [9/30] LR=0.0001000 loss=0.458 ACC=96.388 F1=91.325 Rec=90.888 Prec=91.864
Train Client3 [9/30] LR=0.0001000 loss=0.421 ACC=96.591 F1=90.162 Rec=90.072 Prec=90.255
Train Client4 [9/30] LR=0.0001000 loss=0.526 ACC=97.485 F1=83.857 Rec=88.847 Prec=81.021
Train Client5 [9/30] LR=0.0001000 loss=0.262 ACC=98.482 F1=88.938 Rec=93.835 Prec=86.546
Train Client6 [9/30] LR=0.0001000 loss=0.967 ACC=87.500 F1=80.936 Rec=88.246 Prec=75.979
Train Client7 [9/30] LR=0.0001000 loss=0.511 ACC=95.833 F1=95.284 Rec=95.484 Prec=95.090

Test-  OSR [9/30] LR=0.0001000 ACC=59.679 F1=64.303 Rec=78.619 Prec=61.647 UNK=2.857 OS*=93.771 HOS=5.545 AUROC=52.705 AUPR=43.163 OSCR=51.704
Test-Close [9/30] LR=0.0001000 loss=1.951 ACC=96.743 F1=96.716 Rec=96.743 Prec=96.803

Train Client0 [10/30] LR=0.0001000 loss=0.449 ACC=94.935 F1=94.617 Rec=95.150 Prec=94.151
Train Client1 [10/30] LR=0.0001000 loss=0.326 ACC=98.677 F1=95.547 Rec=95.229 Prec=95.876
Train Client2 [10/30] LR=0.0001000 loss=0.490 ACC=97.196 F1=93.947 Rec=94.090 Prec=93.840
Train Client3 [10/30] LR=0.0001000 loss=0.551 ACC=97.348 F1=95.409 Rec=96.678 Prec=94.433
Train Client4 [10/30] LR=0.0001000 loss=0.532 ACC=97.942 F1=89.547 Rec=95.096 Prec=86.340
Train Client5 [10/30] LR=0.0001000 loss=0.353 ACC=98.482 F1=93.325 Rec=98.670 Prec=90.318
Train Client6 [10/30] LR=0.0001000 loss=1.107 ACC=88.333 F1=85.539 Rec=91.506 Prec=81.828
Train Client7 [10/30] LR=0.0001000 loss=0.602 ACC=95.303 F1=94.735 Rec=94.111 Prec=95.396

Test-  OSR [10/30] LR=0.0001000 ACC=60.607 F1=64.497 Rec=80.365 Prec=62.594 UNK=1.333 OS*=96.171 HOS=2.630 AUROC=56.733 AUPR=46.461 OSCR=55.938
Test-Close [10/30] LR=0.0001000 loss=1.920 ACC=96.857 F1=96.838 Rec=96.857 Prec=96.906

Train Client0 [11/30] LR=0.0001000 loss=0.439 ACC=95.312 F1=76.031 Rec=76.318 Prec=75.770
Train Client1 [11/30] LR=0.0001000 loss=0.368 ACC=98.781 F1=95.694 Rec=95.097 Prec=96.327
Train Client2 [11/30] LR=0.0001000 loss=0.512 ACC=96.483 F1=91.814 Rec=92.535 Prec=91.117
Train Client3 [11/30] LR=0.0001000 loss=0.588 ACC=96.212 F1=92.820 Rec=92.515 Prec=93.165
Train Client4 [11/30] LR=0.0001000 loss=0.546 ACC=97.713 F1=83.937 Rec=85.703 Prec=82.468
Train Client5 [11/30] LR=0.0001000 loss=0.312 ACC=98.482 F1=87.623 Rec=93.907 Prec=85.215
Train Client6 [11/30] LR=0.0001000 loss=1.027 ACC=87.500 F1=81.949 Rec=88.339 Prec=77.598
Train Client7 [11/30] LR=0.0001000 loss=0.605 ACC=96.288 F1=96.350 Rec=95.786 Prec=96.944

Test-  OSR [11/30] LR=0.0001000 ACC=58.964 F1=64.328 Rec=73.857 Prec=63.467 UNK=14.286 OS*=85.771 HOS=24.492 AUROC=52.319 AUPR=42.605 OSCR=49.806
Test-Close [11/30] LR=0.0001000 loss=2.114 ACC=96.229 F1=96.186 Rec=96.229 Prec=96.345

Train Client0 [12/30] LR=0.0001000 loss=0.423 ACC=95.312 F1=95.049 Rec=95.755 Prec=94.443
Train Client1 [12/30] LR=0.0001000 loss=0.428 ACC=98.329 F1=92.927 Rec=92.044 Prec=93.922
Train Client2 [12/30] LR=0.0001000 loss=0.569 ACC=96.721 F1=92.967 Rec=93.760 Prec=92.210
Train Client3 [12/30] LR=0.0001000 loss=0.657 ACC=96.780 F1=93.879 Rec=96.488 Prec=91.993
Train Client4 [12/30] LR=0.0001000 loss=0.601 ACC=96.799 F1=83.999 Rec=91.764 Prec=80.760
Train Client5 [12/30] LR=0.0001000 loss=0.486 ACC=97.768 F1=88.350 Rec=93.323 Prec=85.883
Train Client6 [12/30] LR=0.0001000 loss=1.074 ACC=86.667 F1=79.438 Rec=87.439 Prec=74.665
Train Client7 [12/30] LR=0.0001000 loss=0.682 ACC=95.682 F1=95.759 Rec=95.798 Prec=95.739

Test-  OSR [12/30] LR=0.0001000 ACC=59.143 F1=64.037 Rec=75.714 Prec=61.831 UNK=9.429 OS*=88.971 HOS=17.050 AUROC=58.829 AUPR=46.448 OSCR=56.882
Test-Close [12/30] LR=0.0001000 loss=2.103 ACC=96.057 F1=96.014 Rec=96.057 Prec=96.206

Train Client0 [13/30] LR=0.0001000 loss=0.426 ACC=95.259 F1=75.998 Rec=76.386 Prec=75.643
Train Client1 [13/30] LR=0.0001000 loss=0.426 ACC=98.468 F1=94.315 Rec=93.522 Prec=95.215
Train Client2 [13/30] LR=0.0001000 loss=0.430 ACC=97.053 F1=93.801 Rec=93.694 Prec=93.970
Train Client3 [13/30] LR=0.0001000 loss=0.512 ACC=96.402 F1=91.703 Rec=92.816 Prec=90.823
Train Client4 [13/30] LR=0.0001000 loss=0.533 ACC=98.323 F1=91.202 Rec=95.984 Prec=88.293
Train Client5 [13/30] LR=0.0001000 loss=0.280 ACC=97.768 F1=82.416 Rec=83.362 Prec=81.803
Train Client6 [13/30] LR=0.0001000 loss=1.046 ACC=87.500 F1=83.873 Rec=89.084 Prec=80.773
Train Client7 [13/30] LR=0.0001000 loss=0.520 ACC=95.379 F1=94.928 Rec=93.921 Prec=96.038

Test-  OSR [13/30] LR=0.0001000 ACC=54.964 F1=58.891 Rec=65.635 Prec=64.691 UNK=22.952 OS*=74.171 HOS=35.057 AUROC=50.358 AUPR=38.810 OSCR=45.647
Test-Close [13/30] LR=0.0001000 loss=2.211 ACC=96.171 F1=96.138 Rec=96.171 Prec=96.296

Train Client0 [14/30] LR=0.0001000 loss=0.375 ACC=95.690 F1=76.452 Rec=76.983 Prec=76.004
Train Client1 [14/30] LR=0.0001000 loss=0.433 ACC=98.294 F1=94.239 Rec=94.212 Prec=94.267
Train Client2 [14/30] LR=0.0001000 loss=0.398 ACC=96.435 F1=91.835 Rec=91.561 Prec=92.158
Train Client3 [14/30] LR=0.0001000 loss=0.300 ACC=96.780 F1=96.008 Rec=96.081 Prec=95.938
Train Client4 [14/30] LR=0.0001000 loss=0.554 ACC=97.485 F1=85.492 Rec=91.434 Prec=81.935
Train Client5 [14/30] LR=0.0001000 loss=0.248 ACC=98.214 F1=88.825 Rec=93.710 Prec=86.441
Train Client6 [14/30] LR=0.0001000 loss=1.016 ACC=89.167 F1=83.183 Rec=87.702 Prec=80.028
Train Client7 [14/30] LR=0.0001000 loss=0.492 ACC=95.606 F1=96.157 Rec=96.172 Prec=96.150

Test-  OSR [14/30] LR=0.0001000 ACC=50.643 F1=52.706 Rec=59.810 Prec=63.893 UNK=23.143 OS*=67.143 HOS=34.421 AUROC=46.698 AUPR=34.824 OSCR=41.564
Test-Close [14/30] LR=0.0001000 loss=2.290 ACC=96.000 F1=95.943 Rec=96.000 Prec=96.216

Train Client0 [15/30] LR=0.0001000 loss=0.324 ACC=96.067 F1=76.719 Rec=77.047 Prec=76.424
Train Client1 [15/30] LR=0.0001000 loss=0.358 ACC=98.294 F1=91.302 Rec=90.286 Prec=92.521
Train Client2 [15/30] LR=0.0001000 loss=0.437 ACC=96.293 F1=91.856 Rec=92.378 Prec=91.360
Train Client3 [15/30] LR=0.0001000 loss=0.342 ACC=96.591 F1=91.805 Rec=92.940 Prec=90.864
Train Client4 [15/30] LR=0.0001000 loss=0.533 ACC=97.485 F1=85.323 Rec=91.823 Prec=81.571
Train Client5 [15/30] LR=0.0001000 loss=0.219 ACC=97.768 F1=86.446 Rec=88.355 Prec=85.205
Train Client6 [15/30] LR=0.0001000 loss=0.923 ACC=90.000 F1=84.457 Rec=89.656 Prec=80.506
Train Client7 [15/30] LR=0.0001000 loss=0.456 ACC=95.758 F1=75.806 Rec=75.536 Prec=76.097

Test-  OSR [15/30] LR=0.0001000 ACC=36.821 F1=30.749 Rec=33.889 Prec=48.589 UNK=45.619 OS*=31.543 HOS=37.297 AUROC=41.566 AUPR=32.294 OSCR=23.166
Test-Close [15/30] LR=0.0001000 loss=2.856 ACC=96.400 F1=96.376 Rec=96.400 Prec=96.503

Train Client0 [16/30] LR=0.0001000 loss=0.350 ACC=95.259 F1=76.078 Rec=76.196 Prec=75.968
Train Client1 [16/30] LR=0.0001000 loss=0.427 ACC=98.538 F1=94.002 Rec=92.985 Prec=95.180
Train Client2 [16/30] LR=0.0001000 loss=0.450 ACC=96.340 F1=91.005 Rec=90.912 Prec=91.152
Train Client3 [16/30] LR=0.0001000 loss=0.371 ACC=97.348 F1=96.913 Rec=96.925 Prec=96.905
Train Client4 [16/30] LR=0.0001000 loss=0.579 ACC=96.799 F1=86.087 Rec=91.807 Prec=82.133
Train Client5 [16/30] LR=0.0001000 loss=0.317 ACC=97.946 F1=85.991 Rec=88.649 Prec=84.506
Train Client6 [16/30] LR=0.0001000 loss=0.915 ACC=91.389 F1=88.776 Rec=93.208 Prec=85.684
Train Client7 [16/30] LR=0.0001000 loss=0.470 ACC=95.758 F1=95.849 Rec=94.824 Prec=96.976

Test-  OSR [16/30] LR=0.0001000 ACC=46.286 F1=44.704 Rec=50.889 Prec=62.283 UNK=32.476 OS*=54.571 HOS=40.720 AUROC=52.323 AUPR=37.846 OSCR=42.626
Test-Close [16/30] LR=0.0001000 loss=2.476 ACC=95.771 F1=95.711 Rec=95.771 Prec=95.924

Train Client0 [17/30] LR=0.0001000 loss=0.374 ACC=95.744 F1=76.441 Rec=76.871 Prec=76.054
Train Client1 [17/30] LR=0.0001000 loss=0.485 ACC=97.841 F1=92.422 Rec=91.863 Prec=93.035
Train Client2 [17/30] LR=0.0001000 loss=0.449 ACC=96.435 F1=92.102 Rec=92.262 Prec=91.990
Train Client3 [17/30] LR=0.0001000 loss=0.437 ACC=95.455 F1=92.071 Rec=94.672 Prec=90.190
Train Client4 [17/30] LR=0.0001000 loss=0.571 ACC=97.256 F1=83.261 Rec=86.229 Prec=81.445
Train Client5 [17/30] LR=0.0001000 loss=0.238 ACC=98.304 F1=90.217 Rec=88.837 Prec=92.073
Train Client6 [17/30] LR=0.0001000 loss=0.865 ACC=88.889 F1=83.778 Rec=85.670 Prec=82.564
Train Client7 [17/30] LR=0.0001000 loss=0.403 ACC=96.136 F1=95.760 Rec=95.284 Prec=96.269

Test-  OSR [17/30] LR=0.0001000 ACC=46.250 F1=44.861 Rec=50.429 Prec=62.170 UNK=33.714 OS*=53.771 HOS=41.444 AUROC=50.305 AUPR=38.190 OSCR=38.830
Test-Close [17/30] LR=0.0001000 loss=2.491 ACC=96.171 F1=96.127 Rec=96.171 Prec=96.362

Train Client0 [18/30] LR=0.0001000 loss=0.349 ACC=95.690 F1=76.364 Rec=76.596 Prec=76.143
Train Client1 [18/30] LR=0.0001000 loss=0.491 ACC=98.155 F1=93.244 Rec=93.487 Prec=93.027
Train Client2 [18/30] LR=0.0001000 loss=0.424 ACC=96.103 F1=91.617 Rec=91.356 Prec=91.932
Train Client3 [18/30] LR=0.0001000 loss=0.392 ACC=96.780 F1=95.011 Rec=96.273 Prec=94.038
Train Client4 [18/30] LR=0.0001000 loss=0.562 ACC=97.332 F1=86.699 Rec=90.742 Prec=83.824
Train Client5 [18/30] LR=0.0001000 loss=0.229 ACC=97.768 F1=86.152 Rec=87.864 Prec=85.118
Train Client6 [18/30] LR=0.0001000 loss=0.947 ACC=89.722 F1=83.978 Rec=87.943 Prec=81.031
Train Client7 [18/30] LR=0.0001000 loss=0.450 ACC=95.606 F1=88.723 Rec=95.147 Prec=85.658

Test-  OSR [18/30] LR=0.0001000 ACC=45.786 F1=44.962 Rec=50.349 Prec=59.199 UNK=32.095 OS*=54.000 HOS=40.261 AUROC=52.271 AUPR=38.451 OSCR=41.429
Test-Close [18/30] LR=0.0001000 loss=2.466 ACC=96.114 F1=96.070 Rec=96.114 Prec=96.252

Train Client0 [19/30] LR=0.0001000 loss=0.338 ACC=95.474 F1=76.187 Rec=76.330 Prec=76.048
Train Client1 [19/30] LR=0.0001000 loss=0.231 ACC=98.712 F1=94.424 Rec=94.655 Prec=94.201
Train Client2 [19/30] LR=0.0001000 loss=0.423 ACC=96.388 F1=92.125 Rec=92.384 Prec=91.904
Train Client3 [19/30] LR=0.0001000 loss=0.347 ACC=97.348 F1=96.989 Rec=96.775 Prec=97.237
Train Client4 [19/30] LR=0.0001000 loss=0.524 ACC=97.866 F1=89.096 Rec=92.337 Prec=86.627
Train Client5 [19/30] LR=0.0001000 loss=0.278 ACC=98.482 F1=94.685 Rec=98.700 Prec=92.005
Train Client6 [19/30] LR=0.0001000 loss=0.896 ACC=91.944 F1=88.774 Rec=91.251 Prec=86.853
Train Client7 [19/30] LR=0.0001000 loss=0.457 ACC=95.000 F1=87.297 Rec=93.269 Prec=84.718

Test-  OSR [19/30] LR=0.0001000 ACC=30.964 F1=20.430 Rec=23.667 Prec=56.322 UNK=52.857 OS*=17.829 HOS=26.664 AUROC=39.464 AUPR=32.374 OSCR=13.410
Test-Close [19/30] LR=0.0001000 loss=2.968 ACC=96.286 F1=96.257 Rec=96.286 Prec=96.391

Train Client0 [20/30] LR=0.0001000 loss=0.360 ACC=95.312 F1=94.929 Rec=95.485 Prec=94.432
Train Client1 [20/30] LR=0.0001000 loss=0.157 ACC=98.642 F1=94.411 Rec=94.266 Prec=94.559
Train Client2 [20/30] LR=0.0001000 loss=0.413 ACC=96.768 F1=92.878 Rec=92.279 Prec=93.646
Train Client3 [20/30] LR=0.0001000 loss=0.250 ACC=97.348 F1=95.043 Rec=96.754 Prec=93.660
Train Client4 [20/30] LR=0.0001000 loss=0.543 ACC=97.485 F1=85.103 Rec=91.478 Prec=82.013
Train Client5 [20/30] LR=0.0001000 loss=0.173 ACC=98.482 F1=87.769 Rec=88.921 Prec=86.840
Train Client6 [20/30] LR=0.0001000 loss=1.068 ACC=86.111 F1=78.850 Rec=83.547 Prec=76.301
Train Client7 [20/30] LR=0.0001000 loss=0.442 ACC=96.212 F1=96.100 Rec=95.558 Prec=96.688

Test-  OSR [20/30] LR=0.0001000 ACC=25.714 F1=10.177 Rec=13.746 Prec=51.186 UNK=61.619 OS*=4.171 HOS=7.814 AUROC=37.973 AUPR=32.671 OSCR=3.667
Test-Close [20/30] LR=0.0001000 loss=3.155 ACC=96.286 F1=96.251 Rec=96.286 Prec=96.419

Train Client0 [21/30] LR=0.0001000 loss=0.344 ACC=95.744 F1=76.345 Rec=76.701 Prec=76.025
Train Client1 [21/30] LR=0.0001000 loss=0.162 ACC=98.677 F1=95.663 Rec=95.813 Prec=95.548
Train Client2 [21/30] LR=0.0001000 loss=0.497 ACC=95.532 F1=90.331 Rec=89.914 Prec=90.884
Train Client3 [21/30] LR=0.0001000 loss=0.412 ACC=96.780 F1=91.115 Rec=92.990 Prec=89.877
Train Client4 [21/30] LR=0.0001000 loss=0.559 ACC=97.027 F1=82.119 Rec=88.381 Prec=79.718
Train Client5 [21/30] LR=0.0001000 loss=0.244 ACC=97.946 F1=82.939 Rec=83.458 Prec=82.531
Train Client6 [21/30] LR=0.0001000 loss=0.983 ACC=88.056 F1=84.746 Rec=88.849 Prec=81.999
Train Client7 [21/30] LR=0.0001000 loss=0.467 ACC=95.152 F1=94.014 Rec=93.806 Prec=94.234

Test-  OSR [21/30] LR=0.0001000 ACC=30.286 F1=15.323 Rec=19.270 Prec=46.660 UNK=63.333 OS*=10.457 HOS=17.950 AUROC=41.062 AUPR=32.301 OSCR=8.988
Test-Close [21/30] LR=0.0001000 loss=3.139 ACC=96.286 F1=96.251 Rec=96.286 Prec=96.432

Train Client0 [22/30] LR=0.0001000 loss=0.369 ACC=95.636 F1=95.322 Rec=95.811 Prec=94.868
Train Client1 [22/30] LR=0.0001000 loss=0.194 ACC=98.642 F1=93.116 Rec=93.736 Prec=92.569
Train Client2 [22/30] LR=0.0001000 loss=0.343 ACC=97.006 F1=92.922 Rec=92.169 Prec=93.887
Train Client3 [22/30] LR=0.0001000 loss=0.248 ACC=97.159 F1=95.196 Rec=96.670 Prec=93.946
Train Client4 [22/30] LR=0.0001000 loss=0.564 ACC=96.723 F1=81.608 Rec=85.382 Prec=79.046
Train Client5 [22/30] LR=0.0001000 loss=0.180 ACC=98.304 F1=83.857 Rec=83.857 Prec=83.857
Train Client6 [22/30] LR=0.0001000 loss=0.984 ACC=90.278 F1=85.586 Rec=87.757 Prec=84.907
Train Client7 [22/30] LR=0.0001000 loss=0.423 ACC=96.061 F1=95.726 Rec=95.206 Prec=96.289

Test-  OSR [22/30] LR=0.0001000 ACC=32.857 F1=24.301 Rec=24.889 Prec=51.730 UNK=56.762 OS*=18.514 HOS=27.921 AUROC=40.897 AUPR=34.505 OSCR=15.748
Test-Close [22/30] LR=0.0001000 loss=3.070 ACC=96.343 F1=96.316 Rec=96.343 Prec=96.418

Train Client0 [23/30] LR=0.0001000 loss=0.376 ACC=95.259 F1=75.931 Rec=76.112 Prec=75.765
Train Client1 [23/30] LR=0.0001000 loss=0.186 ACC=98.189 F1=92.324 Rec=91.698 Prec=93.001
Train Client2 [23/30] LR=0.0001000 loss=0.407 ACC=95.960 F1=91.750 Rec=92.051 Prec=91.478
Train Client3 [23/30] LR=0.0001000 loss=0.376 ACC=97.348 F1=95.791 Rec=96.780 Prec=95.072
Train Client4 [23/30] LR=0.0001000 loss=0.549 ACC=97.027 F1=82.108 Rec=86.919 Prec=79.448
Train Client5 [23/30] LR=0.0001000 loss=0.166 ACC=98.482 F1=89.851 Rec=93.832 Prec=87.624
Train Client6 [23/30] LR=0.0001000 loss=1.006 ACC=87.778 F1=81.428 Rec=82.819 Prec=80.413
Train Client7 [23/30] LR=0.0001000 loss=0.477 ACC=96.515 F1=89.555 Rec=95.636 Prec=86.841

Test-  OSR [23/30] LR=0.0001000 ACC=28.464 F1=15.284 Rec=16.143 Prec=70.879 UNK=65.429 OS*=6.286 HOS=11.470 AUROC=41.386 AUPR=33.349 OSCR=5.555
Test-Close [23/30] LR=0.0001000 loss=3.063 ACC=96.114 F1=96.072 Rec=96.114 Prec=96.293

Train Client0 [24/30] LR=0.0001000 loss=0.386 ACC=95.797 F1=76.552 Rec=76.936 Prec=76.215
Train Client1 [24/30] LR=0.0001000 loss=0.371 ACC=98.747 F1=94.899 Rec=93.676 Prec=96.369
Train Client2 [24/30] LR=0.0001000 loss=0.470 ACC=96.530 F1=91.812 Rec=92.009 Prec=91.658
Train Client3 [24/30] LR=0.0001000 loss=0.293 ACC=97.538 F1=97.207 Rec=96.911 Prec=97.535
Train Client4 [24/30] LR=0.0001000 loss=0.525 ACC=97.180 F1=84.752 Rec=88.263 Prec=81.945
Train Client5 [24/30] LR=0.0001000 loss=0.229 ACC=97.946 F1=84.251 Rec=83.651 Prec=85.092
Train Client6 [24/30] LR=0.0001000 loss=0.877 ACC=89.444 F1=86.051 Rec=89.523 Prec=83.580
Train Client7 [24/30] LR=0.0001000 loss=0.495 ACC=95.985 F1=95.872 Rec=95.452 Prec=96.303

Test-  OSR [24/30] LR=0.0001000 ACC=25.143 F1=18.940 Rec=17.524 Prec=40.991 UNK=48.000 OS*=11.429 HOS=18.462 AUROC=42.021 AUPR=37.531 OSCR=9.104
Test-Close [24/30] LR=0.0001000 loss=2.831 ACC=96.286 F1=96.254 Rec=96.286 Prec=96.460

Train Client0 [25/30] LR=0.0001000 loss=0.392 ACC=95.528 F1=95.313 Rec=95.731 Prec=94.936
Train Client1 [25/30] LR=0.0001000 loss=0.414 ACC=98.364 F1=92.645 Rec=92.135 Prec=93.185
Train Client2 [25/30] LR=0.0001000 loss=0.483 ACC=96.340 F1=91.882 Rec=91.384 Prec=92.476
Train Client3 [25/30] LR=0.0001000 loss=0.412 ACC=96.212 F1=90.336 Rec=88.614 Prec=92.478
Train Client4 [25/30] LR=0.0001000 loss=0.498 ACC=98.323 F1=91.806 Rec=97.024 Prec=88.440
Train Client5 [25/30] LR=0.0001000 loss=0.193 ACC=97.946 F1=89.499 Rec=93.385 Prec=87.371
Train Client6 [25/30] LR=0.0001000 loss=0.866 ACC=89.167 F1=85.229 Rec=88.088 Prec=83.073
Train Client7 [25/30] LR=0.0001000 loss=0.438 ACC=96.061 F1=95.475 Rec=94.565 Prec=96.465

Test-  OSR [25/30] LR=0.0001000 ACC=35.893 F1=22.596 Rec=22.524 Prec=46.510 UNK=76.000 OS*=11.829 HOS=20.471 AUROC=52.287 AUPR=37.420 OSCR=10.967
Test-Close [25/30] LR=0.0001000 loss=2.916 ACC=96.171 F1=96.140 Rec=96.171 Prec=96.350

Train Client0 [26/30] LR=0.0001000 loss=0.472 ACC=95.474 F1=76.207 Rec=76.605 Prec=75.843
Train Client1 [26/30] LR=0.0001000 loss=0.325 ACC=98.085 F1=91.321 Rec=90.303 Prec=92.544
Train Client2 [26/30] LR=0.0001000 loss=0.483 ACC=96.055 F1=90.386 Rec=90.137 Prec=90.683
Train Client3 [26/30] LR=0.0001000 loss=0.424 ACC=96.402 F1=95.488 Rec=94.986 Prec=96.068
Train Client4 [26/30] LR=0.0001000 loss=0.549 ACC=97.637 F1=88.397 Rec=91.091 Prec=86.370
Train Client5 [26/30] LR=0.0001000 loss=0.217 ACC=98.304 F1=89.622 Rec=93.792 Prec=87.211
Train Client6 [26/30] LR=0.0001000 loss=0.891 ACC=87.778 F1=79.142 Rec=85.162 Prec=75.342
Train Client7 [26/30] LR=0.0001000 loss=0.455 ACC=95.152 F1=94.660 Rec=94.122 Prec=95.230

Test-  OSR [26/30] LR=0.0001000 ACC=33.179 F1=15.165 Rec=17.857 Prec=48.318 UNK=79.143 OS*=5.600 HOS=10.460 AUROC=54.991 AUPR=42.820 OSCR=5.360
Test-Close [26/30] LR=0.0001000 loss=2.930 ACC=96.229 F1=96.184 Rec=96.229 Prec=96.385

Train Client0 [27/30] LR=0.0001000 loss=0.333 ACC=95.582 F1=76.295 Rec=76.620 Prec=76.004
Train Client1 [27/30] LR=0.0001000 loss=0.236 ACC=98.050 F1=92.182 Rec=91.823 Prec=92.594
Train Client2 [27/30] LR=0.0001000 loss=0.385 ACC=97.053 F1=93.580 Rec=93.020 Prec=94.242
Train Client3 [27/30] LR=0.0001000 loss=0.332 ACC=97.538 F1=95.817 Rec=97.065 Prec=94.803
Train Client4 [27/30] LR=0.0001000 loss=0.516 ACC=97.409 F1=84.632 Rec=88.191 Prec=82.866
Train Client5 [27/30] LR=0.0001000 loss=0.199 ACC=97.679 F1=82.760 Rec=83.304 Prec=82.328
Train Client6 [27/30] LR=0.0001000 loss=0.793 ACC=90.000 F1=83.384 Rec=89.372 Prec=78.968
Train Client7 [27/30] LR=0.0001000 loss=0.412 ACC=95.530 F1=75.185 Rec=74.683 Prec=75.731

Test-  OSR [27/30] LR=0.0001000 ACC=37.679 F1=9.663 Rec=16.937 Prec=31.260 UNK=99.905 OS*=0.343 HOS=0.683 AUROC=55.132 AUPR=38.903 OSCR=0.343
Test-Close [27/30] LR=0.0001000 loss=3.366 ACC=96.343 F1=96.316 Rec=96.343 Prec=96.570

Train Client0 [28/30] LR=0.0001000 loss=0.356 ACC=95.744 F1=76.394 Rec=76.926 Prec=75.925
Train Client1 [28/30] LR=0.0001000 loss=0.201 ACC=98.468 F1=93.202 Rec=92.528 Prec=93.972
Train Client2 [28/30] LR=0.0001000 loss=0.418 ACC=96.198 F1=91.428 Rec=90.174 Prec=93.227
Train Client3 [28/30] LR=0.0001000 loss=0.366 ACC=96.402 F1=92.889 Rec=92.480 Prec=93.332
Train Client4 [28/30] LR=0.0001000 loss=0.383 ACC=97.180 F1=83.991 Rec=87.937 Prec=81.827
Train Client5 [28/30] LR=0.0001000 loss=0.228 ACC=98.036 F1=86.574 Rec=88.539 Prec=85.276
Train Client6 [28/30] LR=0.0001000 loss=0.915 ACC=88.889 F1=83.877 Rec=85.365 Prec=82.960
Train Client7 [28/30] LR=0.0001000 loss=0.457 ACC=95.833 F1=96.084 Rec=95.787 Prec=96.406

Test-  OSR [28/30] LR=0.0001000 ACC=37.214 F1=12.014 Rec=17.746 Prec=27.621 UNK=95.619 OS*=2.171 HOS=4.246 AUROC=53.471 AUPR=37.732 OSCR=2.149
Test-Close [28/30] LR=0.0001000 loss=3.146 ACC=96.286 F1=96.255 Rec=96.286 Prec=96.468

Train Client0 [29/30] LR=0.0001000 loss=0.319 ACC=96.013 F1=76.631 Rec=77.115 Prec=76.199
Train Client1 [29/30] LR=0.0001000 loss=0.144 ACC=98.572 F1=93.479 Rec=93.136 Prec=93.844
Train Client2 [29/30] LR=0.0001000 loss=0.379 ACC=96.578 F1=91.886 Rec=91.175 Prec=92.893
Train Client3 [29/30] LR=0.0001000 loss=0.253 ACC=97.538 F1=93.012 Rec=94.185 Prec=92.047
Train Client4 [29/30] LR=0.0001000 loss=0.361 ACC=97.485 F1=84.106 Rec=90.049 Prec=80.800
Train Client5 [29/30] LR=0.0001000 loss=0.164 ACC=98.304 F1=82.892 Rec=83.832 Prec=82.286
Train Client6 [29/30] LR=0.0001000 loss=0.933 ACC=89.722 F1=85.909 Rec=90.129 Prec=82.864
Train Client7 [29/30] LR=0.0001000 loss=0.427 ACC=95.530 F1=95.041 Rec=95.009 Prec=95.101

Test-  OSR [29/30] LR=0.0001000 ACC=37.464 F1=9.085 Rec=16.651 Prec=6.246 UNK=99.905 OS*=0.000 HOS=0.000 AUROC=40.108 AUPR=29.971 OSCR=0.000
Test-Close [29/30] LR=0.0001000 loss=4.218 ACC=96.514 F1=96.490 Rec=96.514 Prec=96.633

------>Best performance (by OSCR)--->>>>>>>

Test-  OSR [0/30] LR=0.0001000 ACC=59.643 F1=63.981 Rec=79.524 Prec=56.488 UNK=0.000 OS*=95.429 HOS=0.000 AUROC=76.324 AUPR=63.722 OSCR=74.788
Test-Close [0/30] LR=0.0001000 loss=1.771 ACC=95.429 F1=95.368 Rec=95.429 Prec=95.685
=====================================================================================================================================
The ending time ：2026-06-03 02:41:14
