Logging to: ./logs/RetinalOCT_Finetune_K5_U3_seed0_20260529_160842.log
==> Preparing data..
Known class list: [6 2 1 7 3] Unknown class list [0 5 4]
Total images — Train: 18400, Val: 2800, Test: 2800
{6: 0, 2: 1, 1: 2, 7: 3, 3: 4} {0: 5, 5: 6, 4: 7}
Known origin: [6 2 1 7 3] , new: [0 1 2 3 4]
Unknown origin: [0 5 4] , new: [5 6 7]
Known/Unknown in Train: 11500/6900
Known/Unknown in Val:   1750/1050
Known/Unknown in Test:  1750/1050
DataLoader settings: num_workers=0, pin_memory=False, prefetch_factor=disabled
Client0 sample num: 1861
Client1 sample num: 2876
Client2 sample num: 2109
Client3 sample num: 533
Client4 sample num: 1312
Client5 sample num: 1125
Client6 sample num: 362
Client7 sample num: 1322

>>> Setting up
==> Building [Resnet18] model..
154
154
154
154
154
154
154
154
154
154
154
154
154
154
154
154
154
154
Train Client0 [0/30] LR=0.0001000 loss=17.245 ACC=95.151 F1=76.337 Rec=76.856 Prec=75.933
Train Client1 [0/30] LR=0.0001000 loss=12.306 ACC=98.329 F1=93.032 Rec=92.771 Prec=93.302
Train Client2 [0/30] LR=0.0001000 loss=15.060 ACC=96.055 F1=90.915 Rec=92.804 Prec=89.456
Train Client3 [0/30] LR=0.0001000 loss=25.638 ACC=96.591 F1=93.341 Rec=96.482 Prec=90.953
Train Client4 [0/30] LR=0.0001000 loss=18.740 ACC=97.104 F1=83.540 Rec=89.851 Prec=80.235
Train Client5 [0/30] LR=0.0001000 loss=21.162 ACC=97.589 F1=85.147 Rec=93.269 Prec=82.982
Train Client6 [0/30] LR=0.0001000 loss=27.006 ACC=84.167 F1=78.632 Rec=92.223 Prec=71.754
Train Client7 [0/30] LR=0.0001000 loss=19.844 ACC=91.818 F1=80.761 Rec=92.855 Prec=75.729

Test-  OSR [0/30] LR=0.0001000 ACC=59.893 F1=62.922 Rec=79.857 Prec=53.932 UNK=0.000 OS*=95.829 HOS=0.000 AUROC=80.114 AUPR=66.375 OSCR=78.683
Test-Close [0/30] LR=0.0001000 loss=1.775 ACC=95.829 F1=95.779 Rec=95.829 Prec=95.958

Saving best model . . . . . . . .

Train Client0 [1/30] LR=0.0001000 loss=2.750 ACC=94.397 F1=75.805 Rec=76.201 Prec=75.476
Train Client1 [1/30] LR=0.0001000 loss=1.703 ACC=97.911 F1=93.594 Rec=94.519 Prec=92.754
Train Client2 [1/30] LR=0.0001000 loss=2.189 ACC=95.770 F1=90.826 Rec=92.616 Prec=89.324
Train Client3 [1/30] LR=0.0001000 loss=5.994 ACC=96.780 F1=92.665 Rec=96.408 Prec=90.281
Train Client4 [1/30] LR=0.0001000 loss=2.895 ACC=97.561 F1=83.926 Rec=89.041 Prec=81.517
Train Client5 [1/30] LR=0.0001000 loss=3.622 ACC=97.500 F1=86.241 Rec=97.962 Prec=83.530
Train Client6 [1/30] LR=0.0001000 loss=7.790 ACC=85.000 F1=78.899 Rec=94.964 Prec=71.509
Train Client7 [1/30] LR=0.0001000 loss=4.094 ACC=91.970 F1=75.602 Rec=94.446 Prec=72.014

Test-  OSR [1/30] LR=0.0001000 ACC=67.464 F1=71.989 Rec=82.841 Prec=74.192 UNK=21.333 OS*=95.143 HOS=34.852 AUROC=83.636 AUPR=73.255 OSCR=81.883
Test-Close [1/30] LR=0.0001000 loss=1.823 ACC=95.829 F1=95.783 Rec=95.829 Prec=96.032

Saving best model . . . . . . . .

Train Client0 [2/30] LR=0.0001000 loss=0.540 ACC=95.259 F1=76.329 Rec=76.767 Prec=75.956
Train Client1 [2/30] LR=0.0001000 loss=0.269 ACC=97.946 F1=92.811 Rec=93.263 Prec=92.371
Train Client2 [2/30] LR=0.0001000 loss=0.424 ACC=96.340 F1=91.065 Rec=91.976 Prec=90.246
Train Client3 [2/30] LR=0.0001000 loss=0.620 ACC=95.644 F1=93.657 Rec=95.116 Prec=92.432
Train Client4 [2/30] LR=0.0001000 loss=0.255 ACC=97.942 F1=89.386 Rec=92.747 Prec=87.222
Train Client5 [2/30] LR=0.0001000 loss=0.298 ACC=98.393 F1=94.527 Rec=98.678 Prec=91.718
Train Client6 [2/30] LR=0.0001000 loss=1.254 ACC=88.889 F1=83.797 Rec=94.769 Prec=77.011
Train Client7 [2/30] LR=0.0001000 loss=0.853 ACC=93.182 F1=82.466 Rec=94.543 Prec=77.419

Test-  OSR [2/30] LR=0.0001000 ACC=70.571 F1=74.845 Rec=83.619 Prec=75.235 UNK=31.429 OS*=94.057 HOS=47.114 AUROC=79.899 AUPR=72.733 OSCR=77.856
Test-Close [2/30] LR=0.0001000 loss=1.856 ACC=96.000 F1=95.959 Rec=96.000 Prec=96.121

Train Client0 [3/30] LR=0.0001000 loss=0.466 ACC=94.989 F1=76.132 Rec=76.508 Prec=75.822
Train Client1 [3/30] LR=0.0001000 loss=0.221 ACC=98.085 F1=92.730 Rec=93.857 Prec=91.720
Train Client2 [3/30] LR=0.0001000 loss=0.383 ACC=96.625 F1=92.262 Rec=92.157 Prec=92.449
Train Client3 [3/30] LR=0.0001000 loss=0.456 ACC=96.402 F1=94.488 Rec=95.941 Prec=93.279
Train Client4 [3/30] LR=0.0001000 loss=0.303 ACC=97.561 F1=87.990 Rec=95.382 Prec=84.372
Train Client5 [3/30] LR=0.0001000 loss=0.227 ACC=98.214 F1=88.239 Rec=98.599 Prec=85.216
Train Client6 [3/30] LR=0.0001000 loss=1.390 ACC=87.222 F1=83.015 Rec=95.086 Prec=76.647
Train Client7 [3/30] LR=0.0001000 loss=0.734 ACC=94.318 F1=83.874 Rec=95.291 Prec=79.270

Test-  OSR [3/30] LR=0.0001000 ACC=66.571 F1=71.460 Rec=81.841 Prec=73.487 UNK=20.762 OS*=94.057 HOS=34.015 AUROC=75.867 AUPR=66.517 OSCR=73.994
Test-Close [3/30] LR=0.0001000 loss=1.882 ACC=95.600 F1=95.551 Rec=95.600 Prec=95.869

Train Client0 [4/30] LR=0.0001000 loss=0.437 ACC=94.881 F1=75.875 Rec=76.227 Prec=75.555
Train Client1 [4/30] LR=0.0001000 loss=0.174 ACC=98.468 F1=93.887 Rec=95.169 Prec=92.781
Train Client2 [4/30] LR=0.0001000 loss=0.391 ACC=95.865 F1=90.895 Rec=92.545 Prec=89.500
Train Client3 [4/30] LR=0.0001000 loss=0.341 ACC=96.780 F1=93.811 Rec=96.638 Prec=91.701
Train Client4 [4/30] LR=0.0001000 loss=0.279 ACC=97.866 F1=90.131 Rec=97.086 Prec=85.772
Train Client5 [4/30] LR=0.0001000 loss=0.212 ACC=98.214 F1=88.016 Rec=93.755 Prec=85.486
Train Client6 [4/30] LR=0.0001000 loss=1.393 ACC=85.833 F1=80.435 Rec=93.066 Prec=73.259
Train Client7 [4/30] LR=0.0001000 loss=0.765 ACC=92.045 F1=78.257 Rec=93.729 Prec=73.842

Test-  OSR [4/30] LR=0.0001000 ACC=66.964 F1=71.989 Rec=81.476 Prec=73.408 UNK=23.429 OS*=93.086 HOS=37.435 AUROC=70.761 AUPR=61.279 OSCR=68.963
Test-Close [4/30] LR=0.0001000 loss=1.911 ACC=95.714 F1=95.646 Rec=95.714 Prec=95.947

Train Client0 [5/30] LR=0.0001000 loss=0.386 ACC=95.690 F1=76.500 Rec=76.606 Prec=76.400
Train Client1 [5/30] LR=0.0001000 loss=0.170 ACC=98.781 F1=95.076 Rec=95.518 Prec=94.660
Train Client2 [5/30] LR=0.0001000 loss=0.361 ACC=96.530 F1=91.847 Rec=91.665 Prec=92.078
Train Client3 [5/30] LR=0.0001000 loss=0.415 ACC=97.159 F1=95.522 Rec=96.861 Prec=94.410
Train Client4 [5/30] LR=0.0001000 loss=0.235 ACC=98.476 F1=92.932 Rec=97.241 Prec=89.630
Train Client5 [5/30] LR=0.0001000 loss=0.193 ACC=98.393 F1=88.981 Rec=93.950 Prec=86.513
Train Client6 [5/30] LR=0.0001000 loss=1.462 ACC=84.167 F1=77.291 Rec=93.984 Prec=70.255
Train Client7 [5/30] LR=0.0001000 loss=0.672 ACC=94.167 F1=86.967 Rec=95.199 Prec=82.317

Test-  OSR [5/30] LR=0.0001000 ACC=69.286 F1=73.267 Rec=83.111 Prec=73.683 UNK=27.810 OS*=94.171 HOS=42.939 AUROC=78.747 AUPR=72.264 OSCR=76.631
Test-Close [5/30] LR=0.0001000 loss=1.870 ACC=95.943 F1=95.886 Rec=95.943 Prec=96.141

Train Client0 [6/30] LR=0.0001000 loss=0.604 ACC=95.744 F1=76.560 Rec=77.000 Prec=76.154
Train Client1 [6/30] LR=0.0001000 loss=0.266 ACC=98.538 F1=93.467 Rec=94.119 Prec=92.904
Train Client2 [6/30] LR=0.0001000 loss=0.590 ACC=96.863 F1=93.162 Rec=93.950 Prec=92.451
Train Client3 [6/30] LR=0.0001000 loss=0.746 ACC=97.159 F1=95.187 Rec=96.819 Prec=93.783
Train Client4 [6/30] LR=0.0001000 loss=0.509 ACC=97.866 F1=89.242 Rec=97.690 Prec=84.764
Train Client5 [6/30] LR=0.0001000 loss=0.414 ACC=98.661 F1=90.945 Rec=94.012 Prec=88.883
Train Client6 [6/30] LR=0.0001000 loss=2.075 ACC=87.778 F1=81.422 Rec=94.701 Prec=74.651
Train Client7 [6/30] LR=0.0001000 loss=0.850 ACC=94.091 F1=86.251 Rec=95.793 Prec=80.856

Test-  OSR [6/30] LR=0.0001000 ACC=67.607 F1=72.716 Rec=78.937 Prec=73.548 UNK=33.619 OS*=88.000 HOS=48.652 AUROC=68.514 AUPR=56.941 OSCR=65.628
Test-Close [6/30] LR=0.0001000 loss=2.155 ACC=95.543 F1=95.489 Rec=95.543 Prec=95.744

Train Client0 [7/30] LR=0.0001000 loss=0.397 ACC=96.228 F1=76.989 Rec=77.277 Prec=76.725
Train Client1 [7/30] LR=0.0001000 loss=0.168 ACC=98.816 F1=93.724 Rec=93.429 Prec=94.029
Train Client2 [7/30] LR=0.0001000 loss=0.364 ACC=96.816 F1=92.252 Rec=92.221 Prec=92.302
Train Client3 [7/30] LR=0.0001000 loss=0.429 ACC=96.023 F1=93.003 Rec=95.726 Prec=91.019
Train Client4 [7/30] LR=0.0001000 loss=0.362 ACC=97.637 F1=88.695 Rec=96.238 Prec=84.985
Train Client5 [7/30] LR=0.0001000 loss=0.253 ACC=98.125 F1=89.267 Rec=98.582 Prec=85.903
Train Client6 [7/30] LR=0.0001000 loss=1.702 ACC=84.722 F1=79.275 Rec=92.903 Prec=72.250
Train Client7 [7/30] LR=0.0001000 loss=0.756 ACC=94.091 F1=94.352 Rec=96.221 Prec=92.801

Test-  OSR [7/30] LR=0.0001000 ACC=68.571 F1=73.676 Rec=79.937 Prec=74.303 UNK=34.476 OS*=89.029 HOS=49.704 AUROC=69.422 AUPR=58.537 OSCR=66.736
Test-Close [7/30] LR=0.0001000 loss=2.164 ACC=95.543 F1=95.489 Rec=95.543 Prec=95.754

Train Client0 [8/30] LR=0.0001000 loss=0.386 ACC=95.312 F1=76.288 Rec=76.616 Prec=76.008
Train Client1 [8/30] LR=0.0001000 loss=0.173 ACC=98.816 F1=94.726 Rec=94.830 Prec=94.633
Train Client2 [8/30] LR=0.0001000 loss=0.381 ACC=96.911 F1=93.101 Rec=93.558 Prec=92.672
Train Client3 [8/30] LR=0.0001000 loss=0.372 ACC=96.780 F1=93.901 Rec=96.829 Prec=91.697
Train Client4 [8/30] LR=0.0001000 loss=0.407 ACC=97.104 F1=84.944 Rec=96.321 Prec=80.726
Train Client5 [8/30] LR=0.0001000 loss=0.200 ACC=98.036 F1=84.780 Rec=88.585 Prec=83.118
Train Client6 [8/30] LR=0.0001000 loss=1.576 ACC=86.111 F1=80.616 Rec=93.592 Prec=74.037
Train Client7 [8/30] LR=0.0001000 loss=0.664 ACC=94.318 F1=84.486 Rec=95.639 Prec=80.087

Test-  OSR [8/30] LR=0.0001000 ACC=64.214 F1=68.604 Rec=72.254 Prec=73.905 UNK=40.095 OS*=78.686 HOS=53.122 AUROC=68.526 AUPR=53.623 OSCR=63.215
Test-Close [8/30] LR=0.0001000 loss=2.227 ACC=95.714 F1=95.662 Rec=95.714 Prec=95.869

Train Client0 [9/30] LR=0.0001000 loss=0.373 ACC=95.582 F1=76.611 Rec=76.887 Prec=76.368
Train Client1 [9/30] LR=0.0001000 loss=0.152 ACC=98.921 F1=95.154 Rec=95.469 Prec=94.865
Train Client2 [9/30] LR=0.0001000 loss=0.368 ACC=97.291 F1=93.565 Rec=92.447 Prec=94.986
Train Client3 [9/30] LR=0.0001000 loss=0.326 ACC=96.970 F1=95.107 Rec=96.755 Prec=93.683
Train Client4 [9/30] LR=0.0001000 loss=0.328 ACC=97.790 F1=86.476 Rec=93.374 Prec=83.344
Train Client5 [9/30] LR=0.0001000 loss=0.142 ACC=98.393 F1=86.960 Rec=93.748 Prec=84.633
Train Client6 [9/30] LR=0.0001000 loss=1.670 ACC=85.000 F1=77.296 Rec=91.685 Prec=70.119
Train Client7 [9/30] LR=0.0001000 loss=0.648 ACC=94.394 F1=93.784 Rec=94.717 Prec=92.947

Test-  OSR [9/30] LR=0.0001000 ACC=68.357 F1=73.463 Rec=77.587 Prec=75.046 UNK=40.667 OS*=84.971 HOS=55.007 AUROC=71.525 AUPR=58.875 OSCR=67.496
Test-Close [9/30] LR=0.0001000 loss=2.149 ACC=95.714 F1=95.668 Rec=95.714 Prec=95.893

Train Client0 [10/30] LR=0.0001000 loss=0.384 ACC=95.690 F1=76.601 Rec=76.876 Prec=76.355
Train Client1 [10/30] LR=0.0001000 loss=0.165 ACC=98.433 F1=93.329 Rec=94.263 Prec=92.513
Train Client2 [10/30] LR=0.0001000 loss=0.311 ACC=97.053 F1=93.416 Rec=93.491 Prec=93.345
Train Client3 [10/30] LR=0.0001000 loss=0.240 ACC=97.159 F1=95.268 Rec=96.842 Prec=93.916
Train Client4 [10/30] LR=0.0001000 loss=0.411 ACC=97.256 F1=85.134 Rec=95.800 Prec=81.513
Train Client5 [10/30] LR=0.0001000 loss=0.165 ACC=98.571 F1=93.943 Rec=99.054 Prec=90.837
Train Client6 [10/30] LR=0.0001000 loss=1.619 ACC=83.889 F1=75.451 Rec=85.185 Prec=69.974
Train Client7 [10/30] LR=0.0001000 loss=0.685 ACC=94.015 F1=93.647 Rec=94.661 Prec=92.734

Test-  OSR [10/30] LR=0.0001000 ACC=69.036 F1=71.872 Rec=74.175 Prec=76.943 UNK=53.619 OS*=78.286 HOS=63.646 AUROC=75.111 AUPR=62.393 OSCR=67.523
Test-Close [10/30] LR=0.0001000 loss=2.250 ACC=95.886 F1=95.847 Rec=95.886 Prec=96.063

Train Client0 [11/30] LR=0.0001000 loss=0.358 ACC=95.636 F1=76.518 Rec=76.923 Prec=76.175
Train Client1 [11/30] LR=0.0001000 loss=0.131 ACC=99.060 F1=96.452 Rec=97.247 Prec=95.747
Train Client2 [11/30] LR=0.0001000 loss=0.344 ACC=96.958 F1=92.990 Rec=92.446 Prec=93.638
Train Client3 [11/30] LR=0.0001000 loss=0.315 ACC=96.212 F1=94.202 Rec=95.808 Prec=92.905
Train Client4 [11/30] LR=0.0001000 loss=0.231 ACC=98.171 F1=89.217 Rec=91.593 Prec=87.245
Train Client5 [11/30] LR=0.0001000 loss=0.162 ACC=98.304 F1=89.418 Rec=98.533 Prec=86.245
Train Client6 [11/30] LR=0.0001000 loss=1.454 ACC=85.833 F1=79.633 Rec=90.461 Prec=73.899
Train Client7 [11/30] LR=0.0001000 loss=0.693 ACC=93.333 F1=93.782 Rec=94.803 Prec=92.828

Test-  OSR [11/30] LR=0.0001000 ACC=68.143 F1=66.792 Rec=70.476 Prec=77.044 UNK=61.143 OS*=72.343 HOS=66.273 AUROC=75.071 AUPR=59.831 OSCR=65.128
Test-Close [11/30] LR=0.0001000 loss=2.332 ACC=96.229 F1=96.199 Rec=96.229 Prec=96.316

Train Client0 [12/30] LR=0.0001000 loss=0.375 ACC=95.366 F1=76.320 Rec=76.877 Prec=75.867
Train Client1 [12/30] LR=0.0001000 loss=0.144 ACC=99.095 F1=97.071 Rec=97.792 Prec=96.402
Train Client2 [12/30] LR=0.0001000 loss=0.333 ACC=97.148 F1=93.669 Rec=93.667 Prec=93.697
Train Client3 [12/30] LR=0.0001000 loss=0.189 ACC=97.538 F1=95.795 Rec=97.203 Prec=94.608
Train Client4 [12/30] LR=0.0001000 loss=0.328 ACC=97.561 F1=86.206 Rec=91.260 Prec=84.040
Train Client5 [12/30] LR=0.0001000 loss=0.183 ACC=98.036 F1=87.234 Rec=93.437 Prec=84.889
Train Client6 [12/30] LR=0.0001000 loss=1.189 ACC=89.722 F1=86.309 Rec=95.000 Prec=80.963
Train Client7 [12/30] LR=0.0001000 loss=0.512 ACC=94.697 F1=95.043 Rec=95.799 Prec=94.338

Test-  OSR [12/30] LR=0.0001000 ACC=68.679 F1=73.560 Rec=77.444 Prec=75.633 UNK=42.381 OS*=84.457 HOS=56.440 AUROC=73.189 AUPR=59.452 OSCR=69.214
Test-Close [12/30] LR=0.0001000 loss=2.123 ACC=96.057 F1=96.021 Rec=96.057 Prec=96.216

Train Client0 [13/30] LR=0.0001000 loss=0.337 ACC=95.528 F1=76.511 Rec=77.108 Prec=76.020
Train Client1 [13/30] LR=0.0001000 loss=0.116 ACC=98.886 F1=94.165 Rec=95.587 Prec=93.024
Train Client2 [13/30] LR=0.0001000 loss=0.304 ACC=97.624 F1=94.512 Rec=93.551 Prec=95.682
Train Client3 [13/30] LR=0.0001000 loss=0.235 ACC=97.538 F1=96.004 Rec=97.400 Prec=94.832
Train Client4 [13/30] LR=0.0001000 loss=0.278 ACC=98.095 F1=89.071 Rec=97.000 Prec=85.026
Train Client5 [13/30] LR=0.0001000 loss=0.137 ACC=98.571 F1=88.375 Rec=94.076 Prec=85.881
Train Client6 [13/30] LR=0.0001000 loss=1.219 ACC=88.333 F1=84.196 Rec=91.811 Prec=79.262
Train Client7 [13/30] LR=0.0001000 loss=0.506 ACC=95.152 F1=88.677 Rec=96.136 Prec=84.623

Test-  OSR [13/30] LR=0.0001000 ACC=65.250 F1=62.420 Rec=66.397 Prec=61.004 UNK=61.810 OS*=67.314 HOS=64.445 AUROC=68.271 AUPR=51.154 OSCR=59.133
Test-Close [13/30] LR=0.0001000 loss=2.551 ACC=96.171 F1=96.138 Rec=96.171 Prec=96.272

Train Client0 [14/30] LR=0.0001000 loss=0.307 ACC=95.797 F1=76.618 Rec=77.018 Prec=76.274
Train Client1 [14/30] LR=0.0001000 loss=0.112 ACC=99.060 F1=95.948 Rec=96.748 Prec=95.237
Train Client2 [14/30] LR=0.0001000 loss=0.297 ACC=97.196 F1=93.043 Rec=93.775 Prec=92.351
Train Client3 [14/30] LR=0.0001000 loss=0.200 ACC=97.538 F1=95.630 Rec=97.195 Prec=94.287
Train Client4 [14/30] LR=0.0001000 loss=0.168 ACC=98.628 F1=91.336 Rec=95.111 Prec=88.397
Train Client5 [14/30] LR=0.0001000 loss=0.119 ACC=98.125 F1=90.367 Rec=93.479 Prec=88.265
Train Client6 [14/30] LR=0.0001000 loss=1.117 ACC=87.778 F1=82.229 Rec=91.436 Prec=76.444
Train Client7 [14/30] LR=0.0001000 loss=0.531 ACC=94.545 F1=94.041 Rec=94.365 Prec=93.731

Test-  OSR [14/30] LR=0.0001000 ACC=67.893 F1=68.216 Rec=70.397 Prec=77.641 UNK=60.381 OS*=72.400 HOS=65.847 AUROC=73.635 AUPR=58.336 OSCR=63.966
Test-Close [14/30] LR=0.0001000 loss=2.317 ACC=96.286 F1=96.247 Rec=96.286 Prec=96.414

Train Client0 [15/30] LR=0.0001000 loss=0.313 ACC=96.175 F1=76.824 Rec=77.087 Prec=76.583
Train Client1 [15/30] LR=0.0001000 loss=0.112 ACC=99.025 F1=95.195 Rec=96.213 Prec=94.304
Train Client2 [15/30] LR=0.0001000 loss=0.274 ACC=97.481 F1=94.188 Rec=94.322 Prec=94.064
Train Client3 [15/30] LR=0.0001000 loss=0.261 ACC=97.348 F1=95.392 Rec=96.580 Prec=94.459
Train Client4 [15/30] LR=0.0001000 loss=0.245 ACC=98.018 F1=90.405 Rec=91.624 Prec=89.305
Train Client5 [15/30] LR=0.0001000 loss=0.154 ACC=98.393 F1=87.907 Rec=89.007 Prec=87.029
Train Client6 [15/30] LR=0.0001000 loss=1.398 ACC=88.333 F1=84.462 Rec=92.010 Prec=79.647
Train Client7 [15/30] LR=0.0001000 loss=0.499 ACC=94.924 F1=95.004 Rec=94.887 Prec=95.125

Test-  OSR [15/30] LR=0.0001000 ACC=66.250 F1=69.015 Rec=71.413 Prec=76.200 UNK=50.762 OS*=75.543 HOS=60.721 AUROC=72.002 AUPR=57.381 OSCR=64.662
Test-Close [15/30] LR=0.0001000 loss=2.262 ACC=96.343 F1=96.307 Rec=96.343 Prec=96.471

Train Client0 [16/30] LR=0.0001000 loss=0.246 ACC=96.929 F1=77.553 Rec=77.989 Prec=77.173
Train Client1 [16/30] LR=0.0001000 loss=0.111 ACC=99.060 F1=95.072 Rec=95.778 Prec=94.448
Train Client2 [16/30] LR=0.0001000 loss=0.284 ACC=97.291 F1=92.909 Rec=92.797 Prec=93.045
Train Client3 [16/30] LR=0.0001000 loss=0.249 ACC=96.591 F1=94.702 Rec=96.376 Prec=93.334
Train Client4 [16/30] LR=0.0001000 loss=0.345 ACC=97.713 F1=88.731 Rec=97.991 Prec=83.922
Train Client5 [16/30] LR=0.0001000 loss=0.126 ACC=98.482 F1=88.965 Rec=93.832 Prec=86.600
Train Client6 [16/30] LR=0.0001000 loss=1.322 ACC=87.778 F1=83.796 Rec=91.654 Prec=78.797
Train Client7 [16/30] LR=0.0001000 loss=0.537 ACC=94.394 F1=87.188 Rec=94.965 Prec=82.826

Test-  OSR [16/30] LR=0.0001000 ACC=69.893 F1=72.032 Rec=73.794 Prec=77.972 UNK=58.190 OS*=76.914 HOS=66.255 AUROC=76.105 AUPR=62.520 OSCR=67.754
Test-Close [16/30] LR=0.0001000 loss=2.231 ACC=96.457 F1=96.414 Rec=96.457 Prec=96.589

Train Client0 [17/30] LR=0.0001000 loss=0.276 ACC=97.037 F1=77.566 Rec=77.837 Prec=77.315
Train Client1 [17/30] LR=0.0001000 loss=0.118 ACC=99.164 F1=96.190 Rec=96.826 Prec=95.604
Train Client2 [17/30] LR=0.0001000 loss=0.252 ACC=97.576 F1=94.089 Rec=93.517 Prec=94.766
Train Client3 [17/30] LR=0.0001000 loss=0.224 ACC=97.538 F1=97.227 Rec=97.227 Prec=97.227
Train Client4 [17/30] LR=0.0001000 loss=0.320 ACC=98.247 F1=90.748 Rec=96.633 Prec=87.222
Train Client5 [17/30] LR=0.0001000 loss=0.107 ACC=98.661 F1=91.450 Rec=99.049 Prec=88.128
Train Client6 [17/30] LR=0.0001000 loss=1.183 ACC=88.611 F1=84.453 Rec=92.112 Prec=79.377
Train Client7 [17/30] LR=0.0001000 loss=0.563 ACC=94.773 F1=94.261 Rec=94.987 Prec=93.585

Test-  OSR [17/30] LR=0.0001000 ACC=67.750 F1=65.128 Rec=69.571 Prec=78.712 UNK=62.286 OS*=71.029 HOS=66.370 AUROC=73.092 AUPR=54.509 OSCR=64.360
Test-Close [17/30] LR=0.0001000 loss=2.426 ACC=96.514 F1=96.493 Rec=96.514 Prec=96.541

Train Client0 [18/30] LR=0.0001000 loss=0.277 ACC=95.851 F1=76.643 Rec=77.227 Prec=76.150
Train Client1 [18/30] LR=0.0001000 loss=0.077 ACC=99.234 F1=96.137 Rec=96.568 Prec=95.729
Train Client2 [18/30] LR=0.0001000 loss=0.281 ACC=96.816 F1=92.790 Rec=93.171 Prec=92.423
Train Client3 [18/30] LR=0.0001000 loss=0.218 ACC=97.727 F1=95.939 Rec=97.502 Prec=94.598
Train Client4 [18/30] LR=0.0001000 loss=0.187 ACC=98.780 F1=91.295 Rec=93.857 Prec=89.152
Train Client5 [18/30] LR=0.0001000 loss=0.105 ACC=98.482 F1=89.803 Rec=93.847 Prec=87.515
Train Client6 [18/30] LR=0.0001000 loss=1.283 ACC=87.500 F1=82.897 Rec=93.868 Prec=76.695
Train Client7 [18/30] LR=0.0001000 loss=0.461 ACC=94.848 F1=95.002 Rec=94.599 Prec=95.436

Test-  OSR [18/30] LR=0.0001000 ACC=71.929 F1=73.277 Rec=75.206 Prec=78.557 UNK=62.095 OS*=77.829 HOS=69.077 AUROC=78.303 AUPR=68.580 OSCR=68.985
Test-Close [18/30] LR=0.0001000 loss=2.171 ACC=96.514 F1=96.486 Rec=96.514 Prec=96.581

Train Client0 [19/30] LR=0.0001000 loss=0.288 ACC=95.636 F1=76.547 Rec=77.011 Prec=76.159
Train Client1 [19/30] LR=0.0001000 loss=0.084 ACC=99.095 F1=95.935 Rec=97.086 Prec=94.970
Train Client2 [19/30] LR=0.0001000 loss=0.272 ACC=97.148 F1=93.451 Rec=93.524 Prec=93.382
Train Client3 [19/30] LR=0.0001000 loss=0.156 ACC=98.106 F1=97.883 Rec=97.544 Prec=98.242
Train Client4 [19/30] LR=0.0001000 loss=0.275 ACC=98.018 F1=86.856 Rec=94.390 Prec=83.828
Train Client5 [19/30] LR=0.0001000 loss=0.112 ACC=99.018 F1=87.474 Rec=89.419 Prec=86.195
Train Client6 [19/30] LR=0.0001000 loss=1.194 ACC=88.889 F1=86.236 Rec=92.500 Prec=82.611
Train Client7 [19/30] LR=0.0001000 loss=0.440 ACC=95.530 F1=88.886 Rec=95.989 Prec=85.143

Test-  OSR [19/30] LR=0.0001000 ACC=70.893 F1=73.669 Rec=76.143 Prec=77.194 UNK=55.143 OS*=80.343 HOS=65.399 AUROC=77.101 AUPR=65.461 OSCR=70.030
Test-Close [19/30] LR=0.0001000 loss=2.121 ACC=96.514 F1=96.482 Rec=96.514 Prec=96.601

Train Client0 [20/30] LR=0.0001000 loss=0.296 ACC=96.228 F1=76.937 Rec=77.223 Prec=76.678
Train Client1 [20/30] LR=0.0001000 loss=0.106 ACC=98.851 F1=95.002 Rec=95.584 Prec=94.471
Train Client2 [20/30] LR=0.0001000 loss=0.243 ACC=97.766 F1=95.058 Rec=94.675 Prec=95.472
Train Client3 [20/30] LR=0.0001000 loss=0.187 ACC=97.917 F1=95.004 Rec=97.571 Prec=93.175
Train Client4 [20/30] LR=0.0001000 loss=0.227 ACC=98.399 F1=92.019 Rec=96.678 Prec=89.227
Train Client5 [20/30] LR=0.0001000 loss=0.113 ACC=98.571 F1=83.575 Rec=84.171 Prec=83.092
Train Client6 [20/30] LR=0.0001000 loss=1.248 ACC=87.778 F1=81.933 Rec=91.192 Prec=76.141
Train Client7 [20/30] LR=0.0001000 loss=0.450 ACC=95.682 F1=95.952 Rec=96.387 Prec=95.543

Test-  OSR [20/30] LR=0.0001000 ACC=66.893 F1=64.168 Rec=68.556 Prec=77.977 UNK=61.905 OS*=69.886 HOS=65.654 AUROC=73.021 AUPR=57.155 OSCR=62.949
Test-Close [20/30] LR=0.0001000 loss=2.354 ACC=96.457 F1=96.425 Rec=96.457 Prec=96.545

Train Client0 [21/30] LR=0.0001000 loss=0.243 ACC=96.821 F1=77.458 Rec=77.788 Prec=77.156
Train Client1 [21/30] LR=0.0001000 loss=0.088 ACC=99.130 F1=95.715 Rec=95.829 Prec=95.608
Train Client2 [21/30] LR=0.0001000 loss=0.248 ACC=97.576 F1=93.647 Rec=93.233 Prec=94.133
Train Client3 [21/30] LR=0.0001000 loss=0.227 ACC=98.485 F1=98.081 Rec=97.914 Prec=98.253
Train Client4 [21/30] LR=0.0001000 loss=0.220 ACC=98.171 F1=88.802 Rec=94.588 Prec=85.934
Train Client5 [21/30] LR=0.0001000 loss=0.132 ACC=98.482 F1=92.312 Rec=98.922 Prec=89.037
Train Client6 [21/30] LR=0.0001000 loss=1.181 ACC=88.056 F1=80.468 Rec=89.677 Prec=74.543
Train Client7 [21/30] LR=0.0001000 loss=0.459 ACC=94.697 F1=94.805 Rec=95.654 Prec=94.029

Test-  OSR [21/30] LR=0.0001000 ACC=68.893 F1=67.290 Rec=70.873 Prec=78.493 UNK=62.952 OS*=72.457 HOS=67.371 AUROC=75.159 AUPR=59.422 OSCR=66.048
Test-Close [21/30] LR=0.0001000 loss=2.337 ACC=96.514 F1=96.490 Rec=96.514 Prec=96.573

Train Client0 [22/30] LR=0.0001000 loss=0.235 ACC=96.228 F1=76.918 Rec=77.225 Prec=76.641
Train Client1 [22/30] LR=0.0001000 loss=0.082 ACC=99.373 F1=96.542 Rec=97.534 Prec=95.683
Train Client2 [22/30] LR=0.0001000 loss=0.261 ACC=97.481 F1=93.972 Rec=93.710 Prec=94.252
Train Client3 [22/30] LR=0.0001000 loss=0.161 ACC=98.485 F1=98.094 Rec=97.915 Prec=98.284
Train Client4 [22/30] LR=0.0001000 loss=0.318 ACC=97.713 F1=86.198 Rec=95.772 Prec=82.085
Train Client5 [22/30] LR=0.0001000 loss=0.110 ACC=98.750 F1=95.007 Rec=98.896 Prec=92.453
Train Client6 [22/30] LR=0.0001000 loss=1.221 ACC=89.167 F1=84.359 Rec=91.028 Prec=79.736
Train Client7 [22/30] LR=0.0001000 loss=0.433 ACC=95.606 F1=95.815 Rec=96.020 Prec=95.659

Test-  OSR [22/30] LR=0.0001000 ACC=71.000 F1=68.518 Rec=72.000 Prec=79.613 UNK=68.000 OS*=72.800 HOS=70.318 AUROC=77.914 AUPR=65.115 OSCR=66.923
Test-Close [22/30] LR=0.0001000 loss=2.296 ACC=96.743 F1=96.723 Rec=96.743 Prec=96.778

Train Client0 [23/30] LR=0.0001000 loss=0.292 ACC=95.690 F1=76.470 Rec=77.066 Prec=75.959
Train Client1 [23/30] LR=0.0001000 loss=0.084 ACC=99.199 F1=95.783 Rec=95.996 Prec=95.576
Train Client2 [23/30] LR=0.0001000 loss=0.294 ACC=97.053 F1=92.952 Rec=93.031 Prec=92.879
Train Client3 [23/30] LR=0.0001000 loss=0.180 ACC=98.106 F1=97.792 Rec=97.689 Prec=97.906
Train Client4 [23/30] LR=0.0001000 loss=0.304 ACC=97.866 F1=88.154 Rec=95.601 Prec=84.203
Train Client5 [23/30] LR=0.0001000 loss=0.128 ACC=98.750 F1=91.387 Rec=98.996 Prec=88.053
Train Client6 [23/30] LR=0.0001000 loss=0.922 ACC=90.556 F1=86.047 Rec=92.409 Prec=81.497
Train Client7 [23/30] LR=0.0001000 loss=0.373 ACC=95.909 F1=95.992 Rec=95.902 Prec=96.088

Test-  OSR [23/30] LR=0.0001000 ACC=70.964 F1=69.882 Rec=70.556 Prec=81.425 UNK=72.190 OS*=70.229 HOS=71.196 AUROC=77.963 AUPR=63.008 OSCR=65.011
Test-Close [23/30] LR=0.0001000 loss=2.381 ACC=96.571 F1=96.531 Rec=96.571 Prec=96.683

Train Client0 [24/30] LR=0.0001000 loss=0.256 ACC=97.091 F1=77.637 Rec=77.861 Prec=77.430
Train Client1 [24/30] LR=0.0001000 loss=0.084 ACC=98.955 F1=96.178 Rec=96.323 Prec=96.044
Train Client2 [24/30] LR=0.0001000 loss=0.255 ACC=97.291 F1=93.382 Rec=93.297 Prec=93.477
Train Client3 [24/30] LR=0.0001000 loss=0.210 ACC=97.159 F1=94.121 Rec=96.444 Prec=92.557
Train Client4 [24/30] LR=0.0001000 loss=0.246 ACC=98.323 F1=88.398 Rec=94.849 Prec=84.936
Train Client5 [24/30] LR=0.0001000 loss=0.092 ACC=98.839 F1=83.416 Rec=84.381 Prec=82.785
Train Client6 [24/30] LR=0.0001000 loss=1.285 ACC=85.833 F1=83.566 Rec=90.082 Prec=80.105
Train Client7 [24/30] LR=0.0001000 loss=0.442 ACC=95.682 F1=96.416 Rec=96.364 Prec=96.477

Test-  OSR [24/30] LR=0.0001000 ACC=73.500 F1=75.984 Rec=77.556 Prec=78.714 UNK=61.333 OS*=80.800 HOS=69.734 AUROC=79.172 AUPR=64.819 OSCR=72.202
Test-Close [24/30] LR=0.0001000 loss=2.105 ACC=96.629 F1=96.603 Rec=96.629 Prec=96.730

Train Client0 [25/30] LR=0.0001000 loss=0.218 ACC=96.444 F1=77.009 Rec=77.331 Prec=76.719
Train Client1 [25/30] LR=0.0001000 loss=0.078 ACC=99.269 F1=95.990 Rec=95.884 Prec=96.098
Train Client2 [25/30] LR=0.0001000 loss=0.274 ACC=97.481 F1=93.592 Rec=92.872 Prec=94.439
Train Client3 [25/30] LR=0.0001000 loss=0.195 ACC=97.917 F1=97.851 Rec=97.599 Prec=98.115
Train Client4 [25/30] LR=0.0001000 loss=0.212 ACC=98.399 F1=89.290 Rec=94.871 Prec=86.216
Train Client5 [25/30] LR=0.0001000 loss=0.113 ACC=98.929 F1=84.424 Rec=84.457 Prec=84.393
Train Client6 [25/30] LR=0.0001000 loss=0.882 ACC=89.167 F1=84.695 Rec=87.709 Prec=82.551
Train Client7 [25/30] LR=0.0001000 loss=0.437 ACC=96.212 F1=96.449 Rec=96.763 Prec=96.170

Test-  OSR [25/30] LR=0.0001000 ACC=74.929 F1=76.665 Rec=77.175 Prec=80.860 UNK=68.190 OS*=78.971 HOS=73.186 AUROC=81.240 AUPR=69.981 OSCR=71.848
Test-Close [25/30] LR=0.0001000 loss=2.162 ACC=96.400 F1=96.372 Rec=96.400 Prec=96.485

Train Client0 [26/30] LR=0.0001000 loss=0.217 ACC=96.983 F1=77.492 Rec=77.818 Prec=77.195
Train Client1 [26/30] LR=0.0001000 loss=0.086 ACC=99.269 F1=96.346 Rec=96.830 Prec=95.917
Train Client2 [26/30] LR=0.0001000 loss=0.261 ACC=97.576 F1=93.919 Rec=93.205 Prec=94.797
Train Client3 [26/30] LR=0.0001000 loss=0.161 ACC=98.295 F1=97.998 Rec=97.998 Prec=97.998
Train Client4 [26/30] LR=0.0001000 loss=0.270 ACC=98.323 F1=89.879 Rec=98.601 Prec=85.908
Train Client5 [26/30] LR=0.0001000 loss=0.101 ACC=99.018 F1=95.198 Rec=99.080 Prec=92.650
Train Client6 [26/30] LR=0.0001000 loss=1.100 ACC=87.222 F1=81.896 Rec=88.921 Prec=77.310
Train Client7 [26/30] LR=0.0001000 loss=0.389 ACC=95.833 F1=94.975 Rec=94.847 Prec=95.127

Test-  OSR [26/30] LR=0.0001000 ACC=71.143 F1=73.895 Rec=76.222 Prec=77.552 UNK=55.905 OS*=80.286 HOS=65.913 AUROC=77.415 AUPR=61.728 OSCR=71.140
Test-Close [26/30] LR=0.0001000 loss=2.152 ACC=96.171 F1=96.120 Rec=96.171 Prec=96.335

Train Client0 [27/30] LR=0.0001000 loss=0.248 ACC=96.067 F1=76.763 Rec=77.220 Prec=76.368
Train Client1 [27/30] LR=0.0001000 loss=0.081 ACC=99.130 F1=96.074 Rec=96.911 Prec=95.324
Train Client2 [27/30] LR=0.0001000 loss=0.221 ACC=97.956 F1=95.249 Rec=94.554 Prec=96.078
Train Client3 [27/30] LR=0.0001000 loss=0.176 ACC=97.727 F1=95.989 Rec=97.308 Prec=94.896
Train Client4 [27/30] LR=0.0001000 loss=0.234 ACC=98.095 F1=87.182 Rec=89.816 Prec=84.952
Train Client5 [27/30] LR=0.0001000 loss=0.084 ACC=98.482 F1=83.307 Rec=83.851 Prec=82.873
Train Client6 [27/30] LR=0.0001000 loss=1.492 ACC=86.667 F1=82.904 Rec=92.672 Prec=77.204
Train Client7 [27/30] LR=0.0001000 loss=0.358 ACC=96.136 F1=95.947 Rec=95.818 Prec=96.081

Test-  OSR [27/30] LR=0.0001000 ACC=70.286 F1=72.091 Rec=72.984 Prec=77.948 UNK=62.190 OS*=75.143 HOS=68.056 AUROC=76.643 AUPR=59.230 OSCR=68.517
Test-Close [27/30] LR=0.0001000 loss=2.285 ACC=96.457 F1=96.429 Rec=96.457 Prec=96.599

Train Client0 [28/30] LR=0.0001000 loss=0.249 ACC=96.821 F1=77.442 Rec=77.934 Prec=77.007
Train Client1 [28/30] LR=0.0001000 loss=0.062 ACC=99.164 F1=95.453 Rec=96.352 Prec=94.681
Train Client2 [28/30] LR=0.0001000 loss=0.250 ACC=97.433 F1=93.657 Rec=93.354 Prec=93.990
Train Client3 [28/30] LR=0.0001000 loss=0.098 ACC=99.053 F1=98.942 Rec=98.922 Prec=98.978
Train Client4 [28/30] LR=0.0001000 loss=0.178 ACC=98.628 F1=90.164 Rec=94.612 Prec=86.962
Train Client5 [28/30] LR=0.0001000 loss=0.151 ACC=97.768 F1=78.233 Rec=78.172 Prec=78.296
Train Client6 [28/30] LR=0.0001000 loss=0.936 ACC=89.167 F1=86.273 Rec=90.436 Prec=83.422
Train Client7 [28/30] LR=0.0001000 loss=0.375 ACC=95.606 F1=95.316 Rec=94.924 Prec=95.722

Test-  OSR [28/30] LR=0.0001000 ACC=69.500 F1=70.906 Rec=72.889 Prec=77.426 UNK=59.333 OS*=75.600 HOS=66.486 AUROC=76.266 AUPR=59.197 OSCR=68.153
Test-Close [28/30] LR=0.0001000 loss=2.217 ACC=96.743 F1=96.718 Rec=96.743 Prec=96.775

Train Client0 [29/30] LR=0.0001000 loss=0.214 ACC=96.282 F1=76.993 Rec=77.357 Prec=76.666
Train Client1 [29/30] LR=0.0001000 loss=0.077 ACC=98.955 F1=94.808 Rec=95.504 Prec=94.193
Train Client2 [29/30] LR=0.0001000 loss=0.282 ACC=97.243 F1=93.841 Rec=93.277 Prec=94.471
Train Client3 [29/30] LR=0.0001000 loss=0.193 ACC=98.674 F1=98.537 Rec=98.383 Prec=98.712
Train Client4 [29/30] LR=0.0001000 loss=0.204 ACC=98.857 F1=93.718 Rec=94.550 Prec=93.026
Train Client5 [29/30] LR=0.0001000 loss=0.121 ACC=98.750 F1=95.110 Rec=99.108 Prec=92.447
Train Client6 [29/30] LR=0.0001000 loss=1.066 ACC=90.278 F1=87.707 Rec=92.555 Prec=84.640
Train Client7 [29/30] LR=0.0001000 loss=0.400 ACC=95.682 F1=95.582 Rec=95.547 Prec=95.630

Test-  OSR [29/30] LR=0.0001000 ACC=69.679 F1=69.722 Rec=72.778 Prec=77.881 UNK=60.381 OS*=75.257 HOS=67.003 AUROC=75.955 AUPR=60.375 OSCR=67.623
Test-Close [29/30] LR=0.0001000 loss=2.240 ACC=96.686 F1=96.668 Rec=96.686 Prec=96.713

------>Best performance (by OSCR)--->>>>>>>

Test-  OSR [1/30] LR=0.0001000 ACC=67.464 F1=71.989 Rec=82.841 Prec=74.192 UNK=21.333 OS*=95.143 HOS=34.852 AUROC=83.636 AUPR=73.255 OSCR=81.883
Test-Close [1/30] LR=0.0001000 loss=1.823 ACC=95.829 F1=95.783 Rec=95.829 Prec=96.032
=====================================================================================================================================
The ending time ：2026-05-29 21:16:43
