Logging to: ./logs/RetinalOCT_Finetune_K3_U5_seed0_20260706_205717.log
==> Preparing data..
Protocol mode: hard_k3
Fixed known classes: ['AMD', 'DME', 'DR']
Fixed unknown classes: ['CNV', 'CSR', 'DRUSEN', 'MH', 'NORMAL']
Known class list: [0 3 4] Unknown class list [1 2 5 6 7]
Total images — Train: 18400, Val: 2800, Test: 2800
{0: 0, 3: 1, 4: 2} {1: 3, 2: 4, 5: 5, 6: 6, 7: 7}
Known origin: [0 3 4] , new: [0 1 2]
Unknown origin: [1 2 5 6 7] , new: [3 4 5 6 7]
Known/Unknown in Train: 6900/11500
Known/Unknown in Val:   1050/1750
Known/Unknown in Test:  1050/1750
[balanced IID] alpha=0 — using balanced IID split (6900 samples → 8 clients)
Client0 sample num: 864
Client1 sample num: 864
Client2 sample num: 864
Client3 sample num: 864
Client4 sample num: 861
Client5 sample num: 861
Client6 sample num: 861
Client7 sample num: 861

>>> Setting up
==> Using device: cuda:0
==> Building [Resnet18] model..
154
154
154
154
154
154
154
154
154
154
154
154
154
154
154
154
154
154
Train Client0 [0/30] LR=0.0001000 loss=1.014 ACC=100.000 F1=100.000 Rec=100.000 Prec=100.000
Train Client1 [0/30] LR=0.0001000 loss=0.994 ACC=100.000 F1=100.000 Rec=100.000 Prec=100.000
Train Client2 [0/30] LR=0.0001000 loss=0.342 ACC=100.000 F1=100.000 Rec=100.000 Prec=100.000
Train Client3 [0/30] LR=0.0001000 loss=0.433 ACC=99.769 F1=99.769 Rec=99.769 Prec=99.770
Train Client4 [0/30] LR=0.0001000 loss=2.768 ACC=99.182 F1=99.182 Rec=99.184 Prec=99.198
Train Client5 [0/30] LR=0.0001000 loss=0.340 ACC=100.000 F1=100.000 Rec=100.000 Prec=100.000
Train Client6 [0/30] LR=0.0001000 loss=0.346 ACC=100.000 F1=100.000 Rec=100.000 Prec=100.000
Train Client7 [0/30] LR=0.0001000 loss=0.340 ACC=100.000 F1=100.000 Rec=100.000 Prec=100.000

Test-  OSR [0/30] LR=0.0001000 ACC=37.500 F1=47.500 Rec=75.000 Prec=39.583 UNK=0.000 OS*=100.000 HOS=0.000 AUROC=43.257 AUPR=49.998 OSCR=16.691
Test-Close [0/30] LR=0.0001000 loss=1.078 ACC=100.000 F1=100.000 Rec=100.000 Prec=100.000

Saving best model . . . . . . . .

Train Client0 [1/30] LR=0.0001000 loss=1.260 ACC=100.000 F1=100.000 Rec=100.000 Prec=100.000
Train Client1 [1/30] LR=0.0001000 loss=0.644 ACC=100.000 F1=100.000 Rec=100.000 Prec=100.000
Train Client2 [1/30] LR=0.0001000 loss=0.000 ACC=100.000 F1=100.000 Rec=100.000 Prec=100.000
Train Client3 [1/30] LR=0.0001000 loss=0.650 ACC=100.000 F1=100.000 Rec=100.000 Prec=100.000
Train Client4 [1/30] LR=0.0001000 loss=0.006 ACC=99.883 F1=99.883 Rec=99.883 Prec=99.883
Train Client5 [1/30] LR=0.0001000 loss=0.000 ACC=100.000 F1=100.000 Rec=100.000 Prec=100.000
Train Client6 [1/30] LR=0.0001000 loss=0.000 ACC=100.000 F1=100.000 Rec=100.000 Prec=100.000
Train Client7 [1/30] LR=0.0001000 loss=0.000 ACC=100.000 F1=100.000 Rec=100.000 Prec=100.000

Test-  OSR [1/30] LR=0.0001000 ACC=37.500 F1=47.500 Rec=75.000 Prec=39.583 UNK=0.000 OS*=100.000 HOS=0.000 AUROC=45.696 AUPR=51.574 OSCR=16.971
Test-Close [1/30] LR=0.0001000 loss=1.078 ACC=100.000 F1=100.000 Rec=100.000 Prec=100.000

Saving best model . . . . . . . .

Train Client0 [2/30] LR=0.0001000 loss=0.320 ACC=100.000 F1=100.000 Rec=100.000 Prec=100.000
Train Client1 [2/30] LR=0.0001000 loss=0.000 ACC=100.000 F1=100.000 Rec=100.000 Prec=100.000
Train Client2 [2/30] LR=0.0001000 loss=0.324 ACC=100.000 F1=100.000 Rec=100.000 Prec=100.000
Train Client3 [2/30] LR=0.0001000 loss=0.319 ACC=100.000 F1=100.000 Rec=100.000 Prec=100.000
Train Client4 [2/30] LR=0.0001000 loss=0.000 ACC=100.000 F1=100.000 Rec=100.000 Prec=100.000
Train Client5 [2/30] LR=0.0001000 loss=0.327 ACC=100.000 F1=100.000 Rec=100.000 Prec=100.000
Train Client6 [2/30] LR=0.0001000 loss=0.326 ACC=100.000 F1=100.000 Rec=100.000 Prec=100.000
Train Client7 [2/30] LR=0.0001000 loss=0.322 ACC=100.000 F1=100.000 Rec=100.000 Prec=100.000

Test-  OSR [2/30] LR=0.0001000 ACC=37.500 F1=47.500 Rec=75.000 Prec=39.583 UNK=0.000 OS*=100.000 HOS=0.000 AUROC=46.943 AUPR=55.451 OSCR=19.063
Test-Close [2/30] LR=0.0001000 loss=1.079 ACC=100.000 F1=100.000 Rec=100.000 Prec=100.000

Saving best model . . . . . . . .

Train Client0 [3/30] LR=0.0001000 loss=0.306 ACC=100.000 F1=100.000 Rec=100.000 Prec=100.000
Train Client1 [3/30] LR=0.0001000 loss=1.520 ACC=99.884 F1=99.884 Rec=99.884 Prec=99.885
Train Client2 [3/30] LR=0.0001000 loss=0.597 ACC=100.000 F1=100.000 Rec=100.000 Prec=100.000
Train Client3 [3/30] LR=0.0001000 loss=0.314 ACC=100.000 F1=100.000 Rec=100.000 Prec=100.000
Train Client4 [3/30] LR=0.0001000 loss=0.632 ACC=100.000 F1=100.000 Rec=100.000 Prec=100.000
Train Client5 [3/30] LR=0.0001000 loss=0.000 ACC=100.000 F1=100.000 Rec=100.000 Prec=100.000
Train Client6 [3/30] LR=0.0001000 loss=0.320 ACC=100.000 F1=100.000 Rec=100.000 Prec=100.000
Train Client7 [3/30] LR=0.0001000 loss=0.000 ACC=100.000 F1=100.000 Rec=100.000 Prec=100.000

Test-  OSR [3/30] LR=0.0001000 ACC=37.500 F1=47.500 Rec=75.000 Prec=39.583 UNK=0.000 OS*=100.000 HOS=0.000 AUROC=48.926 AUPR=59.702 OSCR=19.923
Test-Close [3/30] LR=0.0001000 loss=1.079 ACC=100.000 F1=100.000 Rec=100.000 Prec=100.000

Saving best model . . . . . . . .

Train Client0 [4/30] LR=0.0001000 loss=0.610 ACC=100.000 F1=100.000 Rec=100.000 Prec=100.000
Train Client1 [4/30] LR=0.0001000 loss=0.305 ACC=100.000 F1=100.000 Rec=100.000 Prec=100.000
Train Client2 [4/30] LR=0.0001000 loss=0.000 ACC=100.000 F1=100.000 Rec=100.000 Prec=100.000
Train Client3 [4/30] LR=0.0001000 loss=0.592 ACC=100.000 F1=100.000 Rec=100.000 Prec=100.000
Train Client4 [4/30] LR=0.0001000 loss=0.621 ACC=100.000 F1=100.000 Rec=100.000 Prec=100.000
Train Client5 [4/30] LR=0.0001000 loss=0.300 ACC=100.000 F1=100.000 Rec=100.000 Prec=100.000
Train Client6 [4/30] LR=0.0001000 loss=0.000 ACC=100.000 F1=100.000 Rec=100.000 Prec=100.000
Train Client7 [4/30] LR=0.0001000 loss=0.000 ACC=100.000 F1=100.000 Rec=100.000 Prec=100.000

Test-  OSR [4/30] LR=0.0001000 ACC=37.500 F1=47.500 Rec=75.000 Prec=39.583 UNK=0.000 OS*=100.000 HOS=0.000 AUROC=50.069 AUPR=62.149 OSCR=19.775
Test-Close [4/30] LR=0.0001000 loss=1.080 ACC=100.000 F1=100.000 Rec=100.000 Prec=100.000

Train Client0 [5/30] LR=0.0001000 loss=0.000 ACC=100.000 F1=100.000 Rec=100.000 Prec=100.000
Train Client1 [5/30] LR=0.0001000 loss=0.295 ACC=100.000 F1=100.000 Rec=100.000 Prec=100.000
Train Client2 [5/30] LR=0.0001000 loss=0.000 ACC=100.000 F1=100.000 Rec=100.000 Prec=100.000
Train Client3 [5/30] LR=0.0001000 loss=0.291 ACC=100.000 F1=100.000 Rec=100.000 Prec=100.000
Train Client4 [5/30] LR=0.0001000 loss=0.002 ACC=100.000 F1=100.000 Rec=100.000 Prec=100.000
Train Client5 [5/30] LR=0.0001000 loss=0.880 ACC=100.000 F1=100.000 Rec=100.000 Prec=100.000
Train Client6 [5/30] LR=0.0001000 loss=0.000 ACC=100.000 F1=100.000 Rec=100.000 Prec=100.000
Train Client7 [5/30] LR=0.0001000 loss=0.588 ACC=100.000 F1=100.000 Rec=100.000 Prec=100.000

Test-  OSR [5/30] LR=0.0001000 ACC=37.500 F1=47.500 Rec=75.000 Prec=39.583 UNK=0.000 OS*=100.000 HOS=0.000 AUROC=45.276 AUPR=51.031 OSCR=16.338
Test-Close [5/30] LR=0.0001000 loss=1.081 ACC=100.000 F1=100.000 Rec=100.000 Prec=100.000

Train Client0 [6/30] LR=0.0001000 loss=0.411 ACC=99.884 F1=99.884 Rec=99.884 Prec=99.885
Train Client1 [6/30] LR=0.0001000 loss=0.842 ACC=100.000 F1=100.000 Rec=100.000 Prec=100.000
Train Client2 [6/30] LR=0.0001000 loss=0.000 ACC=100.000 F1=100.000 Rec=100.000 Prec=100.000
Train Client3 [6/30] LR=0.0001000 loss=0.000 ACC=100.000 F1=100.000 Rec=100.000 Prec=100.000
Train Client4 [6/30] LR=0.0001000 loss=0.582 ACC=100.000 F1=100.000 Rec=100.000 Prec=100.000
Train Client5 [6/30] LR=0.0001000 loss=0.861 ACC=100.000 F1=100.000 Rec=100.000 Prec=100.000
Train Client6 [6/30] LR=0.0001000 loss=0.000 ACC=100.000 F1=100.000 Rec=100.000 Prec=100.000
Train Client7 [6/30] LR=0.0001000 loss=0.583 ACC=100.000 F1=100.000 Rec=100.000 Prec=100.000

Test-  OSR [6/30] LR=0.0001000 ACC=37.500 F1=47.500 Rec=75.000 Prec=39.583 UNK=0.000 OS*=100.000 HOS=0.000 AUROC=48.083 AUPR=58.286 OSCR=19.150
Test-Close [6/30] LR=0.0001000 loss=1.081 ACC=100.000 F1=100.000 Rec=100.000 Prec=100.000

Train Client0 [7/30] LR=0.0001000 loss=0.550 ACC=100.000 F1=100.000 Rec=100.000 Prec=100.000
Train Client1 [7/30] LR=0.0001000 loss=0.273 ACC=100.000 F1=100.000 Rec=100.000 Prec=100.000
Train Client2 [7/30] LR=0.0001000 loss=0.882 ACC=100.000 F1=100.000 Rec=100.000 Prec=100.000
Train Client3 [7/30] LR=0.0001000 loss=0.840 ACC=100.000 F1=100.000 Rec=100.000 Prec=100.000
Train Client4 [7/30] LR=0.0001000 loss=0.000 ACC=100.000 F1=100.000 Rec=100.000 Prec=100.000
Train Client5 [7/30] LR=0.0001000 loss=0.000 ACC=100.000 F1=100.000 Rec=100.000 Prec=100.000
Train Client6 [7/30] LR=0.0001000 loss=0.000 ACC=100.000 F1=100.000 Rec=100.000 Prec=100.000
Train Client7 [7/30] LR=0.0001000 loss=0.000 ACC=100.000 F1=100.000 Rec=100.000 Prec=100.000

Test-  OSR [7/30] LR=0.0001000 ACC=37.500 F1=47.500 Rec=75.000 Prec=39.583 UNK=0.000 OS*=100.000 HOS=0.000 AUROC=49.193 AUPR=59.963 OSCR=19.365
Test-Close [7/30] LR=0.0001000 loss=1.081 ACC=100.000 F1=100.000 Rec=100.000 Prec=100.000

Train Client0 [8/30] LR=0.0001000 loss=0.817 ACC=100.000 F1=100.000 Rec=100.000 Prec=100.000
Train Client1 [8/30] LR=0.0001000 loss=1.368 ACC=99.537 F1=99.537 Rec=99.537 Prec=99.541
Train Client2 [8/30] LR=0.0001000 loss=0.269 ACC=100.000 F1=100.000 Rec=100.000 Prec=100.000
Train Client3 [8/30] LR=0.0001000 loss=0.000 ACC=100.000 F1=100.000 Rec=100.000 Prec=100.000
Train Client4 [8/30] LR=0.0001000 loss=0.000 ACC=100.000 F1=100.000 Rec=100.000 Prec=100.000
Train Client5 [8/30] LR=0.0001000 loss=0.000 ACC=100.000 F1=100.000 Rec=100.000 Prec=100.000
Train Client6 [8/30] LR=0.0001000 loss=0.790 ACC=100.000 F1=100.000 Rec=100.000 Prec=100.000
Train Client7 [8/30] LR=0.0001000 loss=0.265 ACC=100.000 F1=100.000 Rec=100.000 Prec=100.000

Test-  OSR [8/30] LR=0.0001000 ACC=37.500 F1=47.500 Rec=75.000 Prec=39.583 UNK=0.000 OS*=100.000 HOS=0.000 AUROC=50.977 AUPR=65.614 OSCR=19.464
Test-Close [8/30] LR=0.0001000 loss=1.078 ACC=100.000 F1=100.000 Rec=100.000 Prec=100.000

Train Client0 [9/30] LR=0.0001000 loss=0.258 ACC=100.000 F1=100.000 Rec=100.000 Prec=100.000
Train Client1 [9/30] LR=0.0001000 loss=0.264 ACC=100.000 F1=100.000 Rec=100.000 Prec=100.000
Train Client2 [9/30] LR=0.0001000 loss=0.270 ACC=100.000 F1=100.000 Rec=100.000 Prec=100.000
Train Client3 [9/30] LR=0.0001000 loss=0.734 ACC=100.000 F1=100.000 Rec=100.000 Prec=100.000
Train Client4 [9/30] LR=0.0001000 loss=0.000 ACC=100.000 F1=100.000 Rec=100.000 Prec=100.000
Train Client5 [9/30] LR=0.0001000 loss=0.327 ACC=100.000 F1=100.000 Rec=100.000 Prec=100.000
Train Client6 [9/30] LR=0.0001000 loss=0.000 ACC=100.000 F1=100.000 Rec=100.000 Prec=100.000
Train Client7 [9/30] LR=0.0001000 loss=0.258 ACC=100.000 F1=100.000 Rec=100.000 Prec=100.000

Test-  OSR [9/30] LR=0.0001000 ACC=37.500 F1=47.500 Rec=75.000 Prec=39.583 UNK=0.000 OS*=100.000 HOS=0.000 AUROC=47.900 AUPR=52.379 OSCR=15.656
Test-Close [9/30] LR=0.0001000 loss=1.083 ACC=100.000 F1=100.000 Rec=100.000 Prec=100.000

Train Client0 [10/30] LR=0.0001000 loss=0.000 ACC=100.000 F1=100.000 Rec=100.000 Prec=100.000
Train Client1 [10/30] LR=0.0001000 loss=0.254 ACC=100.000 F1=100.000 Rec=100.000 Prec=100.000
Train Client2 [10/30] LR=0.0001000 loss=0.748 ACC=99.884 F1=99.884 Rec=99.884 Prec=99.885
Train Client3 [10/30] LR=0.0001000 loss=0.737 ACC=100.000 F1=100.000 Rec=100.000 Prec=100.000
Train Client4 [10/30] LR=0.0001000 loss=0.000 ACC=100.000 F1=100.000 Rec=100.000 Prec=100.000
Train Client5 [10/30] LR=0.0001000 loss=0.000 ACC=100.000 F1=100.000 Rec=100.000 Prec=100.000
Train Client6 [10/30] LR=0.0001000 loss=0.000 ACC=100.000 F1=100.000 Rec=100.000 Prec=100.000
Train Client7 [10/30] LR=0.0001000 loss=0.260 ACC=100.000 F1=100.000 Rec=100.000 Prec=100.000

Test-  OSR [10/30] LR=0.0001000 ACC=37.500 F1=47.500 Rec=75.000 Prec=39.583 UNK=0.000 OS*=100.000 HOS=0.000 AUROC=50.374 AUPR=63.847 OSCR=17.931
Test-Close [10/30] LR=0.0001000 loss=1.079 ACC=100.000 F1=100.000 Rec=100.000 Prec=100.000

Train Client0 [11/30] LR=0.0001000 loss=0.247 ACC=100.000 F1=100.000 Rec=100.000 Prec=100.000
Train Client1 [11/30] LR=0.0001000 loss=0.000 ACC=100.000 F1=100.000 Rec=100.000 Prec=100.000
Train Client2 [11/30] LR=0.0001000 loss=0.000 ACC=100.000 F1=100.000 Rec=100.000 Prec=100.000
Train Client3 [11/30] LR=0.0001000 loss=0.000 ACC=100.000 F1=100.000 Rec=100.000 Prec=100.000
Train Client4 [11/30] LR=0.0001000 loss=0.000 ACC=100.000 F1=100.000 Rec=100.000 Prec=100.000
Train Client5 [11/30] LR=0.0001000 loss=0.000 ACC=100.000 F1=100.000 Rec=100.000 Prec=100.000
Train Client6 [11/30] LR=0.0001000 loss=0.487 ACC=100.000 F1=100.000 Rec=100.000 Prec=100.000
Train Client7 [11/30] LR=0.0001000 loss=0.328 ACC=99.650 F1=99.649 Rec=99.649 Prec=99.652

Test-  OSR [11/30] LR=0.0001000 ACC=37.500 F1=47.500 Rec=75.000 Prec=39.583 UNK=0.000 OS*=100.000 HOS=0.000 AUROC=51.990 AUPR=68.899 OSCR=19.816
Test-Close [11/30] LR=0.0001000 loss=1.080 ACC=100.000 F1=100.000 Rec=100.000 Prec=100.000

Train Client0 [12/30] LR=0.0001000 loss=0.000 ACC=100.000 F1=100.000 Rec=100.000 Prec=100.000
Train Client1 [12/30] LR=0.0001000 loss=0.230 ACC=100.000 F1=100.000 Rec=100.000 Prec=100.000
Train Client2 [12/30] LR=0.0001000 loss=0.232 ACC=100.000 F1=100.000 Rec=100.000 Prec=100.000
Train Client3 [12/30] LR=0.0001000 loss=0.000 ACC=100.000 F1=100.000 Rec=100.000 Prec=100.000
Train Client4 [12/30] LR=0.0001000 loss=0.000 ACC=100.000 F1=100.000 Rec=100.000 Prec=100.000
Train Client5 [12/30] LR=0.0001000 loss=0.247 ACC=100.000 F1=100.000 Rec=100.000 Prec=100.000
Train Client6 [12/30] LR=0.0001000 loss=0.256 ACC=100.000 F1=100.000 Rec=100.000 Prec=100.000
Train Client7 [12/30] LR=0.0001000 loss=0.534 ACC=99.883 F1=99.883 Rec=99.883 Prec=99.883

Test-  OSR [12/30] LR=0.0001000 ACC=37.500 F1=47.500 Rec=75.000 Prec=39.583 UNK=0.000 OS*=100.000 HOS=0.000 AUROC=50.757 AUPR=65.476 OSCR=18.362
Test-Close [12/30] LR=0.0001000 loss=1.079 ACC=100.000 F1=100.000 Rec=100.000 Prec=100.000

Train Client0 [13/30] LR=0.0001000 loss=0.451 ACC=100.000 F1=100.000 Rec=100.000 Prec=100.000
Train Client1 [13/30] LR=0.0001000 loss=0.000 ACC=100.000 F1=100.000 Rec=100.000 Prec=100.000
Train Client2 [13/30] LR=0.0001000 loss=0.000 ACC=100.000 F1=100.000 Rec=100.000 Prec=100.000
Train Client3 [13/30] LR=0.0001000 loss=0.457 ACC=100.000 F1=100.000 Rec=100.000 Prec=100.000
Train Client4 [13/30] LR=0.0001000 loss=0.000 ACC=100.000 F1=100.000 Rec=100.000 Prec=100.000
Train Client5 [13/30] LR=0.0001000 loss=0.000 ACC=100.000 F1=100.000 Rec=100.000 Prec=100.000
Train Client6 [13/30] LR=0.0001000 loss=0.460 ACC=100.000 F1=100.000 Rec=100.000 Prec=100.000
Train Client7 [13/30] LR=0.0001000 loss=0.237 ACC=100.000 F1=100.000 Rec=100.000 Prec=100.000

Test-  OSR [13/30] LR=0.0001000 ACC=37.500 F1=47.500 Rec=75.000 Prec=39.583 UNK=0.000 OS*=100.000 HOS=0.000 AUROC=51.273 AUPR=66.031 OSCR=19.691
Test-Close [13/30] LR=0.0001000 loss=1.081 ACC=100.000 F1=100.000 Rec=100.000 Prec=100.000

Train Client0 [14/30] LR=0.0001000 loss=0.000 ACC=100.000 F1=100.000 Rec=100.000 Prec=100.000
Train Client1 [14/30] LR=0.0001000 loss=0.000 ACC=100.000 F1=100.000 Rec=100.000 Prec=100.000
Train Client2 [14/30] LR=0.0001000 loss=0.000 ACC=100.000 F1=100.000 Rec=100.000 Prec=100.000
Train Client3 [14/30] LR=0.0001000 loss=0.114 ACC=99.884 F1=99.884 Rec=99.884 Prec=99.885
Train Client4 [14/30] LR=0.0001000 loss=0.000 ACC=100.000 F1=100.000 Rec=100.000 Prec=100.000
Train Client5 [14/30] LR=0.0001000 loss=0.000 ACC=100.000 F1=100.000 Rec=100.000 Prec=100.000
Train Client6 [14/30] LR=0.0001000 loss=0.000 ACC=100.000 F1=100.000 Rec=100.000 Prec=100.000
Train Client7 [14/30] LR=0.0001000 loss=0.428 ACC=100.000 F1=100.000 Rec=100.000 Prec=100.000

Test-  OSR [14/30] LR=0.0001000 ACC=37.500 F1=47.500 Rec=75.000 Prec=39.583 UNK=0.000 OS*=100.000 HOS=0.000 AUROC=49.305 AUPR=58.140 OSCR=16.692
Test-Close [14/30] LR=0.0001000 loss=1.080 ACC=100.000 F1=100.000 Rec=100.000 Prec=100.000

Train Client0 [15/30] LR=0.0001000 loss=1.400 ACC=99.190 F1=99.187 Rec=99.190 Prec=99.200
Train Client1 [15/30] LR=0.0001000 loss=0.000 ACC=100.000 F1=100.000 Rec=100.000 Prec=100.000
Train Client2 [15/30] LR=0.0001000 loss=0.000 ACC=100.000 F1=100.000 Rec=100.000 Prec=100.000
Train Client3 [15/30] LR=0.0001000 loss=0.000 ACC=100.000 F1=100.000 Rec=100.000 Prec=100.000
Train Client4 [15/30] LR=0.0001000 loss=0.000 ACC=100.000 F1=100.000 Rec=100.000 Prec=100.000
Train Client5 [15/30] LR=0.0001000 loss=0.223 ACC=100.000 F1=100.000 Rec=100.000 Prec=100.000
Train Client6 [15/30] LR=0.0001000 loss=0.232 ACC=100.000 F1=100.000 Rec=100.000 Prec=100.000
Train Client7 [15/30] LR=0.0001000 loss=0.000 ACC=100.000 F1=100.000 Rec=100.000 Prec=100.000

Test-  OSR [15/30] LR=0.0001000 ACC=37.500 F1=47.500 Rec=75.000 Prec=39.583 UNK=0.000 OS*=100.000 HOS=0.000 AUROC=49.238 AUPR=57.854 OSCR=16.645
Test-Close [15/30] LR=0.0001000 loss=1.080 ACC=100.000 F1=100.000 Rec=100.000 Prec=100.000

Train Client0 [16/30] LR=0.0001000 loss=0.424 ACC=100.000 F1=100.000 Rec=100.000 Prec=100.000
Train Client1 [16/30] LR=0.0001000 loss=0.000 ACC=100.000 F1=100.000 Rec=100.000 Prec=100.000
Train Client2 [16/30] LR=0.0001000 loss=0.213 ACC=100.000 F1=100.000 Rec=100.000 Prec=100.000
Train Client3 [16/30] LR=0.0001000 loss=0.213 ACC=100.000 F1=100.000 Rec=100.000 Prec=100.000
Train Client4 [16/30] LR=0.0001000 loss=1.121 ACC=100.000 F1=100.000 Rec=100.000 Prec=100.000
Train Client5 [16/30] LR=0.0001000 loss=0.000 ACC=100.000 F1=100.000 Rec=100.000 Prec=100.000
Train Client6 [16/30] LR=0.0001000 loss=0.000 ACC=100.000 F1=100.000 Rec=100.000 Prec=100.000
Train Client7 [16/30] LR=0.0001000 loss=0.000 ACC=100.000 F1=100.000 Rec=100.000 Prec=100.000

Test-  OSR [16/30] LR=0.0001000 ACC=37.500 F1=47.500 Rec=75.000 Prec=39.583 UNK=0.000 OS*=100.000 HOS=0.000 AUROC=46.989 AUPR=45.268 OSCR=14.769
Test-Close [16/30] LR=0.0001000 loss=1.082 ACC=100.000 F1=100.000 Rec=100.000 Prec=100.000

Train Client0 [17/30] LR=0.0001000 loss=0.000 ACC=100.000 F1=100.000 Rec=100.000 Prec=100.000
Train Client1 [17/30] LR=0.0001000 loss=0.000 ACC=100.000 F1=100.000 Rec=100.000 Prec=100.000
Train Client2 [17/30] LR=0.0001000 loss=0.205 ACC=100.000 F1=100.000 Rec=100.000 Prec=100.000
Train Client3 [17/30] LR=0.0001000 loss=0.424 ACC=100.000 F1=100.000 Rec=100.000 Prec=100.000
Train Client4 [17/30] LR=0.0001000 loss=0.211 ACC=100.000 F1=100.000 Rec=100.000 Prec=100.000
Train Client5 [17/30] LR=0.0001000 loss=0.424 ACC=100.000 F1=100.000 Rec=100.000 Prec=100.000
Train Client6 [17/30] LR=0.0001000 loss=0.000 ACC=100.000 F1=100.000 Rec=100.000 Prec=100.000
Train Client7 [17/30] LR=0.0001000 loss=0.214 ACC=100.000 F1=100.000 Rec=100.000 Prec=100.000

Test-  OSR [17/30] LR=0.0001000 ACC=37.500 F1=47.500 Rec=75.000 Prec=39.583 UNK=0.000 OS*=100.000 HOS=0.000 AUROC=48.882 AUPR=55.470 OSCR=16.120
Test-Close [17/30] LR=0.0001000 loss=1.081 ACC=100.000 F1=100.000 Rec=100.000 Prec=100.000

Train Client0 [18/30] LR=0.0001000 loss=0.200 ACC=100.000 F1=100.000 Rec=100.000 Prec=100.000
Train Client1 [18/30] LR=0.0001000 loss=0.000 ACC=100.000 F1=100.000 Rec=100.000 Prec=100.000
Train Client2 [18/30] LR=0.0001000 loss=0.000 ACC=100.000 F1=100.000 Rec=100.000 Prec=100.000
Train Client3 [18/30] LR=0.0001000 loss=0.000 ACC=100.000 F1=100.000 Rec=100.000 Prec=100.000
Train Client4 [18/30] LR=0.0001000 loss=0.000 ACC=100.000 F1=100.000 Rec=100.000 Prec=100.000
Train Client5 [18/30] LR=0.0001000 loss=1.160 ACC=100.000 F1=100.000 Rec=100.000 Prec=100.000
Train Client6 [18/30] LR=0.0001000 loss=0.228 ACC=100.000 F1=100.000 Rec=100.000 Prec=100.000
Train Client7 [18/30] LR=0.0001000 loss=0.000 ACC=100.000 F1=100.000 Rec=100.000 Prec=100.000

Test-  OSR [18/30] LR=0.0001000 ACC=37.500 F1=47.500 Rec=75.000 Prec=39.583 UNK=0.000 OS*=100.000 HOS=0.000 AUROC=48.033 AUPR=52.607 OSCR=16.002
Test-Close [18/30] LR=0.0001000 loss=1.080 ACC=100.000 F1=100.000 Rec=100.000 Prec=100.000

Train Client0 [19/30] LR=0.0001000 loss=0.206 ACC=100.000 F1=100.000 Rec=100.000 Prec=100.000
Train Client1 [19/30] LR=0.0001000 loss=0.435 ACC=99.769 F1=99.769 Rec=99.769 Prec=99.770
Train Client2 [19/30] LR=0.0001000 loss=0.203 ACC=100.000 F1=100.000 Rec=100.000 Prec=100.000
Train Client3 [19/30] LR=0.0001000 loss=0.000 ACC=100.000 F1=100.000 Rec=100.000 Prec=100.000
Train Client4 [19/30] LR=0.0001000 loss=0.192 ACC=100.000 F1=100.000 Rec=100.000 Prec=100.000
Train Client5 [19/30] LR=0.0001000 loss=0.000 ACC=100.000 F1=100.000 Rec=100.000 Prec=100.000
Train Client6 [19/30] LR=0.0001000 loss=0.001 ACC=100.000 F1=100.000 Rec=100.000 Prec=100.000
Train Client7 [19/30] LR=0.0001000 loss=0.000 ACC=100.000 F1=100.000 Rec=100.000 Prec=100.000

Test-  OSR [19/30] LR=0.0001000 ACC=37.500 F1=47.500 Rec=75.000 Prec=39.583 UNK=0.000 OS*=100.000 HOS=0.000 AUROC=49.594 AUPR=58.731 OSCR=16.264
Test-Close [19/30] LR=0.0001000 loss=1.079 ACC=100.000 F1=100.000 Rec=100.000 Prec=100.000

Train Client0 [20/30] LR=0.0001000 loss=0.382 ACC=100.000 F1=100.000 Rec=100.000 Prec=100.000
Train Client1 [20/30] LR=0.0001000 loss=0.211 ACC=99.884 F1=99.884 Rec=99.884 Prec=99.885
Train Client2 [20/30] LR=0.0001000 loss=1.054 ACC=99.190 F1=99.190 Rec=99.190 Prec=99.198
Train Client3 [20/30] LR=0.0001000 loss=0.000 ACC=100.000 F1=100.000 Rec=100.000 Prec=100.000
Train Client4 [20/30] LR=0.0001000 loss=0.000 ACC=100.000 F1=100.000 Rec=100.000 Prec=100.000
Train Client5 [20/30] LR=0.0001000 loss=0.000 ACC=100.000 F1=100.000 Rec=100.000 Prec=100.000
Train Client6 [20/30] LR=0.0001000 loss=0.601 ACC=100.000 F1=100.000 Rec=100.000 Prec=100.000
Train Client7 [20/30] LR=0.0001000 loss=0.000 ACC=100.000 F1=100.000 Rec=100.000 Prec=100.000

Test-  OSR [20/30] LR=0.0001000 ACC=37.500 F1=47.500 Rec=75.000 Prec=39.583 UNK=0.000 OS*=100.000 HOS=0.000 AUROC=48.565 AUPR=53.146 OSCR=15.671
Test-Close [20/30] LR=0.0001000 loss=1.082 ACC=100.000 F1=100.000 Rec=100.000 Prec=100.000

Train Client0 [21/30] LR=0.0001000 loss=0.000 ACC=100.000 F1=100.000 Rec=100.000 Prec=100.000
Train Client1 [21/30] LR=0.0001000 loss=0.466 ACC=99.769 F1=99.769 Rec=99.769 Prec=99.770
Train Client2 [21/30] LR=0.0001000 loss=0.000 ACC=100.000 F1=100.000 Rec=100.000 Prec=100.000
Train Client3 [21/30] LR=0.0001000 loss=0.174 ACC=100.000 F1=100.000 Rec=100.000 Prec=100.000
Train Client4 [21/30] LR=0.0001000 loss=0.000 ACC=100.000 F1=100.000 Rec=100.000 Prec=100.000
Train Client5 [21/30] LR=0.0001000 loss=0.205 ACC=100.000 F1=100.000 Rec=100.000 Prec=100.000
Train Client6 [21/30] LR=0.0001000 loss=0.000 ACC=100.000 F1=100.000 Rec=100.000 Prec=100.000
Train Client7 [21/30] LR=0.0001000 loss=0.000 ACC=100.000 F1=100.000 Rec=100.000 Prec=100.000

Test-  OSR [21/30] LR=0.0001000 ACC=37.500 F1=47.500 Rec=75.000 Prec=39.583 UNK=0.000 OS*=100.000 HOS=0.000 AUROC=48.761 AUPR=54.278 OSCR=15.951
Test-Close [21/30] LR=0.0001000 loss=1.081 ACC=100.000 F1=100.000 Rec=100.000 Prec=100.000

Train Client0 [22/30] LR=0.0001000 loss=0.000 ACC=100.000 F1=100.000 Rec=100.000 Prec=100.000
Train Client1 [22/30] LR=0.0001000 loss=0.000 ACC=100.000 F1=100.000 Rec=100.000 Prec=100.000
Train Client2 [22/30] LR=0.0001000 loss=0.356 ACC=99.421 F1=99.420 Rec=99.421 Prec=99.426
Train Client3 [22/30] LR=0.0001000 loss=0.333 ACC=99.769 F1=99.769 Rec=99.769 Prec=99.770
Train Client4 [22/30] LR=0.0001000 loss=0.184 ACC=100.000 F1=100.000 Rec=100.000 Prec=100.000
Train Client5 [22/30] LR=0.0001000 loss=0.193 ACC=100.000 F1=100.000 Rec=100.000 Prec=100.000
Train Client6 [22/30] LR=0.0001000 loss=0.000 ACC=100.000 F1=100.000 Rec=100.000 Prec=100.000
Train Client7 [22/30] LR=0.0001000 loss=0.000 ACC=100.000 F1=100.000 Rec=100.000 Prec=100.000

Test-  OSR [22/30] LR=0.0001000 ACC=37.500 F1=47.500 Rec=75.000 Prec=39.583 UNK=0.000 OS*=100.000 HOS=0.000 AUROC=46.034 AUPR=43.125 OSCR=14.365
Test-Close [22/30] LR=0.0001000 loss=1.082 ACC=100.000 F1=100.000 Rec=100.000 Prec=100.000

Train Client0 [23/30] LR=0.0001000 loss=0.000 ACC=100.000 F1=100.000 Rec=100.000 Prec=100.000
Train Client1 [23/30] LR=0.0001000 loss=0.000 ACC=100.000 F1=100.000 Rec=100.000 Prec=100.000
Train Client2 [23/30] LR=0.0001000 loss=0.000 ACC=100.000 F1=100.000 Rec=100.000 Prec=100.000
Train Client3 [23/30] LR=0.0001000 loss=0.000 ACC=100.000 F1=100.000 Rec=100.000 Prec=100.000
Train Client4 [23/30] LR=0.0001000 loss=0.000 ACC=100.000 F1=100.000 Rec=100.000 Prec=100.000
Train Client5 [23/30] LR=0.0001000 loss=0.000 ACC=100.000 F1=100.000 Rec=100.000 Prec=100.000
Train Client6 [23/30] LR=0.0001000 loss=0.000 ACC=100.000 F1=100.000 Rec=100.000 Prec=100.000
Train Client7 [23/30] LR=0.0001000 loss=0.374 ACC=99.883 F1=99.883 Rec=99.883 Prec=99.884

Test-  OSR [23/30] LR=0.0001000 ACC=37.500 F1=47.500 Rec=75.000 Prec=39.583 UNK=0.000 OS*=100.000 HOS=0.000 AUROC=48.292 AUPR=49.019 OSCR=15.197
Test-Close [23/30] LR=0.0001000 loss=1.082 ACC=100.000 F1=100.000 Rec=100.000 Prec=100.000

Train Client0 [24/30] LR=0.0001000 loss=0.000 ACC=100.000 F1=100.000 Rec=100.000 Prec=100.000
Train Client1 [24/30] LR=0.0001000 loss=0.182 ACC=100.000 F1=100.000 Rec=100.000 Prec=100.000
Train Client2 [24/30] LR=0.0001000 loss=0.164 ACC=100.000 F1=100.000 Rec=100.000 Prec=100.000
Train Client3 [24/30] LR=0.0001000 loss=0.284 ACC=99.537 F1=99.537 Rec=99.537 Prec=99.543
Train Client4 [24/30] LR=0.0001000 loss=0.000 ACC=100.000 F1=100.000 Rec=100.000 Prec=100.000
Train Client5 [24/30] LR=0.0001000 loss=0.575 ACC=99.883 F1=99.883 Rec=99.883 Prec=99.883
Train Client6 [24/30] LR=0.0001000 loss=0.000 ACC=100.000 F1=100.000 Rec=100.000 Prec=100.000
Train Client7 [24/30] LR=0.0001000 loss=0.000 ACC=100.000 F1=100.000 Rec=100.000 Prec=100.000

Test-  OSR [24/30] LR=0.0001000 ACC=37.500 F1=47.500 Rec=75.000 Prec=39.583 UNK=0.000 OS*=100.000 HOS=0.000 AUROC=45.816 AUPR=39.582 OSCR=14.059
Test-Close [24/30] LR=0.0001000 loss=1.084 ACC=100.000 F1=100.000 Rec=100.000 Prec=100.000

Train Client0 [25/30] LR=0.0001000 loss=0.173 ACC=100.000 F1=100.000 Rec=100.000 Prec=100.000
Train Client1 [25/30] LR=0.0001000 loss=0.000 ACC=100.000 F1=100.000 Rec=100.000 Prec=100.000
Train Client2 [25/30] LR=0.0001000 loss=0.200 ACC=100.000 F1=100.000 Rec=100.000 Prec=100.000
Train Client3 [25/30] LR=0.0001000 loss=0.000 ACC=100.000 F1=100.000 Rec=100.000 Prec=100.000
Train Client4 [25/30] LR=0.0001000 loss=0.000 ACC=100.000 F1=100.000 Rec=100.000 Prec=100.000
Train Client5 [25/30] LR=0.0001000 loss=0.203 ACC=99.883 F1=99.883 Rec=99.883 Prec=99.883
Train Client6 [25/30] LR=0.0001000 loss=0.000 ACC=100.000 F1=100.000 Rec=100.000 Prec=100.000
Train Client7 [25/30] LR=0.0001000 loss=0.180 ACC=99.883 F1=99.884 Rec=99.884 Prec=99.884

Test-  OSR [25/30] LR=0.0001000 ACC=37.500 F1=47.500 Rec=75.000 Prec=39.583 UNK=0.000 OS*=100.000 HOS=0.000 AUROC=49.092 AUPR=50.625 OSCR=15.317
Test-Close [25/30] LR=0.0001000 loss=1.080 ACC=100.000 F1=100.000 Rec=100.000 Prec=100.000

Train Client0 [26/30] LR=0.0001000 loss=0.000 ACC=100.000 F1=100.000 Rec=100.000 Prec=100.000
Train Client1 [26/30] LR=0.0001000 loss=0.000 ACC=100.000 F1=100.000 Rec=100.000 Prec=100.000
Train Client2 [26/30] LR=0.0001000 loss=0.000 ACC=100.000 F1=100.000 Rec=100.000 Prec=100.000
Train Client3 [26/30] LR=0.0001000 loss=0.160 ACC=100.000 F1=100.000 Rec=100.000 Prec=100.000
Train Client4 [26/30] LR=0.0001000 loss=0.172 ACC=100.000 F1=100.000 Rec=100.000 Prec=100.000
Train Client5 [26/30] LR=0.0001000 loss=0.000 ACC=100.000 F1=100.000 Rec=100.000 Prec=100.000
Train Client6 [26/30] LR=0.0001000 loss=0.178 ACC=100.000 F1=100.000 Rec=100.000 Prec=100.000
Train Client7 [26/30] LR=0.0001000 loss=0.508 ACC=100.000 F1=100.000 Rec=100.000 Prec=100.000

Test-  OSR [26/30] LR=0.0001000 ACC=37.500 F1=47.500 Rec=75.000 Prec=39.583 UNK=0.000 OS*=100.000 HOS=0.000 AUROC=49.308 AUPR=55.155 OSCR=15.751
Test-Close [26/30] LR=0.0001000 loss=1.078 ACC=100.000 F1=100.000 Rec=100.000 Prec=100.000

Train Client0 [27/30] LR=0.0001000 loss=0.000 ACC=100.000 F1=100.000 Rec=100.000 Prec=100.000
Train Client1 [27/30] LR=0.0001000 loss=0.624 ACC=100.000 F1=100.000 Rec=100.000 Prec=100.000
Train Client2 [27/30] LR=0.0001000 loss=0.154 ACC=100.000 F1=100.000 Rec=100.000 Prec=100.000
Train Client3 [27/30] LR=0.0001000 loss=0.157 ACC=100.000 F1=100.000 Rec=100.000 Prec=100.000
Train Client4 [27/30] LR=0.0001000 loss=0.000 ACC=100.000 F1=100.000 Rec=100.000 Prec=100.000
Train Client5 [27/30] LR=0.0001000 loss=0.000 ACC=100.000 F1=100.000 Rec=100.000 Prec=100.000
Train Client6 [27/30] LR=0.0001000 loss=0.000 ACC=100.000 F1=100.000 Rec=100.000 Prec=100.000
Train Client7 [27/30] LR=0.0001000 loss=0.000 ACC=100.000 F1=100.000 Rec=100.000 Prec=100.000

Test-  OSR [27/30] LR=0.0001000 ACC=37.500 F1=47.500 Rec=75.000 Prec=39.583 UNK=0.000 OS*=100.000 HOS=0.000 AUROC=48.115 AUPR=43.300 OSCR=14.755
Test-Close [27/30] LR=0.0001000 loss=1.079 ACC=100.000 F1=100.000 Rec=100.000 Prec=100.000

Train Client0 [28/30] LR=0.0001000 loss=0.296 ACC=99.769 F1=99.769 Rec=99.769 Prec=99.770
Train Client1 [28/30] LR=0.0001000 loss=0.311 ACC=100.000 F1=100.000 Rec=100.000 Prec=100.000
Train Client2 [28/30] LR=0.0001000 loss=0.000 ACC=100.000 F1=100.000 Rec=100.000 Prec=100.000
Train Client3 [28/30] LR=0.0001000 loss=0.000 ACC=100.000 F1=100.000 Rec=100.000 Prec=100.000
Train Client4 [28/30] LR=0.0001000 loss=0.000 ACC=100.000 F1=100.000 Rec=100.000 Prec=100.000
Train Client5 [28/30] LR=0.0001000 loss=0.156 ACC=100.000 F1=100.000 Rec=100.000 Prec=100.000
Train Client6 [28/30] LR=0.0001000 loss=0.317 ACC=100.000 F1=100.000 Rec=100.000 Prec=100.000
Train Client7 [28/30] LR=0.0001000 loss=0.154 ACC=100.000 F1=100.000 Rec=100.000 Prec=100.000

Test-  OSR [28/30] LR=0.0001000 ACC=37.500 F1=47.500 Rec=75.000 Prec=39.583 UNK=0.000 OS*=100.000 HOS=0.000 AUROC=49.160 AUPR=52.920 OSCR=15.402
Test-Close [28/30] LR=0.0001000 loss=1.080 ACC=100.000 F1=100.000 Rec=100.000 Prec=100.000

Train Client0 [29/30] LR=0.0001000 loss=0.265 ACC=99.537 F1=99.536 Rec=99.537 Prec=99.541
Train Client1 [29/30] LR=0.0001000 loss=0.000 ACC=100.000 F1=100.000 Rec=100.000 Prec=100.000
Train Client2 [29/30] LR=0.0001000 loss=0.000 ACC=100.000 F1=100.000 Rec=100.000 Prec=100.000
Train Client3 [29/30] LR=0.0001000 loss=0.156 ACC=100.000 F1=100.000 Rec=100.000 Prec=100.000
Train Client4 [29/30] LR=0.0001000 loss=0.000 ACC=100.000 F1=100.000 Rec=100.000 Prec=100.000
Train Client5 [29/30] LR=0.0001000 loss=0.150 ACC=100.000 F1=100.000 Rec=100.000 Prec=100.000
Train Client6 [29/30] LR=0.0001000 loss=0.000 ACC=100.000 F1=100.000 Rec=100.000 Prec=100.000
Train Client7 [29/30] LR=0.0001000 loss=0.000 ACC=100.000 F1=100.000 Rec=100.000 Prec=100.000

Test-  OSR [29/30] LR=0.0001000 ACC=37.500 F1=47.500 Rec=75.000 Prec=39.583 UNK=0.000 OS*=100.000 HOS=0.000 AUROC=48.004 AUPR=47.323 OSCR=15.123
Test-Close [29/30] LR=0.0001000 loss=1.081 ACC=100.000 F1=100.000 Rec=100.000 Prec=100.000

------>Best performance (by OSCR)--->>>>>>>

Test-  OSR [3/30] LR=0.0001000 ACC=37.500 F1=47.500 Rec=75.000 Prec=39.583 UNK=0.000 OS*=100.000 HOS=0.000 AUROC=48.926 AUPR=59.702 OSCR=19.923
Test-Close [3/30] LR=0.0001000 loss=1.079 ACC=100.000 F1=100.000 Rec=100.000 Prec=100.000
=====================================================================================================================================
The ending time ：2026-07-06 22:25:03
