Logging to: ./logs/RetinalOCT_Finetune_K5_U3_seed0_20260528_164237.log
==> Preparing data..
Known class list: [6 2 1 7 3] Unknown class list [0 5 4]
Total images — Train: 18400, Val: 2800, Test: 2800
{6: 0, 2: 1, 1: 2, 7: 3, 3: 4} {0: 5, 5: 6, 4: 7}
Known origin: [6 2 1 7 3] , new: [0 1 2 3 4]
Unknown origin: [0 5 4] , new: [5 6 7]
Known/Unknown in Train: 11500/6900
Known/Unknown in Val:   1750/1050
Known/Unknown in Test:  1750/1050
Client0 sample num: 1861
Client1 sample num: 2876
Client2 sample num: 2109
Client3 sample num: 533
Client4 sample num: 1312
Client5 sample num: 1125
Client6 sample num: 362
Client7 sample num: 1322

>>> Setting up
==> Building [Resnet18] model..
154
154
154
154
154
154
154
154
154
154
154
154
154
154
154
154
154
154
Train Client0 [0/30] LR=0.0001000 loss=17.146 ACC=94.881 F1=75.949 Rec=76.445 Prec=75.537
Train Client1 [0/30] LR=0.0001000 loss=12.265 ACC=97.911 F1=92.748 Rec=94.801 Prec=91.196
Train Client2 [0/30] LR=0.0001000 loss=15.126 ACC=95.010 F1=89.092 Rec=91.319 Prec=87.399
Train Client3 [0/30] LR=0.0001000 loss=25.209 ACC=97.538 F1=94.631 Rec=97.559 Prec=92.427
Train Client4 [0/30] LR=0.0001000 loss=19.152 ACC=95.655 F1=80.177 Rec=88.586 Prec=76.425
Train Client5 [0/30] LR=0.0001000 loss=20.912 ACC=96.964 F1=84.663 Rec=97.706 Prec=82.307
Train Client6 [0/30] LR=0.0001000 loss=27.025 ACC=84.167 F1=79.090 Rec=92.755 Prec=72.210
Train Client7 [0/30] LR=0.0001000 loss=19.534 ACC=91.894 F1=78.772 Rec=92.020 Prec=74.623

Test-  OSR [0/30] LR=0.0001000 ACC=60.179 F1=63.147 Rec=80.238 Prec=53.829 UNK=0.000 OS*=96.286 HOS=0.000 AUROC=82.089 AUPR=67.987 OSCR=80.596
Test-Close [0/30] LR=0.0001000 loss=1.781 ACC=96.286 F1=96.257 Rec=96.286 Prec=96.361

Saving best model . . . . . . . .

Train Client0 [1/30] LR=0.0001000 loss=2.654 ACC=95.744 F1=76.704 Rec=76.744 Prec=76.670
Train Client1 [1/30] LR=0.0001000 loss=1.717 ACC=97.737 F1=92.838 Rec=92.632 Prec=93.106
Train Client2 [1/30] LR=0.0001000 loss=2.133 ACC=95.770 F1=89.675 Rec=91.015 Prec=88.501
Train Client3 [1/30] LR=0.0001000 loss=6.043 ACC=96.023 F1=94.130 Rec=96.031 Prec=92.496
Train Client4 [1/30] LR=0.0001000 loss=2.844 ACC=97.409 F1=86.536 Rec=93.976 Prec=82.275
Train Client5 [1/30] LR=0.0001000 loss=3.673 ACC=96.429 F1=83.219 Rec=92.150 Prec=81.405
Train Client6 [1/30] LR=0.0001000 loss=7.756 ACC=86.944 F1=81.938 Rec=93.959 Prec=75.959
Train Client7 [1/30] LR=0.0001000 loss=4.120 ACC=91.742 F1=75.598 Rec=93.724 Prec=72.059

Test-  OSR [1/30] LR=0.0001000 ACC=64.179 F1=69.068 Rec=81.381 Prec=72.828 UNK=12.571 OS*=95.143 HOS=22.208 AUROC=85.689 AUPR=73.572 OSCR=83.916
Test-Close [1/30] LR=0.0001000 loss=1.814 ACC=95.886 F1=95.840 Rec=95.886 Prec=95.998

Saving best model . . . . . . . .

Train Client0 [2/30] LR=0.0001000 loss=0.556 ACC=94.235 F1=75.502 Rec=75.660 Prec=75.364
Train Client1 [2/30] LR=0.0001000 loss=0.253 ACC=98.364 F1=94.116 Rec=94.733 Prec=93.524
Train Client2 [2/30] LR=0.0001000 loss=0.424 ACC=96.340 F1=91.317 Rec=91.439 Prec=91.219
Train Client3 [2/30] LR=0.0001000 loss=0.508 ACC=96.970 F1=96.251 Rec=96.325 Prec=96.178
Train Client4 [2/30] LR=0.0001000 loss=0.289 ACC=97.866 F1=89.279 Rec=96.631 Prec=85.300
Train Client5 [2/30] LR=0.0001000 loss=0.379 ACC=97.321 F1=85.637 Rec=93.322 Prec=82.990
Train Client6 [2/30] LR=0.0001000 loss=1.317 ACC=87.778 F1=85.367 Rec=96.005 Prec=80.098
Train Client7 [2/30] LR=0.0001000 loss=0.910 ACC=93.258 F1=86.393 Rec=94.739 Prec=81.548

Test-  OSR [2/30] LR=0.0001000 ACC=64.750 F1=70.030 Rec=80.810 Prec=72.027 UNK=16.571 OS*=93.657 HOS=28.160 AUROC=79.500 AUPR=66.514 OSCR=77.607
Test-Close [2/30] LR=0.0001000 loss=1.878 ACC=95.657 F1=95.610 Rec=95.657 Prec=95.875

Train Client0 [3/30] LR=0.0001000 loss=0.477 ACC=94.720 F1=75.637 Rec=75.888 Prec=75.403
Train Client1 [3/30] LR=0.0001000 loss=0.216 ACC=98.538 F1=94.313 Rec=95.427 Prec=93.326
Train Client2 [3/30] LR=0.0001000 loss=0.409 ACC=95.817 F1=89.742 Rec=90.389 Prec=89.137
Train Client3 [3/30] LR=0.0001000 loss=0.417 ACC=95.644 F1=93.524 Rec=95.206 Prec=92.092
Train Client4 [3/30] LR=0.0001000 loss=0.287 ACC=97.485 F1=84.934 Rec=91.823 Prec=81.152
Train Client5 [3/30] LR=0.0001000 loss=0.250 ACC=98.393 F1=88.170 Rec=93.782 Prec=85.765
Train Client6 [3/30] LR=0.0001000 loss=1.365 ACC=84.722 F1=81.544 Rec=92.598 Prec=75.861
Train Client7 [3/30] LR=0.0001000 loss=0.709 ACC=94.545 F1=84.898 Rec=96.526 Prec=80.162

Test-  OSR [3/30] LR=0.0001000 ACC=65.536 F1=70.621 Rec=81.698 Prec=72.473 UNK=17.048 OS*=94.629 HOS=28.891 AUROC=78.375 AUPR=67.636 OSCR=76.817
Test-Close [3/30] LR=0.0001000 loss=1.851 ACC=96.114 F1=96.070 Rec=96.114 Prec=96.251

Train Client0 [4/30] LR=0.0001000 loss=0.440 ACC=94.989 F1=76.076 Rec=76.479 Prec=75.734
Train Client1 [4/30] LR=0.0001000 loss=0.175 ACC=98.677 F1=94.592 Rec=94.195 Prec=95.046
Train Client2 [4/30] LR=0.0001000 loss=0.361 ACC=96.863 F1=92.995 Rec=93.844 Prec=92.209
Train Client3 [4/30] LR=0.0001000 loss=0.378 ACC=97.348 F1=94.433 Rec=96.991 Prec=92.648
Train Client4 [4/30] LR=0.0001000 loss=0.231 ACC=98.018 F1=88.776 Rec=94.447 Prec=85.008
Train Client5 [4/30] LR=0.0001000 loss=0.235 ACC=97.946 F1=85.243 Rec=88.646 Prec=83.515
Train Client6 [4/30] LR=0.0001000 loss=1.354 ACC=85.556 F1=80.662 Rec=93.884 Prec=73.549
Train Client7 [4/30] LR=0.0001000 loss=0.666 ACC=94.545 F1=87.415 Rec=96.461 Prec=82.286

Test-  OSR [4/30] LR=0.0001000 ACC=66.571 F1=71.516 Rec=82.032 Prec=73.040 UNK=20.190 OS*=94.400 HOS=33.266 AUROC=73.104 AUPR=64.805 OSCR=71.537
Test-Close [4/30] LR=0.0001000 loss=1.867 ACC=96.171 F1=96.130 Rec=96.171 Prec=96.304

Train Client0 [5/30] LR=0.0001000 loss=0.408 ACC=95.690 F1=76.441 Rec=76.801 Prec=76.116
Train Client1 [5/30] LR=0.0001000 loss=0.171 ACC=98.607 F1=93.718 Rec=94.426 Prec=93.056
Train Client2 [5/30] LR=0.0001000 loss=0.312 ACC=97.433 F1=94.473 Rec=94.392 Prec=94.584
Train Client3 [5/30] LR=0.0001000 loss=0.367 ACC=96.212 F1=92.187 Rec=96.160 Prec=89.575
Train Client4 [5/30] LR=0.0001000 loss=0.253 ACC=97.942 F1=89.160 Rec=96.912 Prec=84.833
Train Client5 [5/30] LR=0.0001000 loss=0.206 ACC=98.393 F1=88.033 Rec=93.881 Prec=85.400
Train Client6 [5/30] LR=0.0001000 loss=1.367 ACC=86.667 F1=82.679 Rec=94.634 Prec=76.415
