Logging to: ./logs/RetinalOCT_Pretrain_K5_U3_seed0_20260615_161421.log
==> Preparing data..
Known class list: [6 2 1 7 3] Unknown class list [0 5 4]
Total images — Train: 18400, Val: 2800, Test: 2800
{6: 0, 2: 1, 1: 2, 7: 3, 3: 4} {0: 5, 5: 6, 4: 7}
Known origin: [6 2 1 7 3] , new: [0 1 2 3 4]
Unknown origin: [0 5 4] , new: [5 6 7]
Known/Unknown in Train: 11500/6900
Known/Unknown in Val:   1750/1050
Known/Unknown in Test:  1750/1050
Client0 sample num: 1861
Client1 sample num: 2876
Client2 sample num: 2109
Client3 sample num: 533
Client4 sample num: 1312
Client5 sample num: 1125
Client6 sample num: 362
Client7 sample num: 1322

>>> Setting up
==> Building [Resnet18] model..
154
120
Train Client0 [0/50] LR=0.0005000 loss=1.453 ACC=70.259 F1=50.610 Rec=50.469 Prec=51.036
Train Client1 [0/50] LR=0.0005000 loss=1.121 ACC=80.780 F1=56.280 Rec=55.723 Prec=57.254
Train Client2 [0/50] LR=0.0005000 loss=1.258 ACC=77.091 F1=48.744 Rec=48.425 Prec=51.861
Train Client3 [0/50] LR=0.0005000 loss=1.936 ACC=65.720 F1=45.388 Rec=45.047 Prec=46.105
Train Client4 [0/50] LR=0.0005000 loss=0.947 ACC=84.604 F1=38.563 Rec=38.784 Prec=40.415
Train Client5 [0/50] LR=0.0005000 loss=1.708 ACC=69.107 F1=46.150 Rec=46.684 Prec=46.511
Train Client6 [0/50] LR=0.0005000 loss=1.964 ACC=65.278 F1=26.314 Rec=27.126 Prec=25.870
Train Client7 [0/50] LR=0.0005000 loss=1.596 ACC=72.803 F1=38.024 Rec=36.459 Prec=43.680

Val    [0/50] LR=0.0005000 loss=2.840 ACC=43.314 F1=30.058 Rec=43.314 Prec=48.647

Test-  OSR [0/50] LR=0.0005000 ACC=27.714 F1=19.974 Rec=36.952 Prec=37.286 UNK=0.000 OS*=44.343 HOS=0.000 AUROC=59.487 AUPR=51.400 OSCR=31.722
Test-Close [0/50] LR=0.0005000 loss=2.837 ACC=44.343 F1=31.896 Rec=44.343 Prec=53.067
Saving best model . . . . . . . .

Saving model at epoch 0 . . . . . . . .

Train Client0 [1/50] LR=0.0005000 loss=0.991 ACC=78.556 F1=74.048 Rec=73.764 Prec=74.413
Train Client1 [1/50] LR=0.0005000 loss=0.853 ACC=84.993 F1=61.050 Rec=60.188 Prec=62.370
Train Client2 [1/50] LR=0.0005000 loss=0.947 ACC=82.700 F1=58.966 Rec=58.211 Prec=61.665
Train Client3 [1/50] LR=0.0005000 loss=1.497 ACC=74.621 F1=52.112 Rec=51.925 Prec=53.194
Train Client4 [1/50] LR=0.0005000 loss=0.820 ACC=86.052 F1=41.722 Rec=41.861 Prec=41.873
Train Client5 [1/50] LR=0.0005000 loss=1.172 ACC=77.679 F1=58.509 Rec=57.716 Prec=59.770
Train Client6 [1/50] LR=0.0005000 loss=1.484 ACC=75.000 F1=34.284 Rec=33.444 Prec=36.925
Train Client7 [1/50] LR=0.0005000 loss=1.060 ACC=80.985 F1=50.758 Rec=49.531 Prec=52.798

Val    [1/50] LR=0.0005000 loss=2.425 ACC=67.314 F1=64.667 Rec=67.314 Prec=83.106

Test-  OSR [1/50] LR=0.0005000 ACC=41.393 F1=43.637 Rec=55.190 Prec=56.289 UNK=0.000 OS*=66.229 HOS=0.000 AUROC=58.432 AUPR=44.056 OSCR=46.038
Test-Close [1/50] LR=0.0005000 loss=2.425 ACC=66.229 F1=63.660 Rec=66.229 Prec=82.626
Saving best model . . . . . . . .

Train Client0 [2/50] LR=0.0005000 loss=0.897 ACC=80.765 F1=61.251 Rec=60.969 Prec=61.900
Train Client1 [2/50] LR=0.0005000 loss=0.664 ACC=88.057 F1=66.088 Rec=65.215 Prec=75.718
Train Client2 [2/50] LR=0.0005000 loss=0.860 ACC=83.175 F1=60.175 Rec=59.659 Prec=62.223
Train Client3 [2/50] LR=0.0005000 loss=1.355 ACC=77.462 F1=57.014 Rec=56.344 Prec=58.133
Train Client4 [2/50] LR=0.0005000 loss=0.642 ACC=89.101 F1=47.195 Rec=47.373 Prec=47.217
Train Client5 [2/50] LR=0.0005000 loss=0.794 ACC=85.089 F1=65.466 Rec=65.486 Prec=65.449
Train Client6 [2/50] LR=0.0005000 loss=1.154 ACC=78.889 F1=47.697 Rec=48.266 Prec=50.275
Train Client7 [2/50] LR=0.0005000 loss=1.087 ACC=79.242 F1=49.663 Rec=48.234 Prec=52.411

Val    [2/50] LR=0.0005000 loss=2.229 ACC=81.314 F1=81.093 Rec=81.314 Prec=85.193

Test-  OSR [2/50] LR=0.0005000 ACC=50.107 F1=54.851 Rec=66.810 Prec=53.601 UNK=0.000 OS*=80.171 HOS=0.000 AUROC=43.619 AUPR=35.453 OSCR=39.117
Test-Close [2/50] LR=0.0005000 loss=2.235 ACC=80.171 F1=79.914 Rec=80.171 Prec=84.327
Train Client0 [3/50] LR=0.0005000 loss=0.763 ACC=82.381 F1=79.668 Rec=79.725 Prec=79.674
Train Client1 [3/50] LR=0.0005000 loss=0.594 ACC=89.102 F1=66.497 Rec=65.880 Prec=67.387
Train Client2 [3/50] LR=0.0005000 loss=0.700 ACC=87.643 F1=68.497 Rec=68.160 Prec=70.755
Train Client3 [3/50] LR=0.0005000 loss=0.997 ACC=83.333 F1=62.480 Rec=61.554 Prec=64.036
Train Client4 [3/50] LR=0.0005000 loss=0.616 ACC=90.320 F1=49.544 Rec=47.952 Prec=55.690
Train Client5 [3/50] LR=0.0005000 loss=0.684 ACC=87.679 F1=73.181 Rec=73.691 Prec=72.784
Train Client6 [3/50] LR=0.0005000 loss=1.138 ACC=79.444 F1=50.293 Rec=48.144 Prec=54.832
Train Client7 [3/50] LR=0.0005000 loss=0.840 ACC=85.000 F1=60.504 Rec=58.695 Prec=62.763

Val    [3/50] LR=0.0005000 loss=2.043 ACC=85.829 F1=85.632 Rec=85.829 Prec=89.042

Test-  OSR [3/50] LR=0.0005000 ACC=53.000 F1=57.663 Rec=70.667 Prec=55.445 UNK=0.000 OS*=84.800 HOS=0.000 AUROC=47.936 AUPR=36.645 OSCR=44.548
Test-Close [3/50] LR=0.0005000 loss=2.054 ACC=84.800 F1=84.603 Rec=84.800 Prec=88.297
Train Client0 [4/50] LR=0.0005000 loss=0.670 ACC=86.045 F1=67.138 Rec=67.343 Prec=66.990
Train Client1 [4/50] LR=0.0005000 loss=0.460 ACC=92.131 F1=71.430 Rec=70.698 Prec=77.517
Train Client2 [4/50] LR=0.0005000 loss=0.615 ACC=88.593 F1=70.988 Rec=70.304 Prec=73.402
Train Client3 [4/50] LR=0.0005000 loss=0.839 ACC=88.258 F1=72.196 Rec=69.803 Prec=78.339
Train Client4 [4/50] LR=0.0005000 loss=0.456 ACC=92.073 F1=59.873 Rec=57.492 Prec=63.553
Train Client5 [4/50] LR=0.0005000 loss=0.650 ACC=87.232 F1=68.302 Rec=68.590 Prec=68.028
Train Client6 [4/50] LR=0.0005000 loss=1.124 ACC=80.278 F1=56.325 Rec=55.195 Prec=59.716
Train Client7 [4/50] LR=0.0005000 loss=0.805 ACC=85.076 F1=59.249 Rec=57.068 Prec=62.816

Val    [4/50] LR=0.0005000 loss=1.937 ACC=88.457 F1=88.323 Rec=88.457 Prec=90.745

Test-  OSR [4/50] LR=0.0005000 ACC=54.750 F1=57.922 Rec=73.000 Prec=52.392 UNK=0.000 OS*=87.600 HOS=0.000 AUROC=76.875 AUPR=60.325 OSCR=71.678
Test-Close [4/50] LR=0.0005000 loss=1.946 ACC=87.600 F1=87.518 Rec=87.600 Prec=90.106
Saving best model . . . . . . . .

Train Client0 [5/50] LR=0.0005000 loss=0.583 ACC=87.769 F1=69.088 Rec=69.211 Prec=69.004
Train Client1 [5/50] LR=0.0005000 loss=0.438 ACC=91.539 F1=73.410 Rec=71.814 Prec=76.630
Train Client2 [5/50] LR=0.0005000 loss=0.534 ACC=90.209 F1=76.207 Rec=75.119 Prec=78.976
Train Client3 [5/50] LR=0.0005000 loss=0.756 ACC=86.742 F1=70.186 Rec=68.515 Prec=73.329
Train Client4 [5/50] LR=0.0005000 loss=0.357 ACC=94.817 F1=64.382 Rec=62.733 Prec=66.546
Train Client5 [5/50] LR=0.0005000 loss=0.618 ACC=88.839 F1=70.263 Rec=70.357 Prec=70.185
Train Client6 [5/50] LR=0.0005000 loss=0.812 ACC=85.556 F1=70.379 Rec=72.228 Prec=70.339
Train Client7 [5/50] LR=0.0005000 loss=0.755 ACC=85.379 F1=62.316 Rec=60.882 Prec=64.152

Val    [5/50] LR=0.0005000 loss=1.911 ACC=88.743 F1=88.591 Rec=88.743 Prec=91.042

Test-  OSR [5/50] LR=0.0005000 ACC=55.429 F1=58.974 Rec=73.905 Prec=53.335 UNK=0.000 OS*=88.686 HOS=0.000 AUROC=74.544 AUPR=54.158 OSCR=70.355
Test-Close [5/50] LR=0.0005000 loss=1.916 ACC=88.686 F1=88.618 Rec=88.686 Prec=90.853
Saving model at epoch 5 . . . . . . . .

Train Client0 [6/50] LR=0.0005000 loss=0.532 ACC=88.416 F1=69.488 Rec=69.705 Prec=69.298
Train Client1 [6/50] LR=0.0005000 loss=0.378 ACC=92.618 F1=78.017 Rec=75.715 Prec=82.500
Train Client2 [6/50] LR=0.0005000 loss=0.495 ACC=90.922 F1=79.118 Rec=78.054 Prec=81.617
Train Client3 [6/50] LR=0.0005000 loss=0.644 ACC=90.152 F1=82.853 Rec=79.052 Prec=90.264
Train Client4 [6/50] LR=0.0005000 loss=0.317 ACC=94.436 F1=67.508 Rec=67.327 Prec=68.211
Train Client5 [6/50] LR=0.0005000 loss=0.476 ACC=91.964 F1=72.692 Rec=72.817 Prec=72.570
Train Client6 [6/50] LR=0.0005000 loss=0.831 ACC=82.778 F1=63.442 Rec=67.229 Prec=61.385
Train Client7 [6/50] LR=0.0005000 loss=0.663 ACC=88.106 F1=65.448 Rec=64.071 Prec=67.284

Val    [6/50] LR=0.0005000 loss=1.828 ACC=92.743 F1=92.569 Rec=92.743 Prec=93.564

Test-  OSR [6/50] LR=0.0005000 ACC=58.429 F1=61.673 Rec=77.905 Prec=54.062 UNK=0.000 OS*=93.486 HOS=0.000 AUROC=80.770 AUPR=64.432 OSCR=78.293
Test-Close [6/50] LR=0.0005000 loss=1.825 ACC=93.486 F1=93.353 Rec=93.486 Prec=94.092
Saving best model . . . . . . . .

Train Client0 [7/50] LR=0.0005000 loss=0.557 ACC=88.847 F1=69.927 Rec=69.768 Prec=70.142
Train Client1 [7/50] LR=0.0005000 loss=0.321 ACC=93.872 F1=80.927 Rec=79.154 Prec=83.770
Train Client2 [7/50] LR=0.0005000 loss=0.463 ACC=91.635 F1=82.633 Rec=81.554 Prec=84.780
Train Client3 [7/50] LR=0.0005000 loss=0.492 ACC=91.477 F1=79.219 Rec=77.581 Prec=81.685
Train Client4 [7/50] LR=0.0005000 loss=0.301 ACC=94.665 F1=69.128 Rec=67.610 Prec=71.137
Train Client5 [7/50] LR=0.0005000 loss=0.430 ACC=93.036 F1=73.394 Rec=73.226 Prec=73.577
Train Client6 [7/50] LR=0.0005000 loss=0.707 ACC=86.667 F1=73.569 Rec=74.787 Prec=73.328
Train Client7 [7/50] LR=0.0005000 loss=0.588 ACC=88.788 F1=85.835 Rec=85.001 Prec=86.873

Val    [7/50] LR=0.0005000 loss=1.834 ACC=93.371 F1=93.242 Rec=93.371 Prec=94.160

Test-  OSR [7/50] LR=0.0005000 ACC=58.071 F1=60.357 Rec=77.429 Prec=52.074 UNK=0.000 OS*=92.914 HOS=0.000 AUROC=83.345 AUPR=73.223 OSCR=79.915
Test-Close [7/50] LR=0.0005000 loss=1.827 ACC=92.914 F1=92.776 Rec=92.914 Prec=93.641
Saving best model . . . . . . . .

Train Client0 [8/50] LR=0.0005000 loss=0.471 ACC=90.140 F1=88.734 Rec=89.060 Prec=88.444
Train Client1 [8/50] LR=0.0005000 loss=0.307 ACC=94.359 F1=82.391 Rec=80.939 Prec=84.241
Train Client2 [8/50] LR=0.0005000 loss=0.427 ACC=92.490 F1=82.863 Rec=81.622 Prec=84.830
Train Client3 [8/50] LR=0.0005000 loss=0.497 ACC=91.667 F1=81.193 Rec=80.576 Prec=82.099
Train Client4 [8/50] LR=0.0005000 loss=0.257 ACC=95.579 F1=68.700 Rec=69.893 Prec=67.803
Train Client5 [8/50] LR=0.0005000 loss=0.444 ACC=92.411 F1=73.891 Rec=73.951 Prec=73.841
Train Client6 [8/50] LR=0.0005000 loss=0.667 ACC=86.667 F1=77.343 Rec=77.968 Prec=77.428
Train Client7 [8/50] LR=0.0005000 loss=0.649 ACC=88.485 F1=66.137 Rec=65.323 Prec=67.102

Val    [8/50] LR=0.0005000 loss=1.817 ACC=92.971 F1=92.930 Rec=92.971 Prec=93.503

Test-  OSR [8/50] LR=0.0005000 ACC=58.143 F1=61.568 Rec=77.524 Prec=53.377 UNK=0.000 OS*=93.029 HOS=0.000 AUROC=75.644 AUPR=57.085 OSCR=73.442
Test-Close [8/50] LR=0.0005000 loss=1.815 ACC=93.029 F1=92.995 Rec=93.029 Prec=93.450
Train Client0 [9/50] LR=0.0005000 loss=0.433 ACC=90.140 F1=88.966 Rec=89.588 Prec=88.416
Train Client1 [9/50] LR=0.0005000 loss=0.301 ACC=94.429 F1=84.294 Rec=82.746 Prec=86.375
Train Client2 [9/50] LR=0.0005000 loss=0.427 ACC=92.300 F1=79.923 Rec=78.842 Prec=82.363
Train Client3 [9/50] LR=0.0005000 loss=0.500 ACC=91.667 F1=78.749 Rec=77.791 Prec=79.869
Train Client4 [9/50] LR=0.0005000 loss=0.298 ACC=94.588 F1=68.058 Rec=67.962 Prec=68.234
Train Client5 [9/50] LR=0.0005000 loss=0.435 ACC=93.125 F1=73.696 Rec=73.484 Prec=73.924
Train Client6 [9/50] LR=0.0005000 loss=0.632 ACC=88.333 F1=76.635 Rec=75.989 Prec=77.866
Train Client7 [9/50] LR=0.0005000 loss=0.584 ACC=89.242 F1=67.111 Rec=66.189 Prec=68.240

Val    [9/50] LR=0.0005000 loss=1.807 ACC=93.371 F1=93.329 Rec=93.371 Prec=93.948

Test-  OSR [9/50] LR=0.0005000 ACC=58.321 F1=61.704 Rec=77.762 Prec=53.526 UNK=0.000 OS*=93.314 HOS=0.000 AUROC=81.853 AUPR=64.430 OSCR=79.236
Test-Close [9/50] LR=0.0005000 loss=1.801 ACC=93.314 F1=93.297 Rec=93.314 Prec=93.852
Train Client0 [10/50] LR=0.0005000 loss=0.424 ACC=91.272 F1=72.385 Rec=72.963 Prec=71.895
Train Client1 [10/50] LR=0.0005000 loss=0.298 ACC=93.872 F1=80.227 Rec=79.057 Prec=81.638
Train Client2 [10/50] LR=0.0005000 loss=0.438 ACC=92.490 F1=82.607 Rec=81.275 Prec=84.565
Train Client3 [10/50] LR=0.0005000 loss=0.498 ACC=91.667 F1=83.207 Rec=80.871 Prec=86.620
Train Client4 [10/50] LR=0.0005000 loss=0.264 ACC=95.274 F1=71.300 Rec=70.545 Prec=72.447
Train Client5 [10/50] LR=0.0005000 loss=0.366 ACC=92.946 F1=74.039 Rec=73.908 Prec=74.180
Train Client6 [10/50] LR=0.0005000 loss=0.619 ACC=87.778 F1=81.067 Rec=81.634 Prec=80.888
Train Client7 [10/50] LR=0.0005000 loss=0.546 ACC=90.076 F1=68.138 Rec=67.674 Prec=68.714

Val    [10/50] LR=0.0005000 loss=1.813 ACC=93.257 F1=93.181 Rec=93.257 Prec=94.034

Test-  OSR [10/50] LR=0.0005000 ACC=58.000 F1=60.813 Rec=77.333 Prec=52.647 UNK=0.000 OS*=92.800 HOS=0.000 AUROC=82.022 AUPR=65.117 OSCR=79.049
Test-Close [10/50] LR=0.0005000 loss=1.807 ACC=92.800 F1=92.715 Rec=92.800 Prec=93.466
Saving model at epoch 10 . . . . . . . .

>> New learning Rate: 0.00025
Train Client0 [11/50] LR=0.0002500 loss=0.311 ACC=93.211 F1=92.668 Rec=93.431 Prec=92.042
Train Client1 [11/50] LR=0.0002500 loss=0.161 ACC=96.762 F1=90.103 Rec=90.023 Prec=90.201
Train Client2 [11/50] LR=0.0002500 loss=0.262 ACC=95.342 F1=89.191 Rec=89.361 Prec=89.033
Train Client3 [11/50] LR=0.0002500 loss=0.318 ACC=93.371 F1=88.934 Rec=88.779 Prec=89.097
Train Client4 [11/50] LR=0.0002500 loss=0.185 ACC=96.799 F1=78.879 Rec=80.689 Prec=77.466
Train Client5 [11/50] LR=0.0002500 loss=0.170 ACC=96.786 F1=77.270 Rec=77.509 Prec=77.039
Train Client6 [11/50] LR=0.0002500 loss=0.468 ACC=88.333 F1=80.306 Rec=82.547 Prec=78.733
Train Client7 [11/50] LR=0.0002500 loss=0.401 ACC=92.576 F1=84.537 Rec=90.863 Prec=81.581

Val    [11/50] LR=0.0002500 loss=1.749 ACC=95.029 F1=94.970 Rec=95.029 Prec=95.360

Test-  OSR [11/50] LR=0.0002500 ACC=59.429 F1=62.532 Rec=79.238 Prec=53.972 UNK=0.000 OS*=95.086 HOS=0.000 AUROC=85.689 AUPR=77.104 OSCR=83.414
Test-Close [11/50] LR=0.0002500 loss=1.745 ACC=95.086 F1=95.026 Rec=95.086 Prec=95.368
Saving best model . . . . . . . .

Train Client0 [12/50] LR=0.0002500 loss=0.271 ACC=94.828 F1=75.745 Rec=76.214 Prec=75.329
Train Client1 [12/50] LR=0.0002500 loss=0.142 ACC=97.389 F1=90.578 Rec=90.407 Prec=90.772
Train Client2 [12/50] LR=0.0002500 loss=0.269 ACC=95.580 F1=89.871 Rec=89.061 Prec=90.844
Train Client3 [12/50] LR=0.0002500 loss=0.256 ACC=95.833 F1=91.238 Rec=95.157 Prec=88.657
Train Client4 [12/50] LR=0.0002500 loss=0.163 ACC=97.332 F1=82.775 Rec=83.602 Prec=82.107
Train Client5 [12/50] LR=0.0002500 loss=0.158 ACC=97.500 F1=83.082 Rec=83.374 Prec=82.807
Train Client6 [12/50] LR=0.0002500 loss=0.495 ACC=87.500 F1=79.765 Rec=83.384 Prec=77.173
Train Client7 [12/50] LR=0.0002500 loss=0.389 ACC=92.955 F1=85.881 Rec=92.656 Prec=82.467

Val    [12/50] LR=0.0002500 loss=1.754 ACC=95.029 F1=94.980 Rec=95.029 Prec=95.332

Test-  OSR [12/50] LR=0.0002500 ACC=59.714 F1=62.307 Rec=79.619 Prec=53.153 UNK=0.000 OS*=95.543 HOS=0.000 AUROC=85.613 AUPR=77.161 OSCR=83.422
Test-Close [12/50] LR=0.0002500 loss=1.745 ACC=95.543 F1=95.497 Rec=95.543 Prec=95.811
Saving best model . . . . . . . .

Train Client0 [13/50] LR=0.0002500 loss=0.293 ACC=94.666 F1=75.408 Rec=75.909 Prec=74.974
Train Client1 [13/50] LR=0.0002500 loss=0.146 ACC=97.354 F1=89.673 Rec=88.945 Prec=90.484
Train Client2 [13/50] LR=0.0002500 loss=0.239 ACC=95.865 F1=90.725 Rec=89.755 Prec=92.013
Train Client3 [13/50] LR=0.0002500 loss=0.249 ACC=95.833 F1=95.275 Rec=94.995 Prec=95.594
Train Client4 [13/50] LR=0.0002500 loss=0.143 ACC=97.180 F1=81.527 Rec=83.284 Prec=79.997
Train Client5 [13/50] LR=0.0002500 loss=0.188 ACC=97.054 F1=89.611 Rec=92.379 Prec=87.851
Train Client6 [13/50] LR=0.0002500 loss=0.495 ACC=89.167 F1=80.356 Rec=86.198 Prec=76.373
Train Client7 [13/50] LR=0.0002500 loss=0.411 ACC=93.182 F1=92.451 Rec=91.833 Prec=93.189

Val    [13/50] LR=0.0002500 loss=1.731 ACC=95.771 F1=95.736 Rec=95.771 Prec=96.017

Test-  OSR [13/50] LR=0.0002500 ACC=60.000 F1=63.096 Rec=80.000 Prec=54.138 UNK=0.000 OS*=96.000 HOS=0.000 AUROC=82.053 AUPR=73.052 OSCR=80.475
Test-Close [13/50] LR=0.0002500 loss=1.724 ACC=96.000 F1=95.953 Rec=96.000 Prec=96.181
Train Client0 [14/50] LR=0.0002500 loss=0.234 ACC=95.312 F1=76.032 Rec=76.537 Prec=75.596
Train Client1 [14/50] LR=0.0002500 loss=0.123 ACC=97.667 F1=92.273 Rec=92.792 Prec=91.798
Train Client2 [14/50] LR=0.0002500 loss=0.217 ACC=96.388 F1=90.669 Rec=89.387 Prec=92.375
Train Client3 [14/50] LR=0.0002500 loss=0.306 ACC=95.265 F1=94.681 Rec=94.543 Prec=94.827
Train Client4 [14/50] LR=0.0002500 loss=0.137 ACC=97.409 F1=88.230 Rec=91.383 Prec=85.855
Train Client5 [14/50] LR=0.0002500 loss=0.181 ACC=96.964 F1=81.437 Rec=82.356 Prec=80.854
Train Client6 [14/50] LR=0.0002500 loss=0.390 ACC=91.111 F1=85.809 Rec=85.863 Prec=85.853
Train Client7 [14/50] LR=0.0002500 loss=0.395 ACC=92.803 F1=92.269 Rec=92.382 Prec=92.183

Val    [14/50] LR=0.0002500 loss=1.745 ACC=95.257 F1=95.218 Rec=95.257 Prec=95.603

Test-  OSR [14/50] LR=0.0002500 ACC=59.714 F1=63.055 Rec=79.619 Prec=54.568 UNK=0.000 OS*=95.543 HOS=0.000 AUROC=83.855 AUPR=74.556 OSCR=81.845
Test-Close [14/50] LR=0.0002500 loss=1.741 ACC=95.543 F1=95.492 Rec=95.543 Prec=95.832
Train Client0 [15/50] LR=0.0002500 loss=0.246 ACC=94.989 F1=75.796 Rec=76.194 Prec=75.445
Train Client1 [15/50] LR=0.0002500 loss=0.117 ACC=97.911 F1=92.544 Rec=93.069 Prec=92.066
Train Client2 [15/50] LR=0.0002500 loss=0.235 ACC=95.913 F1=90.257 Rec=89.777 Prec=90.855
Train Client3 [15/50] LR=0.0002500 loss=0.274 ACC=95.076 F1=88.851 Rec=90.979 Prec=87.322
Train Client4 [15/50] LR=0.0002500 loss=0.130 ACC=97.713 F1=87.576 Rec=93.567 Prec=83.776
Train Client5 [15/50] LR=0.0002500 loss=0.200 ACC=96.786 F1=77.305 Rec=77.219 Prec=77.402
Train Client6 [15/50] LR=0.0002500 loss=0.399 ACC=90.556 F1=84.504 Rec=87.994 Prec=81.486
Train Client7 [15/50] LR=0.0002500 loss=0.404 ACC=93.788 F1=93.392 Rec=92.459 Prec=94.444

Val    [15/50] LR=0.0002500 loss=1.736 ACC=95.429 F1=95.396 Rec=95.429 Prec=95.751

Test-  OSR [15/50] LR=0.0002500 ACC=59.571 F1=62.677 Rec=79.429 Prec=53.901 UNK=0.000 OS*=95.314 HOS=0.000 AUROC=83.888 AUPR=73.703 OSCR=82.044
Test-Close [15/50] LR=0.0002500 loss=1.734 ACC=95.314 F1=95.263 Rec=95.314 Prec=95.563
Saving model at epoch 15 . . . . . . . .

Train Client0 [16/50] LR=0.0002500 loss=0.259 ACC=94.828 F1=75.759 Rec=76.062 Prec=75.485
Train Client1 [16/50] LR=0.0002500 loss=0.145 ACC=97.075 F1=91.175 Rec=90.870 Prec=91.489
Train Client2 [16/50] LR=0.0002500 loss=0.242 ACC=96.008 F1=89.567 Rec=88.852 Prec=90.419
Train Client3 [16/50] LR=0.0002500 loss=0.242 ACC=95.833 F1=90.888 Rec=91.942 Prec=90.027
Train Client4 [16/50] LR=0.0002500 loss=0.140 ACC=97.485 F1=86.285 Rec=88.300 Prec=84.941
Train Client5 [16/50] LR=0.0002500 loss=0.190 ACC=96.696 F1=82.513 Rec=82.495 Prec=82.532
Train Client6 [16/50] LR=0.0002500 loss=0.423 ACC=90.000 F1=81.764 Rec=82.395 Prec=82.063
Train Client7 [16/50] LR=0.0002500 loss=0.351 ACC=94.015 F1=83.449 Rec=93.095 Prec=80.483

Val    [16/50] LR=0.0002500 loss=1.746 ACC=95.029 F1=95.013 Rec=95.029 Prec=95.340

Test-  OSR [16/50] LR=0.0002500 ACC=59.571 F1=62.281 Rec=79.429 Prec=52.981 UNK=0.000 OS*=95.314 HOS=0.000 AUROC=81.076 AUPR=68.289 OSCR=79.360
Test-Close [16/50] LR=0.0002500 loss=1.738 ACC=95.314 F1=95.290 Rec=95.314 Prec=95.540
Train Client0 [17/50] LR=0.0002500 loss=0.225 ACC=95.097 F1=75.986 Rec=76.483 Prec=75.561
Train Client1 [17/50] LR=0.0002500 loss=0.095 ACC=98.015 F1=93.192 Rec=92.950 Prec=93.440
Train Client2 [17/50] LR=0.0002500 loss=0.217 ACC=96.293 F1=91.709 Rec=90.714 Prec=92.927
Train Client3 [17/50] LR=0.0002500 loss=0.256 ACC=94.508 F1=92.471 Rec=93.958 Prec=91.205
Train Client4 [17/50] LR=0.0002500 loss=0.141 ACC=97.256 F1=81.993 Rec=83.622 Prec=80.555
Train Client5 [17/50] LR=0.0002500 loss=0.133 ACC=97.679 F1=83.189 Rec=83.164 Prec=83.214
Train Client6 [17/50] LR=0.0002500 loss=0.539 ACC=88.056 F1=78.926 Rec=78.291 Prec=79.997
Train Client7 [17/50] LR=0.0002500 loss=0.325 ACC=93.939 F1=86.631 Rec=93.006 Prec=83.613

Val    [17/50] LR=0.0002500 loss=1.735 ACC=95.657 F1=95.628 Rec=95.657 Prec=95.992

Test-  OSR [17/50] LR=0.0002500 ACC=59.714 F1=62.644 Rec=79.619 Prec=53.742 UNK=0.000 OS*=95.543 HOS=0.000 AUROC=82.825 AUPR=74.619 OSCR=80.972
Test-Close [17/50] LR=0.0002500 loss=1.732 ACC=95.543 F1=95.497 Rec=95.543 Prec=95.796
Train Client0 [18/50] LR=0.0002500 loss=0.237 ACC=95.366 F1=76.173 Rec=76.739 Prec=75.700
Train Client1 [18/50] LR=0.0002500 loss=0.119 ACC=97.911 F1=92.539 Rec=92.480 Prec=92.613
Train Client2 [18/50] LR=0.0002500 loss=0.202 ACC=96.340 F1=91.813 Rec=91.019 Prec=92.754
Train Client3 [18/50] LR=0.0002500 loss=0.146 ACC=97.538 F1=97.013 Rec=96.826 Prec=97.223
Train Client4 [18/50] LR=0.0002500 loss=0.136 ACC=97.713 F1=88.386 Rec=90.313 Prec=86.817
Train Client5 [18/50] LR=0.0002500 loss=0.112 ACC=98.036 F1=83.566 Rec=83.630 Prec=83.507
Train Client6 [18/50] LR=0.0002500 loss=0.402 ACC=91.667 F1=85.458 Rec=87.927 Prec=83.360
Train Client7 [18/50] LR=0.0002500 loss=0.371 ACC=93.561 F1=92.389 Rec=92.258 Prec=92.603

Val    [18/50] LR=0.0002500 loss=1.723 ACC=95.657 F1=95.637 Rec=95.657 Prec=95.864

Test-  OSR [18/50] LR=0.0002500 ACC=59.929 F1=62.391 Rec=79.905 Prec=52.710 UNK=0.000 OS*=95.886 HOS=0.000 AUROC=84.011 AUPR=76.520 OSCR=82.216
Test-Close [18/50] LR=0.0002500 loss=1.721 ACC=95.886 F1=95.855 Rec=95.886 Prec=95.999
Train Client0 [19/50] LR=0.0002500 loss=0.258 ACC=94.666 F1=75.566 Rec=76.308 Prec=74.962
Train Client1 [19/50] LR=0.0002500 loss=0.097 ACC=98.294 F1=93.212 Rec=93.251 Prec=93.173
Train Client2 [19/50] LR=0.0002500 loss=0.193 ACC=96.768 F1=92.637 Rec=92.276 Prec=93.066
Train Client3 [19/50] LR=0.0002500 loss=0.214 ACC=96.591 F1=96.084 Rec=95.639 Prec=96.586
Train Client4 [19/50] LR=0.0002500 loss=0.109 ACC=97.485 F1=84.962 Rec=86.555 Prec=83.513
Train Client5 [19/50] LR=0.0002500 loss=0.191 ACC=96.429 F1=77.206 Rec=77.422 Prec=77.000
Train Client6 [19/50] LR=0.0002500 loss=0.419 ACC=90.000 F1=85.382 Rec=86.238 Prec=84.639
Train Client7 [19/50] LR=0.0002500 loss=0.365 ACC=93.258 F1=91.748 Rec=91.799 Prec=91.738

Val    [19/50] LR=0.0002500 loss=1.724 ACC=95.543 F1=95.495 Rec=95.543 Prec=95.812

Test-  OSR [19/50] LR=0.0002500 ACC=59.643 F1=62.820 Rec=79.524 Prec=54.197 UNK=0.000 OS*=95.429 HOS=0.000 AUROC=80.747 AUPR=69.071 OSCR=79.250
Test-Close [19/50] LR=0.0002500 loss=1.726 ACC=95.429 F1=95.373 Rec=95.429 Prec=95.677
Train Client0 [20/50] LR=0.0002500 loss=0.215 ACC=95.312 F1=76.139 Rec=76.585 Prec=75.746
Train Client1 [20/50] LR=0.0002500 loss=0.103 ACC=98.155 F1=94.641 Rec=95.005 Prec=94.300
Train Client2 [20/50] LR=0.0002500 loss=0.191 ACC=96.816 F1=92.471 Rec=91.740 Prec=93.323
Train Client3 [20/50] LR=0.0002500 loss=0.244 ACC=96.023 F1=89.176 Rec=88.890 Prec=89.495
Train Client4 [20/50] LR=0.0002500 loss=0.124 ACC=97.637 F1=85.833 Rec=88.201 Prec=83.786
Train Client5 [20/50] LR=0.0002500 loss=0.126 ACC=97.857 F1=87.243 Rec=88.405 Prec=86.304
Train Client6 [20/50] LR=0.0002500 loss=0.386 ACC=91.944 F1=87.585 Rec=88.615 Prec=86.793
Train Client7 [20/50] LR=0.0002500 loss=0.306 ACC=94.015 F1=93.969 Rec=93.919 Prec=94.032

Val    [20/50] LR=0.0002500 loss=1.721 ACC=95.771 F1=95.750 Rec=95.771 Prec=96.024

Test-  OSR [20/50] LR=0.0002500 ACC=59.821 F1=62.720 Rec=79.762 Prec=53.690 UNK=0.000 OS*=95.714 HOS=0.000 AUROC=82.434 AUPR=73.895 OSCR=80.764
Test-Close [20/50] LR=0.0002500 loss=1.725 ACC=95.714 F1=95.670 Rec=95.714 Prec=95.924
Saving model at epoch 20 . . . . . . . .

Train Client0 [21/50] LR=0.0002500 loss=0.218 ACC=95.151 F1=94.916 Rec=95.479 Prec=94.418
Train Client1 [21/50] LR=0.0002500 loss=0.114 ACC=97.702 F1=92.660 Rec=93.481 Prec=91.960
Train Client2 [21/50] LR=0.0002500 loss=0.198 ACC=96.435 F1=92.029 Rec=91.584 Prec=92.603
Train Client3 [21/50] LR=0.0002500 loss=0.203 ACC=96.402 F1=91.418 Rec=92.648 Prec=90.371
Train Client4 [21/50] LR=0.0002500 loss=0.113 ACC=98.095 F1=88.605 Rec=91.158 Prec=86.453
Train Client5 [21/50] LR=0.0002500 loss=0.124 ACC=97.768 F1=86.281 Rec=88.270 Prec=84.959
Train Client6 [21/50] LR=0.0002500 loss=0.368 ACC=90.556 F1=84.771 Rec=84.643 Prec=85.141
Train Client7 [21/50] LR=0.0002500 loss=0.326 ACC=93.788 F1=86.979 Rec=94.364 Prec=83.080

Val    [21/50] LR=0.0002500 loss=1.719 ACC=95.771 F1=95.759 Rec=95.771 Prec=95.968

Test-  OSR [21/50] LR=0.0002500 ACC=59.750 F1=62.741 Rec=79.667 Prec=53.532 UNK=0.000 OS*=95.600 HOS=0.000 AUROC=80.581 AUPR=70.711 OSCR=79.074
Test-Close [21/50] LR=0.0002500 loss=1.722 ACC=95.600 F1=95.577 Rec=95.600 Prec=95.758
Train Client0 [22/50] LR=0.0002500 loss=0.187 ACC=96.498 F1=77.144 Rec=77.436 Prec=76.876
Train Client1 [22/50] LR=0.0002500 loss=0.095 ACC=98.398 F1=91.651 Rec=91.709 Prec=91.600
Train Client2 [22/50] LR=0.0002500 loss=0.201 ACC=96.530 F1=93.128 Rec=93.061 Prec=93.206
Train Client3 [22/50] LR=0.0002500 loss=0.265 ACC=95.833 F1=93.836 Rec=95.202 Prec=92.720
Train Client4 [22/50] LR=0.0002500 loss=0.114 ACC=97.713 F1=91.480 Rec=94.511 Prec=88.961
Train Client5 [22/50] LR=0.0002500 loss=0.130 ACC=97.946 F1=84.411 Rec=83.684 Prec=85.379
Train Client6 [22/50] LR=0.0002500 loss=0.411 ACC=90.833 F1=84.310 Rec=85.907 Prec=83.066
Train Client7 [22/50] LR=0.0002500 loss=0.325 ACC=94.924 F1=94.795 Rec=94.679 Prec=94.927

Val    [22/50] LR=0.0002500 loss=1.707 ACC=96.000 F1=95.977 Rec=96.000 Prec=96.227

Test-  OSR [22/50] LR=0.0002500 ACC=60.107 F1=63.013 Rec=80.143 Prec=53.727 UNK=0.000 OS*=96.171 HOS=0.000 AUROC=81.128 AUPR=72.899 OSCR=79.763
Test-Close [22/50] LR=0.0002500 loss=1.709 ACC=96.171 F1=96.143 Rec=96.171 Prec=96.266
>> New learning Rate: 0.000125
Train Client0 [23/50] LR=0.0001250 loss=0.184 ACC=96.390 F1=77.060 Rec=77.501 Prec=76.671
Train Client1 [23/50] LR=0.0001250 loss=0.069 ACC=98.816 F1=95.279 Rec=95.740 Prec=94.872
Train Client2 [23/50] LR=0.0001250 loss=0.175 ACC=97.006 F1=91.698 Rec=91.640 Prec=91.815
Train Client3 [23/50] LR=0.0001250 loss=0.192 ACC=96.023 F1=92.487 Rec=92.433 Prec=92.575
Train Client4 [23/50] LR=0.0001250 loss=0.104 ACC=97.104 F1=86.050 Rec=95.348 Prec=81.619
Train Client5 [23/50] LR=0.0001250 loss=0.095 ACC=98.214 F1=82.500 Rec=83.856 Prec=81.737
Train Client6 [23/50] LR=0.0001250 loss=0.315 ACC=93.333 F1=89.637 Rec=91.871 Prec=87.704
Train Client7 [23/50] LR=0.0001250 loss=0.280 ACC=94.697 F1=93.743 Rec=93.876 Prec=93.644

Val    [23/50] LR=0.0001250 loss=1.725 ACC=95.943 F1=95.917 Rec=95.943 Prec=96.229

Test-  OSR [23/50] LR=0.0001250 ACC=59.821 F1=62.454 Rec=79.762 Prec=53.243 UNK=0.000 OS*=95.714 HOS=0.000 AUROC=82.345 AUPR=73.350 OSCR=80.679
Test-Close [23/50] LR=0.0001250 loss=1.725 ACC=95.714 F1=95.675 Rec=95.714 Prec=95.954
Train Client0 [24/50] LR=0.0001250 loss=0.187 ACC=95.905 F1=76.678 Rec=77.157 Prec=76.269
Train Client1 [24/50] LR=0.0001250 loss=0.057 ACC=98.921 F1=95.762 Rec=96.306 Prec=95.269
Train Client2 [24/50] LR=0.0001250 loss=0.173 ACC=96.721 F1=92.306 Rec=92.035 Prec=92.606
Train Client3 [24/50] LR=0.0001250 loss=0.157 ACC=97.538 F1=96.900 Rec=96.651 Prec=97.162
Train Client4 [24/50] LR=0.0001250 loss=0.108 ACC=97.637 F1=89.370 Rec=97.968 Prec=85.527
Train Client5 [24/50] LR=0.0001250 loss=0.086 ACC=98.839 F1=90.113 Rec=94.132 Prec=87.848
Train Client6 [24/50] LR=0.0001250 loss=0.304 ACC=92.500 F1=90.141 Rec=94.132 Prec=87.095
Train Client7 [24/50] LR=0.0001250 loss=0.303 ACC=94.697 F1=88.201 Rec=95.241 Prec=84.535

Val    [24/50] LR=0.0001250 loss=1.705 ACC=96.171 F1=96.139 Rec=96.171 Prec=96.294

Test-  OSR [24/50] LR=0.0001250 ACC=60.321 F1=63.202 Rec=80.429 Prec=53.741 UNK=0.000 OS*=96.514 HOS=0.000 AUROC=79.478 AUPR=69.084 OSCR=78.331
Test-Close [24/50] LR=0.0001250 loss=1.709 ACC=96.514 F1=96.487 Rec=96.514 Prec=96.562
Train Client0 [25/50] LR=0.0001250 loss=0.160 ACC=96.821 F1=77.444 Rec=77.613 Prec=77.286
Train Client1 [25/50] LR=0.0001250 loss=0.050 ACC=98.990 F1=95.452 Rec=96.077 Prec=94.878
Train Client2 [25/50] LR=0.0001250 loss=0.138 ACC=97.386 F1=92.447 Rec=91.824 Prec=93.213
Train Client3 [25/50] LR=0.0001250 loss=0.159 ACC=96.970 F1=96.566 Rec=96.551 Prec=96.585
Train Client4 [25/50] LR=0.0001250 loss=0.097 ACC=97.561 F1=87.602 Rec=98.852 Prec=83.132
Train Client5 [25/50] LR=0.0001250 loss=0.102 ACC=97.679 F1=84.090 Rec=88.382 Prec=82.380
Train Client6 [25/50] LR=0.0001250 loss=0.357 ACC=91.944 F1=87.205 Rec=91.446 Prec=83.747
Train Client7 [25/50] LR=0.0001250 loss=0.308 ACC=94.470 F1=93.881 Rec=94.398 Prec=93.381

Val    [25/50] LR=0.0001250 loss=1.707 ACC=96.400 F1=96.375 Rec=96.400 Prec=96.582

Test-  OSR [25/50] LR=0.0001250 ACC=60.143 F1=63.233 Rec=80.190 Prec=54.014 UNK=0.000 OS*=96.229 HOS=0.000 AUROC=79.404 AUPR=68.333 OSCR=78.247
Test-Close [25/50] LR=0.0001250 loss=1.711 ACC=96.229 F1=96.200 Rec=96.229 Prec=96.304
Saving model at epoch 25 . . . . . . . .

Train Client0 [26/50] LR=0.0001250 loss=0.187 ACC=96.390 F1=77.095 Rec=77.421 Prec=76.800
Train Client1 [26/50] LR=0.0001250 loss=0.046 ACC=99.025 F1=95.428 Rec=95.601 Prec=95.260
Train Client2 [26/50] LR=0.0001250 loss=0.154 ACC=97.671 F1=94.330 Rec=94.076 Prec=94.601
Train Client3 [26/50] LR=0.0001250 loss=0.137 ACC=97.727 F1=97.259 Rec=97.171 Prec=97.349
Train Client4 [26/50] LR=0.0001250 loss=0.093 ACC=98.323 F1=91.306 Rec=98.385 Prec=87.147
Train Client5 [26/50] LR=0.0001250 loss=0.115 ACC=98.304 F1=86.175 Rec=88.914 Prec=84.612
Train Client6 [26/50] LR=0.0001250 loss=0.386 ACC=91.111 F1=87.128 Rec=90.257 Prec=84.659
Train Client7 [26/50] LR=0.0001250 loss=0.257 ACC=95.530 F1=95.083 Rec=95.347 Prec=94.823

Val    [26/50] LR=0.0001250 loss=1.709 ACC=96.229 F1=96.207 Rec=96.229 Prec=96.405

Test-  OSR [26/50] LR=0.0001250 ACC=60.179 F1=62.956 Rec=80.238 Prec=53.418 UNK=0.000 OS*=96.286 HOS=0.000 AUROC=82.445 AUPR=73.406 OSCR=81.100
Test-Close [26/50] LR=0.0001250 loss=1.710 ACC=96.286 F1=96.264 Rec=96.286 Prec=96.351
Train Client0 [27/50] LR=0.0001250 loss=0.184 ACC=96.552 F1=77.205 Rec=77.458 Prec=76.971
Train Client1 [27/50] LR=0.0001250 loss=0.046 ACC=99.130 F1=95.808 Rec=95.848 Prec=95.769
Train Client2 [27/50] LR=0.0001250 loss=0.157 ACC=97.101 F1=93.331 Rec=93.164 Prec=93.516
Train Client3 [27/50] LR=0.0001250 loss=0.136 ACC=97.348 F1=95.375 Rec=96.789 Prec=94.183
Train Client4 [27/50] LR=0.0001250 loss=0.131 ACC=96.951 F1=83.305 Rec=89.892 Prec=79.148
Train Client5 [27/50] LR=0.0001250 loss=0.095 ACC=98.393 F1=86.985 Rec=88.982 Prec=85.656
Train Client6 [27/50] LR=0.0001250 loss=0.420 ACC=91.111 F1=87.992 Rec=91.010 Prec=85.936
Train Client7 [27/50] LR=0.0001250 loss=0.258 ACC=94.773 F1=94.740 Rec=95.281 Prec=94.228

Val    [27/50] LR=0.0001250 loss=1.712 ACC=96.286 F1=96.258 Rec=96.286 Prec=96.531

Test-  OSR [27/50] LR=0.0001250 ACC=60.214 F1=63.126 Rec=80.286 Prec=53.924 UNK=0.000 OS*=96.343 HOS=0.000 AUROC=81.969 AUPR=71.693 OSCR=80.657
Test-Close [27/50] LR=0.0001250 loss=1.715 ACC=96.343 F1=96.303 Rec=96.343 Prec=96.472
Train Client0 [28/50] LR=0.0001250 loss=0.161 ACC=97.144 F1=77.708 Rec=77.964 Prec=77.471
Train Client1 [28/50] LR=0.0001250 loss=0.044 ACC=99.234 F1=95.194 Rec=95.431 Prec=94.983
Train Client2 [28/50] LR=0.0001250 loss=0.146 ACC=97.148 F1=93.131 Rec=92.999 Prec=93.271
Train Client3 [28/50] LR=0.0001250 loss=0.132 ACC=97.538 F1=94.413 Rec=97.218 Prec=92.348
Train Client4 [28/50] LR=0.0001250 loss=0.098 ACC=98.323 F1=92.096 Rec=98.644 Prec=87.580
Train Client5 [28/50] LR=0.0001250 loss=0.086 ACC=99.018 F1=89.369 Rec=89.447 Prec=89.293
Train Client6 [28/50] LR=0.0001250 loss=0.424 ACC=88.889 F1=84.497 Rec=87.409 Prec=82.236
Train Client7 [28/50] LR=0.0001250 loss=0.271 ACC=95.379 F1=94.872 Rec=94.965 Prec=94.803

Val    [28/50] LR=0.0001250 loss=1.709 ACC=96.457 F1=96.438 Rec=96.457 Prec=96.652

Test-  OSR [28/50] LR=0.0001250 ACC=60.214 F1=63.011 Rec=80.286 Prec=53.644 UNK=0.000 OS*=96.343 HOS=0.000 AUROC=79.444 AUPR=69.463 OSCR=78.230
Test-Close [28/50] LR=0.0001250 loss=1.711 ACC=96.343 F1=96.305 Rec=96.343 Prec=96.456
Train Client0 [29/50] LR=0.0001250 loss=0.157 ACC=96.767 F1=77.385 Rec=77.723 Prec=77.078
Train Client1 [29/50] LR=0.0001250 loss=0.045 ACC=99.164 F1=95.987 Rec=96.784 Prec=95.275
Train Client2 [29/50] LR=0.0001250 loss=0.146 ACC=97.719 F1=94.560 Rec=94.377 Prec=94.750
Train Client3 [29/50] LR=0.0001250 loss=0.119 ACC=98.485 F1=98.196 Rec=98.104 Prec=98.290
Train Client4 [29/50] LR=0.0001250 loss=0.083 ACC=98.323 F1=89.952 Rec=95.237 Prec=86.735
Train Client5 [29/50] LR=0.0001250 loss=0.080 ACC=98.393 F1=82.689 Rec=84.046 Prec=81.917
Train Client6 [29/50] LR=0.0001250 loss=0.378 ACC=90.833 F1=87.930 Rec=90.346 Prec=86.409
Train Client7 [29/50] LR=0.0001250 loss=0.267 ACC=95.530 F1=95.305 Rec=95.050 Prec=95.577

Val    [29/50] LR=0.0001250 loss=1.703 ACC=96.629 F1=96.619 Rec=96.629 Prec=96.780

Test-  OSR [29/50] LR=0.0001250 ACC=60.321 F1=63.105 Rec=80.429 Prec=53.491 UNK=0.000 OS*=96.514 HOS=0.000 AUROC=80.645 AUPR=71.501 OSCR=79.458
Test-Close [29/50] LR=0.0001250 loss=1.706 ACC=96.514 F1=96.489 Rec=96.514 Prec=96.583
Train Client0 [30/50] LR=0.0001250 loss=0.174 ACC=97.144 F1=77.739 Rec=77.825 Prec=77.658
Train Client1 [30/50] LR=0.0001250 loss=0.053 ACC=99.060 F1=95.921 Rec=96.758 Prec=95.170
Train Client2 [30/50] LR=0.0001250 loss=0.127 ACC=97.576 F1=94.527 Rec=93.706 Prec=95.516
Train Client3 [30/50] LR=0.0001250 loss=0.152 ACC=97.159 F1=96.929 Rec=96.825 Prec=97.043
Train Client4 [30/50] LR=0.0001250 loss=0.096 ACC=98.476 F1=93.218 Rec=97.112 Prec=90.256
Train Client5 [30/50] LR=0.0001250 loss=0.080 ACC=99.018 F1=90.362 Rec=94.355 Prec=88.123
Train Client6 [30/50] LR=0.0001250 loss=0.398 ACC=90.833 F1=86.987 Rec=88.827 Prec=85.360
Train Client7 [30/50] LR=0.0001250 loss=0.248 ACC=95.758 F1=95.913 Rec=95.562 Prec=96.277

Val    [30/50] LR=0.0001250 loss=1.700 ACC=96.514 F1=96.507 Rec=96.514 Prec=96.629

Test-  OSR [30/50] LR=0.0001250 ACC=60.357 F1=63.338 Rec=80.476 Prec=53.811 UNK=0.000 OS*=96.571 HOS=0.000 AUROC=78.065 AUPR=67.410 OSCR=77.034
Test-Close [30/50] LR=0.0001250 loss=1.706 ACC=96.571 F1=96.556 Rec=96.571 Prec=96.607
Saving model at epoch 30 . . . . . . . .

Train Client0 [31/50] LR=0.0001250 loss=0.163 ACC=97.144 F1=77.675 Rec=78.072 Prec=77.317
Train Client1 [31/50] LR=0.0001250 loss=0.034 ACC=99.269 F1=95.819 Rec=95.983 Prec=95.661
Train Client2 [31/50] LR=0.0001250 loss=0.147 ACC=97.719 F1=94.137 Rec=93.595 Prec=94.775
Train Client3 [31/50] LR=0.0001250 loss=0.111 ACC=98.106 F1=97.590 Rec=97.346 Prec=97.846
Train Client4 [31/50] LR=0.0001250 loss=0.076 ACC=98.171 F1=92.026 Rec=96.783 Prec=88.636
Train Client5 [31/50] LR=0.0001250 loss=0.086 ACC=98.571 F1=93.454 Rec=98.899 Prec=90.347
Train Client6 [31/50] LR=0.0001250 loss=0.369 ACC=91.667 F1=88.397 Rec=91.405 Prec=86.047
Train Client7 [31/50] LR=0.0001250 loss=0.238 ACC=95.833 F1=95.458 Rec=95.130 Prec=95.800

Val    [31/50] LR=0.0001250 loss=1.701 ACC=96.800 F1=96.793 Rec=96.800 Prec=96.913

Test-  OSR [31/50] LR=0.0001250 ACC=60.536 F1=63.030 Rec=80.714 Prec=53.083 UNK=0.000 OS*=96.857 HOS=0.000 AUROC=83.496 AUPR=76.765 OSCR=82.162
Test-Close [31/50] LR=0.0001250 loss=1.704 ACC=96.857 F1=96.837 Rec=96.857 Prec=96.919
Train Client0 [32/50] LR=0.0001250 loss=0.162 ACC=96.552 F1=77.241 Rec=77.452 Prec=77.046
Train Client1 [32/50] LR=0.0001250 loss=0.044 ACC=99.234 F1=96.550 Rec=96.937 Prec=96.187
Train Client2 [32/50] LR=0.0001250 loss=0.134 ACC=97.861 F1=94.812 Rec=94.164 Prec=95.563
Train Client3 [32/50] LR=0.0001250 loss=0.157 ACC=97.538 F1=97.314 Rec=97.239 Prec=97.391
Train Client4 [32/50] LR=0.0001250 loss=0.081 ACC=98.323 F1=92.148 Rec=94.978 Prec=89.757
Train Client5 [32/50] LR=0.0001250 loss=0.067 ACC=98.839 F1=87.338 Rec=89.278 Prec=86.066
Train Client6 [32/50] LR=0.0001250 loss=0.450 ACC=92.500 F1=89.811 Rec=92.969 Prec=87.591
Train Client7 [32/50] LR=0.0001250 loss=0.260 ACC=96.061 F1=95.988 Rec=95.748 Prec=96.244

Val    [32/50] LR=0.0001250 loss=1.708 ACC=96.229 F1=96.200 Rec=96.229 Prec=96.413

Test-  OSR [32/50] LR=0.0001250 ACC=60.357 F1=63.187 Rec=80.476 Prec=53.819 UNK=0.000 OS*=96.571 HOS=0.000 AUROC=79.385 AUPR=69.533 OSCR=78.195
Test-Close [32/50] LR=0.0001250 loss=1.711 ACC=96.571 F1=96.541 Rec=96.571 Prec=96.676
Train Client0 [33/50] LR=0.0001250 loss=0.149 ACC=97.629 F1=97.499 Rec=97.773 Prec=97.242
Train Client1 [33/50] LR=0.0001250 loss=0.045 ACC=99.130 F1=96.670 Rec=96.457 Prec=96.892
Train Client2 [33/50] LR=0.0001250 loss=0.145 ACC=97.433 F1=93.294 Rec=92.843 Prec=93.812
Train Client3 [33/50] LR=0.0001250 loss=0.128 ACC=97.917 F1=96.102 Rec=97.444 Prec=95.096
Train Client4 [33/50] LR=0.0001250 loss=0.081 ACC=98.323 F1=91.227 Rec=96.828 Prec=87.508
Train Client5 [33/50] LR=0.0001250 loss=0.067 ACC=98.839 F1=89.381 Rec=94.286 Prec=86.978
Train Client6 [33/50] LR=0.0001250 loss=0.354 ACC=92.222 F1=88.127 Rec=89.811 Prec=86.640
Train Client7 [33/50] LR=0.0001250 loss=0.258 ACC=95.530 F1=95.151 Rec=95.592 Prec=94.740

Val    [33/50] LR=0.0001250 loss=1.694 ACC=96.857 F1=96.845 Rec=96.857 Prec=96.962

Test-  OSR [33/50] LR=0.0001250 ACC=60.571 F1=63.550 Rec=80.762 Prec=53.976 UNK=0.000 OS*=96.914 HOS=0.000 AUROC=80.055 AUPR=69.206 OSCR=79.043
Test-Close [33/50] LR=0.0001250 loss=1.700 ACC=96.914 F1=96.895 Rec=96.914 Prec=96.960
Train Client0 [34/50] LR=0.0001250 loss=0.152 ACC=96.821 F1=77.441 Rec=77.643 Prec=77.251
Train Client1 [34/50] LR=0.0001250 loss=0.062 ACC=99.095 F1=95.503 Rec=95.323 Prec=95.689
Train Client2 [34/50] LR=0.0001250 loss=0.110 ACC=98.337 F1=95.997 Rec=95.874 Prec=96.142
Train Client3 [34/50] LR=0.0001250 loss=0.085 ACC=98.295 F1=96.670 Rec=98.147 Prec=95.417
Train Client4 [34/50] LR=0.0001250 loss=0.090 ACC=98.323 F1=93.464 Rec=97.628 Prec=90.646
Train Client5 [34/50] LR=0.0001250 loss=0.063 ACC=99.107 F1=91.480 Rec=94.432 Prec=89.528
Train Client6 [34/50] LR=0.0001250 loss=0.313 ACC=92.778 F1=89.245 Rec=90.940 Prec=87.747
Train Client7 [34/50] LR=0.0001250 loss=0.226 ACC=96.136 F1=95.841 Rec=95.825 Prec=95.863

Val    [34/50] LR=0.0001250 loss=1.708 ACC=96.457 F1=96.435 Rec=96.457 Prec=96.613

Test-  OSR [34/50] LR=0.0001250 ACC=60.393 F1=63.688 Rec=80.524 Prec=54.643 UNK=0.000 OS*=96.629 HOS=0.000 AUROC=78.688 AUPR=67.164 OSCR=77.630
Test-Close [34/50] LR=0.0001250 loss=1.711 ACC=96.629 F1=96.600 Rec=96.629 Prec=96.684
>> New learning Rate: 6.25e-05
Train Client0 [35/50] LR=0.0000625 loss=0.143 ACC=96.875 F1=77.544 Rec=77.758 Prec=77.352
Train Client1 [35/50] LR=0.0000625 loss=0.029 ACC=99.408 F1=96.263 Rec=97.261 Prec=95.395
Train Client2 [35/50] LR=0.0000625 loss=0.113 ACC=98.051 F1=94.769 Rec=95.089 Prec=94.458
Train Client3 [35/50] LR=0.0000625 loss=0.093 ACC=98.295 F1=97.824 Rec=97.824 Prec=97.824
Train Client4 [35/50] LR=0.0000625 loss=0.103 ACC=97.485 F1=88.188 Rec=98.225 Prec=83.103
Train Client5 [35/50] LR=0.0000625 loss=0.031 ACC=99.196 F1=88.855 Rec=94.452 Prec=86.465
Train Client6 [35/50] LR=0.0000625 loss=0.392 ACC=89.444 F1=87.654 Rec=95.677 Prec=83.119
Train Client7 [35/50] LR=0.0000625 loss=0.246 ACC=95.606 F1=94.743 Rec=96.129 Prec=93.482

Val    [35/50] LR=0.0000625 loss=1.703 ACC=96.514 F1=96.492 Rec=96.514 Prec=96.674

Test-  OSR [35/50] LR=0.0000625 ACC=60.286 F1=63.163 Rec=80.381 Prec=53.744 UNK=0.000 OS*=96.457 HOS=0.000 AUROC=80.301 AUPR=70.932 OSCR=79.133
Test-Close [35/50] LR=0.0000625 loss=1.707 ACC=96.457 F1=96.434 Rec=96.457 Prec=96.507
Saving model at epoch 35 . . . . . . . .

Train Client0 [36/50] LR=0.0000625 loss=0.131 ACC=97.629 F1=78.103 Rec=78.203 Prec=78.009
Train Client1 [36/50] LR=0.0000625 loss=0.028 ACC=99.547 F1=97.698 Rec=98.756 Prec=96.782
Train Client2 [36/50] LR=0.0000625 loss=0.100 ACC=98.384 F1=95.302 Rec=94.462 Prec=96.315
Train Client3 [36/50] LR=0.0000625 loss=0.086 ACC=97.917 F1=96.219 Rec=97.784 Prec=94.877
Train Client4 [36/50] LR=0.0000625 loss=0.097 ACC=97.790 F1=90.317 Rec=98.617 Prec=85.915
Train Client5 [36/50] LR=0.0000625 loss=0.062 ACC=98.482 F1=89.610 Rec=98.801 Prec=86.362
Train Client6 [36/50] LR=0.0000625 loss=0.411 ACC=91.944 F1=90.085 Rec=95.808 Prec=86.618
Train Client7 [36/50] LR=0.0000625 loss=0.226 ACC=96.061 F1=96.351 Rec=96.536 Prec=96.185

Val    [36/50] LR=0.0000625 loss=1.696 ACC=96.971 F1=96.956 Rec=96.971 Prec=97.064

Test-  OSR [36/50] LR=0.0000625 ACC=60.571 F1=63.532 Rec=80.762 Prec=54.041 UNK=0.000 OS*=96.914 HOS=0.000 AUROC=79.819 AUPR=70.221 OSCR=78.738
Test-Close [36/50] LR=0.0000625 loss=1.703 ACC=96.914 F1=96.894 Rec=96.914 Prec=96.959
Train Client0 [37/50] LR=0.0000625 loss=0.123 ACC=97.629 F1=78.116 Rec=78.348 Prec=77.902
Train Client1 [37/50] LR=0.0000625 loss=0.018 ACC=99.582 F1=97.897 Rec=97.868 Prec=97.927
Train Client2 [37/50] LR=0.0000625 loss=0.111 ACC=98.194 F1=95.427 Rec=94.979 Prec=95.926
Train Client3 [37/50] LR=0.0000625 loss=0.123 ACC=98.106 F1=97.783 Rec=98.038 Prec=97.670
Train Client4 [37/50] LR=0.0000625 loss=0.147 ACC=96.570 F1=85.800 Rec=97.698 Prec=81.077
Train Client5 [37/50] LR=0.0000625 loss=0.058 ACC=98.661 F1=85.944 Rec=89.182 Prec=84.374
Train Client6 [37/50] LR=0.0000625 loss=0.379 ACC=92.222 F1=90.361 Rec=96.422 Prec=86.983
Train Client7 [37/50] LR=0.0000625 loss=0.222 ACC=96.288 F1=95.445 Rec=96.599 Prec=94.395

Val    [37/50] LR=0.0000625 loss=1.695 ACC=96.800 F1=96.782 Rec=96.800 Prec=96.866

Test-  OSR [37/50] LR=0.0000625 ACC=60.500 F1=63.473 Rec=80.667 Prec=53.991 UNK=0.000 OS*=96.800 HOS=0.000 AUROC=80.909 AUPR=71.634 OSCR=79.775
Test-Close [37/50] LR=0.0000625 loss=1.704 ACC=96.800 F1=96.778 Rec=96.800 Prec=96.839
Train Client0 [38/50] LR=0.0000625 loss=0.150 ACC=97.252 F1=77.801 Rec=78.102 Prec=77.524
Train Client1 [38/50] LR=0.0000625 loss=0.027 ACC=99.547 F1=97.505 Rec=98.286 Prec=96.819
Train Client2 [38/50] LR=0.0000625 loss=0.112 ACC=98.099 F1=95.606 Rec=96.052 Prec=95.173
Train Client3 [38/50] LR=0.0000625 loss=0.147 ACC=97.538 F1=97.196 Rec=96.893 Prec=97.532
Train Client4 [38/50] LR=0.0000625 loss=0.090 ACC=97.942 F1=88.811 Rec=95.829 Prec=85.635
Train Client5 [38/50] LR=0.0000625 loss=0.059 ACC=98.571 F1=86.791 Rec=94.061 Prec=84.523
Train Client6 [38/50] LR=0.0000625 loss=0.316 ACC=93.056 F1=91.147 Rec=95.344 Prec=88.515
Train Client7 [38/50] LR=0.0000625 loss=0.210 ACC=96.061 F1=96.262 Rec=96.499 Prec=96.039

Val    [38/50] LR=0.0000625 loss=1.708 ACC=96.400 F1=96.382 Rec=96.400 Prec=96.584

Test-  OSR [38/50] LR=0.0000625 ACC=60.464 F1=63.538 Rec=80.619 Prec=54.244 UNK=0.000 OS*=96.743 HOS=0.000 AUROC=79.991 AUPR=69.931 OSCR=78.837
Test-Close [38/50] LR=0.0000625 loss=1.712 ACC=96.743 F1=96.719 Rec=96.743 Prec=96.838
Train Client0 [39/50] LR=0.0000625 loss=0.155 ACC=96.821 F1=77.502 Rec=77.839 Prec=77.200
Train Client1 [39/50] LR=0.0000625 loss=0.023 ACC=99.617 F1=98.195 Rec=98.395 Prec=98.002
Train Client2 [39/50] LR=0.0000625 loss=0.096 ACC=98.289 F1=95.484 Rec=95.292 Prec=95.683
Train Client3 [39/50] LR=0.0000625 loss=0.104 ACC=98.106 F1=96.446 Rec=98.222 Prec=94.937
Train Client4 [39/50] LR=0.0000625 loss=0.071 ACC=98.628 F1=93.482 Rec=98.020 Prec=89.958
Train Client5 [39/50] LR=0.0000625 loss=0.037 ACC=99.107 F1=92.825 Rec=99.409 Prec=89.576
Train Client6 [39/50] LR=0.0000625 loss=0.331 ACC=92.500 F1=90.788 Rec=95.956 Prec=87.789
Train Client7 [39/50] LR=0.0000625 loss=0.199 ACC=96.742 F1=97.165 Rec=97.288 Prec=97.047

Val    [39/50] LR=0.0000625 loss=1.721 ACC=96.457 F1=96.431 Rec=96.457 Prec=96.656

Test-  OSR [39/50] LR=0.0000625 ACC=60.429 F1=63.791 Rec=80.571 Prec=54.892 UNK=0.000 OS*=96.686 HOS=0.000 AUROC=79.150 AUPR=68.345 OSCR=77.975
Test-Close [39/50] LR=0.0000625 loss=1.721 ACC=96.686 F1=96.653 Rec=96.686 Prec=96.803
Train Client0 [40/50] LR=0.0000625 loss=0.128 ACC=97.468 F1=77.931 Rec=78.237 Prec=77.649
Train Client1 [40/50] LR=0.0000625 loss=0.022 ACC=99.547 F1=97.339 Rec=97.957 Prec=96.773
Train Client2 [40/50] LR=0.0000625 loss=0.106 ACC=98.241 F1=95.751 Rec=94.788 Prec=96.901
Train Client3 [40/50] LR=0.0000625 loss=0.075 ACC=98.864 F1=98.767 Rec=98.836 Prec=98.708
Train Client4 [40/50] LR=0.0000625 loss=0.102 ACC=97.485 F1=87.308 Rec=97.684 Prec=82.620
Train Client5 [40/50] LR=0.0000625 loss=0.032 ACC=99.554 F1=93.134 Rec=99.678 Prec=89.925
Train Client6 [40/50] LR=0.0000625 loss=0.474 ACC=89.444 F1=85.756 Rec=94.167 Prec=80.522
Train Client7 [40/50] LR=0.0000625 loss=0.226 ACC=96.136 F1=96.252 Rec=95.825 Prec=96.696

Val    [40/50] LR=0.0000625 loss=1.704 ACC=96.857 F1=96.838 Rec=96.857 Prec=96.964

Test-  OSR [40/50] LR=0.0000625 ACC=60.464 F1=63.756 Rec=80.619 Prec=54.679 UNK=0.000 OS*=96.743 HOS=0.000 AUROC=79.473 AUPR=69.800 OSCR=78.351
Test-Close [40/50] LR=0.0000625 loss=1.710 ACC=96.743 F1=96.717 Rec=96.743 Prec=96.818
Saving model at epoch 40 . . . . . . . .

Train Client0 [41/50] LR=0.0000625 loss=0.126 ACC=97.683 F1=78.275 Rec=78.180 Prec=78.370
Train Client1 [41/50] LR=0.0000625 loss=0.022 ACC=99.513 F1=98.250 Rec=98.230 Prec=98.270
Train Client2 [41/50] LR=0.0000625 loss=0.105 ACC=98.099 F1=95.219 Rec=94.820 Prec=95.671
Train Client3 [41/50] LR=0.0000625 loss=0.086 ACC=98.106 F1=97.786 Rec=97.688 Prec=97.894
Train Client4 [41/50] LR=0.0000625 loss=0.079 ACC=97.866 F1=89.967 Rec=96.109 Prec=86.218
Train Client5 [41/50] LR=0.0000625 loss=0.064 ACC=98.661 F1=88.433 Rec=94.121 Prec=85.953
Train Client6 [41/50] LR=0.0000625 loss=0.457 ACC=91.111 F1=88.722 Rec=93.308 Prec=85.617
Train Client7 [41/50] LR=0.0000625 loss=0.217 ACC=96.061 F1=95.763 Rec=96.541 Prec=95.091

Val    [41/50] LR=0.0000625 loss=1.700 ACC=96.914 F1=96.900 Rec=96.914 Prec=96.994

Test-  OSR [41/50] LR=0.0000625 ACC=60.500 F1=63.832 Rec=80.667 Prec=54.627 UNK=0.000 OS*=96.800 HOS=0.000 AUROC=79.061 AUPR=68.720 OSCR=77.997
Test-Close [41/50] LR=0.0000625 loss=1.709 ACC=96.800 F1=96.780 Rec=96.800 Prec=96.846
Train Client0 [42/50] LR=0.0000625 loss=0.142 ACC=96.929 F1=77.663 Rec=77.878 Prec=77.469
Train Client1 [42/50] LR=0.0000625 loss=0.015 ACC=99.652 F1=97.879 Rec=98.487 Prec=97.324
Train Client2 [42/50] LR=0.0000625 loss=0.102 ACC=98.432 F1=95.970 Rec=95.904 Prec=96.038
Train Client3 [42/50] LR=0.0000625 loss=0.105 ACC=98.485 F1=98.188 Rec=98.094 Prec=98.284
Train Client4 [42/50] LR=0.0000625 loss=0.097 ACC=97.866 F1=88.988 Rec=98.769 Prec=84.452
Train Client5 [42/50] LR=0.0000625 loss=0.061 ACC=98.750 F1=89.993 Rec=99.133 Prec=86.794
Train Client6 [42/50] LR=0.0000625 loss=0.382 ACC=91.667 F1=89.250 Rec=94.216 Prec=86.064
Train Client7 [42/50] LR=0.0000625 loss=0.208 ACC=96.212 F1=96.736 Rec=96.639 Prec=96.838

Val    [42/50] LR=0.0000625 loss=1.706 ACC=96.743 F1=96.726 Rec=96.743 Prec=96.852

Test-  OSR [42/50] LR=0.0000625 ACC=60.429 F1=63.850 Rec=80.571 Prec=54.841 UNK=0.000 OS*=96.686 HOS=0.000 AUROC=77.191 AUPR=65.953 OSCR=76.196
Test-Close [42/50] LR=0.0000625 loss=1.713 ACC=96.686 F1=96.665 Rec=96.686 Prec=96.746
Train Client0 [43/50] LR=0.0000625 loss=0.126 ACC=97.360 F1=77.891 Rec=78.186 Prec=77.623
Train Client1 [43/50] LR=0.0000625 loss=0.018 ACC=99.617 F1=97.575 Rec=98.394 Prec=96.847
Train Client2 [43/50] LR=0.0000625 loss=0.102 ACC=98.051 F1=94.958 Rec=94.772 Prec=95.164
Train Client3 [43/50] LR=0.0000625 loss=0.074 ACC=98.674 F1=98.473 Rec=98.365 Prec=98.606
Train Client4 [43/50] LR=0.0000625 loss=0.077 ACC=98.171 F1=90.991 Rec=98.643 Prec=86.740
Train Client5 [43/50] LR=0.0000625 loss=0.048 ACC=99.286 F1=94.061 Rec=99.520 Prec=90.942
Train Client6 [43/50] LR=0.0000625 loss=0.330 ACC=91.667 F1=87.355 Rec=94.002 Prec=82.668
Train Client7 [43/50] LR=0.0000625 loss=0.233 ACC=95.758 F1=95.321 Rec=95.959 Prec=94.756

Val    [43/50] LR=0.0000625 loss=1.698 ACC=96.857 F1=96.843 Rec=96.857 Prec=96.937

Test-  OSR [43/50] LR=0.0000625 ACC=60.571 F1=63.741 Rec=80.762 Prec=54.486 UNK=0.000 OS*=96.914 HOS=0.000 AUROC=79.440 AUPR=69.309 OSCR=78.379
Test-Close [43/50] LR=0.0000625 loss=1.708 ACC=96.914 F1=96.895 Rec=96.914 Prec=96.974
Train Client0 [44/50] LR=0.0000625 loss=0.133 ACC=97.037 F1=77.662 Rec=77.740 Prec=77.588
Train Client1 [44/50] LR=0.0000625 loss=0.024 ACC=99.582 F1=97.990 Rec=98.423 Prec=97.582
Train Client2 [44/50] LR=0.0000625 loss=0.093 ACC=98.289 F1=95.536 Rec=95.259 Prec=95.846
Train Client3 [44/50] LR=0.0000625 loss=0.075 ACC=98.485 F1=98.182 Rec=98.090 Prec=98.276
Train Client4 [44/50] LR=0.0000625 loss=0.115 ACC=97.104 F1=85.682 Rec=97.356 Prec=80.890
Train Client5 [44/50] LR=0.0000625 loss=0.053 ACC=98.750 F1=86.018 Rec=89.230 Prec=84.474
Train Client6 [44/50] LR=0.0000625 loss=0.398 ACC=91.111 F1=88.493 Rec=93.081 Prec=85.308
Train Client7 [44/50] LR=0.0000625 loss=0.178 ACC=96.970 F1=96.656 Rec=97.045 Prec=96.295

Val    [44/50] LR=0.0000625 loss=1.707 ACC=96.800 F1=96.782 Rec=96.800 Prec=96.912

Test-  OSR [44/50] LR=0.0000625 ACC=60.500 F1=63.795 Rec=80.667 Prec=54.671 UNK=0.000 OS*=96.800 HOS=0.000 AUROC=79.675 AUPR=69.655 OSCR=78.544
Test-Close [44/50] LR=0.0000625 loss=1.714 ACC=96.800 F1=96.778 Rec=96.800 Prec=96.867
Train Client0 [45/50] LR=0.0000625 loss=0.115 ACC=97.737 F1=78.206 Rec=78.350 Prec=78.068
Train Client1 [45/50] LR=0.0000625 loss=0.026 ACC=99.443 F1=97.079 Rec=97.669 Prec=96.541
Train Client2 [45/50] LR=0.0000625 loss=0.103 ACC=98.099 F1=95.022 Rec=94.855 Prec=95.210
Train Client3 [45/50] LR=0.0000625 loss=0.101 ACC=98.485 F1=98.267 Rec=98.108 Prec=98.434
Train Client4 [45/50] LR=0.0000625 loss=0.073 ACC=98.095 F1=90.293 Rec=97.235 Prec=86.770
Train Client5 [45/50] LR=0.0000625 loss=0.035 ACC=99.018 F1=88.635 Rec=94.385 Prec=86.096
Train Client6 [45/50] LR=0.0000625 loss=0.394 ACC=89.444 F1=85.861 Rec=89.816 Prec=83.043
Train Client7 [45/50] LR=0.0000625 loss=0.184 ACC=96.894 F1=96.976 Rec=97.332 Prec=96.652

Val    [45/50] LR=0.0000625 loss=1.700 ACC=96.857 F1=96.844 Rec=96.857 Prec=96.944

Test-  OSR [45/50] LR=0.0000625 ACC=60.643 F1=63.802 Rec=80.857 Prec=54.490 UNK=0.000 OS*=97.029 HOS=0.000 AUROC=80.010 AUPR=70.236 OSCR=78.883
Test-Close [45/50] LR=0.0000625 loss=1.711 ACC=97.029 F1=97.012 Rec=97.029 Prec=97.078
Saving model at epoch 45 . . . . . . . .

Train Client0 [46/50] LR=0.0000625 loss=0.127 ACC=97.522 F1=77.992 Rec=78.209 Prec=77.790
Train Client1 [46/50] LR=0.0000625 loss=0.024 ACC=99.513 F1=97.872 Rec=98.236 Prec=97.534
Train Client2 [46/50] LR=0.0000625 loss=0.094 ACC=98.146 F1=95.167 Rec=94.715 Prec=95.670
Train Client3 [46/50] LR=0.0000625 loss=0.072 ACC=98.106 F1=98.018 Rec=98.249 Prec=97.804
Train Client4 [46/50] LR=0.0000625 loss=0.092 ACC=97.637 F1=87.459 Rec=97.556 Prec=83.009
Train Client5 [46/50] LR=0.0000625 loss=0.047 ACC=99.107 F1=97.185 Rec=99.408 Prec=95.407
Train Client6 [46/50] LR=0.0000625 loss=0.380 ACC=91.389 F1=87.894 Rec=95.668 Prec=82.683
Train Client7 [46/50] LR=0.0000625 loss=0.193 ACC=96.136 F1=95.860 Rec=96.263 Prec=95.484

Val    [46/50] LR=0.0000625 loss=1.706 ACC=96.571 F1=96.559 Rec=96.571 Prec=96.751

Test-  OSR [46/50] LR=0.0000625 ACC=60.536 F1=63.399 Rec=80.714 Prec=53.777 UNK=0.000 OS*=96.857 HOS=0.000 AUROC=81.170 AUPR=72.807 OSCR=79.897
Test-Close [46/50] LR=0.0000625 loss=1.713 ACC=96.857 F1=96.841 Rec=96.857 Prec=96.920
>> New learning Rate: 3.125e-05
Train Client0 [47/50] LR=0.0000313 loss=0.113 ACC=97.791 F1=78.184 Rec=78.507 Prec=77.888
Train Client1 [47/50] LR=0.0000313 loss=0.019 ACC=99.652 F1=98.289 Rec=98.859 Prec=97.777
Train Client2 [47/50] LR=0.0000313 loss=0.097 ACC=98.432 F1=95.881 Rec=95.371 Prec=96.441
Train Client3 [47/50] LR=0.0000313 loss=0.122 ACC=98.295 F1=97.929 Rec=98.005 Prec=97.855
Train Client4 [47/50] LR=0.0000313 loss=0.132 ACC=96.418 F1=84.284 Rec=98.473 Prec=79.434
Train Client5 [47/50] LR=0.0000313 loss=0.059 ACC=98.839 F1=91.571 Rec=99.170 Prec=88.249
Train Client6 [47/50] LR=0.0000313 loss=0.528 ACC=90.278 F1=88.589 Rec=96.667 Prec=84.286
Train Client7 [47/50] LR=0.0000313 loss=0.189 ACC=96.970 F1=96.493 Rec=96.937 Prec=96.106

Val    [47/50] LR=0.0000313 loss=1.702 ACC=96.800 F1=96.784 Rec=96.800 Prec=96.925

Test-  OSR [47/50] LR=0.0000313 ACC=60.607 F1=63.833 Rec=80.810 Prec=54.593 UNK=0.000 OS*=96.971 HOS=0.000 AUROC=79.263 AUPR=68.949 OSCR=78.180
Test-Close [47/50] LR=0.0000313 loss=1.710 ACC=96.971 F1=96.953 Rec=96.971 Prec=97.042
Train Client0 [48/50] LR=0.0000313 loss=0.113 ACC=97.899 F1=78.360 Rec=78.791 Prec=77.978
Train Client1 [48/50] LR=0.0000313 loss=0.017 ACC=99.687 F1=98.091 Rec=98.091 Prec=98.091
Train Client2 [48/50] LR=0.0000313 loss=0.093 ACC=98.622 F1=96.215 Rec=96.668 Prec=95.780
Train Client3 [48/50] LR=0.0000313 loss=0.065 ACC=98.674 F1=98.491 Rec=98.739 Prec=98.254
Train Client4 [48/50] LR=0.0000313 loss=0.103 ACC=97.104 F1=85.731 Rec=98.243 Prec=81.068
Train Client5 [48/50] LR=0.0000313 loss=0.036 ACC=99.196 F1=90.291 Rec=99.404 Prec=87.120
Train Client6 [48/50] LR=0.0000313 loss=0.439 ACC=90.000 F1=87.709 Rec=93.002 Prec=84.748
Train Client7 [48/50] LR=0.0000313 loss=0.211 ACC=95.909 F1=95.838 Rec=96.934 Prec=94.883

Val    [48/50] LR=0.0000313 loss=1.692 ACC=97.086 F1=97.077 Rec=97.086 Prec=97.118

Test-  OSR [48/50] LR=0.0000313 ACC=60.536 F1=63.466 Rec=80.714 Prec=53.762 UNK=0.000 OS*=96.857 HOS=0.000 AUROC=79.831 AUPR=70.465 OSCR=78.760
Test-Close [48/50] LR=0.0000313 loss=1.703 ACC=96.857 F1=96.846 Rec=96.857 Prec=96.880
Train Client0 [49/50] LR=0.0000313 loss=0.137 ACC=97.791 F1=78.351 Rec=78.554 Prec=78.167
Train Client1 [49/50] LR=0.0000313 loss=0.034 ACC=99.582 F1=97.417 Rec=98.850 Prec=96.242
Train Client2 [49/50] LR=0.0000313 loss=0.085 ACC=98.194 F1=95.482 Rec=96.338 Prec=94.678
Train Client3 [49/50] LR=0.0000313 loss=0.078 ACC=98.485 F1=98.276 Rec=98.264 Prec=98.291
Train Client4 [49/50] LR=0.0000313 loss=0.092 ACC=97.409 F1=86.983 Rec=98.764 Prec=82.680
Train Client5 [49/50] LR=0.0000313 loss=0.042 ACC=99.107 F1=89.063 Rec=99.382 Prec=86.078
Train Client6 [49/50] LR=0.0000313 loss=0.391 ACC=91.667 F1=90.146 Rec=95.735 Prec=87.313
Train Client7 [49/50] LR=0.0000313 loss=0.223 ACC=95.758 F1=95.283 Rec=96.047 Prec=94.557

Val    [49/50] LR=0.0000313 loss=1.696 ACC=96.857 F1=96.842 Rec=96.857 Prec=96.942

Test-  OSR [49/50] LR=0.0000313 ACC=60.500 F1=63.509 Rec=80.667 Prec=54.089 UNK=0.000 OS*=96.800 HOS=0.000 AUROC=79.862 AUPR=70.577 OSCR=78.784
Test-Close [49/50] LR=0.0000313 loss=1.705 ACC=96.800 F1=96.779 Rec=96.800 Prec=96.848
------>Best performance (by OSCR)--->>>>>>>

Test-  OSR [12/50] LR=0.0002500 ACC=59.714 F1=62.307 Rec=79.619 Prec=53.153 UNK=0.000 OS*=95.543 HOS=0.000 AUROC=85.613 AUPR=77.161 OSCR=83.422
Test-Close [12/50] LR=0.0002500 loss=1.745 ACC=95.543 F1=95.497 Rec=95.543 Prec=95.811
=====================================================================================================================================
The ending time ：2026-06-15 17:25:07
