Logging to: ./logs/RetinalOCT_Pretrain_K5_U3_seed0_20260616_213239.log
==> Preparing data..
Protocol mode: easy
Fixed known classes: ['CNV', 'DME', 'DR', 'DRUSEN', 'NORMAL']
Fixed unknown classes: ['AMD', 'CSR', 'MH']
Known class list: [1 3 4 5 7] Unknown class list [0 2 6]
Total images — Train: 18400, Val: 2800, Test: 2800
{1: 0, 3: 1, 4: 2, 5: 3, 7: 4} {0: 5, 2: 6, 6: 7}
Known origin: [1 3 4 5 7] , new: [0 1 2 3 4]
Unknown origin: [0 2 6] , new: [5 6 7]
Known/Unknown in Train: 11500/6900
Known/Unknown in Val:   1750/1050
Known/Unknown in Test:  1750/1050
Client0 sample num: 1861
Client1 sample num: 2876
Client2 sample num: 2109
Client3 sample num: 533
Client4 sample num: 1312
Client5 sample num: 1125
Client6 sample num: 362
Client7 sample num: 1322

>>> Setting up
==> Using device: cuda:1
==> Building [Resnet18] model..
154
120
Train Client0 [0/10] LR=0.0005000 loss=2.266 ACC=60.399 F1=38.205 Rec=37.842 Prec=41.233
Train Client1 [0/10] LR=0.0005000 loss=1.653 ACC=70.508 F1=52.964 Rec=52.221 Prec=53.938
Train Client2 [0/10] LR=0.0005000 loss=1.311 ACC=78.184 F1=37.535 Rec=38.886 Prec=37.591
Train Client3 [0/10] LR=0.0005000 loss=3.158 ACC=42.424 F1=34.559 Rec=34.243 Prec=34.913
Train Client4 [0/10] LR=0.0005000 loss=1.297 ACC=81.707 F1=41.673 Rec=40.996 Prec=45.393
Train Client5 [0/10] LR=0.0005000 loss=2.239 ACC=58.036 F1=39.862 Rec=40.247 Prec=39.852
Train Client6 [0/10] LR=0.0005000 loss=2.759 ACC=60.556 F1=25.688 Rec=25.857 Prec=25.621
Train Client7 [0/10] LR=0.0005000 loss=2.055 ACC=64.242 F1=36.293 Rec=35.173 Prec=38.064

Val    [0/10] LR=0.0005000 loss=3.157 ACC=20.286 F1=7.246 Rec=20.286 Prec=24.011
Val-Known->Virtual [0/10] rate=0.000% prob_mean=0.024266 margin_mean=0.349393
Val-LogitMargin [0/10] TrueKnown-VMax mean=3.0009 std=0.4261 p10=2.4280 p50=2.9780 p90=3.6385

Test-  OSR [0/10] LR=0.0005000 ACC=12.893 F1=4.728 Rec=17.190 Prec=15.189 UNK=0.000 OS*=20.629 HOS=0.000 AUROC=84.535 AUPR=62.581 OSCR=20.034
Test-Close [0/10] LR=0.0005000 loss=3.164 ACC=20.629 F1=7.921 Rec=20.629 Prec=24.025
Test-Virtual [0/10] CloseK->V=0.000% Open->V=0.000% OpenVEntropy=0.000000 CloseHist=[0, 0, 0] OpenHist=[0, 0, 0]
Test-LogitMargin [0/10] CloseTrue-VMax mean=3.0000 std=0.4345 p10=2.4340 p50=2.9638 p90=3.6595 | OpenKnown-VMax mean=3.2757 std=0.1155 p10=3.1307 p50=3.2785 p90=3.4229
AnchorDiag [0/10] VNorm=[1.0000001192092896, 0.9999999403953552, 0.9999999403953552] VDriftMax=0.000000 Vcos(max/mean)=(0.0000/-0.0000) KVcos(max/mean)=(0.0020/-0.0009) ValK->V=0.00% CloseK->V=0.00% Open->V=0.00% OpenVEntropy=0.0000
Saving best model . . . . . . . .

Saving model at epoch 0 . . . . . . . .

>> New learning Rate: 0.00025
Train Client0 [1/10] LR=0.0002500 loss=1.410 ACC=72.845 F1=52.769 Rec=51.717 Prec=54.535
Train Client1 [1/10] LR=0.0002500 loss=1.048 ACC=79.909 F1=63.178 Rec=63.180 Prec=63.226
Train Client2 [1/10] LR=0.0002500 loss=0.884 ACC=84.743 F1=56.839 Rec=55.327 Prec=60.499
Train Client3 [1/10] LR=0.0002500 loss=1.814 ACC=62.121 F1=50.998 Rec=50.953 Prec=51.174
Train Client4 [1/10] LR=0.0002500 loss=0.656 ACC=89.787 F1=48.429 Rec=48.007 Prec=49.021
Train Client5 [1/10] LR=0.0002500 loss=1.450 ACC=68.839 F1=51.587 Rec=50.953 Prec=53.114
Train Client6 [1/10] LR=0.0002500 loss=1.319 ACC=78.056 F1=51.878 Rec=52.346 Prec=51.933
Train Client7 [1/10] LR=0.0002500 loss=1.098 ACC=75.909 F1=53.197 Rec=51.317 Prec=56.667

Val    [1/10] LR=0.0002500 loss=2.297 ACC=72.857 F1=67.086 Rec=72.857 Prec=82.616
Val-Known->Virtual [1/10] rate=0.000% prob_mean=0.010359 margin_mean=0.661920
Val-LogitMargin [1/10] TrueKnown-VMax mean=4.7969 std=0.8366 p10=3.6710 p50=4.8239 p90=5.8952

Test-  OSR [1/10] LR=0.0002500 ACC=45.643 F1=45.049 Rec=60.857 Prec=53.424 UNK=0.000 OS*=73.029 HOS=0.000 AUROC=44.010 AUPR=35.312 OSCR=38.454
Test-Close [1/10] LR=0.0002500 loss=2.287 ACC=73.029 F1=67.008 Rec=73.029 Prec=80.619
Test-Virtual [1/10] CloseK->V=0.000% Open->V=0.000% OpenVEntropy=0.000000 CloseHist=[0, 0, 0] OpenHist=[0, 0, 0]
Test-LogitMargin [1/10] CloseTrue-VMax mean=4.8123 std=0.7910 p10=3.7745 p50=4.7918 p90=5.8839 | OpenKnown-VMax mean=4.8839 std=0.7003 p10=3.9550 p50=4.8911 p90=5.8288
AnchorDiag [1/10] VNorm=[1.0000001192092896, 0.9999999403953552, 0.9999999403953552] VDriftMax=0.000000 Vcos(max/mean)=(0.0000/-0.0000) KVcos(max/mean)=(0.0030/-0.0008) ValK->V=0.00% CloseK->V=0.00% Open->V=0.00% OpenVEntropy=0.0000
Saving best model . . . . . . . .

Train Client0 [2/10] LR=0.0002500 loss=1.314 ACC=74.677 F1=68.015 Rec=66.593 Prec=70.302
Train Client1 [2/10] LR=0.0002500 loss=0.916 ACC=83.043 F1=65.552 Rec=65.198 Prec=66.034
Train Client2 [2/10] LR=0.0002500 loss=0.691 ACC=86.359 F1=61.182 Rec=59.742 Prec=65.624
Train Client3 [2/10] LR=0.0002500 loss=1.425 ACC=67.614 F1=55.574 Rec=55.538 Prec=55.634
Train Client4 [2/10] LR=0.0002500 loss=0.502 ACC=91.616 F1=54.229 Rec=53.697 Prec=55.602
Train Client5 [2/10] LR=0.0002500 loss=1.235 ACC=73.482 F1=57.004 Rec=56.190 Prec=58.474
Train Client6 [2/10] LR=0.0002500 loss=1.030 ACC=84.722 F1=57.208 Rec=55.248 Prec=60.090
Train Client7 [2/10] LR=0.0002500 loss=0.868 ACC=82.424 F1=62.170 Rec=60.340 Prec=64.487

Val    [2/10] LR=0.0002500 loss=2.195 ACC=76.229 F1=73.238 Rec=76.229 Prec=81.737
Val-Known->Virtual [2/10] rate=0.000% prob_mean=0.007466 margin_mean=0.714387
Val-LogitMargin [2/10] TrueKnown-VMax mean=5.4260 std=1.1600 p10=4.0950 p50=5.3459 p90=7.2697

Test-  OSR [2/10] LR=0.0002500 ACC=48.393 F1=52.132 Rec=64.524 Prec=56.045 UNK=0.000 OS*=77.429 HOS=0.000 AUROC=25.780 AUPR=25.913 OSCR=24.323
Test-Close [2/10] LR=0.0002500 loss=2.180 ACC=77.429 F1=74.740 Rec=77.429 Prec=82.565
Test-Virtual [2/10] CloseK->V=0.000% Open->V=0.000% OpenVEntropy=0.000000 CloseHist=[0, 0, 0] OpenHist=[0, 0, 0]
Test-LogitMargin [2/10] CloseTrue-VMax mean=5.4410 std=1.1276 p10=4.1872 p50=5.3130 p90=7.2238 | OpenKnown-VMax mean=6.2074 std=1.1264 p10=4.6026 p50=6.4108 p90=7.5950
AnchorDiag [2/10] VNorm=[1.0000001192092896, 0.9999999403953552, 0.9999999403953552] VDriftMax=0.000000 Vcos(max/mean)=(0.0000/-0.0000) KVcos(max/mean)=(0.0054/-0.0011) ValK->V=0.00% CloseK->V=0.00% Open->V=0.00% OpenVEntropy=0.0000
>> New learning Rate: 0.000125
Train Client0 [3/10] LR=0.0001250 loss=0.934 ACC=81.789 F1=61.221 Rec=60.234 Prec=62.675
Train Client1 [3/10] LR=0.0001250 loss=0.647 ACC=88.545 F1=70.822 Rec=71.257 Prec=70.424
Train Client2 [3/10] LR=0.0001250 loss=0.494 ACC=89.591 F1=73.116 Rec=72.103 Prec=74.580
Train Client3 [3/10] LR=0.0001250 loss=1.233 ACC=75.947 F1=69.371 Rec=70.182 Prec=68.683
Train Client4 [3/10] LR=0.0001250 loss=0.371 ACC=93.750 F1=59.157 Rec=59.433 Prec=59.197
Train Client5 [3/10] LR=0.0001250 loss=0.893 ACC=80.714 F1=64.007 Rec=63.444 Prec=64.718
Train Client6 [3/10] LR=0.0001250 loss=0.719 ACC=88.056 F1=64.021 Rec=62.350 Prec=66.228
Train Client7 [3/10] LR=0.0001250 loss=0.630 ACC=87.424 F1=68.684 Rec=68.548 Prec=68.833

Val    [3/10] LR=0.0001250 loss=1.997 ACC=86.629 F1=86.314 Rec=86.629 Prec=87.848
Val-Known->Virtual [3/10] rate=0.000% prob_mean=0.003427 margin_mean=0.834798
Val-LogitMargin [3/10] TrueKnown-VMax mean=6.5553 std=1.3242 p10=4.9503 p50=6.4417 p90=8.4300

Test-  OSR [3/10] LR=0.0001250 ACC=54.607 F1=61.320 Rec=72.810 Prec=58.338 UNK=0.000 OS*=87.371 HOS=0.000 AUROC=35.828 AUPR=37.552 OSCR=33.605
Test-Close [3/10] LR=0.0001250 loss=1.983 ACC=87.371 F1=87.177 Rec=87.371 Prec=88.162
Test-Virtual [3/10] CloseK->V=0.000% Open->V=0.000% OpenVEntropy=0.000000 CloseHist=[0, 0, 0] OpenHist=[0, 0, 0]
Test-LogitMargin [3/10] CloseTrue-VMax mean=6.5767 std=1.2859 p10=5.0441 p50=6.4853 p90=8.4043 | OpenKnown-VMax mean=6.8679 std=1.6405 p10=4.3406 p50=7.4527 p90=8.6581
AnchorDiag [3/10] VNorm=[1.0000001192092896, 0.9999999403953552, 0.9999999403953552] VDriftMax=0.000000 Vcos(max/mean)=(0.0000/-0.0000) KVcos(max/mean)=(0.0080/-0.0008) ValK->V=0.00% CloseK->V=0.00% Open->V=0.00% OpenVEntropy=0.0000
Train Client0 [4/10] LR=0.0001250 loss=0.890 ACC=83.944 F1=79.664 Rec=78.345 Prec=81.409
Train Client1 [4/10] LR=0.0001250 loss=0.571 ACC=89.485 F1=74.803 Rec=74.218 Prec=77.086
Train Client2 [4/10] LR=0.0001250 loss=0.428 ACC=90.589 F1=73.985 Rec=72.832 Prec=75.634
Train Client3 [4/10] LR=0.0001250 loss=1.102 ACC=76.515 F1=66.035 Rec=66.172 Prec=65.996
Train Client4 [4/10] LR=0.0001250 loss=0.297 ACC=94.893 F1=62.473 Rec=63.072 Prec=62.958
Train Client5 [4/10] LR=0.0001250 loss=0.829 ACC=81.429 F1=65.134 Rec=64.658 Prec=65.687
Train Client6 [4/10] LR=0.0001250 loss=0.729 ACC=88.333 F1=71.072 Rec=73.061 Prec=70.355
Train Client7 [4/10] LR=0.0001250 loss=0.580 ACC=88.106 F1=70.030 Rec=70.084 Prec=70.018

Val    [4/10] LR=0.0001250 loss=1.999 ACC=86.914 F1=86.851 Rec=86.914 Prec=88.349
Val-Known->Virtual [4/10] rate=0.000% prob_mean=0.005749 margin_mean=0.852056
Val-LogitMargin [4/10] TrueKnown-VMax mean=6.0425 std=1.3045 p10=4.3533 p50=6.0985 p90=7.8006

Test-  OSR [4/10] LR=0.0001250 ACC=54.893 F1=62.463 Rec=73.190 Prec=60.002 UNK=0.000 OS*=87.829 HOS=0.000 AUROC=31.697 AUPR=33.009 OSCR=30.066
Test-Close [4/10] LR=0.0001250 loss=1.986 ACC=87.829 F1=87.809 Rec=87.829 Prec=88.871
Test-Virtual [4/10] CloseK->V=0.000% Open->V=0.000% OpenVEntropy=0.000000 CloseHist=[0, 0, 0] OpenHist=[0, 0, 0]
Test-LogitMargin [4/10] CloseTrue-VMax mean=6.0590 std=1.2728 p10=4.4930 p50=6.1081 p90=7.8013 | OpenKnown-VMax mean=6.3622 std=1.5920 p10=3.7694 p50=6.8762 p90=8.1077
AnchorDiag [4/10] VNorm=[1.0000001192092896, 1.0, 0.9999999403953552] VDriftMax=0.000000 Vcos(max/mean)=(0.0000/-0.0000) KVcos(max/mean)=(0.0104/-0.0008) ValK->V=0.00% CloseK->V=0.00% Open->V=0.00% OpenVEntropy=0.0000
>> New learning Rate: 6.25e-05
Train Client0 [5/10] LR=0.0000625 loss=0.709 ACC=87.446 F1=84.724 Rec=83.585 Prec=86.108
Train Client1 [5/10] LR=0.0000625 loss=0.514 ACC=90.669 F1=78.310 Rec=77.454 Prec=80.399
Train Client2 [5/10] LR=0.0000625 loss=0.340 ACC=93.203 F1=82.977 Rec=83.461 Prec=82.625
Train Client3 [5/10] LR=0.0000625 loss=0.900 ACC=78.977 F1=72.482 Rec=79.468 Prec=70.401
Train Client4 [5/10] LR=0.0000625 loss=0.305 ACC=94.436 F1=63.145 Rec=66.316 Prec=60.958
Train Client5 [5/10] LR=0.0000625 loss=0.725 ACC=84.821 F1=68.276 Rec=67.756 Prec=68.895
Train Client6 [5/10] LR=0.0000625 loss=0.640 ACC=86.667 F1=68.523 Rec=73.025 Prec=65.360
Train Client7 [5/10] LR=0.0000625 loss=0.582 ACC=89.242 F1=70.742 Rec=70.939 Prec=70.626

Val    [5/10] LR=0.0000625 loss=1.950 ACC=88.514 F1=88.398 Rec=88.514 Prec=89.439
Val-Known->Virtual [5/10] rate=0.000% prob_mean=0.008058 margin_mean=0.865068
Val-LogitMargin [5/10] TrueKnown-VMax mean=5.7569 std=1.2744 p10=4.0810 p50=5.8462 p90=7.4389

Test-  OSR [5/10] LR=0.0000625 ACC=55.786 F1=63.761 Rec=74.381 Prec=61.252 UNK=0.000 OS*=89.257 HOS=0.000 AUROC=30.609 AUPR=31.676 OSCR=29.372
Test-Close [5/10] LR=0.0000625 loss=1.942 ACC=89.257 F1=89.192 Rec=89.257 Prec=89.949
Test-Virtual [5/10] CloseK->V=0.000% Open->V=0.000% OpenVEntropy=0.000000 CloseHist=[0, 0, 0] OpenHist=[0, 0, 0]
Test-LogitMargin [5/10] CloseTrue-VMax mean=5.7682 std=1.2413 p10=4.1605 p50=5.8459 p90=7.4155 | OpenKnown-VMax mean=6.0382 std=1.6759 p10=3.3070 p50=6.6542 p90=7.7475
AnchorDiag [5/10] VNorm=[1.0000001192092896, 1.0, 0.9999999403953552] VDriftMax=0.000000 Vcos(max/mean)=(0.0000/-0.0000) KVcos(max/mean)=(0.0116/-0.0006) ValK->V=0.00% CloseK->V=0.00% Open->V=0.00% OpenVEntropy=0.0000
Saving model at epoch 5 . . . . . . . .

Train Client0 [6/10] LR=0.0000625 loss=0.714 ACC=86.746 F1=66.926 Rec=66.215 Prec=67.787
Train Client1 [6/10] LR=0.0000625 loss=0.473 ACC=91.609 F1=81.719 Rec=80.468 Prec=83.724
Train Client2 [6/10] LR=0.0000625 loss=0.310 ACC=93.584 F1=82.551 Rec=82.142 Prec=83.062
Train Client3 [6/10] LR=0.0000625 loss=0.895 ACC=84.659 F1=79.174 Rec=86.360 Prec=76.059
Train Client4 [6/10] LR=0.0000625 loss=0.254 ACC=95.198 F1=68.564 Rec=74.606 Prec=65.985
Train Client5 [6/10] LR=0.0000625 loss=0.657 ACC=86.607 F1=69.213 Rec=68.897 Prec=69.584
Train Client6 [6/10] LR=0.0000625 loss=0.662 ACC=87.500 F1=70.773 Rec=74.916 Prec=67.767
Train Client7 [6/10] LR=0.0000625 loss=0.533 ACC=88.561 F1=70.727 Rec=71.753 Prec=69.816

Val    [6/10] LR=0.0000625 loss=1.948 ACC=88.571 F1=88.373 Rec=88.571 Prec=89.518
Val-Known->Virtual [6/10] rate=0.000% prob_mean=0.014225 margin_mean=0.864624
Val-LogitMargin [6/10] TrueKnown-VMax mean=5.1254 std=1.2132 p10=3.5341 p50=5.2596 p90=6.6385

Test-  OSR [6/10] LR=0.0000625 ACC=55.893 F1=63.379 Rec=74.524 Prec=60.380 UNK=0.000 OS*=89.429 HOS=0.000 AUROC=34.263 AUPR=37.516 OSCR=32.492
Test-Close [6/10] LR=0.0000625 loss=1.935 ACC=89.429 F1=89.325 Rec=89.429 Prec=90.058
Test-Virtual [6/10] CloseK->V=0.000% Open->V=0.000% OpenVEntropy=0.000000 CloseHist=[0, 0, 0] OpenHist=[0, 0, 0]
Test-LogitMargin [6/10] CloseTrue-VMax mean=5.1409 std=1.1842 p10=3.5477 p50=5.2562 p90=6.6339 | OpenKnown-VMax mean=5.2215 std=1.7519 p10=2.4192 p50=5.8710 p90=7.0404
AnchorDiag [6/10] VNorm=[1.0000001192092896, 1.0, 0.9999999403953552] VDriftMax=0.000000 Vcos(max/mean)=(0.0000/-0.0000) KVcos(max/mean)=(0.0136/-0.0002) ValK->V=0.00% CloseK->V=0.00% Open->V=0.00% OpenVEntropy=0.0000
>> New learning Rate: 3.125e-05
Train Client0 [7/10] LR=0.0000313 loss=0.622 ACC=88.793 F1=68.905 Rec=68.447 Prec=69.496
Train Client1 [7/10] LR=0.0000313 loss=0.423 ACC=92.862 F1=82.111 Rec=81.243 Prec=84.385
Train Client2 [7/10] LR=0.0000313 loss=0.295 ACC=93.774 F1=84.535 Rec=86.829 Prec=82.520
Train Client3 [7/10] LR=0.0000313 loss=0.846 ACC=83.712 F1=76.586 Rec=85.525 Prec=74.378
Train Client4 [7/10] LR=0.0000313 loss=0.252 ACC=94.665 F1=68.404 Rec=76.654 Prec=64.833
Train Client5 [7/10] LR=0.0000313 loss=0.641 ACC=86.339 F1=73.952 Rec=83.283 Prec=72.654
Train Client6 [7/10] LR=0.0000313 loss=0.691 ACC=85.278 F1=71.729 Rec=83.505 Prec=66.753
Train Client7 [7/10] LR=0.0000313 loss=0.569 ACC=87.803 F1=71.084 Rec=73.082 Prec=69.463

Val    [7/10] LR=0.0000313 loss=1.939 ACC=88.743 F1=88.533 Rec=88.743 Prec=89.890
Val-Known->Virtual [7/10] rate=0.000% prob_mean=0.015673 margin_mean=0.865593
Val-LogitMargin [7/10] TrueKnown-VMax mean=4.9742 std=1.0773 p10=3.4937 p50=5.1901 p90=6.1721

Test-  OSR [7/10] LR=0.0000313 ACC=56.143 F1=62.719 Rec=74.857 Prec=58.671 UNK=0.000 OS*=89.829 HOS=0.000 AUROC=39.937 AUPR=44.145 OSCR=37.579
Test-Close [7/10] LR=0.0000313 loss=1.932 ACC=89.829 F1=89.733 Rec=89.829 Prec=90.493
Test-Virtual [7/10] CloseK->V=0.000% Open->V=0.000% OpenVEntropy=0.000000 CloseHist=[0, 0, 0] OpenHist=[0, 0, 0]
Test-LogitMargin [7/10] CloseTrue-VMax mean=4.9876 std=1.0547 p10=3.5527 p50=5.1799 p90=6.1751 | OpenKnown-VMax mean=4.4867 std=1.6646 p10=1.8806 p50=5.1511 p90=6.2385
AnchorDiag [7/10] VNorm=[1.0000001192092896, 1.0, 0.9999999403953552] VDriftMax=0.000000 Vcos(max/mean)=(0.0000/-0.0000) KVcos(max/mean)=(0.0147/0.0000) ValK->V=0.00% CloseK->V=0.00% Open->V=0.00% OpenVEntropy=0.0000
Train Client0 [8/10] LR=0.0000313 loss=0.620 ACC=89.062 F1=69.104 Rec=68.279 Prec=70.166
Train Client1 [8/10] LR=0.0000313 loss=0.411 ACC=92.305 F1=82.226 Rec=81.354 Prec=83.731
Train Client2 [8/10] LR=0.0000313 loss=0.276 ACC=95.057 F1=87.749 Rec=89.867 Prec=85.956
Train Client3 [8/10] LR=0.0000313 loss=0.726 ACC=85.795 F1=77.819 Rec=87.338 Prec=75.278
Train Client4 [8/10] LR=0.0000313 loss=0.201 ACC=95.960 F1=73.919 Rec=79.335 Prec=70.976
Train Client5 [8/10] LR=0.0000313 loss=0.621 ACC=85.982 F1=71.483 Rec=73.444 Prec=71.019
Train Client6 [8/10] LR=0.0000313 loss=0.760 ACC=85.556 F1=73.774 Rec=85.041 Prec=68.138
Train Client7 [8/10] LR=0.0000313 loss=0.550 ACC=89.091 F1=71.682 Rec=72.712 Prec=70.839

Val    [8/10] LR=0.0000313 loss=1.940 ACC=88.457 F1=88.152 Rec=88.457 Prec=89.592
Val-Known->Virtual [8/10] rate=0.000% prob_mean=0.019329 margin_mean=0.862565
Val-LogitMargin [8/10] TrueKnown-VMax mean=4.7386 std=1.0792 p10=3.1923 p50=4.9461 p90=5.9217

Test-  OSR [8/10] LR=0.0000313 ACC=56.214 F1=63.763 Rec=74.952 Prec=60.863 UNK=0.000 OS*=89.943 HOS=0.000 AUROC=38.018 AUPR=39.717 OSCR=36.153
Test-Close [8/10] LR=0.0000313 loss=1.935 ACC=89.943 F1=89.806 Rec=89.943 Prec=90.709
Test-Virtual [8/10] CloseK->V=0.000% Open->V=0.000% OpenVEntropy=0.000000 CloseHist=[0, 0, 0] OpenHist=[0, 0, 0]
Test-LogitMargin [8/10] CloseTrue-VMax mean=4.7515 std=1.0619 p10=3.2823 p50=4.9517 p90=5.9340 | OpenKnown-VMax mean=4.3212 std=1.5588 p10=1.8008 p50=4.9165 p90=5.9396
AnchorDiag [8/10] VNorm=[1.0000001192092896, 1.0, 0.9999999403953552] VDriftMax=0.000000 Vcos(max/mean)=(0.0000/-0.0000) KVcos(max/mean)=(0.0158/0.0003) ValK->V=0.00% CloseK->V=0.00% Open->V=0.00% OpenVEntropy=0.0000
Train Client0 [9/10] LR=0.0000313 loss=0.626 ACC=88.578 F1=68.436 Rec=67.706 Prec=69.484
Train Client1 [9/10] LR=0.0000313 loss=0.413 ACC=92.967 F1=83.950 Rec=82.940 Prec=85.529
Train Client2 [9/10] LR=0.0000313 loss=0.266 ACC=94.249 F1=85.278 Rec=86.800 Prec=83.918
Train Client3 [9/10] LR=0.0000313 loss=0.797 ACC=84.659 F1=77.618 Rec=86.914 Prec=74.952
Train Client4 [9/10] LR=0.0000313 loss=0.231 ACC=95.427 F1=70.263 Rec=74.985 Prec=68.104
Train Client5 [9/10] LR=0.0000313 loss=0.589 ACC=86.964 F1=76.416 Rec=84.851 Prec=73.975
Train Client6 [9/10] LR=0.0000313 loss=0.641 ACC=85.000 F1=73.352 Rec=84.098 Prec=68.167
Train Client7 [9/10] LR=0.0000313 loss=0.506 ACC=89.924 F1=73.735 Rec=93.223 Prec=71.733

Val    [9/10] LR=0.0000313 loss=1.952 ACC=88.229 F1=87.819 Rec=88.229 Prec=89.719
Val-Known->Virtual [9/10] rate=0.000% prob_mean=0.023480 margin_mean=0.859117
Val-LogitMargin [9/10] TrueKnown-VMax mean=4.4946 std=1.0213 p10=3.0741 p50=4.6784 p90=5.5488

Test-  OSR [9/10] LR=0.0000313 ACC=55.964 F1=62.667 Rec=74.619 Prec=59.331 UNK=0.000 OS*=89.543 HOS=0.000 AUROC=45.762 AUPR=46.896 OSCR=43.105
Test-Close [9/10] LR=0.0000313 loss=1.945 ACC=89.543 F1=89.321 Rec=89.543 Prec=90.403
Test-Virtual [9/10] CloseK->V=0.000% Open->V=0.000% OpenVEntropy=0.000000 CloseHist=[0, 0, 0] OpenHist=[0, 0, 0]
Test-LogitMargin [9/10] CloseTrue-VMax mean=4.5112 std=1.0018 p10=3.1486 p50=4.7010 p90=5.5838 | OpenKnown-VMax mean=3.5915 std=1.4477 p10=1.3903 p50=4.1015 p90=5.1573
AnchorDiag [9/10] VNorm=[1.0000001192092896, 1.0, 0.9999999403953552] VDriftMax=0.000000 Vcos(max/mean)=(0.0000/-0.0000) KVcos(max/mean)=(0.0168/0.0005) ValK->V=0.00% CloseK->V=0.00% Open->V=0.00% OpenVEntropy=0.0000
Saving best model . . . . . . . .

------>Best performance (by OSCR)--->>>>>>>

Test-  OSR [9/10] ACC=55.964 F1=62.667 Rec=74.619 Prec=59.331 UNK=0.000 OS*=89.543 HOS=0.000 AUROC=45.762 AUPR=46.896 OSCR=43.105
=====================================================================================================================================
The ending time ：2026-06-16 21:45:14
