Logging to: ./logs/RetinalOCT_Finetune_K3_U5_seed1_20260712_195328.log
==> Preparing data..
Protocol mode: hard_k3
Fixed known classes: ['AMD', 'DME', 'DR']
Fixed unknown classes: ['CNV', 'CSR', 'DRUSEN', 'MH', 'NORMAL']
Known class list: [0 3 4] Unknown class list [1 2 5 6 7]
Total images — Train: 18400, Val: 2800, Test: 2800
{0: 0, 3: 1, 4: 2} {1: 3, 2: 4, 5: 5, 6: 6, 7: 7}
Known origin: [0 3 4] , new: [0 1 2]
Unknown origin: [1 2 5 6 7] , new: [3 4 5 6 7]
Known/Unknown in Train: 6900/11500
Known/Unknown in Val:   1050/1750
Known/Unknown in Test:  1050/1750
[balanced IID] alpha=0 — using balanced IID split (6900 samples → 8 clients)
Client0 sample num: 864
Client1 sample num: 864
Client2 sample num: 864
Client3 sample num: 864
Client4 sample num: 861
Client5 sample num: 861
Client6 sample num: 861
Client7 sample num: 861

>>> Setting up
==> Using device: cuda:1
==> Building [Resnet18] model..
154
154
154
154
154
154
154
154
154
154
154
154
154
154
154
154
154
154
Train Client0 [0/30] LR=0.0001000 loss=33.369 ACC=48.032 F1=44.322 Rec=48.032 Prec=44.238
Train Client1 [0/30] LR=0.0001000 loss=34.216 ACC=50.000 F1=45.919 Rec=50.000 Prec=46.459
Train Client2 [0/30] LR=0.0001000 loss=34.980 ACC=49.884 F1=45.887 Rec=49.884 Prec=45.967
Train Client3 [0/30] LR=0.0001000 loss=34.043 ACC=50.000 F1=46.680 Rec=50.000 Prec=47.359
Train Client4 [0/30] LR=0.0001000 loss=34.523 ACC=49.766 F1=45.586 Rec=49.832 Prec=45.693
Train Client5 [0/30] LR=0.0001000 loss=34.327 ACC=48.949 F1=46.359 Rec=49.027 Prec=48.838
Train Client6 [0/30] LR=0.0001000 loss=34.974 ACC=48.715 F1=44.668 Rec=48.756 Prec=45.967
Train Client7 [0/30] LR=0.0001000 loss=35.136 ACC=47.547 F1=42.703 Rec=47.487 Prec=42.111

Test-  OSR [0/30] LR=0.0001000 ACC=32.143 F1=36.902 Rec=64.286 Prec=26.459 UNK=0.000 OS*=85.714 HOS=0.000 AUROC=41.773 AUPR=60.816 OSCR=38.794
Test-Close [0/30] LR=0.0001000 loss=1.516 ACC=85.714 F1=85.617 Rec=85.714 Prec=86.608

Saving best model . . . . . . . .

Train Client0 [1/30] LR=0.0001000 loss=17.120 ACC=89.005 F1=89.021 Rec=89.005 Prec=89.125
Train Client1 [1/30] LR=0.0001000 loss=19.451 ACC=81.250 F1=81.465 Rec=81.250 Prec=82.100
Train Client2 [1/30] LR=0.0001000 loss=19.022 ACC=85.995 F1=86.043 Rec=85.995 Prec=86.397
Train Client3 [1/30] LR=0.0001000 loss=19.386 ACC=88.773 F1=88.856 Rec=88.773 Prec=89.138
Train Client4 [1/30] LR=0.0001000 loss=19.035 ACC=87.617 F1=87.708 Rec=87.623 Prec=88.163
Train Client5 [1/30] LR=0.0001000 loss=17.383 ACC=90.187 F1=90.218 Rec=90.183 Prec=90.298
Train Client6 [1/30] LR=0.0001000 loss=17.798 ACC=88.785 F1=88.825 Rec=88.786 Prec=88.903
Train Client7 [1/30] LR=0.0001000 loss=13.569 ACC=89.252 F1=89.266 Rec=89.256 Prec=89.284

Test-  OSR [1/30] LR=0.0001000 ACC=37.357 F1=47.135 Rec=74.714 Prec=39.087 UNK=0.000 OS*=99.619 HOS=0.000 AUROC=35.976 AUPR=53.744 OSCR=35.971
Test-Close [1/30] LR=0.0001000 loss=1.129 ACC=99.619 F1=99.619 Rec=99.619 Prec=99.620

Train Client0 [2/30] LR=0.0001000 loss=9.336 ACC=93.634 F1=93.670 Rec=93.634 Prec=93.768
Train Client1 [2/30] LR=0.0001000 loss=8.211 ACC=95.718 F1=95.731 Rec=95.718 Prec=95.791
Train Client2 [2/30] LR=0.0001000 loss=8.860 ACC=93.981 F1=93.989 Rec=93.981 Prec=94.062
Train Client3 [2/30] LR=0.0001000 loss=7.442 ACC=93.056 F1=93.085 Rec=93.056 Prec=93.168
Train Client4 [2/30] LR=0.0001000 loss=8.759 ACC=93.925 F1=93.951 Rec=93.928 Prec=94.049
Train Client5 [2/30] LR=0.0001000 loss=7.957 ACC=95.794 F1=95.796 Rec=95.795 Prec=95.802
Train Client6 [2/30] LR=0.0001000 loss=7.572 ACC=95.210 F1=95.209 Rec=95.208 Prec=95.221
Train Client7 [2/30] LR=0.0001000 loss=5.889 ACC=94.743 F1=94.746 Rec=94.748 Prec=94.745

Test-  OSR [2/30] LR=0.0001000 ACC=37.393 F1=47.209 Rec=74.786 Prec=39.161 UNK=0.000 OS*=99.714 HOS=0.000 AUROC=39.609 AUPR=55.444 OSCR=39.609
Test-Close [2/30] LR=0.0001000 loss=1.115 ACC=99.714 F1=99.714 Rec=99.714 Prec=99.715

Saving best model . . . . . . . .

Train Client0 [3/30] LR=0.0001000 loss=1.958 ACC=96.759 F1=96.765 Rec=96.759 Prec=96.779
Train Client1 [3/30] LR=0.0001000 loss=2.180 ACC=97.569 F1=97.571 Rec=97.569 Prec=97.597
Train Client2 [3/30] LR=0.0001000 loss=3.320 ACC=96.065 F1=96.064 Rec=96.065 Prec=96.063
Train Client3 [3/30] LR=0.0001000 loss=3.155 ACC=96.528 F1=96.529 Rec=96.528 Prec=96.542
Train Client4 [3/30] LR=0.0001000 loss=3.518 ACC=95.210 F1=95.216 Rec=95.209 Prec=95.227
Train Client5 [3/30] LR=0.0001000 loss=3.086 ACC=97.897 F1=97.900 Rec=97.898 Prec=97.912
Train Client6 [3/30] LR=0.0001000 loss=3.265 ACC=95.561 F1=95.574 Rec=95.561 Prec=95.603
Train Client7 [3/30] LR=0.0001000 loss=3.047 ACC=96.612 F1=96.604 Rec=96.609 Prec=96.602

Test-  OSR [3/30] LR=0.0001000 ACC=37.500 F1=47.364 Rec=75.000 Prec=39.268 UNK=0.000 OS*=100.000 HOS=0.000 AUROC=41.436 AUPR=57.618 OSCR=41.436
Test-Close [3/30] LR=0.0001000 loss=1.112 ACC=100.000 F1=100.000 Rec=100.000 Prec=100.000

Saving best model . . . . . . . .

Train Client0 [4/30] LR=0.0001000 loss=1.626 ACC=97.801 F1=97.798 Rec=97.801 Prec=97.801
Train Client1 [4/30] LR=0.0001000 loss=2.053 ACC=97.106 F1=97.103 Rec=97.106 Prec=97.111
Train Client2 [4/30] LR=0.0001000 loss=2.258 ACC=97.338 F1=97.332 Rec=97.338 Prec=97.331
Train Client3 [4/30] LR=0.0001000 loss=1.704 ACC=98.032 F1=98.036 Rec=98.032 Prec=98.047
Train Client4 [4/30] LR=0.0001000 loss=1.335 ACC=98.248 F1=98.245 Rec=98.246 Prec=98.255
Train Client5 [4/30] LR=0.0001000 loss=1.609 ACC=97.897 F1=97.897 Rec=97.898 Prec=97.896
Train Client6 [4/30] LR=0.0001000 loss=2.134 ACC=96.846 F1=96.837 Rec=96.843 Prec=96.841
Train Client7 [4/30] LR=0.0001000 loss=1.793 ACC=97.079 F1=97.086 Rec=97.078 Prec=97.124

Test-  OSR [4/30] LR=0.0001000 ACC=37.500 F1=47.364 Rec=75.000 Prec=39.268 UNK=0.000 OS*=100.000 HOS=0.000 AUROC=45.537 AUPR=61.670 OSCR=45.537
Test-Close [4/30] LR=0.0001000 loss=1.105 ACC=100.000 F1=100.000 Rec=100.000 Prec=100.000

Saving best model . . . . . . . .

Train Client0 [5/30] LR=0.0001000 loss=0.853 ACC=97.685 F1=97.683 Rec=97.685 Prec=97.683
Train Client1 [5/30] LR=0.0001000 loss=0.963 ACC=98.264 F1=98.263 Rec=98.264 Prec=98.265
Train Client2 [5/30] LR=0.0001000 loss=1.033 ACC=97.685 F1=97.680 Rec=97.685 Prec=97.679
Train Client3 [5/30] LR=0.0001000 loss=0.820 ACC=97.801 F1=97.800 Rec=97.801 Prec=97.803
Train Client4 [5/30] LR=0.0001000 loss=1.023 ACC=97.664 F1=97.669 Rec=97.662 Prec=97.694
Train Client5 [5/30] LR=0.0001000 loss=1.020 ACC=96.963 F1=96.961 Rec=96.965 Prec=96.959
Train Client6 [5/30] LR=0.0001000 loss=0.988 ACC=97.430 F1=97.425 Rec=97.431 Prec=97.431
Train Client7 [5/30] LR=0.0001000 loss=0.841 ACC=97.313 F1=97.302 Rec=97.305 Prec=97.303

Test-  OSR [5/30] LR=0.0001000 ACC=37.500 F1=47.470 Rec=75.000 Prec=39.517 UNK=0.000 OS*=100.000 HOS=0.000 AUROC=46.524 AUPR=61.506 OSCR=46.524
Test-Close [5/30] LR=0.0001000 loss=1.114 ACC=100.000 F1=100.000 Rec=100.000 Prec=100.000

Saving best model . . . . . . . .

Train Client0 [6/30] LR=0.0001000 loss=0.402 ACC=97.801 F1=97.802 Rec=97.801 Prec=97.810
Train Client1 [6/30] LR=0.0001000 loss=0.319 ACC=97.801 F1=97.800 Rec=97.801 Prec=97.800
Train Client2 [6/30] LR=0.0001000 loss=0.330 ACC=98.495 F1=98.496 Rec=98.495 Prec=98.511
Train Client3 [6/30] LR=0.0001000 loss=0.361 ACC=98.495 F1=98.496 Rec=98.495 Prec=98.499
Train Client4 [6/30] LR=0.0001000 loss=0.353 ACC=97.547 F1=97.550 Rec=97.550 Prec=97.552
Train Client5 [6/30] LR=0.0001000 loss=0.356 ACC=97.664 F1=97.660 Rec=97.663 Prec=97.687
Train Client6 [6/30] LR=0.0001000 loss=0.259 ACC=98.481 F1=98.480 Rec=98.480 Prec=98.483
Train Client7 [6/30] LR=0.0001000 loss=0.270 ACC=97.547 F1=97.546 Rec=97.547 Prec=97.546

Test-  OSR [6/30] LR=0.0001000 ACC=37.500 F1=47.464 Rec=75.000 Prec=39.510 UNK=0.000 OS*=100.000 HOS=0.000 AUROC=51.082 AUPR=65.222 OSCR=51.082
Test-Close [6/30] LR=0.0001000 loss=1.116 ACC=100.000 F1=100.000 Rec=100.000 Prec=100.000

Saving best model . . . . . . . .

Train Client0 [7/30] LR=0.0001000 loss=0.204 ACC=97.801 F1=97.797 Rec=97.801 Prec=97.798
Train Client1 [7/30] LR=0.0001000 loss=0.213 ACC=98.148 F1=98.148 Rec=98.148 Prec=98.149
Train Client2 [7/30] LR=0.0001000 loss=0.194 ACC=98.264 F1=98.262 Rec=98.264 Prec=98.265
Train Client3 [7/30] LR=0.0001000 loss=0.268 ACC=97.685 F1=97.683 Rec=97.685 Prec=97.719
Train Client4 [7/30] LR=0.0001000 loss=0.178 ACC=98.715 F1=98.715 Rec=98.715 Prec=98.717
Train Client5 [7/30] LR=0.0001000 loss=0.172 ACC=98.715 F1=98.718 Rec=98.716 Prec=98.724
Train Client6 [7/30] LR=0.0001000 loss=0.139 ACC=98.598 F1=98.603 Rec=98.600 Prec=98.613
Train Client7 [7/30] LR=0.0001000 loss=0.162 ACC=99.065 F1=99.066 Rec=99.066 Prec=99.068

Test-  OSR [7/30] LR=0.0001000 ACC=37.500 F1=47.497 Rec=75.000 Prec=39.580 UNK=0.000 OS*=100.000 HOS=0.000 AUROC=44.766 AUPR=61.254 OSCR=44.766
Test-Close [7/30] LR=0.0001000 loss=1.118 ACC=100.000 F1=100.000 Rec=100.000 Prec=100.000

Train Client0 [8/30] LR=0.0001000 loss=0.173 ACC=98.495 F1=98.493 Rec=98.495 Prec=98.494
Train Client1 [8/30] LR=0.0001000 loss=0.133 ACC=98.032 F1=98.032 Rec=98.032 Prec=98.035
Train Client2 [8/30] LR=0.0001000 loss=0.114 ACC=98.958 F1=98.959 Rec=98.958 Prec=98.965
Train Client3 [8/30] LR=0.0001000 loss=0.112 ACC=98.958 F1=98.957 Rec=98.958 Prec=98.961
Train Client4 [8/30] LR=0.0001000 loss=0.112 ACC=98.949 F1=98.948 Rec=98.949 Prec=98.949
Train Client5 [8/30] LR=0.0001000 loss=0.168 ACC=98.131 F1=98.126 Rec=98.127 Prec=98.130
Train Client6 [8/30] LR=0.0001000 loss=0.167 ACC=97.664 F1=97.661 Rec=97.662 Prec=97.670
Train Client7 [8/30] LR=0.0001000 loss=0.138 ACC=98.248 F1=98.249 Rec=98.248 Prec=98.251

Test-  OSR [8/30] LR=0.0001000 ACC=37.500 F1=47.497 Rec=75.000 Prec=39.580 UNK=0.000 OS*=100.000 HOS=0.000 AUROC=55.258 AUPR=67.673 OSCR=55.258
Test-Close [8/30] LR=0.0001000 loss=1.116 ACC=100.000 F1=100.000 Rec=100.000 Prec=100.000

Saving best model . . . . . . . .

Train Client0 [9/30] LR=0.0001000 loss=0.139 ACC=98.727 F1=98.727 Rec=98.727 Prec=98.727
Train Client1 [9/30] LR=0.0001000 loss=0.073 ACC=99.537 F1=99.537 Rec=99.537 Prec=99.537
Train Client2 [9/30] LR=0.0001000 loss=0.141 ACC=97.917 F1=97.918 Rec=97.917 Prec=97.921
Train Client3 [9/30] LR=0.0001000 loss=0.138 ACC=98.843 F1=98.843 Rec=98.843 Prec=98.845
Train Client4 [9/30] LR=0.0001000 loss=0.125 ACC=99.065 F1=99.064 Rec=99.063 Prec=99.065
Train Client5 [9/30] LR=0.0001000 loss=0.275 ACC=97.664 F1=97.654 Rec=97.663 Prec=97.665
Train Client6 [9/30] LR=0.0001000 loss=0.097 ACC=98.832 F1=98.831 Rec=98.831 Prec=98.831
Train Client7 [9/30] LR=0.0001000 loss=0.066 ACC=99.650 F1=99.649 Rec=99.649 Prec=99.651

Test-  OSR [9/30] LR=0.0001000 ACC=37.500 F1=47.497 Rec=75.000 Prec=39.580 UNK=0.000 OS*=100.000 HOS=0.000 AUROC=52.340 AUPR=67.021 OSCR=52.340
Test-Close [9/30] LR=0.0001000 loss=1.115 ACC=100.000 F1=100.000 Rec=100.000 Prec=100.000

Train Client0 [10/30] LR=0.0001000 loss=0.101 ACC=98.958 F1=98.958 Rec=98.958 Prec=98.962
Train Client1 [10/30] LR=0.0001000 loss=0.105 ACC=99.190 F1=99.189 Rec=99.190 Prec=99.192
Train Client2 [10/30] LR=0.0001000 loss=0.080 ACC=98.843 F1=98.842 Rec=98.843 Prec=98.843
Train Client3 [10/30] LR=0.0001000 loss=0.092 ACC=99.074 F1=99.073 Rec=99.074 Prec=99.073
Train Client4 [10/30] LR=0.0001000 loss=0.137 ACC=98.949 F1=98.946 Rec=98.947 Prec=98.948
Train Client5 [10/30] LR=0.0001000 loss=0.117 ACC=99.065 F1=99.065 Rec=99.066 Prec=99.066
Train Client6 [10/30] LR=0.0001000 loss=0.098 ACC=99.182 F1=99.184 Rec=99.183 Prec=99.187
Train Client7 [10/30] LR=0.0001000 loss=0.128 ACC=98.598 F1=98.598 Rec=98.599 Prec=98.599

Test-  OSR [10/30] LR=0.0001000 ACC=37.500 F1=47.497 Rec=75.000 Prec=39.580 UNK=0.000 OS*=100.000 HOS=0.000 AUROC=45.312 AUPR=62.860 OSCR=45.312
Test-Close [10/30] LR=0.0001000 loss=1.119 ACC=100.000 F1=100.000 Rec=100.000 Prec=100.000

Train Client0 [11/30] LR=0.0001000 loss=0.141 ACC=98.727 F1=98.726 Rec=98.727 Prec=98.726
Train Client1 [11/30] LR=0.0001000 loss=0.089 ACC=99.074 F1=99.074 Rec=99.074 Prec=99.074
Train Client2 [11/30] LR=0.0001000 loss=0.120 ACC=98.958 F1=98.958 Rec=98.958 Prec=98.960
Train Client3 [11/30] LR=0.0001000 loss=0.129 ACC=98.727 F1=98.726 Rec=98.727 Prec=98.726
Train Client4 [11/30] LR=0.0001000 loss=0.059 ACC=99.650 F1=99.650 Rec=99.650 Prec=99.651
Train Client5 [11/30] LR=0.0001000 loss=0.044 ACC=99.650 F1=99.649 Rec=99.649 Prec=99.650
Train Client6 [11/30] LR=0.0001000 loss=0.080 ACC=98.949 F1=98.950 Rec=98.949 Prec=98.952
Train Client7 [11/30] LR=0.0001000 loss=0.072 ACC=99.065 F1=99.066 Rec=99.066 Prec=99.066

Test-  OSR [11/30] LR=0.0001000 ACC=37.500 F1=47.500 Rec=75.000 Prec=39.583 UNK=0.000 OS*=100.000 HOS=0.000 AUROC=49.525 AUPR=65.860 OSCR=49.525
Test-Close [11/30] LR=0.0001000 loss=1.122 ACC=100.000 F1=100.000 Rec=100.000 Prec=100.000

Train Client0 [12/30] LR=0.0001000 loss=0.068 ACC=99.074 F1=99.074 Rec=99.074 Prec=99.078
Train Client1 [12/30] LR=0.0001000 loss=0.058 ACC=99.421 F1=99.421 Rec=99.421 Prec=99.421
Train Client2 [12/30] LR=0.0001000 loss=0.071 ACC=99.306 F1=99.306 Rec=99.306 Prec=99.307
Train Client3 [12/30] LR=0.0001000 loss=0.062 ACC=99.190 F1=99.189 Rec=99.190 Prec=99.190
Train Client4 [12/30] LR=0.0001000 loss=0.074 ACC=99.065 F1=99.061 Rec=99.060 Prec=99.068
Train Client5 [12/30] LR=0.0001000 loss=0.036 ACC=99.650 F1=99.649 Rec=99.649 Prec=99.650
Train Client6 [12/30] LR=0.0001000 loss=0.076 ACC=99.065 F1=99.064 Rec=99.067 Prec=99.070
Train Client7 [12/30] LR=0.0001000 loss=0.038 ACC=99.766 F1=99.766 Rec=99.766 Prec=99.768

Test-  OSR [12/30] LR=0.0001000 ACC=37.500 F1=47.500 Rec=75.000 Prec=39.583 UNK=0.000 OS*=100.000 HOS=0.000 AUROC=42.443 AUPR=59.669 OSCR=42.443
Test-Close [12/30] LR=0.0001000 loss=1.117 ACC=100.000 F1=100.000 Rec=100.000 Prec=100.000

Train Client0 [13/30] LR=0.0001000 loss=0.084 ACC=98.727 F1=98.727 Rec=98.727 Prec=98.728
Train Client1 [13/30] LR=0.0001000 loss=0.065 ACC=99.421 F1=99.421 Rec=99.421 Prec=99.422
Train Client2 [13/30] LR=0.0001000 loss=0.086 ACC=98.958 F1=98.958 Rec=98.958 Prec=98.959
Train Client3 [13/30] LR=0.0001000 loss=0.055 ACC=99.190 F1=99.190 Rec=99.190 Prec=99.191
Train Client4 [13/30] LR=0.0001000 loss=0.036 ACC=99.533 F1=99.533 Rec=99.534 Prec=99.533
Train Client5 [13/30] LR=0.0001000 loss=0.054 ACC=99.182 F1=99.182 Rec=99.183 Prec=99.182
Train Client6 [13/30] LR=0.0001000 loss=0.056 ACC=99.416 F1=99.417 Rec=99.418 Prec=99.416
Train Client7 [13/30] LR=0.0001000 loss=0.070 ACC=99.299 F1=99.298 Rec=99.297 Prec=99.302

Test-  OSR [13/30] LR=0.0001000 ACC=37.500 F1=47.500 Rec=75.000 Prec=39.583 UNK=0.000 OS*=100.000 HOS=0.000 AUROC=52.729 AUPR=64.814 OSCR=52.729
Test-Close [13/30] LR=0.0001000 loss=1.114 ACC=100.000 F1=100.000 Rec=100.000 Prec=100.000

Train Client0 [14/30] LR=0.0001000 loss=0.089 ACC=99.306 F1=99.306 Rec=99.306 Prec=99.307
Train Client1 [14/30] LR=0.0001000 loss=0.101 ACC=98.958 F1=98.959 Rec=98.958 Prec=98.967
Train Client2 [14/30] LR=0.0001000 loss=0.075 ACC=99.537 F1=99.537 Rec=99.537 Prec=99.538
Train Client3 [14/30] LR=0.0001000 loss=0.060 ACC=99.190 F1=99.190 Rec=99.190 Prec=99.190
Train Client4 [14/30] LR=0.0001000 loss=0.122 ACC=99.065 F1=99.064 Rec=99.064 Prec=99.072
Train Client5 [14/30] LR=0.0001000 loss=0.163 ACC=98.248 F1=98.247 Rec=98.248 Prec=98.247
Train Client6 [14/30] LR=0.0001000 loss=0.060 ACC=99.416 F1=99.415 Rec=99.415 Prec=99.417
Train Client7 [14/30] LR=0.0001000 loss=0.043 ACC=99.533 F1=99.533 Rec=99.533 Prec=99.534

Test-  OSR [14/30] LR=0.0001000 ACC=37.500 F1=47.500 Rec=75.000 Prec=39.583 UNK=0.000 OS*=100.000 HOS=0.000 AUROC=61.097 AUPR=70.217 OSCR=61.097
Test-Close [14/30] LR=0.0001000 loss=1.118 ACC=100.000 F1=100.000 Rec=100.000 Prec=100.000

Saving best model . . . . . . . .

Train Client0 [15/30] LR=0.0001000 loss=0.039 ACC=99.190 F1=99.190 Rec=99.190 Prec=99.195
Train Client1 [15/30] LR=0.0001000 loss=0.042 ACC=99.306 F1=99.306 Rec=99.306 Prec=99.307
Train Client2 [15/30] LR=0.0001000 loss=0.039 ACC=99.537 F1=99.537 Rec=99.537 Prec=99.537
Train Client3 [15/30] LR=0.0001000 loss=0.052 ACC=99.190 F1=99.189 Rec=99.190 Prec=99.189
Train Client4 [15/30] LR=0.0001000 loss=0.048 ACC=99.182 F1=99.182 Rec=99.182 Prec=99.183
Train Client5 [15/30] LR=0.0001000 loss=0.061 ACC=99.416 F1=99.416 Rec=99.417 Prec=99.418
Train Client6 [15/30] LR=0.0001000 loss=0.060 ACC=99.650 F1=99.650 Rec=99.651 Prec=99.650
Train Client7 [15/30] LR=0.0001000 loss=0.019 ACC=100.000 F1=100.000 Rec=100.000 Prec=100.000

Test-  OSR [15/30] LR=0.0001000 ACC=37.500 F1=47.500 Rec=75.000 Prec=39.583 UNK=0.000 OS*=100.000 HOS=0.000 AUROC=49.886 AUPR=64.576 OSCR=49.886
Test-Close [15/30] LR=0.0001000 loss=1.111 ACC=100.000 F1=100.000 Rec=100.000 Prec=100.000

Train Client0 [16/30] LR=0.0001000 loss=0.016 ACC=100.000 F1=100.000 Rec=100.000 Prec=100.000
Train Client1 [16/30] LR=0.0001000 loss=0.029 ACC=99.653 F1=99.653 Rec=99.653 Prec=99.653
Train Client2 [16/30] LR=0.0001000 loss=0.113 ACC=98.611 F1=98.612 Rec=98.611 Prec=98.614
Train Client3 [16/30] LR=0.0001000 loss=0.063 ACC=99.653 F1=99.653 Rec=99.653 Prec=99.654
Train Client4 [16/30] LR=0.0001000 loss=0.042 ACC=99.650 F1=99.649 Rec=99.649 Prec=99.650
Train Client5 [16/30] LR=0.0001000 loss=0.022 ACC=99.766 F1=99.766 Rec=99.766 Prec=99.766
Train Client6 [16/30] LR=0.0001000 loss=0.006 ACC=100.000 F1=100.000 Rec=100.000 Prec=100.000
Train Client7 [16/30] LR=0.0001000 loss=0.014 ACC=99.883 F1=99.883 Rec=99.883 Prec=99.884

Test-  OSR [16/30] LR=0.0001000 ACC=37.500 F1=47.500 Rec=75.000 Prec=39.583 UNK=0.000 OS*=100.000 HOS=0.000 AUROC=55.557 AUPR=66.489 OSCR=55.557
Test-Close [16/30] LR=0.0001000 loss=1.115 ACC=100.000 F1=100.000 Rec=100.000 Prec=100.000

Train Client0 [17/30] LR=0.0001000 loss=0.051 ACC=99.537 F1=99.537 Rec=99.537 Prec=99.538
Train Client1 [17/30] LR=0.0001000 loss=0.036 ACC=99.653 F1=99.653 Rec=99.653 Prec=99.653
Train Client2 [17/30] LR=0.0001000 loss=0.048 ACC=99.769 F1=99.769 Rec=99.769 Prec=99.769
Train Client3 [17/30] LR=0.0001000 loss=0.027 ACC=99.769 F1=99.769 Rec=99.769 Prec=99.770
Train Client4 [17/30] LR=0.0001000 loss=0.030 ACC=99.650 F1=99.649 Rec=99.650 Prec=99.649
Train Client5 [17/30] LR=0.0001000 loss=0.046 ACC=99.533 F1=99.533 Rec=99.533 Prec=99.535
Train Client6 [17/30] LR=0.0001000 loss=0.078 ACC=99.299 F1=99.299 Rec=99.299 Prec=99.299
Train Client7 [17/30] LR=0.0001000 loss=0.020 ACC=99.533 F1=99.533 Rec=99.533 Prec=99.533

Test-  OSR [17/30] LR=0.0001000 ACC=37.500 F1=47.500 Rec=75.000 Prec=39.583 UNK=0.000 OS*=100.000 HOS=0.000 AUROC=51.767 AUPR=64.294 OSCR=51.767
Test-Close [17/30] LR=0.0001000 loss=1.114 ACC=100.000 F1=100.000 Rec=100.000 Prec=100.000

Train Client0 [18/30] LR=0.0001000 loss=0.045 ACC=99.190 F1=99.189 Rec=99.190 Prec=99.189
Train Client1 [18/30] LR=0.0001000 loss=0.027 ACC=99.769 F1=99.769 Rec=99.769 Prec=99.769
Train Client2 [18/30] LR=0.0001000 loss=0.080 ACC=99.421 F1=99.421 Rec=99.421 Prec=99.422
Train Client3 [18/30] LR=0.0001000 loss=0.070 ACC=99.306 F1=99.306 Rec=99.306 Prec=99.312
Train Client4 [18/30] LR=0.0001000 loss=0.020 ACC=99.766 F1=99.766 Rec=99.765 Prec=99.768
Train Client5 [18/30] LR=0.0001000 loss=0.029 ACC=99.650 F1=99.650 Rec=99.649 Prec=99.654
Train Client6 [18/30] LR=0.0001000 loss=0.053 ACC=99.533 F1=99.532 Rec=99.532 Prec=99.533
Train Client7 [18/30] LR=0.0001000 loss=0.045 ACC=99.766 F1=99.766 Rec=99.766 Prec=99.766

Test-  OSR [18/30] LR=0.0001000 ACC=37.500 F1=47.500 Rec=75.000 Prec=39.583 UNK=0.000 OS*=100.000 HOS=0.000 AUROC=61.427 AUPR=69.009 OSCR=61.427
Test-Close [18/30] LR=0.0001000 loss=1.108 ACC=100.000 F1=100.000 Rec=100.000 Prec=100.000

Saving best model . . . . . . . .

Train Client0 [19/30] LR=0.0001000 loss=0.013 ACC=99.884 F1=99.884 Rec=99.884 Prec=99.885
Train Client1 [19/30] LR=0.0001000 loss=0.026 ACC=99.884 F1=99.884 Rec=99.884 Prec=99.885
Train Client2 [19/30] LR=0.0001000 loss=0.078 ACC=99.537 F1=99.537 Rec=99.537 Prec=99.543
Train Client3 [19/30] LR=0.0001000 loss=0.079 ACC=99.190 F1=99.190 Rec=99.190 Prec=99.191
Train Client4 [19/30] LR=0.0001000 loss=0.025 ACC=99.650 F1=99.649 Rec=99.649 Prec=99.650
Train Client5 [19/30] LR=0.0001000 loss=0.142 ACC=99.182 F1=99.181 Rec=99.181 Prec=99.192
Train Client6 [19/30] LR=0.0001000 loss=0.104 ACC=99.065 F1=99.065 Rec=99.067 Prec=99.068
Train Client7 [19/30] LR=0.0001000 loss=0.034 ACC=99.650 F1=99.650 Rec=99.650 Prec=99.650

Test-  OSR [19/30] LR=0.0001000 ACC=37.500 F1=47.500 Rec=75.000 Prec=39.583 UNK=0.000 OS*=100.000 HOS=0.000 AUROC=45.922 AUPR=62.119 OSCR=45.923
Test-Close [19/30] LR=0.0001000 loss=1.111 ACC=100.000 F1=100.000 Rec=100.000 Prec=100.000

Train Client0 [20/30] LR=0.0001000 loss=0.034 ACC=99.306 F1=99.306 Rec=99.306 Prec=99.307
Train Client1 [20/30] LR=0.0001000 loss=0.058 ACC=99.306 F1=99.306 Rec=99.306 Prec=99.306
Train Client2 [20/30] LR=0.0001000 loss=0.036 ACC=99.537 F1=99.537 Rec=99.537 Prec=99.538
Train Client3 [20/30] LR=0.0001000 loss=0.018 ACC=99.653 F1=99.653 Rec=99.653 Prec=99.653
Train Client4 [20/30] LR=0.0001000 loss=0.030 ACC=99.650 F1=99.649 Rec=99.650 Prec=99.649
Train Client5 [20/30] LR=0.0001000 loss=0.017 ACC=99.766 F1=99.766 Rec=99.766 Prec=99.766
Train Client6 [20/30] LR=0.0001000 loss=0.008 ACC=99.883 F1=99.883 Rec=99.883 Prec=99.883
Train Client7 [20/30] LR=0.0001000 loss=0.014 ACC=99.883 F1=99.883 Rec=99.883 Prec=99.883

Test-  OSR [20/30] LR=0.0001000 ACC=37.500 F1=47.500 Rec=75.000 Prec=39.583 UNK=0.000 OS*=100.000 HOS=0.000 AUROC=56.352 AUPR=66.383 OSCR=56.352
Test-Close [20/30] LR=0.0001000 loss=1.108 ACC=100.000 F1=100.000 Rec=100.000 Prec=100.000

Train Client0 [21/30] LR=0.0001000 loss=0.015 ACC=99.769 F1=99.769 Rec=99.769 Prec=99.769
Train Client1 [21/30] LR=0.0001000 loss=0.041 ACC=99.306 F1=99.306 Rec=99.306 Prec=99.308
Train Client2 [21/30] LR=0.0001000 loss=0.037 ACC=99.769 F1=99.769 Rec=99.769 Prec=99.769
Train Client3 [21/30] LR=0.0001000 loss=0.082 ACC=99.306 F1=99.306 Rec=99.306 Prec=99.306
Train Client4 [21/30] LR=0.0001000 loss=0.099 ACC=99.533 F1=99.532 Rec=99.532 Prec=99.537
Train Client5 [21/30] LR=0.0001000 loss=0.062 ACC=99.533 F1=99.533 Rec=99.533 Prec=99.535
Train Client6 [21/30] LR=0.0001000 loss=0.026 ACC=99.766 F1=99.767 Rec=99.767 Prec=99.767
Train Client7 [21/30] LR=0.0001000 loss=0.009 ACC=99.883 F1=99.883 Rec=99.883 Prec=99.884

Test-  OSR [21/30] LR=0.0001000 ACC=37.500 F1=47.500 Rec=75.000 Prec=39.583 UNK=0.000 OS*=100.000 HOS=0.000 AUROC=53.819 AUPR=65.401 OSCR=53.819
Test-Close [21/30] LR=0.0001000 loss=1.113 ACC=100.000 F1=100.000 Rec=100.000 Prec=100.000

Train Client0 [22/30] LR=0.0001000 loss=0.022 ACC=99.769 F1=99.769 Rec=99.769 Prec=99.769
Train Client1 [22/30] LR=0.0001000 loss=0.040 ACC=99.653 F1=99.653 Rec=99.653 Prec=99.653
Train Client2 [22/30] LR=0.0001000 loss=0.004 ACC=100.000 F1=100.000 Rec=100.000 Prec=100.000
Train Client3 [22/30] LR=0.0001000 loss=0.023 ACC=99.537 F1=99.537 Rec=99.537 Prec=99.537
Train Client4 [22/30] LR=0.0001000 loss=0.061 ACC=99.416 F1=99.416 Rec=99.416 Prec=99.422
Train Client5 [22/30] LR=0.0001000 loss=0.023 ACC=99.883 F1=99.883 Rec=99.883 Prec=99.883
Train Client6 [22/30] LR=0.0001000 loss=0.041 ACC=99.650 F1=99.649 Rec=99.649 Prec=99.650
Train Client7 [22/30] LR=0.0001000 loss=0.121 ACC=98.598 F1=98.597 Rec=98.599 Prec=98.598

Test-  OSR [22/30] LR=0.0001000 ACC=37.500 F1=47.500 Rec=75.000 Prec=39.583 UNK=0.000 OS*=100.000 HOS=0.000 AUROC=62.966 AUPR=71.068 OSCR=62.966
Test-Close [22/30] LR=0.0001000 loss=1.114 ACC=100.000 F1=100.000 Rec=100.000 Prec=100.000

Saving best model . . . . . . . .

Train Client0 [23/30] LR=0.0001000 loss=0.013 ACC=100.000 F1=100.000 Rec=100.000 Prec=100.000
Train Client1 [23/30] LR=0.0001000 loss=0.056 ACC=99.653 F1=99.653 Rec=99.653 Prec=99.654
Train Client2 [23/30] LR=0.0001000 loss=0.009 ACC=100.000 F1=100.000 Rec=100.000 Prec=100.000
Train Client3 [23/30] LR=0.0001000 loss=0.036 ACC=99.653 F1=99.653 Rec=99.653 Prec=99.653
Train Client4 [23/30] LR=0.0001000 loss=0.067 ACC=99.182 F1=99.181 Rec=99.181 Prec=99.182
Train Client5 [23/30] LR=0.0001000 loss=0.039 ACC=99.766 F1=99.766 Rec=99.767 Prec=99.768
Train Client6 [23/30] LR=0.0001000 loss=0.082 ACC=99.766 F1=99.766 Rec=99.766 Prec=99.766
Train Client7 [23/30] LR=0.0001000 loss=0.013 ACC=99.883 F1=99.883 Rec=99.883 Prec=99.884

Test-  OSR [23/30] LR=0.0001000 ACC=37.464 F1=47.438 Rec=74.929 Prec=39.496 UNK=0.000 OS*=99.905 HOS=0.000 AUROC=62.610 AUPR=70.087 OSCR=62.610
Test-Close [23/30] LR=0.0001000 loss=1.105 ACC=99.905 F1=99.905 Rec=99.905 Prec=99.905

Train Client0 [24/30] LR=0.0001000 loss=0.019 ACC=99.653 F1=99.653 Rec=99.653 Prec=99.654
Train Client1 [24/30] LR=0.0001000 loss=0.018 ACC=99.884 F1=99.884 Rec=99.884 Prec=99.885
Train Client2 [24/30] LR=0.0001000 loss=0.031 ACC=99.653 F1=99.653 Rec=99.653 Prec=99.653
Train Client3 [24/30] LR=0.0001000 loss=0.023 ACC=99.653 F1=99.653 Rec=99.653 Prec=99.653
Train Client4 [24/30] LR=0.0001000 loss=0.009 ACC=100.000 F1=100.000 Rec=100.000 Prec=100.000
Train Client5 [24/30] LR=0.0001000 loss=0.021 ACC=99.650 F1=99.649 Rec=99.649 Prec=99.650
Train Client6 [24/30] LR=0.0001000 loss=0.044 ACC=99.766 F1=99.766 Rec=99.766 Prec=99.767
Train Client7 [24/30] LR=0.0001000 loss=0.037 ACC=99.766 F1=99.767 Rec=99.767 Prec=99.769

Test-  OSR [24/30] LR=0.0001000 ACC=37.464 F1=47.438 Rec=74.929 Prec=39.496 UNK=0.000 OS*=99.905 HOS=0.000 AUROC=55.410 AUPR=67.222 OSCR=55.410
Test-Close [24/30] LR=0.0001000 loss=1.102 ACC=99.905 F1=99.905 Rec=99.905 Prec=99.905

Train Client0 [25/30] LR=0.0001000 loss=0.042 ACC=99.653 F1=99.653 Rec=99.653 Prec=99.654
Train Client1 [25/30] LR=0.0001000 loss=0.044 ACC=99.537 F1=99.537 Rec=99.537 Prec=99.539
Train Client2 [25/30] LR=0.0001000 loss=0.020 ACC=99.769 F1=99.769 Rec=99.769 Prec=99.769
Train Client3 [25/30] LR=0.0001000 loss=0.012 ACC=99.884 F1=99.884 Rec=99.884 Prec=99.885
Train Client4 [25/30] LR=0.0001000 loss=0.022 ACC=99.883 F1=99.883 Rec=99.883 Prec=99.883
Train Client5 [25/30] LR=0.0001000 loss=0.006 ACC=100.000 F1=100.000 Rec=100.000 Prec=100.000
Train Client6 [25/30] LR=0.0001000 loss=0.053 ACC=99.299 F1=99.300 Rec=99.299 Prec=99.302
Train Client7 [25/30] LR=0.0001000 loss=0.003 ACC=100.000 F1=100.000 Rec=100.000 Prec=100.000

Test-  OSR [25/30] LR=0.0001000 ACC=37.500 F1=47.500 Rec=75.000 Prec=39.583 UNK=0.000 OS*=100.000 HOS=0.000 AUROC=57.666 AUPR=67.672 OSCR=57.666
Test-Close [25/30] LR=0.0001000 loss=1.101 ACC=100.000 F1=100.000 Rec=100.000 Prec=100.000

Train Client0 [26/30] LR=0.0001000 loss=0.006 ACC=99.884 F1=99.884 Rec=99.884 Prec=99.885
Train Client1 [26/30] LR=0.0001000 loss=0.027 ACC=99.769 F1=99.769 Rec=99.769 Prec=99.769
Train Client2 [26/30] LR=0.0001000 loss=0.005 ACC=100.000 F1=100.000 Rec=100.000 Prec=100.000
Train Client3 [26/30] LR=0.0001000 loss=0.034 ACC=99.653 F1=99.653 Rec=99.653 Prec=99.653
Train Client4 [26/30] LR=0.0001000 loss=0.003 ACC=100.000 F1=100.000 Rec=100.000 Prec=100.000
Train Client5 [26/30] LR=0.0001000 loss=0.041 ACC=99.766 F1=99.767 Rec=99.767 Prec=99.767
Train Client6 [26/30] LR=0.0001000 loss=0.016 ACC=99.533 F1=99.531 Rec=99.531 Prec=99.531
Train Client7 [26/30] LR=0.0001000 loss=0.005 ACC=99.766 F1=99.766 Rec=99.766 Prec=99.769

Test-  OSR [26/30] LR=0.0001000 ACC=37.500 F1=47.500 Rec=75.000 Prec=39.583 UNK=0.000 OS*=100.000 HOS=0.000 AUROC=58.568 AUPR=68.869 OSCR=58.567
Test-Close [26/30] LR=0.0001000 loss=1.106 ACC=100.000 F1=100.000 Rec=100.000 Prec=100.000

Train Client0 [27/30] LR=0.0001000 loss=0.073 ACC=99.306 F1=99.306 Rec=99.306 Prec=99.307
Train Client1 [27/30] LR=0.0001000 loss=0.049 ACC=99.537 F1=99.537 Rec=99.537 Prec=99.537
Train Client2 [27/30] LR=0.0001000 loss=0.130 ACC=99.421 F1=99.422 Rec=99.421 Prec=99.425
Train Client3 [27/30] LR=0.0001000 loss=0.018 ACC=99.884 F1=99.884 Rec=99.884 Prec=99.885
Train Client4 [27/30] LR=0.0001000 loss=0.017 ACC=99.883 F1=99.883 Rec=99.882 Prec=99.884
Train Client5 [27/30] LR=0.0001000 loss=0.035 ACC=99.416 F1=99.415 Rec=99.415 Prec=99.416
Train Client6 [27/30] LR=0.0001000 loss=0.006 ACC=99.883 F1=99.883 Rec=99.883 Prec=99.883
Train Client7 [27/30] LR=0.0001000 loss=0.010 ACC=99.766 F1=99.766 Rec=99.766 Prec=99.768

Test-  OSR [27/30] LR=0.0001000 ACC=37.500 F1=47.500 Rec=75.000 Prec=39.583 UNK=0.000 OS*=100.000 HOS=0.000 AUROC=40.927 AUPR=59.595 OSCR=40.925
Test-Close [27/30] LR=0.0001000 loss=1.108 ACC=100.000 F1=100.000 Rec=100.000 Prec=100.000

Train Client0 [28/30] LR=0.0001000 loss=0.016 ACC=99.537 F1=99.537 Rec=99.537 Prec=99.538
Train Client1 [28/30] LR=0.0001000 loss=0.005 ACC=99.884 F1=99.884 Rec=99.884 Prec=99.885
Train Client2 [28/30] LR=0.0001000 loss=0.079 ACC=99.769 F1=99.768 Rec=99.769 Prec=99.769
Train Client3 [28/30] LR=0.0001000 loss=0.048 ACC=99.421 F1=99.421 Rec=99.421 Prec=99.422
Train Client4 [28/30] LR=0.0001000 loss=0.025 ACC=99.650 F1=99.649 Rec=99.649 Prec=99.650
Train Client5 [28/30] LR=0.0001000 loss=0.051 ACC=99.416 F1=99.416 Rec=99.416 Prec=99.417
Train Client6 [28/30] LR=0.0001000 loss=0.014 ACC=99.766 F1=99.766 Rec=99.766 Prec=99.766
Train Client7 [28/30] LR=0.0001000 loss=0.001 ACC=100.000 F1=100.000 Rec=100.000 Prec=100.000

Test-  OSR [28/30] LR=0.0001000 ACC=37.500 F1=47.500 Rec=75.000 Prec=39.583 UNK=0.000 OS*=100.000 HOS=0.000 AUROC=44.313 AUPR=62.982 OSCR=44.313
Test-Close [28/30] LR=0.0001000 loss=1.104 ACC=100.000 F1=100.000 Rec=100.000 Prec=100.000

Train Client0 [29/30] LR=0.0001000 loss=0.022 ACC=99.653 F1=99.653 Rec=99.653 Prec=99.653
Train Client1 [29/30] LR=0.0001000 loss=0.006 ACC=100.000 F1=100.000 Rec=100.000 Prec=100.000
Train Client2 [29/30] LR=0.0001000 loss=0.060 ACC=99.306 F1=99.306 Rec=99.306 Prec=99.306
Train Client3 [29/30] LR=0.0001000 loss=0.009 ACC=99.884 F1=99.884 Rec=99.884 Prec=99.885
Train Client4 [29/30] LR=0.0001000 loss=0.110 ACC=99.416 F1=99.417 Rec=99.416 Prec=99.422
Train Client5 [29/30] LR=0.0001000 loss=0.007 ACC=99.883 F1=99.883 Rec=99.883 Prec=99.883
Train Client6 [29/30] LR=0.0001000 loss=0.012 ACC=99.883 F1=99.883 Rec=99.883 Prec=99.883
Train Client7 [29/30] LR=0.0001000 loss=0.018 ACC=100.000 F1=100.000 Rec=100.000 Prec=100.000

Test-  OSR [29/30] LR=0.0001000 ACC=37.500 F1=47.500 Rec=75.000 Prec=39.583 UNK=0.000 OS*=100.000 HOS=0.000 AUROC=61.400 AUPR=68.916 OSCR=61.400
Test-Close [29/30] LR=0.0001000 loss=1.109 ACC=100.000 F1=100.000 Rec=100.000 Prec=100.000

------>Best performance (by OSCR)--->>>>>>>

Test-  OSR [22/30] LR=0.0001000 ACC=37.500 F1=47.500 Rec=75.000 Prec=39.583 UNK=0.000 OS*=100.000 HOS=0.000 AUROC=62.966 AUPR=71.068 OSCR=62.966
Test-Close [22/30] LR=0.0001000 loss=1.114 ACC=100.000 F1=100.000 Rec=100.000 Prec=100.000
=====================================================================================================================================
The ending time ：2026-07-12 22:19:58
