Logging to: ./logs/RetinalOCT_Finetune_K5_U3_seed0_20260615_172512.log
==> Preparing data..
Known class list: [6 2 1 7 3] Unknown class list [0 5 4]
Total images — Train: 18400, Val: 2800, Test: 2800
{6: 0, 2: 1, 1: 2, 7: 3, 3: 4} {0: 5, 5: 6, 4: 7}
Known origin: [6 2 1 7 3] , new: [0 1 2 3 4]
Unknown origin: [0 5 4] , new: [5 6 7]
Known/Unknown in Train: 11500/6900
Known/Unknown in Val:   1750/1050
Known/Unknown in Test:  1750/1050
Client0 sample num: 1861
Client1 sample num: 2876
Client2 sample num: 2109
Client3 sample num: 533
Client4 sample num: 1312
Client5 sample num: 1125
Client6 sample num: 362
Client7 sample num: 1322

>>> Setting up
==> Using device: cuda:0
==> Building [Resnet18] model..
154
154
154
154
154
154
154
154
154
154
154
154
154
154
154
154
154
154
Train Client0 [0/30] LR=0.0001000 loss=15.053 ACC=94.828 F1=75.858 Rec=76.177 Prec=75.580
Train Client1 [0/30] LR=0.0001000 loss=10.771 ACC=97.632 F1=92.189 Rec=92.130 Prec=92.262
Train Client2 [0/30] LR=0.0001000 loss=13.453 ACC=93.821 F1=87.291 Rec=88.295 Prec=86.734
Train Client3 [0/30] LR=0.0001000 loss=23.220 ACC=96.402 F1=93.375 Rec=96.029 Prec=91.448
Train Client4 [0/30] LR=0.0001000 loss=17.329 ACC=95.122 F1=78.490 Rec=83.987 Prec=75.973
Train Client5 [0/30] LR=0.0001000 loss=18.938 ACC=97.321 F1=85.413 Rec=98.049 Prec=83.096
Train Client6 [0/30] LR=0.0001000 loss=25.431 ACC=84.167 F1=79.020 Rec=90.931 Prec=72.261
Train Client7 [0/30] LR=0.0001000 loss=17.389 ACC=91.061 F1=80.063 Rec=90.660 Prec=76.165

Test-  OSR [0/30] LR=0.0001000 ACC=60.000 F1=62.830 Rec=80.000 Prec=53.592 UNK=0.000 OS*=96.000 HOS=0.000 AUROC=81.102 AUPR=66.543 OSCR=79.670
Test-Close [0/30] LR=0.0001000 loss=1.787 ACC=96.000 F1=95.957 Rec=96.000 Prec=96.123

Saving best model . . . . . . . .

Train Client0 [1/30] LR=0.0001000 loss=1.920 ACC=95.151 F1=76.209 Rec=76.196 Prec=76.227
Train Client1 [1/30] LR=0.0001000 loss=1.359 ACC=96.866 F1=88.883 Rec=87.632 Prec=90.602
Train Client2 [1/30] LR=0.0001000 loss=1.669 ACC=95.817 F1=89.576 Rec=90.392 Prec=88.831
Train Client3 [1/30] LR=0.0001000 loss=4.519 ACC=95.455 F1=92.437 Rec=95.874 Prec=89.823
Train Client4 [1/30] LR=0.0001000 loss=2.046 ACC=97.485 F1=84.848 Rec=88.774 Prec=83.086
Train Client5 [1/30] LR=0.0001000 loss=2.669 ACC=96.429 F1=84.462 Rec=97.016 Prec=82.228
Train Client6 [1/30] LR=0.0001000 loss=5.987 ACC=86.389 F1=81.101 Rec=93.585 Prec=74.532
Train Client7 [1/30] LR=0.0001000 loss=2.955 ACC=90.606 F1=76.067 Rec=92.479 Prec=71.957

Test-  OSR [1/30] LR=0.0001000 ACC=67.929 F1=72.197 Rec=82.508 Prec=73.241 UNK=24.190 OS*=94.171 HOS=38.493 AUROC=84.346 AUPR=74.997 OSCR=82.004
Test-Close [1/30] LR=0.0001000 loss=1.864 ACC=95.657 F1=95.598 Rec=95.657 Prec=95.869

Saving best model . . . . . . . .

Train Client0 [2/30] LR=0.0001000 loss=0.615 ACC=94.127 F1=75.016 Rec=75.117 Prec=74.921
Train Client1 [2/30] LR=0.0001000 loss=0.288 ACC=98.015 F1=93.362 Rec=93.761 Prec=92.971
Train Client2 [2/30] LR=0.0001000 loss=0.470 ACC=96.293 F1=90.536 Rec=89.975 Prec=91.315
Train Client3 [2/30] LR=0.0001000 loss=0.596 ACC=95.076 F1=91.109 Rec=90.974 Prec=91.252
Train Client4 [2/30] LR=0.0001000 loss=0.312 ACC=97.790 F1=88.171 Rec=93.201 Prec=85.653
Train Client5 [2/30] LR=0.0001000 loss=0.385 ACC=96.964 F1=83.127 Rec=87.869 Prec=81.374
Train Client6 [2/30] LR=0.0001000 loss=1.409 ACC=85.556 F1=79.760 Rec=94.884 Prec=72.488
Train Client7 [2/30] LR=0.0001000 loss=1.002 ACC=93.030 F1=86.243 Rec=94.528 Prec=81.452

Test-  OSR [2/30] LR=0.0001000 ACC=65.714 F1=69.921 Rec=81.746 Prec=71.433 UNK=17.619 OS*=94.571 HOS=29.704 AUROC=79.759 AUPR=70.121 OSCR=77.863
Test-Close [2/30] LR=0.0001000 loss=1.845 ACC=95.943 F1=95.908 Rec=95.943 Prec=96.167

Train Client0 [3/30] LR=0.0001000 loss=0.593 ACC=94.073 F1=75.168 Rec=75.533 Prec=74.834
Train Client1 [3/30] LR=0.0001000 loss=0.248 ACC=98.050 F1=90.677 Rec=91.094 Prec=90.270
Train Client2 [3/30] LR=0.0001000 loss=0.449 ACC=95.722 F1=89.332 Rec=89.749 Prec=88.966
Train Client3 [3/30] LR=0.0001000 loss=0.502 ACC=95.265 F1=94.416 Rec=94.640 Prec=94.203
Train Client4 [3/30] LR=0.0001000 loss=0.348 ACC=97.027 F1=84.245 Rec=89.211 Prec=80.908
Train Client5 [3/30] LR=0.0001000 loss=0.299 ACC=97.321 F1=83.371 Rec=87.805 Prec=81.910
Train Client6 [3/30] LR=0.0001000 loss=1.580 ACC=83.889 F1=78.872 Rec=90.780 Prec=72.243
Train Client7 [3/30] LR=0.0001000 loss=0.829 ACC=93.333 F1=80.287 Rec=95.726 Prec=75.851

Test-  OSR [3/30] LR=0.0001000 ACC=67.179 F1=70.768 Rec=82.429 Prec=71.289 UNK=21.429 OS*=94.629 HOS=34.944 AUROC=82.820 AUPR=75.077 OSCR=80.798
Test-Close [3/30] LR=0.0001000 loss=1.835 ACC=95.829 F1=95.783 Rec=95.829 Prec=95.992

Train Client0 [4/30] LR=0.0001000 loss=0.512 ACC=94.073 F1=75.094 Rec=75.473 Prec=74.749
Train Client1 [4/30] LR=0.0001000 loss=0.198 ACC=98.398 F1=93.472 Rec=93.355 Prec=93.594
Train Client2 [4/30] LR=0.0001000 loss=0.386 ACC=96.578 F1=92.437 Rec=92.532 Prec=92.387
Train Client3 [4/30] LR=0.0001000 loss=0.472 ACC=96.023 F1=92.503 Rec=92.134 Prec=92.910
Train Client4 [4/30] LR=0.0001000 loss=0.302 ACC=97.180 F1=86.421 Rec=93.424 Prec=82.331
Train Client5 [4/30] LR=0.0001000 loss=0.308 ACC=97.411 F1=85.262 Rec=87.850 Prec=83.845
Train Client6 [4/30] LR=0.0001000 loss=1.392 ACC=86.667 F1=79.963 Rec=93.874 Prec=72.514
Train Client7 [4/30] LR=0.0001000 loss=0.821 ACC=92.652 F1=92.502 Rec=95.616 Prec=90.071

Test-  OSR [4/30] LR=0.0001000 ACC=69.357 F1=73.105 Rec=83.429 Prec=72.979 UNK=27.143 OS*=94.686 HOS=42.191 AUROC=78.522 AUPR=72.763 OSCR=76.609
Test-Close [4/30] LR=0.0001000 loss=1.823 ACC=96.343 F1=96.315 Rec=96.343 Prec=96.421

Train Client0 [5/30] LR=0.0001000 loss=0.418 ACC=94.450 F1=75.308 Rec=75.721 Prec=74.946
Train Client1 [5/30] LR=0.0001000 loss=0.199 ACC=98.329 F1=92.033 Rec=92.741 Prec=91.369
Train Client2 [5/30] LR=0.0001000 loss=0.362 ACC=96.578 F1=92.942 Rec=93.320 Prec=92.577
Train Client3 [5/30] LR=0.0001000 loss=0.411 ACC=96.023 F1=92.991 Rec=95.834 Prec=90.866
Train Client4 [5/30] LR=0.0001000 loss=0.299 ACC=97.561 F1=86.917 Rec=92.961 Prec=83.063
Train Client5 [5/30] LR=0.0001000 loss=0.262 ACC=97.946 F1=85.653 Rec=88.395 Prec=84.082
Train Client6 [5/30] LR=0.0001000 loss=1.375 ACC=86.389 F1=77.281 Rec=92.281 Prec=70.529
Train Client7 [5/30] LR=0.0001000 loss=0.828 ACC=92.500 F1=82.498 Rec=94.237 Prec=77.640

Test-  OSR [5/30] LR=0.0001000 ACC=67.071 F1=70.988 Rec=82.635 Prec=72.484 UNK=20.381 OS*=95.086 HOS=33.567 AUROC=76.854 AUPR=69.717 OSCR=75.185
Test-Close [5/30] LR=0.0001000 loss=1.811 ACC=96.229 F1=96.180 Rec=96.229 Prec=96.374

Train Client0 [6/30] LR=0.0001000 loss=0.454 ACC=95.097 F1=76.046 Rec=76.626 Prec=75.544
Train Client1 [6/30] LR=0.0001000 loss=0.225 ACC=98.294 F1=93.320 Rec=93.270 Prec=93.375
Train Client2 [6/30] LR=0.0001000 loss=0.453 ACC=96.055 F1=90.927 Rec=91.000 Prec=90.880
Train Client3 [6/30] LR=0.0001000 loss=0.418 ACC=96.212 F1=93.393 Rec=96.131 Prec=91.373
Train Client4 [6/30] LR=0.0001000 loss=0.412 ACC=96.951 F1=85.869 Rec=94.416 Prec=82.069
Train Client5 [6/30] LR=0.0001000 loss=0.193 ACC=98.571 F1=86.888 Rec=89.000 Prec=85.451
Train Client6 [6/30] LR=0.0001000 loss=1.545 ACC=87.222 F1=81.393 Rec=93.794 Prec=74.320
Train Client7 [6/30] LR=0.0001000 loss=0.734 ACC=93.409 F1=86.551 Rec=94.318 Prec=82.219

Test-  OSR [6/30] LR=0.0001000 ACC=71.357 F1=75.058 Rec=80.921 Prec=74.576 UNK=42.667 OS*=88.571 HOS=57.591 AUROC=77.677 AUPR=69.060 OSCR=73.884
Test-Close [6/30] LR=0.0001000 loss=1.956 ACC=96.229 F1=96.186 Rec=96.229 Prec=96.365

Train Client0 [7/30] LR=0.0001000 loss=0.471 ACC=94.558 F1=75.557 Rec=75.999 Prec=75.173
Train Client1 [7/30] LR=0.0001000 loss=0.180 ACC=98.224 F1=93.269 Rec=92.745 Prec=93.846
Train Client2 [7/30] LR=0.0001000 loss=0.511 ACC=95.675 F1=91.184 Rec=91.729 Prec=90.708
Train Client3 [7/30] LR=0.0001000 loss=0.303 ACC=97.917 F1=97.507 Rec=97.430 Prec=97.585
Train Client4 [7/30] LR=0.0001000 loss=0.386 ACC=96.951 F1=86.863 Rec=92.955 Prec=83.772
Train Client5 [7/30] LR=0.0001000 loss=0.287 ACC=97.500 F1=86.778 Rec=93.016 Prec=84.403
Train Client6 [7/30] LR=0.0001000 loss=1.572 ACC=85.278 F1=79.616 Rec=90.772 Prec=72.750
Train Client7 [7/30] LR=0.0001000 loss=0.760 ACC=93.258 F1=93.262 Rec=94.835 Prec=91.854

Test-  OSR [7/30] LR=0.0001000 ACC=70.857 F1=74.153 Rec=78.952 Prec=74.316 UNK=46.571 OS*=85.429 HOS=60.281 AUROC=77.384 AUPR=68.905 OSCR=72.200
Test-Close [7/30] LR=0.0001000 loss=2.009 ACC=96.000 F1=95.954 Rec=96.000 Prec=96.140

Train Client0 [8/30] LR=0.0001000 loss=0.402 ACC=95.582 F1=76.397 Rec=76.908 Prec=75.940
Train Client1 [8/30] LR=0.0001000 loss=0.148 ACC=98.607 F1=93.841 Rec=94.049 Prec=93.639
Train Client2 [8/30] LR=0.0001000 loss=0.445 ACC=96.055 F1=90.647 Rec=90.349 Prec=91.063
Train Client3 [8/30] LR=0.0001000 loss=0.344 ACC=97.727 F1=97.537 Rec=97.702 Prec=97.379
Train Client4 [8/30] LR=0.0001000 loss=0.431 ACC=96.723 F1=83.394 Rec=92.240 Prec=79.290
Train Client5 [8/30] LR=0.0001000 loss=0.166 ACC=98.571 F1=89.009 Rec=89.009 Prec=89.009
Train Client6 [8/30] LR=0.0001000 loss=1.327 ACC=87.778 F1=82.401 Rec=92.071 Prec=76.318
Train Client7 [8/30] LR=0.0001000 loss=0.641 ACC=94.091 F1=93.369 Rec=94.474 Prec=92.344

Test-  OSR [8/30] LR=0.0001000 ACC=68.107 F1=69.969 Rec=74.524 Prec=73.457 UNK=48.857 OS*=79.657 HOS=60.566 AUROC=75.897 AUPR=64.456 OSCR=68.981
Test-Close [8/30] LR=0.0001000 loss=2.116 ACC=95.371 F1=95.329 Rec=95.371 Prec=95.690

Train Client0 [9/30] LR=0.0001000 loss=0.353 ACC=95.151 F1=75.971 Rec=76.105 Prec=75.845
Train Client1 [9/30] LR=0.0001000 loss=0.154 ACC=98.572 F1=94.559 Rec=95.768 Prec=93.526
Train Client2 [9/30] LR=0.0001000 loss=0.379 ACC=96.388 F1=91.583 Rec=91.441 Prec=91.782
Train Client3 [9/30] LR=0.0001000 loss=0.319 ACC=97.159 F1=96.299 Rec=95.960 Prec=96.714
Train Client4 [9/30] LR=0.0001000 loss=0.359 ACC=96.799 F1=83.158 Rec=88.942 Prec=79.945
Train Client5 [9/30] LR=0.0001000 loss=0.161 ACC=98.214 F1=85.459 Rec=88.721 Prec=83.865
Train Client6 [9/30] LR=0.0001000 loss=1.470 ACC=86.667 F1=80.985 Rec=93.647 Prec=74.323
Train Client7 [9/30] LR=0.0001000 loss=0.682 ACC=92.879 F1=93.594 Rec=94.424 Prec=92.860

Test-  OSR [9/30] LR=0.0001000 ACC=65.929 F1=62.548 Rec=65.810 Prec=77.153 UNK=66.286 OS*=65.714 HOS=65.999 AUROC=73.341 AUPR=57.840 OSCR=60.391
Test-Close [9/30] LR=0.0001000 loss=2.390 ACC=95.257 F1=95.185 Rec=95.257 Prec=95.608

Train Client0 [10/30] LR=0.0001000 loss=0.376 ACC=94.666 F1=75.593 Rec=76.211 Prec=75.078
Train Client1 [10/30] LR=0.0001000 loss=0.119 ACC=98.538 F1=93.841 Rec=93.618 Prec=94.071
Train Client2 [10/30] LR=0.0001000 loss=0.338 ACC=96.816 F1=92.549 Rec=91.973 Prec=93.292
Train Client3 [10/30] LR=0.0001000 loss=0.303 ACC=96.970 F1=95.224 Rec=96.420 Prec=94.281
Train Client4 [10/30] LR=0.0001000 loss=0.354 ACC=97.409 F1=87.656 Rec=96.799 Prec=84.078
Train Client5 [10/30] LR=0.0001000 loss=0.191 ACC=97.857 F1=91.692 Rec=98.239 Prec=88.479
Train Client6 [10/30] LR=0.0001000 loss=1.541 ACC=85.278 F1=76.979 Rec=89.480 Prec=69.794
