Logging to: ./logs/RetinalOCT_Finetune_K5_U3_seed0_20260619_143957.log
==> Preparing data..
Protocol mode: hard
Fixed known classes: ['CSR', 'DR', 'DRUSEN', 'MH', 'NORMAL']
Fixed unknown classes: ['AMD', 'CNV', 'DME']
Known class list: [2 4 5 6 7] Unknown class list [0 1 3]
Total images — Train: 18400, Val: 2800, Test: 2800
{2: 0, 4: 1, 5: 2, 6: 3, 7: 4} {0: 5, 1: 6, 3: 7}
Known origin: [2 4 5 6 7] , new: [0 1 2 3 4]
Unknown origin: [0 1 3] , new: [5 6 7]
Known/Unknown in Train: 11500/6900
Known/Unknown in Val:   1750/1050
Known/Unknown in Test:  1750/1050
Client0 sample num: 1861
Client1 sample num: 2876
Client2 sample num: 2109
Client3 sample num: 533
Client4 sample num: 1312
Client5 sample num: 1125
Client6 sample num: 362
Client7 sample num: 1322

>>> Setting up
==> Using device: cuda:0
==> Building [Resnet18] model..
154
154
154
154
154
154
154
154
154
154
154
154
154
154
154
154
154
154
Train Client0 [0/30] LR=0.0001000 loss=9.054 ACC=99.138 F1=79.012 Rec=79.008 Prec=79.018
Train Client1 [0/30] LR=0.0001000 loss=6.290 ACC=97.667 F1=95.564 Rec=95.245 Prec=96.055
Train Client2 [0/30] LR=0.0001000 loss=7.602 ACC=97.386 F1=90.339 Rec=88.274 Prec=93.455
Train Client3 [0/30] LR=0.0001000 loss=17.696 ACC=98.106 F1=94.539 Rec=97.110 Prec=92.949
Train Client4 [0/30] LR=0.0001000 loss=11.576 ACC=96.265 F1=82.567 Rec=88.377 Prec=81.014
Train Client5 [0/30] LR=0.0001000 loss=12.817 ACC=98.929 F1=87.922 Rec=94.266 Prec=85.444
Train Client6 [0/30] LR=0.0001000 loss=19.538 ACC=93.611 F1=88.563 Rec=97.636 Prec=81.999
Train Client7 [0/30] LR=0.0001000 loss=12.309 ACC=98.409 F1=89.900 Rec=96.726 Prec=86.581

Test-  OSR [0/30] LR=0.0001000 ACC=60.643 F1=64.939 Rec=80.857 Prec=56.776 UNK=0.000 OS*=97.029 HOS=0.000 AUROC=85.349 AUPR=74.725 OSCR=84.292
Test-Close [0/30] LR=0.0001000 loss=1.733 ACC=97.029 F1=97.016 Rec=97.029 Prec=97.244

Saving best model . . . . . . . .

Train Client0 [1/30] LR=0.0001000 loss=0.476 ACC=99.246 F1=79.335 Rec=79.255 Prec=79.416
Train Client1 [1/30] LR=0.0001000 loss=0.597 ACC=96.762 F1=93.690 Rec=92.689 Prec=94.872
Train Client2 [1/30] LR=0.0001000 loss=0.477 ACC=97.338 F1=91.071 Rec=90.641 Prec=91.538
Train Client3 [1/30] LR=0.0001000 loss=0.985 ACC=98.295 F1=96.315 Rec=97.785 Prec=95.100
Train Client4 [1/30] LR=0.0001000 loss=0.658 ACC=97.713 F1=90.996 Rec=90.878 Prec=91.119
Train Client5 [1/30] LR=0.0001000 loss=0.563 ACC=98.839 F1=87.006 Rec=89.066 Prec=85.616
Train Client6 [1/30] LR=0.0001000 loss=1.891 ACC=94.444 F1=89.886 Rec=95.086 Prec=85.990
Train Client7 [1/30] LR=0.0001000 loss=0.647 ACC=98.030 F1=88.982 Rec=95.893 Prec=85.422

Test-  OSR [1/30] LR=0.0001000 ACC=69.964 F1=75.046 Rec=83.794 Prec=76.790 UNK=28.476 OS*=94.857 HOS=43.803 AUROC=86.951 AUPR=81.561 OSCR=84.317
Test-Close [1/30] LR=0.0001000 loss=1.814 ACC=95.714 F1=95.668 Rec=95.714 Prec=96.268

Saving best model . . . . . . . .

Train Client0 [2/30] LR=0.0001000 loss=0.189 ACC=98.653 F1=78.739 Rec=78.851 Prec=78.631
Train Client1 [2/30] LR=0.0001000 loss=0.416 ACC=96.483 F1=93.148 Rec=92.694 Prec=93.747
Train Client2 [2/30] LR=0.0001000 loss=0.298 ACC=96.008 F1=86.339 Rec=86.395 Prec=86.389
Train Client3 [2/30] LR=0.0001000 loss=0.186 ACC=98.106 F1=94.347 Rec=94.260 Prec=94.436
Train Client4 [2/30] LR=0.0001000 loss=0.377 ACC=96.951 F1=90.261 Rec=95.178 Prec=87.182
Train Client5 [2/30] LR=0.0001000 loss=0.144 ACC=98.661 F1=88.141 Rec=93.997 Prec=85.507
Train Client6 [2/30] LR=0.0001000 loss=0.902 ACC=90.000 F1=86.035 Rec=94.996 Prec=81.308
Train Client7 [2/30] LR=0.0001000 loss=0.360 ACC=97.273 F1=84.241 Rec=94.557 Prec=80.757

Test-  OSR [2/30] LR=0.0001000 ACC=76.964 F1=80.926 Rec=85.825 Prec=80.279 UNK=50.381 OS*=92.914 HOS=65.335 AUROC=89.307 AUPR=84.333 OSCR=85.702
Test-Close [2/30] LR=0.0001000 loss=1.851 ACC=96.286 F1=96.260 Rec=96.286 Prec=96.674

Saving best model . . . . . . . .

Train Client0 [3/30] LR=0.0001000 loss=0.110 ACC=99.407 F1=79.335 Rec=79.328 Prec=79.342
Train Client1 [3/30] LR=0.0001000 loss=0.330 ACC=97.249 F1=94.373 Rec=94.456 Prec=94.474
Train Client2 [3/30] LR=0.0001000 loss=0.276 ACC=97.338 F1=90.469 Rec=89.106 Prec=92.431
Train Client3 [3/30] LR=0.0001000 loss=0.166 ACC=98.295 F1=97.945 Rec=97.944 Prec=97.949
Train Client4 [3/30] LR=0.0001000 loss=0.342 ACC=97.332 F1=89.981 Rec=96.282 Prec=86.533
Train Client5 [3/30] LR=0.0001000 loss=0.173 ACC=98.661 F1=86.732 Rec=88.537 Prec=85.597
Train Client6 [3/30] LR=0.0001000 loss=0.722 ACC=94.722 F1=90.195 Rec=93.472 Prec=88.774
Train Client7 [3/30] LR=0.0001000 loss=0.309 ACC=97.197 F1=81.335 Rec=95.482 Prec=77.951

Test-  OSR [3/30] LR=0.0001000 ACC=77.000 F1=80.946 Rec=86.476 Prec=79.983 UNK=48.571 OS*=94.057 HOS=64.061 AUROC=90.409 AUPR=84.863 OSCR=87.576
Test-Close [3/30] LR=0.0001000 loss=1.820 ACC=96.514 F1=96.492 Rec=96.514 Prec=96.797

Saving best model . . . . . . . .

Train Client0 [4/30] LR=0.0001000 loss=0.144 ACC=99.084 F1=79.121 Rec=79.119 Prec=79.124
Train Client1 [4/30] LR=0.0001000 loss=0.272 ACC=97.110 F1=94.414 Rec=93.786 Prec=95.155
Train Client2 [4/30] LR=0.0001000 loss=0.277 ACC=96.483 F1=87.839 Rec=87.438 Prec=88.447
Train Client3 [4/30] LR=0.0001000 loss=0.252 ACC=97.348 F1=93.749 Rec=96.576 Prec=91.639
Train Client4 [4/30] LR=0.0001000 loss=0.357 ACC=96.570 F1=87.960 Rec=91.059 Prec=85.420
Train Client5 [4/30] LR=0.0001000 loss=0.152 ACC=98.393 F1=82.965 Rec=83.679 Prec=82.370
Train Client6 [4/30] LR=0.0001000 loss=0.730 ACC=95.278 F1=88.751 Rec=91.299 Prec=86.635
Train Client7 [4/30] LR=0.0001000 loss=0.335 ACC=97.424 F1=84.940 Rec=95.645 Prec=81.048

Test-  OSR [4/30] LR=0.0001000 ACC=79.536 F1=82.524 Rec=84.079 Prec=81.586 UNK=65.905 OS*=87.714 HOS=75.261 AUROC=87.908 AUPR=81.407 OSCR=81.708
Test-Close [4/30] LR=0.0001000 loss=1.949 ACC=96.629 F1=96.616 Rec=96.629 Prec=96.899

Train Client0 [5/30] LR=0.0001000 loss=0.124 ACC=99.192 F1=98.841 Rec=98.892 Prec=98.791
Train Client1 [5/30] LR=0.0001000 loss=0.262 ACC=97.040 F1=94.491 Rec=94.172 Prec=95.022
Train Client2 [5/30] LR=0.0001000 loss=0.227 ACC=96.958 F1=89.567 Rec=88.998 Prec=90.374
Train Client3 [5/30] LR=0.0001000 loss=0.214 ACC=97.348 F1=92.759 Rec=96.499 Prec=90.380
Train Client4 [5/30] LR=0.0001000 loss=0.355 ACC=96.875 F1=86.598 Rec=88.240 Prec=85.241
Train Client5 [5/30] LR=0.0001000 loss=0.115 ACC=98.482 F1=82.373 Rec=83.566 Prec=81.766
Train Client6 [5/30] LR=0.0001000 loss=0.707 ACC=93.889 F1=87.763 Rec=96.418 Prec=82.492
Train Client7 [5/30] LR=0.0001000 loss=0.338 ACC=97.500 F1=83.203 Rec=95.213 Prec=80.335

Test-  OSR [5/30] LR=0.0001000 ACC=78.893 F1=82.858 Rec=87.476 Prec=82.025 UNK=53.143 OS*=94.343 HOS=67.988 AUROC=88.481 AUPR=83.693 OSCR=85.821
Test-Close [5/30] LR=0.0001000 loss=1.828 ACC=96.857 F1=96.849 Rec=96.857 Prec=97.050

Train Client0 [6/30] LR=0.0001000 loss=0.101 ACC=99.138 F1=79.093 Rec=79.177 Prec=79.012
Train Client1 [6/30] LR=0.0001000 loss=0.250 ACC=97.284 F1=94.228 Rec=93.961 Prec=94.650
Train Client2 [6/30] LR=0.0001000 loss=0.267 ACC=96.530 F1=87.190 Rec=86.482 Prec=88.152
Train Client3 [6/30] LR=0.0001000 loss=0.239 ACC=97.917 F1=93.857 Rec=97.745 Prec=91.384
Train Client4 [6/30] LR=0.0001000 loss=0.422 ACC=96.494 F1=86.045 Rec=91.224 Prec=83.386
Train Client5 [6/30] LR=0.0001000 loss=0.088 ACC=99.286 F1=89.360 Rec=89.360 Prec=89.360
Train Client6 [6/30] LR=0.0001000 loss=0.761 ACC=94.444 F1=89.617 Rec=97.232 Prec=84.379
Train Client7 [6/30] LR=0.0001000 loss=0.250 ACC=98.106 F1=95.958 Rec=96.590 Prec=95.468

Test-  OSR [6/30] LR=0.0001000 ACC=67.321 F1=62.152 Rec=60.333 Prec=68.713 UNK=88.286 OS*=54.743 HOS=67.581 AUROC=83.822 AUPR=76.781 OSCR=52.933
Test-Close [6/30] LR=0.0001000 loss=2.550 ACC=96.971 F1=96.955 Rec=96.971 Prec=97.175

Train Client0 [7/30] LR=0.0001000 loss=0.059 ACC=99.569 F1=79.532 Rec=79.519 Prec=79.546
Train Client1 [7/30] LR=0.0001000 loss=0.253 ACC=97.284 F1=94.960 Rec=94.323 Prec=95.852
Train Client2 [7/30] LR=0.0001000 loss=0.269 ACC=96.293 F1=86.982 Rec=86.124 Prec=88.139
Train Client3 [7/30] LR=0.0001000 loss=0.211 ACC=97.159 F1=90.204 Rec=93.361 Prec=88.175
Train Client4 [7/30] LR=0.0001000 loss=0.474 ACC=96.037 F1=86.001 Rec=92.604 Prec=82.439
Train Client5 [7/30] LR=0.0001000 loss=0.106 ACC=99.107 F1=91.198 Rec=94.203 Prec=89.195
Train Client6 [7/30] LR=0.0001000 loss=0.779 ACC=92.500 F1=90.635 Rec=96.488 Prec=87.397
Train Client7 [7/30] LR=0.0001000 loss=0.287 ACC=97.652 F1=88.240 Rec=94.561 Prec=85.464

Test-  OSR [7/30] LR=0.0001000 ACC=61.107 F1=49.737 Rec=50.079 Prec=69.190 UNK=94.190 OS*=41.257 HOS=57.381 AUROC=84.536 AUPR=79.807 OSCR=40.890
Test-Close [7/30] LR=0.0001000 loss=2.675 ACC=96.571 F1=96.561 Rec=96.571 Prec=96.796

Train Client0 [8/30] LR=0.0001000 loss=0.091 ACC=99.515 F1=79.624 Rec=79.625 Prec=79.628
Train Client1 [8/30] LR=0.0001000 loss=0.230 ACC=97.249 F1=94.921 Rec=94.192 Prec=95.824
Train Client2 [8/30] LR=0.0001000 loss=0.257 ACC=96.863 F1=88.623 Rec=87.415 Prec=90.504
Train Client3 [8/30] LR=0.0001000 loss=0.152 ACC=98.295 F1=96.133 Rec=97.602 Prec=94.900
Train Client4 [8/30] LR=0.0001000 loss=0.391 ACC=96.341 F1=85.029 Rec=87.997 Prec=82.926
Train Client5 [8/30] LR=0.0001000 loss=0.093 ACC=98.304 F1=86.308 Rec=88.445 Prec=84.847
Train Client6 [8/30] LR=0.0001000 loss=0.647 ACC=94.444 F1=90.011 Rec=95.806 Prec=85.283
Train Client7 [8/30] LR=0.0001000 loss=0.292 ACC=97.576 F1=87.927 Rec=95.019 Prec=84.265

Test-  OSR [8/30] LR=0.0001000 ACC=60.000 F1=45.293 Rec=46.857 Prec=73.448 UNK=99.429 OS*=36.343 HOS=53.229 AUROC=84.744 AUPR=74.409 OSCR=36.310
Test-Close [8/30] LR=0.0001000 loss=2.819 ACC=96.629 F1=96.615 Rec=96.629 Prec=96.816

Train Client0 [9/30] LR=0.0001000 loss=0.095 ACC=99.515 F1=99.327 Rec=99.374 Prec=99.281
Train Client1 [9/30] LR=0.0001000 loss=0.233 ACC=97.006 F1=94.097 Rec=94.088 Prec=94.247
Train Client2 [9/30] LR=0.0001000 loss=0.274 ACC=96.008 F1=85.160 Rec=84.203 Prec=86.587
Train Client3 [9/30] LR=0.0001000 loss=0.211 ACC=97.917 F1=93.125 Rec=94.186 Prec=92.256
Train Client4 [9/30] LR=0.0001000 loss=0.358 ACC=97.027 F1=89.189 Rec=90.264 Prec=88.286
Train Client5 [9/30] LR=0.0001000 loss=0.133 ACC=98.571 F1=90.008 Rec=88.831 Prec=91.671
Train Client6 [9/30] LR=0.0001000 loss=0.860 ACC=91.111 F1=85.770 Rec=94.920 Prec=80.291
Train Client7 [9/30] LR=0.0001000 loss=0.303 ACC=97.348 F1=82.580 Rec=95.323 Prec=79.133

Test-  OSR [9/30] LR=0.0001000 ACC=55.250 F1=38.610 Rec=40.587 Prec=72.214 UNK=99.238 OS*=28.857 HOS=44.712 AUROC=81.585 AUPR=69.568 OSCR=28.825
Test-Close [9/30] LR=0.0001000 loss=2.998 ACC=96.571 F1=96.555 Rec=96.571 Prec=96.833

Train Client0 [10/30] LR=0.0001000 loss=0.122 ACC=98.815 F1=78.808 Rec=78.876 Prec=78.742
Train Client1 [10/30] LR=0.0001000 loss=0.234 ACC=97.110 F1=94.049 Rec=93.192 Prec=95.128
Train Client2 [10/30] LR=0.0001000 loss=0.251 ACC=96.245 F1=86.965 Rec=86.594 Prec=87.543
Train Client3 [10/30] LR=0.0001000 loss=0.121 ACC=99.053 F1=96.993 Rec=95.519 Prec=98.787
Train Client4 [10/30] LR=0.0001000 loss=0.397 ACC=97.180 F1=90.544 Rec=93.673 Prec=88.188
Train Client5 [10/30] LR=0.0001000 loss=0.085 ACC=99.196 F1=89.377 Rec=89.584 Prec=89.179
Train Client6 [10/30] LR=0.0001000 loss=0.830 ACC=92.778 F1=86.798 Rec=93.751 Prec=81.999
Train Client7 [10/30] LR=0.0001000 loss=0.336 ACC=97.424 F1=83.861 Rec=93.794 Prec=80.757

Test-  OSR [10/30] LR=0.0001000 ACC=59.000 F1=44.307 Rec=45.429 Prec=74.485 UNK=99.714 OS*=34.571 HOS=51.342 AUROC=84.903 AUPR=74.626 OSCR=34.552
Test-Close [10/30] LR=0.0001000 loss=2.977 ACC=96.229 F1=96.202 Rec=96.229 Prec=96.510

Train Client0 [11/30] LR=0.0001000 loss=0.088 ACC=99.138 F1=79.114 Rec=79.141 Prec=79.089
Train Client1 [11/30] LR=0.0001000 loss=0.234 ACC=97.423 F1=94.941 Rec=94.511 Prec=95.570
Train Client2 [11/30] LR=0.0001000 loss=0.274 ACC=96.530 F1=87.600 Rec=86.820 Prec=88.786
Train Client3 [11/30] LR=0.0001000 loss=0.256 ACC=97.159 F1=93.545 Rec=96.284 Prec=91.537
Train Client4 [11/30] LR=0.0001000 loss=0.451 ACC=96.799 F1=85.853 Rec=92.718 Prec=82.354
Train Client5 [11/30] LR=0.0001000 loss=0.125 ACC=98.304 F1=78.616 Rec=78.690 Prec=78.545
Train Client6 [11/30] LR=0.0001000 loss=0.506 ACC=96.111 F1=91.078 Rec=96.249 Prec=87.181
Train Client7 [11/30] LR=0.0001000 loss=0.247 ACC=97.803 F1=87.982 Rec=94.835 Prec=84.689

Test-  OSR [11/30] LR=0.0001000 ACC=65.964 F1=55.740 Rec=55.032 Prec=72.283 UNK=98.762 OS*=46.286 HOS=63.031 AUROC=85.331 AUPR=74.942 OSCR=46.214
Test-Close [11/30] LR=0.0001000 loss=2.801 ACC=96.571 F1=96.556 Rec=96.571 Prec=96.892

Train Client0 [12/30] LR=0.0001000 loss=0.093 ACC=99.353 F1=79.405 Rec=79.390 Prec=79.425
Train Client1 [12/30] LR=0.0001000 loss=0.260 ACC=97.180 F1=94.112 Rec=93.641 Prec=94.731
Train Client2 [12/30] LR=0.0001000 loss=0.248 ACC=96.008 F1=85.667 Rec=84.915 Prec=86.697
Train Client3 [12/30] LR=0.0001000 loss=0.177 ACC=97.538 F1=94.888 Rec=96.616 Prec=93.558
Train Client4 [12/30] LR=0.0001000 loss=0.381 ACC=96.646 F1=92.045 Rec=92.654 Prec=91.489
Train Client5 [12/30] LR=0.0001000 loss=0.058 ACC=99.018 F1=91.038 Rec=93.964 Prec=89.113
Train Client6 [12/30] LR=0.0001000 loss=0.789 ACC=90.833 F1=84.936 Rec=90.835 Prec=82.107
Train Client7 [12/30] LR=0.0001000 loss=0.303 ACC=97.273 F1=93.679 Rec=94.406 Prec=93.108

Test-  OSR [12/30] LR=0.0001000 ACC=59.393 F1=43.797 Rec=45.952 Prec=72.816 UNK=99.714 OS*=35.200 HOS=52.032 AUROC=88.147 AUPR=81.176 OSCR=35.193
Test-Close [12/30] LR=0.0001000 loss=2.985 ACC=96.514 F1=96.500 Rec=96.514 Prec=96.794

Train Client0 [13/30] LR=0.0001000 loss=0.082 ACC=99.300 F1=79.427 Rec=79.499 Prec=79.358
Train Client1 [13/30] LR=0.0001000 loss=0.206 ACC=97.493 F1=95.228 Rec=94.817 Prec=95.840
Train Client2 [13/30] LR=0.0001000 loss=0.239 ACC=96.625 F1=87.331 Rec=86.415 Prec=88.811
Train Client3 [13/30] LR=0.0001000 loss=0.176 ACC=98.864 F1=98.296 Rec=98.285 Prec=98.322
Train Client4 [13/30] LR=0.0001000 loss=0.358 ACC=97.713 F1=91.509 Rec=94.952 Prec=88.603
Train Client5 [13/30] LR=0.0001000 loss=0.122 ACC=98.661 F1=85.227 Rec=88.889 Prec=83.705
Train Client6 [13/30] LR=0.0001000 loss=0.614 ACC=93.889 F1=89.986 Rec=95.407 Prec=85.997
Train Client7 [13/30] LR=0.0001000 loss=0.310 ACC=97.955 F1=94.880 Rec=94.830 Prec=95.048

Test-  OSR [13/30] LR=0.0001000 ACC=60.964 F1=46.678 Rec=48.016 Prec=73.317 UNK=99.810 OS*=37.657 HOS=54.683 AUROC=85.404 AUPR=74.898 OSCR=37.651
Test-Close [13/30] LR=0.0001000 loss=3.046 ACC=96.857 F1=96.849 Rec=96.857 Prec=97.029

Train Client0 [14/30] LR=0.0001000 loss=0.169 ACC=98.707 F1=78.640 Rec=78.704 Prec=78.578
Train Client1 [14/30] LR=0.0001000 loss=0.229 ACC=97.423 F1=95.030 Rec=94.524 Prec=95.665
Train Client2 [14/30] LR=0.0001000 loss=0.216 ACC=96.578 F1=88.071 Rec=87.333 Prec=89.082
Train Client3 [14/30] LR=0.0001000 loss=0.220 ACC=97.159 F1=95.714 Rec=95.717 Prec=95.714
Train Client4 [14/30] LR=0.0001000 loss=0.392 ACC=97.180 F1=90.401 Rec=94.277 Prec=87.370
Train Client5 [14/30] LR=0.0001000 loss=0.069 ACC=99.196 F1=88.214 Rec=89.287 Prec=87.362
Train Client6 [14/30] LR=0.0001000 loss=0.752 ACC=92.500 F1=88.629 Rec=95.729 Prec=83.837
Train Client7 [14/30] LR=0.0001000 loss=0.227 ACC=97.955 F1=94.793 Rec=95.105 Prec=94.601

Test-  OSR [14/30] LR=0.0001000 ACC=59.821 F1=43.748 Rec=46.460 Prec=73.046 UNK=99.905 OS*=35.771 HOS=52.680 AUROC=82.866 AUPR=69.235 OSCR=35.769
Test-Close [14/30] LR=0.0001000 loss=3.039 ACC=96.857 F1=96.845 Rec=96.857 Prec=97.115

Train Client0 [15/30] LR=0.0001000 loss=0.096 ACC=99.138 F1=79.121 Rec=79.103 Prec=79.141
Train Client1 [15/30] LR=0.0001000 loss=0.215 ACC=97.006 F1=94.168 Rec=93.765 Prec=94.813
Train Client2 [15/30] LR=0.0001000 loss=0.237 ACC=96.673 F1=88.102 Rec=86.843 Prec=89.836
Train Client3 [15/30] LR=0.0001000 loss=0.104 ACC=99.053 F1=95.050 Rec=95.042 Prec=95.061
Train Client4 [15/30] LR=0.0001000 loss=0.352 ACC=96.951 F1=89.911 Rec=92.959 Prec=87.628
Train Client5 [15/30] LR=0.0001000 loss=0.097 ACC=98.571 F1=84.176 Rec=83.571 Prec=85.020
Train Client6 [15/30] LR=0.0001000 loss=0.671 ACC=95.278 F1=91.261 Rec=93.300 Prec=90.591
Train Client7 [15/30] LR=0.0001000 loss=0.241 ACC=98.106 F1=88.988 Rec=96.269 Prec=85.109

Test-  OSR [15/30] LR=0.0001000 ACC=57.250 F1=40.573 Rec=43.000 Prec=74.455 UNK=100.000 OS*=31.600 HOS=48.024 AUROC=88.340 AUPR=79.193 OSCR=31.600
Test-Close [15/30] LR=0.0001000 loss=3.207 ACC=96.629 F1=96.601 Rec=96.629 Prec=96.938

Train Client0 [16/30] LR=0.0001000 loss=0.074 ACC=99.300 F1=79.206 Rec=79.192 Prec=79.220
Train Client1 [16/30] LR=0.0001000 loss=0.188 ACC=97.389 F1=94.924 Rec=94.339 Prec=95.670
Train Client2 [16/30] LR=0.0001000 loss=0.190 ACC=97.006 F1=89.671 Rec=88.789 Prec=90.772
Train Client3 [16/30] LR=0.0001000 loss=0.148 ACC=98.295 F1=96.148 Rec=97.607 Prec=94.969
Train Client4 [16/30] LR=0.0001000 loss=0.395 ACC=96.646 F1=87.047 Rec=89.874 Prec=84.886
Train Client5 [16/30] LR=0.0001000 loss=0.057 ACC=99.464 F1=92.943 Rec=99.460 Prec=89.761
Train Client6 [16/30] LR=0.0001000 loss=0.685 ACC=92.778 F1=87.620 Rec=92.325 Prec=83.943
Train Client7 [16/30] LR=0.0001000 loss=0.301 ACC=98.409 F1=76.662 Rec=76.497 Prec=76.998

Test-  OSR [16/30] LR=0.0001000 ACC=59.107 F1=45.333 Rec=46.143 Prec=54.369 UNK=98.000 OS*=35.771 HOS=52.412 AUROC=82.916 AUPR=75.593 OSCR=35.704
Test-Close [16/30] LR=0.0001000 loss=3.100 ACC=97.143 F1=97.139 Rec=97.143 Prec=97.241

Train Client0 [17/30] LR=0.0001000 loss=0.159 ACC=98.491 F1=78.408 Rec=78.389 Prec=78.432
Train Client1 [17/30] LR=0.0001000 loss=0.171 ACC=97.389 F1=94.920 Rec=94.959 Prec=95.004
Train Client2 [17/30] LR=0.0001000 loss=0.269 ACC=96.483 F1=86.512 Rec=85.436 Prec=88.432
Train Client3 [17/30] LR=0.0001000 loss=0.145 ACC=98.106 F1=97.214 Rec=97.124 Prec=97.315
Train Client4 [17/30] LR=0.0001000 loss=0.357 ACC=96.799 F1=86.175 Rec=87.288 Prec=85.163
Train Client5 [17/30] LR=0.0001000 loss=0.122 ACC=99.018 F1=90.372 Rec=88.812 Prec=92.417
Train Client6 [17/30] LR=0.0001000 loss=0.410 ACC=96.944 F1=95.262 Rec=97.669 Prec=93.403
Train Client7 [17/30] LR=0.0001000 loss=0.224 ACC=97.879 F1=88.784 Rec=95.276 Prec=85.694

Test-  OSR [17/30] LR=0.0001000 ACC=58.321 F1=43.158 Rec=44.524 Prec=73.243 UNK=99.714 OS*=33.486 HOS=50.135 AUROC=84.986 AUPR=76.721 OSCR=33.474
Test-Close [17/30] LR=0.0001000 loss=3.223 ACC=96.914 F1=96.899 Rec=96.914 Prec=97.163

Train Client0 [18/30] LR=0.0001000 loss=0.100 ACC=99.461 F1=79.469 Rec=79.522 Prec=79.416
Train Client1 [18/30] LR=0.0001000 loss=0.176 ACC=97.528 F1=95.775 Rec=95.208 Prec=96.524
Train Client2 [18/30] LR=0.0001000 loss=0.193 ACC=97.006 F1=88.860 Rec=87.813 Prec=90.362
Train Client3 [18/30] LR=0.0001000 loss=0.130 ACC=98.485 F1=95.511 Rec=98.254 Prec=93.487
Train Client4 [18/30] LR=0.0001000 loss=0.350 ACC=97.180 F1=88.703 Rec=94.062 Prec=85.050
Train Client5 [18/30] LR=0.0001000 loss=0.076 ACC=99.018 F1=89.048 Rec=89.047 Prec=89.050
Train Client6 [18/30] LR=0.0001000 loss=0.830 ACC=93.056 F1=90.401 Rec=95.209 Prec=87.356
Train Client7 [18/30] LR=0.0001000 loss=0.216 ACC=98.333 F1=95.856 Rec=95.960 Prec=95.904

Test-  OSR [18/30] LR=0.0001000 ACC=59.429 F1=43.433 Rec=45.968 Prec=56.723 UNK=99.810 OS*=35.200 HOS=52.045 AUROC=86.244 AUPR=80.996 OSCR=35.196
Test-Close [18/30] LR=0.0001000 loss=3.168 ACC=96.629 F1=96.614 Rec=96.629 Prec=96.936

Train Client0 [19/30] LR=0.0001000 loss=0.090 ACC=99.461 F1=99.244 Rec=99.238 Prec=99.250
Train Client1 [19/30] LR=0.0001000 loss=0.155 ACC=97.772 F1=96.034 Rec=95.509 Prec=96.677
Train Client2 [19/30] LR=0.0001000 loss=0.209 ACC=97.148 F1=89.628 Rec=88.327 Prec=91.558
Train Client3 [19/30] LR=0.0001000 loss=0.120 ACC=98.864 F1=98.381 Rec=98.446 Prec=98.341
Train Client4 [19/30] LR=0.0001000 loss=0.314 ACC=97.256 F1=88.718 Rec=91.650 Prec=86.489
Train Client5 [19/30] LR=0.0001000 loss=0.091 ACC=99.286 F1=86.036 Rec=84.450 Prec=89.289
Train Client6 [19/30] LR=0.0001000 loss=0.553 ACC=94.167 F1=90.547 Rec=96.477 Prec=86.562
Train Client7 [19/30] LR=0.0001000 loss=0.223 ACC=97.879 F1=94.667 Rec=94.060 Prec=95.447

Test-  OSR [19/30] LR=0.0001000 ACC=55.536 F1=38.404 Rec=40.714 Prec=57.625 UNK=100.000 OS*=28.857 HOS=44.789 AUROC=85.833 AUPR=79.654 OSCR=28.857
Test-Close [19/30] LR=0.0001000 loss=3.485 ACC=96.743 F1=96.730 Rec=96.743 Prec=97.027

Train Client0 [20/30] LR=0.0001000 loss=0.088 ACC=99.084 F1=98.726 Rec=98.835 Prec=98.619
Train Client1 [20/30] LR=0.0001000 loss=0.192 ACC=97.389 F1=95.239 Rec=94.335 Prec=96.360
Train Client2 [20/30] LR=0.0001000 loss=0.232 ACC=97.053 F1=89.076 Rec=87.494 Prec=91.447
Train Client3 [20/30] LR=0.0001000 loss=0.085 ACC=98.674 F1=96.795 Rec=98.364 Prec=95.450
Train Client4 [20/30] LR=0.0001000 loss=0.380 ACC=97.332 F1=88.496 Rec=94.020 Prec=85.470
Train Client5 [20/30] LR=0.0001000 loss=0.068 ACC=99.018 F1=84.154 Rec=84.086 Prec=84.223
Train Client6 [20/30] LR=0.0001000 loss=0.588 ACC=94.722 F1=90.527 Rec=95.419 Prec=86.694
Train Client7 [20/30] LR=0.0001000 loss=0.202 ACC=98.333 F1=96.015 Rec=95.832 Prec=96.440

Test-  OSR [20/30] LR=0.0001000 ACC=57.393 F1=40.157 Rec=43.190 Prec=41.135 UNK=100.000 OS*=31.829 HOS=48.288 AUROC=89.337 AUPR=83.726 OSCR=31.829
Test-Close [20/30] LR=0.0001000 loss=3.508 ACC=96.686 F1=96.667 Rec=96.686 Prec=97.079

Train Client0 [21/30] LR=0.0001000 loss=0.081 ACC=99.407 F1=79.475 Rec=79.419 Prec=79.533
Train Client1 [21/30] LR=0.0001000 loss=0.157 ACC=97.632 F1=95.615 Rec=95.416 Prec=95.908
Train Client2 [21/30] LR=0.0001000 loss=0.221 ACC=96.340 F1=86.677 Rec=85.529 Prec=88.271
Train Client3 [21/30] LR=0.0001000 loss=0.138 ACC=98.295 F1=96.663 Rec=98.127 Prec=95.455
Train Client4 [21/30] LR=0.0001000 loss=0.319 ACC=96.799 F1=87.696 Rec=90.997 Prec=85.102
Train Client5 [21/30] LR=0.0001000 loss=0.074 ACC=99.018 F1=89.193 Rec=89.061 Prec=89.330
Train Client6 [21/30] LR=0.0001000 loss=0.536 ACC=95.556 F1=88.939 Rec=93.601 Prec=85.685
Train Client7 [21/30] LR=0.0001000 loss=0.233 ACC=98.106 F1=95.503 Rec=94.994 Prec=96.101

Test-  OSR [21/30] LR=0.0001000 ACC=59.536 F1=42.057 Rec=46.079 Prec=41.296 UNK=99.905 OS*=35.314 HOS=52.183 AUROC=84.873 AUPR=80.898 OSCR=35.314
Test-Close [21/30] LR=0.0001000 loss=3.532 ACC=96.400 F1=96.377 Rec=96.400 Prec=96.779

Train Client0 [22/30] LR=0.0001000 loss=0.134 ACC=99.084 F1=79.193 Rec=79.199 Prec=79.188
Train Client1 [22/30] LR=0.0001000 loss=0.205 ACC=97.528 F1=95.327 Rec=94.955 Prec=95.930
Train Client2 [22/30] LR=0.0001000 loss=0.223 ACC=96.721 F1=87.724 Rec=86.067 Prec=90.336
Train Client3 [22/30] LR=0.0001000 loss=0.195 ACC=97.727 F1=94.172 Rec=96.900 Prec=92.220
Train Client4 [22/30] LR=0.0001000 loss=0.354 ACC=97.256 F1=89.308 Rec=94.041 Prec=86.251
Train Client5 [22/30] LR=0.0001000 loss=0.158 ACC=98.036 F1=78.317 Rec=78.248 Prec=78.387
Train Client6 [22/30] LR=0.0001000 loss=0.605 ACC=96.389 F1=94.149 Rec=97.584 Prec=91.519
Train Client7 [22/30] LR=0.0001000 loss=0.196 ACC=98.636 F1=89.933 Rec=96.397 Prec=86.870

Test-  OSR [22/30] LR=0.0001000 ACC=57.357 F1=40.099 Rec=43.143 Prec=41.132 UNK=100.000 OS*=31.771 HOS=48.222 AUROC=88.214 AUPR=84.650 OSCR=31.771
Test-Close [22/30] LR=0.0001000 loss=3.434 ACC=96.286 F1=96.258 Rec=96.286 Prec=96.800

Train Client0 [23/30] LR=0.0001000 loss=0.124 ACC=98.653 F1=78.699 Rec=78.695 Prec=78.705
Train Client1 [23/30] LR=0.0001000 loss=0.197 ACC=97.493 F1=94.831 Rec=94.090 Prec=95.684
Train Client2 [23/30] LR=0.0001000 loss=0.227 ACC=96.816 F1=88.680 Rec=87.413 Prec=90.361
Train Client3 [23/30] LR=0.0001000 loss=0.142 ACC=98.295 F1=96.224 Rec=97.777 Prec=94.969
Train Client4 [23/30] LR=0.0001000 loss=0.337 ACC=97.027 F1=86.645 Rec=91.280 Prec=83.836
Train Client5 [23/30] LR=0.0001000 loss=0.064 ACC=99.375 F1=88.454 Rec=89.534 Prec=87.597
Train Client6 [23/30] LR=0.0001000 loss=0.676 ACC=91.111 F1=86.149 Rec=94.470 Prec=81.360
Train Client7 [23/30] LR=0.0001000 loss=0.213 ACC=98.333 F1=95.911 Rec=95.777 Prec=96.222

Test-  OSR [23/30] LR=0.0001000 ACC=56.536 F1=39.237 Rec=42.048 Prec=41.053 UNK=100.000 OS*=30.457 HOS=46.693 AUROC=87.114 AUPR=83.607 OSCR=30.457
Test-Close [23/30] LR=0.0001000 loss=3.543 ACC=96.743 F1=96.735 Rec=96.743 Prec=96.925

Train Client0 [24/30] LR=0.0001000 loss=0.108 ACC=99.030 F1=79.141 Rec=79.186 Prec=79.098
Train Client1 [24/30] LR=0.0001000 loss=0.179 ACC=97.458 F1=95.468 Rec=94.788 Prec=96.386
Train Client2 [24/30] LR=0.0001000 loss=0.215 ACC=96.673 F1=87.566 Rec=86.653 Prec=88.864
Train Client3 [24/30] LR=0.0001000 loss=0.146 ACC=98.295 F1=96.122 Rec=97.608 Prec=94.855
Train Client4 [24/30] LR=0.0001000 loss=0.336 ACC=97.104 F1=86.377 Rec=92.807 Prec=83.293
Train Client5 [24/30] LR=0.0001000 loss=0.140 ACC=98.929 F1=87.911 Rec=88.734 Prec=87.325
Train Client6 [24/30] LR=0.0001000 loss=0.686 ACC=93.333 F1=87.608 Rec=92.117 Prec=85.145
Train Client7 [24/30] LR=0.0001000 loss=0.207 ACC=98.182 F1=89.041 Rec=95.935 Prec=85.559

Test-  OSR [24/30] LR=0.0001000 ACC=51.679 F1=34.184 Rec=35.571 Prec=40.616 UNK=100.000 OS*=22.686 HOS=36.982 AUROC=88.906 AUPR=85.689 OSCR=22.686
Test-Close [24/30] LR=0.0001000 loss=3.808 ACC=96.686 F1=96.671 Rec=96.686 Prec=97.008

Train Client0 [25/30] LR=0.0001000 loss=0.095 ACC=99.084 F1=98.611 Rec=98.617 Prec=98.606
Train Client1 [25/30] LR=0.0001000 loss=0.176 ACC=97.667 F1=94.987 Rec=94.404 Prec=95.678
Train Client2 [25/30] LR=0.0001000 loss=0.224 ACC=96.673 F1=87.683 Rec=86.128 Prec=90.045
Train Client3 [25/30] LR=0.0001000 loss=0.140 ACC=97.917 F1=95.520 Rec=96.973 Prec=94.348
Train Client4 [25/30] LR=0.0001000 loss=0.319 ACC=97.104 F1=85.970 Rec=88.523 Prec=83.980
Train Client5 [25/30] LR=0.0001000 loss=0.081 ACC=99.018 F1=87.963 Rec=89.030 Prec=87.120
Train Client6 [25/30] LR=0.0001000 loss=0.618 ACC=95.556 F1=91.763 Rec=96.633 Prec=88.039
Train Client7 [25/30] LR=0.0001000 loss=0.173 ACC=98.788 F1=97.084 Rec=97.485 Prec=96.721

Test-  OSR [25/30] LR=0.0001000 ACC=56.179 F1=38.998 Rec=41.571 Prec=41.019 UNK=100.000 OS*=29.886 HOS=46.018 AUROC=90.777 AUPR=86.823 OSCR=29.886
Test-Close [25/30] LR=0.0001000 loss=3.498 ACC=96.914 F1=96.906 Rec=96.914 Prec=97.097

Train Client0 [26/30] LR=0.0001000 loss=0.049 ACC=99.569 F1=79.637 Rec=79.601 Prec=79.674
Train Client1 [26/30] LR=0.0001000 loss=0.164 ACC=97.876 F1=96.150 Rec=95.662 Prec=96.724
Train Client2 [26/30] LR=0.0001000 loss=0.193 ACC=97.148 F1=89.328 Rec=87.853 Prec=91.476
Train Client3 [26/30] LR=0.0001000 loss=0.110 ACC=98.485 F1=96.400 Rec=97.854 Prec=95.202
Train Client4 [26/30] LR=0.0001000 loss=0.287 ACC=97.180 F1=88.248 Rec=91.239 Prec=85.995
Train Client5 [26/30] LR=0.0001000 loss=0.093 ACC=99.107 F1=88.108 Rec=89.133 Prec=87.308
Train Client6 [26/30] LR=0.0001000 loss=0.375 ACC=96.389 F1=90.987 Rec=93.688 Prec=89.122
Train Client7 [26/30] LR=0.0001000 loss=0.175 ACC=98.636 F1=96.709 Rec=96.869 Prec=96.586

Test-  OSR [26/30] LR=0.0001000 ACC=59.357 F1=42.307 Rec=45.905 Prec=51.747 UNK=99.714 OS*=35.143 HOS=51.970 AUROC=88.556 AUPR=84.692 OSCR=35.142
Test-Close [26/30] LR=0.0001000 loss=3.230 ACC=97.086 F1=97.077 Rec=97.086 Prec=97.302

Train Client0 [27/30] LR=0.0001000 loss=0.070 ACC=99.246 F1=79.199 Rec=79.183 Prec=79.217
Train Client1 [27/30] LR=0.0001000 loss=0.172 ACC=97.597 F1=95.438 Rec=94.958 Prec=96.037
Train Client2 [27/30] LR=0.0001000 loss=0.207 ACC=96.388 F1=86.952 Rec=85.945 Prec=88.331
Train Client3 [27/30] LR=0.0001000 loss=0.176 ACC=98.106 F1=97.138 Rec=97.124 Prec=97.166
Train Client4 [27/30] LR=0.0001000 loss=0.319 ACC=97.332 F1=88.695 Rec=91.241 Prec=86.806
Train Client5 [27/30] LR=0.0001000 loss=0.113 ACC=98.661 F1=86.765 Rec=88.830 Prec=85.371
Train Client6 [27/30] LR=0.0001000 loss=0.716 ACC=91.111 F1=86.977 Rec=95.587 Prec=82.493
Train Client7 [27/30] LR=0.0001000 loss=0.184 ACC=98.409 F1=96.099 Rec=96.153 Prec=96.196

Test-  OSR [27/30] LR=0.0001000 ACC=53.286 F1=35.881 Rec=37.714 Prec=40.755 UNK=100.000 OS*=25.257 HOS=40.328 AUROC=87.578 AUPR=83.738 OSCR=25.257
Test-Close [27/30] LR=0.0001000 loss=3.461 ACC=97.200 F1=97.191 Rec=97.200 Prec=97.441

Train Client0 [28/30] LR=0.0001000 loss=0.050 ACC=99.569 F1=99.413 Rec=99.416 Prec=99.411
Train Client1 [28/30] LR=0.0001000 loss=0.155 ACC=97.772 F1=95.754 Rec=94.973 Prec=96.640
Train Client2 [28/30] LR=0.0001000 loss=0.218 ACC=96.863 F1=89.178 Rec=88.177 Prec=90.406
Train Client3 [28/30] LR=0.0001000 loss=0.162 ACC=98.295 F1=95.048 Rec=97.791 Prec=93.023
Train Client4 [28/30] LR=0.0001000 loss=0.342 ACC=97.485 F1=86.301 Rec=89.369 Prec=84.384
Train Client5 [28/30] LR=0.0001000 loss=0.100 ACC=99.286 F1=89.495 Rec=89.514 Prec=89.477
Train Client6 [28/30] LR=0.0001000 loss=0.629 ACC=96.111 F1=93.992 Rec=97.008 Prec=91.828
Train Client7 [28/30] LR=0.0001000 loss=0.205 ACC=98.258 F1=95.953 Rec=96.137 Prec=95.805

Test-  OSR [28/30] LR=0.0001000 ACC=49.500 F1=30.591 Rec=32.667 Prec=40.436 UNK=100.000 OS*=19.200 HOS=32.215 AUROC=91.485 AUPR=87.234 OSCR=19.200
Test-Close [28/30] LR=0.0001000 loss=3.817 ACC=96.400 F1=96.374 Rec=96.400 Prec=96.898

Train Client0 [29/30] LR=0.0001000 loss=0.103 ACC=99.300 F1=98.997 Rec=98.994 Prec=99.001
Train Client1 [29/30] LR=0.0001000 loss=0.191 ACC=97.389 F1=95.148 Rec=94.167 Prec=96.329
Train Client2 [29/30] LR=0.0001000 loss=0.192 ACC=96.958 F1=88.434 Rec=87.071 Prec=90.562
Train Client3 [29/30] LR=0.0001000 loss=0.129 ACC=98.106 F1=94.258 Rec=94.247 Prec=94.284
Train Client4 [29/30] LR=0.0001000 loss=0.300 ACC=97.256 F1=87.962 Rec=91.563 Prec=85.455
Train Client5 [29/30] LR=0.0001000 loss=0.085 ACC=98.571 F1=78.799 Rec=78.866 Prec=78.733
Train Client6 [29/30] LR=0.0001000 loss=0.601 ACC=94.444 F1=90.846 Rec=96.565 Prec=86.908
Train Client7 [29/30] LR=0.0001000 loss=0.166 ACC=97.955 F1=94.724 Rec=94.306 Prec=95.331

Test-  OSR [29/30] LR=0.0001000 ACC=52.679 F1=34.966 Rec=36.905 Prec=40.702 UNK=100.000 OS*=24.286 HOS=39.080 AUROC=89.897 AUPR=85.766 OSCR=24.286
Test-Close [29/30] LR=0.0001000 loss=3.381 ACC=96.057 F1=96.027 Rec=96.057 Prec=96.604

------>Best performance (by OSCR)--->>>>>>>

Test-  OSR [3/30] LR=0.0001000 ACC=77.000 F1=80.946 Rec=86.476 Prec=79.983 UNK=48.571 OS*=94.057 HOS=64.061 AUROC=90.409 AUPR=84.863 OSCR=87.576
Test-Close [3/30] LR=0.0001000 loss=1.820 ACC=96.514 F1=96.492 Rec=96.514 Prec=96.797
=====================================================================================================================================
The ending time ：2026-06-19 16:43:05
