Logging to: ./logs/RetinalOCT_Finetune_K3_U5_seed0_20260705_143813.log
==> Preparing data..
Protocol mode: easy_k3
Fixed known classes: ['NORMAL', 'MH', 'DRUSEN']
Fixed unknown classes: ['AMD', 'CNV', 'CSR', 'DME', 'DR']
Known class list: [7 6 5] Unknown class list [0 1 2 3 4]
Total images — Train: 18400, Val: 2800, Test: 2800
{7: 0, 6: 1, 5: 2} {0: 3, 1: 4, 2: 5, 3: 6, 4: 7}
Known origin: [7 6 5] , new: [0 1 2]
Unknown origin: [0 1 2 3 4] , new: [3 4 5 6 7]
Known/Unknown in Train: 6900/11500
Known/Unknown in Val:   1050/1750
Known/Unknown in Test:  1050/1750
Client0 sample num: 626
Client1 sample num: 2268
Client2 sample num: 1633
Client3 sample num: 269
Client4 sample num: 1206
Client5 sample num: 706
Client6 sample num: 56
Client7 sample num: 136

>>> Setting up
==> Using device: cuda:1
==> Building [Resnet18] model..
154
154
154
154
154
154
154
154
154
154
154
154
154
154
154
154
154
154
Train Client0 [0/30] LR=0.0001000 loss=32.887 ACC=100.000 F1=100.000 Rec=100.000 Prec=100.000
Train Client1 [0/30] LR=0.0001000 loss=27.601 ACC=98.763 F1=96.535 Rec=96.159 Prec=96.979
Train Client2 [0/30] LR=0.0001000 loss=24.753 ACC=95.098 F1=91.117 Rec=90.241 Prec=92.059
Train Client3 [0/30] LR=0.0001000 loss=38.775 ACC=94.318 F1=95.121 Rec=95.795 Prec=94.533
Train Client4 [0/30] LR=0.0001000 loss=30.062 ACC=90.250 F1=88.186 Rec=93.220 Prec=84.256
Train Client5 [0/30] LR=0.0001000 loss=35.544 ACC=94.744 F1=95.745 Rec=95.969 Prec=95.562
Train Client6 [0/30] LR=0.0001000 loss=44.304 ACC=98.214 F1=96.260 Rec=98.611 Prec=94.444
Train Client7 [0/30] LR=0.0001000 loss=43.154 ACC=98.529 F1=82.704 Rec=98.765 Prec=77.778

Test-  OSR [0/30] LR=0.0001000 ACC=35.964 F1=41.115 Rec=71.929 Prec=29.502 UNK=0.000 OS*=95.905 HOS=0.000 AUROC=52.926 AUPR=68.010 OSCR=52.376
Test-Close [0/30] LR=0.0001000 loss=1.278 ACC=95.905 F1=95.892 Rec=95.905 Prec=96.272

Saving best model . . . . . . . .

Train Client0 [1/30] LR=0.0001000 loss=20.291 ACC=99.840 F1=66.612 Rec=66.558 Prec=66.667
Train Client1 [1/30] LR=0.0001000 loss=11.779 ACC=98.454 F1=95.798 Rec=95.470 Prec=96.211
Train Client2 [1/30] LR=0.0001000 loss=9.434 ACC=94.975 F1=91.127 Rec=90.504 Prec=91.773
Train Client3 [1/30] LR=0.0001000 loss=17.833 ACC=85.985 F1=82.824 Rec=92.914 Prec=77.358
Train Client4 [1/30] LR=0.0001000 loss=12.986 ACC=91.083 F1=88.551 Rec=90.768 Prec=87.174
Train Client5 [1/30] LR=0.0001000 loss=15.123 ACC=94.318 F1=95.382 Rec=95.249 Prec=95.518
Train Client6 [1/30] LR=0.0001000 loss=20.938 ACC=100.000 F1=100.000 Rec=100.000 Prec=100.000
Train Client7 [1/30] LR=0.0001000 loss=21.155 ACC=100.000 F1=100.000 Rec=100.000 Prec=100.000

Test-  OSR [1/30] LR=0.0001000 ACC=36.286 F1=41.771 Rec=72.571 Prec=30.114 UNK=0.000 OS*=96.762 HOS=0.000 AUROC=53.887 AUPR=67.347 OSCR=53.368
Test-Close [1/30] LR=0.0001000 loss=1.364 ACC=96.762 F1=96.754 Rec=96.762 Prec=96.892

Saving best model . . . . . . . .

Train Client0 [2/30] LR=0.0001000 loss=7.189 ACC=98.077 F1=65.957 Rec=65.371 Prec=66.561
Train Client1 [2/30] LR=0.0001000 loss=2.476 ACC=97.747 F1=94.231 Rec=94.610 Prec=93.873
Train Client2 [2/30] LR=0.0001000 loss=1.393 ACC=95.221 F1=91.660 Rec=91.778 Prec=91.554
Train Client3 [2/30] LR=0.0001000 loss=5.544 ACC=88.258 F1=90.471 Rec=93.292 Prec=89.099
Train Client4 [2/30] LR=0.0001000 loss=3.053 ACC=88.833 F1=88.751 Rec=89.254 Prec=89.607
Train Client5 [2/30] LR=0.0001000 loss=3.191 ACC=95.597 F1=96.190 Rec=95.946 Prec=96.461
Train Client6 [2/30] LR=0.0001000 loss=5.237 ACC=100.000 F1=100.000 Rec=100.000 Prec=100.000
Train Client7 [2/30] LR=0.0001000 loss=5.499 ACC=98.529 F1=82.704 Rec=98.765 Prec=77.778

Test-  OSR [2/30] LR=0.0001000 ACC=41.286 F1=47.562 Rec=72.457 Prec=52.623 UNK=10.114 OS*=93.238 HOS=18.249 AUROC=55.415 AUPR=68.315 OSCR=54.638
Test-Close [2/30] LR=0.0001000 loss=1.384 ACC=96.476 F1=96.471 Rec=96.476 Prec=96.655

Saving best model . . . . . . . .

Train Client0 [3/30] LR=0.0001000 loss=1.133 ACC=97.596 F1=65.847 Rec=65.052 Prec=66.667
Train Client1 [3/30] LR=0.0001000 loss=0.389 ACC=98.012 F1=94.744 Rec=94.795 Prec=94.733
Train Client2 [3/30] LR=0.0001000 loss=0.436 ACC=94.240 F1=89.975 Rec=90.075 Prec=89.887
Train Client3 [3/30] LR=0.0001000 loss=1.182 ACC=91.667 F1=88.826 Rec=95.511 Prec=84.136
Train Client4 [3/30] LR=0.0001000 loss=0.880 ACC=92.750 F1=90.280 Rec=95.225 Prec=86.372
Train Client5 [3/30] LR=0.0001000 loss=0.693 ACC=94.318 F1=95.079 Rec=95.037 Prec=95.127
Train Client6 [3/30] LR=0.0001000 loss=0.654 ACC=100.000 F1=100.000 Rec=100.000 Prec=100.000
Train Client7 [3/30] LR=0.0001000 loss=0.340 ACC=99.265 F1=88.577 Rec=99.383 Prec=83.333

Test-  OSR [3/30] LR=0.0001000 ACC=45.143 F1=52.097 Rec=71.200 Prec=54.616 UNK=19.086 OS*=88.571 HOS=31.404 AUROC=51.833 AUPR=67.151 OSCR=50.403
Test-Close [3/30] LR=0.0001000 loss=1.445 ACC=96.286 F1=96.279 Rec=96.286 Prec=96.490

Train Client0 [4/30] LR=0.0001000 loss=0.163 ACC=100.000 F1=100.000 Rec=100.000 Prec=100.000
Train Client1 [4/30] LR=0.0001000 loss=0.206 ACC=98.587 F1=96.113 Rec=95.863 Prec=96.404
Train Client2 [4/30] LR=0.0001000 loss=0.487 ACC=94.792 F1=91.139 Rec=92.783 Prec=89.667
Train Client3 [4/30] LR=0.0001000 loss=1.132 ACC=90.909 F1=92.650 Rec=95.489 Prec=91.189
Train Client4 [4/30] LR=0.0001000 loss=0.724 ACC=93.833 F1=86.489 Rec=87.428 Prec=85.703
Train Client5 [4/30] LR=0.0001000 loss=0.491 ACC=95.312 F1=95.972 Rec=96.238 Prec=95.726
Train Client6 [4/30] LR=0.0001000 loss=0.058 ACC=100.000 F1=100.000 Rec=100.000 Prec=100.000
Train Client7 [4/30] LR=0.0001000 loss=0.188 ACC=98.529 F1=82.704 Rec=98.765 Prec=77.778

Test-  OSR [4/30] LR=0.0001000 ACC=44.643 F1=51.916 Rec=67.457 Prec=54.498 UNK=21.829 OS*=82.667 HOS=34.537 AUROC=47.180 AUPR=64.105 OSCR=44.750
Test-Close [4/30] LR=0.0001000 loss=1.531 ACC=97.238 F1=97.236 Rec=97.238 Prec=97.310

Train Client0 [5/30] LR=0.0001000 loss=0.078 ACC=99.840 F1=66.612 Rec=66.558 Prec=66.667
Train Client1 [5/30] LR=0.0001000 loss=0.211 ACC=98.631 F1=96.168 Rec=95.828 Prec=96.565
Train Client2 [5/30] LR=0.0001000 loss=0.443 ACC=95.098 F1=91.810 Rec=93.287 Prec=90.465
Train Client3 [5/30] LR=0.0001000 loss=1.084 ACC=90.530 F1=92.258 Rec=94.668 Prec=90.891
Train Client4 [5/30] LR=0.0001000 loss=0.667 ACC=95.167 F1=92.154 Rec=95.948 Prec=89.104
Train Client5 [5/30] LR=0.0001000 loss=0.437 ACC=95.028 F1=96.039 Rec=95.944 Prec=96.164
Train Client6 [5/30] LR=0.0001000 loss=0.133 ACC=98.214 F1=96.260 Rec=98.611 Prec=94.444
Train Client7 [5/30] LR=0.0001000 loss=0.157 ACC=99.265 F1=88.577 Rec=99.383 Prec=83.333

Test-  OSR [5/30] LR=0.0001000 ACC=42.571 F1=48.703 Rec=73.771 Prec=54.116 UNK=11.371 OS*=94.571 HOS=20.302 AUROC=54.733 AUPR=70.804 OSCR=53.840
Test-Close [5/30] LR=0.0001000 loss=1.356 ACC=96.286 F1=96.278 Rec=96.286 Prec=96.520

Train Client0 [6/30] LR=0.0001000 loss=0.063 ACC=99.840 F1=66.612 Rec=66.558 Prec=66.667
Train Client1 [6/30] LR=0.0001000 loss=0.205 ACC=98.410 F1=95.549 Rec=95.185 Prec=95.980
Train Client2 [6/30] LR=0.0001000 loss=0.467 ACC=95.404 F1=92.454 Rec=93.885 Prec=91.174
Train Client3 [6/30] LR=0.0001000 loss=0.878 ACC=92.803 F1=86.822 Rec=90.657 Prec=83.850
Train Client4 [6/30] LR=0.0001000 loss=0.707 ACC=94.333 F1=89.880 Rec=95.150 Prec=86.046
Train Client5 [6/30] LR=0.0001000 loss=0.428 ACC=95.170 F1=95.953 Rec=95.875 Prec=96.049
Train Client6 [6/30] LR=0.0001000 loss=0.047 ACC=100.000 F1=100.000 Rec=100.000 Prec=100.000
Train Client7 [6/30] LR=0.0001000 loss=0.335 ACC=98.529 F1=82.704 Rec=98.765 Prec=77.778

Test-  OSR [6/30] LR=0.0001000 ACC=46.321 F1=52.142 Rec=63.614 Prec=56.023 UNK=29.029 OS*=75.143 HOS=41.879 AUROC=47.979 AUPR=64.686 OSCR=43.170
Test-Close [6/30] LR=0.0001000 loss=1.628 ACC=96.571 F1=96.566 Rec=96.571 Prec=96.764

Train Client0 [7/30] LR=0.0001000 loss=0.083 ACC=99.840 F1=66.612 Rec=66.558 Prec=66.667
Train Client1 [7/30] LR=0.0001000 loss=0.193 ACC=98.277 F1=95.211 Rec=95.061 Prec=95.372
Train Client2 [7/30] LR=0.0001000 loss=0.485 ACC=94.914 F1=91.472 Rec=93.373 Prec=89.770
Train Client3 [7/30] LR=0.0001000 loss=0.791 ACC=93.561 F1=92.247 Rec=96.073 Prec=89.124
Train Client4 [7/30] LR=0.0001000 loss=0.567 ACC=94.750 F1=91.761 Rec=95.680 Prec=88.596
Train Client5 [7/30] LR=0.0001000 loss=0.410 ACC=96.591 F1=97.183 Rec=97.052 Prec=97.318
Train Client6 [7/30] LR=0.0001000 loss=0.071 ACC=100.000 F1=100.000 Rec=100.000 Prec=100.000
Train Client7 [7/30] LR=0.0001000 loss=0.319 ACC=97.794 F1=65.732 Rec=65.432 Prec=66.038

Test-  OSR [7/30] LR=0.0001000 ACC=50.679 F1=56.119 Rec=72.786 Prec=57.363 UNK=28.571 OS*=87.524 HOS=43.080 AUROC=54.106 AUPR=70.528 OSCR=51.841
Test-Close [7/30] LR=0.0001000 loss=1.479 ACC=97.143 F1=97.141 Rec=97.143 Prec=97.243

Train Client0 [8/30] LR=0.0001000 loss=0.135 ACC=99.038 F1=66.285 Rec=66.015 Prec=66.562
Train Client1 [8/30] LR=0.0001000 loss=0.151 ACC=98.763 F1=96.629 Rec=96.439 Prec=96.843
Train Client2 [8/30] LR=0.0001000 loss=0.437 ACC=95.404 F1=92.310 Rec=92.615 Prec=92.014
Train Client3 [8/30] LR=0.0001000 loss=0.684 ACC=94.318 F1=89.698 Rec=90.100 Prec=89.328
Train Client4 [8/30] LR=0.0001000 loss=0.560 ACC=95.167 F1=89.977 Rec=91.612 Prec=88.534
Train Client5 [8/30] LR=0.0001000 loss=0.366 ACC=96.165 F1=96.745 Rec=96.657 Prec=96.858
Train Client6 [8/30] LR=0.0001000 loss=0.036 ACC=100.000 F1=100.000 Rec=100.000 Prec=100.000
Train Client7 [8/30] LR=0.0001000 loss=0.172 ACC=99.265 F1=88.577 Rec=99.383 Prec=83.333

Test-  OSR [8/30] LR=0.0001000 ACC=55.500 F1=59.361 Rec=70.600 Prec=60.579 UNK=40.400 OS*=80.667 HOS=53.837 AUROC=57.385 AUPR=72.117 OSCR=52.305
Test-Close [8/30] LR=0.0001000 loss=1.600 ACC=97.238 F1=97.237 Rec=97.238 Prec=97.294

Train Client0 [9/30] LR=0.0001000 loss=0.045 ACC=99.359 F1=66.449 Rec=66.234 Prec=66.667
Train Client1 [9/30] LR=0.0001000 loss=0.164 ACC=98.410 F1=95.545 Rec=95.182 Prec=95.975
Train Client2 [9/30] LR=0.0001000 loss=0.434 ACC=95.588 F1=92.671 Rec=93.800 Prec=91.632
Train Client3 [9/30] LR=0.0001000 loss=0.641 ACC=95.455 F1=93.855 Rec=97.577 Prec=90.778
Train Client4 [9/30] LR=0.0001000 loss=0.600 ACC=95.583 F1=90.316 Rec=91.853 Prec=88.975
Train Client5 [9/30] LR=0.0001000 loss=0.365 ACC=96.449 F1=96.963 Rec=97.166 Prec=96.766
Train Client6 [9/30] LR=0.0001000 loss=0.067 ACC=100.000 F1=100.000 Rec=100.000 Prec=100.000
Train Client7 [9/30] LR=0.0001000 loss=0.037 ACC=99.265 F1=88.577 Rec=99.383 Prec=83.333

Test-  OSR [9/30] LR=0.0001000 ACC=53.464 F1=56.067 Rec=64.071 Prec=60.201 UNK=42.857 OS*=71.143 HOS=53.491 AUROC=54.696 AUPR=68.740 OSCR=46.895
Test-Close [9/30] LR=0.0001000 loss=1.702 ACC=96.667 F1=96.663 Rec=96.667 Prec=96.797

Train Client0 [10/30] LR=0.0001000 loss=0.017 ACC=100.000 F1=100.000 Rec=100.000 Prec=100.000
Train Client1 [10/30] LR=0.0001000 loss=0.177 ACC=98.454 F1=95.697 Rec=95.483 Prec=95.933
Train Client2 [10/30] LR=0.0001000 loss=0.433 ACC=95.772 F1=92.925 Rec=93.873 Prec=92.037
Train Client3 [10/30] LR=0.0001000 loss=0.709 ACC=93.561 F1=87.336 Rec=90.672 Prec=84.593
Train Client4 [10/30] LR=0.0001000 loss=0.591 ACC=95.000 F1=91.952 Rec=95.368 Prec=89.288
Train Client5 [10/30] LR=0.0001000 loss=0.438 ACC=95.170 F1=96.066 Rec=96.122 Prec=96.019
Train Client6 [10/30] LR=0.0001000 loss=0.105 ACC=98.214 F1=96.260 Rec=98.611 Prec=94.444
Train Client7 [10/30] LR=0.0001000 loss=0.039 ACC=98.529 F1=82.704 Rec=98.765 Prec=77.778

Test-  OSR [10/30] LR=0.0001000 ACC=56.607 F1=57.532 Rec=64.471 Prec=61.433 UNK=48.743 OS*=69.714 HOS=57.372 AUROC=57.749 AUPR=71.032 OSCR=48.032
Test-Close [10/30] LR=0.0001000 loss=1.736 ACC=96.571 F1=96.567 Rec=96.571 Prec=96.737

Train Client0 [11/30] LR=0.0001000 loss=0.032 ACC=99.679 F1=66.557 Rec=66.449 Prec=66.667
Train Client1 [11/30] LR=0.0001000 loss=0.150 ACC=98.675 F1=96.270 Rec=95.830 Prec=96.804
Train Client2 [11/30] LR=0.0001000 loss=0.447 ACC=95.282 F1=92.178 Rec=92.725 Prec=91.662
Train Client3 [11/30] LR=0.0001000 loss=0.782 ACC=92.803 F1=93.975 Rec=95.408 Prec=92.926
Train Client4 [11/30] LR=0.0001000 loss=0.553 ACC=95.667 F1=96.131 Rec=95.813 Prec=96.468
Train Client5 [11/30] LR=0.0001000 loss=0.457 ACC=94.602 F1=95.506 Rec=95.690 Prec=95.329
Train Client6 [11/30] LR=0.0001000 loss=0.017 ACC=100.000 F1=100.000 Rec=100.000 Prec=100.000
Train Client7 [11/30] LR=0.0001000 loss=0.166 ACC=98.529 F1=66.049 Rec=66.049 Prec=66.049

Test-  OSR [11/30] LR=0.0001000 ACC=49.643 F1=55.624 Rec=72.200 Prec=57.122 UNK=27.086 OS*=87.238 HOS=41.337 AUROC=54.105 AUPR=68.836 OSCR=52.085
Test-Close [11/30] LR=0.0001000 loss=1.534 ACC=96.762 F1=96.758 Rec=96.762 Prec=96.904

Train Client0 [12/30] LR=0.0001000 loss=0.146 ACC=98.718 F1=66.122 Rec=65.799 Prec=66.451
Train Client1 [12/30] LR=0.0001000 loss=0.139 ACC=98.675 F1=96.276 Rec=95.899 Prec=96.720
Train Client2 [12/30] LR=0.0001000 loss=0.432 ACC=95.711 F1=93.065 Rec=94.325 Prec=91.956
Train Client3 [12/30] LR=0.0001000 loss=0.733 ACC=93.561 F1=88.520 Rec=96.064 Prec=83.444
Train Client4 [12/30] LR=0.0001000 loss=0.516 ACC=95.833 F1=94.394 Rec=96.176 Prec=92.835
Train Client5 [12/30] LR=0.0001000 loss=0.447 ACC=95.597 F1=96.400 Rec=96.464 Prec=96.343
Train Client6 [12/30] LR=0.0001000 loss=0.031 ACC=100.000 F1=100.000 Rec=100.000 Prec=100.000
Train Client7 [12/30] LR=0.0001000 loss=0.028 ACC=99.265 F1=88.577 Rec=99.383 Prec=83.333

Test-  OSR [12/30] LR=0.0001000 ACC=47.107 F1=53.676 Rec=72.671 Prec=55.994 UNK=21.543 OS*=89.714 HOS=34.743 AUROC=55.094 AUPR=69.464 OSCR=53.660
Test-Close [12/30] LR=0.0001000 loss=1.415 ACC=96.952 F1=96.950 Rec=96.952 Prec=97.052

Train Client0 [13/30] LR=0.0001000 loss=0.031 ACC=99.840 F1=66.612 Rec=66.558 Prec=66.667
Train Client1 [13/30] LR=0.0001000 loss=0.148 ACC=98.189 F1=94.888 Rec=94.442 Prec=95.438
Train Client2 [13/30] LR=0.0001000 loss=0.391 ACC=95.772 F1=92.987 Rec=94.190 Prec=91.886
Train Client3 [13/30] LR=0.0001000 loss=0.532 ACC=95.455 F1=93.209 Rec=91.584 Prec=95.457
Train Client4 [13/30] LR=0.0001000 loss=0.535 ACC=95.417 F1=93.745 Rec=91.851 Prec=95.917
Train Client5 [13/30] LR=0.0001000 loss=0.471 ACC=95.312 F1=96.179 Rec=96.311 Prec=96.051
Train Client6 [13/30] LR=0.0001000 loss=0.006 ACC=100.000 F1=100.000 Rec=100.000 Prec=100.000
Train Client7 [13/30] LR=0.0001000 loss=0.147 ACC=98.529 F1=82.704 Rec=98.765 Prec=77.778

Test-  OSR [13/30] LR=0.0001000 ACC=47.321 F1=54.212 Rec=69.043 Prec=57.241 UNK=25.600 OS*=83.524 HOS=39.189 AUROC=51.133 AUPR=66.658 OSCR=48.439
Test-Close [13/30] LR=0.0001000 loss=1.514 ACC=96.952 F1=96.950 Rec=96.952 Prec=97.033

Train Client0 [14/30] LR=0.0001000 loss=0.118 ACC=98.878 F1=66.230 Rec=65.907 Prec=66.562
Train Client1 [14/30] LR=0.0001000 loss=0.131 ACC=98.366 F1=95.405 Rec=94.955 Prec=95.961
Train Client2 [14/30] LR=0.0001000 loss=0.441 ACC=94.730 F1=91.084 Rec=92.792 Prec=89.532
Train Client3 [14/30] LR=0.0001000 loss=0.521 ACC=95.076 F1=93.388 Rec=96.439 Prec=90.765
Train Client4 [14/30] LR=0.0001000 loss=0.616 ACC=94.333 F1=94.974 Rec=94.912 Prec=95.036
Train Client5 [14/30] LR=0.0001000 loss=0.405 ACC=95.881 F1=96.603 Rec=96.568 Prec=96.699
Train Client6 [14/30] LR=0.0001000 loss=0.007 ACC=100.000 F1=100.000 Rec=100.000 Prec=100.000
Train Client7 [14/30] LR=0.0001000 loss=0.110 ACC=98.529 F1=82.704 Rec=98.765 Prec=77.778

Test-  OSR [14/30] LR=0.0001000 ACC=50.286 F1=47.031 Rec=53.771 Prec=63.066 UNK=46.800 OS*=56.095 HOS=51.028 AUROC=53.132 AUPR=69.308 OSCR=39.487
Test-Close [14/30] LR=0.0001000 loss=1.878 ACC=97.619 F1=97.619 Rec=97.619 Prec=97.640

Train Client0 [15/30] LR=0.0001000 loss=0.017 ACC=99.840 F1=66.612 Rec=66.558 Prec=66.667
Train Client1 [15/30] LR=0.0001000 loss=0.133 ACC=98.852 F1=96.800 Rec=96.546 Prec=97.084
Train Client2 [15/30] LR=0.0001000 loss=0.438 ACC=95.650 F1=92.723 Rec=93.665 Prec=91.840
Train Client3 [15/30] LR=0.0001000 loss=0.681 ACC=94.318 F1=90.860 Rec=96.128 Prec=86.880
Train Client4 [15/30] LR=0.0001000 loss=0.533 ACC=96.167 F1=92.544 Rec=92.544 Prec=92.544
Train Client5 [15/30] LR=0.0001000 loss=0.302 ACC=97.443 F1=97.962 Rec=97.890 Prec=98.048
Train Client6 [15/30] LR=0.0001000 loss=0.005 ACC=100.000 F1=100.000 Rec=100.000 Prec=100.000
Train Client7 [15/30] LR=0.0001000 loss=0.332 ACC=98.529 F1=82.704 Rec=98.765 Prec=77.778

Test-  OSR [15/30] LR=0.0001000 ACC=53.429 F1=54.979 Rec=61.029 Prec=62.116 UNK=45.829 OS*=66.095 HOS=54.127 AUROC=55.206 AUPR=70.154 OSCR=44.832
Test-Close [15/30] LR=0.0001000 loss=1.761 ACC=97.143 F1=97.141 Rec=97.143 Prec=97.224

Train Client0 [16/30] LR=0.0001000 loss=0.031 ACC=99.840 F1=66.612 Rec=66.558 Prec=66.667
Train Client1 [16/30] LR=0.0001000 loss=0.130 ACC=98.410 F1=95.611 Rec=95.303 Prec=95.955
Train Client2 [16/30] LR=0.0001000 loss=0.417 ACC=95.098 F1=91.966 Rec=92.812 Prec=91.195
Train Client3 [16/30] LR=0.0001000 loss=0.413 ACC=96.970 F1=95.006 Rec=97.337 Prec=93.044
Train Client4 [16/30] LR=0.0001000 loss=0.480 ACC=96.250 F1=92.552 Rec=92.354 Prec=92.757
Train Client5 [16/30] LR=0.0001000 loss=0.410 ACC=95.881 F1=96.721 Rec=96.645 Prec=96.815
Train Client6 [16/30] LR=0.0001000 loss=0.103 ACC=98.214 F1=96.260 Rec=98.611 Prec=94.444
Train Client7 [16/30] LR=0.0001000 loss=0.063 ACC=100.000 F1=100.000 Rec=100.000 Prec=100.000

Test-  OSR [16/30] LR=0.0001000 ACC=46.107 F1=46.513 Rec=55.986 Prec=59.219 UNK=36.229 OS*=62.571 HOS=45.888 AUROC=49.806 AUPR=65.998 OSCR=40.633
Test-Close [16/30] LR=0.0001000 loss=1.752 ACC=96.762 F1=96.758 Rec=96.762 Prec=96.904

Train Client0 [17/30] LR=0.0001000 loss=0.072 ACC=99.519 F1=66.398 Rec=66.341 Prec=66.458
Train Client1 [17/30] LR=0.0001000 loss=0.101 ACC=98.498 F1=95.829 Rec=95.551 Prec=96.136
Train Client2 [17/30] LR=0.0001000 loss=0.445 ACC=95.343 F1=92.261 Rec=92.750 Prec=91.798
Train Client3 [17/30] LR=0.0001000 loss=0.687 ACC=95.455 F1=96.043 Rec=96.321 Prec=95.780
Train Client4 [17/30] LR=0.0001000 loss=0.512 ACC=95.583 F1=96.034 Rec=95.559 Prec=96.553
Train Client5 [17/30] LR=0.0001000 loss=0.284 ACC=96.733 F1=97.312 Rec=97.422 Prec=97.204
Train Client6 [17/30] LR=0.0001000 loss=0.024 ACC=100.000 F1=100.000 Rec=100.000 Prec=100.000
Train Client7 [17/30] LR=0.0001000 loss=0.063 ACC=100.000 F1=100.000 Rec=100.000 Prec=100.000

Test-  OSR [17/30] LR=0.0001000 ACC=47.464 F1=38.700 Rec=50.243 Prec=37.272 UNK=44.686 OS*=52.095 HOS=48.107 AUROC=51.263 AUPR=67.013 OSCR=37.810
Test-Close [17/30] LR=0.0001000 loss=1.903 ACC=96.667 F1=96.660 Rec=96.667 Prec=96.904

Train Client0 [18/30] LR=0.0001000 loss=0.019 ACC=99.519 F1=66.398 Rec=66.344 Prec=66.453
Train Client1 [18/30] LR=0.0001000 loss=0.088 ACC=98.852 F1=96.851 Rec=96.529 Prec=97.234
Train Client2 [18/30] LR=0.0001000 loss=0.413 ACC=94.792 F1=91.325 Rec=91.857 Prec=90.823
Train Client3 [18/30] LR=0.0001000 loss=0.518 ACC=96.212 F1=94.364 Rec=96.703 Prec=92.395
Train Client4 [18/30] LR=0.0001000 loss=0.455 ACC=96.333 F1=94.831 Rec=96.482 Prec=93.414
Train Client5 [18/30] LR=0.0001000 loss=0.412 ACC=95.881 F1=96.721 Rec=96.686 Prec=96.759
Train Client6 [18/30] LR=0.0001000 loss=0.017 ACC=100.000 F1=100.000 Rec=100.000 Prec=100.000
Train Client7 [18/30] LR=0.0001000 loss=0.147 ACC=97.794 F1=79.164 Rec=98.354 Prec=75.000

Test-  OSR [18/30] LR=0.0001000 ACC=47.464 F1=39.495 Rec=51.100 Prec=38.385 UNK=43.829 OS*=53.524 HOS=48.193 AUROC=48.070 AUPR=64.415 OSCR=38.257
Test-Close [18/30] LR=0.0001000 loss=2.261 ACC=97.333 F1=97.333 Rec=97.333 Prec=97.358

Train Client0 [19/30] LR=0.0001000 loss=0.032 ACC=99.840 F1=66.612 Rec=66.558 Prec=66.667
Train Client1 [19/30] LR=0.0001000 loss=0.167 ACC=98.454 F1=95.626 Rec=94.990 Prec=96.474
Train Client2 [19/30] LR=0.0001000 loss=0.382 ACC=95.037 F1=91.563 Rec=91.993 Prec=91.142
Train Client3 [19/30] LR=0.0001000 loss=0.503 ACC=96.591 F1=97.023 Rec=97.167 Prec=96.883
Train Client4 [19/30] LR=0.0001000 loss=0.535 ACC=95.750 F1=94.275 Rec=95.645 Prec=93.184
Train Client5 [19/30] LR=0.0001000 loss=0.380 ACC=96.591 F1=97.295 Rec=97.295 Prec=97.295
Train Client6 [19/30] LR=0.0001000 loss=0.041 ACC=100.000 F1=100.000 Rec=100.000 Prec=100.000
Train Client7 [19/30] LR=0.0001000 loss=0.162 ACC=98.529 F1=82.704 Rec=98.765 Prec=77.778

Test-  OSR [19/30] LR=0.0001000 ACC=53.250 F1=42.323 Rec=51.643 Prec=40.799 UNK=54.857 OS*=50.571 HOS=52.627 AUROC=54.864 AUPR=69.706 OSCR=38.477
Test-Close [19/30] LR=0.0001000 loss=2.059 ACC=97.429 F1=97.427 Rec=97.429 Prec=97.485

Train Client0 [20/30] LR=0.0001000 loss=0.072 ACC=99.679 F1=66.560 Rec=66.453 Prec=66.667
Train Client1 [20/30] LR=0.0001000 loss=0.175 ACC=98.631 F1=96.154 Rec=95.689 Prec=96.725
Train Client2 [20/30] LR=0.0001000 loss=0.352 ACC=95.895 F1=93.225 Rec=93.922 Prec=92.577
Train Client3 [20/30] LR=0.0001000 loss=0.384 ACC=96.591 F1=97.072 Rec=97.493 Prec=96.685
Train Client4 [20/30] LR=0.0001000 loss=0.489 ACC=96.583 F1=96.918 Rec=96.298 Prec=97.611
Train Client5 [20/30] LR=0.0001000 loss=0.375 ACC=96.023 F1=96.834 Rec=96.724 Prec=96.981
Train Client6 [20/30] LR=0.0001000 loss=0.200 ACC=100.000 F1=100.000 Rec=100.000 Prec=100.000
Train Client7 [20/30] LR=0.0001000 loss=0.116 ACC=98.529 F1=88.065 Rec=98.971 Prec=82.716

Test-  OSR [20/30] LR=0.0001000 ACC=51.536 F1=38.321 Rec=46.900 Prec=43.123 UNK=56.171 OS*=43.810 HOS=49.226 AUROC=54.211 AUPR=69.725 OSCR=33.379
Test-Close [20/30] LR=0.0001000 loss=2.126 ACC=96.762 F1=96.755 Rec=96.762 Prec=96.869

Train Client0 [21/30] LR=0.0001000 loss=0.114 ACC=99.679 F1=66.505 Rec=66.450 Prec=66.562
Train Client1 [21/30] LR=0.0001000 loss=0.172 ACC=98.454 F1=95.660 Rec=95.267 Prec=96.132
Train Client2 [21/30] LR=0.0001000 loss=0.399 ACC=95.098 F1=91.797 Rec=92.652 Prec=90.991
Train Client3 [21/30] LR=0.0001000 loss=0.373 ACC=97.348 F1=95.350 Rec=97.828 Prec=93.238
Train Client4 [21/30] LR=0.0001000 loss=0.407 ACC=96.917 F1=97.238 Rec=96.937 Prec=97.554
Train Client5 [21/30] LR=0.0001000 loss=0.456 ACC=95.881 F1=96.624 Rec=96.645 Prec=96.626
Train Client6 [21/30] LR=0.0001000 loss=0.024 ACC=100.000 F1=100.000 Rec=100.000 Prec=100.000
Train Client7 [21/30] LR=0.0001000 loss=0.039 ACC=99.265 F1=88.577 Rec=99.383 Prec=83.333

Test-  OSR [21/30] LR=0.0001000 ACC=51.357 F1=56.967 Rec=67.629 Prec=61.759 UNK=35.086 OS*=78.476 HOS=48.491 AUROC=55.399 AUPR=70.305 OSCR=50.551
Test-Close [21/30] LR=0.0001000 loss=1.632 ACC=97.048 F1=97.047 Rec=97.048 Prec=97.078

Train Client0 [22/30] LR=0.0001000 loss=0.040 ACC=99.679 F1=99.679 Rec=99.679 Prec=99.679
Train Client1 [22/30] LR=0.0001000 loss=0.138 ACC=98.807 F1=96.752 Rec=96.428 Prec=97.124
Train Client2 [22/30] LR=0.0001000 loss=0.357 ACC=95.343 F1=92.332 Rec=93.067 Prec=91.653
Train Client3 [22/30] LR=0.0001000 loss=0.586 ACC=94.318 F1=89.987 Rec=91.055 Prec=89.130
Train Client4 [22/30] LR=0.0001000 loss=0.384 ACC=96.667 F1=97.010 Rec=96.615 Prec=97.434
Train Client5 [22/30] LR=0.0001000 loss=0.418 ACC=94.176 F1=95.348 Rec=95.211 Prec=95.547
Train Client6 [22/30] LR=0.0001000 loss=0.020 ACC=100.000 F1=100.000 Rec=100.000 Prec=100.000
Train Client7 [22/30] LR=0.0001000 loss=0.180 ACC=98.529 F1=66.049 Rec=66.049 Prec=66.049

Test-  OSR [22/30] LR=0.0001000 ACC=50.571 F1=57.592 Rec=72.229 Prec=60.083 UNK=28.914 OS*=86.667 HOS=43.362 AUROC=57.056 AUPR=70.551 OSCR=54.837
Test-Close [22/30] LR=0.0001000 loss=1.602 ACC=96.667 F1=96.662 Rec=96.667 Prec=96.821

Saving best model . . . . . . . .

Train Client0 [23/30] LR=0.0001000 loss=0.045 ACC=99.840 F1=66.612 Rec=66.558 Prec=66.667
Train Client1 [23/30] LR=0.0001000 loss=0.164 ACC=98.277 F1=95.160 Rec=94.673 Prec=95.751
Train Client2 [23/30] LR=0.0001000 loss=0.341 ACC=95.650 F1=92.492 Rec=93.377 Prec=91.720
Train Client3 [23/30] LR=0.0001000 loss=0.394 ACC=96.970 F1=97.312 Rec=97.312 Prec=97.312
Train Client4 [23/30] LR=0.0001000 loss=0.380 ACC=96.333 F1=92.664 Rec=92.272 Prec=93.084
Train Client5 [23/30] LR=0.0001000 loss=0.338 ACC=96.165 F1=96.942 Rec=96.841 Prec=97.073
Train Client6 [23/30] LR=0.0001000 loss=0.003 ACC=100.000 F1=100.000 Rec=100.000 Prec=100.000
Train Client7 [23/30] LR=0.0001000 loss=0.095 ACC=98.529 F1=66.049 Rec=66.049 Prec=66.049

Test-  OSR [23/30] LR=0.0001000 ACC=45.107 F1=34.017 Rec=43.300 Prec=65.877 UNK=46.914 OS*=42.095 HOS=44.374 AUROC=50.167 AUPR=66.177 OSCR=31.840
Test-Close [23/30] LR=0.0001000 loss=2.135 ACC=96.190 F1=96.176 Rec=96.190 Prec=96.489

Train Client0 [24/30] LR=0.0001000 loss=0.013 ACC=99.840 F1=66.612 Rec=66.558 Prec=66.667
Train Client1 [24/30] LR=0.0001000 loss=0.131 ACC=98.542 F1=95.914 Rec=95.694 Prec=96.156
Train Client2 [24/30] LR=0.0001000 loss=0.371 ACC=94.853 F1=91.486 Rec=92.201 Prec=90.826
Train Client3 [24/30] LR=0.0001000 loss=0.397 ACC=96.212 F1=96.672 Rec=97.270 Prec=96.135
Train Client4 [24/30] LR=0.0001000 loss=0.410 ACC=96.417 F1=94.860 Rec=96.212 Prec=93.789
Train Client5 [24/30] LR=0.0001000 loss=0.334 ACC=95.881 F1=96.723 Rec=96.712 Prec=96.735
Train Client6 [24/30] LR=0.0001000 loss=0.003 ACC=100.000 F1=100.000 Rec=100.000 Prec=100.000
Train Client7 [24/30] LR=0.0001000 loss=0.155 ACC=97.794 F1=79.048 Rec=98.148 Prec=75.000

Test-  OSR [24/30] LR=0.0001000 ACC=48.536 F1=28.375 Rec=39.757 Prec=67.962 UNK=57.314 OS*=33.905 HOS=42.606 AUROC=51.464 AUPR=67.588 OSCR=27.846
Test-Close [24/30] LR=0.0001000 loss=2.525 ACC=96.476 F1=96.461 Rec=96.476 Prec=96.683

Train Client0 [25/30] LR=0.0001000 loss=0.013 ACC=99.840 F1=66.612 Rec=66.558 Prec=66.667
Train Client1 [25/30] LR=0.0001000 loss=0.176 ACC=98.322 F1=95.339 Rec=95.219 Prec=95.467
Train Client2 [25/30] LR=0.0001000 loss=0.365 ACC=95.895 F1=92.898 Rec=94.174 Prec=91.737
Train Client3 [25/30] LR=0.0001000 loss=0.421 ACC=97.727 F1=95.675 Rec=98.003 Prec=93.717
Train Client4 [25/30] LR=0.0001000 loss=0.390 ACC=96.667 F1=97.024 Rec=96.760 Prec=97.300
Train Client5 [25/30] LR=0.0001000 loss=0.377 ACC=96.449 F1=97.171 Rec=97.091 Prec=97.268
Train Client6 [25/30] LR=0.0001000 loss=0.012 ACC=100.000 F1=100.000 Rec=100.000 Prec=100.000
Train Client7 [25/30] LR=0.0001000 loss=0.034 ACC=100.000 F1=100.000 Rec=100.000 Prec=100.000

Test-  OSR [25/30] LR=0.0001000 ACC=50.821 F1=28.383 Rec=40.271 Prec=73.574 UNK=61.371 OS*=33.238 HOS=43.122 AUROC=55.820 AUPR=69.626 OSCR=28.308
Test-Close [25/30] LR=0.0001000 loss=2.483 ACC=96.000 F1=95.981 Rec=96.000 Prec=96.247

Train Client0 [26/30] LR=0.0001000 loss=0.055 ACC=99.679 F1=66.558 Rec=66.450 Prec=66.667
Train Client1 [26/30] LR=0.0001000 loss=0.172 ACC=98.631 F1=96.273 Rec=95.898 Prec=96.690
Train Client2 [26/30] LR=0.0001000 loss=0.398 ACC=95.343 F1=92.367 Rec=93.226 Prec=91.584
Train Client3 [26/30] LR=0.0001000 loss=0.466 ACC=97.348 F1=94.868 Rec=92.133 Prec=98.126
Train Client4 [26/30] LR=0.0001000 loss=0.499 ACC=95.667 F1=93.935 Rec=91.407 Prec=96.812
Train Client5 [26/30] LR=0.0001000 loss=0.338 ACC=96.023 F1=96.833 Rec=96.765 Prec=96.913
Train Client6 [26/30] LR=0.0001000 loss=0.003 ACC=100.000 F1=100.000 Rec=100.000 Prec=100.000
Train Client7 [26/30] LR=0.0001000 loss=0.040 ACC=99.265 F1=88.577 Rec=99.383 Prec=83.333

Test-  OSR [26/30] LR=0.0001000 ACC=58.179 F1=61.708 Rec=70.757 Prec=64.397 UNK=45.600 OS*=79.143 HOS=57.862 AUROC=59.758 AUPR=73.963 OSCR=53.482
Test-Close [26/30] LR=0.0001000 loss=1.625 ACC=96.476 F1=96.470 Rec=96.476 Prec=96.682

Train Client0 [27/30] LR=0.0001000 loss=0.017 ACC=99.840 F1=66.612 Rec=66.558 Prec=66.667
Train Client1 [27/30] LR=0.0001000 loss=0.104 ACC=98.675 F1=96.297 Rec=96.109 Prec=96.502
Train Client2 [27/30] LR=0.0001000 loss=0.337 ACC=95.221 F1=92.306 Rec=93.653 Prec=91.137
Train Client3 [27/30] LR=0.0001000 loss=0.411 ACC=96.970 F1=95.006 Rec=97.635 Prec=92.748
Train Client4 [27/30] LR=0.0001000 loss=0.401 ACC=96.250 F1=96.648 Rec=96.229 Prec=97.099
Train Client5 [27/30] LR=0.0001000 loss=0.309 ACC=96.023 F1=96.840 Rec=96.840 Prec=96.840
Train Client6 [27/30] LR=0.0001000 loss=0.002 ACC=100.000 F1=100.000 Rec=100.000 Prec=100.000
Train Client7 [27/30] LR=0.0001000 loss=0.052 ACC=98.529 F1=82.704 Rec=98.765 Prec=77.778

Test-  OSR [27/30] LR=0.0001000 ACC=50.393 F1=37.337 Rec=45.300 Prec=65.211 UNK=55.486 OS*=41.905 HOS=47.748 AUROC=56.212 AUPR=71.244 OSCR=32.926
Test-Close [27/30] LR=0.0001000 loss=2.034 ACC=96.095 F1=96.085 Rec=96.095 Prec=96.392

Train Client0 [28/30] LR=0.0001000 loss=0.025 ACC=99.519 F1=66.505 Rec=66.344 Prec=66.667
Train Client1 [28/30] LR=0.0001000 loss=0.160 ACC=98.498 F1=95.952 Rec=95.640 Prec=96.290
Train Client2 [28/30] LR=0.0001000 loss=0.281 ACC=95.895 F1=93.347 Rec=94.557 Prec=92.276
Train Client3 [28/30] LR=0.0001000 loss=0.438 ACC=96.591 F1=94.658 Rec=96.847 Prec=92.850
Train Client4 [28/30] LR=0.0001000 loss=0.359 ACC=96.750 F1=97.088 Rec=96.661 Prec=97.549
Train Client5 [28/30] LR=0.0001000 loss=0.273 ACC=97.301 F1=97.853 Rec=97.818 Prec=97.892
Train Client6 [28/30] LR=0.0001000 loss=0.037 ACC=100.000 F1=100.000 Rec=100.000 Prec=100.000
Train Client7 [28/30] LR=0.0001000 loss=0.067 ACC=99.265 F1=88.577 Rec=99.383 Prec=83.333

Test-  OSR [28/30] LR=0.0001000 ACC=44.893 F1=32.034 Rec=41.843 Prec=67.049 UNK=47.943 OS*=39.810 HOS=43.499 AUROC=52.838 AUPR=69.192 OSCR=31.395
Test-Close [28/30] LR=0.0001000 loss=2.009 ACC=95.905 F1=95.884 Rec=95.905 Prec=96.201

Train Client0 [29/30] LR=0.0001000 loss=0.072 ACC=99.840 F1=66.612 Rec=66.558 Prec=66.667
Train Client1 [29/30] LR=0.0001000 loss=0.139 ACC=98.542 F1=95.980 Rec=95.636 Prec=96.394
Train Client2 [29/30] LR=0.0001000 loss=0.325 ACC=95.466 F1=92.569 Rec=93.434 Prec=91.779
Train Client3 [29/30] LR=0.0001000 loss=0.604 ACC=95.833 F1=94.077 Rec=97.126 Prec=91.457
Train Client4 [29/30] LR=0.0001000 loss=0.398 ACC=97.167 F1=97.470 Rec=97.073 Prec=97.896
Train Client5 [29/30] LR=0.0001000 loss=0.370 ACC=96.307 F1=97.066 Rec=97.044 Prec=97.089
Train Client6 [29/30] LR=0.0001000 loss=0.111 ACC=100.000 F1=100.000 Rec=100.000 Prec=100.000
Train Client7 [29/30] LR=0.0001000 loss=0.076 ACC=98.529 F1=82.704 Rec=98.765 Prec=77.778

Test-  OSR [29/30] LR=0.0001000 ACC=47.250 F1=29.074 Rec=40.271 Prec=67.590 UNK=54.229 OS*=35.619 HOS=42.997 AUROC=54.883 AUPR=70.340 OSCR=29.412
Test-Close [29/30] LR=0.0001000 loss=2.145 ACC=96.476 F1=96.463 Rec=96.476 Prec=96.628

------>Best performance (by OSCR)--->>>>>>>

Test-  OSR [22/30] LR=0.0001000 ACC=50.571 F1=57.592 Rec=72.229 Prec=60.083 UNK=28.914 OS*=86.667 HOS=43.362 AUROC=57.056 AUPR=70.551 OSCR=54.837
Test-Close [22/30] LR=0.0001000 loss=1.602 ACC=96.667 F1=96.662 Rec=96.667 Prec=96.821
=====================================================================================================================================
The ending time ：2026-07-05 16:05:10
