Logging to: ./logs/RetinalOCT_Pretrain_K5_U3_seed0_20260619_133148.log
==> Preparing data..
Protocol mode: hard
Fixed known classes: ['CSR', 'DR', 'DRUSEN', 'MH', 'NORMAL']
Fixed unknown classes: ['AMD', 'CNV', 'DME']
Known class list: [2 4 5 6 7] Unknown class list [0 1 3]
Total images — Train: 18400, Val: 2800, Test: 2800
{2: 0, 4: 1, 5: 2, 6: 3, 7: 4} {0: 5, 1: 6, 3: 7}
Known origin: [2 4 5 6 7] , new: [0 1 2 3 4]
Unknown origin: [0 1 3] , new: [5 6 7]
Known/Unknown in Train: 11500/6900
Known/Unknown in Val:   1750/1050
Known/Unknown in Test:  1750/1050
Client0 sample num: 1861
Client1 sample num: 2876
Client2 sample num: 2109
Client3 sample num: 533
Client4 sample num: 1312
Client5 sample num: 1125
Client6 sample num: 362
Client7 sample num: 1322

>>> Setting up
==> Using device: cuda:0
==> Building [Resnet18] model..
154
120
Train Client0 [0/50] LR=0.0005000 loss=1.353 ACC=73.114 F1=61.915 Rec=61.959 Prec=61.896
Train Client1 [0/50] LR=0.0005000 loss=1.318 ACC=76.010 F1=45.080 Rec=45.335 Prec=48.113
Train Client2 [0/50] LR=0.0005000 loss=1.282 ACC=79.373 F1=39.899 Rec=41.268 Prec=38.921
Train Client3 [0/50] LR=0.0005000 loss=2.333 ACC=52.652 F1=39.408 Rec=39.631 Prec=39.512
Train Client4 [0/50] LR=0.0005000 loss=1.060 ACC=83.841 F1=36.446 Rec=37.199 Prec=36.570
Train Client5 [0/50] LR=0.0005000 loss=1.799 ACC=66.964 F1=45.428 Rec=46.148 Prec=45.961
Train Client6 [0/50] LR=0.0005000 loss=1.788 ACC=70.556 F1=29.945 Rec=31.066 Prec=29.320
Train Client7 [0/50] LR=0.0005000 loss=1.128 ACC=83.106 F1=37.302 Rec=37.805 Prec=38.924

Val    [0/50] LR=0.0005000 loss=2.897 ACC=40.914 F1=25.513 Rec=40.914 Prec=20.183

Test-  OSR [0/50] LR=0.0005000 ACC=25.679 F1=15.586 Rec=34.238 Prec=11.704 UNK=0.000 OS*=41.086 HOS=0.000 AUROC=42.426 AUPR=36.238 OSCR=19.567
Test-Close [0/50] LR=0.0005000 loss=2.894 ACC=41.086 F1=25.913 Rec=41.086 Prec=20.617
Saving best model . . . . . . . .

Saving model at epoch 0 . . . . . . . .

Train Client0 [1/50] LR=0.0005000 loss=1.033 ACC=81.034 F1=73.208 Rec=72.821 Prec=73.679
Train Client1 [1/50] LR=0.0005000 loss=1.120 ACC=78.656 F1=47.788 Rec=48.117 Prec=50.499
Train Client2 [1/50] LR=0.0005000 loss=0.929 ACC=84.553 F1=50.521 Rec=50.651 Prec=51.597
Train Client3 [1/50] LR=0.0005000 loss=1.624 ACC=68.561 F1=47.794 Rec=48.019 Prec=47.853
Train Client4 [1/50] LR=0.0005000 loss=0.852 ACC=86.585 F1=38.734 Rec=39.152 Prec=42.518
Train Client5 [1/50] LR=0.0005000 loss=1.239 ACC=77.589 F1=56.251 Rec=56.068 Prec=57.308
Train Client6 [1/50] LR=0.0005000 loss=1.275 ACC=77.222 F1=34.068 Rec=35.567 Prec=32.734
Train Client7 [1/50] LR=0.0005000 loss=0.896 ACC=83.561 F1=38.802 Rec=38.552 Prec=42.752

Val    [1/50] LR=0.0005000 loss=2.516 ACC=58.800 F1=49.768 Rec=58.800 Prec=54.518

Test-  OSR [1/50] LR=0.0005000 ACC=36.750 F1=33.119 Rec=49.000 Prec=36.337 UNK=0.000 OS*=58.800 HOS=0.000 AUROC=53.556 AUPR=51.740 OSCR=33.026
Test-Close [1/50] LR=0.0005000 loss=2.516 ACC=58.800 F1=49.703 Rec=58.800 Prec=54.380
Saving best model . . . . . . . .

Train Client0 [2/50] LR=0.0005000 loss=0.849 ACC=84.591 F1=78.410 Rec=78.283 Prec=78.683
Train Client1 [2/50] LR=0.0005000 loss=0.978 ACC=80.571 F1=51.316 Rec=51.410 Prec=58.024
Train Client2 [2/50] LR=0.0005000 loss=0.896 ACC=84.506 F1=50.344 Rec=50.541 Prec=54.244
Train Client3 [2/50] LR=0.0005000 loss=1.418 ACC=68.939 F1=49.789 Rec=49.915 Prec=50.235
Train Client4 [2/50] LR=0.0005000 loss=0.681 ACC=88.796 F1=39.157 Rec=39.993 Prec=41.473
Train Client5 [2/50] LR=0.0005000 loss=1.059 ACC=80.536 F1=60.153 Rec=59.665 Prec=61.266
Train Client6 [2/50] LR=0.0005000 loss=1.291 ACC=80.000 F1=43.640 Rec=45.094 Prec=43.097
Train Client7 [2/50] LR=0.0005000 loss=0.763 ACC=86.515 F1=42.880 Rec=42.848 Prec=46.373

Val    [2/50] LR=0.0005000 loss=2.271 ACC=69.657 F1=63.109 Rec=69.657 Prec=61.781

Test-  OSR [2/50] LR=0.0005000 ACC=42.821 F1=44.347 Rec=57.095 Prec=42.723 UNK=0.000 OS*=68.514 HOS=0.000 AUROC=71.508 AUPR=60.784 OSCR=52.325
Test-Close [2/50] LR=0.0005000 loss=2.280 ACC=68.514 F1=61.866 Rec=68.514 Prec=60.841
Saving best model . . . . . . . .

Train Client0 [3/50] LR=0.0005000 loss=0.633 ACC=87.177 F1=81.129 Rec=81.069 Prec=81.206
Train Client1 [3/50] LR=0.0005000 loss=0.843 ACC=81.581 F1=52.623 Rec=53.148 Prec=56.869
Train Client2 [3/50] LR=0.0005000 loss=0.789 ACC=87.310 F1=54.889 Rec=54.947 Prec=56.584
Train Client3 [3/50] LR=0.0005000 loss=1.087 ACC=75.379 F1=53.717 Rec=53.943 Prec=53.525
Train Client4 [3/50] LR=0.0005000 loss=0.642 ACC=88.034 F1=39.561 Rec=40.335 Prec=41.088
Train Client5 [3/50] LR=0.0005000 loss=0.928 ACC=82.946 F1=67.500 Rec=66.509 Prec=69.019
Train Client6 [3/50] LR=0.0005000 loss=1.115 ACC=81.944 F1=49.666 Rec=50.138 Prec=49.301
Train Client7 [3/50] LR=0.0005000 loss=0.583 ACC=89.242 F1=45.583 Rec=45.997 Prec=46.422

Val    [3/50] LR=0.0005000 loss=2.182 ACC=75.371 F1=68.743 Rec=75.371 Prec=65.755

Test-  OSR [3/50] LR=0.0005000 ACC=46.036 F1=46.847 Rec=61.381 Prec=43.317 UNK=0.000 OS*=73.657 HOS=0.000 AUROC=72.628 AUPR=56.448 OSCR=55.811
Test-Close [3/50] LR=0.0005000 loss=2.195 ACC=73.657 F1=67.049 Rec=73.657 Prec=64.375
Saving best model . . . . . . . .

Train Client0 [4/50] LR=0.0005000 loss=0.598 ACC=88.847 F1=83.742 Rec=83.673 Prec=83.885
Train Client1 [4/50] LR=0.0005000 loss=0.807 ACC=82.173 F1=54.785 Rec=55.060 Prec=59.560
Train Client2 [4/50] LR=0.0005000 loss=0.707 ACC=87.880 F1=57.917 Rec=58.182 Prec=58.102
Train Client3 [4/50] LR=0.0005000 loss=0.874 ACC=78.409 F1=54.173 Rec=54.376 Prec=53.978
Train Client4 [4/50] LR=0.0005000 loss=0.575 ACC=89.634 F1=46.670 Rec=46.245 Prec=53.137
Train Client5 [4/50] LR=0.0005000 loss=0.737 ACC=86.071 F1=64.422 Rec=64.132 Prec=64.940
Train Client6 [4/50] LR=0.0005000 loss=1.101 ACC=80.556 F1=41.878 Rec=44.739 Prec=39.624
Train Client7 [4/50] LR=0.0005000 loss=0.561 ACC=89.470 F1=47.042 Rec=47.312 Prec=47.823

Val    [4/50] LR=0.0005000 loss=2.139 ACC=74.629 F1=67.969 Rec=74.629 Prec=65.341

Test-  OSR [4/50] LR=0.0005000 ACC=46.321 F1=46.655 Rec=61.762 Prec=42.525 UNK=0.000 OS*=74.114 HOS=0.000 AUROC=77.939 AUPR=64.363 OSCR=62.283
Test-Close [4/50] LR=0.0005000 loss=2.152 ACC=74.114 F1=67.430 Rec=74.114 Prec=64.876
Saving best model . . . . . . . .

Train Client0 [5/50] LR=0.0005000 loss=0.516 ACC=90.625 F1=86.300 Rec=86.395 Prec=86.227
Train Client1 [5/50] LR=0.0005000 loss=0.751 ACC=83.948 F1=61.289 Rec=60.059 Prec=71.798
Train Client2 [5/50] LR=0.0005000 loss=0.671 ACC=89.211 F1=61.845 Rec=61.601 Prec=64.641
Train Client3 [5/50] LR=0.0005000 loss=0.852 ACC=82.197 F1=59.278 Rec=59.607 Prec=59.633
Train Client4 [5/50] LR=0.0005000 loss=0.480 ACC=90.777 F1=50.899 Rec=50.090 Prec=56.085
Train Client5 [5/50] LR=0.0005000 loss=0.721 ACC=89.018 F1=67.707 Rec=66.921 Prec=69.005
Train Client6 [5/50] LR=0.0005000 loss=0.894 ACC=85.556 F1=53.009 Rec=56.233 Prec=50.741
Train Client7 [5/50] LR=0.0005000 loss=0.570 ACC=90.152 F1=48.660 Rec=48.862 Prec=49.285

Val    [5/50] LR=0.0005000 loss=2.009 ACC=78.914 F1=74.979 Rec=78.914 Prec=85.553

Test-  OSR [5/50] LR=0.0005000 ACC=48.750 F1=50.492 Rec=65.000 Prec=44.405 UNK=0.000 OS*=78.000 HOS=0.000 AUROC=80.708 AUPR=63.649 OSCR=68.060
Test-Close [5/50] LR=0.0005000 loss=2.027 ACC=78.000 F1=73.290 Rec=78.000 Prec=84.616
Saving best model . . . . . . . .

Saving model at epoch 5 . . . . . . . .

Train Client0 [6/50] LR=0.0005000 loss=0.459 ACC=91.810 F1=88.076 Rec=88.010 Prec=88.205
Train Client1 [6/50] LR=0.0005000 loss=0.696 ACC=84.923 F1=62.506 Rec=62.177 Prec=67.678
Train Client2 [6/50] LR=0.0005000 loss=0.605 ACC=89.971 F1=62.556 Rec=62.819 Prec=62.499
Train Client3 [6/50] LR=0.0005000 loss=0.756 ACC=86.364 F1=69.256 Rec=68.277 Prec=71.461
Train Client4 [6/50] LR=0.0005000 loss=0.400 ACC=92.149 F1=65.625 Rec=64.028 Prec=70.039
Train Client5 [6/50] LR=0.0005000 loss=0.621 ACC=89.196 F1=67.510 Rec=66.981 Prec=68.348
Train Client6 [6/50] LR=0.0005000 loss=0.924 ACC=84.167 F1=56.979 Rec=64.981 Prec=52.560
Train Client7 [6/50] LR=0.0005000 loss=0.497 ACC=90.758 F1=50.006 Rec=49.337 Prec=54.393

Val    [6/50] LR=0.0005000 loss=1.982 ACC=79.943 F1=76.815 Rec=79.943 Prec=85.530

Test-  OSR [6/50] LR=0.0005000 ACC=48.893 F1=51.676 Rec=65.190 Prec=46.782 UNK=0.000 OS*=78.229 HOS=0.000 AUROC=76.740 AUPR=58.301 OSCR=66.376
Test-Close [6/50] LR=0.0005000 loss=2.007 ACC=78.229 F1=74.039 Rec=78.229 Prec=84.347
Train Client0 [7/50] LR=0.0005000 loss=0.463 ACC=91.756 F1=88.481 Rec=88.551 Prec=88.420
Train Client1 [7/50] LR=0.0005000 loss=0.639 ACC=85.550 F1=67.821 Rec=67.221 Prec=73.146
Train Client2 [7/50] LR=0.0005000 loss=0.543 ACC=91.207 F1=65.694 Rec=65.849 Prec=65.940
Train Client3 [7/50] LR=0.0005000 loss=0.661 ACC=83.712 F1=67.287 Rec=67.316 Prec=67.286
Train Client4 [7/50] LR=0.0005000 loss=0.441 ACC=90.701 F1=53.614 Rec=51.855 Prec=61.496
Train Client5 [7/50] LR=0.0005000 loss=0.624 ACC=90.179 F1=69.127 Rec=68.389 Prec=70.247
Train Client6 [7/50] LR=0.0005000 loss=0.830 ACC=85.833 F1=55.798 Rec=61.830 Prec=51.663
Train Client7 [7/50] LR=0.0005000 loss=0.471 ACC=90.303 F1=49.447 Rec=50.122 Prec=51.447

Val    [7/50] LR=0.0005000 loss=1.987 ACC=79.486 F1=75.492 Rec=79.486 Prec=86.477

Test-  OSR [7/50] LR=0.0005000 ACC=48.893 F1=50.348 Rec=65.190 Prec=44.200 UNK=0.000 OS*=78.229 HOS=0.000 AUROC=85.407 AUPR=74.665 OSCR=71.179
Test-Close [7/50] LR=0.0005000 loss=2.009 ACC=78.229 F1=73.332 Rec=78.229 Prec=87.054
Saving best model . . . . . . . .

Train Client0 [8/50] LR=0.0005000 loss=0.386 ACC=92.565 F1=89.251 Rec=89.270 Prec=89.268
Train Client1 [8/50] LR=0.0005000 loss=0.578 ACC=87.535 F1=72.510 Rec=70.558 Prec=77.879
Train Client2 [8/50] LR=0.0005000 loss=0.485 ACC=91.873 F1=67.154 Rec=67.595 Prec=67.873
Train Client3 [8/50] LR=0.0005000 loss=0.679 ACC=86.742 F1=71.843 Rec=71.816 Prec=72.035
Train Client4 [8/50] LR=0.0005000 loss=0.400 ACC=91.845 F1=58.730 Rec=57.162 Prec=61.663
Train Client5 [8/50] LR=0.0005000 loss=0.544 ACC=91.161 F1=70.443 Rec=69.775 Prec=71.452
Train Client6 [8/50] LR=0.0005000 loss=0.759 ACC=85.833 F1=61.922 Rec=62.705 Prec=65.883
Train Client7 [8/50] LR=0.0005000 loss=0.401 ACC=91.970 F1=53.882 Rec=54.486 Prec=56.322

Val    [8/50] LR=0.0005000 loss=1.926 ACC=86.114 F1=85.227 Rec=86.114 Prec=89.799

Test-  OSR [8/50] LR=0.0005000 ACC=52.857 F1=56.558 Rec=70.476 Prec=49.558 UNK=0.000 OS*=84.571 HOS=0.000 AUROC=82.065 AUPR=71.023 OSCR=73.535
Test-Close [8/50] LR=0.0005000 loss=1.947 ACC=84.571 F1=83.506 Rec=84.571 Prec=88.468
Saving best model . . . . . . . .

Train Client0 [9/50] LR=0.0005000 loss=0.393 ACC=92.457 F1=88.857 Rec=88.943 Prec=88.787
Train Client1 [9/50] LR=0.0005000 loss=0.583 ACC=86.525 F1=67.884 Rec=66.466 Prec=72.404
Train Client2 [9/50] LR=0.0005000 loss=0.490 ACC=91.397 F1=66.393 Rec=66.724 Prec=66.219
Train Client3 [9/50] LR=0.0005000 loss=0.608 ACC=87.121 F1=65.045 Rec=65.407 Prec=66.059
Train Client4 [9/50] LR=0.0005000 loss=0.416 ACC=91.235 F1=58.323 Rec=57.203 Prec=60.840
Train Client5 [9/50] LR=0.0005000 loss=0.561 ACC=91.429 F1=70.174 Rec=69.862 Prec=70.574
Train Client6 [9/50] LR=0.0005000 loss=0.664 ACC=87.500 F1=67.335 Rec=69.279 Prec=68.363
Train Client7 [9/50] LR=0.0005000 loss=0.397 ACC=91.894 F1=58.103 Rec=56.876 Prec=60.864

Val    [9/50] LR=0.0005000 loss=1.981 ACC=82.514 F1=80.722 Rec=82.514 Prec=88.231

Test-  OSR [9/50] LR=0.0005000 ACC=50.679 F1=54.150 Rec=67.571 Prec=49.307 UNK=0.000 OS*=81.086 HOS=0.000 AUROC=78.203 AUPR=56.711 OSCR=68.043
Test-Close [9/50] LR=0.0005000 loss=2.009 ACC=81.086 F1=78.945 Rec=81.086 Prec=87.629
Train Client0 [10/50] LR=0.0005000 loss=0.325 ACC=93.750 F1=72.670 Rec=72.677 Prec=72.675
Train Client1 [10/50] LR=0.0005000 loss=0.542 ACC=88.057 F1=74.133 Rec=72.588 Prec=77.735
Train Client2 [10/50] LR=0.0005000 loss=0.478 ACC=91.968 F1=66.804 Rec=67.267 Prec=66.480
Train Client3 [10/50] LR=0.0005000 loss=0.582 ACC=88.068 F1=66.919 Rec=67.112 Prec=66.779
Train Client4 [10/50] LR=0.0005000 loss=0.368 ACC=92.302 F1=64.378 Rec=63.191 Prec=66.775
Train Client5 [10/50] LR=0.0005000 loss=0.490 ACC=91.607 F1=70.619 Rec=70.308 Prec=71.042
Train Client6 [10/50] LR=0.0005000 loss=0.596 ACC=88.333 F1=73.091 Rec=75.436 Prec=73.633
Train Client7 [10/50] LR=0.0005000 loss=0.413 ACC=92.348 F1=60.825 Rec=58.663 Prec=65.201

Val    [10/50] LR=0.0005000 loss=1.879 ACC=89.657 F1=89.408 Rec=89.657 Prec=91.371

Test-  OSR [10/50] LR=0.0005000 ACC=55.964 F1=59.526 Rec=74.619 Prec=51.293 UNK=0.000 OS*=89.543 HOS=0.000 AUROC=78.863 AUPR=65.706 OSCR=74.006
Test-Close [10/50] LR=0.0005000 loss=1.897 ACC=89.543 F1=89.373 Rec=89.543 Prec=90.912
Saving best model . . . . . . . .

Saving model at epoch 10 . . . . . . . .

>> New learning Rate: 0.00025
Train Client0 [11/50] LR=0.0002500 loss=0.206 ACC=96.390 F1=75.914 Rec=75.972 Prec=75.861
Train Client1 [11/50] LR=0.0002500 loss=0.402 ACC=91.748 F1=82.936 Rec=80.929 Prec=86.095
Train Client2 [11/50] LR=0.0002500 loss=0.332 ACC=94.344 F1=76.540 Rec=75.986 Prec=80.490
Train Client3 [11/50] LR=0.0002500 loss=0.429 ACC=90.530 F1=78.103 Rec=79.439 Prec=77.284
Train Client4 [11/50] LR=0.0002500 loss=0.309 ACC=92.835 F1=66.284 Rec=66.938 Prec=65.714
Train Client5 [11/50] LR=0.0002500 loss=0.296 ACC=95.357 F1=80.252 Rec=80.289 Prec=80.222
Train Client6 [11/50] LR=0.0002500 loss=0.496 ACC=87.500 F1=69.493 Rec=74.061 Prec=66.404
Train Client7 [11/50] LR=0.0002500 loss=0.272 ACC=94.545 F1=67.264 Rec=66.435 Prec=68.272

Val    [11/50] LR=0.0002500 loss=1.834 ACC=90.800 F1=90.583 Rec=90.800 Prec=92.396

Test-  OSR [11/50] LR=0.0002500 ACC=56.214 F1=59.415 Rec=74.952 Prec=50.417 UNK=0.000 OS*=89.943 HOS=0.000 AUROC=82.189 AUPR=69.561 OSCR=77.485
Test-Close [11/50] LR=0.0002500 loss=1.847 ACC=89.943 F1=89.751 Rec=89.943 Prec=91.313
Saving best model . . . . . . . .

Train Client0 [12/50] LR=0.0002500 loss=0.185 ACC=96.552 F1=76.359 Rec=76.346 Prec=76.380
Train Client1 [12/50] LR=0.0002500 loss=0.344 ACC=92.862 F1=83.745 Rec=82.415 Prec=85.927
Train Client2 [12/50] LR=0.0002500 loss=0.294 ACC=94.819 F1=78.069 Rec=77.395 Prec=82.523
Train Client3 [12/50] LR=0.0002500 loss=0.397 ACC=93.182 F1=85.407 Rec=85.395 Prec=85.481
Train Client4 [12/50] LR=0.0002500 loss=0.306 ACC=92.607 F1=69.986 Rec=71.346 Prec=70.012
Train Client5 [12/50] LR=0.0002500 loss=0.265 ACC=95.089 F1=79.574 Rec=79.325 Prec=79.842
Train Client6 [12/50] LR=0.0002500 loss=0.491 ACC=87.778 F1=71.664 Rec=79.789 Prec=68.399
Train Client7 [12/50] LR=0.0002500 loss=0.249 ACC=94.697 F1=66.845 Rec=65.541 Prec=68.652

Val    [12/50] LR=0.0002500 loss=1.828 ACC=90.971 F1=90.773 Rec=90.971 Prec=92.513

Test-  OSR [12/50] LR=0.0002500 ACC=56.750 F1=60.642 Rec=75.667 Prec=52.338 UNK=0.000 OS*=90.800 HOS=0.000 AUROC=82.428 AUPR=71.203 OSCR=77.901
Test-Close [12/50] LR=0.0002500 loss=1.833 ACC=90.800 F1=90.636 Rec=90.800 Prec=92.152
Saving best model . . . . . . . .

Train Client0 [13/50] LR=0.0002500 loss=0.176 ACC=96.659 F1=76.257 Rec=76.232 Prec=76.286
Train Client1 [13/50] LR=0.0002500 loss=0.340 ACC=93.315 F1=86.417 Rec=85.580 Prec=87.724
Train Client2 [13/50] LR=0.0002500 loss=0.280 ACC=94.392 F1=77.742 Rec=77.014 Prec=80.037
Train Client3 [13/50] LR=0.0002500 loss=0.339 ACC=93.182 F1=82.079 Rec=81.213 Prec=83.395
Train Client4 [13/50] LR=0.0002500 loss=0.246 ACC=94.970 F1=76.086 Rec=76.556 Prec=75.636
Train Client5 [13/50] LR=0.0002500 loss=0.263 ACC=96.161 F1=75.736 Rec=75.699 Prec=75.783
Train Client6 [13/50] LR=0.0002500 loss=0.444 ACC=92.222 F1=81.206 Rec=83.119 Prec=80.320
Train Client7 [13/50] LR=0.0002500 loss=0.259 ACC=95.227 F1=67.973 Rec=66.668 Prec=69.718

Val    [13/50] LR=0.0002500 loss=1.800 ACC=92.057 F1=91.899 Rec=92.057 Prec=93.371

Test-  OSR [13/50] LR=0.0002500 ACC=57.750 F1=61.898 Rec=77.000 Prec=53.974 UNK=0.000 OS*=92.400 HOS=0.000 AUROC=84.153 AUPR=72.065 OSCR=80.526
Test-Close [13/50] LR=0.0002500 loss=1.803 ACC=92.400 F1=92.297 Rec=92.400 Prec=93.418
Saving best model . . . . . . . .

Train Client0 [14/50] LR=0.0002500 loss=0.151 ACC=96.983 F1=76.558 Rec=76.585 Prec=76.537
Train Client1 [14/50] LR=0.0002500 loss=0.328 ACC=93.106 F1=85.592 Rec=84.245 Prec=87.591
Train Client2 [14/50] LR=0.0002500 loss=0.276 ACC=95.057 F1=80.464 Rec=79.330 Prec=83.170
Train Client3 [14/50] LR=0.0002500 loss=0.363 ACC=92.992 F1=80.441 Rec=82.276 Prec=79.442
Train Client4 [14/50] LR=0.0002500 loss=0.244 ACC=94.665 F1=72.824 Rec=72.695 Prec=73.121
Train Client5 [14/50] LR=0.0002500 loss=0.198 ACC=96.071 F1=80.042 Rec=80.925 Prec=79.494
Train Client6 [14/50] LR=0.0002500 loss=0.325 ACC=93.889 F1=82.382 Rec=86.508 Prec=81.097
Train Client7 [14/50] LR=0.0002500 loss=0.240 ACC=96.136 F1=70.584 Rec=68.516 Prec=73.728

Val    [14/50] LR=0.0002500 loss=1.780 ACC=93.086 F1=92.991 Rec=93.086 Prec=94.005

Test-  OSR [14/50] LR=0.0002500 ACC=58.179 F1=62.256 Rec=77.571 Prec=53.870 UNK=0.000 OS*=93.086 HOS=0.000 AUROC=81.746 AUPR=68.242 OSCR=79.095
Test-Close [14/50] LR=0.0002500 loss=1.785 ACC=93.086 F1=93.035 Rec=93.086 Prec=93.747
Train Client0 [15/50] LR=0.0002500 loss=0.143 ACC=97.144 F1=76.650 Rec=76.614 Prec=76.690
Train Client1 [15/50] LR=0.0002500 loss=0.301 ACC=93.698 F1=87.669 Rec=86.507 Prec=89.368
Train Client2 [15/50] LR=0.0002500 loss=0.283 ACC=94.534 F1=78.648 Rec=77.854 Prec=81.510
Train Client3 [15/50] LR=0.0002500 loss=0.266 ACC=94.508 F1=83.768 Rec=82.908 Prec=84.933
Train Client4 [15/50] LR=0.0002500 loss=0.251 ACC=94.131 F1=76.620 Rec=82.080 Prec=74.631
Train Client5 [15/50] LR=0.0002500 loss=0.207 ACC=96.071 F1=75.978 Rec=76.148 Prec=75.812
Train Client6 [15/50] LR=0.0002500 loss=0.385 ACC=90.278 F1=79.359 Rec=85.770 Prec=76.337
Train Client7 [15/50] LR=0.0002500 loss=0.247 ACC=95.379 F1=75.637 Rec=88.995 Prec=74.305

Val    [15/50] LR=0.0002500 loss=1.747 ACC=94.857 F1=94.828 Rec=94.857 Prec=95.238

Test-  OSR [15/50] LR=0.0002500 ACC=59.536 F1=64.094 Rec=79.381 Prec=55.996 UNK=0.000 OS*=95.257 HOS=0.000 AUROC=81.100 AUPR=70.441 OSCR=79.180
Test-Close [15/50] LR=0.0002500 loss=1.751 ACC=95.257 F1=95.240 Rec=95.257 Prec=95.495
Saving model at epoch 15 . . . . . . . .

Train Client0 [16/50] LR=0.0002500 loss=0.144 ACC=97.198 F1=76.876 Rec=76.811 Prec=76.940
Train Client1 [16/50] LR=0.0002500 loss=0.284 ACC=94.429 F1=88.185 Rec=87.053 Prec=89.728
Train Client2 [16/50] LR=0.0002500 loss=0.262 ACC=94.867 F1=79.151 Rec=78.284 Prec=82.089
Train Client3 [16/50] LR=0.0002500 loss=0.270 ACC=95.076 F1=83.022 Rec=81.000 Prec=87.378
Train Client4 [16/50] LR=0.0002500 loss=0.257 ACC=94.588 F1=75.308 Rec=76.641 Prec=74.097
Train Client5 [16/50] LR=0.0002500 loss=0.209 ACC=96.161 F1=75.810 Rec=75.819 Prec=75.803
Train Client6 [16/50] LR=0.0002500 loss=0.392 ACC=92.500 F1=81.673 Rec=85.337 Prec=81.190
Train Client7 [16/50] LR=0.0002500 loss=0.181 ACC=96.818 F1=86.167 Rec=92.255 Prec=83.475

Val    [16/50] LR=0.0002500 loss=1.758 ACC=93.657 F1=93.589 Rec=93.657 Prec=94.391

Test-  OSR [16/50] LR=0.0002500 ACC=58.857 F1=62.925 Rec=78.476 Prec=54.306 UNK=0.000 OS*=94.171 HOS=0.000 AUROC=82.531 AUPR=71.737 OSCR=80.111
Test-Close [16/50] LR=0.0002500 loss=1.761 ACC=94.171 F1=94.127 Rec=94.171 Prec=94.710
Train Client0 [17/50] LR=0.0002500 loss=0.106 ACC=97.791 F1=77.506 Rec=77.484 Prec=77.536
Train Client1 [17/50] LR=0.0002500 loss=0.262 ACC=94.325 F1=88.508 Rec=86.935 Prec=90.524
Train Client2 [17/50] LR=0.0002500 loss=0.242 ACC=95.152 F1=80.297 Rec=78.814 Prec=84.775
Train Client3 [17/50] LR=0.0002500 loss=0.323 ACC=94.886 F1=85.618 Rec=87.374 Prec=84.470
Train Client4 [17/50] LR=0.0002500 loss=0.215 ACC=95.122 F1=78.338 Rec=79.707 Prec=77.160
Train Client5 [17/50] LR=0.0002500 loss=0.188 ACC=96.696 F1=82.240 Rec=81.496 Prec=83.222
Train Client6 [17/50] LR=0.0002500 loss=0.395 ACC=90.278 F1=77.396 Rec=81.822 Prec=75.974
Train Client7 [17/50] LR=0.0002500 loss=0.200 ACC=96.136 F1=70.136 Rec=68.970 Prec=71.611

Val    [17/50] LR=0.0002500 loss=1.758 ACC=93.600 F1=93.534 Rec=93.600 Prec=94.356

Test-  OSR [17/50] LR=0.0002500 ACC=58.857 F1=62.867 Rec=78.476 Prec=54.368 UNK=0.000 OS*=94.171 HOS=0.000 AUROC=81.547 AUPR=69.684 OSCR=79.327
Test-Close [17/50] LR=0.0002500 loss=1.758 ACC=94.171 F1=94.138 Rec=94.171 Prec=94.692
Train Client0 [18/50] LR=0.0002500 loss=0.129 ACC=97.683 F1=77.373 Rec=77.428 Prec=77.322
Train Client1 [18/50] LR=0.0002500 loss=0.292 ACC=94.325 F1=88.135 Rec=86.741 Prec=89.953
Train Client2 [18/50] LR=0.0002500 loss=0.256 ACC=95.105 F1=80.691 Rec=79.818 Prec=83.556
Train Client3 [18/50] LR=0.0002500 loss=0.216 ACC=95.265 F1=88.930 Rec=90.150 Prec=87.907
Train Client4 [18/50] LR=0.0002500 loss=0.199 ACC=95.732 F1=81.097 Rec=82.057 Prec=80.665
Train Client5 [18/50] LR=0.0002500 loss=0.167 ACC=97.054 F1=81.570 Rec=82.106 Prec=81.146
Train Client6 [18/50] LR=0.0002500 loss=0.265 ACC=94.167 F1=85.478 Rec=91.175 Prec=82.552
Train Client7 [18/50] LR=0.0002500 loss=0.187 ACC=96.742 F1=82.519 Rec=91.507 Prec=80.362

Val    [18/50] LR=0.0002500 loss=1.729 ACC=95.657 F1=95.643 Rec=95.657 Prec=95.883

Test-  OSR [18/50] LR=0.0002500 ACC=59.571 F1=64.027 Rec=79.429 Prec=55.888 UNK=0.000 OS*=95.314 HOS=0.000 AUROC=83.045 AUPR=73.222 OSCR=81.220
Test-Close [18/50] LR=0.0002500 loss=1.734 ACC=95.314 F1=95.300 Rec=95.314 Prec=95.542
Saving best model . . . . . . . .

Train Client0 [19/50] LR=0.0002500 loss=0.114 ACC=97.629 F1=77.259 Rec=77.309 Prec=77.210
Train Client1 [19/50] LR=0.0002500 loss=0.251 ACC=95.056 F1=90.340 Rec=89.696 Prec=91.516
Train Client2 [19/50] LR=0.0002500 loss=0.239 ACC=95.295 F1=79.662 Rec=78.646 Prec=82.735
Train Client3 [19/50] LR=0.0002500 loss=0.205 ACC=96.591 F1=87.331 Rec=89.829 Prec=85.738
Train Client4 [19/50] LR=0.0002500 loss=0.216 ACC=95.732 F1=83.836 Rec=81.151 Prec=87.929
Train Client5 [19/50] LR=0.0002500 loss=0.218 ACC=96.607 F1=76.273 Rec=76.360 Prec=76.188
Train Client6 [19/50] LR=0.0002500 loss=0.207 ACC=95.000 F1=90.042 Rec=92.899 Prec=87.578
Train Client7 [19/50] LR=0.0002500 loss=0.188 ACC=96.515 F1=84.886 Rec=90.727 Prec=82.533

Val    [19/50] LR=0.0002500 loss=1.746 ACC=94.686 F1=94.634 Rec=94.686 Prec=95.364

Test-  OSR [19/50] LR=0.0002500 ACC=59.214 F1=63.179 Rec=78.952 Prec=54.729 UNK=0.000 OS*=94.743 HOS=0.000 AUROC=84.597 AUPR=74.006 OSCR=82.301
Test-Close [19/50] LR=0.0002500 loss=1.749 ACC=94.743 F1=94.715 Rec=94.743 Prec=95.218
Saving best model . . . . . . . .

Train Client0 [20/50] LR=0.0002500 loss=0.131 ACC=97.683 F1=77.474 Rec=77.460 Prec=77.494
Train Client1 [20/50] LR=0.0002500 loss=0.249 ACC=95.369 F1=91.132 Rec=89.791 Prec=92.883
Train Client2 [20/50] LR=0.0002500 loss=0.234 ACC=95.295 F1=80.895 Rec=79.376 Prec=85.137
Train Client3 [20/50] LR=0.0002500 loss=0.234 ACC=96.212 F1=90.115 Rec=88.934 Prec=91.597
Train Client4 [20/50] LR=0.0002500 loss=0.189 ACC=95.884 F1=80.056 Rec=80.966 Prec=79.504
Train Client5 [20/50] LR=0.0002500 loss=0.156 ACC=97.054 F1=77.029 Rec=77.000 Prec=77.059
Train Client6 [20/50] LR=0.0002500 loss=0.189 ACC=95.833 F1=91.810 Rec=93.879 Prec=90.056
Train Client7 [20/50] LR=0.0002500 loss=0.181 ACC=96.667 F1=91.165 Rec=90.200 Prec=92.694

Val    [20/50] LR=0.0002500 loss=1.761 ACC=94.057 F1=93.944 Rec=94.057 Prec=95.242

Test-  OSR [20/50] LR=0.0002500 ACC=59.071 F1=63.273 Rec=78.762 Prec=55.100 UNK=0.000 OS*=94.514 HOS=0.000 AUROC=87.305 AUPR=77.989 OSCR=84.525
Test-Close [20/50] LR=0.0002500 loss=1.755 ACC=94.514 F1=94.439 Rec=94.514 Prec=95.427
Saving best model . . . . . . . .

Saving model at epoch 20 . . . . . . . .

Train Client0 [21/50] LR=0.0002500 loss=0.097 ACC=98.060 F1=97.139 Rec=97.132 Prec=97.147
Train Client1 [21/50] LR=0.0002500 loss=0.248 ACC=94.916 F1=89.973 Rec=89.430 Prec=90.980
Train Client2 [21/50] LR=0.0002500 loss=0.232 ACC=95.247 F1=80.059 Rec=78.953 Prec=83.250
Train Client3 [21/50] LR=0.0002500 loss=0.282 ACC=94.318 F1=85.215 Rec=89.853 Prec=82.815
Train Client4 [21/50] LR=0.0002500 loss=0.216 ACC=95.884 F1=83.956 Rec=84.301 Prec=83.753
Train Client5 [21/50] LR=0.0002500 loss=0.146 ACC=97.500 F1=82.303 Rec=82.235 Prec=82.372
Train Client6 [21/50] LR=0.0002500 loss=0.204 ACC=95.833 F1=88.721 Rec=88.065 Prec=89.904
Train Client7 [21/50] LR=0.0002500 loss=0.183 ACC=96.439 F1=71.602 Rec=71.203 Prec=72.048

Val    [21/50] LR=0.0002500 loss=1.728 ACC=95.486 F1=95.451 Rec=95.486 Prec=95.994

Test-  OSR [21/50] LR=0.0002500 ACC=59.821 F1=63.459 Rec=79.762 Prec=54.338 UNK=0.000 OS*=95.714 HOS=0.000 AUROC=84.609 AUPR=73.813 OSCR=82.806
Test-Close [21/50] LR=0.0002500 loss=1.729 ACC=95.714 F1=95.691 Rec=95.714 Prec=96.131
Train Client0 [22/50] LR=0.0002500 loss=0.120 ACC=97.575 F1=77.282 Rec=77.293 Prec=77.272
Train Client1 [22/50] LR=0.0002500 loss=0.238 ACC=95.195 F1=90.082 Rec=88.714 Prec=92.013
Train Client2 [22/50] LR=0.0002500 loss=0.224 ACC=96.055 F1=84.625 Rec=82.811 Prec=88.084
Train Client3 [22/50] LR=0.0002500 loss=0.298 ACC=95.455 F1=86.529 Rec=88.308 Prec=85.259
Train Client4 [22/50] LR=0.0002500 loss=0.205 ACC=95.503 F1=80.976 Rec=81.558 Prec=80.530
Train Client5 [22/50] LR=0.0002500 loss=0.169 ACC=97.054 F1=82.052 Rec=82.121 Prec=81.985
Train Client6 [22/50] LR=0.0002500 loss=0.239 ACC=95.556 F1=92.494 Rec=92.838 Prec=92.263
Train Client7 [22/50] LR=0.0002500 loss=0.206 ACC=95.833 F1=77.800 Rec=88.709 Prec=76.543

Val    [22/50] LR=0.0002500 loss=1.726 ACC=95.771 F1=95.749 Rec=95.771 Prec=96.149

Test-  OSR [22/50] LR=0.0002500 ACC=60.036 F1=64.695 Rec=80.048 Prec=56.811 UNK=0.000 OS*=96.057 HOS=0.000 AUROC=84.959 AUPR=76.786 OSCR=83.188
Test-Close [22/50] LR=0.0002500 loss=1.722 ACC=96.057 F1=96.042 Rec=96.057 Prec=96.334
>> New learning Rate: 0.000125
Train Client0 [23/50] LR=0.0001250 loss=0.043 ACC=99.030 F1=78.938 Rec=78.912 Prec=78.964
Train Client1 [23/50] LR=0.0001250 loss=0.166 ACC=97.145 F1=94.026 Rec=93.376 Prec=94.912
Train Client2 [23/50] LR=0.0001250 loss=0.176 ACC=95.580 F1=83.095 Rec=82.524 Prec=84.018
Train Client3 [23/50] LR=0.0001250 loss=0.173 ACC=96.970 F1=88.908 Rec=89.844 Prec=88.214
Train Client4 [23/50] LR=0.0001250 loss=0.205 ACC=94.512 F1=79.623 Rec=87.004 Prec=77.249
Train Client5 [23/50] LR=0.0001250 loss=0.103 ACC=98.036 F1=84.824 Rec=88.389 Prec=82.957
Train Client6 [23/50] LR=0.0001250 loss=0.209 ACC=95.278 F1=92.493 Rec=94.773 Prec=90.559
Train Client7 [23/50] LR=0.0001250 loss=0.135 ACC=97.424 F1=87.355 Rec=93.376 Prec=84.755

Val    [23/50] LR=0.0001250 loss=1.733 ACC=94.686 F1=94.621 Rec=94.686 Prec=95.496

Test-  OSR [23/50] LR=0.0001250 ACC=59.536 F1=63.845 Rec=79.381 Prec=55.503 UNK=0.000 OS*=95.257 HOS=0.000 AUROC=87.786 AUPR=80.894 OSCR=85.408
Test-Close [23/50] LR=0.0001250 loss=1.727 ACC=95.257 F1=95.218 Rec=95.257 Prec=95.845
Saving best model . . . . . . . .

Train Client0 [24/50] LR=0.0001250 loss=0.050 ACC=99.138 F1=79.075 Rec=79.127 Prec=79.025
Train Client1 [24/50] LR=0.0001250 loss=0.187 ACC=96.518 F1=92.601 Rec=92.076 Prec=93.423
Train Client2 [24/50] LR=0.0001250 loss=0.174 ACC=96.150 F1=86.139 Rec=85.199 Prec=87.550
Train Client3 [24/50] LR=0.0001250 loss=0.135 ACC=97.348 F1=89.004 Rec=90.771 Prec=87.812
Train Client4 [24/50] LR=0.0001250 loss=0.190 ACC=95.579 F1=81.908 Rec=88.956 Prec=79.327
Train Client5 [24/50] LR=0.0001250 loss=0.074 ACC=98.125 F1=83.702 Rec=88.136 Prec=82.244
Train Client6 [24/50] LR=0.0001250 loss=0.168 ACC=97.222 F1=94.054 Rec=97.303 Prec=91.208
Train Client7 [24/50] LR=0.0001250 loss=0.125 ACC=97.955 F1=83.182 Rec=94.886 Prec=80.540

Val    [24/50] LR=0.0001250 loss=1.723 ACC=95.314 F1=95.277 Rec=95.314 Prec=95.860

Test-  OSR [24/50] LR=0.0001250 ACC=59.857 F1=64.157 Rec=79.810 Prec=55.716 UNK=0.000 OS*=95.771 HOS=0.000 AUROC=87.555 AUPR=80.548 OSCR=85.417
Test-Close [24/50] LR=0.0001250 loss=1.720 ACC=95.771 F1=95.747 Rec=95.771 Prec=96.184
Saving best model . . . . . . . .

Train Client0 [25/50] LR=0.0001250 loss=0.045 ACC=98.976 F1=78.868 Rec=78.848 Prec=78.888
Train Client1 [25/50] LR=0.0001250 loss=0.165 ACC=96.762 F1=93.313 Rec=92.600 Prec=94.304
Train Client2 [25/50] LR=0.0001250 loss=0.175 ACC=96.578 F1=87.510 Rec=86.446 Prec=88.908
Train Client3 [25/50] LR=0.0001250 loss=0.174 ACC=97.159 F1=92.430 Rec=96.256 Prec=89.997
Train Client4 [25/50] LR=0.0001250 loss=0.194 ACC=95.884 F1=80.593 Rec=86.804 Prec=79.185
Train Client5 [25/50] LR=0.0001250 loss=0.107 ACC=98.125 F1=86.919 Rec=88.239 Prec=85.836
Train Client6 [25/50] LR=0.0001250 loss=0.160 ACC=97.778 F1=94.682 Rec=98.077 Prec=91.864
Train Client7 [25/50] LR=0.0001250 loss=0.136 ACC=97.045 F1=83.378 Rec=93.066 Prec=80.721

Val    [25/50] LR=0.0001250 loss=1.726 ACC=94.971 F1=94.915 Rec=94.971 Prec=95.702

Test-  OSR [25/50] LR=0.0001250 ACC=59.786 F1=64.199 Rec=79.714 Prec=56.046 UNK=0.000 OS*=95.657 HOS=0.000 AUROC=87.214 AUPR=79.293 OSCR=85.091
Test-Close [25/50] LR=0.0001250 loss=1.721 ACC=95.657 F1=95.624 Rec=95.657 Prec=96.194
Saving model at epoch 25 . . . . . . . .

Train Client0 [26/50] LR=0.0001250 loss=0.053 ACC=99.138 F1=79.140 Rec=79.131 Prec=79.150
Train Client1 [26/50] LR=0.0001250 loss=0.163 ACC=97.040 F1=94.405 Rec=93.580 Prec=95.582
Train Client2 [26/50] LR=0.0001250 loss=0.160 ACC=96.483 F1=87.197 Rec=86.322 Prec=88.522
Train Client3 [26/50] LR=0.0001250 loss=0.187 ACC=96.212 F1=92.223 Rec=95.005 Prec=90.413
Train Client4 [26/50] LR=0.0001250 loss=0.172 ACC=95.808 F1=82.782 Rec=88.851 Prec=80.253
Train Client5 [26/50] LR=0.0001250 loss=0.082 ACC=98.304 F1=85.110 Rec=88.164 Prec=83.728
Train Client6 [26/50] LR=0.0001250 loss=0.181 ACC=95.556 F1=90.396 Rec=95.117 Prec=86.764
Train Client7 [26/50] LR=0.0001250 loss=0.148 ACC=97.348 F1=84.235 Rec=94.350 Prec=80.819

Val    [26/50] LR=0.0001250 loss=1.734 ACC=94.743 F1=94.678 Rec=94.743 Prec=95.576

Test-  OSR [26/50] LR=0.0001250 ACC=59.464 F1=63.943 Rec=79.286 Prec=55.774 UNK=0.000 OS*=95.143 HOS=0.000 AUROC=86.200 AUPR=78.398 OSCR=83.890
Test-Close [26/50] LR=0.0001250 loss=1.728 ACC=95.143 F1=95.098 Rec=95.143 Prec=95.793
Train Client0 [27/50] LR=0.0001250 loss=0.055 ACC=98.815 F1=78.889 Rec=78.919 Prec=78.861
Train Client1 [27/50] LR=0.0001250 loss=0.174 ACC=96.692 F1=93.717 Rec=92.713 Prec=95.036
Train Client2 [27/50] LR=0.0001250 loss=0.164 ACC=96.388 F1=86.589 Rec=85.981 Prec=87.579
Train Client3 [27/50] LR=0.0001250 loss=0.140 ACC=97.727 F1=93.729 Rec=93.693 Prec=93.900
Train Client4 [27/50] LR=0.0001250 loss=0.180 ACC=96.341 F1=82.822 Rec=87.738 Prec=80.589
Train Client5 [27/50] LR=0.0001250 loss=0.054 ACC=98.482 F1=85.293 Rec=88.550 Prec=83.706
Train Client6 [27/50] LR=0.0001250 loss=0.206 ACC=94.444 F1=90.149 Rec=93.753 Prec=87.222
Train Client7 [27/50] LR=0.0001250 loss=0.119 ACC=97.576 F1=88.012 Rec=95.376 Prec=84.019

Val    [27/50] LR=0.0001250 loss=1.717 ACC=95.429 F1=95.389 Rec=95.429 Prec=95.982

Test-  OSR [27/50] LR=0.0001250 ACC=59.964 F1=64.309 Rec=79.952 Prec=56.027 UNK=0.000 OS*=95.943 HOS=0.000 AUROC=88.399 AUPR=81.286 OSCR=86.410
Test-Close [27/50] LR=0.0001250 loss=1.713 ACC=95.943 F1=95.917 Rec=95.943 Prec=96.383
Saving best model . . . . . . . .

Train Client0 [28/50] LR=0.0001250 loss=0.062 ACC=99.030 F1=79.043 Rec=79.006 Prec=79.082
Train Client1 [28/50] LR=0.0001250 loss=0.174 ACC=96.831 F1=93.445 Rec=92.391 Prec=94.839
Train Client2 [28/50] LR=0.0001250 loss=0.167 ACC=96.008 F1=85.040 Rec=84.203 Prec=86.349
Train Client3 [28/50] LR=0.0001250 loss=0.121 ACC=97.348 F1=96.224 Rec=96.205 Prec=96.275
Train Client4 [28/50] LR=0.0001250 loss=0.131 ACC=97.180 F1=87.927 Rec=93.587 Prec=84.797
Train Client5 [28/50] LR=0.0001250 loss=0.070 ACC=98.482 F1=85.938 Rec=88.432 Prec=84.618
Train Client6 [28/50] LR=0.0001250 loss=0.173 ACC=96.944 F1=94.819 Rec=94.860 Prec=94.807
Train Client7 [28/50] LR=0.0001250 loss=0.098 ACC=98.409 F1=89.278 Rec=95.886 Prec=86.045

Val    [28/50] LR=0.0001250 loss=1.719 ACC=95.486 F1=95.442 Rec=95.486 Prec=96.139

Test-  OSR [28/50] LR=0.0001250 ACC=59.714 F1=64.602 Rec=79.619 Prec=56.842 UNK=0.000 OS*=95.543 HOS=0.000 AUROC=88.184 AUPR=81.187 OSCR=86.042
Test-Close [28/50] LR=0.0001250 loss=1.716 ACC=95.543 F1=95.510 Rec=95.543 Prec=96.057
Train Client0 [29/50] LR=0.0001250 loss=0.046 ACC=99.192 F1=79.131 Rec=79.108 Prec=79.155
Train Client1 [29/50] LR=0.0001250 loss=0.165 ACC=96.483 F1=92.905 Rec=92.290 Prec=93.746
Train Client2 [29/50] LR=0.0001250 loss=0.145 ACC=96.958 F1=89.735 Rec=89.058 Prec=90.541
Train Client3 [29/50] LR=0.0001250 loss=0.158 ACC=97.348 F1=93.801 Rec=96.529 Prec=91.821
Train Client4 [29/50] LR=0.0001250 loss=0.156 ACC=96.570 F1=87.003 Rec=89.377 Prec=85.275
Train Client5 [29/50] LR=0.0001250 loss=0.102 ACC=98.482 F1=90.560 Rec=93.702 Prec=88.428
Train Client6 [29/50] LR=0.0001250 loss=0.207 ACC=94.722 F1=91.188 Rec=96.319 Prec=87.194
Train Client7 [29/50] LR=0.0001250 loss=0.150 ACC=97.348 F1=93.015 Rec=92.890 Prec=93.285

Val    [29/50] LR=0.0001250 loss=1.729 ACC=94.971 F1=94.904 Rec=94.971 Prec=95.822

Test-  OSR [29/50] LR=0.0001250 ACC=59.607 F1=64.341 Rec=79.476 Prec=56.634 UNK=0.000 OS*=95.371 HOS=0.000 AUROC=88.665 AUPR=81.543 OSCR=86.371
Test-Close [29/50] LR=0.0001250 loss=1.721 ACC=95.371 F1=95.324 Rec=95.371 Prec=96.058
Train Client0 [30/50] LR=0.0001250 loss=0.043 ACC=99.353 F1=99.048 Rec=99.072 Prec=99.025
Train Client1 [30/50] LR=0.0001250 loss=0.151 ACC=97.458 F1=94.640 Rec=93.219 Prec=96.334
Train Client2 [30/50] LR=0.0001250 loss=0.135 ACC=96.816 F1=88.750 Rec=88.008 Prec=89.786
Train Client3 [30/50] LR=0.0001250 loss=0.132 ACC=97.917 F1=97.057 Rec=97.055 Prec=97.059
Train Client4 [30/50] LR=0.0001250 loss=0.150 ACC=96.875 F1=86.041 Rec=90.675 Prec=83.185
Train Client5 [30/50] LR=0.0001250 loss=0.110 ACC=98.839 F1=87.747 Rec=88.954 Prec=86.765
Train Client6 [30/50] LR=0.0001250 loss=0.213 ACC=95.278 F1=93.330 Rec=96.467 Prec=90.795
Train Client7 [30/50] LR=0.0001250 loss=0.128 ACC=97.803 F1=94.246 Rec=93.389 Prec=95.470

Val    [30/50] LR=0.0001250 loss=1.715 ACC=95.829 F1=95.801 Rec=95.829 Prec=96.282

Test-  OSR [30/50] LR=0.0001250 ACC=59.857 F1=64.437 Rec=79.810 Prec=56.607 UNK=0.000 OS*=95.771 HOS=0.000 AUROC=86.140 AUPR=78.572 OSCR=84.235
Test-Close [30/50] LR=0.0001250 loss=1.715 ACC=95.771 F1=95.747 Rec=95.771 Prec=96.205
Saving model at epoch 30 . . . . . . . .

Train Client0 [31/50] LR=0.0001250 loss=0.033 ACC=99.569 F1=99.351 Rec=99.346 Prec=99.357
Train Client1 [31/50] LR=0.0001250 loss=0.167 ACC=96.901 F1=94.225 Rec=93.534 Prec=95.023
Train Client2 [31/50] LR=0.0001250 loss=0.161 ACC=96.911 F1=88.881 Rec=87.868 Prec=90.307
Train Client3 [31/50] LR=0.0001250 loss=0.127 ACC=98.295 F1=96.116 Rec=97.576 Prec=94.939
Train Client4 [31/50] LR=0.0001250 loss=0.153 ACC=96.646 F1=85.617 Rec=92.112 Prec=82.901
Train Client5 [31/50] LR=0.0001250 loss=0.032 ACC=99.286 F1=88.332 Rec=89.337 Prec=87.550
Train Client6 [31/50] LR=0.0001250 loss=0.196 ACC=95.000 F1=89.465 Rec=94.434 Prec=85.740
Train Client7 [31/50] LR=0.0001250 loss=0.135 ACC=97.273 F1=73.604 Rec=73.983 Prec=73.358

Val    [31/50] LR=0.0001250 loss=1.732 ACC=94.857 F1=94.793 Rec=94.857 Prec=95.665

Test-  OSR [31/50] LR=0.0001250 ACC=59.679 F1=63.818 Rec=79.571 Prec=55.483 UNK=0.000 OS*=95.486 HOS=0.000 AUROC=88.254 AUPR=79.864 OSCR=86.065
Test-Close [31/50] LR=0.0001250 loss=1.724 ACC=95.486 F1=95.443 Rec=95.486 Prec=96.152
Train Client0 [32/50] LR=0.0001250 loss=0.040 ACC=99.030 F1=78.959 Rec=79.010 Prec=78.909
Train Client1 [32/50] LR=0.0001250 loss=0.153 ACC=97.458 F1=95.213 Rec=94.606 Prec=95.993
Train Client2 [32/50] LR=0.0001250 loss=0.171 ACC=96.340 F1=86.081 Rec=84.960 Prec=87.847
Train Client3 [32/50] LR=0.0001250 loss=0.148 ACC=97.917 F1=95.458 Rec=97.184 Prec=94.131
Train Client4 [32/50] LR=0.0001250 loss=0.143 ACC=96.951 F1=89.402 Rec=95.048 Prec=86.114
Train Client5 [32/50] LR=0.0001250 loss=0.059 ACC=98.929 F1=85.886 Rec=89.201 Prec=84.243
Train Client6 [32/50] LR=0.0001250 loss=0.180 ACC=96.667 F1=94.387 Rec=95.266 Prec=93.574
Train Client7 [32/50] LR=0.0001250 loss=0.130 ACC=97.652 F1=87.642 Rec=93.768 Prec=85.029

Val    [32/50] LR=0.0001250 loss=1.721 ACC=95.143 F1=95.092 Rec=95.143 Prec=95.843

Test-  OSR [32/50] LR=0.0001250 ACC=59.929 F1=64.433 Rec=79.905 Prec=56.343 UNK=0.000 OS*=95.886 HOS=0.000 AUROC=88.904 AUPR=81.713 OSCR=86.873
Test-Close [32/50] LR=0.0001250 loss=1.712 ACC=95.886 F1=95.853 Rec=95.886 Prec=96.443
Saving best model . . . . . . . .

Train Client0 [33/50] LR=0.0001250 loss=0.038 ACC=99.300 F1=79.204 Rec=79.191 Prec=79.220
Train Client1 [33/50] LR=0.0001250 loss=0.159 ACC=97.354 F1=94.721 Rec=94.122 Prec=95.459
Train Client2 [33/50] LR=0.0001250 loss=0.146 ACC=96.863 F1=88.677 Rec=87.983 Prec=89.598
Train Client3 [33/50] LR=0.0001250 loss=0.116 ACC=98.295 F1=92.697 Rec=94.099 Prec=91.538
Train Client4 [33/50] LR=0.0001250 loss=0.141 ACC=97.104 F1=86.740 Rec=91.130 Prec=84.133
Train Client5 [33/50] LR=0.0001250 loss=0.084 ACC=98.571 F1=87.342 Rec=88.224 Prec=86.692
Train Client6 [33/50] LR=0.0001250 loss=0.185 ACC=95.833 F1=91.720 Rec=93.578 Prec=90.192
Train Client7 [33/50] LR=0.0001250 loss=0.097 ACC=98.182 F1=88.874 Rec=95.117 Prec=86.101

Val    [33/50] LR=0.0001250 loss=1.713 ACC=95.771 F1=95.744 Rec=95.771 Prec=96.224

Test-  OSR [33/50] LR=0.0001250 ACC=60.107 F1=64.684 Rec=80.143 Prec=56.652 UNK=0.000 OS*=96.171 HOS=0.000 AUROC=87.386 AUPR=80.659 OSCR=85.569
Test-Close [33/50] LR=0.0001250 loss=1.708 ACC=96.171 F1=96.151 Rec=96.171 Prec=96.541
Train Client0 [34/50] LR=0.0001250 loss=0.031 ACC=99.407 F1=79.519 Rec=79.495 Prec=79.543
Train Client1 [34/50] LR=0.0001250 loss=0.132 ACC=97.667 F1=95.632 Rec=94.918 Prec=96.568
Train Client2 [34/50] LR=0.0001250 loss=0.140 ACC=97.196 F1=89.165 Rec=87.753 Prec=91.523
Train Client3 [34/50] LR=0.0001250 loss=0.132 ACC=97.159 F1=94.364 Rec=95.828 Prec=93.255
Train Client4 [34/50] LR=0.0001250 loss=0.133 ACC=97.332 F1=88.969 Rec=96.110 Prec=85.643
Train Client5 [34/50] LR=0.0001250 loss=0.052 ACC=98.929 F1=87.862 Rec=89.140 Prec=86.814
Train Client6 [34/50] LR=0.0001250 loss=0.089 ACC=98.333 F1=97.373 Rec=98.038 Prec=96.737
Train Client7 [34/50] LR=0.0001250 loss=0.109 ACC=97.879 F1=88.389 Rec=95.356 Prec=84.780

Val    [34/50] LR=0.0001250 loss=1.729 ACC=95.086 F1=95.023 Rec=95.086 Prec=95.899

Test-  OSR [34/50] LR=0.0001250 ACC=59.893 F1=64.081 Rec=79.857 Prec=55.852 UNK=0.000 OS*=95.829 HOS=0.000 AUROC=87.755 AUPR=79.232 OSCR=85.781
Test-Close [34/50] LR=0.0001250 loss=1.717 ACC=95.829 F1=95.791 Rec=95.829 Prec=96.435
>> New learning Rate: 6.25e-05
Train Client0 [35/50] LR=0.0000625 loss=0.021 ACC=99.731 F1=99.587 Rec=99.591 Prec=99.583
Train Client1 [35/50] LR=0.0000625 loss=0.120 ACC=97.737 F1=95.392 Rec=94.758 Prec=96.191
Train Client2 [35/50] LR=0.0000625 loss=0.125 ACC=97.148 F1=90.452 Rec=90.235 Prec=90.677
Train Client3 [35/50] LR=0.0000625 loss=0.123 ACC=98.485 F1=97.745 Rec=97.745 Prec=97.745
Train Client4 [35/50] LR=0.0000625 loss=0.143 ACC=97.027 F1=86.374 Rec=93.801 Prec=83.121
Train Client5 [35/50] LR=0.0000625 loss=0.042 ACC=99.196 F1=86.769 Rec=89.385 Prec=85.323
Train Client6 [35/50] LR=0.0000625 loss=0.134 ACC=97.222 F1=94.368 Rec=97.743 Prec=91.516
Train Client7 [35/50] LR=0.0000625 loss=0.123 ACC=97.879 F1=85.276 Rec=95.171 Prec=82.091

Val    [35/50] LR=0.0000625 loss=1.694 ACC=96.629 F1=96.617 Rec=96.629 Prec=96.873

Test-  OSR [35/50] LR=0.0000625 ACC=60.429 F1=64.867 Rec=80.571 Prec=56.639 UNK=0.000 OS*=96.686 HOS=0.000 AUROC=85.410 AUPR=75.742 OSCR=84.260
Test-Close [35/50] LR=0.0000625 loss=1.691 ACC=96.686 F1=96.676 Rec=96.686 Prec=96.896
Saving model at epoch 35 . . . . . . . .

Train Client0 [36/50] LR=0.0000625 loss=0.024 ACC=99.623 F1=79.654 Rec=79.634 Prec=79.674
Train Client1 [36/50] LR=0.0000625 loss=0.123 ACC=97.632 F1=95.582 Rec=94.900 Prec=96.441
Train Client2 [36/50] LR=0.0000625 loss=0.131 ACC=97.148 F1=90.186 Rec=89.893 Prec=90.501
Train Client3 [36/50] LR=0.0000625 loss=0.113 ACC=98.295 F1=96.292 Rec=97.726 Prec=95.177
Train Client4 [36/50] LR=0.0000625 loss=0.147 ACC=96.418 F1=84.458 Rec=95.884 Prec=80.728
Train Client5 [36/50] LR=0.0000625 loss=0.039 ACC=99.107 F1=90.195 Rec=94.318 Prec=87.831
Train Client6 [36/50] LR=0.0000625 loss=0.126 ACC=97.500 F1=96.224 Rec=97.817 Prec=94.850
Train Client7 [36/50] LR=0.0000625 loss=0.096 ACC=98.106 F1=85.692 Rec=96.370 Prec=81.800

Val    [36/50] LR=0.0000625 loss=1.698 ACC=96.571 F1=96.558 Rec=96.571 Prec=96.838

Test-  OSR [36/50] LR=0.0000625 ACC=60.429 F1=64.876 Rec=80.571 Prec=56.689 UNK=0.000 OS*=96.686 HOS=0.000 AUROC=86.775 AUPR=78.679 OSCR=85.442
Test-Close [36/50] LR=0.0000625 loss=1.693 ACC=96.686 F1=96.672 Rec=96.686 Prec=96.967
Train Client0 [37/50] LR=0.0000625 loss=0.027 ACC=99.353 F1=79.477 Rec=79.481 Prec=79.473
Train Client1 [37/50] LR=0.0000625 loss=0.116 ACC=98.015 F1=95.960 Rec=95.594 Prec=96.498
Train Client2 [37/50] LR=0.0000625 loss=0.124 ACC=97.386 F1=90.804 Rec=89.861 Prec=91.906
Train Client3 [37/50] LR=0.0000625 loss=0.119 ACC=97.917 F1=93.581 Rec=97.398 Prec=91.160
Train Client4 [37/50] LR=0.0000625 loss=0.160 ACC=96.265 F1=83.904 Rec=96.745 Prec=80.839
Train Client5 [37/50] LR=0.0000625 loss=0.044 ACC=98.661 F1=86.066 Rec=88.815 Prec=84.490
Train Client6 [37/50] LR=0.0000625 loss=0.120 ACC=96.944 F1=95.654 Rec=98.431 Prec=93.585
Train Client7 [37/50] LR=0.0000625 loss=0.095 ACC=98.182 F1=89.719 Rec=97.356 Prec=85.608

Val    [37/50] LR=0.0000625 loss=1.696 ACC=96.743 F1=96.731 Rec=96.743 Prec=96.999

Test-  OSR [37/50] LR=0.0000625 ACC=60.429 F1=64.894 Rec=80.571 Prec=56.748 UNK=0.000 OS*=96.686 HOS=0.000 AUROC=86.639 AUPR=79.061 OSCR=85.267
Test-Close [37/50] LR=0.0000625 loss=1.692 ACC=96.686 F1=96.673 Rec=96.686 Prec=96.942
Train Client0 [38/50] LR=0.0000625 loss=0.021 ACC=99.569 F1=79.608 Rec=79.616 Prec=79.602
Train Client1 [38/50] LR=0.0000625 loss=0.116 ACC=98.155 F1=96.473 Rec=95.914 Prec=97.151
Train Client2 [38/50] LR=0.0000625 loss=0.127 ACC=97.148 F1=90.223 Rec=89.969 Prec=90.532
Train Client3 [38/50] LR=0.0000625 loss=0.097 ACC=98.864 F1=98.307 Rec=98.293 Prec=98.336
Train Client4 [38/50] LR=0.0000625 loss=0.146 ACC=96.799 F1=85.818 Rec=93.691 Prec=82.505
Train Client5 [38/50] LR=0.0000625 loss=0.022 ACC=99.464 F1=87.774 Rec=89.700 Prec=86.516
Train Client6 [38/50] LR=0.0000625 loss=0.109 ACC=96.667 F1=95.263 Rec=98.355 Prec=92.919
Train Client7 [38/50] LR=0.0000625 loss=0.101 ACC=98.485 F1=95.986 Rec=94.955 Prec=97.318

Val    [38/50] LR=0.0000625 loss=1.698 ACC=96.514 F1=96.499 Rec=96.514 Prec=96.806

Test-  OSR [38/50] LR=0.0000625 ACC=60.429 F1=64.674 Rec=80.571 Prec=56.195 UNK=0.000 OS*=96.686 HOS=0.000 AUROC=87.592 AUPR=79.895 OSCR=86.163
Test-Close [38/50] LR=0.0000625 loss=1.694 ACC=96.686 F1=96.672 Rec=96.686 Prec=96.967
Train Client0 [39/50] LR=0.0000625 loss=0.027 ACC=99.353 F1=79.587 Rec=79.570 Prec=79.606
Train Client1 [39/50] LR=0.0000625 loss=0.119 ACC=97.806 F1=95.652 Rec=95.389 Prec=96.038
Train Client2 [39/50] LR=0.0000625 loss=0.139 ACC=97.006 F1=89.897 Rec=89.578 Prec=90.324
Train Client3 [39/50] LR=0.0000625 loss=0.121 ACC=98.106 F1=95.826 Rec=97.281 Prec=94.626
Train Client4 [39/50] LR=0.0000625 loss=0.103 ACC=97.256 F1=88.765 Rec=95.416 Prec=85.528
Train Client5 [39/50] LR=0.0000625 loss=0.038 ACC=99.196 F1=87.410 Rec=89.530 Prec=85.965
Train Client6 [39/50] LR=0.0000625 loss=0.139 ACC=96.667 F1=95.437 Rec=99.114 Prec=92.815
Train Client7 [39/50] LR=0.0000625 loss=0.087 ACC=98.333 F1=89.056 Rec=95.789 Prec=85.745

Val    [39/50] LR=0.0000625 loss=1.698 ACC=96.457 F1=96.440 Rec=96.457 Prec=96.773

Test-  OSR [39/50] LR=0.0000625 ACC=60.393 F1=64.652 Rec=80.524 Prec=56.273 UNK=0.000 OS*=96.629 HOS=0.000 AUROC=87.910 AUPR=80.562 OSCR=86.471
Test-Close [39/50] LR=0.0000625 loss=1.693 ACC=96.629 F1=96.615 Rec=96.629 Prec=96.897
Train Client0 [40/50] LR=0.0000625 loss=0.023 ACC=99.515 F1=79.744 Rec=79.684 Prec=79.807
Train Client1 [40/50] LR=0.0000625 loss=0.109 ACC=98.120 F1=96.470 Rec=95.925 Prec=97.146
Train Client2 [40/50] LR=0.0000625 loss=0.123 ACC=97.338 F1=90.485 Rec=89.798 Prec=91.333
Train Client3 [40/50] LR=0.0000625 loss=0.098 ACC=98.106 F1=97.138 Rec=97.124 Prec=97.166
Train Client4 [40/50] LR=0.0000625 loss=0.126 ACC=96.646 F1=85.531 Rec=96.598 Prec=81.894
Train Client5 [40/50] LR=0.0000625 loss=0.035 ACC=99.643 F1=95.688 Rec=99.613 Prec=93.096
Train Client6 [40/50] LR=0.0000625 loss=0.187 ACC=95.000 F1=93.119 Rec=95.637 Prec=91.459
Train Client7 [40/50] LR=0.0000625 loss=0.094 ACC=98.409 F1=89.351 Rec=96.159 Prec=85.980

Val    [40/50] LR=0.0000625 loss=1.703 ACC=96.114 F1=96.086 Rec=96.114 Prec=96.602

Test-  OSR [40/50] LR=0.0000625 ACC=60.286 F1=64.636 Rec=80.381 Prec=56.427 UNK=0.000 OS*=96.457 HOS=0.000 AUROC=87.083 AUPR=79.656 OSCR=85.608
Test-Close [40/50] LR=0.0000625 loss=1.696 ACC=96.457 F1=96.440 Rec=96.457 Prec=96.787
Saving model at epoch 40 . . . . . . . .

Train Client0 [41/50] LR=0.0000625 loss=0.010 ACC=99.838 F1=79.861 Rec=79.851 Prec=79.872
Train Client1 [41/50] LR=0.0000625 loss=0.129 ACC=97.667 F1=95.369 Rec=95.110 Prec=95.772
Train Client2 [41/50] LR=0.0000625 loss=0.119 ACC=97.624 F1=92.161 Rec=92.130 Prec=92.191
Train Client3 [41/50] LR=0.0000625 loss=0.104 ACC=98.295 F1=96.116 Rec=97.584 Prec=95.007
Train Client4 [41/50] LR=0.0000625 loss=0.126 ACC=96.723 F1=85.493 Rec=96.664 Prec=82.027
Train Client5 [41/50] LR=0.0000625 loss=0.028 ACC=99.554 F1=92.983 Rec=94.612 Prec=91.687
Train Client6 [41/50] LR=0.0000625 loss=0.153 ACC=95.556 F1=93.948 Rec=97.300 Prec=91.703
Train Client7 [41/50] LR=0.0000625 loss=0.102 ACC=97.879 F1=94.575 Rec=94.209 Prec=95.198

Val    [41/50] LR=0.0000625 loss=1.694 ACC=96.914 F1=96.905 Rec=96.914 Prec=97.116

Test-  OSR [41/50] LR=0.0000625 ACC=60.464 F1=64.731 Rec=80.619 Prec=56.391 UNK=0.000 OS*=96.743 HOS=0.000 AUROC=86.766 AUPR=77.834 OSCR=85.585
Test-Close [41/50] LR=0.0000625 loss=1.690 ACC=96.743 F1=96.732 Rec=96.743 Prec=96.965
Train Client0 [42/50] LR=0.0000625 loss=0.019 ACC=99.515 F1=79.764 Rec=79.725 Prec=79.803
Train Client1 [42/50] LR=0.0000625 loss=0.122 ACC=98.085 F1=96.010 Rec=95.833 Prec=96.202
Train Client2 [42/50] LR=0.0000625 loss=0.118 ACC=97.338 F1=90.953 Rec=90.574 Prec=91.387
Train Client3 [42/50] LR=0.0000625 loss=0.077 ACC=98.864 F1=96.974 Rec=98.426 Prec=95.778
Train Client4 [42/50] LR=0.0000625 loss=0.130 ACC=96.341 F1=84.363 Rec=95.689 Prec=81.274
Train Client5 [42/50] LR=0.0000625 loss=0.035 ACC=99.018 F1=83.340 Rec=84.335 Prec=82.679
Train Client6 [42/50] LR=0.0000625 loss=0.144 ACC=95.556 F1=94.233 Rec=98.060 Prec=92.027
Train Client7 [42/50] LR=0.0000625 loss=0.064 ACC=98.485 F1=96.392 Rec=97.001 Prec=95.852

Val    [42/50] LR=0.0000625 loss=1.703 ACC=96.057 F1=96.031 Rec=96.057 Prec=96.495

Test-  OSR [42/50] LR=0.0000625 ACC=60.393 F1=64.690 Rec=80.524 Prec=56.493 UNK=0.000 OS*=96.629 HOS=0.000 AUROC=86.968 AUPR=78.932 OSCR=85.607
Test-Close [42/50] LR=0.0000625 loss=1.693 ACC=96.629 F1=96.610 Rec=96.629 Prec=97.005
Train Client0 [43/50] LR=0.0000625 loss=0.009 ACC=99.838 F1=79.856 Rec=79.839 Prec=79.872
Train Client1 [43/50] LR=0.0000625 loss=0.107 ACC=97.946 F1=95.579 Rec=95.204 Prec=96.103
Train Client2 [43/50] LR=0.0000625 loss=0.126 ACC=97.101 F1=89.949 Rec=89.591 Prec=90.339
Train Client3 [43/50] LR=0.0000625 loss=0.072 ACC=99.053 F1=97.273 Rec=98.748 Prec=96.034
Train Client4 [43/50] LR=0.0000625 loss=0.121 ACC=97.332 F1=87.631 Rec=96.886 Prec=83.973
Train Client5 [43/50] LR=0.0000625 loss=0.039 ACC=99.464 F1=92.860 Rec=94.552 Prec=91.502
Train Client6 [43/50] LR=0.0000625 loss=0.179 ACC=93.889 F1=91.973 Rec=96.201 Prec=89.667
Train Client7 [43/50] LR=0.0000625 loss=0.086 ACC=98.712 F1=96.893 Rec=97.238 Prec=96.561

Val    [43/50] LR=0.0000625 loss=1.709 ACC=95.714 F1=95.677 Rec=95.714 Prec=96.276

Test-  OSR [43/50] LR=0.0000625 ACC=60.179 F1=64.273 Rec=80.238 Prec=55.851 UNK=0.000 OS*=96.286 HOS=0.000 AUROC=87.326 AUPR=78.444 OSCR=85.805
Test-Close [43/50] LR=0.0000625 loss=1.702 ACC=96.286 F1=96.259 Rec=96.286 Prec=96.781
Train Client0 [44/50] LR=0.0000625 loss=0.017 ACC=99.784 F1=79.870 Rec=79.873 Prec=79.866
Train Client1 [44/50] LR=0.0000625 loss=0.108 ACC=98.015 F1=96.315 Rec=95.803 Prec=96.935
Train Client2 [44/50] LR=0.0000625 loss=0.118 ACC=97.338 F1=90.680 Rec=90.055 Prec=91.398
Train Client3 [44/50] LR=0.0000625 loss=0.081 ACC=98.864 F1=96.977 Rec=98.440 Prec=95.768
Train Client4 [44/50] LR=0.0000625 loss=0.134 ACC=96.723 F1=84.481 Rec=94.790 Prec=81.269
Train Client5 [44/50] LR=0.0000625 loss=0.028 ACC=99.375 F1=89.654 Rec=94.574 Prec=87.236
Train Client6 [44/50] LR=0.0000625 loss=0.182 ACC=96.667 F1=95.118 Rec=96.836 Prec=93.631
Train Client7 [44/50] LR=0.0000625 loss=0.081 ACC=98.333 F1=95.839 Rec=96.333 Prec=95.361

Val    [44/50] LR=0.0000625 loss=1.695 ACC=96.743 F1=96.731 Rec=96.743 Prec=96.988

Test-  OSR [44/50] LR=0.0000625 ACC=60.464 F1=64.771 Rec=80.619 Prec=56.484 UNK=0.000 OS*=96.743 HOS=0.000 AUROC=86.921 AUPR=78.045 OSCR=85.728
Test-Close [44/50] LR=0.0000625 loss=1.689 ACC=96.743 F1=96.730 Rec=96.743 Prec=97.013
Train Client0 [45/50] LR=0.0000625 loss=0.019 ACC=99.731 F1=99.592 Rec=99.588 Prec=99.596
Train Client1 [45/50] LR=0.0000625 loss=0.121 ACC=97.876 F1=95.909 Rec=95.371 Prec=96.573
Train Client2 [45/50] LR=0.0000625 loss=0.100 ACC=97.433 F1=91.168 Rec=90.693 Prec=91.694
Train Client3 [45/50] LR=0.0000625 loss=0.056 ACC=98.674 F1=97.992 Rec=97.958 Prec=98.124
Train Client4 [45/50] LR=0.0000625 loss=0.119 ACC=97.561 F1=89.279 Rec=96.738 Prec=85.666
Train Client5 [45/50] LR=0.0000625 loss=0.033 ACC=99.018 F1=86.003 Rec=89.251 Prec=84.425
Train Client6 [45/50] LR=0.0000625 loss=0.129 ACC=96.944 F1=95.590 Rec=97.672 Prec=94.043
Train Client7 [45/50] LR=0.0000625 loss=0.078 ACC=98.788 F1=97.292 Rec=98.107 Prec=96.587

Val    [45/50] LR=0.0000625 loss=1.705 ACC=96.000 F1=95.968 Rec=96.000 Prec=96.518

Test-  OSR [45/50] LR=0.0000625 ACC=60.214 F1=64.458 Rec=80.286 Prec=56.196 UNK=0.000 OS*=96.343 HOS=0.000 AUROC=88.659 AUPR=80.920 OSCR=87.070
Test-Close [45/50] LR=0.0000625 loss=1.698 ACC=96.343 F1=96.319 Rec=96.343 Prec=96.790
Saving best model . . . . . . . .

Saving model at epoch 45 . . . . . . . .

Train Client0 [46/50] LR=0.0000625 loss=0.016 ACC=99.784 F1=99.674 Rec=99.674 Prec=99.674
Train Client1 [46/50] LR=0.0000625 loss=0.102 ACC=97.981 F1=96.149 Rec=95.482 Prec=97.009
Train Client2 [46/50] LR=0.0000625 loss=0.116 ACC=97.291 F1=90.583 Rec=90.041 Prec=91.195
Train Client3 [46/50] LR=0.0000625 loss=0.104 ACC=98.674 F1=98.013 Rec=98.022 Prec=98.007
Train Client4 [46/50] LR=0.0000625 loss=0.125 ACC=97.866 F1=88.506 Rec=94.781 Prec=85.569
Train Client5 [46/50] LR=0.0000625 loss=0.043 ACC=98.929 F1=88.369 Rec=94.016 Prec=85.932
Train Client6 [46/50] LR=0.0000625 loss=0.123 ACC=96.111 F1=92.193 Rec=95.300 Prec=89.853
Train Client7 [46/50] LR=0.0000625 loss=0.084 ACC=98.561 F1=96.596 Rec=97.071 Prec=96.200

Val    [46/50] LR=0.0000625 loss=1.698 ACC=96.400 F1=96.379 Rec=96.400 Prec=96.785

Test-  OSR [46/50] LR=0.0000625 ACC=60.393 F1=64.840 Rec=80.524 Prec=56.722 UNK=0.000 OS*=96.629 HOS=0.000 AUROC=89.338 AUPR=81.617 OSCR=87.829
Test-Close [46/50] LR=0.0000625 loss=1.693 ACC=96.629 F1=96.612 Rec=96.629 Prec=96.976
Saving best model . . . . . . . .

>> New learning Rate: 3.125e-05
Train Client0 [47/50] LR=0.0000313 loss=0.013 ACC=99.677 F1=79.769 Rec=79.741 Prec=79.798
Train Client1 [47/50] LR=0.0000313 loss=0.095 ACC=98.155 F1=96.554 Rec=96.080 Prec=97.127
Train Client2 [47/50] LR=0.0000313 loss=0.105 ACC=97.671 F1=92.804 Rec=93.495 Prec=92.180
Train Client3 [47/50] LR=0.0000313 loss=0.123 ACC=97.917 F1=94.490 Rec=97.210 Prec=92.580
Train Client4 [47/50] LR=0.0000313 loss=0.159 ACC=95.503 F1=82.396 Rec=96.348 Prec=79.466
Train Client5 [47/50] LR=0.0000313 loss=0.035 ACC=98.929 F1=88.712 Rec=99.175 Prec=85.598
Train Client6 [47/50] LR=0.0000313 loss=0.237 ACC=92.500 F1=90.823 Rec=96.722 Prec=87.934
Train Client7 [47/50] LR=0.0000313 loss=0.077 ACC=98.485 F1=96.272 Rec=96.345 Prec=96.356

Val    [47/50] LR=0.0000313 loss=1.698 ACC=96.286 F1=96.264 Rec=96.286 Prec=96.668

Test-  OSR [47/50] LR=0.0000313 ACC=60.286 F1=64.584 Rec=80.381 Prec=56.298 UNK=0.000 OS*=96.457 HOS=0.000 AUROC=88.348 AUPR=80.221 OSCR=86.950
Test-Close [47/50] LR=0.0000313 loss=1.692 ACC=96.457 F1=96.440 Rec=96.457 Prec=96.787
Train Client0 [48/50] LR=0.0000313 loss=0.013 ACC=99.569 F1=79.861 Rec=79.788 Prec=79.935
Train Client1 [48/50] LR=0.0000313 loss=0.091 ACC=98.572 F1=96.860 Rec=96.421 Prec=97.372
Train Client2 [48/50] LR=0.0000313 loss=0.102 ACC=97.766 F1=92.693 Rec=92.783 Prec=92.604
Train Client3 [48/50] LR=0.0000313 loss=0.066 ACC=98.295 F1=96.148 Rec=97.607 Prec=94.969
Train Client4 [48/50] LR=0.0000313 loss=0.122 ACC=96.875 F1=85.179 Rec=97.140 Prec=82.238
Train Client5 [48/50] LR=0.0000313 loss=0.027 ACC=99.196 F1=88.722 Rec=94.440 Prec=86.216
Train Client6 [48/50] LR=0.0000313 loss=0.186 ACC=92.500 F1=91.098 Rec=97.347 Prec=88.449
Train Client7 [48/50] LR=0.0000313 loss=0.098 ACC=98.030 F1=95.566 Rec=97.003 Prec=94.366

Val    [48/50] LR=0.0000313 loss=1.693 ACC=96.629 F1=96.618 Rec=96.629 Prec=96.838

Test-  OSR [48/50] LR=0.0000313 ACC=60.536 F1=64.924 Rec=80.714 Prec=56.673 UNK=0.000 OS*=96.857 HOS=0.000 AUROC=88.802 AUPR=80.872 OSCR=87.492
Test-Close [48/50] LR=0.0000313 loss=1.688 ACC=96.857 F1=96.847 Rec=96.857 Prec=97.081
Train Client0 [49/50] LR=0.0000313 loss=0.024 ACC=99.192 F1=79.729 Rec=79.592 Prec=79.868
Train Client1 [49/50] LR=0.0000313 loss=0.106 ACC=98.120 F1=95.709 Rec=95.696 Prec=95.856
Train Client2 [49/50] LR=0.0000313 loss=0.101 ACC=97.909 F1=93.455 Rec=94.400 Prec=92.607
Train Client3 [49/50] LR=0.0000313 loss=0.072 ACC=98.674 F1=96.694 Rec=98.196 Prec=95.429
Train Client4 [49/50] LR=0.0000313 loss=0.100 ACC=97.485 F1=87.014 Rec=98.096 Prec=83.370
Train Client5 [49/50] LR=0.0000313 loss=0.040 ACC=99.464 F1=89.773 Rec=94.624 Prec=87.424
Train Client6 [49/50] LR=0.0000313 loss=0.141 ACC=95.556 F1=94.233 Rec=98.060 Prec=92.027
Train Client7 [49/50] LR=0.0000313 loss=0.104 ACC=98.182 F1=89.391 Rec=96.788 Prec=85.450

Val    [49/50] LR=0.0000313 loss=1.690 ACC=97.029 F1=97.024 Rec=97.029 Prec=97.123

Test-  OSR [49/50] LR=0.0000313 ACC=60.607 F1=65.075 Rec=80.810 Prec=56.804 UNK=0.000 OS*=96.971 HOS=0.000 AUROC=87.999 AUPR=79.697 OSCR=86.823
Test-Close [49/50] LR=0.0000313 loss=1.685 ACC=96.971 F1=96.965 Rec=96.971 Prec=97.115
------>Best performance (by OSCR)--->>>>>>>

Test-  OSR [46/50] LR=0.0000625 ACC=60.393 F1=64.840 Rec=80.524 Prec=56.722 UNK=0.000 OS*=96.629 HOS=0.000 AUROC=89.338 AUPR=81.617 OSCR=87.829
Test-Close [46/50] LR=0.0000625 loss=1.693 ACC=96.629 F1=96.612 Rec=96.629 Prec=96.976
=====================================================================================================================================
The ending time ：2026-06-19 14:39:53
