Logging to: ./logs/RetinalOCT_Pretrain_K5_U3_seed0_20260618_110540.log
==> Preparing data..
Protocol mode: random
Known class list: [6 2 1 7 3] Unknown class list [0 5 4]
Total images — Train: 18400, Val: 2800, Test: 2800
{6: 0, 2: 1, 1: 2, 7: 3, 3: 4} {0: 5, 5: 6, 4: 7}
Known origin: [6 2 1 7 3] , new: [0 1 2 3 4]
Unknown origin: [0 5 4] , new: [5 6 7]
Known/Unknown in Train: 11500/6900
Known/Unknown in Val:   1750/1050
Known/Unknown in Test:  1750/1050
Client0 sample num: 1861
Client1 sample num: 2876
Client2 sample num: 2109
Client3 sample num: 533
Client4 sample num: 1312
Client5 sample num: 1125
Client6 sample num: 362
Client7 sample num: 1322

>>> Setting up
==> Using device: cuda:0
==> Building [Resnet18] model..
154
120
Train Client0 [0/100] LR=0.0005000 loss=1.490 (CE=0.788 VIR=0.113 wVIR=0.056 AUX=0.646 w=0.500) ACC=71.121 F1=51.734 Rec=51.491 Prec=52.348
Train Client1 [0/100] LR=0.0005000 loss=1.192 (CE=0.641 VIR=0.077 wVIR=0.038 AUX=0.512 w=0.500) ACC=80.571 F1=56.372 Rec=55.556 Prec=58.521
Train Client2 [0/100] LR=0.0005000 loss=1.456 (CE=0.792 VIR=0.149 wVIR=0.075 AUX=0.590 w=0.500) ACC=76.046 F1=48.530 Rec=48.927 Prec=48.991
Train Client3 [0/100] LR=0.0005000 loss=2.081 (CE=1.126 VIR=0.254 wVIR=0.127 AUX=0.828 w=0.500) ACC=67.424 F1=48.822 Rec=49.871 Prec=48.850
Train Client4 [0/100] LR=0.0005000 loss=1.156 (CE=0.619 VIR=0.126 wVIR=0.063 AUX=0.475 w=0.500) ACC=82.317 F1=38.601 Rec=38.500 Prec=41.177
Train Client5 [0/100] LR=0.0005000 loss=1.729 (CE=0.965 VIR=0.138 wVIR=0.069 AUX=0.695 w=0.500) ACC=69.375 F1=49.886 Rec=49.788 Prec=50.097
Train Client6 [0/100] LR=0.0005000 loss=2.628 (CE=1.335 VIR=0.601 wVIR=0.301 AUX=0.992 w=0.500) ACC=60.556 F1=21.844 Rec=22.561 Prec=21.759
Train Client7 [0/100] LR=0.0005000 loss=1.828 (CE=0.982 VIR=0.213 wVIR=0.106 AUX=0.740 w=0.500) ACC=68.106 F1=35.153 Rec=35.706 Prec=35.471

Val    [0/100] LR=0.0005000 loss=2.859 ACC=50.171 F1=42.642 Rec=50.171 Prec=47.482
Val-Known->Virtual [0/100] rate=0.000% prob_mean=0.016938 margin_mean=0.340427
Val-LogitMargin [0/100] TrueKnown-VMax mean=3.6995 std=0.4521 p10=3.1816 p50=3.5926 p90=4.3384

Test-  OSR [0/100] LR=0.0005000 ACC=31.964 F1=27.647 Rec=42.619 Prec=25.872 UNK=0.000 OS*=51.143 HOS=0.000 AUROC=72.689 AUPR=64.961 OSCR=39.734
Test-Close [0/100] LR=0.0005000 loss=2.855 ACC=51.143 F1=43.485 Rec=51.143 Prec=47.542
Test-Virtual [0/100] CloseK->V=0.000% Open->V=0.000% OpenVEntropy=0.000000 CloseHist=[0, 0, 0] OpenHist=[0, 0, 0]
Test-LogitMargin [0/100] CloseTrue-VMax mean=3.7069 std=0.4597 p10=3.1782 p50=3.5999 p90=4.3557 | OpenKnown-VMax mean=3.5860 std=0.4739 p10=3.1510 p50=3.3500 p90=4.3420
AnchorDiag [0/100] VNorm=[1.0000001192092896, 0.9999999403953552, 0.9999999403953552] VDriftMax=0.000000 Vcos(max/mean)=(0.0000/-0.0000) KVcos(max/mean)=(0.0008/-0.0014) ValK->V=0.00% CloseK->V=0.00% Open->V=0.00% OpenVEntropy=0.0000
Saving best model . . . . . . . .

Saving model at epoch 0 . . . . . . . .

Train Client0 [1/100] LR=0.0005000 loss=1.086 (CE=0.596 VIR=0.039 wVIR=0.019 AUX=0.470 w=0.500) ACC=77.209 F1=72.294 Rec=71.566 Prec=73.409
Train Client1 [1/100] LR=0.0005000 loss=0.966 (CE=0.539 VIR=0.033 wVIR=0.017 AUX=0.410 w=0.500) ACC=82.834 F1=57.705 Rec=57.213 Prec=58.540
Train Client2 [1/100] LR=0.0005000 loss=0.995 (CE=0.564 VIR=0.056 wVIR=0.028 AUX=0.404 w=0.500) ACC=82.557 F1=59.592 Rec=58.589 Prec=63.066
Train Client3 [1/100] LR=0.0005000 loss=1.658 (CE=0.899 VIR=0.137 wVIR=0.069 AUX=0.690 w=0.500) ACC=74.053 F1=51.869 Rec=51.134 Prec=53.882
Train Client4 [1/100] LR=0.0005000 loss=0.844 (CE=0.460 VIR=0.059 wVIR=0.029 AUX=0.355 w=0.500) ACC=86.433 F1=41.242 Rec=41.369 Prec=41.360
Train Client5 [1/100] LR=0.0005000 loss=1.357 (CE=0.745 VIR=0.070 wVIR=0.035 AUX=0.577 w=0.500) ACC=72.857 F1=54.278 Rec=54.398 Prec=54.169
Train Client6 [1/100] LR=0.0005000 loss=1.550 (CE=0.823 VIR=0.172 wVIR=0.086 AUX=0.641 w=0.500) ACC=76.389 F1=45.477 Rec=44.686 Prec=49.539
Train Client7 [1/100] LR=0.0005000 loss=1.066 (CE=0.565 VIR=0.061 wVIR=0.031 AUX=0.470 w=0.500) ACC=82.045 F1=52.331 Rec=50.829 Prec=55.310

Val    [1/100] LR=0.0005000 loss=2.488 ACC=73.543 F1=72.325 Rec=73.543 Prec=84.973
Val-Known->Virtual [1/100] rate=0.000% prob_mean=0.013567 margin_mean=0.445805
Val-LogitMargin [1/100] TrueKnown-VMax mean=4.3432 std=0.4260 p10=3.8681 p50=4.2346 p90=5.0112

Test-  OSR [1/100] LR=0.0005000 ACC=46.321 F1=48.059 Rec=61.762 Prec=51.693 UNK=0.000 OS*=74.114 HOS=0.000 AUROC=63.638 AUPR=52.369 OSCR=53.528
Test-Close [1/100] LR=0.0005000 loss=2.488 ACC=74.114 F1=72.696 Rec=74.114 Prec=85.227
Test-Virtual [1/100] CloseK->V=0.000% Open->V=0.000% OpenVEntropy=0.000000 CloseHist=[0, 0, 0] OpenHist=[0, 0, 0]
Test-LogitMargin [1/100] CloseTrue-VMax mean=4.3504 std=0.4332 p10=3.8778 p50=4.2437 p90=5.0203 | OpenKnown-VMax mean=4.3162 std=0.3354 p10=3.9554 p50=4.2463 p90=4.7876
AnchorDiag [1/100] VNorm=[1.0000001192092896, 0.9999999403953552, 0.9999999403953552] VDriftMax=0.000000 Vcos(max/mean)=(0.0000/-0.0000) KVcos(max/mean)=(0.0016/-0.0018) ValK->V=0.00% CloseK->V=0.00% Open->V=0.00% OpenVEntropy=0.0000
Saving best model . . . . . . . .

Train Client0 [2/100] LR=0.0005000 loss=0.988 (CE=0.541 VIR=0.023 wVIR=0.012 AUX=0.436 w=0.500) ACC=79.688 F1=60.420 Rec=59.965 Prec=61.136
Train Client1 [2/100] LR=0.0005000 loss=0.699 (CE=0.392 VIR=0.021 wVIR=0.011 AUX=0.296 w=0.500) ACC=87.604 F1=64.532 Rec=63.956 Prec=65.373
Train Client2 [2/100] LR=0.0005000 loss=0.832 (CE=0.472 VIR=0.028 wVIR=0.014 AUX=0.346 w=0.500) ACC=84.221 F1=59.460 Rec=59.212 Prec=63.152
Train Client3 [2/100] LR=0.0005000 loss=1.234 (CE=0.641 VIR=0.050 wVIR=0.025 AUX=0.568 w=0.500) ACC=79.924 F1=59.202 Rec=58.636 Prec=60.002
Train Client4 [2/100] LR=0.0005000 loss=0.591 (CE=0.319 VIR=0.019 wVIR=0.009 AUX=0.262 w=0.500) ACC=90.625 F1=48.126 Rec=48.253 Prec=48.265
Train Client5 [2/100] LR=0.0005000 loss=0.980 (CE=0.526 VIR=0.028 wVIR=0.014 AUX=0.440 w=0.500) ACC=82.321 F1=63.526 Rec=63.537 Prec=63.523
Train Client6 [2/100] LR=0.0005000 loss=1.309 (CE=0.699 VIR=0.066 wVIR=0.033 AUX=0.577 w=0.500) ACC=76.667 F1=42.540 Rec=41.183 Prec=46.601
Train Client7 [2/100] LR=0.0005000 loss=1.036 (CE=0.558 VIR=0.033 wVIR=0.017 AUX=0.461 w=0.500) ACC=81.136 F1=50.743 Rec=48.977 Prec=55.001

Val    [2/100] LR=0.0005000 loss=2.278 ACC=89.371 F1=88.884 Rec=89.371 Prec=90.423
Val-Known->Virtual [2/100] rate=0.000% prob_mean=0.007696 margin_mean=0.553022
Val-LogitMargin [2/100] TrueKnown-VMax mean=5.3267 std=0.8743 p10=4.3338 p50=5.0617 p90=6.6165

Test-  OSR [2/100] LR=0.0005000 ACC=56.214 F1=59.013 Rec=74.952 Prec=52.195 UNK=0.000 OS*=89.943 HOS=0.000 AUROC=59.829 AUPR=41.397 OSCR=57.649
Test-Close [2/100] LR=0.0005000 loss=2.283 ACC=89.943 F1=89.590 Rec=89.943 Prec=90.782
Test-Virtual [2/100] CloseK->V=0.000% Open->V=0.000% OpenVEntropy=0.000000 CloseHist=[0, 0, 0] OpenHist=[0, 0, 0]
Test-LogitMargin [2/100] CloseTrue-VMax mean=5.3469 std=0.8867 p10=4.3473 p50=5.0562 p90=6.6326 | OpenKnown-VMax mean=5.4104 std=0.6913 p10=4.4981 p50=5.4770 p90=6.2733
AnchorDiag [2/100] VNorm=[1.0000001192092896, 0.9999999403953552, 0.9999999403953552] VDriftMax=0.000000 Vcos(max/mean)=(0.0000/-0.0000) KVcos(max/mean)=(0.0017/-0.0032) ValK->V=0.00% CloseK->V=0.00% Open->V=0.00% OpenVEntropy=0.0000
Saving best model . . . . . . . .

Train Client0 [3/100] LR=0.0005000 loss=0.758 (CE=0.420 VIR=0.011 wVIR=0.006 AUX=0.333 w=0.500) ACC=84.106 F1=81.371 Rec=81.048 Prec=81.815
Train Client1 [3/100] LR=0.0005000 loss=0.579 (CE=0.323 VIR=0.009 wVIR=0.005 AUX=0.251 w=0.500) ACC=89.276 F1=66.629 Rec=66.337 Prec=67.072
Train Client2 [3/100] LR=0.0005000 loss=0.707 (CE=0.396 VIR=0.016 wVIR=0.008 AUX=0.303 w=0.500) ACC=87.215 F1=71.436 Rec=69.690 Prec=75.831
Train Client3 [3/100] LR=0.0005000 loss=0.916 (CE=0.459 VIR=0.012 wVIR=0.006 AUX=0.451 w=0.500) ACC=84.659 F1=64.568 Rec=64.384 Prec=64.920
Train Client4 [3/100] LR=0.0005000 loss=0.525 (CE=0.294 VIR=0.018 wVIR=0.009 AUX=0.222 w=0.500) ACC=91.311 F1=53.110 Rec=51.934 Prec=55.670
Train Client5 [3/100] LR=0.0005000 loss=0.781 (CE=0.421 VIR=0.017 wVIR=0.008 AUX=0.351 w=0.500) ACC=85.000 F1=65.910 Rec=65.925 Prec=65.898
Train Client6 [3/100] LR=0.0005000 loss=1.177 (CE=0.578 VIR=0.037 wVIR=0.019 AUX=0.580 w=0.500) ACC=79.167 F1=45.131 Rec=43.950 Prec=49.836
Train Client7 [3/100] LR=0.0005000 loss=0.897 (CE=0.475 VIR=0.023 wVIR=0.011 AUX=0.410 w=0.500) ACC=83.864 F1=58.962 Rec=56.761 Prec=62.239

Val    [3/100] LR=0.0005000 loss=2.072 ACC=84.914 F1=84.634 Rec=84.914 Prec=88.806
Val-Known->Virtual [3/100] rate=0.000% prob_mean=0.002553 margin_mean=0.765813
Val-LogitMargin [3/100] TrueKnown-VMax mean=6.6180 std=1.0690 p10=5.1911 p50=6.6164 p90=8.0740

Test-  OSR [3/100] LR=0.0005000 ACC=52.286 F1=54.954 Rec=69.714 Prec=51.679 UNK=0.000 OS*=83.657 HOS=0.000 AUROC=71.931 AUPR=51.296 OSCR=65.273
Test-Close [3/100] LR=0.0005000 loss=2.082 ACC=83.657 F1=83.499 Rec=83.657 Prec=88.606
Test-Virtual [3/100] CloseK->V=0.000% Open->V=0.000% OpenVEntropy=0.000000 CloseHist=[0, 0, 0] OpenHist=[0, 0, 0]
Test-LogitMargin [3/100] CloseTrue-VMax mean=6.6355 std=1.0697 p10=5.2195 p50=6.6413 p90=8.1138 | OpenKnown-VMax mean=6.5285 std=0.7782 p10=5.5564 p50=6.5132 p90=7.6030
AnchorDiag [3/100] VNorm=[1.0000001192092896, 0.9999999403953552, 0.9999999403953552] VDriftMax=0.000000 Vcos(max/mean)=(0.0000/-0.0000) KVcos(max/mean)=(0.0045/-0.0030) ValK->V=0.00% CloseK->V=0.00% Open->V=0.00% OpenVEntropy=0.0000
Saving best model . . . . . . . .

Train Client0 [4/100] LR=0.0005000 loss=0.720 (CE=0.391 VIR=0.009 wVIR=0.004 AUX=0.324 w=0.500) ACC=84.537 F1=65.813 Rec=65.598 Prec=66.120
Train Client1 [4/100] LR=0.0005000 loss=0.473 (CE=0.269 VIR=0.006 wVIR=0.003 AUX=0.200 w=0.500) ACC=91.086 F1=73.858 Rec=72.408 Prec=76.414
Train Client2 [4/100] LR=0.0005000 loss=0.695 (CE=0.391 VIR=0.020 wVIR=0.010 AUX=0.294 w=0.500) ACC=86.930 F1=69.033 Rec=67.238 Prec=73.211
Train Client3 [4/100] LR=0.0005000 loss=0.915 (CE=0.471 VIR=0.012 wVIR=0.006 AUX=0.438 w=0.500) ACC=83.902 F1=62.712 Rec=61.903 Prec=64.080
Train Client4 [4/100] LR=0.0005000 loss=0.496 (CE=0.277 VIR=0.020 wVIR=0.010 AUX=0.209 w=0.500) ACC=92.226 F1=55.413 Rec=54.384 Prec=57.187
Train Client5 [4/100] LR=0.0005000 loss=0.598 (CE=0.322 VIR=0.010 wVIR=0.005 AUX=0.271 w=0.500) ACC=89.375 F1=70.800 Rec=71.064 Prec=70.549
Train Client6 [4/100] LR=0.0005000 loss=1.146 (CE=0.632 VIR=0.053 wVIR=0.027 AUX=0.487 w=0.500) ACC=78.056 F1=51.884 Rec=53.792 Prec=53.061
Train Client7 [4/100] LR=0.0005000 loss=0.867 (CE=0.465 VIR=0.022 wVIR=0.011 AUX=0.391 w=0.500) ACC=84.697 F1=58.014 Rec=55.805 Prec=61.330

Val    [4/100] LR=0.0005000 loss=1.963 ACC=89.829 F1=89.719 Rec=89.829 Prec=91.278
Val-Known->Virtual [4/100] rate=0.000% prob_mean=0.002560 margin_mean=0.805441
Val-LogitMargin [4/100] TrueKnown-VMax mean=6.9318 std=1.2869 p10=5.3116 p50=6.7217 p90=8.7111

Test-  OSR [4/100] LR=0.0005000 ACC=55.929 F1=59.313 Rec=74.571 Prec=52.977 UNK=0.000 OS*=89.486 HOS=0.000 AUROC=73.393 AUPR=52.644 OSCR=69.690
Test-Close [4/100] LR=0.0005000 loss=1.969 ACC=89.486 F1=89.383 Rec=89.486 Prec=91.059
Test-Virtual [4/100] CloseK->V=0.000% Open->V=0.000% OpenVEntropy=0.000000 CloseHist=[0, 0, 0] OpenHist=[0, 0, 0]
Test-LogitMargin [4/100] CloseTrue-VMax mean=6.9527 std=1.2974 p10=5.3221 p50=6.7347 p90=8.7261 | OpenKnown-VMax mean=6.8339 std=0.9793 p10=5.5879 p50=6.7994 p90=8.1747
AnchorDiag [4/100] VNorm=[1.0000001192092896, 1.0, 0.9999999403953552] VDriftMax=0.000000 Vcos(max/mean)=(0.0000/-0.0000) KVcos(max/mean)=(0.0068/-0.0029) ValK->V=0.00% CloseK->V=0.00% Open->V=0.00% OpenVEntropy=0.0000
Saving best model . . . . . . . .

Train Client0 [5/100] LR=0.0005000 loss=0.648 (CE=0.354 VIR=0.011 wVIR=0.005 AUX=0.289 w=0.455) ACC=87.069 F1=84.922 Rec=84.527 Prec=85.462
Train Client1 [5/100] LR=0.0005000 loss=0.466 (CE=0.259 VIR=0.006 wVIR=0.003 AUX=0.203 w=0.455) ACC=91.052 F1=74.622 Rec=72.509 Prec=79.628
Train Client2 [5/100] LR=0.0005000 loss=0.567 (CE=0.322 VIR=0.018 wVIR=0.008 AUX=0.237 w=0.455) ACC=89.021 F1=75.674 Rec=74.295 Prec=78.025
Train Client3 [5/100] LR=0.0005000 loss=0.747 (CE=0.372 VIR=0.011 wVIR=0.005 AUX=0.370 w=0.455) ACC=88.447 F1=79.778 Rec=77.553 Prec=83.086
Train Client4 [5/100] LR=0.0005000 loss=0.423 (CE=0.243 VIR=0.014 wVIR=0.006 AUX=0.175 w=0.455) ACC=92.988 F1=59.543 Rec=57.939 Prec=61.927
Train Client5 [5/100] LR=0.0005000 loss=0.460 (CE=0.240 VIR=0.008 wVIR=0.004 AUX=0.217 w=0.455) ACC=92.500 F1=73.321 Rec=73.130 Prec=73.534
Train Client6 [5/100] LR=0.0005000 loss=0.932 (CE=0.482 VIR=0.038 wVIR=0.018 AUX=0.432 w=0.455) ACC=83.333 F1=61.606 Rec=58.717 Prec=68.233
Train Client7 [5/100] LR=0.0005000 loss=0.787 (CE=0.420 VIR=0.017 wVIR=0.008 AUX=0.359 w=0.455) ACC=85.000 F1=58.467 Rec=56.571 Prec=61.100

Val    [5/100] LR=0.0005000 loss=1.864 ACC=93.257 F1=93.227 Rec=93.257 Prec=93.740
Val-Known->Virtual [5/100] rate=0.000% prob_mean=0.002155 margin_mean=0.855538
Val-LogitMargin [5/100] TrueKnown-VMax mean=7.1350 std=1.1649 p10=5.7869 p50=6.9101 p90=8.7940

Test-  OSR [5/100] LR=0.0005000 ACC=58.571 F1=61.329 Rec=78.095 Prec=52.354 UNK=0.000 OS*=93.714 HOS=0.000 AUROC=75.857 AUPR=58.117 OSCR=73.964
Test-Close [5/100] LR=0.0005000 loss=1.867 ACC=93.714 F1=93.668 Rec=93.714 Prec=94.015
Test-Virtual [5/100] CloseK->V=0.000% Open->V=0.000% OpenVEntropy=0.000000 CloseHist=[0, 0, 0] OpenHist=[0, 0, 0]
Test-LogitMargin [5/100] CloseTrue-VMax mean=7.1701 std=1.1539 p10=5.8640 p50=6.9351 p90=8.7871 | OpenKnown-VMax mean=6.7526 std=0.7950 p10=5.7441 p50=6.7350 p90=7.7330
AnchorDiag [5/100] VNorm=[1.0000001192092896, 1.0, 0.9999999403953552] VDriftMax=0.000000 Vcos(max/mean)=(0.0000/-0.0000) KVcos(max/mean)=(0.0085/-0.0028) ValK->V=0.00% CloseK->V=0.00% Open->V=0.00% OpenVEntropy=0.0000
Saving best model . . . . . . . .

Saving model at epoch 5 . . . . . . . .

Train Client0 [6/100] LR=0.0005000 loss=0.539 (CE=0.293 VIR=0.009 wVIR=0.004 AUX=0.242 w=0.410) ACC=87.716 F1=68.893 Rec=68.925 Prec=68.881
Train Client1 [6/100] LR=0.0005000 loss=0.401 (CE=0.222 VIR=0.006 wVIR=0.003 AUX=0.176 w=0.410) ACC=92.375 F1=76.320 Rec=75.149 Prec=78.214
Train Client2 [6/100] LR=0.0005000 loss=0.496 (CE=0.276 VIR=0.013 wVIR=0.005 AUX=0.215 w=0.410) ACC=90.875 F1=78.033 Rec=76.377 Prec=81.579
Train Client3 [6/100] LR=0.0005000 loss=0.615 (CE=0.315 VIR=0.011 wVIR=0.005 AUX=0.295 w=0.410) ACC=89.773 F1=77.165 Rec=75.492 Prec=79.648
Train Client4 [6/100] LR=0.0005000 loss=0.296 (CE=0.167 VIR=0.015 wVIR=0.006 AUX=0.123 w=0.410) ACC=95.198 F1=66.433 Rec=65.654 Prec=67.361
Train Client5 [6/100] LR=0.0005000 loss=0.474 (CE=0.250 VIR=0.011 wVIR=0.005 AUX=0.220 w=0.410) ACC=92.589 F1=73.337 Rec=73.264 Prec=73.427
Train Client6 [6/100] LR=0.0005000 loss=0.723 (CE=0.391 VIR=0.030 wVIR=0.012 AUX=0.321 w=0.410) ACC=85.278 F1=69.718 Rec=71.575 Prec=70.282
Train Client7 [6/100] LR=0.0005000 loss=0.702 (CE=0.376 VIR=0.019 wVIR=0.008 AUX=0.318 w=0.410) ACC=86.515 F1=62.804 Rec=61.275 Prec=65.083

Val    [6/100] LR=0.0005000 loss=1.866 ACC=92.629 F1=92.502 Rec=92.629 Prec=93.616
Val-Known->Virtual [6/100] rate=0.000% prob_mean=0.001560 margin_mean=0.856039
Val-LogitMargin [6/100] TrueKnown-VMax mean=7.3282 std=1.0297 p10=6.1220 p50=7.1628 p90=8.7194

Test-  OSR [6/100] LR=0.0005000 ACC=58.107 F1=61.413 Rec=77.476 Prec=53.803 UNK=0.000 OS*=92.971 HOS=0.000 AUROC=79.157 AUPR=62.524 OSCR=76.675
Test-Close [6/100] LR=0.0005000 loss=1.869 ACC=92.971 F1=92.885 Rec=92.971 Prec=93.708
Test-Virtual [6/100] CloseK->V=0.000% Open->V=0.000% OpenVEntropy=0.000000 CloseHist=[0, 0, 0] OpenHist=[0, 0, 0]
Test-LogitMargin [6/100] CloseTrue-VMax mean=7.3671 std=1.0259 p10=6.1428 p50=7.1829 p90=8.7534 | OpenKnown-VMax mean=6.7579 std=0.8519 p10=5.7123 p50=6.7610 p90=7.9262
AnchorDiag [6/100] VNorm=[1.0000001192092896, 1.0, 0.9999999403953552] VDriftMax=0.000000 Vcos(max/mean)=(0.0000/-0.0000) KVcos(max/mean)=(0.0120/-0.0026) ValK->V=0.00% CloseK->V=0.00% Open->V=0.00% OpenVEntropy=0.0000
Saving best model . . . . . . . .

Train Client0 [7/100] LR=0.0005000 loss=0.503 (CE=0.274 VIR=0.011 wVIR=0.004 AUX=0.226 w=0.365) ACC=89.009 F1=70.203 Rec=70.295 Prec=70.128
Train Client1 [7/100] LR=0.0005000 loss=0.370 (CE=0.205 VIR=0.007 wVIR=0.003 AUX=0.163 w=0.365) ACC=93.001 F1=74.014 Rec=73.329 Prec=75.622
Train Client2 [7/100] LR=0.0005000 loss=0.504 (CE=0.283 VIR=0.027 wVIR=0.010 AUX=0.210 w=0.365) ACC=90.304 F1=79.180 Rec=77.654 Prec=81.594
Train Client3 [7/100] LR=0.0005000 loss=0.519 (CE=0.277 VIR=0.011 wVIR=0.004 AUX=0.238 w=0.365) ACC=89.962 F1=77.307 Rec=76.490 Prec=78.330
Train Client4 [7/100] LR=0.0005000 loss=0.345 (CE=0.199 VIR=0.016 wVIR=0.006 AUX=0.141 w=0.365) ACC=94.512 F1=64.096 Rec=63.247 Prec=65.082
Train Client5 [7/100] LR=0.0005000 loss=0.395 (CE=0.208 VIR=0.005 wVIR=0.002 AUX=0.185 w=0.365) ACC=92.321 F1=73.493 Rec=73.571 Prec=73.419
Train Client6 [7/100] LR=0.0005000 loss=0.702 (CE=0.375 VIR=0.028 wVIR=0.010 AUX=0.316 w=0.365) ACC=84.167 F1=71.932 Rec=70.759 Prec=74.249
Train Client7 [7/100] LR=0.0005000 loss=0.641 (CE=0.341 VIR=0.019 wVIR=0.007 AUX=0.293 w=0.365) ACC=87.955 F1=66.572 Rec=65.480 Prec=67.962

Val    [7/100] LR=0.0005000 loss=1.816 ACC=93.829 F1=93.739 Rec=93.829 Prec=94.514
Val-Known->Virtual [7/100] rate=0.000% prob_mean=0.001740 margin_mean=0.909602
Val-LogitMargin [7/100] TrueKnown-VMax mean=7.3747 std=1.1702 p10=5.9773 p50=7.2003 p90=9.0006

Test-  OSR [7/100] LR=0.0005000 ACC=58.250 F1=61.422 Rec=77.667 Prec=53.590 UNK=0.000 OS*=93.200 HOS=0.000 AUROC=81.550 AUPR=65.213 OSCR=79.260
Test-Close [7/100] LR=0.0005000 loss=1.817 ACC=93.200 F1=93.114 Rec=93.200 Prec=93.845
Test-Virtual [7/100] CloseK->V=0.000% Open->V=0.000% OpenVEntropy=0.000000 CloseHist=[0, 0, 0] OpenHist=[0, 0, 0]
Test-LogitMargin [7/100] CloseTrue-VMax mean=7.4042 std=1.1674 p10=5.9846 p50=7.2198 p90=9.0302 | OpenKnown-VMax mean=6.6747 std=0.9213 p10=5.5498 p50=6.6347 p90=7.9687
AnchorDiag [7/100] VNorm=[1.0000001192092896, 1.0, 0.9999999403953552] VDriftMax=0.000000 Vcos(max/mean)=(0.0000/-0.0000) KVcos(max/mean)=(0.0147/-0.0020) ValK->V=0.00% CloseK->V=0.00% Open->V=0.00% OpenVEntropy=0.0000
Saving best model . . . . . . . .

Train Client0 [8/100] LR=0.0005000 loss=0.478 (CE=0.258 VIR=0.011 wVIR=0.003 AUX=0.217 w=0.320) ACC=90.356 F1=71.258 Rec=71.253 Prec=71.275
Train Client1 [8/100] LR=0.0005000 loss=0.312 (CE=0.175 VIR=0.008 wVIR=0.002 AUX=0.134 w=0.320) ACC=94.011 F1=79.003 Rec=77.785 Prec=81.160
Train Client2 [8/100] LR=0.0005000 loss=0.495 (CE=0.267 VIR=0.032 wVIR=0.010 AUX=0.217 w=0.320) ACC=91.302 F1=79.490 Rec=77.954 Prec=82.670
Train Client3 [8/100] LR=0.0005000 loss=0.470 (CE=0.243 VIR=0.010 wVIR=0.003 AUX=0.224 w=0.320) ACC=91.477 F1=76.073 Rec=75.011 Prec=78.367
Train Client4 [8/100] LR=0.0005000 loss=0.284 (CE=0.166 VIR=0.011 wVIR=0.004 AUX=0.114 w=0.320) ACC=94.512 F1=69.578 Rec=68.668 Prec=70.653
Train Client5 [8/100] LR=0.0005000 loss=0.357 (CE=0.183 VIR=0.006 wVIR=0.002 AUX=0.173 w=0.320) ACC=94.196 F1=75.127 Rec=75.099 Prec=75.158
Train Client6 [8/100] LR=0.0005000 loss=0.773 (CE=0.412 VIR=0.048 wVIR=0.015 AUX=0.346 w=0.320) ACC=84.722 F1=68.755 Rec=66.603 Prec=71.906
Train Client7 [8/100] LR=0.0005000 loss=0.643 (CE=0.340 VIR=0.024 wVIR=0.008 AUX=0.296 w=0.320) ACC=88.864 F1=68.197 Rec=67.041 Prec=69.652

Val    [8/100] LR=0.0005000 loss=1.834 ACC=92.971 F1=92.886 Rec=92.971 Prec=93.770
Val-Known->Virtual [8/100] rate=0.000% prob_mean=0.002135 margin_mean=0.910342
Val-LogitMargin [8/100] TrueKnown-VMax mean=7.3073 std=1.3535 p10=5.6838 p50=7.1665 p90=9.1204

Test-  OSR [8/100] LR=0.0005000 ACC=58.286 F1=61.178 Rec=77.714 Prec=52.827 UNK=0.000 OS*=93.257 HOS=0.000 AUROC=83.762 AUPR=67.174 OSCR=80.902
Test-Close [8/100] LR=0.0005000 loss=1.828 ACC=93.257 F1=93.202 Rec=93.257 Prec=93.837
Test-Virtual [8/100] CloseK->V=0.000% Open->V=0.000% OpenVEntropy=0.000000 CloseHist=[0, 0, 0] OpenHist=[0, 0, 0]
Test-LogitMargin [8/100] CloseTrue-VMax mean=7.3427 std=1.3539 p10=5.6327 p50=7.1823 p90=9.1527 | OpenKnown-VMax mean=6.8396 std=1.0914 p10=5.4780 p50=6.7903 p90=8.3527
AnchorDiag [8/100] VNorm=[1.0000001192092896, 1.0, 0.9999999403953552] VDriftMax=0.000000 Vcos(max/mean)=(0.0000/-0.0000) KVcos(max/mean)=(0.0172/-0.0016) ValK->V=0.00% CloseK->V=0.00% Open->V=0.00% OpenVEntropy=0.0000
Saving best model . . . . . . . .

Train Client0 [9/100] LR=0.0005000 loss=0.478 (CE=0.259 VIR=0.011 wVIR=0.003 AUX=0.215 w=0.275) ACC=89.547 F1=70.592 Rec=70.377 Prec=70.821
Train Client1 [9/100] LR=0.0005000 loss=0.307 (CE=0.172 VIR=0.008 wVIR=0.002 AUX=0.133 w=0.275) ACC=94.150 F1=80.326 Rec=78.538 Prec=83.501
Train Client2 [9/100] LR=0.0005000 loss=0.457 (CE=0.254 VIR=0.026 wVIR=0.007 AUX=0.196 w=0.275) ACC=91.968 F1=81.367 Rec=80.132 Prec=83.709
Train Client3 [9/100] LR=0.0005000 loss=0.476 (CE=0.230 VIR=0.012 wVIR=0.003 AUX=0.243 w=0.275) ACC=92.992 F1=81.013 Rec=79.491 Prec=83.221
Train Client4 [9/100] LR=0.0005000 loss=0.268 (CE=0.150 VIR=0.021 wVIR=0.006 AUX=0.112 w=0.275) ACC=95.427 F1=78.810 Rec=77.663 Prec=80.122
Train Client5 [9/100] LR=0.0005000 loss=0.336 (CE=0.182 VIR=0.010 wVIR=0.003 AUX=0.151 w=0.275) ACC=94.286 F1=75.438 Rec=75.567 Prec=75.316
Train Client6 [9/100] LR=0.0005000 loss=0.766 (CE=0.412 VIR=0.073 wVIR=0.020 AUX=0.334 w=0.275) ACC=86.111 F1=72.769 Rec=72.660 Prec=74.819
Train Client7 [9/100] LR=0.0005000 loss=0.549 (CE=0.292 VIR=0.023 wVIR=0.006 AUX=0.251 w=0.275) ACC=89.318 F1=86.569 Rec=85.159 Prec=88.225

Val    [9/100] LR=0.0005000 loss=1.824 ACC=93.257 F1=93.132 Rec=93.257 Prec=94.191
Val-Known->Virtual [9/100] rate=0.000% prob_mean=0.001950 margin_mean=0.911463
Val-LogitMargin [9/100] TrueKnown-VMax mean=7.2726 std=1.2351 p10=5.7583 p50=7.1082 p90=8.9873

Test-  OSR [9/100] LR=0.0005000 ACC=58.214 F1=61.466 Rec=77.619 Prec=54.062 UNK=0.000 OS*=93.143 HOS=0.000 AUROC=80.034 AUPR=63.017 OSCR=77.697
Test-Close [9/100] LR=0.0005000 loss=1.822 ACC=93.143 F1=92.967 Rec=93.143 Prec=93.842
Test-Virtual [9/100] CloseK->V=0.000% Open->V=0.000% OpenVEntropy=0.000000 CloseHist=[0, 0, 0] OpenHist=[0, 0, 0]
Test-LogitMargin [9/100] CloseTrue-VMax mean=7.3126 std=1.2403 p10=5.8401 p50=7.1099 p90=9.0414 | OpenKnown-VMax mean=6.8828 std=0.9647 p10=5.6709 p50=6.8594 p90=8.1494
AnchorDiag [9/100] VNorm=[1.0000001192092896, 1.0, 0.9999999403953552] VDriftMax=0.000000 Vcos(max/mean)=(0.0000/-0.0000) KVcos(max/mean)=(0.0228/-0.0012) ValK->V=0.00% CloseK->V=0.00% Open->V=0.00% OpenVEntropy=0.0000
Train Client0 [10/100] LR=0.0005000 loss=0.446 (CE=0.238 VIR=0.010 wVIR=0.002 AUX=0.206 w=0.230) ACC=89.817 F1=70.916 Rec=70.893 Prec=70.941
Train Client1 [10/100] LR=0.0005000 loss=0.298 (CE=0.167 VIR=0.012 wVIR=0.003 AUX=0.128 w=0.230) ACC=94.742 F1=81.879 Rec=80.758 Prec=83.486
Train Client2 [10/100] LR=0.0005000 loss=0.383 (CE=0.214 VIR=0.021 wVIR=0.005 AUX=0.164 w=0.230) ACC=92.871 F1=85.972 Rec=84.944 Prec=87.616
Train Client3 [10/100] LR=0.0005000 loss=0.414 (CE=0.201 VIR=0.005 wVIR=0.001 AUX=0.212 w=0.230) ACC=92.424 F1=87.775 Rec=87.295 Prec=88.335
Train Client4 [10/100] LR=0.0005000 loss=0.242 (CE=0.143 VIR=0.031 wVIR=0.007 AUX=0.092 w=0.230) ACC=95.884 F1=75.966 Rec=75.177 Prec=76.836
Train Client5 [10/100] LR=0.0005000 loss=0.366 (CE=0.194 VIR=0.008 wVIR=0.002 AUX=0.171 w=0.230) ACC=93.482 F1=74.422 Rec=74.602 Prec=74.254
Train Client6 [10/100] LR=0.0005000 loss=0.613 (CE=0.339 VIR=0.056 wVIR=0.013 AUX=0.262 w=0.230) ACC=86.944 F1=79.416 Rec=77.863 Prec=81.521
Train Client7 [10/100] LR=0.0005000 loss=0.537 (CE=0.289 VIR=0.028 wVIR=0.007 AUX=0.241 w=0.230) ACC=90.303 F1=68.705 Rec=67.895 Prec=69.667

Val    [10/100] LR=0.0005000 loss=1.824 ACC=92.800 F1=92.672 Rec=92.800 Prec=93.861
Val-Known->Virtual [10/100] rate=0.000% prob_mean=0.001656 margin_mean=0.929126
Val-LogitMargin [10/100] TrueKnown-VMax mean=7.3625 std=1.1486 p10=5.9417 p50=7.3002 p90=8.8584

Test-  OSR [10/100] LR=0.0005000 ACC=58.036 F1=60.744 Rec=77.381 Prec=53.025 UNK=0.000 OS*=92.857 HOS=0.000 AUROC=83.074 AUPR=70.753 OSCR=79.956
Test-Close [10/100] LR=0.0005000 loss=1.821 ACC=92.857 F1=92.698 Rec=92.857 Prec=93.733
Test-Virtual [10/100] CloseK->V=0.000% Open->V=0.000% OpenVEntropy=0.000000 CloseHist=[0, 0, 0] OpenHist=[0, 0, 0]
Test-LogitMargin [10/100] CloseTrue-VMax mean=7.3893 std=1.1520 p10=6.0144 p50=7.2823 p90=8.9348 | OpenKnown-VMax mean=6.3735 std=1.1820 p10=4.5940 p50=6.5264 p90=7.8223
AnchorDiag [10/100] VNorm=[1.0000001192092896, 1.0, 0.9999999403953552] VDriftMax=0.000000 Vcos(max/mean)=(0.0000/-0.0000) KVcos(max/mean)=(0.0238/-0.0008) ValK->V=0.00% CloseK->V=0.00% Open->V=0.00% OpenVEntropy=0.0000
Saving model at epoch 10 . . . . . . . .

Train Client0 [11/100] LR=0.0005000 loss=0.412 (CE=0.221 VIR=0.018 wVIR=0.003 AUX=0.187 w=0.185) ACC=91.487 F1=90.740 Rec=90.969 Prec=90.518
Train Client1 [11/100] LR=0.0005000 loss=0.294 (CE=0.163 VIR=0.016 wVIR=0.003 AUX=0.129 w=0.185) ACC=95.125 F1=85.112 Rec=82.903 Prec=88.778
Train Client2 [11/100] LR=0.0005000 loss=0.365 (CE=0.208 VIR=0.028 wVIR=0.005 AUX=0.152 w=0.185) ACC=93.156 F1=83.225 Rec=81.740 Prec=85.547
Train Client3 [11/100] LR=0.0005000 loss=0.409 (CE=0.196 VIR=0.009 wVIR=0.002 AUX=0.212 w=0.185) ACC=92.614 F1=89.762 Rec=91.228 Prec=88.641
Train Client4 [11/100] LR=0.0005000 loss=0.215 (CE=0.125 VIR=0.027 wVIR=0.005 AUX=0.085 w=0.185) ACC=95.732 F1=70.768 Rec=69.798 Prec=72.003
Train Client5 [11/100] LR=0.0005000 loss=0.321 (CE=0.175 VIR=0.013 wVIR=0.002 AUX=0.144 w=0.185) ACC=95.000 F1=81.518 Rec=80.680 Prec=82.599
Train Client6 [11/100] LR=0.0005000 loss=0.606 (CE=0.334 VIR=0.074 wVIR=0.014 AUX=0.258 w=0.185) ACC=85.833 F1=75.000 Rec=74.735 Prec=76.611
Train Client7 [11/100] LR=0.0005000 loss=0.530 (CE=0.287 VIR=0.037 wVIR=0.007 AUX=0.236 w=0.185) ACC=90.909 F1=68.409 Rec=67.674 Prec=69.268

Val    [11/100] LR=0.0005000 loss=1.814 ACC=93.543 F1=93.487 Rec=93.543 Prec=94.268
Val-Known->Virtual [11/100] rate=0.000% prob_mean=0.001915 margin_mean=0.931546
Val-LogitMargin [11/100] TrueKnown-VMax mean=7.1860 std=1.0465 p10=5.9893 p50=7.1725 p90=8.4984

Test-  OSR [11/100] LR=0.0005000 ACC=58.857 F1=61.310 Rec=78.476 Prec=52.504 UNK=0.000 OS*=94.171 HOS=0.000 AUROC=84.183 AUPR=75.998 OSCR=81.350
Test-Close [11/100] LR=0.0005000 loss=1.803 ACC=94.171 F1=94.120 Rec=94.171 Prec=94.691
Test-Virtual [11/100] CloseK->V=0.000% Open->V=0.000% OpenVEntropy=0.000000 CloseHist=[0, 0, 0] OpenHist=[0, 0, 0]
Test-LogitMargin [11/100] CloseTrue-VMax mean=7.2253 std=1.0302 p10=6.0578 p50=7.1776 p90=8.5561 | OpenKnown-VMax mean=6.0527 std=1.3717 p10=3.8784 p50=6.3901 p90=7.6479
AnchorDiag [11/100] VNorm=[1.0000001192092896, 1.0, 0.9999999403953552] VDriftMax=0.000000 Vcos(max/mean)=(0.0000/-0.0000) KVcos(max/mean)=(0.0282/0.0004) ValK->V=0.00% CloseK->V=0.00% Open->V=0.00% OpenVEntropy=0.0000
Saving best model . . . . . . . .

Train Client0 [12/100] LR=0.0005000 loss=0.368 (CE=0.202 VIR=0.012 wVIR=0.002 AUX=0.164 w=0.140) ACC=92.134 F1=72.981 Rec=72.975 Prec=72.989
Train Client1 [12/100] LR=0.0005000 loss=0.278 (CE=0.159 VIR=0.016 wVIR=0.002 AUX=0.116 w=0.140) ACC=94.533 F1=80.974 Rec=79.369 Prec=83.949
Train Client2 [12/100] LR=0.0005000 loss=0.384 (CE=0.213 VIR=0.050 wVIR=0.007 AUX=0.164 w=0.140) ACC=92.918 F1=81.288 Rec=80.268 Prec=83.039
Train Client3 [12/100] LR=0.0005000 loss=0.455 (CE=0.224 VIR=0.016 wVIR=0.002 AUX=0.229 w=0.140) ACC=92.614 F1=83.039 Rec=81.889 Prec=84.399
Train Client4 [12/100] LR=0.0005000 loss=0.220 (CE=0.131 VIR=0.030 wVIR=0.004 AUX=0.085 w=0.140) ACC=95.655 F1=71.498 Rec=70.600 Prec=74.295
Train Client5 [12/100] LR=0.0005000 loss=0.250 (CE=0.136 VIR=0.009 wVIR=0.001 AUX=0.113 w=0.140) ACC=95.893 F1=76.693 Rec=76.893 Prec=76.498
Train Client6 [12/100] LR=0.0005000 loss=0.639 (CE=0.340 VIR=0.109 wVIR=0.015 AUX=0.284 w=0.140) ACC=89.722 F1=81.283 Rec=80.044 Prec=84.812
Train Client7 [12/100] LR=0.0005000 loss=0.542 (CE=0.288 VIR=0.060 wVIR=0.008 AUX=0.246 w=0.140) ACC=90.758 F1=89.055 Rec=87.328 Prec=91.086

Val    [12/100] LR=0.0005000 loss=1.815 ACC=94.057 F1=94.016 Rec=94.057 Prec=94.611
Val-Known->Virtual [12/100] rate=0.000% prob_mean=0.004317 margin_mean=0.917083
Val-LogitMargin [12/100] TrueKnown-VMax mean=6.4866 std=1.1413 p10=5.1287 p50=6.3687 p90=8.0086

Test-  OSR [12/100] LR=0.0005000 ACC=59.321 F1=62.080 Rec=79.095 Prec=52.976 UNK=0.000 OS*=94.914 HOS=0.000 AUROC=86.025 AUPR=76.234 OSCR=83.514
Test-Close [12/100] LR=0.0005000 loss=1.801 ACC=94.914 F1=94.872 Rec=94.914 Prec=95.214
Test-Virtual [12/100] CloseK->V=0.000% Open->V=0.000% OpenVEntropy=0.000000 CloseHist=[0, 0, 0] OpenHist=[0, 0, 0]
Test-LogitMargin [12/100] CloseTrue-VMax mean=6.5300 std=1.1319 p10=5.2092 p50=6.3800 p90=8.0487 | OpenKnown-VMax mean=5.4167 std=1.0868 p10=3.8762 p50=5.5651 p90=6.7346
AnchorDiag [12/100] VNorm=[1.0000001192092896, 1.0, 0.9999999403953552] VDriftMax=0.000000 Vcos(max/mean)=(0.0000/-0.0000) KVcos(max/mean)=(0.0305/0.0011) ValK->V=0.00% CloseK->V=0.00% Open->V=0.00% OpenVEntropy=0.0000
Saving best model . . . . . . . .

Train Client0 [13/100] LR=0.0005000 loss=0.369 (CE=0.202 VIR=0.022 wVIR=0.002 AUX=0.165 w=0.095) ACC=91.972 F1=91.142 Rec=91.475 Prec=90.846
Train Client1 [13/100] LR=0.0005000 loss=0.247 (CE=0.138 VIR=0.019 wVIR=0.002 AUX=0.108 w=0.095) ACC=95.334 F1=84.621 Rec=83.553 Prec=85.979
Train Client2 [13/100] LR=0.0005000 loss=0.325 (CE=0.184 VIR=0.045 wVIR=0.004 AUX=0.137 w=0.095) ACC=94.297 F1=87.168 Rec=85.514 Prec=89.907
Train Client3 [13/100] LR=0.0005000 loss=0.425 (CE=0.218 VIR=0.032 wVIR=0.003 AUX=0.203 w=0.095) ACC=92.992 F1=90.388 Rec=88.971 Prec=92.141
Train Client4 [13/100] LR=0.0005000 loss=0.255 (CE=0.147 VIR=0.047 wVIR=0.004 AUX=0.103 w=0.095) ACC=95.808 F1=74.687 Rec=72.940 Prec=76.778
Train Client5 [13/100] LR=0.0005000 loss=0.278 (CE=0.148 VIR=0.022 wVIR=0.002 AUX=0.127 w=0.095) ACC=95.357 F1=87.481 Rec=86.305 Prec=89.149
Train Client6 [13/100] LR=0.0005000 loss=0.483 (CE=0.266 VIR=0.069 wVIR=0.007 AUX=0.210 w=0.095) ACC=88.611 F1=81.412 Rec=82.417 Prec=80.847
Train Client7 [13/100] LR=0.0005000 loss=0.492 (CE=0.264 VIR=0.073 wVIR=0.007 AUX=0.221 w=0.095) ACC=92.500 F1=85.183 Rec=91.009 Prec=82.744

Val    [13/100] LR=0.0005000 loss=1.789 ACC=94.514 F1=94.481 Rec=94.514 Prec=95.040
Val-Known->Virtual [13/100] rate=0.000% prob_mean=0.004170 margin_mean=0.933455
Val-LogitMargin [13/100] TrueKnown-VMax mean=6.4995 std=1.0595 p10=5.2138 p50=6.4531 p90=7.8103

Test-  OSR [13/100] LR=0.0005000 ACC=59.321 F1=62.120 Rec=79.095 Prec=53.113 UNK=0.000 OS*=94.914 HOS=0.000 AUROC=82.592 AUPR=71.724 OSCR=80.616
Test-Close [13/100] LR=0.0005000 loss=1.780 ACC=94.914 F1=94.861 Rec=94.914 Prec=95.184
Test-Virtual [13/100] CloseK->V=0.000% Open->V=0.000% OpenVEntropy=0.000000 CloseHist=[0, 0, 0] OpenHist=[0, 0, 0]
Test-LogitMargin [13/100] CloseTrue-VMax mean=6.5304 std=1.0618 p10=5.3026 p50=6.4904 p90=7.8568 | OpenKnown-VMax mean=5.4127 std=1.2246 p10=3.6338 p50=5.5731 p90=6.9334
AnchorDiag [13/100] VNorm=[1.0000001192092896, 1.0, 0.9999999403953552] VDriftMax=0.000000 Vcos(max/mean)=(0.0000/-0.0000) KVcos(max/mean)=(0.0311/0.0024) ValK->V=0.00% CloseK->V=0.00% Open->V=0.00% OpenVEntropy=0.0000
Train Client0 [14/100] LR=0.0005000 loss=0.383 (CE=0.211 VIR=0.042 wVIR=0.002 AUX=0.170 w=0.050) ACC=92.349 F1=91.594 Rec=91.686 Prec=91.504
Train Client1 [14/100] LR=0.0005000 loss=0.240 (CE=0.136 VIR=0.023 wVIR=0.001 AUX=0.103 w=0.050) ACC=95.543 F1=84.714 Rec=83.286 Prec=86.767
Train Client2 [14/100] LR=0.0005000 loss=0.358 (CE=0.202 VIR=0.096 wVIR=0.005 AUX=0.152 w=0.050) ACC=93.584 F1=85.366 Rec=83.683 Prec=88.184
Train Client3 [14/100] LR=0.0005000 loss=0.348 (CE=0.173 VIR=0.023 wVIR=0.001 AUX=0.174 w=0.050) ACC=93.561 F1=90.277 Rec=91.509 Prec=89.286
Train Client4 [14/100] LR=0.0005000 loss=0.188 (CE=0.112 VIR=0.047 wVIR=0.002 AUX=0.074 w=0.050) ACC=96.570 F1=77.386 Rec=76.155 Prec=79.326
Train Client5 [14/100] LR=0.0005000 loss=0.299 (CE=0.167 VIR=0.027 wVIR=0.001 AUX=0.131 w=0.050) ACC=94.643 F1=75.257 Rec=75.175 Prec=75.349
Train Client6 [14/100] LR=0.0005000 loss=0.612 (CE=0.355 VIR=0.209 wVIR=0.010 AUX=0.246 w=0.050) ACC=87.778 F1=77.628 Rec=75.899 Prec=79.722
Train Client7 [14/100] LR=0.0005000 loss=0.492 (CE=0.264 VIR=0.115 wVIR=0.006 AUX=0.222 w=0.050) ACC=92.121 F1=90.776 Rec=89.623 Prec=92.064

Val    [14/100] LR=0.0005000 loss=1.792 ACC=94.571 F1=94.546 Rec=94.571 Prec=94.960
Val-Known->Virtual [14/100] rate=0.000% prob_mean=0.007684 margin_mean=0.926213
Val-LogitMargin [14/100] TrueKnown-VMax mean=5.8825 std=1.0317 p10=4.5475 p50=6.0178 p90=7.1673

Test-  OSR [14/100] LR=0.0005000 ACC=59.286 F1=62.281 Rec=79.048 Prec=53.338 UNK=0.000 OS*=94.857 HOS=0.000 AUROC=82.050 AUPR=69.586 OSCR=80.178
Test-Close [14/100] LR=0.0005000 loss=1.784 ACC=94.857 F1=94.821 Rec=94.857 Prec=95.106
Test-Virtual [14/100] CloseK->V=0.000% Open->V=0.000% OpenVEntropy=0.000000 CloseHist=[0, 0, 0] OpenHist=[0, 0, 0]
Test-LogitMargin [14/100] CloseTrue-VMax mean=5.9037 std=1.0391 p10=4.5602 p50=6.0416 p90=7.1684 | OpenKnown-VMax mean=4.8761 std=1.1115 p10=3.3304 p50=4.9353 p90=6.2450
AnchorDiag [14/100] VNorm=[1.0000001192092896, 1.0, 0.9999999403953552] VDriftMax=0.000000 Vcos(max/mean)=(0.0000/-0.0000) KVcos(max/mean)=(0.0346/0.0036) ValK->V=0.00% CloseK->V=0.00% Open->V=0.00% OpenVEntropy=0.0000
Train Client0 [15/100] LR=0.0005000 loss=0.359 (CE=0.197 VIR=0.046 wVIR=0.002 AUX=0.160 w=0.050) ACC=92.726 F1=73.708 Rec=73.991 Prec=73.452
Train Client1 [15/100] LR=0.0005000 loss=0.223 (CE=0.126 VIR=0.026 wVIR=0.001 AUX=0.096 w=0.050) ACC=95.926 F1=86.164 Rec=84.664 Prec=88.192
Train Client2 [15/100] LR=0.0005000 loss=0.369 (CE=0.209 VIR=0.112 wVIR=0.006 AUX=0.155 w=0.050) ACC=93.679 F1=85.250 Rec=84.085 Prec=87.224
Train Client3 [15/100] LR=0.0005000 loss=0.375 (CE=0.197 VIR=0.035 wVIR=0.002 AUX=0.176 w=0.050) ACC=92.803 F1=89.946 Rec=91.195 Prec=88.965
Train Client4 [15/100] LR=0.0005000 loss=0.187 (CE=0.110 VIR=0.064 wVIR=0.003 AUX=0.074 w=0.050) ACC=96.799 F1=80.981 Rec=83.742 Prec=79.072
Train Client5 [15/100] LR=0.0005000 loss=0.235 (CE=0.124 VIR=0.029 wVIR=0.001 AUX=0.109 w=0.050) ACC=95.357 F1=81.012 Rec=80.978 Prec=81.048
Train Client6 [15/100] LR=0.0005000 loss=0.467 (CE=0.258 VIR=0.201 wVIR=0.010 AUX=0.199 w=0.050) ACC=88.889 F1=83.848 Rec=84.833 Prec=82.976
Train Client7 [15/100] LR=0.0005000 loss=0.457 (CE=0.248 VIR=0.146 wVIR=0.007 AUX=0.201 w=0.050) ACC=92.273 F1=91.069 Rec=90.248 Prec=92.010

Val    [15/100] LR=0.0005000 loss=1.786 ACC=94.686 F1=94.638 Rec=94.686 Prec=95.173
Val-Known->Virtual [15/100] rate=0.000% prob_mean=0.009197 margin_mean=0.928431
Val-LogitMargin [15/100] TrueKnown-VMax mean=5.7091 std=0.9931 p10=4.4694 p50=5.7842 p90=6.9396

Test-  OSR [15/100] LR=0.0005000 ACC=59.107 F1=61.778 Rec=78.810 Prec=52.935 UNK=0.000 OS*=94.571 HOS=0.000 AUROC=83.267 AUPR=74.445 OSCR=81.115
Test-Close [15/100] LR=0.0005000 loss=1.779 ACC=94.571 F1=94.511 Rec=94.571 Prec=94.913
Test-Virtual [15/100] CloseK->V=0.000% Open->V=0.000% OpenVEntropy=0.000000 CloseHist=[0, 0, 0] OpenHist=[0, 0, 0]
Test-LogitMargin [15/100] CloseTrue-VMax mean=5.7393 std=0.9984 p10=4.4794 p50=5.8067 p90=6.9349 | OpenKnown-VMax mean=4.4363 std=1.3400 p10=2.3687 p50=4.6925 p90=5.9519
AnchorDiag [15/100] VNorm=[1.0000001192092896, 1.0, 0.9999999403953552] VDriftMax=0.000000 Vcos(max/mean)=(0.0000/-0.0000) KVcos(max/mean)=(0.0383/0.0049) ValK->V=0.00% CloseK->V=0.00% Open->V=0.00% OpenVEntropy=0.0000
Saving model at epoch 15 . . . . . . . .

Train Client0 [16/100] LR=0.0005000 loss=0.336 (CE=0.178 VIR=0.048 wVIR=0.002 AUX=0.155 w=0.050) ACC=93.534 F1=93.087 Rec=93.551 Prec=92.673
Train Client1 [16/100] LR=0.0005000 loss=0.213 (CE=0.119 VIR=0.032 wVIR=0.002 AUX=0.092 w=0.050) ACC=96.309 F1=89.785 Rec=88.892 Prec=90.776
Train Client2 [16/100] LR=0.0005000 loss=0.345 (CE=0.195 VIR=0.115 wVIR=0.006 AUX=0.144 w=0.050) ACC=94.154 F1=85.970 Rec=84.527 Prec=88.087
Train Client3 [16/100] LR=0.0005000 loss=0.307 (CE=0.163 VIR=0.043 wVIR=0.002 AUX=0.142 w=0.050) ACC=94.508 F1=93.878 Rec=93.260 Prec=94.607
Train Client4 [16/100] LR=0.0005000 loss=0.215 (CE=0.124 VIR=0.067 wVIR=0.003 AUX=0.088 w=0.050) ACC=96.799 F1=73.963 Rec=72.988 Prec=76.955
Train Client5 [16/100] LR=0.0005000 loss=0.248 (CE=0.135 VIR=0.034 wVIR=0.002 AUX=0.111 w=0.050) ACC=95.982 F1=76.327 Rec=76.420 Prec=76.236
Train Client6 [16/100] LR=0.0005000 loss=0.550 (CE=0.295 VIR=0.267 wVIR=0.013 AUX=0.242 w=0.050) ACC=89.444 F1=83.506 Rec=82.372 Prec=85.295
Train Client7 [16/100] LR=0.0005000 loss=0.425 (CE=0.220 VIR=0.125 wVIR=0.006 AUX=0.198 w=0.050) ACC=93.258 F1=91.372 Rec=90.358 Prec=92.482

Val    [16/100] LR=0.0005000 loss=1.814 ACC=94.343 F1=94.338 Rec=94.343 Prec=94.800
Val-Known->Virtual [16/100] rate=0.000% prob_mean=0.006425 margin_mean=0.936717
Val-LogitMargin [16/100] TrueKnown-VMax mean=6.0675 std=1.0783 p10=4.6811 p50=6.2963 p90=7.2529

Test-  OSR [16/100] LR=0.0005000 ACC=59.179 F1=61.503 Rec=78.905 Prec=51.884 UNK=0.000 OS*=94.686 HOS=0.000 AUROC=87.251 AUPR=79.608 OSCR=84.243
Test-Close [16/100] LR=0.0005000 loss=1.803 ACC=94.686 F1=94.670 Rec=94.686 Prec=95.034
Test-Virtual [16/100] CloseK->V=0.000% Open->V=0.000% OpenVEntropy=0.000000 CloseHist=[0, 0, 0] OpenHist=[0, 0, 0]
Test-LogitMargin [16/100] CloseTrue-VMax mean=6.0941 std=1.0655 p10=4.6960 p50=6.3092 p90=7.3066 | OpenKnown-VMax mean=4.3842 std=1.5259 p10=2.1790 p50=4.7039 p90=6.2310
AnchorDiag [16/100] VNorm=[1.0000001192092896, 1.0, 0.9999999403953552] VDriftMax=0.000000 Vcos(max/mean)=(0.0000/-0.0000) KVcos(max/mean)=(0.0386/0.0057) ValK->V=0.00% CloseK->V=0.00% Open->V=0.00% OpenVEntropy=0.0000
Saving best model . . . . . . . .

Train Client0 [17/100] LR=0.0005000 loss=0.331 (CE=0.178 VIR=0.049 wVIR=0.002 AUX=0.150 w=0.050) ACC=93.481 F1=92.952 Rec=93.567 Prec=92.426
Train Client1 [17/100] LR=0.0005000 loss=0.227 (CE=0.128 VIR=0.046 wVIR=0.002 AUX=0.097 w=0.050) ACC=95.717 F1=84.946 Rec=83.683 Prec=86.794
Train Client2 [17/100] LR=0.0005000 loss=0.337 (CE=0.188 VIR=0.133 wVIR=0.007 AUX=0.142 w=0.050) ACC=94.297 F1=86.615 Rec=85.808 Prec=87.661
Train Client3 [17/100] LR=0.0005000 loss=0.320 (CE=0.170 VIR=0.044 wVIR=0.002 AUX=0.148 w=0.050) ACC=94.508 F1=92.364 Rec=90.699 Prec=94.355
Train Client4 [17/100] LR=0.0005000 loss=0.171 (CE=0.100 VIR=0.104 wVIR=0.005 AUX=0.066 w=0.050) ACC=97.332 F1=84.150 Rec=83.841 Prec=84.480
Train Client5 [17/100] LR=0.0005000 loss=0.240 (CE=0.129 VIR=0.039 wVIR=0.002 AUX=0.109 w=0.050) ACC=95.804 F1=76.779 Rec=76.883 Prec=76.677
Train Client6 [17/100] LR=0.0005000 loss=0.513 (CE=0.285 VIR=0.293 wVIR=0.015 AUX=0.214 w=0.050) ACC=90.278 F1=83.379 Rec=81.631 Prec=86.192
Train Client7 [17/100] LR=0.0005000 loss=0.362 (CE=0.195 VIR=0.120 wVIR=0.006 AUX=0.161 w=0.050) ACC=93.712 F1=91.650 Rec=90.936 Prec=92.441

Val    [17/100] LR=0.0005000 loss=1.771 ACC=94.971 F1=94.938 Rec=94.971 Prec=95.375
Val-Known->Virtual [17/100] rate=0.000% prob_mean=0.005786 margin_mean=0.947173
Val-LogitMargin [17/100] TrueKnown-VMax mean=6.2377 std=1.0683 p10=4.9519 p50=6.2368 p90=7.5923

Test-  OSR [17/100] LR=0.0005000 ACC=59.571 F1=62.716 Rec=79.429 Prec=53.881 UNK=0.000 OS*=95.314 HOS=0.000 AUROC=84.713 AUPR=73.912 OSCR=82.774
Test-Close [17/100] LR=0.0005000 loss=1.763 ACC=95.314 F1=95.284 Rec=95.314 Prec=95.553
Test-Virtual [17/100] CloseK->V=0.000% Open->V=0.000% OpenVEntropy=0.000000 CloseHist=[0, 0, 0] OpenHist=[0, 0, 0]
Test-LogitMargin [17/100] CloseTrue-VMax mean=6.2576 std=1.0676 p10=5.0052 p50=6.2407 p90=7.6121 | OpenKnown-VMax mean=5.0646 std=1.1827 p10=3.3778 p50=5.2481 p90=6.4421
AnchorDiag [17/100] VNorm=[1.0000001192092896, 1.0, 0.9999999403953552] VDriftMax=0.000000 Vcos(max/mean)=(0.0000/-0.0000) KVcos(max/mean)=(0.0401/0.0062) ValK->V=0.00% CloseK->V=0.00% Open->V=0.00% OpenVEntropy=0.0000
Train Client0 [18/100] LR=0.0005000 loss=0.337 (CE=0.179 VIR=0.069 wVIR=0.003 AUX=0.154 w=0.050) ACC=93.157 F1=92.568 Rec=92.903 Prec=92.247
Train Client1 [18/100] LR=0.0005000 loss=0.190 (CE=0.109 VIR=0.034 wVIR=0.002 AUX=0.079 w=0.050) ACC=96.588 F1=87.484 Rec=86.909 Prec=88.105
Train Client2 [18/100] LR=0.0005000 loss=0.328 (CE=0.178 VIR=0.125 wVIR=0.006 AUX=0.144 w=0.050) ACC=94.629 F1=87.940 Rec=86.932 Prec=89.178
Train Client3 [18/100] LR=0.0005000 loss=0.377 (CE=0.177 VIR=0.050 wVIR=0.002 AUX=0.197 w=0.050) ACC=93.371 F1=90.471 Rec=88.788 Prec=92.470
Train Client4 [18/100] LR=0.0005000 loss=0.169 (CE=0.095 VIR=0.102 wVIR=0.005 AUX=0.068 w=0.050) ACC=97.637 F1=85.620 Rec=86.428 Prec=84.874
Train Client5 [18/100] LR=0.0005000 loss=0.238 (CE=0.129 VIR=0.037 wVIR=0.002 AUX=0.107 w=0.050) ACC=96.161 F1=82.575 Rec=81.847 Prec=83.543
Train Client6 [18/100] LR=0.0005000 loss=0.525 (CE=0.287 VIR=0.363 wVIR=0.018 AUX=0.220 w=0.050) ACC=89.722 F1=80.714 Rec=81.391 Prec=81.292
Train Client7 [18/100] LR=0.0005000 loss=0.398 (CE=0.209 VIR=0.209 wVIR=0.010 AUX=0.179 w=0.050) ACC=92.652 F1=71.423 Rec=70.513 Prec=72.431

Val    [18/100] LR=0.0005000 loss=1.780 ACC=94.971 F1=94.952 Rec=94.971 Prec=95.368
Val-Known->Virtual [18/100] rate=0.000% prob_mean=0.007564 margin_mean=0.954406
Val-LogitMargin [18/100] TrueKnown-VMax mean=5.9178 std=1.0358 p10=4.7356 p50=6.0056 p90=7.1609

Test-  OSR [18/100] LR=0.0005000 ACC=59.643 F1=62.892 Rec=79.524 Prec=54.196 UNK=0.000 OS*=95.429 HOS=0.000 AUROC=84.731 AUPR=75.051 OSCR=82.674
Test-Close [18/100] LR=0.0005000 loss=1.772 ACC=95.429 F1=95.395 Rec=95.429 Prec=95.673
Test-Virtual [18/100] CloseK->V=0.000% Open->V=0.000% OpenVEntropy=0.000000 CloseHist=[0, 0, 0] OpenHist=[0, 0, 0]
Test-LogitMargin [18/100] CloseTrue-VMax mean=5.9447 std=1.0355 p10=4.7868 p50=6.0537 p90=7.1694 | OpenKnown-VMax mean=4.7580 std=1.2406 p10=2.9391 p50=4.9630 p90=6.1429
AnchorDiag [18/100] VNorm=[1.0000001192092896, 1.0, 0.9999999403953552] VDriftMax=0.000000 Vcos(max/mean)=(0.0000/-0.0000) KVcos(max/mean)=(0.0433/0.0071) ValK->V=0.00% CloseK->V=0.00% Open->V=0.00% OpenVEntropy=0.0000
Train Client0 [19/100] LR=0.0005000 loss=0.326 (CE=0.175 VIR=0.068 wVIR=0.003 AUX=0.148 w=0.050) ACC=93.050 F1=74.176 Rec=74.752 Prec=73.688
Train Client1 [19/100] LR=0.0005000 loss=0.224 (CE=0.121 VIR=0.045 wVIR=0.002 AUX=0.101 w=0.050) ACC=96.309 F1=88.612 Rec=87.748 Prec=89.544
Train Client2 [19/100] LR=0.0005000 loss=0.319 (CE=0.174 VIR=0.119 wVIR=0.006 AUX=0.138 w=0.050) ACC=94.439 F1=88.774 Rec=87.512 Prec=90.398
Train Client3 [19/100] LR=0.0005000 loss=0.406 (CE=0.211 VIR=0.142 wVIR=0.007 AUX=0.188 w=0.050) ACC=93.750 F1=91.714 Rec=90.142 Prec=93.601
Train Client4 [19/100] LR=0.0005000 loss=0.149 (CE=0.092 VIR=0.130 wVIR=0.006 AUX=0.050 w=0.050) ACC=97.180 F1=82.321 Rec=85.560 Prec=79.831
Train Client5 [19/100] LR=0.0005000 loss=0.180 (CE=0.102 VIR=0.036 wVIR=0.002 AUX=0.077 w=0.050) ACC=97.054 F1=82.577 Rec=82.510 Prec=82.646
Train Client6 [19/100] LR=0.0005000 loss=0.461 (CE=0.252 VIR=0.281 wVIR=0.014 AUX=0.195 w=0.050) ACC=89.444 F1=83.424 Rec=83.369 Prec=83.775
Train Client7 [19/100] LR=0.0005000 loss=0.414 (CE=0.222 VIR=0.183 wVIR=0.009 AUX=0.182 w=0.050) ACC=93.182 F1=72.277 Rec=71.638 Prec=73.010

Val    [19/100] LR=0.0005000 loss=1.765 ACC=95.371 F1=95.325 Rec=95.371 Prec=95.723
Val-Known->Virtual [19/100] rate=0.000% prob_mean=0.009057 margin_mean=0.942758
Val-LogitMargin [19/100] TrueKnown-VMax mean=5.8147 std=1.0838 p10=4.4988 p50=5.8095 p90=7.1850

Test-  OSR [19/100] LR=0.0005000 ACC=59.679 F1=62.298 Rec=79.571 Prec=53.153 UNK=0.000 OS*=95.486 HOS=0.000 AUROC=83.246 AUPR=74.506 OSCR=81.472
Test-Close [19/100] LR=0.0005000 loss=1.760 ACC=95.486 F1=95.437 Rec=95.486 Prec=95.708
Test-Virtual [19/100] CloseK->V=0.000% Open->V=0.000% OpenVEntropy=0.000000 CloseHist=[0, 0, 0] OpenHist=[0, 0, 0]
Test-LogitMargin [19/100] CloseTrue-VMax mean=5.8301 std=1.0859 p10=4.5395 p50=5.8344 p90=7.1950 | OpenKnown-VMax mean=4.7596 std=1.2217 p10=3.1175 p50=4.8793 p90=6.2966
AnchorDiag [19/100] VNorm=[1.0000001192092896, 1.0, 0.9999999403953552] VDriftMax=0.000000 Vcos(max/mean)=(0.0000/-0.0000) KVcos(max/mean)=(0.0455/0.0082) ValK->V=0.00% CloseK->V=0.00% Open->V=0.00% OpenVEntropy=0.0000
Train Client0 [20/100] LR=0.0005000 loss=0.297 (CE=0.155 VIR=0.044 wVIR=0.002 AUX=0.140 w=0.050) ACC=93.642 F1=93.235 Rec=93.463 Prec=93.019
Train Client1 [20/100] LR=0.0005000 loss=0.189 (CE=0.104 VIR=0.042 wVIR=0.002 AUX=0.083 w=0.050) ACC=96.518 F1=87.268 Rec=86.329 Prec=88.333
Train Client2 [20/100] LR=0.0005000 loss=0.286 (CE=0.160 VIR=0.109 wVIR=0.005 AUX=0.121 w=0.050) ACC=95.200 F1=89.337 Rec=88.691 Prec=90.100
Train Client3 [20/100] LR=0.0005000 loss=0.326 (CE=0.166 VIR=0.074 wVIR=0.004 AUX=0.156 w=0.050) ACC=95.076 F1=94.331 Rec=94.310 Prec=94.376
Train Client4 [20/100] LR=0.0005000 loss=0.159 (CE=0.098 VIR=0.093 wVIR=0.005 AUX=0.056 w=0.050) ACC=97.104 F1=84.493 Rec=85.139 Prec=83.962
Train Client5 [20/100] LR=0.0005000 loss=0.300 (CE=0.156 VIR=0.035 wVIR=0.002 AUX=0.142 w=0.050) ACC=96.071 F1=76.923 Rec=77.200 Prec=76.656
Train Client6 [20/100] LR=0.0005000 loss=0.451 (CE=0.260 VIR=0.327 wVIR=0.016 AUX=0.175 w=0.050) ACC=91.667 F1=87.044 Rec=86.529 Prec=87.815
Train Client7 [20/100] LR=0.0005000 loss=0.414 (CE=0.222 VIR=0.213 wVIR=0.011 AUX=0.182 w=0.050) ACC=93.636 F1=93.936 Rec=93.313 Prec=94.671

Val    [20/100] LR=0.0005000 loss=1.773 ACC=94.686 F1=94.644 Rec=94.686 Prec=95.185
Val-Known->Virtual [20/100] rate=0.000% prob_mean=0.009497 margin_mean=0.944390
Val-LogitMargin [20/100] TrueKnown-VMax mean=6.0344 std=1.4321 p10=4.4137 p50=5.8055 p90=8.0155

Test-  OSR [20/100] LR=0.0005000 ACC=59.464 F1=62.162 Rec=79.286 Prec=53.157 UNK=0.000 OS*=95.143 HOS=0.000 AUROC=79.280 AUPR=67.091 OSCR=77.747
Test-Close [20/100] LR=0.0005000 loss=1.768 ACC=95.143 F1=95.096 Rec=95.143 Prec=95.419
Test-Virtual [20/100] CloseK->V=0.000% Open->V=0.000% OpenVEntropy=0.000000 CloseHist=[0, 0, 0] OpenHist=[0, 0, 0]
Test-LogitMargin [20/100] CloseTrue-VMax mean=6.0558 std=1.4246 p10=4.4343 p50=5.8147 p90=8.0205 | OpenKnown-VMax mean=4.8981 std=1.1500 p10=3.4251 p50=4.9001 p90=6.4827
AnchorDiag [20/100] VNorm=[1.0000001192092896, 1.0, 0.9999999403953552] VDriftMax=0.000000 Vcos(max/mean)=(0.0000/-0.0000) KVcos(max/mean)=(0.0464/0.0094) ValK->V=0.00% CloseK->V=0.00% Open->V=0.00% OpenVEntropy=0.0000
Saving model at epoch 20 . . . . . . . .

Train Client0 [21/100] LR=0.0005000 loss=0.329 (CE=0.184 VIR=0.071 wVIR=0.004 AUX=0.142 w=0.050) ACC=93.534 F1=74.454 Rec=74.944 Prec=74.025
Train Client1 [21/100] LR=0.0005000 loss=0.161 (CE=0.091 VIR=0.034 wVIR=0.002 AUX=0.069 w=0.050) ACC=96.831 F1=87.912 Rec=87.165 Prec=88.739
Train Client2 [21/100] LR=0.0005000 loss=0.287 (CE=0.158 VIR=0.124 wVIR=0.006 AUX=0.123 w=0.050) ACC=95.532 F1=89.904 Rec=88.525 Prec=91.741
Train Client3 [21/100] LR=0.0005000 loss=0.274 (CE=0.136 VIR=0.037 wVIR=0.002 AUX=0.136 w=0.050) ACC=95.644 F1=92.100 Rec=95.329 Prec=89.826
Train Client4 [21/100] LR=0.0005000 loss=0.152 (CE=0.090 VIR=0.075 wVIR=0.004 AUX=0.058 w=0.050) ACC=97.180 F1=83.951 Rec=83.993 Prec=84.194
Train Client5 [21/100] LR=0.0005000 loss=0.150 (CE=0.084 VIR=0.035 wVIR=0.002 AUX=0.065 w=0.050) ACC=97.411 F1=78.265 Rec=78.060 Prec=78.474
Train Client6 [21/100] LR=0.0005000 loss=0.539 (CE=0.300 VIR=0.427 wVIR=0.021 AUX=0.218 w=0.050) ACC=88.333 F1=76.793 Rec=78.935 Prec=75.607
Train Client7 [21/100] LR=0.0005000 loss=0.400 (CE=0.211 VIR=0.183 wVIR=0.009 AUX=0.180 w=0.050) ACC=93.333 F1=92.724 Rec=91.648 Prec=93.939

Val    [21/100] LR=0.0005000 loss=1.768 ACC=95.314 F1=95.289 Rec=95.314 Prec=95.702
Val-Known->Virtual [21/100] rate=0.000% prob_mean=0.008655 margin_mean=0.951159
Val-LogitMargin [21/100] TrueKnown-VMax mean=5.9775 std=1.1945 p10=4.5517 p50=5.9757 p90=7.3981

Test-  OSR [21/100] LR=0.0005000 ACC=59.857 F1=62.392 Rec=79.810 Prec=52.980 UNK=0.000 OS*=95.771 HOS=0.000 AUROC=83.902 AUPR=76.789 OSCR=81.884
Test-Close [21/100] LR=0.0005000 loss=1.762 ACC=95.771 F1=95.735 Rec=95.771 Prec=95.939
Test-Virtual [21/100] CloseK->V=0.000% Open->V=0.000% OpenVEntropy=0.000000 CloseHist=[0, 0, 0] OpenHist=[0, 0, 0]
Test-LogitMargin [21/100] CloseTrue-VMax mean=5.9919 std=1.2046 p10=4.5520 p50=5.9785 p90=7.5109 | OpenKnown-VMax mean=4.6237 std=1.3986 p10=2.6448 p50=4.8344 p90=6.3913
AnchorDiag [21/100] VNorm=[1.0000001192092896, 1.0, 0.9999999403953552] VDriftMax=0.000000 Vcos(max/mean)=(0.0000/-0.0000) KVcos(max/mean)=(0.0490/0.0102) ValK->V=0.00% CloseK->V=0.00% Open->V=0.00% OpenVEntropy=0.0000
Train Client0 [22/100] LR=0.0005000 loss=0.303 (CE=0.167 VIR=0.070 wVIR=0.004 AUX=0.133 w=0.050) ACC=93.912 F1=74.739 Rec=74.998 Prec=74.502
Train Client1 [22/100] LR=0.0005000 loss=0.141 (CE=0.080 VIR=0.025 wVIR=0.001 AUX=0.060 w=0.050) ACC=97.423 F1=91.394 Rec=90.895 Prec=91.918
Train Client2 [22/100] LR=0.0005000 loss=0.304 (CE=0.166 VIR=0.114 wVIR=0.006 AUX=0.133 w=0.050) ACC=94.724 F1=87.730 Rec=86.686 Prec=89.103
Train Client3 [22/100] LR=0.0005000 loss=0.292 (CE=0.157 VIR=0.034 wVIR=0.002 AUX=0.133 w=0.050) ACC=95.076 F1=91.522 Rec=91.021 Prec=92.132
Train Client4 [22/100] LR=0.0005000 loss=0.167 (CE=0.098 VIR=0.128 wVIR=0.006 AUX=0.063 w=0.050) ACC=97.180 F1=79.168 Rec=80.020 Prec=78.483
Train Client5 [22/100] LR=0.0005000 loss=0.167 (CE=0.083 VIR=0.040 wVIR=0.002 AUX=0.082 w=0.050) ACC=97.768 F1=83.438 Rec=83.367 Prec=83.509
Train Client6 [22/100] LR=0.0005000 loss=0.513 (CE=0.269 VIR=0.261 wVIR=0.013 AUX=0.231 w=0.050) ACC=90.556 F1=85.421 Rec=84.651 Prec=86.376
Train Client7 [22/100] LR=0.0005000 loss=0.410 (CE=0.214 VIR=0.143 wVIR=0.007 AUX=0.189 w=0.050) ACC=93.106 F1=92.153 Rec=90.940 Prec=93.529

Val    [22/100] LR=0.0005000 loss=1.778 ACC=95.086 F1=95.080 Rec=95.086 Prec=95.405
Val-Known->Virtual [22/100] rate=0.000% prob_mean=0.010772 margin_mean=0.944506
Val-LogitMargin [22/100] TrueKnown-VMax mean=5.9325 std=1.3689 p10=4.3158 p50=5.8912 p90=7.7210

Test-  OSR [22/100] LR=0.0005000 ACC=59.643 F1=62.110 Rec=79.524 Prec=52.487 UNK=0.000 OS*=95.429 HOS=0.000 AUROC=83.241 AUPR=73.070 OSCR=81.440
Test-Close [22/100] LR=0.0005000 loss=1.767 ACC=95.429 F1=95.410 Rec=95.429 Prec=95.602
Test-Virtual [22/100] CloseK->V=0.000% Open->V=0.000% OpenVEntropy=0.000000 CloseHist=[0, 0, 0] OpenHist=[0, 0, 0]
Test-LogitMargin [22/100] CloseTrue-VMax mean=5.9602 std=1.3620 p10=4.3226 p50=5.9144 p90=7.7585 | OpenKnown-VMax mean=4.8080 std=1.2642 p10=3.1035 p50=4.8728 p90=6.4400
AnchorDiag [22/100] VNorm=[1.0000001192092896, 1.0, 0.9999999403953552] VDriftMax=0.000000 Vcos(max/mean)=(0.0000/-0.0000) KVcos(max/mean)=(0.0512/0.0113) ValK->V=0.00% CloseK->V=0.00% Open->V=0.00% OpenVEntropy=0.0000
Train Client0 [23/100] LR=0.0005000 loss=0.278 (CE=0.151 VIR=0.038 wVIR=0.002 AUX=0.125 w=0.050) ACC=94.343 F1=74.994 Rec=75.181 Prec=74.814
Train Client1 [23/100] LR=0.0005000 loss=0.158 (CE=0.090 VIR=0.021 wVIR=0.001 AUX=0.067 w=0.050) ACC=97.180 F1=92.781 Rec=91.866 Prec=93.804
Train Client2 [23/100] LR=0.0005000 loss=0.259 (CE=0.144 VIR=0.102 wVIR=0.005 AUX=0.110 w=0.050) ACC=95.390 F1=90.358 Rec=89.220 Prec=91.856
Train Client3 [23/100] LR=0.0005000 loss=0.232 (CE=0.119 VIR=0.042 wVIR=0.002 AUX=0.111 w=0.050) ACC=95.833 F1=93.649 Rec=94.986 Prec=92.541
Train Client4 [23/100] LR=0.0005000 loss=0.181 (CE=0.108 VIR=0.123 wVIR=0.006 AUX=0.067 w=0.050) ACC=96.570 F1=74.387 Rec=75.144 Prec=73.673
Train Client5 [23/100] LR=0.0005000 loss=0.204 (CE=0.108 VIR=0.047 wVIR=0.002 AUX=0.093 w=0.050) ACC=97.500 F1=84.700 Rec=83.093 Prec=87.974
Train Client6 [23/100] LR=0.0005000 loss=0.471 (CE=0.254 VIR=0.342 wVIR=0.017 AUX=0.200 w=0.050) ACC=90.833 F1=84.281 Rec=85.881 Prec=83.034
Train Client7 [23/100] LR=0.0005000 loss=0.401 (CE=0.213 VIR=0.166 wVIR=0.008 AUX=0.180 w=0.050) ACC=93.939 F1=73.575 Rec=72.535 Prec=74.790

Val    [23/100] LR=0.0005000 loss=1.772 ACC=95.143 F1=95.127 Rec=95.143 Prec=95.483
Val-Known->Virtual [23/100] rate=0.000% prob_mean=0.009904 margin_mean=0.946222
Val-LogitMargin [23/100] TrueKnown-VMax mean=5.9815 std=1.3313 p10=4.4221 p50=5.9306 p90=7.7058

Test-  OSR [23/100] LR=0.0005000 ACC=59.714 F1=62.195 Rec=79.619 Prec=52.695 UNK=0.000 OS*=95.543 HOS=0.000 AUROC=84.205 AUPR=75.667 OSCR=82.251
Test-Close [23/100] LR=0.0005000 loss=1.767 ACC=95.543 F1=95.520 Rec=95.543 Prec=95.723
Test-Virtual [23/100] CloseK->V=0.000% Open->V=0.000% OpenVEntropy=0.000000 CloseHist=[0, 0, 0] OpenHist=[0, 0, 0]
Test-LogitMargin [23/100] CloseTrue-VMax mean=6.0180 std=1.3514 p10=4.4232 p50=5.9686 p90=7.7417 | OpenKnown-VMax mean=4.6734 std=1.4055 p10=2.6196 p50=4.8635 p90=6.4541
AnchorDiag [23/100] VNorm=[1.0000001192092896, 1.0, 0.9999999403953552] VDriftMax=0.000000 Vcos(max/mean)=(0.0000/-0.0000) KVcos(max/mean)=(0.0513/0.0118) ValK->V=0.00% CloseK->V=0.00% Open->V=0.00% OpenVEntropy=0.0000
>> New learning Rate: 0.00025
Train Client0 [24/100] LR=0.0002500 loss=0.199 (CE=0.108 VIR=0.027 wVIR=0.001 AUX=0.090 w=0.050) ACC=95.905 F1=76.613 Rec=76.970 Prec=76.292
Train Client1 [24/100] LR=0.0002500 loss=0.075 (CE=0.041 VIR=0.020 wVIR=0.001 AUX=0.033 w=0.050) ACC=98.781 F1=95.343 Rec=96.438 Prec=94.379
Train Client2 [24/100] LR=0.0002500 loss=0.211 (CE=0.116 VIR=0.104 wVIR=0.005 AUX=0.090 w=0.050) ACC=96.530 F1=92.284 Rec=91.778 Prec=92.854
Train Client3 [24/100] LR=0.0002500 loss=0.186 (CE=0.101 VIR=0.031 wVIR=0.002 AUX=0.083 w=0.050) ACC=97.538 F1=97.158 Rec=96.888 Prec=97.508
Train Client4 [24/100] LR=0.0002500 loss=0.134 (CE=0.094 VIR=0.110 wVIR=0.005 AUX=0.035 w=0.050) ACC=98.095 F1=90.047 Rec=90.856 Prec=89.304
Train Client5 [24/100] LR=0.0002500 loss=0.118 (CE=0.067 VIR=0.023 wVIR=0.001 AUX=0.049 w=0.050) ACC=98.214 F1=83.812 Rec=83.812 Prec=83.812
Train Client6 [24/100] LR=0.0002500 loss=0.404 (CE=0.249 VIR=0.284 wVIR=0.014 AUX=0.141 w=0.050) ACC=90.833 F1=85.229 Rec=84.044 Prec=86.633
Train Client7 [24/100] LR=0.0002500 loss=0.338 (CE=0.182 VIR=0.236 wVIR=0.012 AUX=0.144 w=0.050) ACC=94.545 F1=94.343 Rec=93.735 Prec=95.002

Val    [24/100] LR=0.0002500 loss=1.750 ACC=96.057 F1=96.036 Rec=96.057 Prec=96.299
Val-Known->Virtual [24/100] rate=0.000% prob_mean=0.008396 margin_mean=0.961531
Val-LogitMargin [24/100] TrueKnown-VMax mean=6.1562 std=1.2919 p10=4.6516 p50=6.1739 p90=7.7594

Test-  OSR [24/100] LR=0.0002500 ACC=60.143 F1=62.939 Rec=80.159 Prec=70.213 UNK=0.095 OS*=96.171 HOS=0.190 AUROC=82.181 AUPR=74.157 OSCR=80.707
Test-Close [24/100] LR=0.0002500 loss=1.745 ACC=96.171 F1=96.142 Rec=96.171 Prec=96.299
Test-Virtual [24/100] CloseK->V=0.000% Open->V=0.095% OpenVEntropy=-0.000000 CloseHist=[0, 0, 0] OpenHist=[0, 1, 0]
Test-LogitMargin [24/100] CloseTrue-VMax mean=6.1792 std=1.3128 p10=4.6257 p50=6.1437 p90=7.7903 | OpenKnown-VMax mean=4.6539 std=1.5643 p10=2.3617 p50=4.8462 p90=6.5295
AnchorDiag [24/100] VNorm=[1.0000001192092896, 1.0, 0.9999999403953552] VDriftMax=0.000000 Vcos(max/mean)=(0.0000/-0.0000) KVcos(max/mean)=(0.0524/0.0121) ValK->V=0.00% CloseK->V=0.00% Open->V=0.10% OpenVEntropy=-0.0000
Train Client0 [25/100] LR=0.0002500 loss=0.222 (CE=0.120 VIR=0.039 wVIR=0.002 AUX=0.100 w=0.050) ACC=95.151 F1=75.986 Rec=76.342 Prec=75.673
Train Client1 [25/100] LR=0.0002500 loss=0.065 (CE=0.036 VIR=0.018 wVIR=0.001 AUX=0.028 w=0.050) ACC=98.851 F1=95.829 Rec=96.773 Prec=95.020
Train Client2 [25/100] LR=0.0002500 loss=0.188 (CE=0.105 VIR=0.111 wVIR=0.006 AUX=0.077 w=0.050) ACC=96.768 F1=92.525 Rec=92.371 Prec=92.710
Train Client3 [25/100] LR=0.0002500 loss=0.116 (CE=0.071 VIR=0.038 wVIR=0.002 AUX=0.043 w=0.050) ACC=97.727 F1=96.224 Rec=97.672 Prec=95.011
Train Client4 [25/100] LR=0.0002500 loss=0.107 (CE=0.066 VIR=0.098 wVIR=0.005 AUX=0.035 w=0.050) ACC=98.399 F1=90.453 Rec=92.437 Prec=88.816
Train Client5 [25/100] LR=0.0002500 loss=0.094 (CE=0.054 VIR=0.018 wVIR=0.001 AUX=0.039 w=0.050) ACC=97.946 F1=87.901 Rec=93.643 Prec=85.370
Train Client6 [25/100] LR=0.0002500 loss=0.391 (CE=0.242 VIR=0.472 wVIR=0.024 AUX=0.125 w=0.050) ACC=92.500 F1=89.108 Rec=90.732 Prec=87.708
Train Client7 [25/100] LR=0.0002500 loss=0.299 (CE=0.154 VIR=0.250 wVIR=0.012 AUX=0.132 w=0.050) ACC=95.455 F1=94.316 Rec=94.373 Prec=94.286

Val    [25/100] LR=0.0002500 loss=1.742 ACC=96.000 F1=95.969 Rec=96.000 Prec=96.249
Val-Known->Virtual [25/100] rate=0.000% prob_mean=0.007245 margin_mean=0.962303
Val-LogitMargin [25/100] TrueKnown-VMax mean=6.4470 std=1.4684 p10=4.7384 p50=6.3519 p90=8.3686

Test-  OSR [25/100] LR=0.0002500 ACC=60.107 F1=62.576 Rec=80.111 Prec=69.648 UNK=0.095 OS*=96.114 HOS=0.190 AUROC=81.620 AUPR=75.380 OSCR=80.010
Test-Close [25/100] LR=0.0002500 loss=1.745 ACC=96.114 F1=96.080 Rec=96.114 Prec=96.237
Test-Virtual [25/100] CloseK->V=0.000% Open->V=0.095% OpenVEntropy=-0.000000 CloseHist=[0, 0, 0] OpenHist=[0, 1, 0]
Test-LogitMargin [25/100] CloseTrue-VMax mean=6.4635 std=1.5016 p10=4.7301 p50=6.3299 p90=8.3963 | OpenKnown-VMax mean=4.5723 std=1.9213 p10=1.6899 p50=4.8925 p90=6.9488
AnchorDiag [25/100] VNorm=[1.0000001192092896, 1.0, 0.9999999403953552] VDriftMax=0.000000 Vcos(max/mean)=(0.0000/-0.0000) KVcos(max/mean)=(0.0540/0.0128) ValK->V=0.00% CloseK->V=0.00% Open->V=0.10% OpenVEntropy=-0.0000
Saving model at epoch 25 . . . . . . . .

Train Client0 [26/100] LR=0.0002500 loss=0.195 (CE=0.108 VIR=0.062 wVIR=0.003 AUX=0.083 w=0.050) ACC=95.744 F1=95.480 Rec=95.882 Prec=95.104
Train Client1 [26/100] LR=0.0002500 loss=0.066 (CE=0.037 VIR=0.023 wVIR=0.001 AUX=0.027 w=0.050) ACC=98.538 F1=94.054 Rec=94.288 Prec=93.846
Train Client2 [26/100] LR=0.0002500 loss=0.169 (CE=0.097 VIR=0.135 wVIR=0.007 AUX=0.065 w=0.050) ACC=96.721 F1=91.397 Rec=91.086 Prec=91.839
Train Client3 [26/100] LR=0.0002500 loss=0.155 (CE=0.081 VIR=0.024 wVIR=0.001 AUX=0.073 w=0.050) ACC=97.348 F1=96.771 Rec=96.771 Prec=96.771
Train Client4 [26/100] LR=0.0002500 loss=0.108 (CE=0.073 VIR=0.113 wVIR=0.006 AUX=0.029 w=0.050) ACC=98.095 F1=88.553 Rec=93.094 Prec=85.263
Train Client5 [26/100] LR=0.0002500 loss=0.086 (CE=0.046 VIR=0.022 wVIR=0.001 AUX=0.039 w=0.050) ACC=98.393 F1=87.735 Rec=88.872 Prec=86.821
Train Client6 [26/100] LR=0.0002500 loss=0.378 (CE=0.230 VIR=0.356 wVIR=0.018 AUX=0.130 w=0.050) ACC=91.944 F1=87.899 Rec=89.375 Prec=86.570
Train Client7 [26/100] LR=0.0002500 loss=0.269 (CE=0.148 VIR=0.224 wVIR=0.011 AUX=0.109 w=0.050) ACC=95.909 F1=95.672 Rec=95.410 Prec=95.940

Val    [26/100] LR=0.0002500 loss=1.735 ACC=96.343 F1=96.337 Rec=96.343 Prec=96.457
Val-Known->Virtual [26/100] rate=0.000% prob_mean=0.008487 margin_mean=0.959187
Val-LogitMargin [26/100] TrueKnown-VMax mean=6.3387 std=1.5079 p10=4.6268 p50=6.1676 p90=8.3616

Test-  OSR [26/100] LR=0.0002500 ACC=60.286 F1=62.871 Rec=80.349 Prec=69.744 UNK=0.095 OS*=96.400 HOS=0.190 AUROC=82.243 AUPR=75.685 OSCR=80.783
Test-Close [26/100] LR=0.0002500 loss=1.739 ACC=96.400 F1=96.388 Rec=96.400 Prec=96.464
Test-Virtual [26/100] CloseK->V=0.000% Open->V=0.095% OpenVEntropy=-0.000000 CloseHist=[0, 0, 0] OpenHist=[0, 1, 0]
Test-LogitMargin [26/100] CloseTrue-VMax mean=6.3481 std=1.5446 p10=4.5682 p50=6.1613 p90=8.3715 | OpenKnown-VMax mean=4.4479 std=1.8099 p10=1.7917 p50=4.6582 p90=6.7191
AnchorDiag [26/100] VNorm=[1.0000001192092896, 1.0, 0.9999999403953552] VDriftMax=0.000000 Vcos(max/mean)=(0.0000/-0.0000) KVcos(max/mean)=(0.0551/0.0135) ValK->V=0.00% CloseK->V=0.00% Open->V=0.10% OpenVEntropy=-0.0000
Train Client0 [27/100] LR=0.0002500 loss=0.197 (CE=0.105 VIR=0.026 wVIR=0.001 AUX=0.091 w=0.050) ACC=95.744 F1=76.521 Rec=77.002 Prec=76.107
Train Client1 [27/100] LR=0.0002500 loss=0.067 (CE=0.038 VIR=0.018 wVIR=0.001 AUX=0.029 w=0.050) ACC=98.538 F1=93.826 Rec=93.922 Prec=93.740
Train Client2 [27/100] LR=0.0002500 loss=0.180 (CE=0.099 VIR=0.102 wVIR=0.005 AUX=0.076 w=0.050) ACC=96.911 F1=92.775 Rec=91.847 Prec=93.997
Train Client3 [27/100] LR=0.0002500 loss=0.208 (CE=0.108 VIR=0.032 wVIR=0.002 AUX=0.098 w=0.050) ACC=96.780 F1=96.381 Rec=96.117 Prec=96.667
Train Client4 [27/100] LR=0.0002500 loss=0.106 (CE=0.072 VIR=0.105 wVIR=0.005 AUX=0.029 w=0.050) ACC=98.323 F1=90.403 Rec=95.064 Prec=86.998
Train Client5 [27/100] LR=0.0002500 loss=0.096 (CE=0.055 VIR=0.023 wVIR=0.001 AUX=0.041 w=0.050) ACC=98.393 F1=86.968 Rec=88.818 Prec=85.786
Train Client6 [27/100] LR=0.0002500 loss=0.343 (CE=0.211 VIR=0.461 wVIR=0.023 AUX=0.109 w=0.050) ACC=91.944 F1=88.821 Rec=90.414 Prec=87.435
Train Client7 [27/100] LR=0.0002500 loss=0.306 (CE=0.164 VIR=0.308 wVIR=0.015 AUX=0.127 w=0.050) ACC=95.000 F1=94.747 Rec=94.344 Prec=95.171

Val    [27/100] LR=0.0002500 loss=1.734 ACC=96.286 F1=96.283 Rec=96.286 Prec=96.362
Val-Known->Virtual [27/100] rate=0.000% prob_mean=0.007535 margin_mean=0.960003
Val-LogitMargin [27/100] TrueKnown-VMax mean=6.4923 std=1.6470 p10=4.7527 p50=6.0219 p90=8.8152

Test-  OSR [27/100] LR=0.0002500 ACC=60.357 F1=63.056 Rec=80.413 Prec=69.913 UNK=0.190 OS*=96.457 HOS=0.380 AUROC=80.116 AUPR=72.382 OSCR=78.841
Test-Close [27/100] LR=0.0002500 loss=1.736 ACC=96.457 F1=96.445 Rec=96.457 Prec=96.512
Test-Virtual [27/100] CloseK->V=0.000% Open->V=0.190% OpenVEntropy=0.630930 CloseHist=[0, 0, 0] OpenHist=[0, 1, 1]
Test-LogitMargin [27/100] CloseTrue-VMax mean=6.5141 std=1.6779 p10=4.7593 p50=6.0369 p90=8.9010 | OpenKnown-VMax mean=4.5377 std=1.7786 p10=1.9697 p50=4.7050 p90=6.7493
AnchorDiag [27/100] VNorm=[1.0000001192092896, 1.0, 0.9999999403953552] VDriftMax=0.000000 Vcos(max/mean)=(0.0000/-0.0000) KVcos(max/mean)=(0.0561/0.0138) ValK->V=0.00% CloseK->V=0.00% Open->V=0.19% OpenVEntropy=0.6309
Train Client0 [28/100] LR=0.0002500 loss=0.206 (CE=0.107 VIR=0.035 wVIR=0.002 AUX=0.096 w=0.050) ACC=95.636 F1=76.274 Rec=76.505 Prec=76.060
Train Client1 [28/100] LR=0.0002500 loss=0.076 (CE=0.040 VIR=0.015 wVIR=0.001 AUX=0.036 w=0.050) ACC=98.747 F1=94.414 Rec=94.582 Prec=94.279
Train Client2 [28/100] LR=0.0002500 loss=0.196 (CE=0.111 VIR=0.130 wVIR=0.007 AUX=0.078 w=0.050) ACC=96.721 F1=92.314 Rec=91.522 Prec=93.297
Train Client3 [28/100] LR=0.0002500 loss=0.162 (CE=0.083 VIR=0.015 wVIR=0.001 AUX=0.077 w=0.050) ACC=97.538 F1=97.097 Rec=96.713 Prec=97.518
Train Client4 [28/100] LR=0.0002500 loss=0.101 (CE=0.065 VIR=0.093 wVIR=0.005 AUX=0.031 w=0.050) ACC=98.476 F1=91.643 Rec=93.216 Prec=90.245
Train Client5 [28/100] LR=0.0002500 loss=0.104 (CE=0.057 VIR=0.026 wVIR=0.001 AUX=0.046 w=0.050) ACC=98.214 F1=89.613 Rec=93.643 Prec=87.338
Train Client6 [28/100] LR=0.0002500 loss=0.309 (CE=0.189 VIR=0.377 wVIR=0.019 AUX=0.102 w=0.050) ACC=92.500 F1=89.086 Rec=91.094 Prec=87.451
Train Client7 [28/100] LR=0.0002500 loss=0.293 (CE=0.156 VIR=0.250 wVIR=0.012 AUX=0.124 w=0.050) ACC=95.606 F1=95.735 Rec=95.284 Prec=96.214

Val    [28/100] LR=0.0002500 loss=1.755 ACC=95.943 F1=95.946 Rec=95.943 Prec=96.140
Val-Known->Virtual [28/100] rate=0.000% prob_mean=0.007555 margin_mean=0.962731
Val-LogitMargin [28/100] TrueKnown-VMax mean=6.5290 std=1.7003 p10=4.6622 p50=6.1938 p90=8.8729

Test-  OSR [28/100] LR=0.0002500 ACC=59.929 F1=62.941 Rec=79.905 Prec=53.651 UNK=0.000 OS*=95.886 HOS=0.000 AUROC=79.610 AUPR=68.625 OSCR=78.313
Test-Close [28/100] LR=0.0002500 loss=1.750 ACC=95.886 F1=95.864 Rec=95.886 Prec=96.005
Test-Virtual [28/100] CloseK->V=0.000% Open->V=0.000% OpenVEntropy=0.000000 CloseHist=[0, 0, 0] OpenHist=[0, 0, 0]
Test-LogitMargin [28/100] CloseTrue-VMax mean=6.5515 std=1.7108 p10=4.5998 p50=6.2083 p90=8.8835 | OpenKnown-VMax mean=4.7678 std=1.5603 p10=2.7118 p50=4.8564 p90=6.6133
AnchorDiag [28/100] VNorm=[1.0000001192092896, 1.0, 0.9999999403953552] VDriftMax=0.000000 Vcos(max/mean)=(0.0000/-0.0000) KVcos(max/mean)=(0.0580/0.0146) ValK->V=0.00% CloseK->V=0.00% Open->V=0.00% OpenVEntropy=0.0000
Train Client0 [29/100] LR=0.0002500 loss=0.179 (CE=0.094 VIR=0.042 wVIR=0.002 AUX=0.083 w=0.050) ACC=96.390 F1=76.979 Rec=77.342 Prec=76.653
Train Client1 [29/100] LR=0.0002500 loss=0.057 (CE=0.031 VIR=0.017 wVIR=0.001 AUX=0.025 w=0.050) ACC=98.990 F1=95.416 Rec=95.903 Prec=94.982
Train Client2 [29/100] LR=0.0002500 loss=0.158 (CE=0.088 VIR=0.097 wVIR=0.005 AUX=0.065 w=0.050) ACC=97.196 F1=93.374 Rec=92.631 Prec=94.275
Train Client3 [29/100] LR=0.0002500 loss=0.116 (CE=0.067 VIR=0.017 wVIR=0.001 AUX=0.048 w=0.050) ACC=97.917 F1=97.304 Rec=97.051 Prec=97.569
Train Client4 [29/100] LR=0.0002500 loss=0.109 (CE=0.075 VIR=0.165 wVIR=0.008 AUX=0.026 w=0.050) ACC=98.095 F1=90.330 Rec=97.086 Prec=85.773
Train Client5 [29/100] LR=0.0002500 loss=0.121 (CE=0.069 VIR=0.025 wVIR=0.001 AUX=0.051 w=0.050) ACC=98.214 F1=87.737 Rec=88.773 Prec=86.924
Train Client6 [29/100] LR=0.0002500 loss=0.410 (CE=0.244 VIR=0.571 wVIR=0.029 AUX=0.138 w=0.050) ACC=91.111 F1=84.113 Rec=89.511 Prec=79.982
Train Client7 [29/100] LR=0.0002500 loss=0.233 (CE=0.121 VIR=0.183 wVIR=0.009 AUX=0.103 w=0.050) ACC=96.061 F1=96.047 Rec=95.358 Prec=96.780

Val    [29/100] LR=0.0002500 loss=1.735 ACC=96.457 F1=96.457 Rec=96.457 Prec=96.563
Val-Known->Virtual [29/100] rate=0.000% prob_mean=0.007135 margin_mean=0.963173
Val-LogitMargin [29/100] TrueKnown-VMax mean=6.5631 std=1.5680 p10=4.7951 p50=6.3356 p90=8.6764

Test-  OSR [29/100] LR=0.0002500 ACC=60.393 F1=63.395 Rec=80.429 Prec=70.466 UNK=0.286 OS*=96.457 HOS=0.570 AUROC=81.593 AUPR=73.857 OSCR=80.278
Test-Close [29/100] LR=0.0002500 loss=1.735 ACC=96.457 F1=96.440 Rec=96.457 Prec=96.514
Test-Virtual [29/100] CloseK->V=0.000% Open->V=0.286% OpenVEntropy=0.579380 CloseHist=[0, 0, 0] OpenHist=[0, 2, 1]
Test-LogitMargin [29/100] CloseTrue-VMax mean=6.5789 std=1.5917 p10=4.7653 p50=6.3599 p90=8.7188 | OpenKnown-VMax mean=4.4606 std=1.7099 p10=1.9437 p50=4.6555 p90=6.5151
AnchorDiag [29/100] VNorm=[1.0000001192092896, 1.0, 0.9999999403953552] VDriftMax=0.000000 Vcos(max/mean)=(0.0000/-0.0000) KVcos(max/mean)=(0.0584/0.0150) ValK->V=0.00% CloseK->V=0.00% Open->V=0.29% OpenVEntropy=0.5794
Train Client0 [30/100] LR=0.0002500 loss=0.190 (CE=0.102 VIR=0.067 wVIR=0.003 AUX=0.084 w=0.050) ACC=96.228 F1=76.900 Rec=77.261 Prec=76.566
Train Client1 [30/100] LR=0.0002500 loss=0.064 (CE=0.036 VIR=0.031 wVIR=0.002 AUX=0.026 w=0.050) ACC=98.642 F1=94.687 Rec=95.046 Prec=94.352
Train Client2 [30/100] LR=0.0002500 loss=0.179 (CE=0.102 VIR=0.100 wVIR=0.005 AUX=0.073 w=0.050) ACC=97.101 F1=92.858 Rec=91.819 Prec=94.238
Train Client3 [30/100] LR=0.0002500 loss=0.169 (CE=0.088 VIR=0.042 wVIR=0.002 AUX=0.079 w=0.050) ACC=97.727 F1=97.488 Rec=97.474 Prec=97.506
Train Client4 [30/100] LR=0.0002500 loss=0.101 (CE=0.066 VIR=0.085 wVIR=0.004 AUX=0.031 w=0.050) ACC=98.323 F1=91.475 Rec=94.091 Prec=89.278
Train Client5 [30/100] LR=0.0002500 loss=0.064 (CE=0.038 VIR=0.021 wVIR=0.001 AUX=0.025 w=0.050) ACC=99.018 F1=94.307 Rec=94.294 Prec=94.323
Train Client6 [30/100] LR=0.0002500 loss=0.388 (CE=0.233 VIR=0.538 wVIR=0.027 AUX=0.129 w=0.050) ACC=92.222 F1=89.104 Rec=90.492 Prec=87.877
Train Client7 [30/100] LR=0.0002500 loss=0.263 (CE=0.142 VIR=0.251 wVIR=0.013 AUX=0.109 w=0.050) ACC=95.985 F1=96.334 Rec=95.677 Prec=97.031

Val    [30/100] LR=0.0002500 loss=1.740 ACC=96.343 F1=96.334 Rec=96.343 Prec=96.518
Val-Known->Virtual [30/100] rate=0.000% prob_mean=0.009636 margin_mean=0.961904
Val-LogitMargin [30/100] TrueKnown-VMax mean=6.3077 std=1.6518 p10=4.4872 p50=5.9859 p90=8.5183

Test-  OSR [30/100] LR=0.0002500 ACC=60.321 F1=63.090 Rec=80.365 Prec=70.124 UNK=0.190 OS*=96.400 HOS=0.380 AUROC=83.159 AUPR=77.260 OSCR=81.565
Test-Close [30/100] LR=0.0002500 loss=1.743 ACC=96.400 F1=96.376 Rec=96.400 Prec=96.490
Test-Virtual [30/100] CloseK->V=0.000% Open->V=0.190% OpenVEntropy=-0.000000 CloseHist=[0, 0, 0] OpenHist=[0, 2, 0]
Test-LogitMargin [30/100] CloseTrue-VMax mean=6.3202 std=1.6798 p10=4.4406 p50=6.0302 p90=8.5767 | OpenKnown-VMax mean=4.0068 std=1.8932 p10=1.1602 p50=4.2912 p90=6.2409
AnchorDiag [30/100] VNorm=[1.0000001192092896, 1.0, 0.9999999403953552] VDriftMax=0.000000 Vcos(max/mean)=(0.0000/-0.0000) KVcos(max/mean)=(0.0601/0.0160) ValK->V=0.00% CloseK->V=0.00% Open->V=0.19% OpenVEntropy=-0.0000
Saving model at epoch 30 . . . . . . . .

Train Client0 [31/100] LR=0.0002500 loss=0.185 (CE=0.104 VIR=0.049 wVIR=0.002 AUX=0.078 w=0.050) ACC=96.659 F1=77.216 Rec=77.545 Prec=76.914
Train Client1 [31/100] LR=0.0002500 loss=0.094 (CE=0.054 VIR=0.022 wVIR=0.001 AUX=0.040 w=0.050) ACC=98.468 F1=94.018 Rec=93.886 Prec=94.155
Train Client2 [31/100] LR=0.0002500 loss=0.164 (CE=0.092 VIR=0.097 wVIR=0.005 AUX=0.067 w=0.050) ACC=97.243 F1=93.561 Rec=93.388 Prec=93.775
Train Client3 [31/100] LR=0.0002500 loss=0.172 (CE=0.090 VIR=0.047 wVIR=0.002 AUX=0.080 w=0.050) ACC=96.970 F1=95.062 Rec=96.194 Prec=94.209
Train Client4 [31/100] LR=0.0002500 loss=0.100 (CE=0.065 VIR=0.085 wVIR=0.004 AUX=0.031 w=0.050) ACC=98.247 F1=90.588 Rec=90.944 Prec=90.251
Train Client5 [31/100] LR=0.0002500 loss=0.076 (CE=0.044 VIR=0.021 wVIR=0.001 AUX=0.031 w=0.050) ACC=98.393 F1=90.872 Rec=93.837 Prec=88.908
Train Client6 [31/100] LR=0.0002500 loss=0.339 (CE=0.209 VIR=0.466 wVIR=0.023 AUX=0.107 w=0.050) ACC=92.778 F1=89.413 Rec=90.355 Prec=88.546
Train Client7 [31/100] LR=0.0002500 loss=0.274 (CE=0.141 VIR=0.238 wVIR=0.012 AUX=0.122 w=0.050) ACC=95.833 F1=95.291 Rec=94.991 Prec=95.614

Val    [31/100] LR=0.0002500 loss=1.746 ACC=96.229 F1=96.221 Rec=96.229 Prec=96.367
Val-Known->Virtual [31/100] rate=0.000% prob_mean=0.009487 margin_mean=0.958588
Val-LogitMargin [31/100] TrueKnown-VMax mean=6.4056 std=1.7940 p10=4.3733 p50=5.9237 p90=8.8947

Test-  OSR [31/100] LR=0.0002500 ACC=60.250 F1=63.258 Rec=80.333 Prec=53.871 UNK=0.000 OS*=96.400 HOS=0.000 AUROC=79.811 AUPR=70.078 OSCR=78.579
Test-Close [31/100] LR=0.0002500 loss=1.744 ACC=96.400 F1=96.383 Rec=96.400 Prec=96.501
Test-Virtual [31/100] CloseK->V=0.000% Open->V=0.000% OpenVEntropy=0.000000 CloseHist=[0, 0, 0] OpenHist=[0, 0, 0]
Test-LogitMargin [31/100] CloseTrue-VMax mean=6.4302 std=1.8257 p10=4.3731 p50=5.9514 p90=8.9759 | OpenKnown-VMax mean=4.5867 std=1.5949 p10=2.4279 p50=4.6055 p90=6.6923
AnchorDiag [31/100] VNorm=[1.0000001192092896, 1.0, 0.9999999403953552] VDriftMax=0.000000 Vcos(max/mean)=(0.0000/-0.0000) KVcos(max/mean)=(0.0596/0.0161) ValK->V=0.00% CloseK->V=0.00% Open->V=0.00% OpenVEntropy=0.0000
Train Client0 [32/100] LR=0.0002500 loss=0.185 (CE=0.100 VIR=0.043 wVIR=0.002 AUX=0.082 w=0.050) ACC=96.659 F1=96.484 Rec=96.930 Prec=96.080
Train Client1 [32/100] LR=0.0002500 loss=0.072 (CE=0.039 VIR=0.027 wVIR=0.001 AUX=0.031 w=0.050) ACC=98.642 F1=94.653 Rec=95.472 Prec=93.965
Train Client2 [32/100] LR=0.0002500 loss=0.145 (CE=0.080 VIR=0.115 wVIR=0.006 AUX=0.059 w=0.050) ACC=97.576 F1=94.078 Rec=93.267 Prec=95.094
Train Client3 [32/100] LR=0.0002500 loss=0.141 (CE=0.078 VIR=0.029 wVIR=0.001 AUX=0.061 w=0.050) ACC=97.348 F1=95.521 Rec=96.737 Prec=94.547
Train Client4 [32/100] LR=0.0002500 loss=0.112 (CE=0.085 VIR=0.149 wVIR=0.007 AUX=0.019 w=0.050) ACC=98.095 F1=90.721 Rec=94.652 Prec=87.635
Train Client5 [32/100] LR=0.0002500 loss=0.082 (CE=0.046 VIR=0.021 wVIR=0.001 AUX=0.035 w=0.050) ACC=98.482 F1=89.914 Rec=93.972 Prec=87.611
Train Client6 [32/100] LR=0.0002500 loss=0.357 (CE=0.207 VIR=0.449 wVIR=0.022 AUX=0.127 w=0.050) ACC=93.333 F1=89.894 Rec=90.861 Prec=89.048
Train Client7 [32/100] LR=0.0002500 loss=0.282 (CE=0.142 VIR=0.232 wVIR=0.012 AUX=0.129 w=0.050) ACC=95.833 F1=95.402 Rec=94.443 Prec=96.475

Val    [32/100] LR=0.0002500 loss=1.732 ACC=96.514 F1=96.500 Rec=96.514 Prec=96.636
Val-Known->Virtual [32/100] rate=0.000% prob_mean=0.009247 margin_mean=0.958845
Val-LogitMargin [32/100] TrueKnown-VMax mean=6.6699 std=2.0282 p10=4.4158 p50=6.0088 p90=9.4913

Test-  OSR [32/100] LR=0.0002500 ACC=60.321 F1=62.940 Rec=80.333 Prec=69.904 UNK=0.286 OS*=96.343 HOS=0.570 AUROC=80.035 AUPR=74.210 OSCR=78.625
Test-Close [32/100] LR=0.0002500 loss=1.736 ACC=96.343 F1=96.319 Rec=96.343 Prec=96.406
Test-Virtual [32/100] CloseK->V=0.000% Open->V=0.286% OpenVEntropy=-0.000000 CloseHist=[0, 0, 0] OpenHist=[0, 3, 0]
Test-LogitMargin [32/100] CloseTrue-VMax mean=6.7011 std=2.0742 p10=4.4525 p50=6.0069 p90=9.6128 | OpenKnown-VMax mean=4.3275 std=2.1034 p10=1.1787 p50=4.4795 p90=7.2214
AnchorDiag [32/100] VNorm=[1.0000001192092896, 1.0, 0.9999999403953552] VDriftMax=0.000000 Vcos(max/mean)=(0.0000/-0.0000) KVcos(max/mean)=(0.0601/0.0165) ValK->V=0.00% CloseK->V=0.00% Open->V=0.29% OpenVEntropy=-0.0000
Train Client0 [33/100] LR=0.0002500 loss=0.170 (CE=0.092 VIR=0.054 wVIR=0.003 AUX=0.076 w=0.050) ACC=97.037 F1=96.919 Rec=97.235 Prec=96.620
Train Client1 [33/100] LR=0.0002500 loss=0.069 (CE=0.038 VIR=0.037 wVIR=0.002 AUX=0.029 w=0.050) ACC=98.851 F1=94.841 Rec=95.297 Prec=94.436
Train Client2 [33/100] LR=0.0002500 loss=0.173 (CE=0.098 VIR=0.158 wVIR=0.008 AUX=0.066 w=0.050) ACC=97.433 F1=93.913 Rec=93.171 Prec=94.784
Train Client3 [33/100] LR=0.0002500 loss=0.125 (CE=0.066 VIR=0.041 wVIR=0.002 AUX=0.057 w=0.050) ACC=98.674 F1=98.542 Rec=98.368 Prec=98.721
Train Client4 [33/100] LR=0.0002500 loss=0.101 (CE=0.064 VIR=0.105 wVIR=0.005 AUX=0.032 w=0.050) ACC=98.171 F1=89.903 Rec=94.731 Prec=86.545
Train Client5 [33/100] LR=0.0002500 loss=0.087 (CE=0.052 VIR=0.026 wVIR=0.001 AUX=0.034 w=0.050) ACC=98.393 F1=86.227 Rec=88.857 Prec=84.766
Train Client6 [33/100] LR=0.0002500 loss=0.399 (CE=0.223 VIR=0.462 wVIR=0.023 AUX=0.152 w=0.050) ACC=91.944 F1=87.579 Rec=88.135 Prec=87.045
Train Client7 [33/100] LR=0.0002500 loss=0.294 (CE=0.157 VIR=0.313 wVIR=0.016 AUX=0.122 w=0.050) ACC=95.303 F1=94.977 Rec=94.595 Prec=95.379

Val    [33/100] LR=0.0002500 loss=1.739 ACC=96.229 F1=96.213 Rec=96.229 Prec=96.374
Val-Known->Virtual [33/100] rate=0.000% prob_mean=0.008770 margin_mean=0.959425
Val-LogitMargin [33/100] TrueKnown-VMax mean=6.4640 std=1.8412 p10=4.5151 p50=5.9797 p90=9.1889

Test-  OSR [33/100] LR=0.0002500 ACC=60.393 F1=63.139 Rec=80.397 Prec=70.173 UNK=0.381 OS*=96.400 HOS=0.759 AUROC=79.830 AUPR=73.615 OSCR=78.430
Test-Close [33/100] LR=0.0002500 loss=1.740 ACC=96.400 F1=96.371 Rec=96.400 Prec=96.484
Test-Virtual [33/100] CloseK->V=0.000% Open->V=0.381% OpenVEntropy=-0.000000 CloseHist=[0, 0, 0] OpenHist=[0, 4, 0]
Test-LogitMargin [33/100] CloseTrue-VMax mean=6.4944 std=1.8878 p10=4.5224 p50=5.9853 p90=9.2283 | OpenKnown-VMax mean=4.2769 std=1.9171 p10=1.4297 p50=4.5041 p90=6.7249
AnchorDiag [33/100] VNorm=[1.0000001192092896, 1.0, 0.9999999403953552] VDriftMax=0.000000 Vcos(max/mean)=(0.0000/-0.0000) KVcos(max/mean)=(0.0618/0.0172) ValK->V=0.00% CloseK->V=0.00% Open->V=0.38% OpenVEntropy=-0.0000
Train Client0 [34/100] LR=0.0002500 loss=0.209 (CE=0.112 VIR=0.044 wVIR=0.002 AUX=0.095 w=0.050) ACC=96.013 F1=95.841 Rec=96.325 Prec=95.403
Train Client1 [34/100] LR=0.0002500 loss=0.048 (CE=0.027 VIR=0.011 wVIR=0.001 AUX=0.020 w=0.050) ACC=98.851 F1=94.562 Rec=93.958 Prec=95.221
Train Client2 [34/100] LR=0.0002500 loss=0.182 (CE=0.105 VIR=0.117 wVIR=0.006 AUX=0.071 w=0.050) ACC=96.911 F1=92.638 Rec=91.688 Prec=93.822
Train Client3 [34/100] LR=0.0002500 loss=0.118 (CE=0.073 VIR=0.031 wVIR=0.002 AUX=0.044 w=0.050) ACC=97.159 F1=94.977 Rec=96.645 Prec=93.623
Train Client4 [34/100] LR=0.0002500 loss=0.111 (CE=0.063 VIR=0.093 wVIR=0.005 AUX=0.043 w=0.050) ACC=98.552 F1=90.690 Rec=94.633 Prec=87.600
Train Client5 [34/100] LR=0.0002500 loss=0.060 (CE=0.036 VIR=0.025 wVIR=0.001 AUX=0.022 w=0.050) ACC=98.929 F1=87.428 Rec=89.381 Prec=86.143
Train Client6 [34/100] LR=0.0002500 loss=0.281 (CE=0.158 VIR=0.489 wVIR=0.024 AUX=0.099 w=0.050) ACC=94.444 F1=91.561 Rec=92.143 Prec=91.004
Train Client7 [34/100] LR=0.0002500 loss=0.294 (CE=0.157 VIR=0.300 wVIR=0.015 AUX=0.123 w=0.050) ACC=94.924 F1=94.126 Rec=93.991 Prec=94.280

Val    [34/100] LR=0.0002500 loss=1.749 ACC=96.571 F1=96.551 Rec=96.571 Prec=96.738
Val-Known->Virtual [34/100] rate=0.000% prob_mean=0.009002 margin_mean=0.969512
Val-LogitMargin [34/100] TrueKnown-VMax mean=6.5920 std=1.8422 p10=4.3914 p50=6.3502 p90=8.9882

Test-  OSR [34/100] LR=0.0002500 ACC=60.286 F1=63.060 Rec=80.254 Prec=70.259 UNK=0.381 OS*=96.229 HOS=0.759 AUROC=81.994 AUPR=76.365 OSCR=80.439
Test-Close [34/100] LR=0.0002500 loss=1.747 ACC=96.229 F1=96.193 Rec=96.229 Prec=96.381
Test-Virtual [34/100] CloseK->V=0.000% Open->V=0.381% OpenVEntropy=0.511860 CloseHist=[0, 0, 0] OpenHist=[0, 3, 1]
Test-LogitMargin [34/100] CloseTrue-VMax mean=6.6150 std=1.8845 p10=4.3403 p50=6.4054 p90=9.0686 | OpenKnown-VMax mean=4.3060 std=2.0523 p10=1.2625 p50=4.5107 p90=6.9297
AnchorDiag [34/100] VNorm=[1.0000001192092896, 1.0, 0.9999999403953552] VDriftMax=0.000000 Vcos(max/mean)=(0.0000/-0.0000) KVcos(max/mean)=(0.0610/0.0175) ValK->V=0.00% CloseK->V=0.00% Open->V=0.38% OpenVEntropy=0.5119
Train Client0 [35/100] LR=0.0002500 loss=0.171 (CE=0.093 VIR=0.056 wVIR=0.003 AUX=0.075 w=0.050) ACC=96.659 F1=77.289 Rec=77.633 Prec=76.978
