Logging to: ./logs/RetinalOCT_Finetune_K5_U3_seed0_20260529_141012.log
==> Preparing data..
Known class list: [6 2 1 7 3] Unknown class list [0 5 4]
Total images — Train: 18400, Val: 2800, Test: 2800
{6: 0, 2: 1, 1: 2, 7: 3, 3: 4} {0: 5, 5: 6, 4: 7}
Known origin: [6 2 1 7 3] , new: [0 1 2 3 4]
Unknown origin: [0 5 4] , new: [5 6 7]
Known/Unknown in Train: 11500/6900
Known/Unknown in Val:   1750/1050
Known/Unknown in Test:  1750/1050
DataLoader settings: num_workers=0, pin_memory=False, prefetch_factor=disabled
Client0 sample num: 1861
Client1 sample num: 2876
Client2 sample num: 2109
Client3 sample num: 533
Client4 sample num: 1312
Client5 sample num: 1125
Client6 sample num: 362
Client7 sample num: 1322

>>> Setting up
==> Building [Resnet18] model..
154
154
154
154
154
154
154
154
154
154
154
154
154
154
154
154
154
154
Train Client0 [0/30] LR=0.0001000 loss=17.245 ACC=95.151 F1=76.337 Rec=76.856 Prec=75.933
Train Client1 [0/30] LR=0.0001000 loss=12.306 ACC=98.329 F1=93.032 Rec=92.771 Prec=93.302
Train Client2 [0/30] LR=0.0001000 loss=15.060 ACC=96.055 F1=90.915 Rec=92.804 Prec=89.456
Train Client3 [0/30] LR=0.0001000 loss=25.638 ACC=96.591 F1=93.341 Rec=96.482 Prec=90.953
Train Client4 [0/30] LR=0.0001000 loss=18.740 ACC=97.104 F1=83.540 Rec=89.851 Prec=80.235
Train Client5 [0/30] LR=0.0001000 loss=21.162 ACC=97.589 F1=85.147 Rec=93.269 Prec=82.982
Train Client6 [0/30] LR=0.0001000 loss=27.006 ACC=84.167 F1=78.632 Rec=92.223 Prec=71.754
Train Client7 [0/30] LR=0.0001000 loss=19.844 ACC=91.818 F1=80.761 Rec=92.855 Prec=75.729

Test-  OSR [0/30] LR=0.0001000 ACC=59.893 F1=62.922 Rec=79.857 Prec=53.932 UNK=0.000 OS*=95.829 HOS=0.000 AUROC=80.114 AUPR=66.375 OSCR=78.683
Test-Close [0/30] LR=0.0001000 loss=1.775 ACC=95.829 F1=95.779 Rec=95.829 Prec=95.958

Saving best model . . . . . . . .

Train Client0 [1/30] LR=0.0001000 loss=2.750 ACC=94.397 F1=75.805 Rec=76.201 Prec=75.476
Train Client1 [1/30] LR=0.0001000 loss=1.703 ACC=97.911 F1=93.594 Rec=94.519 Prec=92.754
Train Client2 [1/30] LR=0.0001000 loss=2.189 ACC=95.770 F1=90.826 Rec=92.616 Prec=89.324
Train Client3 [1/30] LR=0.0001000 loss=5.994 ACC=96.780 F1=92.665 Rec=96.408 Prec=90.281
Train Client4 [1/30] LR=0.0001000 loss=2.895 ACC=97.561 F1=83.926 Rec=89.041 Prec=81.517
Train Client5 [1/30] LR=0.0001000 loss=3.622 ACC=97.500 F1=86.241 Rec=97.962 Prec=83.530
Train Client6 [1/30] LR=0.0001000 loss=7.790 ACC=85.000 F1=78.899 Rec=94.964 Prec=71.509
Train Client7 [1/30] LR=0.0001000 loss=4.094 ACC=91.970 F1=75.602 Rec=94.446 Prec=72.014

Test-  OSR [1/30] LR=0.0001000 ACC=67.464 F1=71.989 Rec=82.841 Prec=74.192 UNK=21.333 OS*=95.143 HOS=34.852 AUROC=83.636 AUPR=73.255 OSCR=81.883
Test-Close [1/30] LR=0.0001000 loss=1.823 ACC=95.829 F1=95.783 Rec=95.829 Prec=96.032

Saving best model . . . . . . . .

Train Client0 [2/30] LR=0.0001000 loss=0.540 ACC=95.259 F1=76.329 Rec=76.767 Prec=75.956
Train Client1 [2/30] LR=0.0001000 loss=0.269 ACC=97.946 F1=92.811 Rec=93.263 Prec=92.371
Train Client2 [2/30] LR=0.0001000 loss=0.424 ACC=96.340 F1=91.065 Rec=91.976 Prec=90.246
Train Client3 [2/30] LR=0.0001000 loss=0.620 ACC=95.644 F1=93.657 Rec=95.116 Prec=92.432
Train Client4 [2/30] LR=0.0001000 loss=0.255 ACC=97.942 F1=89.386 Rec=92.747 Prec=87.222
Train Client5 [2/30] LR=0.0001000 loss=0.298 ACC=98.393 F1=94.527 Rec=98.678 Prec=91.718
Train Client6 [2/30] LR=0.0001000 loss=1.254 ACC=88.889 F1=83.797 Rec=94.769 Prec=77.011
Train Client7 [2/30] LR=0.0001000 loss=0.853 ACC=93.182 F1=82.466 Rec=94.543 Prec=77.419

Test-  OSR [2/30] LR=0.0001000 ACC=70.571 F1=74.845 Rec=83.619 Prec=75.235 UNK=31.429 OS*=94.057 HOS=47.114 AUROC=79.899 AUPR=72.733 OSCR=77.856
Test-Close [2/30] LR=0.0001000 loss=1.856 ACC=96.000 F1=95.959 Rec=96.000 Prec=96.121

Train Client0 [3/30] LR=0.0001000 loss=0.466 ACC=94.989 F1=76.132 Rec=76.508 Prec=75.822
Train Client1 [3/30] LR=0.0001000 loss=0.221 ACC=98.085 F1=92.730 Rec=93.857 Prec=91.720
Train Client2 [3/30] LR=0.0001000 loss=0.383 ACC=96.625 F1=92.262 Rec=92.157 Prec=92.449
Train Client3 [3/30] LR=0.0001000 loss=0.456 ACC=96.402 F1=94.488 Rec=95.941 Prec=93.279
Train Client4 [3/30] LR=0.0001000 loss=0.303 ACC=97.561 F1=87.990 Rec=95.382 Prec=84.372
Train Client5 [3/30] LR=0.0001000 loss=0.227 ACC=98.214 F1=88.239 Rec=98.599 Prec=85.216
Train Client6 [3/30] LR=0.0001000 loss=1.390 ACC=87.222 F1=83.015 Rec=95.086 Prec=76.647
Train Client7 [3/30] LR=0.0001000 loss=0.734 ACC=94.318 F1=83.874 Rec=95.291 Prec=79.270

Test-  OSR [3/30] LR=0.0001000 ACC=66.571 F1=71.460 Rec=81.841 Prec=73.487 UNK=20.762 OS*=94.057 HOS=34.015 AUROC=75.867 AUPR=66.517 OSCR=73.994
Test-Close [3/30] LR=0.0001000 loss=1.882 ACC=95.600 F1=95.551 Rec=95.600 Prec=95.869

Train Client0 [4/30] LR=0.0001000 loss=0.437 ACC=94.881 F1=75.875 Rec=76.227 Prec=75.555
Train Client1 [4/30] LR=0.0001000 loss=0.174 ACC=98.468 F1=93.887 Rec=95.169 Prec=92.781
Train Client2 [4/30] LR=0.0001000 loss=0.391 ACC=95.865 F1=90.895 Rec=92.545 Prec=89.500
Train Client3 [4/30] LR=0.0001000 loss=0.341 ACC=96.780 F1=93.811 Rec=96.638 Prec=91.701
Train Client4 [4/30] LR=0.0001000 loss=0.279 ACC=97.866 F1=90.131 Rec=97.086 Prec=85.772
Train Client5 [4/30] LR=0.0001000 loss=0.212 ACC=98.214 F1=88.016 Rec=93.755 Prec=85.486
Train Client6 [4/30] LR=0.0001000 loss=1.393 ACC=85.833 F1=80.435 Rec=93.066 Prec=73.259
Train Client7 [4/30] LR=0.0001000 loss=0.765 ACC=92.045 F1=78.257 Rec=93.729 Prec=73.842

Test-  OSR [4/30] LR=0.0001000 ACC=66.964 F1=71.989 Rec=81.476 Prec=73.408 UNK=23.429 OS*=93.086 HOS=37.435 AUROC=70.761 AUPR=61.279 OSCR=68.963
Test-Close [4/30] LR=0.0001000 loss=1.911 ACC=95.714 F1=95.646 Rec=95.714 Prec=95.947

Train Client0 [5/30] LR=0.0001000 loss=0.386 ACC=95.690 F1=76.500 Rec=76.606 Prec=76.400
Train Client1 [5/30] LR=0.0001000 loss=0.170 ACC=98.781 F1=95.076 Rec=95.518 Prec=94.660
Train Client2 [5/30] LR=0.0001000 loss=0.361 ACC=96.530 F1=91.847 Rec=91.665 Prec=92.078
Train Client3 [5/30] LR=0.0001000 loss=0.415 ACC=97.159 F1=95.522 Rec=96.861 Prec=94.410
Train Client4 [5/30] LR=0.0001000 loss=0.235 ACC=98.476 F1=92.932 Rec=97.241 Prec=89.630
Train Client5 [5/30] LR=0.0001000 loss=0.193 ACC=98.393 F1=88.981 Rec=93.950 Prec=86.513
Train Client6 [5/30] LR=0.0001000 loss=1.462 ACC=84.167 F1=77.291 Rec=93.984 Prec=70.255
Train Client7 [5/30] LR=0.0001000 loss=0.672 ACC=94.167 F1=86.967 Rec=95.199 Prec=82.317

Test-  OSR [5/30] LR=0.0001000 ACC=69.286 F1=73.267 Rec=83.111 Prec=73.683 UNK=27.810 OS*=94.171 HOS=42.939 AUROC=78.747 AUPR=72.264 OSCR=76.631
Test-Close [5/30] LR=0.0001000 loss=1.870 ACC=95.943 F1=95.886 Rec=95.943 Prec=96.141

Train Client0 [6/30] LR=0.0001000 loss=0.604 ACC=95.744 F1=76.560 Rec=77.000 Prec=76.154
Train Client1 [6/30] LR=0.0001000 loss=0.266 ACC=98.538 F1=93.467 Rec=94.119 Prec=92.904
Train Client2 [6/30] LR=0.0001000 loss=0.590 ACC=96.863 F1=93.162 Rec=93.950 Prec=92.451
Train Client3 [6/30] LR=0.0001000 loss=0.746 ACC=97.159 F1=95.187 Rec=96.819 Prec=93.783
Train Client4 [6/30] LR=0.0001000 loss=0.509 ACC=97.866 F1=89.242 Rec=97.690 Prec=84.764
Train Client5 [6/30] LR=0.0001000 loss=0.414 ACC=98.661 F1=90.945 Rec=94.012 Prec=88.883
Train Client6 [6/30] LR=0.0001000 loss=2.075 ACC=87.778 F1=81.422 Rec=94.701 Prec=74.651
Train Client7 [6/30] LR=0.0001000 loss=0.850 ACC=94.091 F1=86.251 Rec=95.793 Prec=80.856

Test-  OSR [6/30] LR=0.0001000 ACC=67.607 F1=72.716 Rec=78.937 Prec=73.548 UNK=33.619 OS*=88.000 HOS=48.652 AUROC=68.514 AUPR=56.941 OSCR=65.628
Test-Close [6/30] LR=0.0001000 loss=2.155 ACC=95.543 F1=95.489 Rec=95.543 Prec=95.744

Train Client0 [7/30] LR=0.0001000 loss=0.397 ACC=96.228 F1=76.989 Rec=77.277 Prec=76.725
Train Client1 [7/30] LR=0.0001000 loss=0.168 ACC=98.816 F1=93.724 Rec=93.429 Prec=94.029
Train Client2 [7/30] LR=0.0001000 loss=0.364 ACC=96.816 F1=92.252 Rec=92.221 Prec=92.302
Train Client3 [7/30] LR=0.0001000 loss=0.429 ACC=96.023 F1=93.003 Rec=95.726 Prec=91.019
Train Client4 [7/30] LR=0.0001000 loss=0.362 ACC=97.637 F1=88.695 Rec=96.238 Prec=84.985
Train Client5 [7/30] LR=0.0001000 loss=0.253 ACC=98.125 F1=89.267 Rec=98.582 Prec=85.903
Train Client6 [7/30] LR=0.0001000 loss=1.702 ACC=84.722 F1=79.275 Rec=92.903 Prec=72.250
Train Client7 [7/30] LR=0.0001000 loss=0.756 ACC=94.091 F1=94.352 Rec=96.221 Prec=92.801

Test-  OSR [7/30] LR=0.0001000 ACC=68.571 F1=73.676 Rec=79.937 Prec=74.303 UNK=34.476 OS*=89.029 HOS=49.704 AUROC=69.422 AUPR=58.537 OSCR=66.736
Test-Close [7/30] LR=0.0001000 loss=2.164 ACC=95.543 F1=95.489 Rec=95.543 Prec=95.754

Train Client0 [8/30] LR=0.0001000 loss=0.386 ACC=95.312 F1=76.288 Rec=76.616 Prec=76.008
Train Client1 [8/30] LR=0.0001000 loss=0.173 ACC=98.816 F1=94.726 Rec=94.830 Prec=94.633
Train Client2 [8/30] LR=0.0001000 loss=0.381 ACC=96.911 F1=93.101 Rec=93.558 Prec=92.672
Train Client3 [8/30] LR=0.0001000 loss=0.372 ACC=96.780 F1=93.901 Rec=96.829 Prec=91.697
Train Client4 [8/30] LR=0.0001000 loss=0.407 ACC=97.104 F1=84.944 Rec=96.321 Prec=80.726
Train Client5 [8/30] LR=0.0001000 loss=0.200 ACC=98.036 F1=84.780 Rec=88.585 Prec=83.118
Train Client6 [8/30] LR=0.0001000 loss=1.576 ACC=86.111 F1=80.616 Rec=93.592 Prec=74.037
Train Client7 [8/30] LR=0.0001000 loss=0.664 ACC=94.318 F1=84.486 Rec=95.639 Prec=80.087

Test-  OSR [8/30] LR=0.0001000 ACC=64.214 F1=68.604 Rec=72.254 Prec=73.905 UNK=40.095 OS*=78.686 HOS=53.122 AUROC=68.526 AUPR=53.623 OSCR=63.215
Test-Close [8/30] LR=0.0001000 loss=2.227 ACC=95.714 F1=95.662 Rec=95.714 Prec=95.869

Train Client0 [9/30] LR=0.0001000 loss=0.373 ACC=95.582 F1=76.611 Rec=76.887 Prec=76.368
Train Client1 [9/30] LR=0.0001000 loss=0.152 ACC=98.921 F1=95.154 Rec=95.469 Prec=94.865
Train Client2 [9/30] LR=0.0001000 loss=0.368 ACC=97.291 F1=93.565 Rec=92.447 Prec=94.986
Train Client3 [9/30] LR=0.0001000 loss=0.326 ACC=96.970 F1=95.107 Rec=96.755 Prec=93.683
Train Client4 [9/30] LR=0.0001000 loss=0.328 ACC=97.790 F1=86.476 Rec=93.374 Prec=83.344
Train Client5 [9/30] LR=0.0001000 loss=0.142 ACC=98.393 F1=86.960 Rec=93.748 Prec=84.633
Train Client6 [9/30] LR=0.0001000 loss=1.670 ACC=85.000 F1=77.296 Rec=91.685 Prec=70.119
Train Client7 [9/30] LR=0.0001000 loss=0.648 ACC=94.394 F1=93.784 Rec=94.717 Prec=92.947

Test-  OSR [9/30] LR=0.0001000 ACC=68.357 F1=73.463 Rec=77.587 Prec=75.046 UNK=40.667 OS*=84.971 HOS=55.007 AUROC=71.525 AUPR=58.875 OSCR=67.496
Test-Close [9/30] LR=0.0001000 loss=2.149 ACC=95.714 F1=95.668 Rec=95.714 Prec=95.893

Train Client0 [10/30] LR=0.0001000 loss=0.384 ACC=95.690 F1=76.601 Rec=76.876 Prec=76.355
Train Client1 [10/30] LR=0.0001000 loss=0.165 ACC=98.433 F1=93.329 Rec=94.263 Prec=92.513
Train Client2 [10/30] LR=0.0001000 loss=0.311 ACC=97.053 F1=93.416 Rec=93.491 Prec=93.345
Train Client3 [10/30] LR=0.0001000 loss=0.240 ACC=97.159 F1=95.268 Rec=96.842 Prec=93.916
Train Client4 [10/30] LR=0.0001000 loss=0.411 ACC=97.256 F1=85.134 Rec=95.800 Prec=81.513
Train Client5 [10/30] LR=0.0001000 loss=0.165 ACC=98.571 F1=93.943 Rec=99.054 Prec=90.837
Train Client6 [10/30] LR=0.0001000 loss=1.619 ACC=83.889 F1=75.451 Rec=85.185 Prec=69.974
Train Client7 [10/30] LR=0.0001000 loss=0.685 ACC=94.015 F1=93.647 Rec=94.661 Prec=92.734

Test-  OSR [10/30] LR=0.0001000 ACC=69.036 F1=71.872 Rec=74.175 Prec=76.943 UNK=53.619 OS*=78.286 HOS=63.646 AUROC=75.111 AUPR=62.393 OSCR=67.523
Test-Close [10/30] LR=0.0001000 loss=2.250 ACC=95.886 F1=95.847 Rec=95.886 Prec=96.063

Train Client0 [11/30] LR=0.0001000 loss=0.358 ACC=95.636 F1=76.518 Rec=76.923 Prec=76.175
Train Client1 [11/30] LR=0.0001000 loss=0.131 ACC=99.060 F1=96.452 Rec=97.247 Prec=95.747
Train Client2 [11/30] LR=0.0001000 loss=0.344 ACC=96.958 F1=92.990 Rec=92.446 Prec=93.638
Train Client3 [11/30] LR=0.0001000 loss=0.315 ACC=96.212 F1=94.202 Rec=95.808 Prec=92.905
Train Client4 [11/30] LR=0.0001000 loss=0.231 ACC=98.171 F1=89.217 Rec=91.593 Prec=87.245
Train Client5 [11/30] LR=0.0001000 loss=0.162 ACC=98.304 F1=89.418 Rec=98.533 Prec=86.245
Train Client6 [11/30] LR=0.0001000 loss=1.454 ACC=85.833 F1=79.633 Rec=90.461 Prec=73.899
Train Client7 [11/30] LR=0.0001000 loss=0.693 ACC=93.333 F1=93.782 Rec=94.803 Prec=92.828

Test-  OSR [11/30] LR=0.0001000 ACC=68.143 F1=66.792 Rec=70.476 Prec=77.044 UNK=61.143 OS*=72.343 HOS=66.273 AUROC=75.071 AUPR=59.831 OSCR=65.128
Test-Close [11/30] LR=0.0001000 loss=2.332 ACC=96.229 F1=96.199 Rec=96.229 Prec=96.316

