Logging to: ./logs/RetinalOCT_Pretrain_K5_U3_seed0_20260616_161712.log
==> Preparing data..
Protocol mode: easy
Fixed known classes: ['CNV', 'DME', 'DR', 'DRUSEN', 'NORMAL']
Fixed unknown classes: ['AMD', 'CSR', 'MH']
Known class list: [1 3 4 5 7] Unknown class list [0 2 6]
Total images — Train: 18400, Val: 2800, Test: 2800
{1: 0, 3: 1, 4: 2, 5: 3, 7: 4} {0: 5, 2: 6, 6: 7}
Known origin: [1 3 4 5 7] , new: [0 1 2 3 4]
Unknown origin: [0 2 6] , new: [5 6 7]
Known/Unknown in Train: 11500/6900
Known/Unknown in Val:   1750/1050
Known/Unknown in Test:  1750/1050
Client0 sample num: 1861
Client1 sample num: 2876
Client2 sample num: 2109
Client3 sample num: 533
Client4 sample num: 1312
Client5 sample num: 1125
Client6 sample num: 362
Client7 sample num: 1322

>>> Setting up
==> Using device: cuda:0
==> Building [Resnet18] model..
154
120
Train Client0 [0/50] LR=0.0005000 loss=2.160 ACC=60.830 F1=38.072 Rec=38.451 Prec=39.294
Train Client1 [0/50] LR=0.0005000 loss=1.625 ACC=69.185 F1=51.407 Rec=50.270 Prec=52.905
Train Client2 [0/50] LR=0.0005000 loss=1.302 ACC=77.709 F1=39.067 Rec=39.671 Prec=40.260
Train Client3 [0/50] LR=0.0005000 loss=2.925 ACC=42.424 F1=34.511 Rec=34.209 Prec=34.879
Train Client4 [0/50] LR=0.0005000 loss=1.219 ACC=82.012 F1=39.805 Rec=40.650 Prec=39.574
Train Client5 [0/50] LR=0.0005000 loss=2.170 ACC=57.500 F1=40.287 Rec=40.495 Prec=40.372
Train Client6 [0/50] LR=0.0005000 loss=2.438 ACC=62.778 F1=27.343 Rec=28.192 Prec=26.942
Train Client7 [0/50] LR=0.0005000 loss=1.914 ACC=64.621 F1=34.832 Rec=33.833 Prec=36.859

Val    [0/50] LR=0.0005000 loss=3.160 ACC=20.743 F1=8.146 Rec=20.743 Prec=22.608
Val-Known->Virtual [0/50] rate=0.000% prob_mean=0.005624 margin_mean=0.321579

Test-  OSR [0/50] LR=0.0005000 ACC=12.857 F1=4.653 Rec=17.143 Prec=18.765 UNK=0.000 OS*=20.571 HOS=0.000 AUROC=80.793 AUPR=62.486 OSCR=20.044
Test-Close [0/50] LR=0.0005000 loss=3.166 ACC=20.571 F1=7.823 Rec=20.571 Prec=24.032
Test-Virtual [0/50] CloseK->V=0.000% Open->V=0.000% OpenVEntropy=0.000000 CloseHist=[0, 0, 0] OpenHist=[0, 0, 0]
AnchorDiag [0/50] VNorm=[1.0679271221160889, 1.051558494567871, 1.0580496788024902] VDriftMax=0.318398 Vcos(max/mean)=(0.1107/0.1052) KVcos(max/mean)=(0.0324/-0.0001) ValK->V=0.00% CloseK->V=0.00% Open->V=0.00% OpenVEntropy=0.0000
Saving best model . . . . . . . .

Saving model at epoch 0 . . . . . . . .

Train Client0 [1/50] LR=0.0005000 loss=1.818 ACC=64.978 F1=43.292 Rec=42.566 Prec=46.018
Train Client1 [1/50] LR=0.0005000 loss=1.309 ACC=74.060 F1=56.792 Rec=55.675 Prec=58.233
Train Client2 [1/50] LR=0.0005000 loss=1.047 ACC=81.559 F1=42.859 Rec=43.170 Prec=46.835
Train Client3 [1/50] LR=0.0005000 loss=2.179 ACC=54.545 F1=46.362 Rec=45.430 Prec=47.846
Train Client4 [1/50] LR=0.0005000 loss=0.792 ACC=87.652 F1=45.323 Rec=44.618 Prec=46.430
Train Client5 [1/50] LR=0.0005000 loss=1.708 ACC=64.554 F1=45.200 Rec=45.450 Prec=47.381
Train Client6 [1/50] LR=0.0005000 loss=1.723 ACC=75.556 F1=37.203 Rec=37.116 Prec=39.174
Train Client7 [1/50] LR=0.0005000 loss=1.241 ACC=73.485 F1=49.117 Rec=47.408 Prec=51.841

Val    [1/50] LR=0.0005000 loss=2.842 ACC=51.486 F1=44.908 Rec=51.486 Prec=60.480
Val-Known->Virtual [1/50] rate=0.000% prob_mean=0.000120 margin_mean=0.374509

Test-  OSR [1/50] LR=0.0005000 ACC=30.964 F1=28.954 Rec=41.286 Prec=53.346 UNK=0.000 OS*=49.543 HOS=0.000 AUROC=69.205 AUPR=50.370 OSCR=38.828
Test-Close [1/50] LR=0.0005000 loss=2.851 ACC=49.543 F1=44.246 Rec=49.543 Prec=80.968
Test-Virtual [1/50] CloseK->V=0.000% Open->V=0.000% OpenVEntropy=0.000000 CloseHist=[0, 0, 0] OpenHist=[0, 0, 0]
AnchorDiag [1/50] VNorm=[1.2510119676589966, 1.1932883262634277, 1.2273775339126587] VDriftMax=0.683632 Vcos(max/mean)=(0.3456/0.3286) KVcos(max/mean)=(0.0726/0.0172) ValK->V=0.00% CloseK->V=0.00% Open->V=0.00% OpenVEntropy=0.0000
Saving best model . . . . . . . .

Train Client0 [2/50] LR=0.0005000 loss=1.568 ACC=69.989 F1=60.577 Rec=59.358 Prec=63.620
Train Client1 [2/50] LR=0.0005000 loss=1.143 ACC=78.865 F1=60.731 Rec=59.699 Prec=62.203
Train Client2 [2/50] LR=0.0005000 loss=0.838 ACC=84.268 F1=54.214 Rec=52.587 Prec=60.105
Train Client3 [2/50] LR=0.0005000 loss=1.748 ACC=61.364 F1=50.221 Rec=50.228 Prec=50.457
Train Client4 [2/50] LR=0.0005000 loss=0.643 ACC=89.101 F1=50.695 Rec=48.471 Prec=66.757
Train Client5 [2/50] LR=0.0005000 loss=1.516 ACC=67.232 F1=49.925 Rec=49.277 Prec=51.961
Train Client6 [2/50] LR=0.0005000 loss=1.203 ACC=80.556 F1=47.940 Rec=45.143 Prec=52.097
Train Client7 [2/50] LR=0.0005000 loss=1.103 ACC=77.500 F1=51.715 Rec=48.536 Prec=56.935

Val    [2/50] LR=0.0005000 loss=2.758 ACC=54.800 F1=50.641 Rec=54.800 Prec=69.024
Val-Known->Virtual [2/50] rate=0.000% prob_mean=0.000001 margin_mean=0.433746

Test-  OSR [2/50] LR=0.0005000 ACC=33.893 F1=33.610 Rec=45.190 Prec=36.136 UNK=0.000 OS*=54.229 HOS=0.000 AUROC=71.419 AUPR=55.507 OSCR=43.315
Test-Close [2/50] LR=0.0005000 loss=2.765 ACC=54.229 F1=50.512 Rec=54.229 Prec=67.002
Test-Virtual [2/50] CloseK->V=0.000% Open->V=0.000% OpenVEntropy=0.000000 CloseHist=[0, 0, 0] OpenHist=[0, 0, 0]
AnchorDiag [2/50] VNorm=[1.560628890991211, 1.4730274677276611, 1.5240997076034546] VDriftMax=1.137291 Vcos(max/mean)=(0.5776/0.5642) KVcos(max/mean)=(0.1274/0.0634) ValK->V=0.00% CloseK->V=0.00% Open->V=0.00% OpenVEntropy=0.0000
Saving best model . . . . . . . .

Train Client0 [3/50] LR=0.0005000 loss=1.368 ACC=73.491 F1=64.572 Rec=63.631 Prec=67.022
Train Client1 [3/50] LR=0.0005000 loss=1.005 ACC=81.616 F1=63.733 Rec=63.536 Prec=64.103
Train Client2 [3/50] LR=0.0005000 loss=0.809 ACC=84.981 F1=55.270 Rec=53.703 Prec=63.713
Train Client3 [3/50] LR=0.0005000 loss=1.532 ACC=67.803 F1=56.718 Rec=56.578 Prec=56.944
Train Client4 [3/50] LR=0.0005000 loss=0.615 ACC=90.168 F1=47.546 Rec=47.256 Prec=47.936
Train Client5 [3/50] LR=0.0005000 loss=1.339 ACC=72.143 F1=54.006 Rec=53.220 Prec=56.329
Train Client6 [3/50] LR=0.0005000 loss=1.000 ACC=84.444 F1=55.894 Rec=54.333 Prec=58.978
Train Client7 [3/50] LR=0.0005000 loss=0.989 ACC=78.788 F1=55.528 Rec=53.580 Prec=58.367

Val    [3/50] LR=0.0005000 loss=2.237 ACC=77.657 F1=75.261 Rec=77.657 Prec=82.147
Val-Known->Virtual [3/50] rate=0.000% prob_mean=0.000000 margin_mean=0.664349

Test-  OSR [3/50] LR=0.0005000 ACC=49.071 F1=53.752 Rec=65.429 Prec=56.159 UNK=0.000 OS*=78.514 HOS=0.000 AUROC=18.675 AUPR=24.118 OSCR=17.976
Test-Close [3/50] LR=0.0005000 loss=2.230 ACC=78.514 F1=76.529 Rec=78.514 Prec=82.436
Test-Virtual [3/50] CloseK->V=0.000% Open->V=0.000% OpenVEntropy=0.000000 CloseHist=[0, 0, 0] OpenHist=[0, 0, 0]
AnchorDiag [3/50] VNorm=[1.7859866619110107, 1.7389675378799438, 1.7645758390426636] VDriftMax=1.415554 Vcos(max/mean)=(0.6813/0.6772) KVcos(max/mean)=(0.1648/0.0998) ValK->V=0.00% CloseK->V=0.00% Open->V=0.00% OpenVEntropy=0.0000
Train Client0 [4/50] LR=0.0005000 loss=1.259 ACC=76.455 F1=68.932 Rec=67.680 Prec=71.240
Train Client1 [4/50] LR=0.0005000 loss=0.865 ACC=84.053 F1=66.594 Rec=66.734 Prec=66.508
Train Client2 [4/50] LR=0.0005000 loss=0.713 ACC=86.454 F1=61.662 Rec=59.419 Prec=66.851
Train Client3 [4/50] LR=0.0005000 loss=1.418 ACC=68.371 F1=55.873 Rec=55.298 Prec=57.231
Train Client4 [4/50] LR=0.0005000 loss=0.519 ACC=91.692 F1=51.809 Rec=51.975 Prec=51.661
Train Client5 [4/50] LR=0.0005000 loss=1.222 ACC=75.000 F1=58.041 Rec=57.058 Prec=59.835
Train Client6 [4/50] LR=0.0005000 loss=0.928 ACC=81.667 F1=52.338 Rec=50.933 Prec=54.431
Train Client7 [4/50] LR=0.0005000 loss=0.843 ACC=82.652 F1=62.598 Rec=60.905 Prec=64.684

Val    [4/50] LR=0.0005000 loss=2.144 ACC=81.943 F1=81.230 Rec=81.943 Prec=84.100
Val-Known->Virtual [4/50] rate=0.000% prob_mean=0.000000 margin_mean=0.725847

Test-  OSR [4/50] LR=0.0005000 ACC=51.821 F1=58.267 Rec=69.095 Prec=57.436 UNK=0.000 OS*=82.914 HOS=0.000 AUROC=27.046 AUPR=28.032 OSCR=25.297
Test-Close [4/50] LR=0.0005000 loss=2.134 ACC=82.914 F1=82.458 Rec=82.914 Prec=85.073
Test-Virtual [4/50] CloseK->V=0.000% Open->V=0.000% OpenVEntropy=0.000000 CloseHist=[0, 0, 0] OpenHist=[0, 0, 0]
AnchorDiag [4/50] VNorm=[1.7901203632354736, 1.7454370260238647, 1.76979398727417] VDriftMax=1.420380 Vcos(max/mean)=(0.6830/0.6791) KVcos(max/mean)=(0.2109/0.1400) ValK->V=0.00% CloseK->V=0.00% Open->V=0.00% OpenVEntropy=0.0000
Train Client0 [5/50] LR=0.0005000 loss=1.162 ACC=78.987 F1=73.474 Rec=71.603 Prec=76.273
Train Client1 [5/50] LR=0.0005000 loss=0.872 ACC=83.496 F1=66.548 Rec=66.312 Prec=70.505
Train Client2 [5/50] LR=0.0005000 loss=0.583 ACC=88.213 F1=66.760 Rec=64.987 Prec=69.642
Train Client3 [5/50] LR=0.0005000 loss=1.369 ACC=70.076 F1=60.589 Rec=60.515 Prec=61.001
Train Client4 [5/50] LR=0.0005000 loss=0.489 ACC=92.759 F1=52.905 Rec=53.238 Prec=52.583
Train Client5 [5/50] LR=0.0005000 loss=1.128 ACC=77.143 F1=60.056 Rec=58.849 Prec=62.141
Train Client6 [5/50] LR=0.0005000 loss=0.821 ACC=86.667 F1=62.219 Rec=61.144 Prec=63.576
Train Client7 [5/50] LR=0.0005000 loss=0.882 ACC=81.364 F1=58.203 Rec=57.500 Prec=59.173

Val    [5/50] LR=0.0005000 loss=2.122 ACC=82.057 F1=81.479 Rec=82.057 Prec=84.981
Val-Known->Virtual [5/50] rate=0.000% prob_mean=0.000000 margin_mean=0.755575

Test-  OSR [5/50] LR=0.0005000 ACC=52.036 F1=57.556 Rec=69.381 Prec=55.082 UNK=0.000 OS*=83.257 HOS=0.000 AUROC=33.724 AUPR=36.569 OSCR=30.512
Test-Close [5/50] LR=0.0005000 loss=2.103 ACC=83.257 F1=82.960 Rec=83.257 Prec=85.420
Test-Virtual [5/50] CloseK->V=0.000% Open->V=0.000% OpenVEntropy=0.000000 CloseHist=[0, 0, 0] OpenHist=[0, 0, 0]
AnchorDiag [5/50] VNorm=[1.7951630353927612, 1.7529929876327515, 1.7759681940078735] VDriftMax=1.426256 Vcos(max/mean)=(0.6850/0.6814) KVcos(max/mean)=(0.2412/0.1736) ValK->V=0.00% CloseK->V=0.00% Open->V=0.00% OpenVEntropy=0.0000
Saving model at epoch 5 . . . . . . . .

Train Client0 [6/50] LR=0.0005000 loss=1.089 ACC=81.196 F1=60.818 Rec=59.520 Prec=62.817
Train Client1 [6/50] LR=0.0005000 loss=0.785 ACC=85.968 F1=68.043 Rec=68.562 Prec=67.561
Train Client2 [6/50] LR=0.0005000 loss=0.514 ACC=90.067 F1=68.557 Rec=66.342 Prec=73.335
Train Client3 [6/50] LR=0.0005000 loss=1.229 ACC=73.674 F1=67.452 Rec=67.143 Prec=67.898
Train Client4 [6/50] LR=0.0005000 loss=0.464 ACC=91.845 F1=51.166 Rec=51.890 Prec=50.485
Train Client5 [6/50] LR=0.0005000 loss=0.993 ACC=80.893 F1=63.498 Rec=62.606 Prec=64.729
Train Client6 [6/50] LR=0.0005000 loss=0.868 ACC=84.722 F1=57.211 Rec=55.126 Prec=60.373
Train Client7 [6/50] LR=0.0005000 loss=0.756 ACC=84.015 F1=64.173 Rec=62.969 Prec=65.614

Val    [6/50] LR=0.0005000 loss=2.150 ACC=79.943 F1=79.069 Rec=79.943 Prec=83.863
Val-Known->Virtual [6/50] rate=0.000% prob_mean=0.000000 margin_mean=0.796749

Test-  OSR [6/50] LR=0.0005000 ACC=50.536 F1=55.213 Rec=67.381 Prec=53.565 UNK=0.000 OS*=80.857 HOS=0.000 AUROC=32.263 AUPR=33.163 OSCR=28.990
Test-Close [6/50] LR=0.0005000 loss=2.128 ACC=80.857 F1=80.351 Rec=80.857 Prec=84.108
Test-Virtual [6/50] CloseK->V=0.000% Open->V=0.000% OpenVEntropy=0.000000 CloseHist=[0, 0, 0] OpenHist=[0, 0, 0]
AnchorDiag [6/50] VNorm=[1.807948350906372, 1.7708240747451782, 1.7912288904190063] VDriftMax=1.442114 Vcos(max/mean)=(0.6899/0.6868) KVcos(max/mean)=(0.2747/0.2060) ValK->V=0.00% CloseK->V=0.00% Open->V=0.00% OpenVEntropy=0.0000
Train Client0 [7/50] LR=0.0005000 loss=1.032 ACC=81.627 F1=76.572 Rec=75.131 Prec=78.808
Train Client1 [7/50] LR=0.0005000 loss=0.761 ACC=86.525 F1=68.620 Rec=69.180 Prec=68.151
Train Client2 [7/50] LR=0.0005000 loss=0.526 ACC=88.973 F1=69.301 Rec=67.349 Prec=72.306
Train Client3 [7/50] LR=0.0005000 loss=1.199 ACC=77.083 F1=62.865 Rec=62.924 Prec=62.815
Train Client4 [7/50] LR=0.0005000 loss=0.334 ACC=94.436 F1=57.580 Rec=57.502 Prec=59.633
Train Client5 [7/50] LR=0.0005000 loss=1.018 ACC=78.661 F1=62.304 Rec=61.729 Prec=63.081
Train Client6 [7/50] LR=0.0005000 loss=0.771 ACC=88.056 F1=62.964 Rec=61.074 Prec=65.818
Train Client7 [7/50] LR=0.0005000 loss=0.747 ACC=83.788 F1=64.286 Rec=64.516 Prec=64.222

Val    [7/50] LR=0.0005000 loss=2.028 ACC=85.771 F1=85.470 Rec=85.771 Prec=87.899
Val-Known->Virtual [7/50] rate=0.000% prob_mean=0.000000 margin_mean=0.816828

Test-  OSR [7/50] LR=0.0005000 ACC=54.250 F1=61.200 Rec=72.333 Prec=58.941 UNK=0.000 OS*=86.800 HOS=0.000 AUROC=28.653 AUPR=30.387 OSCR=27.004
Test-Close [7/50] LR=0.0005000 loss=2.007 ACC=86.800 F1=86.704 Rec=86.800 Prec=88.472
Test-Virtual [7/50] CloseK->V=0.000% Open->V=0.000% OpenVEntropy=0.000000 CloseHist=[0, 0, 0] OpenHist=[0, 0, 0]
AnchorDiag [7/50] VNorm=[1.820648431777954, 1.7876765727996826, 1.805361032485962] VDriftMax=1.458658 Vcos(max/mean)=(0.6945/0.6919) KVcos(max/mean)=(0.3131/0.2403) ValK->V=0.00% CloseK->V=0.00% Open->V=0.00% OpenVEntropy=0.0000
Train Client0 [8/50] LR=0.0005000 loss=0.933 ACC=82.866 F1=78.460 Rec=77.090 Prec=80.600
Train Client1 [8/50] LR=0.0005000 loss=0.713 ACC=86.873 F1=69.850 Rec=70.055 Prec=72.370
Train Client2 [8/50] LR=0.0005000 loss=0.463 ACC=91.112 F1=75.756 Rec=74.288 Prec=77.641
Train Client3 [8/50] LR=0.0005000 loss=1.029 ACC=81.061 F1=66.805 Rec=67.329 Prec=66.416
Train Client4 [8/50] LR=0.0005000 loss=0.326 ACC=94.817 F1=65.585 Rec=63.313 Prec=74.402
Train Client5 [8/50] LR=0.0005000 loss=0.933 ACC=81.429 F1=62.780 Rec=61.895 Prec=64.210
Train Client6 [8/50] LR=0.0005000 loss=0.769 ACC=86.944 F1=65.894 Rec=64.343 Prec=67.813
Train Client7 [8/50] LR=0.0005000 loss=0.690 ACC=86.212 F1=67.333 Rec=67.196 Prec=67.591

Val    [8/50] LR=0.0005000 loss=2.056 ACC=84.514 F1=84.074 Rec=84.514 Prec=87.259
Val-Known->Virtual [8/50] rate=0.000% prob_mean=0.000000 margin_mean=0.839756

Test-  OSR [8/50] LR=0.0005000 ACC=54.071 F1=60.261 Rec=72.095 Prec=57.295 UNK=0.000 OS*=86.514 HOS=0.000 AUROC=35.653 AUPR=35.001 OSCR=33.171
Test-Close [8/50] LR=0.0005000 loss=2.024 ACC=86.514 F1=86.366 Rec=86.514 Prec=88.602
Test-Virtual [8/50] CloseK->V=0.000% Open->V=0.000% OpenVEntropy=0.000000 CloseHist=[0, 0, 0] OpenHist=[0, 0, 0]
AnchorDiag [8/50] VNorm=[1.8320868015289307, 1.8026604652404785, 1.8178801536560059] VDriftMax=1.473165 Vcos(max/mean)=(0.6985/0.6963) KVcos(max/mean)=(0.3480/0.2726) ValK->V=0.00% CloseK->V=0.00% Open->V=0.00% OpenVEntropy=0.0000
Train Client0 [9/50] LR=0.0005000 loss=0.966 ACC=82.597 F1=62.070 Rec=61.055 Prec=63.689
Train Client1 [9/50] LR=0.0005000 loss=0.665 ACC=87.570 F1=73.176 Rec=72.559 Prec=78.071
Train Client2 [9/50] LR=0.0005000 loss=0.436 ACC=91.492 F1=76.162 Rec=74.688 Prec=77.966
Train Client3 [9/50] LR=0.0005000 loss=0.974 ACC=80.682 F1=65.879 Rec=66.540 Prec=65.311
Train Client4 [9/50] LR=0.0005000 loss=0.290 ACC=94.741 F1=64.076 Rec=63.693 Prec=66.516
Train Client5 [9/50] LR=0.0005000 loss=0.909 ACC=82.768 F1=64.552 Rec=63.895 Prec=65.378
Train Client6 [9/50] LR=0.0005000 loss=0.719 ACC=87.500 F1=66.479 Rec=63.916 Prec=70.677
Train Client7 [9/50] LR=0.0005000 loss=0.661 ACC=87.121 F1=68.280 Rec=67.783 Prec=68.997

Val    [9/50] LR=0.0005000 loss=2.019 ACC=85.600 F1=85.301 Rec=85.600 Prec=88.177
Val-Known->Virtual [9/50] rate=0.000% prob_mean=0.000000 margin_mean=0.864323

Test-  OSR [9/50] LR=0.0005000 ACC=54.357 F1=62.280 Rec=72.476 Prec=61.211 UNK=0.000 OS*=86.971 HOS=0.000 AUROC=21.069 AUPR=24.701 OSCR=20.643
Test-Close [9/50] LR=0.0005000 loss=1.996 ACC=86.971 F1=86.838 Rec=86.971 Prec=88.741
Test-Virtual [9/50] CloseK->V=0.000% Open->V=0.000% OpenVEntropy=0.000000 CloseHist=[0, 0, 0] OpenHist=[0, 0, 0]
AnchorDiag [9/50] VNorm=[1.8471720218658447, 1.820745587348938, 1.833609700202942] VDriftMax=1.491304 Vcos(max/mean)=(0.7035/0.7017) KVcos(max/mean)=(0.3687/0.3008) ValK->V=0.00% CloseK->V=0.00% Open->V=0.00% OpenVEntropy=0.0000
Train Client0 [10/50] LR=0.0005000 loss=0.936 ACC=83.998 F1=79.631 Rec=78.161 Prec=81.764
Train Client1 [10/50] LR=0.0005000 loss=0.684 ACC=87.918 F1=74.965 Rec=73.622 Prec=79.399
Train Client2 [10/50] LR=0.0005000 loss=0.419 ACC=91.350 F1=76.509 Rec=75.381 Prec=77.895
Train Client3 [10/50] LR=0.0005000 loss=1.037 ACC=80.303 F1=66.089 Rec=66.805 Prec=65.466
Train Client4 [10/50] LR=0.0005000 loss=0.303 ACC=94.817 F1=62.606 Rec=61.429 Prec=67.677
Train Client5 [10/50] LR=0.0005000 loss=0.815 ACC=83.929 F1=66.705 Rec=66.488 Prec=66.950
Train Client6 [10/50] LR=0.0005000 loss=0.561 ACC=91.667 F1=73.288 Rec=71.551 Prec=75.860
Train Client7 [10/50] LR=0.0005000 loss=0.686 ACC=85.530 F1=67.069 Rec=65.701 Prec=68.801

Val    [10/50] LR=0.0005000 loss=1.967 ACC=88.057 F1=87.982 Rec=88.057 Prec=89.145
Val-Known->Virtual [10/50] rate=0.000% prob_mean=0.000000 margin_mean=0.841572

Test-  OSR [10/50] LR=0.0005000 ACC=55.107 F1=61.226 Rec=73.476 Prec=56.942 UNK=0.000 OS*=88.171 HOS=0.000 AUROC=34.687 AUPR=36.404 OSCR=32.594
Test-Close [10/50] LR=0.0005000 loss=1.963 ACC=88.171 F1=88.155 Rec=88.171 Prec=89.016
Test-Virtual [10/50] CloseK->V=0.000% Open->V=0.000% OpenVEntropy=0.000000 CloseHist=[0, 0, 0] OpenHist=[0, 0, 0]
AnchorDiag [10/50] VNorm=[1.869828462600708, 1.8466215133666992, 1.8566781282424927] VDriftMax=1.517866 Vcos(max/mean)=(0.7108/0.7093) KVcos(max/mean)=(0.3964/0.3317) ValK->V=0.00% CloseK->V=0.00% Open->V=0.00% OpenVEntropy=0.0000
Saving model at epoch 10 . . . . . . . .

>> New learning Rate: 0.00025
Train Client0 [11/50] LR=0.0002500 loss=0.697 ACC=87.662 F1=67.670 Rec=66.889 Prec=68.816
Train Client1 [11/50] LR=0.0002500 loss=0.500 ACC=91.748 F1=80.141 Rec=79.052 Prec=82.117
Train Client2 [11/50] LR=0.0002500 loss=0.319 ACC=93.156 F1=81.004 Rec=80.896 Prec=81.222
Train Client3 [11/50] LR=0.0002500 loss=0.822 ACC=84.091 F1=78.892 Rec=80.118 Prec=78.061
Train Client4 [11/50] LR=0.0002500 loss=0.253 ACC=95.655 F1=64.655 Rec=64.700 Prec=65.471
Train Client5 [11/50] LR=0.0002500 loss=0.623 ACC=88.036 F1=74.433 Rec=75.538 Prec=73.934
Train Client6 [11/50] LR=0.0002500 loss=0.556 ACC=90.278 F1=70.712 Rec=70.666 Prec=70.998
Train Client7 [11/50] LR=0.0002500 loss=0.453 ACC=90.985 F1=73.103 Rec=73.576 Prec=72.728

Val    [11/50] LR=0.0002500 loss=1.947 ACC=87.886 F1=87.620 Rec=87.886 Prec=89.027
Val-Known->Virtual [11/50] rate=0.000% prob_mean=0.000000 margin_mean=0.888329

Test-  OSR [11/50] LR=0.0002500 ACC=55.750 F1=63.834 Rec=74.333 Prec=61.671 UNK=0.000 OS*=89.200 HOS=0.000 AUROC=27.531 AUPR=27.904 OSCR=26.642
Test-Close [11/50] LR=0.0002500 loss=1.930 ACC=89.200 F1=89.056 Rec=89.200 Prec=90.128
Test-Virtual [11/50] CloseK->V=0.000% Open->V=0.000% OpenVEntropy=0.000000 CloseHist=[0, 0, 0] OpenHist=[0, 0, 0]
AnchorDiag [11/50] VNorm=[1.8768030405044556, 1.8544129133224487, 1.8637266159057617] VDriftMax=1.525984 Vcos(max/mean)=(0.7130/0.7116) KVcos(max/mean)=(0.4112/0.3509) ValK->V=0.00% CloseK->V=0.00% Open->V=0.00% OpenVEntropy=0.0000
Train Client0 [12/50] LR=0.0002500 loss=0.635 ACC=88.631 F1=85.704 Rec=84.593 Prec=87.202
Train Client1 [12/50] LR=0.0002500 loss=0.449 ACC=92.235 F1=82.280 Rec=80.710 Prec=84.967
Train Client2 [12/50] LR=0.0002500 loss=0.292 ACC=94.344 F1=84.575 Rec=84.399 Prec=84.816
Train Client3 [12/50] LR=0.0002500 loss=0.838 ACC=84.659 F1=73.307 Rec=73.948 Prec=72.920
Train Client4 [12/50] LR=0.0002500 loss=0.220 ACC=95.960 F1=76.656 Rec=78.477 Prec=75.942
Train Client5 [12/50] LR=0.0002500 loss=0.638 ACC=87.232 F1=70.044 Rec=70.262 Prec=69.841
Train Client6 [12/50] LR=0.0002500 loss=0.572 ACC=91.944 F1=83.648 Rec=84.192 Prec=83.592
Train Client7 [12/50] LR=0.0002500 loss=0.438 ACC=92.273 F1=74.657 Rec=74.956 Prec=74.428

Val    [12/50] LR=0.0002500 loss=1.937 ACC=89.086 F1=89.024 Rec=89.086 Prec=90.091
Val-Known->Virtual [12/50] rate=0.000% prob_mean=0.000000 margin_mean=0.914574

Test-  OSR [12/50] LR=0.0002500 ACC=55.857 F1=64.280 Rec=74.476 Prec=62.279 UNK=0.000 OS*=89.371 HOS=0.000 AUROC=27.222 AUPR=27.743 OSCR=26.390
Test-Close [12/50] LR=0.0002500 loss=1.933 ACC=89.371 F1=89.392 Rec=89.371 Prec=90.280
Test-Virtual [12/50] CloseK->V=0.000% Open->V=0.000% OpenVEntropy=0.000000 CloseHist=[0, 0, 0] OpenHist=[0, 0, 0]
AnchorDiag [12/50] VNorm=[1.8830595016479492, 1.8614780902862549, 1.869998574256897] VDriftMax=1.533217 Vcos(max/mean)=(0.7149/0.7136) KVcos(max/mean)=(0.4366/0.3714) ValK->V=0.00% CloseK->V=0.00% Open->V=0.00% OpenVEntropy=0.0000
Train Client0 [13/50] LR=0.0002500 loss=0.679 ACC=87.823 F1=68.064 Rec=67.249 Prec=69.056
Train Client1 [13/50] LR=0.0002500 loss=0.447 ACC=92.201 F1=84.335 Rec=83.150 Prec=86.199
Train Client2 [13/50] LR=0.0002500 loss=0.277 ACC=94.249 F1=84.244 Rec=84.389 Prec=84.140
Train Client3 [13/50] LR=0.0002500 loss=0.729 ACC=85.606 F1=81.346 Rec=83.846 Prec=79.479
Train Client4 [13/50] LR=0.0002500 loss=0.248 ACC=95.579 F1=68.711 Rec=71.008 Prec=67.403
Train Client5 [13/50] LR=0.0002500 loss=0.592 ACC=89.464 F1=81.460 Rec=86.010 Prec=79.493
Train Client6 [13/50] LR=0.0002500 loss=0.505 ACC=92.778 F1=81.325 Rec=78.036 Prec=89.775
Train Client7 [13/50] LR=0.0002500 loss=0.464 ACC=91.364 F1=72.776 Rec=72.591 Prec=73.047

Val    [13/50] LR=0.0002500 loss=1.902 ACC=90.229 F1=90.186 Rec=90.229 Prec=90.836
Val-Known->Virtual [13/50] rate=0.000% prob_mean=0.000000 margin_mean=0.901880

Test-  OSR [13/50] LR=0.0002500 ACC=56.536 F1=63.671 Rec=75.381 Prec=59.784 UNK=0.000 OS*=90.457 HOS=0.000 AUROC=34.355 AUPR=36.877 OSCR=32.731
Test-Close [13/50] LR=0.0002500 loss=1.903 ACC=90.457 F1=90.459 Rec=90.457 Prec=91.001
Test-Virtual [13/50] CloseK->V=0.000% Open->V=0.000% OpenVEntropy=0.000000 CloseHist=[0, 0, 0] OpenHist=[0, 0, 0]
AnchorDiag [13/50] VNorm=[1.8914833068847656, 1.8710850477218628, 1.8784751892089844] VDriftMax=1.543003 Vcos(max/mean)=(0.7174/0.7163) KVcos(max/mean)=(0.4496/0.3896) ValK->V=0.00% CloseK->V=0.00% Open->V=0.00% OpenVEntropy=0.0000
Train Client0 [14/50] LR=0.0002500 loss=0.655 ACC=88.847 F1=85.858 Rec=84.786 Prec=87.260
Train Client1 [14/50] LR=0.0002500 loss=0.441 ACC=92.409 F1=82.377 Rec=80.824 Prec=85.741
Train Client2 [14/50] LR=0.0002500 loss=0.265 ACC=94.487 F1=84.636 Rec=84.920 Prec=84.408
Train Client3 [14/50] LR=0.0002500 loss=0.714 ACC=84.280 F1=77.266 Rec=78.554 Prec=76.230
Train Client4 [14/50] LR=0.0002500 loss=0.184 ACC=96.189 F1=73.389 Rec=73.675 Prec=73.851
Train Client5 [14/50] LR=0.0002500 loss=0.618 ACC=87.411 F1=73.708 Rec=74.346 Prec=73.431
Train Client6 [14/50] LR=0.0002500 loss=0.517 ACC=89.722 F1=74.400 Rec=75.628 Prec=73.632
Train Client7 [14/50] LR=0.0002500 loss=0.447 ACC=91.970 F1=78.363 Rec=93.737 Prec=75.931

Val    [14/50] LR=0.0002500 loss=1.890 ACC=90.629 F1=90.584 Rec=90.629 Prec=91.341
Val-Known->Virtual [14/50] rate=0.000% prob_mean=0.000000 margin_mean=0.910322

Test-  OSR [14/50] LR=0.0002500 ACC=56.679 F1=65.125 Rec=75.571 Prec=62.514 UNK=0.000 OS*=90.686 HOS=0.000 AUROC=27.040 AUPR=28.020 OSCR=26.315
Test-Close [14/50] LR=0.0002500 loss=1.894 ACC=90.686 F1=90.677 Rec=90.686 Prec=91.179
Test-Virtual [14/50] CloseK->V=0.000% Open->V=0.000% OpenVEntropy=0.000000 CloseHist=[0, 0, 0] OpenHist=[0, 0, 0]
AnchorDiag [14/50] VNorm=[1.9023749828338623, 1.8828001022338867, 1.8890661001205444] VDriftMax=1.555206 Vcos(max/mean)=(0.7206/0.7196) KVcos(max/mean)=(0.4696/0.4066) ValK->V=0.00% CloseK->V=0.00% Open->V=0.00% OpenVEntropy=0.0000
Train Client0 [15/50] LR=0.0002500 loss=0.636 ACC=88.847 F1=86.096 Rec=85.043 Prec=87.455
Train Client1 [15/50] LR=0.0002500 loss=0.439 ACC=92.688 F1=82.676 Rec=81.238 Prec=85.232
Train Client2 [15/50] LR=0.0002500 loss=0.280 ACC=93.964 F1=83.999 Rec=85.099 Prec=83.033
Train Client3 [15/50] LR=0.0002500 loss=0.683 ACC=86.553 F1=79.718 Rec=81.112 Prec=78.589
Train Client4 [15/50] LR=0.0002500 loss=0.204 ACC=96.113 F1=76.146 Rec=77.544 Prec=76.002
Train Client5 [15/50] LR=0.0002500 loss=0.610 ACC=87.857 F1=70.183 Rec=70.013 Prec=70.365
Train Client6 [15/50] LR=0.0002500 loss=0.430 ACC=91.389 F1=72.860 Rec=73.748 Prec=72.079
Train Client7 [15/50] LR=0.0002500 loss=0.436 ACC=91.970 F1=74.004 Rec=74.448 Prec=73.625

Val    [15/50] LR=0.0002500 loss=1.916 ACC=89.429 F1=89.420 Rec=89.429 Prec=90.468
Val-Known->Virtual [15/50] rate=0.000% prob_mean=0.000000 margin_mean=0.905863

Test-  OSR [15/50] LR=0.0002500 ACC=56.143 F1=63.901 Rec=74.857 Prec=60.976 UNK=0.000 OS*=89.829 HOS=0.000 AUROC=32.724 AUPR=34.522 OSCR=31.234
Test-Close [15/50] LR=0.0002500 loss=1.913 ACC=89.829 F1=89.853 Rec=89.829 Prec=90.626
Test-Virtual [15/50] CloseK->V=0.000% Open->V=0.000% OpenVEntropy=0.000000 CloseHist=[0, 0, 0] OpenHist=[0, 0, 0]
AnchorDiag [15/50] VNorm=[1.9215842485427856, 1.90360689163208, 1.90815007686615] VDriftMax=1.578369 Vcos(max/mean)=(0.7262/0.7253) KVcos(max/mean)=(0.4908/0.4241) ValK->V=0.00% CloseK->V=0.00% Open->V=0.00% OpenVEntropy=0.0000
Saving model at epoch 15 . . . . . . . .

Train Client0 [16/50] LR=0.0002500 loss=0.610 ACC=88.901 F1=86.263 Rec=85.169 Prec=87.653
Train Client1 [16/50] LR=0.0002500 loss=0.409 ACC=92.235 F1=82.951 Rec=81.827 Prec=84.650
Train Client2 [16/50] LR=0.0002500 loss=0.292 ACC=94.914 F1=86.825 Rec=86.705 Prec=87.043
Train Client3 [16/50] LR=0.0002500 loss=0.681 ACC=87.121 F1=74.932 Rec=75.324 Prec=74.776
Train Client4 [16/50] LR=0.0002500 loss=0.200 ACC=96.418 F1=72.855 Rec=70.378 Prec=77.416
Train Client5 [16/50] LR=0.0002500 loss=0.560 ACC=88.482 F1=70.543 Rec=70.036 Prec=71.117
Train Client6 [16/50] LR=0.0002500 loss=0.503 ACC=91.111 F1=85.712 Rec=84.797 Prec=87.154
Train Client7 [16/50] LR=0.0002500 loss=0.407 ACC=92.197 F1=74.193 Rec=74.736 Prec=73.783

Val    [16/50] LR=0.0002500 loss=1.890 ACC=90.743 F1=90.762 Rec=90.743 Prec=91.564
Val-Known->Virtual [16/50] rate=0.000% prob_mean=0.000000 margin_mean=0.914929

Test-  OSR [16/50] LR=0.0002500 ACC=56.929 F1=63.581 Rec=75.905 Prec=59.049 UNK=0.000 OS*=91.086 HOS=0.000 AUROC=35.951 AUPR=39.379 OSCR=34.231
Test-Close [16/50] LR=0.0002500 loss=1.885 ACC=91.086 F1=91.090 Rec=91.086 Prec=91.585
Test-Virtual [16/50] CloseK->V=0.000% Open->V=0.000% OpenVEntropy=0.000000 CloseHist=[0, 0, 0] OpenHist=[0, 0, 0]
AnchorDiag [16/50] VNorm=[1.9428449869155884, 1.9265199899673462, 1.9298688173294067] VDriftMax=1.604876 Vcos(max/mean)=(0.7323/0.7316) KVcos(max/mean)=(0.4977/0.4375) ValK->V=0.00% CloseK->V=0.00% Open->V=0.00% OpenVEntropy=0.0000
Train Client0 [17/50] LR=0.0002500 loss=0.631 ACC=89.386 F1=86.921 Rec=85.904 Prec=88.121
Train Client1 [17/50] LR=0.0002500 loss=0.387 ACC=93.315 F1=85.025 Rec=83.914 Prec=86.649
Train Client2 [17/50] LR=0.0002500 loss=0.249 ACC=95.152 F1=87.341 Rec=88.898 Prec=86.075
Train Client3 [17/50] LR=0.0002500 loss=0.711 ACC=86.742 F1=79.599 Rec=81.585 Prec=78.148
Train Client4 [17/50] LR=0.0002500 loss=0.211 ACC=95.960 F1=70.336 Rec=70.311 Prec=72.798
Train Client5 [17/50] LR=0.0002500 loss=0.583 ACC=87.946 F1=70.712 Rec=70.465 Prec=71.056
Train Client6 [17/50] LR=0.0002500 loss=0.422 ACC=92.222 F1=81.529 Rec=81.950 Prec=81.258
Train Client7 [17/50] LR=0.0002500 loss=0.434 ACC=92.500 F1=73.975 Rec=74.547 Prec=73.492

Val    [17/50] LR=0.0002500 loss=1.909 ACC=89.771 F1=89.713 Rec=89.771 Prec=90.546
Val-Known->Virtual [17/50] rate=0.000% prob_mean=0.000000 margin_mean=0.914371

Test-  OSR [17/50] LR=0.0002500 ACC=56.464 F1=64.869 Rec=75.286 Prec=62.571 UNK=0.000 OS*=90.343 HOS=0.000 AUROC=29.777 AUPR=29.648 OSCR=28.852
Test-Close [17/50] LR=0.0002500 loss=1.902 ACC=90.343 F1=90.324 Rec=90.343 Prec=91.118
Test-Virtual [17/50] CloseK->V=0.000% Open->V=0.000% OpenVEntropy=0.000000 CloseHist=[0, 0, 0] OpenHist=[0, 0, 0]
AnchorDiag [17/50] VNorm=[1.9650585651397705, 1.9501972198486328, 1.9524383544921875] VDriftMax=1.632125 Vcos(max/mean)=(0.7386/0.7378) KVcos(max/mean)=(0.5266/0.4557) ValK->V=0.00% CloseK->V=0.00% Open->V=0.00% OpenVEntropy=0.0000
Train Client0 [18/50] LR=0.0002500 loss=0.592 ACC=89.601 F1=87.276 Rec=86.343 Prec=88.307
Train Client1 [18/50] LR=0.0002500 loss=0.413 ACC=92.723 F1=82.572 Rec=81.603 Prec=84.145
Train Client2 [18/50] LR=0.0002500 loss=0.235 ACC=95.057 F1=86.378 Rec=87.070 Prec=85.751
Train Client3 [18/50] LR=0.0002500 loss=0.695 ACC=85.227 F1=77.834 Rec=80.437 Prec=76.113
Train Client4 [18/50] LR=0.0002500 loss=0.185 ACC=96.646 F1=76.509 Rec=76.187 Prec=77.372
Train Client5 [18/50] LR=0.0002500 loss=0.591 ACC=87.411 F1=70.116 Rec=69.763 Prec=70.550
Train Client6 [18/50] LR=0.0002500 loss=0.453 ACC=93.611 F1=85.026 Rec=86.117 Prec=84.946
Train Client7 [18/50] LR=0.0002500 loss=0.440 ACC=91.439 F1=73.569 Rec=73.705 Prec=73.511

Val    [18/50] LR=0.0002500 loss=1.909 ACC=89.771 F1=89.670 Rec=89.771 Prec=90.647
Val-Known->Virtual [18/50] rate=0.000% prob_mean=0.000000 margin_mean=0.901185

Test-  OSR [18/50] LR=0.0002500 ACC=56.179 F1=63.945 Rec=74.905 Prec=61.233 UNK=0.000 OS*=89.886 HOS=0.000 AUROC=30.454 AUPR=31.678 OSCR=29.315
Test-Close [18/50] LR=0.0002500 loss=1.901 ACC=89.886 F1=89.838 Rec=89.886 Prec=90.701
Test-Virtual [18/50] CloseK->V=0.000% Open->V=0.000% OpenVEntropy=0.000000 CloseHist=[0, 0, 0] OpenHist=[0, 0, 0]
AnchorDiag [18/50] VNorm=[1.9909700155258179, 1.9784529209136963, 1.9796050786972046] VDriftMax=1.664646 Vcos(max/mean)=(0.7457/0.7449) KVcos(max/mean)=(0.5379/0.4713) ValK->V=0.00% CloseK->V=0.00% Open->V=0.00% OpenVEntropy=0.0000
Train Client0 [19/50] LR=0.0002500 loss=0.609 ACC=89.386 F1=87.062 Rec=86.000 Prec=88.439
Train Client1 [19/50] LR=0.0002500 loss=0.409 ACC=93.350 F1=86.662 Rec=85.321 Prec=88.624
Train Client2 [19/50] LR=0.0002500 loss=0.262 ACC=94.392 F1=84.253 Rec=84.091 Prec=84.471
Train Client3 [19/50] LR=0.0002500 loss=0.677 ACC=86.553 F1=80.062 Rec=81.504 Prec=78.927
Train Client4 [19/50] LR=0.0002500 loss=0.192 ACC=96.570 F1=70.585 Rec=70.452 Prec=71.370
Train Client5 [19/50] LR=0.0002500 loss=0.551 ACC=89.643 F1=79.224 Rec=81.749 Prec=77.877
Train Client6 [19/50] LR=0.0002500 loss=0.399 ACC=92.500 F1=74.231 Rec=73.107 Prec=75.662
Train Client7 [19/50] LR=0.0002500 loss=0.447 ACC=91.742 F1=73.579 Rec=74.228 Prec=73.062

Val    [19/50] LR=0.0002500 loss=1.875 ACC=90.457 F1=90.445 Rec=90.457 Prec=90.819
Val-Known->Virtual [19/50] rate=0.000% prob_mean=0.000000 margin_mean=0.908190

Test-  OSR [19/50] LR=0.0002500 ACC=57.179 F1=63.416 Rec=76.238 Prec=58.165 UNK=0.000 OS*=91.486 HOS=0.000 AUROC=37.234 AUPR=40.936 OSCR=35.511
Test-Close [19/50] LR=0.0002500 loss=1.869 ACC=91.486 F1=91.484 Rec=91.486 Prec=91.793
Test-Virtual [19/50] CloseK->V=0.000% Open->V=0.000% OpenVEntropy=0.000000 CloseHist=[0, 0, 0] OpenHist=[0, 0, 0]
AnchorDiag [19/50] VNorm=[2.014481544494629, 2.0025932788848877, 2.002584934234619] VDriftMax=1.692045 Vcos(max/mean)=(0.7517/0.7509) KVcos(max/mean)=(0.5506/0.4844) ValK->V=0.00% CloseK->V=0.00% Open->V=0.00% OpenVEntropy=0.0000
Train Client0 [20/50] LR=0.0002500 loss=0.586 ACC=91.002 F1=89.054 Rec=87.816 Prec=90.598
Train Client1 [20/50] LR=0.0002500 loss=0.405 ACC=93.175 F1=85.043 Rec=83.828 Prec=86.893
Train Client2 [20/50] LR=0.0002500 loss=0.250 ACC=95.152 F1=87.256 Rec=87.821 Prec=86.867
Train Client3 [20/50] LR=0.0002500 loss=0.614 ACC=88.636 F1=86.447 Rec=89.452 Prec=84.197
Train Client4 [20/50] LR=0.0002500 loss=0.176 ACC=96.418 F1=73.731 Rec=74.217 Prec=73.819
Train Client5 [20/50] LR=0.0002500 loss=0.564 ACC=89.018 F1=75.048 Rec=75.758 Prec=74.685
Train Client6 [20/50] LR=0.0002500 loss=0.430 ACC=92.778 F1=82.810 Rec=82.259 Prec=83.479
Train Client7 [20/50] LR=0.0002500 loss=0.411 ACC=92.121 F1=73.962 Rec=74.115 Prec=73.974

Val    [20/50] LR=0.0002500 loss=1.898 ACC=90.857 F1=90.857 Rec=90.857 Prec=91.507
Val-Known->Virtual [20/50] rate=0.000% prob_mean=0.000000 margin_mean=0.917332

Test-  OSR [20/50] LR=0.0002500 ACC=56.571 F1=64.424 Rec=75.429 Prec=61.293 UNK=0.000 OS*=90.514 HOS=0.000 AUROC=31.654 AUPR=33.326 OSCR=30.472
Test-Close [20/50] LR=0.0002500 loss=1.896 ACC=90.514 F1=90.518 Rec=90.514 Prec=91.165
Test-Virtual [20/50] CloseK->V=0.000% Open->V=0.000% OpenVEntropy=0.000000 CloseHist=[0, 0, 0] OpenHist=[0, 0, 0]
AnchorDiag [20/50] VNorm=[2.0429112911224365, 2.0316390991210938, 2.03096079826355] VDriftMax=1.725226 Vcos(max/mean)=(0.7587/0.7579) KVcos(max/mean)=(0.5619/0.4979) ValK->V=0.00% CloseK->V=0.00% Open->V=0.00% OpenVEntropy=0.0000
Saving model at epoch 20 . . . . . . . .

Train Client0 [21/50] LR=0.0002500 loss=0.573 ACC=89.978 F1=87.877 Rec=87.016 Prec=88.950
Train Client1 [21/50] LR=0.0002500 loss=0.404 ACC=93.071 F1=82.627 Rec=81.884 Prec=83.903
Train Client2 [21/50] LR=0.0002500 loss=0.253 ACC=95.437 F1=87.485 Rec=87.943 Prec=87.194
Train Client3 [21/50] LR=0.0002500 loss=0.649 ACC=88.258 F1=80.994 Rec=84.025 Prec=79.079
Train Client4 [21/50] LR=0.0002500 loss=0.184 ACC=96.646 F1=76.246 Rec=74.663 Prec=78.586
Train Client5 [21/50] LR=0.0002500 loss=0.548 ACC=89.732 F1=76.058 Rec=76.418 Prec=76.117
Train Client6 [21/50] LR=0.0002500 loss=0.434 ACC=93.056 F1=79.926 Rec=79.047 Prec=81.046
Train Client7 [21/50] LR=0.0002500 loss=0.426 ACC=92.045 F1=74.006 Rec=74.536 Prec=73.579

Val    [21/50] LR=0.0002500 loss=1.912 ACC=89.714 F1=89.673 Rec=89.714 Prec=90.895
Val-Known->Virtual [21/50] rate=0.000% prob_mean=0.000000 margin_mean=0.908947

Test-  OSR [21/50] LR=0.0002500 ACC=56.643 F1=65.253 Rec=75.524 Prec=63.168 UNK=0.000 OS*=90.629 HOS=0.000 AUROC=24.644 AUPR=27.028 OSCR=24.100
Test-Close [21/50] LR=0.0002500 loss=1.900 ACC=90.629 F1=90.641 Rec=90.629 Prec=91.514
Test-Virtual [21/50] CloseK->V=0.000% Open->V=0.000% OpenVEntropy=0.000000 CloseHist=[0, 0, 0] OpenHist=[0, 0, 0]
AnchorDiag [21/50] VNorm=[2.0716872215270996, 2.060739755630493, 2.059159517288208] VDriftMax=1.758101 Vcos(max/mean)=(0.7654/0.7646) KVcos(max/mean)=(0.5748/0.5080) ValK->V=0.00% CloseK->V=0.00% Open->V=0.00% OpenVEntropy=0.0000
Train Client0 [22/50] LR=0.0002500 loss=0.624 ACC=88.739 F1=85.741 Rec=84.833 Prec=86.927
Train Client1 [22/50] LR=0.0002500 loss=0.353 ACC=93.802 F1=86.960 Rec=85.879 Prec=88.498
Train Client2 [22/50] LR=0.0002500 loss=0.232 ACC=95.485 F1=87.171 Rec=87.385 Prec=86.995
Train Client3 [22/50] LR=0.0002500 loss=0.692 ACC=86.174 F1=81.504 Rec=81.281 Prec=82.040
Train Client4 [22/50] LR=0.0002500 loss=0.181 ACC=96.494 F1=70.242 Rec=69.327 Prec=72.497
Train Client5 [22/50] LR=0.0002500 loss=0.493 ACC=90.089 F1=79.904 Rec=81.462 Prec=79.057
Train Client6 [22/50] LR=0.0002500 loss=0.320 ACC=94.722 F1=82.700 Rec=80.823 Prec=85.984
Train Client7 [22/50] LR=0.0002500 loss=0.369 ACC=93.258 F1=74.896 Rec=75.728 Prec=74.216

Val    [22/50] LR=0.0002500 loss=1.897 ACC=90.743 F1=90.770 Rec=90.743 Prec=91.546
Val-Known->Virtual [22/50] rate=0.000% prob_mean=0.000000 margin_mean=0.919433

Test-  OSR [22/50] LR=0.0002500 ACC=56.571 F1=64.874 Rec=75.429 Prec=62.261 UNK=0.000 OS*=90.514 HOS=0.000 AUROC=27.908 AUPR=29.466 OSCR=27.060
Test-Close [22/50] LR=0.0002500 loss=1.892 ACC=90.514 F1=90.532 Rec=90.514 Prec=91.125
Test-Virtual [22/50] CloseK->V=0.000% Open->V=0.000% OpenVEntropy=0.000000 CloseHist=[0, 0, 0] OpenHist=[0, 0, 0]
AnchorDiag [22/50] VNorm=[2.096829414367676, 2.0866832733154297, 2.0846774578094482] VDriftMax=1.787406 Vcos(max/mean)=(0.7711/0.7703) KVcos(max/mean)=(0.5872/0.5202) ValK->V=0.00% CloseK->V=0.00% Open->V=0.00% OpenVEntropy=0.0000
>> New learning Rate: 0.000125
Train Client0 [23/50] LR=0.0001250 loss=0.451 ACC=91.487 F1=71.743 Rec=71.091 Prec=72.594
Train Client1 [23/50] LR=0.0001250 loss=0.295 ACC=95.091 F1=89.849 Rec=89.020 Prec=90.911
Train Client2 [23/50] LR=0.0001250 loss=0.189 ACC=95.960 F1=89.299 Rec=90.290 Prec=88.513
Train Client3 [23/50] LR=0.0001250 loss=0.568 ACC=89.015 F1=79.605 Rec=83.029 Prec=77.719
Train Client4 [23/50] LR=0.0001250 loss=0.151 ACC=97.256 F1=81.376 Rec=86.057 Prec=78.343
Train Client5 [23/50] LR=0.0001250 loss=0.479 ACC=90.357 F1=75.429 Rec=77.392 Prec=74.756
Train Client6 [23/50] LR=0.0001250 loss=0.344 ACC=93.333 F1=83.012 Rec=86.575 Prec=81.722
Train Client7 [23/50] LR=0.0001250 loss=0.369 ACC=92.955 F1=74.726 Rec=75.398 Prec=74.124

Val    [23/50] LR=0.0001250 loss=1.870 ACC=91.200 F1=91.193 Rec=91.200 Prec=91.592
Val-Known->Virtual [23/50] rate=0.000% prob_mean=0.000000 margin_mean=0.923115

Test-  OSR [23/50] LR=0.0001250 ACC=57.464 F1=65.247 Rec=76.619 Prec=61.599 UNK=0.000 OS*=91.943 HOS=0.000 AUROC=31.352 AUPR=33.127 OSCR=30.322
Test-Close [23/50] LR=0.0001250 loss=1.871 ACC=91.943 F1=91.933 Rec=91.943 Prec=92.275
Test-Virtual [23/50] CloseK->V=0.000% Open->V=0.000% OpenVEntropy=0.000000 CloseHist=[0, 0, 0] OpenHist=[0, 0, 0]
AnchorDiag [23/50] VNorm=[2.1089468002319336, 2.098965883255005, 2.096693277359009] VDriftMax=1.801233 Vcos(max/mean)=(0.7738/0.7729) KVcos(max/mean)=(0.5927/0.5275) ValK->V=0.00% CloseK->V=0.00% Open->V=0.00% OpenVEntropy=0.0000
Train Client0 [24/50] LR=0.0001250 loss=0.463 ACC=91.703 F1=89.909 Rec=89.130 Prec=90.781
Train Client1 [24/50] LR=0.0001250 loss=0.300 ACC=94.847 F1=88.331 Rec=87.267 Prec=89.767
Train Client2 [24/50] LR=0.0001250 loss=0.179 ACC=96.530 F1=90.053 Rec=90.593 Prec=89.568
Train Client3 [24/50] LR=0.0001250 loss=0.566 ACC=88.447 F1=78.413 Rec=79.660 Prec=77.460
Train Client4 [24/50] LR=0.0001250 loss=0.146 ACC=97.485 F1=81.587 Rec=79.007 Prec=85.266
Train Client5 [24/50] LR=0.0001250 loss=0.425 ACC=91.786 F1=77.079 Rec=78.227 Prec=76.813
Train Client6 [24/50] LR=0.0001250 loss=0.361 ACC=93.611 F1=87.893 Rec=90.881 Prec=85.911
Train Client7 [24/50] LR=0.0001250 loss=0.352 ACC=93.636 F1=75.849 Rec=76.774 Prec=75.021

Val    [24/50] LR=0.0001250 loss=1.858 ACC=92.286 F1=92.297 Rec=92.286 Prec=92.623
Val-Known->Virtual [24/50] rate=0.000% prob_mean=0.000000 margin_mean=0.924368

Test-  OSR [24/50] LR=0.0001250 ACC=57.464 F1=65.614 Rec=76.619 Prec=62.344 UNK=0.000 OS*=91.943 HOS=0.000 AUROC=29.602 AUPR=31.536 OSCR=28.756
Test-Close [24/50] LR=0.0001250 loss=1.857 ACC=91.943 F1=91.938 Rec=91.943 Prec=92.256
Test-Virtual [24/50] CloseK->V=0.000% Open->V=0.000% OpenVEntropy=0.000000 CloseHist=[0, 0, 0] OpenHist=[0, 0, 0]
AnchorDiag [24/50] VNorm=[2.123934268951416, 2.11452579498291, 2.112109422683716] VDriftMax=1.818770 Vcos(max/mean)=(0.7770/0.7762) KVcos(max/mean)=(0.6030/0.5360) ValK->V=0.00% CloseK->V=0.00% Open->V=0.00% OpenVEntropy=0.0000
Train Client0 [25/50] LR=0.0001250 loss=0.423 ACC=92.026 F1=90.106 Rec=89.218 Prec=91.212
Train Client1 [25/50] LR=0.0001250 loss=0.288 ACC=94.916 F1=87.976 Rec=87.039 Prec=89.254
Train Client2 [25/50] LR=0.0001250 loss=0.185 ACC=96.625 F1=90.713 Rec=91.535 Prec=90.047
Train Client3 [25/50] LR=0.0001250 loss=0.598 ACC=87.311 F1=81.528 Rec=84.641 Prec=79.443
Train Client4 [25/50] LR=0.0001250 loss=0.141 ACC=97.256 F1=80.428 Rec=82.975 Prec=78.538
Train Client5 [25/50] LR=0.0001250 loss=0.461 ACC=90.625 F1=81.013 Rec=86.867 Prec=79.068
Train Client6 [25/50] LR=0.0001250 loss=0.463 ACC=90.556 F1=79.561 Rec=79.775 Prec=79.914
Train Client7 [25/50] LR=0.0001250 loss=0.339 ACC=93.939 F1=75.462 Rec=76.252 Prec=74.784

Val    [25/50] LR=0.0001250 loss=1.865 ACC=91.429 F1=91.392 Rec=91.429 Prec=91.915
Val-Known->Virtual [25/50] rate=0.000% prob_mean=0.000000 margin_mean=0.921844

Test-  OSR [25/50] LR=0.0001250 ACC=57.464 F1=65.387 Rec=76.619 Prec=62.005 UNK=0.000 OS*=91.943 HOS=0.000 AUROC=31.666 AUPR=33.365 OSCR=30.687
Test-Close [25/50] LR=0.0001250 loss=1.858 ACC=91.943 F1=91.927 Rec=91.943 Prec=92.328
Test-Virtual [25/50] CloseK->V=0.000% Open->V=0.000% OpenVEntropy=0.000000 CloseHist=[0, 0, 0] OpenHist=[0, 0, 0]
AnchorDiag [25/50] VNorm=[2.13988995552063, 2.1307272911071777, 2.128056049346924] VDriftMax=1.837026 Vcos(max/mean)=(0.7804/0.7796) KVcos(max/mean)=(0.6149/0.5445) ValK->V=0.00% CloseK->V=0.00% Open->V=0.00% OpenVEntropy=0.0000
Saving model at epoch 25 . . . . . . . .

Train Client0 [26/50] LR=0.0001250 loss=0.451 ACC=91.864 F1=89.854 Rec=88.965 Prec=90.925
Train Client1 [26/50] LR=0.0001250 loss=0.291 ACC=94.777 F1=89.052 Rec=88.258 Prec=90.055
Train Client2 [26/50] LR=0.0001250 loss=0.204 ACC=95.627 F1=88.146 Rec=89.986 Prec=86.626
Train Client3 [26/50] LR=0.0001250 loss=0.526 ACC=90.152 F1=84.539 Rec=89.601 Prec=81.775
Train Client4 [26/50] LR=0.0001250 loss=0.138 ACC=97.637 F1=84.458 Rec=85.780 Prec=83.641
Train Client5 [26/50] LR=0.0001250 loss=0.414 ACC=91.339 F1=76.315 Rec=78.241 Prec=75.482
Train Client6 [26/50] LR=0.0001250 loss=0.346 ACC=93.056 F1=80.755 Rec=81.778 Prec=80.395
Train Client7 [26/50] LR=0.0001250 loss=0.329 ACC=93.864 F1=75.784 Rec=75.894 Prec=75.701

Val    [26/50] LR=0.0001250 loss=1.871 ACC=91.029 F1=90.946 Rec=91.029 Prec=91.495
Val-Known->Virtual [26/50] rate=0.000% prob_mean=0.000000 margin_mean=0.917375

Test-  OSR [26/50] LR=0.0001250 ACC=57.464 F1=66.006 Rec=76.619 Prec=63.274 UNK=0.000 OS*=91.943 HOS=0.000 AUROC=29.435 AUPR=30.338 OSCR=28.679
Test-Close [26/50] LR=0.0001250 loss=1.860 ACC=91.943 F1=91.897 Rec=91.943 Prec=92.340
Test-Virtual [26/50] CloseK->V=0.000% Open->V=0.000% OpenVEntropy=0.000000 CloseHist=[0, 0, 0] OpenHist=[0, 0, 0]
AnchorDiag [26/50] VNorm=[2.1576757431030273, 2.149113893508911, 2.145975351333618] VDriftMax=1.857812 Vcos(max/mean)=(0.7841/0.7833) KVcos(max/mean)=(0.6269/0.5536) ValK->V=0.00% CloseK->V=0.00% Open->V=0.00% OpenVEntropy=0.0000
Train Client0 [27/50] LR=0.0001250 loss=0.411 ACC=93.103 F1=91.563 Rec=90.754 Prec=92.554
Train Client1 [27/50] LR=0.0001250 loss=0.285 ACC=95.334 F1=89.351 Rec=88.738 Prec=90.120
Train Client2 [27/50] LR=0.0001250 loss=0.165 ACC=96.911 F1=91.997 Rec=92.800 Prec=91.327
Train Client3 [27/50] LR=0.0001250 loss=0.521 ACC=91.288 F1=85.794 Rec=91.253 Prec=82.772
Train Client4 [27/50] LR=0.0001250 loss=0.155 ACC=97.104 F1=81.849 Rec=85.168 Prec=79.832
Train Client5 [27/50] LR=0.0001250 loss=0.424 ACC=91.339 F1=80.191 Rec=83.333 Prec=78.723
Train Client6 [27/50] LR=0.0001250 loss=0.417 ACC=92.500 F1=81.835 Rec=82.293 Prec=81.413
Train Client7 [27/50] LR=0.0001250 loss=0.365 ACC=93.106 F1=75.620 Rec=76.287 Prec=75.029

Val    [27/50] LR=0.0001250 loss=1.858 ACC=91.771 F1=91.738 Rec=91.771 Prec=92.182
Val-Known->Virtual [27/50] rate=0.000% prob_mean=0.000000 margin_mean=0.926608

Test-  OSR [27/50] LR=0.0001250 ACC=57.536 F1=66.192 Rec=76.714 Prec=63.447 UNK=0.000 OS*=92.057 HOS=0.000 AUROC=27.328 AUPR=28.306 OSCR=26.768
Test-Close [27/50] LR=0.0001250 loss=1.853 ACC=92.057 F1=92.044 Rec=92.057 Prec=92.393
Test-Virtual [27/50] CloseK->V=0.000% Open->V=0.000% OpenVEntropy=0.000000 CloseHist=[0, 0, 0] OpenHist=[0, 0, 0]
AnchorDiag [27/50] VNorm=[2.176281452178955, 2.167574405670166, 2.1641454696655273] VDriftMax=1.878518 Vcos(max/mean)=(0.7877/0.7870) KVcos(max/mean)=(0.6302/0.5602) ValK->V=0.00% CloseK->V=0.00% Open->V=0.00% OpenVEntropy=0.0000
Train Client0 [28/50] LR=0.0001250 loss=0.433 ACC=92.349 F1=90.533 Rec=89.600 Prec=91.641
Train Client1 [28/50] LR=0.0001250 loss=0.289 ACC=94.812 F1=88.880 Rec=88.704 Prec=89.101
Train Client2 [28/50] LR=0.0001250 loss=0.160 ACC=96.863 F1=91.665 Rec=92.495 Prec=90.938
Train Client3 [28/50] LR=0.0001250 loss=0.549 ACC=88.636 F1=82.715 Rec=85.715 Prec=80.695
Train Client4 [28/50] LR=0.0001250 loss=0.147 ACC=97.256 F1=82.141 Rec=84.067 Prec=80.662
Train Client5 [28/50] LR=0.0001250 loss=0.428 ACC=90.357 F1=77.645 Rec=82.225 Prec=76.048
Train Client6 [28/50] LR=0.0001250 loss=0.302 ACC=94.722 F1=87.651 Rec=89.208 Prec=86.362
Train Client7 [28/50] LR=0.0001250 loss=0.319 ACC=93.030 F1=75.099 Rec=75.767 Prec=74.499

Val    [28/50] LR=0.0001250 loss=1.860 ACC=91.714 F1=91.649 Rec=91.714 Prec=92.133
Val-Known->Virtual [28/50] rate=0.000% prob_mean=0.000000 margin_mean=0.921463

Test-  OSR [28/50] LR=0.0001250 ACC=57.643 F1=65.865 Rec=76.857 Prec=62.652 UNK=0.000 OS*=92.229 HOS=0.000 AUROC=29.404 AUPR=31.067 OSCR=28.576
Test-Close [28/50] LR=0.0001250 loss=1.858 ACC=92.229 F1=92.195 Rec=92.229 Prec=92.523
Test-Virtual [28/50] CloseK->V=0.000% Open->V=0.000% OpenVEntropy=0.000000 CloseHist=[0, 0, 0] OpenHist=[0, 0, 0]
AnchorDiag [28/50] VNorm=[2.1982007026672363, 2.189420461654663, 2.185939073562622] VDriftMax=1.903051 Vcos(max/mean)=(0.7920/0.7912) KVcos(max/mean)=(0.6383/0.5682) ValK->V=0.00% CloseK->V=0.00% Open->V=0.00% OpenVEntropy=0.0000
Train Client0 [29/50] LR=0.0001250 loss=0.404 ACC=92.511 F1=72.597 Rec=71.970 Prec=73.326
Train Client1 [29/50] LR=0.0001250 loss=0.302 ACC=94.603 F1=89.149 Rec=88.127 Prec=90.461
Train Client2 [29/50] LR=0.0001250 loss=0.157 ACC=96.721 F1=90.823 Rec=91.325 Prec=90.349
Train Client3 [29/50] LR=0.0001250 loss=0.485 ACC=88.068 F1=82.034 Rec=84.689 Prec=80.283
Train Client4 [29/50] LR=0.0001250 loss=0.136 ACC=96.799 F1=78.599 Rec=81.499 Prec=76.373
Train Client5 [29/50] LR=0.0001250 loss=0.427 ACC=90.893 F1=79.311 Rec=82.727 Prec=78.089
Train Client6 [29/50] LR=0.0001250 loss=0.324 ACC=93.611 F1=85.486 Rec=89.047 Prec=82.762
Train Client7 [29/50] LR=0.0001250 loss=0.314 ACC=94.621 F1=76.253 Rec=76.654 Prec=75.882

Val    [29/50] LR=0.0001250 loss=1.858 ACC=91.714 F1=91.690 Rec=91.714 Prec=92.119
Val-Known->Virtual [29/50] rate=0.000% prob_mean=0.000000 margin_mean=0.931152

Test-  OSR [29/50] LR=0.0001250 ACC=57.607 F1=64.939 Rec=76.810 Prec=60.877 UNK=0.000 OS*=92.171 HOS=0.000 AUROC=34.845 AUPR=37.415 OSCR=33.576
Test-Close [29/50] LR=0.0001250 loss=1.854 ACC=92.171 F1=92.151 Rec=92.171 Prec=92.503
Test-Virtual [29/50] CloseK->V=0.000% Open->V=0.000% OpenVEntropy=0.000000 CloseHist=[0, 0, 0] OpenHist=[0, 0, 0]
AnchorDiag [29/50] VNorm=[2.217402219772339, 2.209015130996704, 2.205458879470825] VDriftMax=1.924942 Vcos(max/mean)=(0.7956/0.7949) KVcos(max/mean)=(0.6432/0.5743) ValK->V=0.00% CloseK->V=0.00% Open->V=0.00% OpenVEntropy=0.0000
Train Client0 [30/50] LR=0.0001250 loss=0.452 ACC=91.649 F1=89.970 Rec=89.238 Prec=90.796
Train Client1 [30/50] LR=0.0001250 loss=0.294 ACC=95.195 F1=89.221 Rec=88.949 Prec=89.566
Train Client2 [30/50] LR=0.0001250 loss=0.166 ACC=96.673 F1=90.680 Rec=91.200 Prec=90.187
Train Client3 [30/50] LR=0.0001250 loss=0.495 ACC=90.152 F1=87.327 Rec=93.667 Prec=83.829
Train Client4 [30/50] LR=0.0001250 loss=0.119 ACC=97.637 F1=85.485 Rec=85.565 Prec=85.907
Train Client5 [30/50] LR=0.0001250 loss=0.428 ACC=91.161 F1=73.137 Rec=72.923 Prec=73.368
Train Client6 [30/50] LR=0.0001250 loss=0.353 ACC=92.778 F1=84.110 Rec=83.931 Prec=84.744
Train Client7 [30/50] LR=0.0001250 loss=0.339 ACC=94.015 F1=75.995 Rec=75.982 Prec=76.060

Val    [30/50] LR=0.0001250 loss=1.855 ACC=91.657 F1=91.628 Rec=91.657 Prec=92.010
Val-Known->Virtual [30/50] rate=0.000% prob_mean=0.000000 margin_mean=0.926737

Test-  OSR [30/50] LR=0.0001250 ACC=57.786 F1=66.489 Rec=77.048 Prec=63.657 UNK=0.000 OS*=92.457 HOS=0.000 AUROC=30.192 AUPR=30.570 OSCR=29.480
Test-Close [30/50] LR=0.0001250 loss=1.852 ACC=92.457 F1=92.435 Rec=92.457 Prec=92.729
Test-Virtual [30/50] CloseK->V=0.000% Open->V=0.000% OpenVEntropy=0.000000 CloseHist=[0, 0, 0] OpenHist=[0, 0, 0]
AnchorDiag [30/50] VNorm=[2.2365479469299316, 2.228414535522461, 2.22440242767334] VDriftMax=1.946586 Vcos(max/mean)=(0.7991/0.7984) KVcos(max/mean)=(0.6492/0.5811) ValK->V=0.00% CloseK->V=0.00% Open->V=0.00% OpenVEntropy=0.0000
Saving model at epoch 30 . . . . . . . .

Train Client0 [31/50] LR=0.0001250 loss=0.414 ACC=93.157 F1=91.750 Rec=90.853 Prec=92.770
Train Client1 [31/50] LR=0.0001250 loss=0.292 ACC=95.125 F1=89.582 Rec=89.019 Prec=90.247
Train Client2 [31/50] LR=0.0001250 loss=0.156 ACC=96.863 F1=91.477 Rec=92.156 Prec=90.932
Train Client3 [31/50] LR=0.0001250 loss=0.542 ACC=89.394 F1=80.674 Rec=83.566 Prec=78.792
Train Client4 [31/50] LR=0.0001250 loss=0.138 ACC=97.485 F1=82.177 Rec=85.280 Prec=79.860
Train Client5 [31/50] LR=0.0001250 loss=0.452 ACC=91.161 F1=81.787 Rec=87.729 Prec=79.733
Train Client6 [31/50] LR=0.0001250 loss=0.277 ACC=94.722 F1=78.131 Rec=77.907 Prec=79.092
Train Client7 [31/50] LR=0.0001250 loss=0.305 ACC=94.318 F1=76.239 Rec=76.445 Prec=76.074

Val    [31/50] LR=0.0001250 loss=1.879 ACC=90.629 F1=90.491 Rec=90.629 Prec=91.430
Val-Known->Virtual [31/50] rate=0.000% prob_mean=0.000000 margin_mean=0.925196

Test-  OSR [31/50] LR=0.0001250 ACC=57.321 F1=66.183 Rec=76.429 Prec=64.083 UNK=0.000 OS*=91.714 HOS=0.000 AUROC=24.189 AUPR=26.215 OSCR=23.846
Test-Close [31/50] LR=0.0001250 loss=1.867 ACC=91.714 F1=91.650 Rec=91.714 Prec=92.368
Test-Virtual [31/50] CloseK->V=0.000% Open->V=0.000% OpenVEntropy=0.000000 CloseHist=[0, 0, 0] OpenHist=[0, 0, 0]
AnchorDiag [31/50] VNorm=[2.2554609775543213, 2.247689723968506, 2.2434985637664795] VDriftMax=1.968042 Vcos(max/mean)=(0.8025/0.8018) KVcos(max/mean)=(0.6571/0.5878) ValK->V=0.00% CloseK->V=0.00% Open->V=0.00% OpenVEntropy=0.0000
Train Client0 [32/50] LR=0.0001250 loss=0.444 ACC=91.703 F1=71.918 Rec=70.929 Prec=73.111
Train Client1 [32/50] LR=0.0001250 loss=0.287 ACC=95.160 F1=90.333 Rec=89.566 Prec=91.250
Train Client2 [32/50] LR=0.0001250 loss=0.137 ACC=97.053 F1=91.848 Rec=92.409 Prec=91.316
Train Client3 [32/50] LR=0.0001250 loss=0.489 ACC=91.098 F1=86.567 Rec=91.158 Prec=83.770
Train Client4 [32/50] LR=0.0001250 loss=0.119 ACC=97.180 F1=80.832 Rec=82.066 Prec=79.975
Train Client5 [32/50] LR=0.0001250 loss=0.398 ACC=91.786 F1=79.625 Rec=83.073 Prec=78.345
Train Client6 [32/50] LR=0.0001250 loss=0.342 ACC=93.611 F1=83.086 Rec=82.588 Prec=83.631
Train Client7 [32/50] LR=0.0001250 loss=0.319 ACC=94.091 F1=75.894 Rec=76.308 Prec=75.513

Val    [32/50] LR=0.0001250 loss=1.860 ACC=91.600 F1=91.571 Rec=91.600 Prec=92.215
Val-Known->Virtual [32/50] rate=0.000% prob_mean=0.000000 margin_mean=0.927853

Test-  OSR [32/50] LR=0.0001250 ACC=57.429 F1=66.220 Rec=76.571 Prec=63.758 UNK=0.000 OS*=91.886 HOS=0.000 AUROC=26.002 AUPR=27.564 OSCR=25.536
Test-Close [32/50] LR=0.0001250 loss=1.850 ACC=91.886 F1=91.872 Rec=91.886 Prec=92.362
Test-Virtual [32/50] CloseK->V=0.000% Open->V=0.000% OpenVEntropy=0.000000 CloseHist=[0, 0, 0] OpenHist=[0, 0, 0]
AnchorDiag [32/50] VNorm=[2.278674364089966, 2.2710845470428467, 2.266585350036621] VDriftMax=1.994020 Vcos(max/mean)=(0.8066/0.8059) KVcos(max/mean)=(0.6613/0.5941) ValK->V=0.00% CloseK->V=0.00% Open->V=0.00% OpenVEntropy=0.0000
Train Client0 [33/50] LR=0.0001250 loss=0.408 ACC=92.726 F1=91.294 Rec=90.640 Prec=92.024
Train Client1 [33/50] LR=0.0001250 loss=0.282 ACC=95.125 F1=89.458 Rec=88.471 Prec=90.740
Train Client2 [33/50] LR=0.0001250 loss=0.156 ACC=96.721 F1=91.608 Rec=93.215 Prec=90.197
Train Client3 [33/50] LR=0.0001250 loss=0.525 ACC=90.530 F1=82.266 Rec=84.208 Prec=80.806
Train Client4 [33/50] LR=0.0001250 loss=0.110 ACC=97.485 F1=81.979 Rec=85.735 Prec=79.875
Train Client5 [33/50] LR=0.0001250 loss=0.388 ACC=92.321 F1=74.248 Rec=74.029 Prec=74.481
Train Client6 [33/50] LR=0.0001250 loss=0.252 ACC=95.833 F1=88.521 Rec=89.368 Prec=88.039
Train Client7 [33/50] LR=0.0001250 loss=0.344 ACC=94.394 F1=75.337 Rec=75.664 Prec=75.099

Val    [33/50] LR=0.0001250 loss=1.841 ACC=92.514 F1=92.501 Rec=92.514 Prec=92.818
Val-Known->Virtual [33/50] rate=0.000% prob_mean=0.000000 margin_mean=0.928216

Test-  OSR [33/50] LR=0.0001250 ACC=57.821 F1=66.564 Rec=77.095 Prec=63.670 UNK=0.000 OS*=92.514 HOS=0.000 AUROC=29.729 AUPR=31.035 OSCR=29.042
Test-Close [33/50] LR=0.0001250 loss=1.840 ACC=92.514 F1=92.491 Rec=92.514 Prec=92.693
Test-Virtual [33/50] CloseK->V=0.000% Open->V=0.000% OpenVEntropy=0.000000 CloseHist=[0, 0, 0] OpenHist=[0, 0, 0]
AnchorDiag [33/50] VNorm=[2.3013603687286377, 2.293595314025879, 2.2893869876861572] VDriftMax=2.019016 Vcos(max/mean)=(0.8104/0.8097) KVcos(max/mean)=(0.6682/0.6009) ValK->V=0.00% CloseK->V=0.00% Open->V=0.00% OpenVEntropy=0.0000
Train Client0 [34/50] LR=0.0001250 loss=0.399 ACC=92.942 F1=91.486 Rec=90.558 Prec=92.580
Train Client1 [34/50] LR=0.0001250 loss=0.260 ACC=95.160 F1=89.794 Rec=89.049 Prec=90.677
Train Client2 [34/50] LR=0.0001250 loss=0.125 ACC=97.386 F1=92.237 Rec=93.138 Prec=91.528
Train Client3 [34/50] LR=0.0001250 loss=0.513 ACC=90.530 F1=80.744 Rec=81.862 Prec=79.809
Train Client4 [34/50] LR=0.0001250 loss=0.127 ACC=97.104 F1=80.859 Rec=82.714 Prec=79.346
Train Client5 [34/50] LR=0.0001250 loss=0.364 ACC=92.768 F1=78.222 Rec=79.675 Prec=77.363
Train Client6 [34/50] LR=0.0001250 loss=0.279 ACC=94.444 F1=82.473 Rec=79.948 Prec=86.569
Train Client7 [34/50] LR=0.0001250 loss=0.333 ACC=94.167 F1=75.665 Rec=76.341 Prec=75.056

Val    [34/50] LR=0.0001250 loss=1.830 ACC=92.571 F1=92.557 Rec=92.571 Prec=92.745
Val-Known->Virtual [34/50] rate=0.000% prob_mean=0.000000 margin_mean=0.928007

Test-  OSR [34/50] LR=0.0001250 ACC=58.214 F1=67.207 Rec=77.619 Prec=64.380 UNK=0.000 OS*=93.143 HOS=0.000 AUROC=27.653 AUPR=28.146 OSCR=27.176
Test-Close [34/50] LR=0.0001250 loss=1.834 ACC=93.143 F1=93.135 Rec=93.143 Prec=93.283
Test-Virtual [34/50] CloseK->V=0.000% Open->V=0.000% OpenVEntropy=0.000000 CloseHist=[0, 0, 0] OpenHist=[0, 0, 0]
AnchorDiag [34/50] VNorm=[2.323786735534668, 2.31600284576416, 2.311366319656372] VDriftMax=2.043792 Vcos(max/mean)=(0.8140/0.8133) KVcos(max/mean)=(0.6710/0.6055) ValK->V=0.00% CloseK->V=0.00% Open->V=0.00% OpenVEntropy=0.0000
>> New learning Rate: 6.25e-05
Train Client0 [35/50] LR=0.0000625 loss=0.367 ACC=93.427 F1=92.190 Rec=91.408 Prec=93.125
Train Client1 [35/50] LR=0.0000625 loss=0.257 ACC=95.682 F1=90.759 Rec=90.584 Prec=90.973
Train Client2 [35/50] LR=0.0000625 loss=0.126 ACC=97.338 F1=92.824 Rec=94.403 Prec=91.440
Train Client3 [35/50] LR=0.0000625 loss=0.423 ACC=91.288 F1=84.810 Rec=91.435 Prec=81.716
Train Client4 [35/50] LR=0.0000625 loss=0.129 ACC=96.951 F1=82.588 Rec=91.546 Prec=77.430
Train Client5 [35/50] LR=0.0000625 loss=0.341 ACC=93.214 F1=82.723 Rec=89.689 Prec=80.235
Train Client6 [35/50] LR=0.0000625 loss=0.296 ACC=95.556 F1=92.393 Rec=94.689 Prec=90.421
Train Client7 [35/50] LR=0.0000625 loss=0.306 ACC=94.242 F1=76.101 Rec=76.963 Prec=75.329

Val    [35/50] LR=0.0000625 loss=1.841 ACC=91.943 F1=91.883 Rec=91.943 Prec=92.204
Val-Known->Virtual [35/50] rate=0.000% prob_mean=0.000000 margin_mean=0.929498

Test-  OSR [35/50] LR=0.0000625 ACC=57.857 F1=66.851 Rec=77.143 Prec=64.324 UNK=0.000 OS*=92.571 HOS=0.000 AUROC=23.947 AUPR=26.246 OSCR=23.631
Test-Close [35/50] LR=0.0000625 loss=1.845 ACC=92.571 F1=92.524 Rec=92.571 Prec=92.829
Test-Virtual [35/50] CloseK->V=0.000% Open->V=0.000% OpenVEntropy=0.000000 CloseHist=[0, 0, 0] OpenHist=[0, 0, 0]
AnchorDiag [35/50] VNorm=[2.333651542663574, 2.326080083847046, 2.3213675022125244] VDriftMax=2.054933 Vcos(max/mean)=(0.8156/0.8149) KVcos(max/mean)=(0.6768/0.6096) ValK->V=0.00% CloseK->V=0.00% Open->V=0.00% OpenVEntropy=0.0000
Saving model at epoch 35 . . . . . . . .

Train Client0 [36/50] LR=0.0000625 loss=0.379 ACC=93.211 F1=91.684 Rec=90.861 Prec=92.629
Train Client1 [36/50] LR=0.0000625 loss=0.227 ACC=95.891 F1=89.786 Rec=89.633 Prec=89.969
Train Client2 [36/50] LR=0.0000625 loss=0.134 ACC=96.958 F1=91.606 Rec=92.868 Prec=90.442
Train Client3 [36/50] LR=0.0000625 loss=0.467 ACC=90.341 F1=83.067 Rec=90.206 Prec=79.968
Train Client4 [36/50] LR=0.0000625 loss=0.129 ACC=97.104 F1=79.963 Rec=86.908 Prec=76.198
Train Client5 [36/50] LR=0.0000625 loss=0.355 ACC=92.500 F1=80.250 Rec=88.876 Prec=78.382
Train Client6 [36/50] LR=0.0000625 loss=0.284 ACC=93.889 F1=87.302 Rec=90.853 Prec=84.335
Train Client7 [36/50] LR=0.0000625 loss=0.300 ACC=94.318 F1=76.523 Rec=77.212 Prec=75.900

Val    [36/50] LR=0.0000625 loss=1.837 ACC=92.400 F1=92.370 Rec=92.400 Prec=92.655
Val-Known->Virtual [36/50] rate=0.000% prob_mean=0.000000 margin_mean=0.929655

Test-  OSR [36/50] LR=0.0000625 ACC=57.643 F1=66.512 Rec=76.857 Prec=63.831 UNK=0.000 OS*=92.229 HOS=0.000 AUROC=25.176 AUPR=26.655 OSCR=24.778
Test-Close [36/50] LR=0.0000625 loss=1.844 ACC=92.229 F1=92.213 Rec=92.229 Prec=92.438
Test-Virtual [36/50] CloseK->V=0.000% Open->V=0.000% OpenVEntropy=0.000000 CloseHist=[0, 0, 0] OpenHist=[0, 0, 0]
AnchorDiag [36/50] VNorm=[2.3442776203155518, 2.336935043334961, 2.332207441329956] VDriftMax=2.066955 Vcos(max/mean)=(0.8173/0.8167) KVcos(max/mean)=(0.6818/0.6134) ValK->V=0.00% CloseK->V=0.00% Open->V=0.00% OpenVEntropy=0.0000
Train Client0 [37/50] LR=0.0000625 loss=0.363 ACC=93.642 F1=92.293 Rec=91.762 Prec=92.868
Train Client1 [37/50] LR=0.0000625 loss=0.236 ACC=95.996 F1=90.340 Rec=90.315 Prec=90.379
Train Client2 [37/50] LR=0.0000625 loss=0.134 ACC=97.481 F1=93.071 Rec=94.220 Prec=92.168
Train Client3 [37/50] LR=0.0000625 loss=0.485 ACC=90.720 F1=84.890 Rec=90.765 Prec=81.924
Train Client4 [37/50] LR=0.0000625 loss=0.121 ACC=97.332 F1=80.849 Rec=84.986 Prec=78.178
Train Client5 [37/50] LR=0.0000625 loss=0.367 ACC=92.143 F1=81.018 Rec=88.544 Prec=79.000
Train Client6 [37/50] LR=0.0000625 loss=0.315 ACC=93.611 F1=83.874 Rec=85.522 Prec=82.430
Train Client7 [37/50] LR=0.0000625 loss=0.307 ACC=94.621 F1=76.546 Rec=77.093 Prec=76.088

Val    [37/50] LR=0.0000625 loss=1.844 ACC=91.771 F1=91.699 Rec=91.771 Prec=92.090
Val-Known->Virtual [37/50] rate=0.000% prob_mean=0.000000 margin_mean=0.924942

Test-  OSR [37/50] LR=0.0000625 ACC=57.821 F1=66.705 Rec=77.095 Prec=64.116 UNK=0.000 OS*=92.514 HOS=0.000 AUROC=26.326 AUPR=27.083 OSCR=25.897
Test-Close [37/50] LR=0.0000625 loss=1.847 ACC=92.514 F1=92.466 Rec=92.514 Prec=92.813
Test-Virtual [37/50] CloseK->V=0.000% Open->V=0.000% OpenVEntropy=0.000000 CloseHist=[0, 0, 0] OpenHist=[0, 0, 0]
AnchorDiag [37/50] VNorm=[2.3552727699279785, 2.348054885864258, 2.343376874923706] VDriftMax=2.079258 Vcos(max/mean)=(0.8190/0.8184) KVcos(max/mean)=(0.6844/0.6166) ValK->V=0.00% CloseK->V=0.00% Open->V=0.00% OpenVEntropy=0.0000
Train Client0 [38/50] LR=0.0000625 loss=0.347 ACC=93.966 F1=92.951 Rec=92.490 Prec=93.454
Train Client1 [38/50] LR=0.0000625 loss=0.242 ACC=95.439 F1=90.873 Rec=90.303 Prec=91.545
Train Client2 [38/50] LR=0.0000625 loss=0.133 ACC=97.576 F1=93.341 Rec=93.884 Prec=92.875
Train Client3 [38/50] LR=0.0000625 loss=0.458 ACC=90.909 F1=84.870 Rec=93.933 Prec=81.582
Train Client4 [38/50] LR=0.0000625 loss=0.127 ACC=97.409 F1=83.551 Rec=89.293 Prec=80.160
Train Client5 [38/50] LR=0.0000625 loss=0.357 ACC=92.321 F1=80.134 Rec=84.059 Prec=78.371
Train Client6 [38/50] LR=0.0000625 loss=0.303 ACC=95.556 F1=88.708 Rec=90.231 Prec=87.505
Train Client7 [38/50] LR=0.0000625 loss=0.297 ACC=94.167 F1=75.747 Rec=76.352 Prec=75.193

Val    [38/50] LR=0.0000625 loss=1.866 ACC=90.971 F1=90.825 Rec=90.971 Prec=91.715
Val-Known->Virtual [38/50] rate=0.000% prob_mean=0.000000 margin_mean=0.926810

Test-  OSR [38/50] LR=0.0000625 ACC=57.321 F1=65.929 Rec=76.429 Prec=63.528 UNK=0.000 OS*=91.714 HOS=0.000 AUROC=28.853 AUPR=28.715 OSCR=28.183
Test-Close [38/50] LR=0.0000625 loss=1.865 ACC=91.714 F1=91.630 Rec=91.714 Prec=92.270
Test-Virtual [38/50] CloseK->V=0.000% Open->V=0.000% OpenVEntropy=0.000000 CloseHist=[0, 0, 0] OpenHist=[0, 0, 0]
AnchorDiag [38/50] VNorm=[2.3672003746032715, 2.3600757122039795, 2.355390787124634] VDriftMax=2.092552 Vcos(max/mean)=(0.8209/0.8202) KVcos(max/mean)=(0.6893/0.6205) ValK->V=0.00% CloseK->V=0.00% Open->V=0.00% OpenVEntropy=0.0000
Train Client0 [39/50] LR=0.0000625 loss=0.358 ACC=94.127 F1=74.515 Rec=74.041 Prec=75.012
Train Client1 [39/50] LR=0.0000625 loss=0.231 ACC=96.205 F1=91.931 Rec=91.070 Prec=93.023
Train Client2 [39/50] LR=0.0000625 loss=0.124 ACC=97.481 F1=92.798 Rec=94.727 Prec=91.174
Train Client3 [39/50] LR=0.0000625 loss=0.473 ACC=92.045 F1=87.252 Rec=91.838 Prec=84.452
Train Client4 [39/50] LR=0.0000625 loss=0.107 ACC=97.866 F1=85.379 Rec=88.019 Prec=83.185
Train Client5 [39/50] LR=0.0000625 loss=0.324 ACC=94.375 F1=85.464 Rec=90.373 Prec=83.063
Train Client6 [39/50] LR=0.0000625 loss=0.312 ACC=95.833 F1=92.327 Rec=94.536 Prec=90.492
Train Client7 [39/50] LR=0.0000625 loss=0.277 ACC=94.318 F1=76.023 Rec=76.493 Prec=75.610

Val    [39/50] LR=0.0000625 loss=1.846 ACC=91.943 F1=91.879 Rec=91.943 Prec=92.345
Val-Known->Virtual [39/50] rate=0.000% prob_mean=0.000000 margin_mean=0.927198

Test-  OSR [39/50] LR=0.0000625 ACC=58.036 F1=67.079 Rec=77.381 Prec=64.543 UNK=0.000 OS*=92.857 HOS=0.000 AUROC=24.224 AUPR=26.423 OSCR=23.864
Test-Close [39/50] LR=0.0000625 loss=1.847 ACC=92.857 F1=92.818 Rec=92.857 Prec=93.130
Test-Virtual [39/50] CloseK->V=0.000% Open->V=0.000% OpenVEntropy=0.000000 CloseHist=[0, 0, 0] OpenHist=[0, 0, 0]
AnchorDiag [39/50] VNorm=[2.379441976547241, 2.3720836639404297, 2.366992235183716] VDriftMax=2.105815 Vcos(max/mean)=(0.8227/0.8220) KVcos(max/mean)=(0.6944/0.6242) ValK->V=0.00% CloseK->V=0.00% Open->V=0.00% OpenVEntropy=0.0000
Train Client0 [40/50] LR=0.0000625 loss=0.354 ACC=93.804 F1=74.081 Rec=73.477 Prec=74.797
Train Client1 [40/50] LR=0.0000625 loss=0.229 ACC=96.031 F1=90.152 Rec=89.783 Prec=90.578
Train Client2 [40/50] LR=0.0000625 loss=0.130 ACC=97.338 F1=92.783 Rec=93.893 Prec=91.757
Train Client3 [40/50] LR=0.0000625 loss=0.437 ACC=90.720 F1=83.522 Rec=87.024 Prec=81.403
Train Client4 [40/50] LR=0.0000625 loss=0.100 ACC=98.018 F1=85.570 Rec=87.838 Prec=84.114
Train Client5 [40/50] LR=0.0000625 loss=0.347 ACC=92.321 F1=79.674 Rec=83.663 Prec=78.266
Train Client6 [40/50] LR=0.0000625 loss=0.303 ACC=95.833 F1=92.811 Rec=95.161 Prec=90.825
Train Client7 [40/50] LR=0.0000625 loss=0.292 ACC=94.773 F1=76.413 Rec=76.926 Prec=75.930

Val    [40/50] LR=0.0000625 loss=1.841 ACC=92.171 F1=92.143 Rec=92.171 Prec=92.610
Val-Known->Virtual [40/50] rate=0.000% prob_mean=0.000000 margin_mean=0.930780

Test-  OSR [40/50] LR=0.0000625 ACC=58.036 F1=67.054 Rec=77.381 Prec=64.411 UNK=0.000 OS*=92.857 HOS=0.000 AUROC=25.638 AUPR=27.167 OSCR=25.229
Test-Close [40/50] LR=0.0000625 loss=1.845 ACC=92.857 F1=92.845 Rec=92.857 Prec=93.086
Test-Virtual [40/50] CloseK->V=0.000% Open->V=0.000% OpenVEntropy=0.000000 CloseHist=[0, 0, 0] OpenHist=[0, 0, 0]
AnchorDiag [40/50] VNorm=[2.3919575214385986, 2.384763717651367, 2.379394769668579] VDriftMax=2.119783 Vcos(max/mean)=(0.8246/0.8239) KVcos(max/mean)=(0.6963/0.6273) ValK->V=0.00% CloseK->V=0.00% Open->V=0.00% OpenVEntropy=0.0000
Saving model at epoch 40 . . . . . . . .

Train Client0 [41/50] LR=0.0000625 loss=0.353 ACC=93.534 F1=92.187 Rec=91.526 Prec=92.933
Train Client1 [41/50] LR=0.0000625 loss=0.210 ACC=96.588 F1=91.813 Rec=91.168 Prec=92.551
Train Client2 [41/50] LR=0.0000625 loss=0.123 ACC=97.481 F1=92.512 Rec=93.872 Prec=91.281
Train Client3 [41/50] LR=0.0000625 loss=0.424 ACC=91.098 F1=85.138 Rec=91.144 Prec=82.126
Train Client4 [41/50] LR=0.0000625 loss=0.109 ACC=97.561 F1=83.172 Rec=87.043 Prec=80.211
Train Client5 [41/50] LR=0.0000625 loss=0.359 ACC=92.143 F1=80.212 Rec=83.839 Prec=78.730
Train Client6 [41/50] LR=0.0000625 loss=0.298 ACC=93.611 F1=87.504 Rec=89.392 Prec=85.888
Train Client7 [41/50] LR=0.0000625 loss=0.272 ACC=95.152 F1=80.401 Rec=97.676 Prec=78.354

Val    [41/50] LR=0.0000625 loss=1.831 ACC=92.400 F1=92.396 Rec=92.400 Prec=92.643
Val-Known->Virtual [41/50] rate=0.000% prob_mean=0.000000 margin_mean=0.933829

Test-  OSR [41/50] LR=0.0000625 ACC=58.071 F1=67.116 Rec=77.429 Prec=64.431 UNK=0.000 OS*=92.914 HOS=0.000 AUROC=26.916 AUPR=27.645 OSCR=26.514
Test-Close [41/50] LR=0.0000625 loss=1.837 ACC=92.914 F1=92.905 Rec=92.914 Prec=93.094
Test-Virtual [41/50] CloseK->V=0.000% Open->V=0.000% OpenVEntropy=0.000000 CloseHist=[0, 0, 0] OpenHist=[0, 0, 0]
AnchorDiag [41/50] VNorm=[2.405125856399536, 2.397892951965332, 2.392639636993408] VDriftMax=2.134261 Vcos(max/mean)=(0.8265/0.8259) KVcos(max/mean)=(0.6999/0.6308) ValK->V=0.00% CloseK->V=0.00% Open->V=0.00% OpenVEntropy=0.0000
Train Client0 [42/50] LR=0.0000625 loss=0.352 ACC=93.481 F1=91.874 Rec=91.074 Prec=92.811
Train Client1 [42/50] LR=0.0000625 loss=0.232 ACC=96.031 F1=90.776 Rec=90.665 Prec=90.904
Train Client2 [42/50] LR=0.0000625 loss=0.139 ACC=97.053 F1=91.858 Rec=92.927 Prec=90.843
Train Client3 [42/50] LR=0.0000625 loss=0.424 ACC=90.909 F1=84.658 Rec=90.504 Prec=81.714
Train Client4 [42/50] LR=0.0000625 loss=0.122 ACC=97.637 F1=85.062 Rec=92.020 Prec=80.793
Train Client5 [42/50] LR=0.0000625 loss=0.382 ACC=91.964 F1=73.899 Rec=73.548 Prec=74.278
Train Client6 [42/50] LR=0.0000625 loss=0.352 ACC=91.944 F1=80.545 Rec=82.415 Prec=78.926
Train Client7 [42/50] LR=0.0000625 loss=0.267 ACC=95.076 F1=76.744 Rec=77.084 Prec=76.449

Val    [42/50] LR=0.0000625 loss=1.846 ACC=92.000 F1=91.928 Rec=92.000 Prec=92.467
Val-Known->Virtual [42/50] rate=0.000% prob_mean=0.000000 margin_mean=0.929253

Test-  OSR [42/50] LR=0.0000625 ACC=57.821 F1=66.743 Rec=77.095 Prec=64.246 UNK=0.000 OS*=92.514 HOS=0.000 AUROC=27.183 AUPR=27.543 OSCR=26.741
Test-Close [42/50] LR=0.0000625 loss=1.850 ACC=92.514 F1=92.469 Rec=92.514 Prec=92.876
Test-Virtual [42/50] CloseK->V=0.000% Open->V=0.000% OpenVEntropy=0.000000 CloseHist=[0, 0, 0] OpenHist=[0, 0, 0]
AnchorDiag [42/50] VNorm=[2.4186246395111084, 2.411466121673584, 2.406248092651367] VDriftMax=2.149211 Vcos(max/mean)=(0.8284/0.8278) KVcos(max/mean)=(0.7029/0.6344) ValK->V=0.00% CloseK->V=0.00% Open->V=0.00% OpenVEntropy=0.0000
Train Client0 [43/50] LR=0.0000625 loss=0.356 ACC=94.181 F1=92.923 Rec=92.324 Prec=93.610
Train Client1 [43/50] LR=0.0000625 loss=0.224 ACC=96.344 F1=92.275 Rec=91.175 Prec=93.697
Train Client2 [43/50] LR=0.0000625 loss=0.126 ACC=97.624 F1=93.481 Rec=94.410 Prec=92.612
Train Client3 [43/50] LR=0.0000625 loss=0.518 ACC=89.962 F1=84.210 Rec=89.836 Prec=81.415
Train Client4 [43/50] LR=0.0000625 loss=0.116 ACC=97.332 F1=83.007 Rec=88.782 Prec=79.169
Train Client5 [43/50] LR=0.0000625 loss=0.336 ACC=92.946 F1=77.035 Rec=79.245 Prec=76.499
Train Client6 [43/50] LR=0.0000625 loss=0.243 ACC=95.000 F1=85.577 Rec=86.606 Prec=84.627
Train Client7 [43/50] LR=0.0000625 loss=0.296 ACC=94.545 F1=76.370 Rec=77.323 Prec=75.518

Val    [43/50] LR=0.0000625 loss=1.839 ACC=92.400 F1=92.372 Rec=92.400 Prec=92.716
Val-Known->Virtual [43/50] rate=0.000% prob_mean=0.000000 margin_mean=0.926447

Test-  OSR [43/50] LR=0.0000625 ACC=58.179 F1=67.452 Rec=77.571 Prec=65.075 UNK=0.000 OS*=93.086 HOS=0.000 AUROC=22.623 AUPR=25.676 OSCR=22.375
Test-Close [43/50] LR=0.0000625 loss=1.842 ACC=93.086 F1=93.064 Rec=93.086 Prec=93.341
Test-Virtual [43/50] CloseK->V=0.000% Open->V=0.000% OpenVEntropy=0.000000 CloseHist=[0, 0, 0] OpenHist=[0, 0, 0]
AnchorDiag [43/50] VNorm=[2.4314911365509033, 2.4246129989624023, 2.419063091278076] VDriftMax=2.163733 Vcos(max/mean)=(0.8303/0.8297) KVcos(max/mean)=(0.7066/0.6380) ValK->V=0.00% CloseK->V=0.00% Open->V=0.00% OpenVEntropy=0.0000
Train Client0 [44/50] LR=0.0000625 loss=0.339 ACC=93.966 F1=92.720 Rec=92.339 Prec=93.144
Train Client1 [44/50] LR=0.0000625 loss=0.213 ACC=95.996 F1=91.116 Rec=91.265 Prec=90.978
Train Client2 [44/50] LR=0.0000625 loss=0.118 ACC=97.529 F1=93.125 Rec=94.476 Prec=91.904
Train Client3 [44/50] LR=0.0000625 loss=0.401 ACC=91.856 F1=87.649 Rec=94.461 Prec=84.248
Train Client4 [44/50] LR=0.0000625 loss=0.125 ACC=97.180 F1=83.087 Rec=89.408 Prec=79.092
Train Client5 [44/50] LR=0.0000625 loss=0.356 ACC=92.500 F1=82.170 Rec=88.748 Prec=80.061
Train Client6 [44/50] LR=0.0000625 loss=0.384 ACC=92.500 F1=85.193 Rec=88.617 Prec=82.335
Train Client7 [44/50] LR=0.0000625 loss=0.293 ACC=94.621 F1=76.341 Rec=77.173 Prec=75.596

Val    [44/50] LR=0.0000625 loss=1.856 ACC=91.429 F1=91.323 Rec=91.429 Prec=91.956
Val-Known->Virtual [44/50] rate=0.000% prob_mean=0.000000 margin_mean=0.926834

Test-  OSR [44/50] LR=0.0000625 ACC=57.571 F1=66.545 Rec=76.762 Prec=64.350 UNK=0.000 OS*=92.114 HOS=0.000 AUROC=23.491 AUPR=25.679 OSCR=23.176
Test-Close [44/50] LR=0.0000625 loss=1.858 ACC=92.114 F1=92.047 Rec=92.114 Prec=92.597
Test-Virtual [44/50] CloseK->V=0.000% Open->V=0.000% OpenVEntropy=0.000000 CloseHist=[0, 0, 0] OpenHist=[0, 0, 0]
AnchorDiag [44/50] VNorm=[2.4452545642852783, 2.4386513233184814, 2.4332590103149414] VDriftMax=2.179214 Vcos(max/mean)=(0.8322/0.8316) KVcos(max/mean)=(0.7088/0.6411) ValK->V=0.00% CloseK->V=0.00% Open->V=0.00% OpenVEntropy=0.0000
Train Client0 [45/50] LR=0.0000625 loss=0.348 ACC=94.397 F1=93.109 Rec=92.497 Prec=93.814
Train Client1 [45/50] LR=0.0000625 loss=0.218 ACC=96.309 F1=93.038 Rec=92.605 Prec=93.534
Train Client2 [45/50] LR=0.0000625 loss=0.104 ACC=98.099 F1=94.607 Rec=95.474 Prec=93.853
Train Client3 [45/50] LR=0.0000625 loss=0.435 ACC=92.235 F1=87.029 Rec=91.440 Prec=84.375
Train Client4 [45/50] LR=0.0000625 loss=0.129 ACC=97.866 F1=85.009 Rec=88.939 Prec=82.265
Train Client5 [45/50] LR=0.0000625 loss=0.352 ACC=92.232 F1=81.682 Rec=88.440 Prec=79.380
Train Client6 [45/50] LR=0.0000625 loss=0.281 ACC=93.333 F1=83.641 Rec=84.725 Prec=82.818
Train Client7 [45/50] LR=0.0000625 loss=0.252 ACC=95.379 F1=77.244 Rec=77.623 Prec=76.901

Val    [45/50] LR=0.0000625 loss=1.837 ACC=92.400 F1=92.340 Rec=92.400 Prec=92.668
Val-Known->Virtual [45/50] rate=0.000% prob_mean=0.000000 margin_mean=0.931036

Test-  OSR [45/50] LR=0.0000625 ACC=58.179 F1=67.294 Rec=77.571 Prec=64.758 UNK=0.000 OS*=93.086 HOS=0.000 AUROC=25.394 AUPR=26.861 OSCR=25.045
Test-Close [45/50] LR=0.0000625 loss=1.843 ACC=93.086 F1=93.055 Rec=93.086 Prec=93.325
Test-Virtual [45/50] CloseK->V=0.000% Open->V=0.000% OpenVEntropy=0.000000 CloseHist=[0, 0, 0] OpenHist=[0, 0, 0]
AnchorDiag [45/50] VNorm=[2.4583864212036133, 2.451664924621582, 2.4460158348083496] VDriftMax=2.193538 Vcos(max/mean)=(0.8340/0.8334) KVcos(max/mean)=(0.7123/0.6445) ValK->V=0.00% CloseK->V=0.00% Open->V=0.00% OpenVEntropy=0.0000
Saving model at epoch 45 . . . . . . . .

Train Client0 [46/50] LR=0.0000625 loss=0.353 ACC=93.481 F1=92.277 Rec=91.771 Prec=92.817
Train Client1 [46/50] LR=0.0000625 loss=0.209 ACC=96.797 F1=93.367 Rec=93.009 Prec=93.790
Train Client2 [46/50] LR=0.0000625 loss=0.131 ACC=97.481 F1=92.680 Rec=93.542 Prec=91.882
Train Client3 [46/50] LR=0.0000625 loss=0.426 ACC=91.856 F1=83.157 Rec=89.595 Prec=80.613
Train Client4 [46/50] LR=0.0000625 loss=0.097 ACC=97.637 F1=84.086 Rec=88.009 Prec=81.782
Train Client5 [46/50] LR=0.0000625 loss=0.323 ACC=93.125 F1=83.233 Rec=89.473 Prec=80.861
Train Client6 [46/50] LR=0.0000625 loss=0.285 ACC=93.333 F1=84.429 Rec=84.913 Prec=84.449
Train Client7 [46/50] LR=0.0000625 loss=0.305 ACC=94.242 F1=75.677 Rec=75.925 Prec=75.474

Val    [46/50] LR=0.0000625 loss=1.856 ACC=91.314 F1=91.179 Rec=91.314 Prec=91.845
Val-Known->Virtual [46/50] rate=0.000% prob_mean=0.000000 margin_mean=0.929663

Test-  OSR [46/50] LR=0.0000625 ACC=57.607 F1=66.537 Rec=76.810 Prec=64.264 UNK=0.000 OS*=92.171 HOS=0.000 AUROC=24.337 AUPR=26.206 OSCR=23.995
Test-Close [46/50] LR=0.0000625 loss=1.858 ACC=92.171 F1=92.098 Rec=92.171 Prec=92.622
Test-Virtual [46/50] CloseK->V=0.000% Open->V=0.000% OpenVEntropy=0.000000 CloseHist=[0, 0, 0] OpenHist=[0, 0, 0]
AnchorDiag [46/50] VNorm=[2.472564935684204, 2.4661271572113037, 2.4606080055236816] VDriftMax=2.209408 Vcos(max/mean)=(0.8359/0.8354) KVcos(max/mean)=(0.7153/0.6481) ValK->V=0.00% CloseK->V=0.00% Open->V=0.00% OpenVEntropy=0.0000
>> New learning Rate: 3.125e-05
Train Client0 [47/50] LR=0.0000313 loss=0.347 ACC=93.481 F1=92.231 Rec=91.573 Prec=93.038
Train Client1 [47/50] LR=0.0000313 loss=0.215 ACC=96.553 F1=92.534 Rec=93.215 Prec=91.905
Train Client2 [47/50] LR=0.0000313 loss=0.108 ACC=97.576 F1=92.702 Rec=94.019 Prec=91.524
Train Client3 [47/50] LR=0.0000313 loss=0.456 ACC=92.045 F1=85.368 Rec=91.853 Prec=82.349
Train Client4 [47/50] LR=0.0000313 loss=0.115 ACC=97.332 F1=81.391 Rec=89.214 Prec=77.016
Train Client5 [47/50] LR=0.0000313 loss=0.314 ACC=93.571 F1=80.179 Rec=89.401 Prec=78.993
Train Client6 [47/50] LR=0.0000313 loss=0.278 ACC=93.333 F1=85.074 Rec=88.839 Prec=82.182
Train Client7 [47/50] LR=0.0000313 loss=0.301 ACC=94.015 F1=76.716 Rec=76.998 Prec=76.496

Val    [47/50] LR=0.0000313 loss=1.847 ACC=91.943 F1=91.838 Rec=91.943 Prec=92.379
Val-Known->Virtual [47/50] rate=0.000% prob_mean=0.000000 margin_mean=0.927800

Test-  OSR [47/50] LR=0.0000313 ACC=57.857 F1=67.003 Rec=77.143 Prec=64.724 UNK=0.000 OS*=92.571 HOS=0.000 AUROC=22.115 AUPR=25.385 OSCR=21.874
Test-Close [47/50] LR=0.0000313 loss=1.852 ACC=92.571 F1=92.525 Rec=92.571 Prec=92.916
Test-Virtual [47/50] CloseK->V=0.000% Open->V=0.000% OpenVEntropy=0.000000 CloseHist=[0, 0, 0] OpenHist=[0, 0, 0]
AnchorDiag [47/50] VNorm=[2.4795165061950684, 2.4732959270477295, 2.467764377593994] VDriftMax=2.217300 Vcos(max/mean)=(0.8369/0.8363) KVcos(max/mean)=(0.7182/0.6502) ValK->V=0.00% CloseK->V=0.00% Open->V=0.00% OpenVEntropy=0.0000
Train Client0 [48/50] LR=0.0000313 loss=0.308 ACC=94.343 F1=93.319 Rec=92.902 Prec=93.775
Train Client1 [48/50] LR=0.0000313 loss=0.204 ACC=96.623 F1=92.551 Rec=92.912 Prec=92.200
Train Client2 [48/50] LR=0.0000313 loss=0.100 ACC=97.861 F1=93.800 Rec=94.764 Prec=92.908
Train Client3 [48/50] LR=0.0000313 loss=0.428 ACC=92.045 F1=85.918 Rec=95.416 Prec=82.355
Train Client4 [48/50] LR=0.0000313 loss=0.120 ACC=97.713 F1=84.326 Rec=89.997 Prec=80.390
Train Client5 [48/50] LR=0.0000313 loss=0.339 ACC=92.768 F1=81.443 Rec=89.143 Prec=79.246
Train Client6 [48/50] LR=0.0000313 loss=0.335 ACC=91.667 F1=82.395 Rec=89.063 Prec=77.683
Train Client7 [48/50] LR=0.0000313 loss=0.286 ACC=94.773 F1=80.114 Rec=97.311 Prec=78.216

Val    [48/50] LR=0.0000313 loss=1.846 ACC=91.771 F1=91.696 Rec=91.771 Prec=92.230
Val-Known->Virtual [48/50] rate=0.000% prob_mean=0.000000 margin_mean=0.929535

Test-  OSR [48/50] LR=0.0000313 ACC=57.857 F1=66.982 Rec=77.143 Prec=64.658 UNK=0.000 OS*=92.571 HOS=0.000 AUROC=22.651 AUPR=25.773 OSCR=22.373
Test-Close [48/50] LR=0.0000313 loss=1.852 ACC=92.571 F1=92.538 Rec=92.571 Prec=92.915
Test-Virtual [48/50] CloseK->V=0.000% Open->V=0.000% OpenVEntropy=0.000000 CloseHist=[0, 0, 0] OpenHist=[0, 0, 0]
AnchorDiag [48/50] VNorm=[2.4859070777893066, 2.4797096252441406, 2.47428035736084] VDriftMax=2.224322 Vcos(max/mean)=(0.8377/0.8372) KVcos(max/mean)=(0.7201/0.6522) ValK->V=0.00% CloseK->V=0.00% Open->V=0.00% OpenVEntropy=0.0000
Train Client0 [49/50] LR=0.0000313 loss=0.330 ACC=94.181 F1=92.883 Rec=92.376 Prec=93.439
Train Client1 [49/50] LR=0.0000313 loss=0.198 ACC=96.657 F1=92.523 Rec=92.985 Prec=92.080
Train Client2 [49/50] LR=0.0000313 loss=0.103 ACC=97.671 F1=93.097 Rec=94.998 Prec=91.426
Train Client3 [49/50] LR=0.0000313 loss=0.409 ACC=92.045 F1=85.094 Rec=94.414 Prec=82.018
Train Client4 [49/50] LR=0.0000313 loss=0.105 ACC=97.332 F1=83.854 Rec=93.000 Prec=78.664
Train Client5 [49/50] LR=0.0000313 loss=0.324 ACC=93.125 F1=81.158 Rec=89.088 Prec=79.194
Train Client6 [49/50] LR=0.0000313 loss=0.264 ACC=95.000 F1=91.679 Rec=94.545 Prec=89.277
Train Client7 [49/50] LR=0.0000313 loss=0.284 ACC=94.773 F1=77.232 Rec=77.638 Prec=76.899

Val    [49/50] LR=0.0000313 loss=1.844 ACC=92.057 F1=91.970 Rec=92.057 Prec=92.486
Val-Known->Virtual [49/50] rate=0.000% prob_mean=0.000000 margin_mean=0.929130

Test-  OSR [49/50] LR=0.0000313 ACC=57.857 F1=66.889 Rec=77.143 Prec=64.507 UNK=0.000 OS*=92.571 HOS=0.000 AUROC=23.778 AUPR=26.325 OSCR=23.449
Test-Close [49/50] LR=0.0000313 loss=1.850 ACC=92.571 F1=92.525 Rec=92.571 Prec=92.931
Test-Virtual [49/50] CloseK->V=0.000% Open->V=0.000% OpenVEntropy=0.000000 CloseHist=[0, 0, 0] OpenHist=[0, 0, 0]
AnchorDiag [49/50] VNorm=[2.492518424987793, 2.486379623413086, 2.4810099601745605] VDriftMax=2.231634 Vcos(max/mean)=(0.8386/0.8380) KVcos(max/mean)=(0.7217/0.6540) ValK->V=0.00% CloseK->V=0.00% Open->V=0.00% OpenVEntropy=0.0000
------>Best performance (by OSCR)--->>>>>>>

Test-  OSR [2/50] ACC=33.893 F1=33.610 Rec=45.190 Prec=36.136 UNK=0.000 OS*=54.229 HOS=0.000 AUROC=71.419 AUPR=55.507 OSCR=43.315
=====================================================================================================================================
The ending time ：2026-06-16 17:19:52
