Logging to: ./logs/RetinalOCT_Pretrain_K3_U5_seed1_20260712_190805.log
==> Preparing data..
Protocol mode: random
Known class list: [7 2 1] Unknown class list [6 0 4 3 5]
Total images — Train: 18400, Val: 2800, Test: 2800
{7: 0, 2: 1, 1: 2} {6: 3, 0: 4, 4: 5, 3: 6, 5: 7}
Known origin: [7 2 1] , new: [0 1 2]
Unknown origin: [6 0 4 3 5] , new: [3 4 5 6 7]
Known/Unknown in Train: 6900/11500
Known/Unknown in Val:   1050/1750
Known/Unknown in Test:  1050/1750
[balanced IID] alpha=0 — using balanced IID split (6900 samples → 8 clients)
Client0 sample num: 864
Client1 sample num: 864
Client2 sample num: 864
Client3 sample num: 864
Client4 sample num: 861
Client5 sample num: 861
Client6 sample num: 861
Client7 sample num: 861

>>> Setting up
==> Using device: cuda:1
==> Building [Resnet18] model..
154
120
Train Client0 [0/50] LR=0.0005000 loss=1.280 ACC=74.306 F1=74.347 Rec=74.306 Prec=74.411
Train Client1 [0/50] LR=0.0005000 loss=1.288 ACC=75.926 F1=75.838 Rec=75.926 Prec=75.810
Train Client2 [0/50] LR=0.0005000 loss=1.334 ACC=73.032 F1=73.113 Rec=73.032 Prec=73.267
Train Client3 [0/50] LR=0.0005000 loss=1.284 ACC=77.199 F1=77.138 Rec=77.199 Prec=77.135
Train Client4 [0/50] LR=0.0005000 loss=1.158 ACC=77.220 F1=77.146 Rec=77.223 Prec=77.175
Train Client5 [0/50] LR=0.0005000 loss=1.172 ACC=77.804 F1=77.758 Rec=77.796 Prec=77.727
Train Client6 [0/50] LR=0.0005000 loss=1.158 ACC=78.271 F1=78.255 Rec=78.298 Prec=78.266
Train Client7 [0/50] LR=0.0005000 loss=1.215 ACC=77.336 F1=77.417 Rec=77.346 Prec=77.621

Val    [0/50] LR=0.0005000 loss=1.764 ACC=67.905 F1=59.222 Rec=67.905 Prec=83.649

Test-  OSR [0/50] LR=0.0005000 ACC=25.357 F1=22.008 Rec=50.714 Prec=37.488 UNK=0.000 OS*=67.619 HOS=0.000 AUROC=53.531 AUPR=66.817 OSCR=45.890
Test-Close [0/50] LR=0.0005000 loss=1.762 ACC=67.619 F1=58.269 Rec=67.619 Prec=83.575
Saving best model . . . . . . . .

Saving model at epoch 0 . . . . . . . .

Train Client0 [1/50] LR=0.0005000 loss=0.998 ACC=81.713 F1=81.677 Rec=81.713 Prec=81.690
Train Client1 [1/50] LR=0.0005000 loss=0.791 ACC=84.144 F1=84.107 Rec=84.144 Prec=84.096
Train Client2 [1/50] LR=0.0005000 loss=0.743 ACC=86.458 F1=86.501 Rec=86.458 Prec=86.617
Train Client3 [1/50] LR=0.0005000 loss=0.968 ACC=82.292 F1=82.263 Rec=82.292 Prec=82.314
Train Client4 [1/50] LR=0.0005000 loss=0.893 ACC=80.374 F1=80.364 Rec=80.375 Prec=80.361
Train Client5 [1/50] LR=0.0005000 loss=0.893 ACC=82.944 F1=82.920 Rec=82.960 Prec=82.894
Train Client6 [1/50] LR=0.0005000 loss=0.795 ACC=83.645 F1=83.606 Rec=83.633 Prec=83.594
Train Client7 [1/50] LR=0.0005000 loss=0.888 ACC=83.178 F1=83.199 Rec=83.169 Prec=83.254

Val    [1/50] LR=0.0005000 loss=1.323 ACC=95.905 F1=95.889 Rec=95.905 Prec=96.353

Test-  OSR [1/50] LR=0.0005000 ACC=35.107 F1=42.106 Rec=70.214 Prec=33.326 UNK=0.000 OS*=93.619 HOS=0.000 AUROC=55.061 AUPR=65.292 OSCR=54.478
Test-Close [1/50] LR=0.0005000 loss=1.340 ACC=93.619 F1=93.560 Rec=93.619 Prec=94.644
Saving best model . . . . . . . .

Train Client0 [2/50] LR=0.0005000 loss=0.674 ACC=86.921 F1=86.900 Rec=86.921 Prec=86.929
Train Client1 [2/50] LR=0.0005000 loss=0.787 ACC=85.880 F1=85.910 Rec=85.880 Prec=85.981
Train Client2 [2/50] LR=0.0005000 loss=0.605 ACC=90.162 F1=90.170 Rec=90.162 Prec=90.195
Train Client3 [2/50] LR=0.0005000 loss=0.688 ACC=88.194 F1=88.159 Rec=88.194 Prec=88.149
Train Client4 [2/50] LR=0.0005000 loss=0.611 ACC=88.084 F1=88.081 Rec=88.087 Prec=88.080
Train Client5 [2/50] LR=0.0005000 loss=0.620 ACC=87.617 F1=87.628 Rec=87.622 Prec=87.639
Train Client6 [2/50] LR=0.0005000 loss=0.698 ACC=88.318 F1=88.270 Rec=88.321 Prec=88.273
Train Client7 [2/50] LR=0.0005000 loss=0.692 ACC=87.266 F1=87.245 Rec=87.247 Prec=87.285

Val    [2/50] LR=0.0005000 loss=1.182 ACC=98.762 F1=98.762 Rec=98.762 Prec=98.794

Test-  OSR [2/50] LR=0.0005000 ACC=37.214 F1=43.052 Rec=74.429 Prec=31.146 UNK=0.000 OS*=99.238 HOS=0.000 AUROC=52.625 AUPR=69.543 OSCR=52.571
Test-Close [2/50] LR=0.0005000 loss=1.184 ACC=99.238 F1=99.238 Rec=99.238 Prec=99.255
Train Client0 [3/50] LR=0.0005000 loss=0.601 ACC=89.931 F1=89.905 Rec=89.931 Prec=89.980
Train Client1 [3/50] LR=0.0005000 loss=0.447 ACC=91.782 F1=91.759 Rec=91.782 Prec=91.777
Train Client2 [3/50] LR=0.0005000 loss=0.508 ACC=90.856 F1=90.843 Rec=90.856 Prec=90.835
Train Client3 [3/50] LR=0.0005000 loss=0.651 ACC=87.384 F1=87.342 Rec=87.384 Prec=87.335
Train Client4 [3/50] LR=0.0005000 loss=0.511 ACC=91.238 F1=91.254 Rec=91.234 Prec=91.309
Train Client5 [3/50] LR=0.0005000 loss=0.465 ACC=92.874 F1=92.866 Rec=92.877 Prec=92.874
Train Client6 [3/50] LR=0.0005000 loss=0.584 ACC=91.939 F1=91.950 Rec=91.940 Prec=91.969
Train Client7 [3/50] LR=0.0005000 loss=0.514 ACC=91.822 F1=91.810 Rec=91.813 Prec=91.828

Val    [3/50] LR=0.0005000 loss=1.173 ACC=97.429 F1=97.425 Rec=97.429 Prec=97.613

Test-  OSR [3/50] LR=0.0005000 ACC=36.321 F1=42.758 Rec=72.643 Prec=32.039 UNK=0.000 OS*=96.857 HOS=0.000 AUROC=52.084 AUPR=65.422 OSCR=51.802
Test-Close [3/50] LR=0.0005000 loss=1.177 ACC=96.857 F1=96.850 Rec=96.857 Prec=97.128
Train Client0 [4/50] LR=0.0005000 loss=0.386 ACC=93.866 F1=93.861 Rec=93.866 Prec=93.863
Train Client1 [4/50] LR=0.0005000 loss=0.430 ACC=91.667 F1=91.668 Rec=91.667 Prec=91.683
Train Client2 [4/50] LR=0.0005000 loss=0.392 ACC=93.171 F1=93.176 Rec=93.171 Prec=93.229
Train Client3 [4/50] LR=0.0005000 loss=0.483 ACC=91.551 F1=91.546 Rec=91.551 Prec=91.543
Train Client4 [4/50] LR=0.0005000 loss=0.399 ACC=92.757 F1=92.756 Rec=92.762 Prec=92.752
Train Client5 [4/50] LR=0.0005000 loss=0.392 ACC=93.692 F1=93.669 Rec=93.680 Prec=93.666
Train Client6 [4/50] LR=0.0005000 loss=0.378 ACC=92.991 F1=92.980 Rec=92.982 Prec=92.980
Train Client7 [4/50] LR=0.0005000 loss=0.394 ACC=93.107 F1=93.102 Rec=93.119 Prec=93.119

Val    [4/50] LR=0.0005000 loss=1.111 ACC=99.429 F1=99.429 Rec=99.429 Prec=99.433

Test-  OSR [4/50] LR=0.0005000 ACC=37.286 F1=43.050 Rec=74.571 Prec=31.039 UNK=0.000 OS*=99.429 HOS=0.000 AUROC=53.988 AUPR=70.028 OSCR=53.964
Test-Close [4/50] LR=0.0005000 loss=1.109 ACC=99.429 F1=99.429 Rec=99.429 Prec=99.438
Train Client0 [5/50] LR=0.0005000 loss=0.406 ACC=93.519 F1=93.495 Rec=93.519 Prec=93.493
Train Client1 [5/50] LR=0.0005000 loss=0.335 ACC=95.023 F1=95.010 Rec=95.023 Prec=95.029
Train Client2 [5/50] LR=0.0005000 loss=0.361 ACC=93.403 F1=93.384 Rec=93.403 Prec=93.383
Train Client3 [5/50] LR=0.0005000 loss=0.387 ACC=94.213 F1=94.199 Rec=94.213 Prec=94.190
Train Client4 [5/50] LR=0.0005000 loss=0.377 ACC=94.042 F1=94.031 Rec=94.046 Prec=94.035
Train Client5 [5/50] LR=0.0005000 loss=0.346 ACC=93.575 F1=93.568 Rec=93.576 Prec=93.575
Train Client6 [5/50] LR=0.0005000 loss=0.311 ACC=93.925 F1=93.915 Rec=93.923 Prec=93.967
Train Client7 [5/50] LR=0.0005000 loss=0.393 ACC=93.107 F1=93.110 Rec=93.116 Prec=93.150

Val    [5/50] LR=0.0005000 loss=1.122 ACC=98.857 F1=98.857 Rec=98.857 Prec=98.883

Test-  OSR [5/50] LR=0.0005000 ACC=37.286 F1=43.089 Rec=74.571 Prec=31.112 UNK=0.000 OS*=99.429 HOS=0.000 AUROC=58.057 AUPR=73.062 OSCR=57.991
Test-Close [5/50] LR=0.0005000 loss=1.118 ACC=99.429 F1=99.429 Rec=99.429 Prec=99.438
Saving best model . . . . . . . .

Saving model at epoch 5 . . . . . . . .

Train Client0 [6/50] LR=0.0005000 loss=0.255 ACC=96.181 F1=96.185 Rec=96.181 Prec=96.237
Train Client1 [6/50] LR=0.0005000 loss=0.316 ACC=94.792 F1=94.781 Rec=94.792 Prec=94.862
Train Client2 [6/50] LR=0.0005000 loss=0.320 ACC=94.329 F1=94.311 Rec=94.329 Prec=94.335
Train Client3 [6/50] LR=0.0005000 loss=0.393 ACC=93.171 F1=93.149 Rec=93.171 Prec=93.149
Train Client4 [6/50] LR=0.0005000 loss=0.396 ACC=92.991 F1=92.997 Rec=92.993 Prec=93.002
Train Client5 [6/50] LR=0.0005000 loss=0.394 ACC=94.276 F1=94.278 Rec=94.278 Prec=94.280
Train Client6 [6/50] LR=0.0005000 loss=0.329 ACC=94.509 F1=94.504 Rec=94.508 Prec=94.502
Train Client7 [6/50] LR=0.0005000 loss=0.288 ACC=95.561 F1=95.555 Rec=95.559 Prec=95.553

Val    [6/50] LR=0.0005000 loss=1.115 ACC=99.238 F1=99.238 Rec=99.238 Prec=99.255

Test-  OSR [6/50] LR=0.0005000 ACC=37.321 F1=43.110 Rec=74.643 Prec=31.099 UNK=0.000 OS*=99.524 HOS=0.000 AUROC=58.570 AUPR=72.934 OSCR=58.504
Test-Close [6/50] LR=0.0005000 loss=1.110 ACC=99.524 F1=99.524 Rec=99.524 Prec=99.531
Saving best model . . . . . . . .

Train Client0 [7/50] LR=0.0005000 loss=0.256 ACC=96.296 F1=96.294 Rec=96.296 Prec=96.294
Train Client1 [7/50] LR=0.0005000 loss=0.365 ACC=95.370 F1=95.368 Rec=95.370 Prec=95.391
Train Client2 [7/50] LR=0.0005000 loss=0.195 ACC=96.412 F1=96.412 Rec=96.412 Prec=96.412
Train Client3 [7/50] LR=0.0005000 loss=0.246 ACC=95.949 F1=95.952 Rec=95.949 Prec=95.958
Train Client4 [7/50] LR=0.0005000 loss=0.361 ACC=94.042 F1=94.036 Rec=94.037 Prec=94.043
Train Client5 [7/50] LR=0.0005000 loss=0.242 ACC=96.145 F1=96.138 Rec=96.148 Prec=96.143
Train Client6 [7/50] LR=0.0005000 loss=0.386 ACC=94.860 F1=94.851 Rec=94.857 Prec=94.855
Train Client7 [7/50] LR=0.0005000 loss=0.273 ACC=94.977 F1=94.967 Rec=94.964 Prec=94.971

Val    [7/50] LR=0.0005000 loss=1.112 ACC=99.048 F1=99.047 Rec=99.048 Prec=99.074

Test-  OSR [7/50] LR=0.0005000 ACC=37.357 F1=43.144 Rec=74.714 Prec=31.110 UNK=0.000 OS*=99.619 HOS=0.000 AUROC=51.439 AUPR=70.094 OSCR=51.377
Test-Close [7/50] LR=0.0005000 loss=1.108 ACC=99.619 F1=99.619 Rec=99.619 Prec=99.623
Train Client0 [8/50] LR=0.0005000 loss=0.322 ACC=95.023 F1=95.018 Rec=95.023 Prec=95.015
Train Client1 [8/50] LR=0.0005000 loss=0.290 ACC=95.718 F1=95.716 Rec=95.718 Prec=95.718
Train Client2 [8/50] LR=0.0005000 loss=0.250 ACC=96.181 F1=96.176 Rec=96.181 Prec=96.172
Train Client3 [8/50] LR=0.0005000 loss=0.281 ACC=95.023 F1=95.019 Rec=95.023 Prec=95.023
Train Client4 [8/50] LR=0.0005000 loss=0.332 ACC=94.509 F1=94.503 Rec=94.512 Prec=94.504
Train Client5 [8/50] LR=0.0005000 loss=0.292 ACC=95.561 F1=95.556 Rec=95.562 Prec=95.554
Train Client6 [8/50] LR=0.0005000 loss=0.424 ACC=94.509 F1=94.510 Rec=94.512 Prec=94.536
Train Client7 [8/50] LR=0.0005000 loss=0.216 ACC=96.379 F1=96.365 Rec=96.373 Prec=96.377

Val    [8/50] LR=0.0005000 loss=1.109 ACC=99.238 F1=99.238 Rec=99.238 Prec=99.255

Test-  OSR [8/50] LR=0.0005000 ACC=37.250 F1=43.014 Rec=74.500 Prec=31.022 UNK=0.000 OS*=99.333 HOS=0.000 AUROC=63.469 AUPR=75.389 OSCR=63.435
Test-Close [8/50] LR=0.0005000 loss=1.103 ACC=99.333 F1=99.333 Rec=99.333 Prec=99.346
Saving best model . . . . . . . .

Train Client0 [9/50] LR=0.0005000 loss=0.340 ACC=95.370 F1=95.369 Rec=95.370 Prec=95.376
Train Client1 [9/50] LR=0.0005000 loss=0.220 ACC=97.106 F1=97.104 Rec=97.106 Prec=97.103
Train Client2 [9/50] LR=0.0005000 loss=0.195 ACC=97.569 F1=97.568 Rec=97.569 Prec=97.568
Train Client3 [9/50] LR=0.0005000 loss=0.308 ACC=95.370 F1=95.367 Rec=95.370 Prec=95.368
Train Client4 [9/50] LR=0.0005000 loss=0.226 ACC=96.729 F1=96.731 Rec=96.729 Prec=96.738
Train Client5 [9/50] LR=0.0005000 loss=0.201 ACC=97.430 F1=97.422 Rec=97.423 Prec=97.427
Train Client6 [9/50] LR=0.0005000 loss=0.252 ACC=96.612 F1=96.609 Rec=96.613 Prec=96.608
Train Client7 [9/50] LR=0.0005000 loss=0.315 ACC=95.327 F1=95.320 Rec=95.325 Prec=95.320

Val    [9/50] LR=0.0005000 loss=1.113 ACC=98.857 F1=98.857 Rec=98.857 Prec=98.883

Test-  OSR [9/50] LR=0.0005000 ACC=37.250 F1=43.024 Rec=74.500 Prec=31.046 UNK=0.000 OS*=99.333 HOS=0.000 AUROC=60.445 AUPR=74.260 OSCR=60.381
Test-Close [9/50] LR=0.0005000 loss=1.110 ACC=99.333 F1=99.333 Rec=99.333 Prec=99.346
Train Client0 [10/50] LR=0.0005000 loss=0.194 ACC=97.222 F1=97.222 Rec=97.222 Prec=97.222
Train Client1 [10/50] LR=0.0005000 loss=0.274 ACC=96.296 F1=96.295 Rec=96.296 Prec=96.300
Train Client2 [10/50] LR=0.0005000 loss=0.156 ACC=97.338 F1=97.337 Rec=97.338 Prec=97.337
Train Client3 [10/50] LR=0.0005000 loss=0.299 ACC=95.949 F1=95.946 Rec=95.949 Prec=95.948
Train Client4 [10/50] LR=0.0005000 loss=0.268 ACC=96.262 F1=96.267 Rec=96.262 Prec=96.300
Train Client5 [10/50] LR=0.0005000 loss=0.276 ACC=95.678 F1=95.671 Rec=95.676 Prec=95.688
Train Client6 [10/50] LR=0.0005000 loss=0.336 ACC=96.495 F1=96.500 Rec=96.498 Prec=96.503
Train Client7 [10/50] LR=0.0005000 loss=0.281 ACC=96.262 F1=96.264 Rec=96.263 Prec=96.269

Val    [10/50] LR=0.0005000 loss=1.113 ACC=99.238 F1=99.238 Rec=99.238 Prec=99.248

Test-  OSR [10/50] LR=0.0005000 ACC=37.357 F1=43.156 Rec=74.714 Prec=31.131 UNK=0.000 OS*=99.619 HOS=0.000 AUROC=53.207 AUPR=70.613 OSCR=53.165
Test-Close [10/50] LR=0.0005000 loss=1.103 ACC=99.619 F1=99.619 Rec=99.619 Prec=99.623
Saving model at epoch 10 . . . . . . . .

>> New learning Rate: 0.00025
Train Client0 [11/50] LR=0.0002500 loss=0.168 ACC=97.222 F1=97.226 Rec=97.222 Prec=97.234
Train Client1 [11/50] LR=0.0002500 loss=0.164 ACC=97.685 F1=97.688 Rec=97.685 Prec=97.695
Train Client2 [11/50] LR=0.0002500 loss=0.158 ACC=98.032 F1=98.031 Rec=98.032 Prec=98.031
Train Client3 [11/50] LR=0.0002500 loss=0.129 ACC=98.148 F1=98.148 Rec=98.148 Prec=98.148
Train Client4 [11/50] LR=0.0002500 loss=0.134 ACC=97.430 F1=97.431 Rec=97.430 Prec=97.446
Train Client5 [11/50] LR=0.0002500 loss=0.094 ACC=98.364 F1=98.368 Rec=98.371 Prec=98.380
Train Client6 [11/50] LR=0.0002500 loss=0.113 ACC=98.364 F1=98.362 Rec=98.361 Prec=98.370
Train Client7 [11/50] LR=0.0002500 loss=0.107 ACC=98.481 F1=98.480 Rec=98.478 Prec=98.493

Val    [11/50] LR=0.0002500 loss=1.105 ACC=99.333 F1=99.333 Rec=99.333 Prec=99.334

Test-  OSR [11/50] LR=0.0002500 ACC=37.321 F1=43.130 Rec=74.643 Prec=31.128 UNK=0.000 OS*=99.524 HOS=0.000 AUROC=61.322 AUPR=73.851 OSCR=61.300
Test-Close [11/50] LR=0.0002500 loss=1.099 ACC=99.524 F1=99.524 Rec=99.524 Prec=99.526
Train Client0 [12/50] LR=0.0002500 loss=0.106 ACC=98.264 F1=98.264 Rec=98.264 Prec=98.273
Train Client1 [12/50] LR=0.0002500 loss=0.130 ACC=97.917 F1=97.917 Rec=97.917 Prec=97.918
Train Client2 [12/50] LR=0.0002500 loss=0.071 ACC=98.148 F1=98.146 Rec=98.148 Prec=98.145
Train Client3 [12/50] LR=0.0002500 loss=0.152 ACC=98.032 F1=98.032 Rec=98.032 Prec=98.042
Train Client4 [12/50] LR=0.0002500 loss=0.135 ACC=98.598 F1=98.596 Rec=98.597 Prec=98.600
Train Client5 [12/50] LR=0.0002500 loss=0.136 ACC=98.248 F1=98.242 Rec=98.243 Prec=98.242
Train Client6 [12/50] LR=0.0002500 loss=0.119 ACC=98.248 F1=98.242 Rec=98.242 Prec=98.247
Train Client7 [12/50] LR=0.0002500 loss=0.124 ACC=98.481 F1=98.479 Rec=98.480 Prec=98.489

Val    [12/50] LR=0.0002500 loss=1.103 ACC=99.429 F1=99.429 Rec=99.429 Prec=99.430

Test-  OSR [12/50] LR=0.0002500 ACC=37.321 F1=43.136 Rec=74.643 Prec=31.139 UNK=0.000 OS*=99.524 HOS=0.000 AUROC=57.696 AUPR=72.649 OSCR=57.668
Test-Close [12/50] LR=0.0002500 loss=1.099 ACC=99.524 F1=99.524 Rec=99.524 Prec=99.531
Train Client0 [13/50] LR=0.0002500 loss=0.199 ACC=98.611 F1=98.614 Rec=98.611 Prec=98.627
Train Client1 [13/50] LR=0.0002500 loss=0.140 ACC=98.264 F1=98.265 Rec=98.264 Prec=98.267
Train Client2 [13/50] LR=0.0002500 loss=0.095 ACC=98.495 F1=98.496 Rec=98.495 Prec=98.499
Train Client3 [13/50] LR=0.0002500 loss=0.140 ACC=98.495 F1=98.494 Rec=98.495 Prec=98.495
Train Client4 [13/50] LR=0.0002500 loss=0.080 ACC=98.832 F1=98.837 Rec=98.836 Prec=98.838
Train Client5 [13/50] LR=0.0002500 loss=0.087 ACC=98.598 F1=98.597 Rec=98.598 Prec=98.602
Train Client6 [13/50] LR=0.0002500 loss=0.130 ACC=98.248 F1=98.246 Rec=98.246 Prec=98.246
Train Client7 [13/50] LR=0.0002500 loss=0.079 ACC=99.065 F1=99.066 Rec=99.068 Prec=99.070

Val    [13/50] LR=0.0002500 loss=1.107 ACC=99.238 F1=99.238 Rec=99.238 Prec=99.255

Test-  OSR [13/50] LR=0.0002500 ACC=37.357 F1=43.137 Rec=74.714 Prec=31.103 UNK=0.000 OS*=99.619 HOS=0.000 AUROC=59.832 AUPR=74.307 OSCR=59.792
Test-Close [13/50] LR=0.0002500 loss=1.099 ACC=99.619 F1=99.619 Rec=99.619 Prec=99.623
Train Client0 [14/50] LR=0.0002500 loss=0.088 ACC=98.495 F1=98.494 Rec=98.495 Prec=98.493
Train Client1 [14/50] LR=0.0002500 loss=0.110 ACC=98.380 F1=98.378 Rec=98.380 Prec=98.381
Train Client2 [14/50] LR=0.0002500 loss=0.105 ACC=98.611 F1=98.611 Rec=98.611 Prec=98.611
Train Client3 [14/50] LR=0.0002500 loss=0.147 ACC=98.495 F1=98.495 Rec=98.495 Prec=98.496
Train Client4 [14/50] LR=0.0002500 loss=0.110 ACC=98.715 F1=98.713 Rec=98.713 Prec=98.715
Train Client5 [14/50] LR=0.0002500 loss=0.095 ACC=98.481 F1=98.477 Rec=98.477 Prec=98.477
Train Client6 [14/50] LR=0.0002500 loss=0.105 ACC=98.364 F1=98.365 Rec=98.365 Prec=98.365
Train Client7 [14/50] LR=0.0002500 loss=0.094 ACC=98.949 F1=98.947 Rec=98.947 Prec=98.951

Val    [14/50] LR=0.0002500 loss=1.103 ACC=99.429 F1=99.429 Rec=99.429 Prec=99.438

Test-  OSR [14/50] LR=0.0002500 ACC=37.321 F1=43.075 Rec=74.643 Prec=31.045 UNK=0.000 OS*=99.524 HOS=0.000 AUROC=58.301 AUPR=74.095 OSCR=58.261
Test-Close [14/50] LR=0.0002500 loss=1.099 ACC=99.524 F1=99.524 Rec=99.524 Prec=99.531
Train Client0 [15/50] LR=0.0002500 loss=0.099 ACC=98.611 F1=98.611 Rec=98.611 Prec=98.613
Train Client1 [15/50] LR=0.0002500 loss=0.153 ACC=98.264 F1=98.264 Rec=98.264 Prec=98.264
Train Client2 [15/50] LR=0.0002500 loss=0.048 ACC=99.306 F1=99.306 Rec=99.306 Prec=99.307
Train Client3 [15/50] LR=0.0002500 loss=0.125 ACC=98.727 F1=98.727 Rec=98.727 Prec=98.730
Train Client4 [15/50] LR=0.0002500 loss=0.100 ACC=98.481 F1=98.482 Rec=98.482 Prec=98.482
Train Client5 [15/50] LR=0.0002500 loss=0.082 ACC=98.481 F1=98.479 Rec=98.480 Prec=98.483
Train Client6 [15/50] LR=0.0002500 loss=0.107 ACC=98.248 F1=98.249 Rec=98.249 Prec=98.249
Train Client7 [15/50] LR=0.0002500 loss=0.091 ACC=98.949 F1=98.949 Rec=98.950 Prec=98.952

Val    [15/50] LR=0.0002500 loss=1.101 ACC=99.333 F1=99.333 Rec=99.333 Prec=99.336

Test-  OSR [15/50] LR=0.0002500 ACC=37.357 F1=43.168 Rec=74.714 Prec=31.147 UNK=0.000 OS*=99.619 HOS=0.000 AUROC=54.682 AUPR=71.627 OSCR=54.654
Test-Close [15/50] LR=0.0002500 loss=1.098 ACC=99.619 F1=99.619 Rec=99.619 Prec=99.623
Saving model at epoch 15 . . . . . . . .

Train Client0 [16/50] LR=0.0002500 loss=0.090 ACC=98.495 F1=98.495 Rec=98.495 Prec=98.499
Train Client1 [16/50] LR=0.0002500 loss=0.104 ACC=98.727 F1=98.727 Rec=98.727 Prec=98.727
Train Client2 [16/50] LR=0.0002500 loss=0.112 ACC=98.727 F1=98.727 Rec=98.727 Prec=98.730
Train Client3 [16/50] LR=0.0002500 loss=0.159 ACC=98.148 F1=98.147 Rec=98.148 Prec=98.154
Train Client4 [16/50] LR=0.0002500 loss=0.126 ACC=98.598 F1=98.599 Rec=98.599 Prec=98.601
Train Client5 [16/50] LR=0.0002500 loss=0.161 ACC=98.364 F1=98.364 Rec=98.365 Prec=98.367
Train Client6 [16/50] LR=0.0002500 loss=0.077 ACC=98.598 F1=98.601 Rec=98.602 Prec=98.602
Train Client7 [16/50] LR=0.0002500 loss=0.100 ACC=98.715 F1=98.713 Rec=98.713 Prec=98.723

Val    [16/50] LR=0.0002500 loss=1.098 ACC=99.333 F1=99.333 Rec=99.333 Prec=99.334

Test-  OSR [16/50] LR=0.0002500 ACC=37.357 F1=43.280 Rec=74.714 Prec=31.337 UNK=0.000 OS*=99.619 HOS=0.000 AUROC=54.792 AUPR=71.351 OSCR=54.757
Test-Close [16/50] LR=0.0002500 loss=1.096 ACC=99.619 F1=99.619 Rec=99.619 Prec=99.620
Train Client0 [17/50] LR=0.0002500 loss=0.155 ACC=98.264 F1=98.264 Rec=98.264 Prec=98.264
Train Client1 [17/50] LR=0.0002500 loss=0.117 ACC=98.148 F1=98.148 Rec=98.148 Prec=98.150
Train Client2 [17/50] LR=0.0002500 loss=0.044 ACC=99.074 F1=99.074 Rec=99.074 Prec=99.076
Train Client3 [17/50] LR=0.0002500 loss=0.111 ACC=98.380 F1=98.380 Rec=98.380 Prec=98.386
Train Client4 [17/50] LR=0.0002500 loss=0.102 ACC=98.598 F1=98.596 Rec=98.596 Prec=98.603
Train Client5 [17/50] LR=0.0002500 loss=0.111 ACC=98.248 F1=98.250 Rec=98.251 Prec=98.254
Train Client6 [17/50] LR=0.0002500 loss=0.090 ACC=98.715 F1=98.721 Rec=98.719 Prec=98.723
Train Client7 [17/50] LR=0.0002500 loss=0.055 ACC=99.182 F1=99.182 Rec=99.183 Prec=99.182

Val    [17/50] LR=0.0002500 loss=1.099 ACC=99.429 F1=99.429 Rec=99.429 Prec=99.433

Test-  OSR [17/50] LR=0.0002500 ACC=37.357 F1=43.181 Rec=74.714 Prec=31.174 UNK=0.000 OS*=99.619 HOS=0.000 AUROC=58.740 AUPR=73.787 OSCR=58.716
Test-Close [17/50] LR=0.0002500 loss=1.096 ACC=99.619 F1=99.619 Rec=99.619 Prec=99.623
Train Client0 [18/50] LR=0.0002500 loss=0.194 ACC=98.148 F1=98.147 Rec=98.148 Prec=98.146
Train Client1 [18/50] LR=0.0002500 loss=0.118 ACC=98.264 F1=98.264 Rec=98.264 Prec=98.264
Train Client2 [18/50] LR=0.0002500 loss=0.058 ACC=99.306 F1=99.306 Rec=99.306 Prec=99.306
Train Client3 [18/50] LR=0.0002500 loss=0.134 ACC=98.148 F1=98.148 Rec=98.148 Prec=98.150
Train Client4 [18/50] LR=0.0002500 loss=0.229 ACC=98.248 F1=98.249 Rec=98.244 Prec=98.268
Train Client5 [18/50] LR=0.0002500 loss=0.128 ACC=98.014 F1=98.013 Rec=98.013 Prec=98.015
Train Client6 [18/50] LR=0.0002500 loss=0.097 ACC=98.598 F1=98.596 Rec=98.596 Prec=98.596
Train Client7 [18/50] LR=0.0002500 loss=0.064 ACC=98.949 F1=98.947 Rec=98.949 Prec=98.950

Val    [18/50] LR=0.0002500 loss=1.102 ACC=99.429 F1=99.429 Rec=99.429 Prec=99.433

Test-  OSR [18/50] LR=0.0002500 ACC=37.357 F1=43.144 Rec=74.714 Prec=31.117 UNK=0.000 OS*=99.619 HOS=0.000 AUROC=58.169 AUPR=73.732 OSCR=58.108
Test-Close [18/50] LR=0.0002500 loss=1.096 ACC=99.619 F1=99.619 Rec=99.619 Prec=99.623
Train Client0 [19/50] LR=0.0002500 loss=0.064 ACC=99.190 F1=99.190 Rec=99.190 Prec=99.191
Train Client1 [19/50] LR=0.0002500 loss=0.131 ACC=98.380 F1=98.379 Rec=98.380 Prec=98.380
Train Client2 [19/50] LR=0.0002500 loss=0.085 ACC=98.611 F1=98.612 Rec=98.611 Prec=98.614
Train Client3 [19/50] LR=0.0002500 loss=0.078 ACC=98.958 F1=98.958 Rec=98.958 Prec=98.959
Train Client4 [19/50] LR=0.0002500 loss=0.083 ACC=98.481 F1=98.482 Rec=98.483 Prec=98.485
Train Client5 [19/50] LR=0.0002500 loss=0.119 ACC=98.364 F1=98.365 Rec=98.365 Prec=98.367
Train Client6 [19/50] LR=0.0002500 loss=0.073 ACC=98.598 F1=98.598 Rec=98.601 Prec=98.599
Train Client7 [19/50] LR=0.0002500 loss=0.076 ACC=99.065 F1=99.066 Rec=99.066 Prec=99.067

Val    [19/50] LR=0.0002500 loss=1.100 ACC=99.429 F1=99.429 Rec=99.429 Prec=99.429

Test-  OSR [19/50] LR=0.0002500 ACC=37.429 F1=43.402 Rec=74.857 Prec=31.453 UNK=0.000 OS*=99.810 HOS=0.000 AUROC=57.145 AUPR=72.068 OSCR=57.118
Test-Close [19/50] LR=0.0002500 loss=1.095 ACC=99.810 F1=99.810 Rec=99.810 Prec=99.811
Train Client0 [20/50] LR=0.0002500 loss=0.110 ACC=98.843 F1=98.843 Rec=98.843 Prec=98.844
Train Client1 [20/50] LR=0.0002500 loss=0.116 ACC=98.032 F1=98.030 Rec=98.032 Prec=98.028
Train Client2 [20/50] LR=0.0002500 loss=0.052 ACC=99.306 F1=99.306 Rec=99.306 Prec=99.307
Train Client3 [20/50] LR=0.0002500 loss=0.099 ACC=98.727 F1=98.727 Rec=98.727 Prec=98.727
Train Client4 [20/50] LR=0.0002500 loss=0.088 ACC=98.598 F1=98.599 Rec=98.599 Prec=98.599
Train Client5 [20/50] LR=0.0002500 loss=0.088 ACC=98.949 F1=98.946 Rec=98.946 Prec=98.946
Train Client6 [20/50] LR=0.0002500 loss=0.095 ACC=98.715 F1=98.713 Rec=98.716 Prec=98.715
Train Client7 [20/50] LR=0.0002500 loss=0.111 ACC=98.949 F1=98.947 Rec=98.945 Prec=98.959

Val    [20/50] LR=0.0002500 loss=1.103 ACC=99.333 F1=99.333 Rec=99.333 Prec=99.336

Test-  OSR [20/50] LR=0.0002500 ACC=37.321 F1=43.236 Rec=74.643 Prec=31.304 UNK=0.000 OS*=99.524 HOS=0.000 AUROC=54.388 AUPR=70.315 OSCR=54.439
Test-Close [20/50] LR=0.0002500 loss=1.099 ACC=99.524 F1=99.524 Rec=99.524 Prec=99.526
Saving model at epoch 20 . . . . . . . .

Train Client0 [21/50] LR=0.0002500 loss=0.086 ACC=98.843 F1=98.843 Rec=98.843 Prec=98.849
Train Client1 [21/50] LR=0.0002500 loss=0.108 ACC=98.727 F1=98.726 Rec=98.727 Prec=98.726
Train Client2 [21/50] LR=0.0002500 loss=0.050 ACC=99.421 F1=99.421 Rec=99.421 Prec=99.422
Train Client3 [21/50] LR=0.0002500 loss=0.100 ACC=98.611 F1=98.611 Rec=98.611 Prec=98.617
Train Client4 [21/50] LR=0.0002500 loss=0.106 ACC=98.248 F1=98.250 Rec=98.248 Prec=98.261
Train Client5 [21/50] LR=0.0002500 loss=0.072 ACC=98.949 F1=98.949 Rec=98.947 Prec=98.954
Train Client6 [21/50] LR=0.0002500 loss=0.127 ACC=98.481 F1=98.478 Rec=98.478 Prec=98.487
Train Client7 [21/50] LR=0.0002500 loss=0.142 ACC=98.131 F1=98.132 Rec=98.132 Prec=98.132

Val    [21/50] LR=0.0002500 loss=1.102 ACC=99.429 F1=99.429 Rec=99.429 Prec=99.433

Test-  OSR [21/50] LR=0.0002500 ACC=37.357 F1=43.206 Rec=74.714 Prec=31.210 UNK=0.000 OS*=99.619 HOS=0.000 AUROC=57.467 AUPR=73.018 OSCR=57.466
Test-Close [21/50] LR=0.0002500 loss=1.097 ACC=99.619 F1=99.619 Rec=99.619 Prec=99.623
Train Client0 [22/50] LR=0.0002500 loss=0.091 ACC=98.380 F1=98.380 Rec=98.380 Prec=98.386
Train Client1 [22/50] LR=0.0002500 loss=0.151 ACC=97.917 F1=97.917 Rec=97.917 Prec=97.917
Train Client2 [22/50] LR=0.0002500 loss=0.068 ACC=99.190 F1=99.190 Rec=99.190 Prec=99.190
Train Client3 [22/50] LR=0.0002500 loss=0.076 ACC=98.843 F1=98.843 Rec=98.843 Prec=98.843
Train Client4 [22/50] LR=0.0002500 loss=0.101 ACC=98.715 F1=98.713 Rec=98.713 Prec=98.714
Train Client5 [22/50] LR=0.0002500 loss=0.274 ACC=97.780 F1=97.786 Rec=97.779 Prec=97.810
Train Client6 [22/50] LR=0.0002500 loss=0.089 ACC=98.481 F1=98.482 Rec=98.483 Prec=98.491
Train Client7 [22/50] LR=0.0002500 loss=0.071 ACC=98.598 F1=98.599 Rec=98.599 Prec=98.602

Val    [22/50] LR=0.0002500 loss=1.105 ACC=99.333 F1=99.333 Rec=99.333 Prec=99.346

Test-  OSR [22/50] LR=0.0002500 ACC=37.357 F1=43.158 Rec=74.714 Prec=31.136 UNK=0.000 OS*=99.619 HOS=0.000 AUROC=54.412 AUPR=71.242 OSCR=54.404
Test-Close [22/50] LR=0.0002500 loss=1.098 ACC=99.619 F1=99.619 Rec=99.619 Prec=99.623
>> New learning Rate: 0.000125
Train Client0 [23/50] LR=0.0001250 loss=0.036 ACC=99.421 F1=99.421 Rec=99.421 Prec=99.422
Train Client1 [23/50] LR=0.0001250 loss=0.065 ACC=99.074 F1=99.073 Rec=99.074 Prec=99.074
Train Client2 [23/50] LR=0.0001250 loss=0.073 ACC=99.074 F1=99.074 Rec=99.074 Prec=99.074
Train Client3 [23/50] LR=0.0001250 loss=0.117 ACC=98.611 F1=98.611 Rec=98.611 Prec=98.617
Train Client4 [23/50] LR=0.0001250 loss=0.056 ACC=99.416 F1=99.415 Rec=99.415 Prec=99.416
Train Client5 [23/50] LR=0.0001250 loss=0.072 ACC=99.065 F1=99.064 Rec=99.065 Prec=99.065
Train Client6 [23/50] LR=0.0001250 loss=0.063 ACC=99.182 F1=99.183 Rec=99.185 Prec=99.185
Train Client7 [23/50] LR=0.0001250 loss=0.023 ACC=99.533 F1=99.532 Rec=99.532 Prec=99.534

Val    [23/50] LR=0.0001250 loss=1.099 ACC=99.429 F1=99.429 Rec=99.429 Prec=99.429

Test-  OSR [23/50] LR=0.0001250 ACC=37.429 F1=43.329 Rec=74.857 Prec=31.357 UNK=0.000 OS*=99.810 HOS=0.000 AUROC=57.977 AUPR=73.518 OSCR=58.030
Test-Close [23/50] LR=0.0001250 loss=1.092 ACC=99.810 F1=99.810 Rec=99.810 Prec=99.811
Train Client0 [24/50] LR=0.0001250 loss=0.051 ACC=99.074 F1=99.074 Rec=99.074 Prec=99.076
Train Client1 [24/50] LR=0.0001250 loss=0.080 ACC=99.074 F1=99.074 Rec=99.074 Prec=99.076
Train Client2 [24/50] LR=0.0001250 loss=0.021 ACC=99.769 F1=99.769 Rec=99.769 Prec=99.770
Train Client3 [24/50] LR=0.0001250 loss=0.091 ACC=98.958 F1=98.958 Rec=98.958 Prec=98.959
Train Client4 [24/50] LR=0.0001250 loss=0.037 ACC=99.299 F1=99.298 Rec=99.298 Prec=99.298
Train Client5 [24/50] LR=0.0001250 loss=0.035 ACC=99.533 F1=99.532 Rec=99.533 Prec=99.533
Train Client6 [24/50] LR=0.0001250 loss=0.084 ACC=98.949 F1=98.947 Rec=98.949 Prec=98.949
Train Client7 [24/50] LR=0.0001250 loss=0.049 ACC=99.416 F1=99.416 Rec=99.416 Prec=99.417

Val    [24/50] LR=0.0001250 loss=1.103 ACC=99.524 F1=99.524 Rec=99.524 Prec=99.526

Test-  OSR [24/50] LR=0.0001250 ACC=37.393 F1=43.179 Rec=74.786 Prec=31.137 UNK=0.000 OS*=99.714 HOS=0.000 AUROC=59.023 AUPR=73.395 OSCR=59.080
Test-Close [24/50] LR=0.0001250 loss=1.095 ACC=99.714 F1=99.714 Rec=99.714 Prec=99.717
Train Client0 [25/50] LR=0.0001250 loss=0.094 ACC=98.611 F1=98.611 Rec=98.611 Prec=98.613
Train Client1 [25/50] LR=0.0001250 loss=0.038 ACC=99.537 F1=99.537 Rec=99.537 Prec=99.539
Train Client2 [25/50] LR=0.0001250 loss=0.051 ACC=99.306 F1=99.306 Rec=99.306 Prec=99.307
Train Client3 [25/50] LR=0.0001250 loss=0.101 ACC=99.074 F1=99.074 Rec=99.074 Prec=99.076
Train Client4 [25/50] LR=0.0001250 loss=0.074 ACC=99.065 F1=99.066 Rec=99.066 Prec=99.066
Train Client5 [25/50] LR=0.0001250 loss=0.052 ACC=99.416 F1=99.415 Rec=99.414 Prec=99.416
Train Client6 [25/50] LR=0.0001250 loss=0.050 ACC=99.299 F1=99.298 Rec=99.297 Prec=99.306
Train Client7 [25/50] LR=0.0001250 loss=0.044 ACC=99.416 F1=99.416 Rec=99.415 Prec=99.427

Val    [25/50] LR=0.0001250 loss=1.101 ACC=99.524 F1=99.524 Rec=99.524 Prec=99.524

Test-  OSR [25/50] LR=0.0001250 ACC=37.429 F1=43.459 Rec=74.857 Prec=31.570 UNK=0.000 OS*=99.810 HOS=0.000 AUROC=55.467 AUPR=70.049 OSCR=55.322
Test-Close [25/50] LR=0.0001250 loss=1.097 ACC=99.810 F1=99.810 Rec=99.810 Prec=99.810
Saving model at epoch 25 . . . . . . . .

Train Client0 [26/50] LR=0.0001250 loss=0.061 ACC=99.306 F1=99.306 Rec=99.306 Prec=99.312
Train Client1 [26/50] LR=0.0001250 loss=0.063 ACC=98.843 F1=98.843 Rec=98.843 Prec=98.843
Train Client2 [26/50] LR=0.0001250 loss=0.010 ACC=99.769 F1=99.769 Rec=99.769 Prec=99.770
Train Client3 [26/50] LR=0.0001250 loss=0.081 ACC=98.958 F1=98.958 Rec=98.958 Prec=98.959
Train Client4 [26/50] LR=0.0001250 loss=0.202 ACC=98.715 F1=98.719 Rec=98.715 Prec=98.725
Train Client5 [26/50] LR=0.0001250 loss=0.066 ACC=99.182 F1=99.183 Rec=99.183 Prec=99.183
Train Client6 [26/50] LR=0.0001250 loss=0.033 ACC=99.650 F1=99.650 Rec=99.651 Prec=99.650
Train Client7 [26/50] LR=0.0001250 loss=0.142 ACC=98.949 F1=98.947 Rec=98.947 Prec=98.947

Val    [26/50] LR=0.0001250 loss=1.101 ACC=99.524 F1=99.524 Rec=99.524 Prec=99.524

Test-  OSR [26/50] LR=0.0001250 ACC=37.393 F1=43.427 Rec=74.786 Prec=31.547 UNK=0.000 OS*=99.714 HOS=0.000 AUROC=58.869 AUPR=71.687 OSCR=59.279
Test-Close [26/50] LR=0.0001250 loss=1.098 ACC=99.714 F1=99.714 Rec=99.714 Prec=99.715
Train Client0 [27/50] LR=0.0001250 loss=0.024 ACC=99.653 F1=99.653 Rec=99.653 Prec=99.653
Train Client1 [27/50] LR=0.0001250 loss=0.038 ACC=99.306 F1=99.306 Rec=99.306 Prec=99.306
Train Client2 [27/50] LR=0.0001250 loss=0.024 ACC=99.421 F1=99.421 Rec=99.421 Prec=99.422
Train Client3 [27/50] LR=0.0001250 loss=0.080 ACC=99.074 F1=99.074 Rec=99.074 Prec=99.080
Train Client4 [27/50] LR=0.0001250 loss=0.061 ACC=99.299 F1=99.302 Rec=99.302 Prec=99.304
Train Client5 [27/50] LR=0.0001250 loss=0.052 ACC=99.416 F1=99.414 Rec=99.414 Prec=99.415
Train Client6 [27/50] LR=0.0001250 loss=0.097 ACC=99.182 F1=99.183 Rec=99.183 Prec=99.183
Train Client7 [27/50] LR=0.0001250 loss=0.064 ACC=99.416 F1=99.415 Rec=99.413 Prec=99.421

Val    [27/50] LR=0.0001250 loss=1.101 ACC=99.524 F1=99.524 Rec=99.524 Prec=99.524

Test-  OSR [27/50] LR=0.0001250 ACC=37.429 F1=43.342 Rec=74.857 Prec=31.351 UNK=0.000 OS*=99.810 HOS=0.000 AUROC=56.606 AUPR=70.412 OSCR=56.477
Test-Close [27/50] LR=0.0001250 loss=1.097 ACC=99.810 F1=99.810 Rec=99.810 Prec=99.811
Train Client0 [28/50] LR=0.0001250 loss=0.057 ACC=99.190 F1=99.190 Rec=99.190 Prec=99.190
Train Client1 [28/50] LR=0.0001250 loss=0.033 ACC=99.537 F1=99.537 Rec=99.537 Prec=99.539
Train Client2 [28/50] LR=0.0001250 loss=0.027 ACC=99.884 F1=99.884 Rec=99.884 Prec=99.885
Train Client3 [28/50] LR=0.0001250 loss=0.076 ACC=99.190 F1=99.190 Rec=99.190 Prec=99.193
Train Client4 [28/50] LR=0.0001250 loss=0.050 ACC=99.182 F1=99.181 Rec=99.181 Prec=99.182
Train Client5 [28/50] LR=0.0001250 loss=0.028 ACC=99.533 F1=99.533 Rec=99.533 Prec=99.534
Train Client6 [28/50] LR=0.0001250 loss=0.038 ACC=99.065 F1=99.066 Rec=99.066 Prec=99.066
Train Client7 [28/50] LR=0.0001250 loss=0.064 ACC=99.299 F1=99.298 Rec=99.298 Prec=99.298

Val    [28/50] LR=0.0001250 loss=1.100 ACC=99.524 F1=99.524 Rec=99.524 Prec=99.524

Test-  OSR [28/50] LR=0.0001250 ACC=37.464 F1=43.499 Rec=74.929 Prec=31.582 UNK=0.000 OS*=99.905 HOS=0.000 AUROC=56.481 AUPR=71.092 OSCR=57.593
Test-Close [28/50] LR=0.0001250 loss=1.096 ACC=99.905 F1=99.905 Rec=99.905 Prec=99.905
Train Client0 [29/50] LR=0.0001250 loss=0.045 ACC=99.421 F1=99.421 Rec=99.421 Prec=99.422
Train Client1 [29/50] LR=0.0001250 loss=0.033 ACC=99.421 F1=99.421 Rec=99.421 Prec=99.422
Train Client2 [29/50] LR=0.0001250 loss=0.027 ACC=99.537 F1=99.537 Rec=99.537 Prec=99.539
Train Client3 [29/50] LR=0.0001250 loss=0.086 ACC=99.190 F1=99.190 Rec=99.190 Prec=99.193
Train Client4 [29/50] LR=0.0001250 loss=0.057 ACC=99.650 F1=99.650 Rec=99.650 Prec=99.650
Train Client5 [29/50] LR=0.0001250 loss=0.057 ACC=99.299 F1=99.302 Rec=99.302 Prec=99.302
Train Client6 [29/50] LR=0.0001250 loss=0.050 ACC=99.299 F1=99.298 Rec=99.298 Prec=99.300
Train Client7 [29/50] LR=0.0001250 loss=0.064 ACC=99.299 F1=99.299 Rec=99.298 Prec=99.302

Val    [29/50] LR=0.0001250 loss=1.100 ACC=99.524 F1=99.524 Rec=99.524 Prec=99.524

Test-  OSR [29/50] LR=0.0001250 ACC=37.429 F1=43.380 Rec=74.857 Prec=31.416 UNK=0.000 OS*=99.810 HOS=0.000 AUROC=55.545 AUPR=70.163 OSCR=57.185
Test-Close [29/50] LR=0.0001250 loss=1.095 ACC=99.810 F1=99.810 Rec=99.810 Prec=99.811
Train Client0 [30/50] LR=0.0001250 loss=0.081 ACC=99.074 F1=99.074 Rec=99.074 Prec=99.074
Train Client1 [30/50] LR=0.0001250 loss=0.080 ACC=99.421 F1=99.421 Rec=99.421 Prec=99.421
Train Client2 [30/50] LR=0.0001250 loss=0.034 ACC=99.884 F1=99.884 Rec=99.884 Prec=99.885
Train Client3 [30/50] LR=0.0001250 loss=0.069 ACC=98.843 F1=98.842 Rec=98.843 Prec=98.857
Train Client4 [30/50] LR=0.0001250 loss=0.063 ACC=99.182 F1=99.183 Rec=99.182 Prec=99.187
Train Client5 [30/50] LR=0.0001250 loss=0.046 ACC=99.533 F1=99.535 Rec=99.535 Prec=99.536
Train Client6 [30/50] LR=0.0001250 loss=0.068 ACC=98.949 F1=98.945 Rec=98.944 Prec=98.951
Train Client7 [30/50] LR=0.0001250 loss=0.054 ACC=99.299 F1=99.301 Rec=99.301 Prec=99.302

Val    [30/50] LR=0.0001250 loss=1.102 ACC=99.524 F1=99.524 Rec=99.524 Prec=99.524

Test-  OSR [30/50] LR=0.0001250 ACC=37.357 F1=43.299 Rec=74.714 Prec=31.365 UNK=0.000 OS*=99.619 HOS=0.000 AUROC=54.451 AUPR=70.325 OSCR=53.281
Test-Close [30/50] LR=0.0001250 loss=1.099 ACC=99.619 F1=99.619 Rec=99.619 Prec=99.623
Saving model at epoch 30 . . . . . . . .

Train Client0 [31/50] LR=0.0001250 loss=0.047 ACC=99.537 F1=99.537 Rec=99.537 Prec=99.537
Train Client1 [31/50] LR=0.0001250 loss=0.138 ACC=99.074 F1=99.074 Rec=99.074 Prec=99.080
Train Client2 [31/50] LR=0.0001250 loss=0.030 ACC=99.537 F1=99.537 Rec=99.537 Prec=99.543
Train Client3 [31/50] LR=0.0001250 loss=0.086 ACC=98.958 F1=98.958 Rec=98.958 Prec=98.959
Train Client4 [31/50] LR=0.0001250 loss=0.095 ACC=98.832 F1=98.832 Rec=98.832 Prec=98.834
Train Client5 [31/50] LR=0.0001250 loss=0.053 ACC=99.182 F1=99.183 Rec=99.183 Prec=99.183
Train Client6 [31/50] LR=0.0001250 loss=0.067 ACC=98.949 F1=98.949 Rec=98.948 Prec=98.950
Train Client7 [31/50] LR=0.0001250 loss=0.049 ACC=99.299 F1=99.299 Rec=99.300 Prec=99.301

Val    [31/50] LR=0.0001250 loss=1.103 ACC=99.619 F1=99.619 Rec=99.619 Prec=99.620

Test-  OSR [31/50] LR=0.0001250 ACC=37.357 F1=43.237 Rec=74.714 Prec=31.261 UNK=0.000 OS*=99.619 HOS=0.000 AUROC=56.535 AUPR=71.672 OSCR=58.309
Test-Close [31/50] LR=0.0001250 loss=1.097 ACC=99.619 F1=99.619 Rec=99.619 Prec=99.623
Train Client0 [32/50] LR=0.0001250 loss=0.037 ACC=99.653 F1=99.653 Rec=99.653 Prec=99.653
Train Client1 [32/50] LR=0.0001250 loss=0.048 ACC=99.421 F1=99.421 Rec=99.421 Prec=99.422
Train Client2 [32/50] LR=0.0001250 loss=0.026 ACC=99.769 F1=99.769 Rec=99.769 Prec=99.770
Train Client3 [32/50] LR=0.0001250 loss=0.067 ACC=99.190 F1=99.190 Rec=99.190 Prec=99.193
Train Client4 [32/50] LR=0.0001250 loss=0.058 ACC=99.416 F1=99.416 Rec=99.416 Prec=99.420
Train Client5 [32/50] LR=0.0001250 loss=0.066 ACC=99.416 F1=99.415 Rec=99.415 Prec=99.419
Train Client6 [32/50] LR=0.0001250 loss=0.057 ACC=99.299 F1=99.301 Rec=99.301 Prec=99.307
Train Client7 [32/50] LR=0.0001250 loss=0.064 ACC=99.065 F1=99.064 Rec=99.064 Prec=99.066

Val    [32/50] LR=0.0001250 loss=1.103 ACC=99.429 F1=99.429 Rec=99.429 Prec=99.430

Test-  OSR [32/50] LR=0.0001250 ACC=37.357 F1=43.262 Rec=74.714 Prec=31.309 UNK=0.000 OS*=99.619 HOS=0.000 AUROC=57.553 AUPR=73.062 OSCR=56.242
Test-Close [32/50] LR=0.0001250 loss=1.099 ACC=99.619 F1=99.619 Rec=99.619 Prec=99.623
Train Client0 [33/50] LR=0.0001250 loss=0.029 ACC=99.653 F1=99.653 Rec=99.653 Prec=99.656
Train Client1 [33/50] LR=0.0001250 loss=0.050 ACC=99.190 F1=99.190 Rec=99.190 Prec=99.190
Train Client2 [33/50] LR=0.0001250 loss=0.001 ACC=100.000 F1=100.000 Rec=100.000 Prec=100.000
Train Client3 [33/50] LR=0.0001250 loss=0.056 ACC=99.306 F1=99.306 Rec=99.306 Prec=99.306
Train Client4 [33/50] LR=0.0001250 loss=0.090 ACC=98.832 F1=98.830 Rec=98.830 Prec=98.830
Train Client5 [33/50] LR=0.0001250 loss=0.044 ACC=99.182 F1=99.186 Rec=99.185 Prec=99.190
Train Client6 [33/50] LR=0.0001250 loss=0.059 ACC=99.416 F1=99.416 Rec=99.416 Prec=99.420
Train Client7 [33/50] LR=0.0001250 loss=0.048 ACC=99.416 F1=99.414 Rec=99.412 Prec=99.420

Val    [33/50] LR=0.0001250 loss=1.108 ACC=99.429 F1=99.429 Rec=99.429 Prec=99.433

Test-  OSR [33/50] LR=0.0001250 ACC=37.357 F1=43.173 Rec=74.714 Prec=31.156 UNK=0.000 OS*=99.619 HOS=0.000 AUROC=55.831 AUPR=71.676 OSCR=54.367
Test-Close [33/50] LR=0.0001250 loss=1.102 ACC=99.619 F1=99.619 Rec=99.619 Prec=99.623
Train Client0 [34/50] LR=0.0001250 loss=0.223 ACC=99.190 F1=99.191 Rec=99.190 Prec=99.194
Train Client1 [34/50] LR=0.0001250 loss=0.050 ACC=99.537 F1=99.537 Rec=99.537 Prec=99.539
Train Client2 [34/50] LR=0.0001250 loss=0.032 ACC=99.421 F1=99.422 Rec=99.421 Prec=99.423
Train Client3 [34/50] LR=0.0001250 loss=0.092 ACC=99.306 F1=99.306 Rec=99.306 Prec=99.312
Train Client4 [34/50] LR=0.0001250 loss=0.066 ACC=99.299 F1=99.298 Rec=99.298 Prec=99.300
Train Client5 [34/50] LR=0.0001250 loss=0.035 ACC=99.766 F1=99.766 Rec=99.766 Prec=99.766
Train Client6 [34/50] LR=0.0001250 loss=0.053 ACC=99.299 F1=99.298 Rec=99.297 Prec=99.301
Train Client7 [34/50] LR=0.0001250 loss=0.038 ACC=99.650 F1=99.649 Rec=99.648 Prec=99.654

Val    [34/50] LR=0.0001250 loss=1.105 ACC=99.429 F1=99.429 Rec=99.429 Prec=99.430

Test-  OSR [34/50] LR=0.0001250 ACC=37.429 F1=43.376 Rec=74.857 Prec=31.426 UNK=0.000 OS*=99.810 HOS=0.000 AUROC=58.039 AUPR=72.543 OSCR=59.331
Test-Close [34/50] LR=0.0001250 loss=1.098 ACC=99.810 F1=99.810 Rec=99.810 Prec=99.811
>> New learning Rate: 6.25e-05
Train Client0 [35/50] LR=0.0000625 loss=0.076 ACC=99.190 F1=99.190 Rec=99.190 Prec=99.192
Train Client1 [35/50] LR=0.0000625 loss=0.038 ACC=99.653 F1=99.653 Rec=99.653 Prec=99.653
Train Client2 [35/50] LR=0.0000625 loss=0.014 ACC=99.537 F1=99.537 Rec=99.537 Prec=99.539
Train Client3 [35/50] LR=0.0000625 loss=0.070 ACC=99.306 F1=99.306 Rec=99.306 Prec=99.307
Train Client4 [35/50] LR=0.0000625 loss=0.045 ACC=99.416 F1=99.416 Rec=99.417 Prec=99.419
Train Client5 [35/50] LR=0.0000625 loss=0.029 ACC=99.533 F1=99.534 Rec=99.534 Prec=99.534
Train Client6 [35/50] LR=0.0000625 loss=0.041 ACC=99.416 F1=99.414 Rec=99.414 Prec=99.415
Train Client7 [35/50] LR=0.0000625 loss=0.068 ACC=99.182 F1=99.183 Rec=99.184 Prec=99.192

Val    [35/50] LR=0.0000625 loss=1.104 ACC=99.524 F1=99.524 Rec=99.524 Prec=99.524

Test-  OSR [35/50] LR=0.0000625 ACC=37.429 F1=43.362 Rec=74.857 Prec=31.414 UNK=0.000 OS*=99.810 HOS=0.000 AUROC=58.288 AUPR=72.830 OSCR=57.028
Test-Close [35/50] LR=0.0000625 loss=1.097 ACC=99.810 F1=99.810 Rec=99.810 Prec=99.811
Saving model at epoch 35 . . . . . . . .

Train Client0 [36/50] LR=0.0000625 loss=0.033 ACC=99.653 F1=99.653 Rec=99.653 Prec=99.653
Train Client1 [36/50] LR=0.0000625 loss=0.056 ACC=99.306 F1=99.306 Rec=99.306 Prec=99.306
Train Client2 [36/50] LR=0.0000625 loss=0.014 ACC=99.769 F1=99.769 Rec=99.769 Prec=99.769
Train Client3 [36/50] LR=0.0000625 loss=0.068 ACC=99.306 F1=99.306 Rec=99.306 Prec=99.312
Train Client4 [36/50] LR=0.0000625 loss=0.020 ACC=99.650 F1=99.649 Rec=99.649 Prec=99.650
Train Client5 [36/50] LR=0.0000625 loss=0.011 ACC=99.766 F1=99.766 Rec=99.768 Prec=99.767
Train Client6 [36/50] LR=0.0000625 loss=0.042 ACC=99.533 F1=99.532 Rec=99.534 Prec=99.532
Train Client7 [36/50] LR=0.0000625 loss=0.026 ACC=99.650 F1=99.649 Rec=99.649 Prec=99.653

Val    [36/50] LR=0.0000625 loss=1.104 ACC=99.619 F1=99.619 Rec=99.619 Prec=99.619

Test-  OSR [36/50] LR=0.0000625 ACC=37.393 F1=43.409 Rec=74.786 Prec=31.542 UNK=0.000 OS*=99.714 HOS=0.000 AUROC=60.129 AUPR=73.884 OSCR=59.127
Test-Close [36/50] LR=0.0000625 loss=1.097 ACC=99.714 F1=99.714 Rec=99.714 Prec=99.715
Train Client0 [37/50] LR=0.0000625 loss=0.021 ACC=99.884 F1=99.884 Rec=99.884 Prec=99.885
Train Client1 [37/50] LR=0.0000625 loss=0.048 ACC=99.421 F1=99.421 Rec=99.421 Prec=99.425
Train Client2 [37/50] LR=0.0000625 loss=0.004 ACC=99.884 F1=99.884 Rec=99.884 Prec=99.885
Train Client3 [37/50] LR=0.0000625 loss=0.068 ACC=99.190 F1=99.190 Rec=99.190 Prec=99.193
Train Client4 [37/50] LR=0.0000625 loss=0.043 ACC=99.533 F1=99.531 Rec=99.531 Prec=99.533
Train Client5 [37/50] LR=0.0000625 loss=0.041 ACC=99.650 F1=99.650 Rec=99.650 Prec=99.650
Train Client6 [37/50] LR=0.0000625 loss=0.125 ACC=99.416 F1=99.418 Rec=99.418 Prec=99.418
Train Client7 [37/50] LR=0.0000625 loss=0.027 ACC=99.650 F1=99.650 Rec=99.649 Prec=99.654

Val    [37/50] LR=0.0000625 loss=1.105 ACC=99.429 F1=99.429 Rec=99.429 Prec=99.430

Test-  OSR [37/50] LR=0.0000625 ACC=37.429 F1=43.376 Rec=74.857 Prec=31.426 UNK=0.000 OS*=99.810 HOS=0.000 AUROC=59.406 AUPR=73.922 OSCR=58.282
Test-Close [37/50] LR=0.0000625 loss=1.097 ACC=99.810 F1=99.810 Rec=99.810 Prec=99.811
Train Client0 [38/50] LR=0.0000625 loss=0.033 ACC=99.653 F1=99.653 Rec=99.653 Prec=99.653
Train Client1 [38/50] LR=0.0000625 loss=0.037 ACC=99.421 F1=99.421 Rec=99.421 Prec=99.422
Train Client2 [38/50] LR=0.0000625 loss=0.009 ACC=99.884 F1=99.884 Rec=99.884 Prec=99.885
Train Client3 [38/50] LR=0.0000625 loss=0.067 ACC=99.074 F1=99.074 Rec=99.074 Prec=99.074
Train Client4 [38/50] LR=0.0000625 loss=0.036 ACC=99.416 F1=99.415 Rec=99.415 Prec=99.416
Train Client5 [38/50] LR=0.0000625 loss=0.038 ACC=99.650 F1=99.650 Rec=99.650 Prec=99.650
Train Client6 [38/50] LR=0.0000625 loss=0.035 ACC=99.416 F1=99.415 Rec=99.415 Prec=99.416
Train Client7 [38/50] LR=0.0000625 loss=0.069 ACC=99.299 F1=99.298 Rec=99.297 Prec=99.308

Val    [38/50] LR=0.0000625 loss=1.104 ACC=99.524 F1=99.524 Rec=99.524 Prec=99.524

Test-  OSR [38/50] LR=0.0000625 ACC=37.429 F1=43.466 Rec=74.857 Prec=31.580 UNK=0.000 OS*=99.810 HOS=0.000 AUROC=58.294 AUPR=73.023 OSCR=58.666
Test-Close [38/50] LR=0.0000625 loss=1.097 ACC=99.810 F1=99.810 Rec=99.810 Prec=99.811
Train Client0 [39/50] LR=0.0000625 loss=0.060 ACC=99.306 F1=99.306 Rec=99.306 Prec=99.307
Train Client1 [39/50] LR=0.0000625 loss=0.046 ACC=99.421 F1=99.421 Rec=99.421 Prec=99.422
Train Client2 [39/50] LR=0.0000625 loss=0.013 ACC=99.884 F1=99.884 Rec=99.884 Prec=99.885
Train Client3 [39/50] LR=0.0000625 loss=0.053 ACC=99.421 F1=99.421 Rec=99.421 Prec=99.422
Train Client4 [39/50] LR=0.0000625 loss=0.086 ACC=99.299 F1=99.299 Rec=99.300 Prec=99.301
Train Client5 [39/50] LR=0.0000625 loss=0.046 ACC=99.533 F1=99.532 Rec=99.532 Prec=99.532
Train Client6 [39/50] LR=0.0000625 loss=0.063 ACC=99.416 F1=99.415 Rec=99.414 Prec=99.416
Train Client7 [39/50] LR=0.0000625 loss=0.011 ACC=99.766 F1=99.766 Rec=99.766 Prec=99.768

Val    [39/50] LR=0.0000625 loss=1.104 ACC=99.524 F1=99.524 Rec=99.524 Prec=99.524

Test-  OSR [39/50] LR=0.0000625 ACC=37.429 F1=43.503 Rec=74.857 Prec=31.640 UNK=0.000 OS*=99.810 HOS=0.000 AUROC=58.041 AUPR=72.549 OSCR=56.377
Test-Close [39/50] LR=0.0000625 loss=1.098 ACC=99.810 F1=99.810 Rec=99.810 Prec=99.811
Train Client0 [40/50] LR=0.0000625 loss=0.032 ACC=99.421 F1=99.421 Rec=99.421 Prec=99.425
Train Client1 [40/50] LR=0.0000625 loss=0.046 ACC=99.537 F1=99.537 Rec=99.537 Prec=99.539
Train Client2 [40/50] LR=0.0000625 loss=0.026 ACC=99.769 F1=99.769 Rec=99.769 Prec=99.770
Train Client3 [40/50] LR=0.0000625 loss=0.046 ACC=99.537 F1=99.537 Rec=99.537 Prec=99.539
Train Client4 [40/50] LR=0.0000625 loss=0.029 ACC=99.766 F1=99.766 Rec=99.767 Prec=99.768
Train Client5 [40/50] LR=0.0000625 loss=0.035 ACC=99.533 F1=99.533 Rec=99.533 Prec=99.533
Train Client6 [40/50] LR=0.0000625 loss=0.012 ACC=99.883 F1=99.883 Rec=99.883 Prec=99.884
Train Client7 [40/50] LR=0.0000625 loss=0.020 ACC=99.766 F1=99.766 Rec=99.765 Prec=99.769

Val    [40/50] LR=0.0000625 loss=1.103 ACC=99.619 F1=99.619 Rec=99.619 Prec=99.619

Test-  OSR [40/50] LR=0.0000625 ACC=37.429 F1=43.614 Rec=74.857 Prec=31.840 UNK=0.000 OS*=99.810 HOS=0.000 AUROC=58.460 AUPR=72.416 OSCR=56.237
Test-Close [40/50] LR=0.0000625 loss=1.098 ACC=99.810 F1=99.810 Rec=99.810 Prec=99.810
Saving model at epoch 40 . . . . . . . .

Train Client0 [41/50] LR=0.0000625 loss=0.036 ACC=99.537 F1=99.537 Rec=99.537 Prec=99.537
Train Client1 [41/50] LR=0.0000625 loss=0.066 ACC=99.537 F1=99.537 Rec=99.537 Prec=99.539
Train Client2 [41/50] LR=0.0000625 loss=0.220 ACC=99.537 F1=99.537 Rec=99.537 Prec=99.540
Train Client3 [41/50] LR=0.0000625 loss=0.037 ACC=99.537 F1=99.537 Rec=99.537 Prec=99.539
Train Client4 [41/50] LR=0.0000625 loss=0.041 ACC=99.533 F1=99.533 Rec=99.532 Prec=99.536
Train Client5 [41/50] LR=0.0000625 loss=0.031 ACC=99.766 F1=99.766 Rec=99.766 Prec=99.766
Train Client6 [41/50] LR=0.0000625 loss=0.011 ACC=99.766 F1=99.767 Rec=99.767 Prec=99.767
Train Client7 [41/50] LR=0.0000625 loss=0.039 ACC=99.416 F1=99.415 Rec=99.413 Prec=99.421

Val    [41/50] LR=0.0000625 loss=1.104 ACC=99.524 F1=99.524 Rec=99.524 Prec=99.524

Test-  OSR [41/50] LR=0.0000625 ACC=37.393 F1=43.521 Rec=74.786 Prec=31.723 UNK=0.000 OS*=99.714 HOS=0.000 AUROC=57.792 AUPR=72.050 OSCR=60.266
Test-Close [41/50] LR=0.0000625 loss=1.098 ACC=99.714 F1=99.714 Rec=99.714 Prec=99.715
Train Client0 [42/50] LR=0.0000625 loss=0.014 ACC=99.769 F1=99.769 Rec=99.769 Prec=99.770
Train Client1 [42/50] LR=0.0000625 loss=0.011 ACC=99.769 F1=99.769 Rec=99.769 Prec=99.769
Train Client2 [42/50] LR=0.0000625 loss=0.026 ACC=99.884 F1=99.884 Rec=99.884 Prec=99.885
Train Client3 [42/50] LR=0.0000625 loss=0.063 ACC=99.190 F1=99.190 Rec=99.190 Prec=99.190
Train Client4 [42/50] LR=0.0000625 loss=0.049 ACC=99.533 F1=99.534 Rec=99.534 Prec=99.534
Train Client5 [42/50] LR=0.0000625 loss=0.040 ACC=99.650 F1=99.649 Rec=99.650 Prec=99.649
Train Client6 [42/50] LR=0.0000625 loss=0.028 ACC=99.650 F1=99.650 Rec=99.650 Prec=99.650
Train Client7 [42/50] LR=0.0000625 loss=0.030 ACC=99.650 F1=99.650 Rec=99.650 Prec=99.650

Val    [42/50] LR=0.0000625 loss=1.103 ACC=99.524 F1=99.524 Rec=99.524 Prec=99.524

Test-  OSR [42/50] LR=0.0000625 ACC=37.429 F1=43.427 Rec=74.857 Prec=31.513 UNK=0.000 OS*=99.810 HOS=0.000 AUROC=60.736 AUPR=74.980 OSCR=59.003
Test-Close [42/50] LR=0.0000625 loss=1.098 ACC=99.810 F1=99.810 Rec=99.810 Prec=99.811
Train Client0 [43/50] LR=0.0000625 loss=0.050 ACC=99.306 F1=99.306 Rec=99.306 Prec=99.306
Train Client1 [43/50] LR=0.0000625 loss=0.067 ACC=99.306 F1=99.305 Rec=99.306 Prec=99.306
Train Client2 [43/50] LR=0.0000625 loss=0.012 ACC=99.769 F1=99.769 Rec=99.769 Prec=99.769
Train Client3 [43/50] LR=0.0000625 loss=0.069 ACC=99.421 F1=99.421 Rec=99.421 Prec=99.423
Train Client4 [43/50] LR=0.0000625 loss=0.041 ACC=99.533 F1=99.532 Rec=99.533 Prec=99.533
Train Client5 [43/50] LR=0.0000625 loss=0.063 ACC=99.182 F1=99.183 Rec=99.183 Prec=99.186
Train Client6 [43/50] LR=0.0000625 loss=0.053 ACC=99.533 F1=99.533 Rec=99.534 Prec=99.533
Train Client7 [43/50] LR=0.0000625 loss=0.067 ACC=99.416 F1=99.414 Rec=99.414 Prec=99.415

Val    [43/50] LR=0.0000625 loss=1.103 ACC=99.524 F1=99.524 Rec=99.524 Prec=99.524

Test-  OSR [43/50] LR=0.0000625 ACC=37.429 F1=43.485 Rec=74.857 Prec=31.609 UNK=0.000 OS*=99.810 HOS=0.000 AUROC=57.714 AUPR=71.926 OSCR=55.601
Test-Close [43/50] LR=0.0000625 loss=1.097 ACC=99.810 F1=99.810 Rec=99.810 Prec=99.811
Train Client0 [44/50] LR=0.0000625 loss=0.024 ACC=99.306 F1=99.306 Rec=99.306 Prec=99.306
Train Client1 [44/50] LR=0.0000625 loss=0.039 ACC=99.537 F1=99.537 Rec=99.537 Prec=99.539
Train Client2 [44/50] LR=0.0000625 loss=0.005 ACC=99.769 F1=99.769 Rec=99.769 Prec=99.769
Train Client3 [44/50] LR=0.0000625 loss=0.047 ACC=99.421 F1=99.421 Rec=99.421 Prec=99.425
Train Client4 [44/50] LR=0.0000625 loss=0.071 ACC=99.650 F1=99.651 Rec=99.651 Prec=99.652
Train Client5 [44/50] LR=0.0000625 loss=0.021 ACC=99.533 F1=99.533 Rec=99.533 Prec=99.533
Train Client6 [44/50] LR=0.0000625 loss=0.015 ACC=99.766 F1=99.767 Rec=99.767 Prec=99.769
Train Client7 [44/50] LR=0.0000625 loss=0.015 ACC=99.883 F1=99.883 Rec=99.883 Prec=99.883

Val    [44/50] LR=0.0000625 loss=1.105 ACC=99.619 F1=99.619 Rec=99.619 Prec=99.619

Test-  OSR [44/50] LR=0.0000625 ACC=37.464 F1=43.566 Rec=74.929 Prec=31.702 UNK=0.000 OS*=99.905 HOS=0.000 AUROC=58.993 AUPR=72.635 OSCR=57.277
Test-Close [44/50] LR=0.0000625 loss=1.098 ACC=99.905 F1=99.905 Rec=99.905 Prec=99.905
Train Client0 [45/50] LR=0.0000625 loss=0.052 ACC=99.306 F1=99.306 Rec=99.306 Prec=99.307
Train Client1 [45/50] LR=0.0000625 loss=0.010 ACC=99.884 F1=99.884 Rec=99.884 Prec=99.885
Train Client2 [45/50] LR=0.0000625 loss=0.016 ACC=99.884 F1=99.884 Rec=99.884 Prec=99.885
Train Client3 [45/50] LR=0.0000625 loss=0.049 ACC=99.421 F1=99.421 Rec=99.421 Prec=99.422
Train Client4 [45/50] LR=0.0000625 loss=0.060 ACC=99.533 F1=99.531 Rec=99.531 Prec=99.531
Train Client5 [45/50] LR=0.0000625 loss=0.018 ACC=99.533 F1=99.531 Rec=99.531 Prec=99.531
Train Client6 [45/50] LR=0.0000625 loss=0.029 ACC=99.533 F1=99.532 Rec=99.532 Prec=99.534
Train Client7 [45/50] LR=0.0000625 loss=0.026 ACC=99.650 F1=99.650 Rec=99.650 Prec=99.653

Val    [45/50] LR=0.0000625 loss=1.106 ACC=99.524 F1=99.524 Rec=99.524 Prec=99.524

Test-  OSR [45/50] LR=0.0000625 ACC=37.429 F1=43.425 Rec=74.857 Prec=31.492 UNK=0.000 OS*=99.810 HOS=0.000 AUROC=58.433 AUPR=72.645 OSCR=58.839
Test-Close [45/50] LR=0.0000625 loss=1.100 ACC=99.810 F1=99.810 Rec=99.810 Prec=99.811
Saving model at epoch 45 . . . . . . . .

Train Client0 [46/50] LR=0.0000625 loss=0.202 ACC=99.421 F1=99.421 Rec=99.421 Prec=99.426
Train Client1 [46/50] LR=0.0000625 loss=0.014 ACC=99.884 F1=99.884 Rec=99.884 Prec=99.885
Train Client2 [46/50] LR=0.0000625 loss=0.008 ACC=99.884 F1=99.884 Rec=99.884 Prec=99.885
Train Client3 [46/50] LR=0.0000625 loss=0.053 ACC=99.421 F1=99.421 Rec=99.421 Prec=99.422
Train Client4 [46/50] LR=0.0000625 loss=0.041 ACC=99.416 F1=99.415 Rec=99.415 Prec=99.416
Train Client5 [46/50] LR=0.0000625 loss=0.026 ACC=99.766 F1=99.766 Rec=99.767 Prec=99.768
Train Client6 [46/50] LR=0.0000625 loss=0.037 ACC=99.416 F1=99.416 Rec=99.417 Prec=99.419
Train Client7 [46/50] LR=0.0000625 loss=0.060 ACC=99.416 F1=99.415 Rec=99.418 Prec=99.416

Val    [46/50] LR=0.0000625 loss=1.105 ACC=99.524 F1=99.524 Rec=99.524 Prec=99.524

Test-  OSR [46/50] LR=0.0000625 ACC=37.429 F1=43.411 Rec=74.857 Prec=31.468 UNK=0.000 OS*=99.810 HOS=0.000 AUROC=58.161 AUPR=72.538 OSCR=58.639
Test-Close [46/50] LR=0.0000625 loss=1.099 ACC=99.810 F1=99.810 Rec=99.810 Prec=99.811
>> New learning Rate: 3.125e-05
Train Client0 [47/50] LR=0.0000313 loss=0.029 ACC=99.653 F1=99.653 Rec=99.653 Prec=99.653
Train Client1 [47/50] LR=0.0000313 loss=0.023 ACC=99.653 F1=99.653 Rec=99.653 Prec=99.653
Train Client2 [47/50] LR=0.0000313 loss=0.006 ACC=99.884 F1=99.884 Rec=99.884 Prec=99.885
Train Client3 [47/50] LR=0.0000313 loss=0.066 ACC=99.306 F1=99.306 Rec=99.306 Prec=99.307
Train Client4 [47/50] LR=0.0000313 loss=0.043 ACC=99.533 F1=99.534 Rec=99.534 Prec=99.535
Train Client5 [47/50] LR=0.0000313 loss=0.037 ACC=99.533 F1=99.532 Rec=99.532 Prec=99.532
Train Client6 [47/50] LR=0.0000313 loss=0.038 ACC=99.766 F1=99.766 Rec=99.765 Prec=99.769
Train Client7 [47/50] LR=0.0000313 loss=0.027 ACC=99.766 F1=99.766 Rec=99.766 Prec=99.768

Val    [47/50] LR=0.0000313 loss=1.106 ACC=99.524 F1=99.524 Rec=99.524 Prec=99.524

Test-  OSR [47/50] LR=0.0000313 ACC=37.429 F1=43.447 Rec=74.857 Prec=31.541 UNK=0.000 OS*=99.810 HOS=0.000 AUROC=60.199 AUPR=74.343 OSCR=58.359
Test-Close [47/50] LR=0.0000313 loss=1.100 ACC=99.810 F1=99.810 Rec=99.810 Prec=99.811
Train Client0 [48/50] LR=0.0000313 loss=0.006 ACC=99.884 F1=99.884 Rec=99.884 Prec=99.885
Train Client1 [48/50] LR=0.0000313 loss=0.038 ACC=99.421 F1=99.421 Rec=99.421 Prec=99.422
Train Client2 [48/50] LR=0.0000313 loss=0.001 ACC=100.000 F1=100.000 Rec=100.000 Prec=100.000
Train Client3 [48/50] LR=0.0000313 loss=0.064 ACC=99.306 F1=99.306 Rec=99.306 Prec=99.307
Train Client4 [48/50] LR=0.0000313 loss=0.031 ACC=99.533 F1=99.532 Rec=99.532 Prec=99.532
Train Client5 [48/50] LR=0.0000313 loss=0.015 ACC=99.650 F1=99.649 Rec=99.649 Prec=99.650
Train Client6 [48/50] LR=0.0000313 loss=0.009 ACC=100.000 F1=100.000 Rec=100.000 Prec=100.000
Train Client7 [48/50] LR=0.0000313 loss=0.024 ACC=99.650 F1=99.650 Rec=99.652 Prec=99.653

Val    [48/50] LR=0.0000313 loss=1.108 ACC=99.619 F1=99.619 Rec=99.619 Prec=99.619

Test-  OSR [48/50] LR=0.0000313 ACC=37.429 F1=43.458 Rec=74.857 Prec=31.560 UNK=0.000 OS*=99.810 HOS=0.000 AUROC=60.856 AUPR=74.782 OSCR=58.561
Test-Close [48/50] LR=0.0000313 loss=1.100 ACC=99.810 F1=99.810 Rec=99.810 Prec=99.811
Train Client0 [49/50] LR=0.0000313 loss=0.015 ACC=99.769 F1=99.769 Rec=99.769 Prec=99.770
Train Client1 [49/50] LR=0.0000313 loss=0.047 ACC=99.421 F1=99.421 Rec=99.421 Prec=99.422
Train Client2 [49/50] LR=0.0000313 loss=0.000 ACC=100.000 F1=100.000 Rec=100.000 Prec=100.000
Train Client3 [49/50] LR=0.0000313 loss=0.060 ACC=99.421 F1=99.421 Rec=99.421 Prec=99.425
Train Client4 [49/50] LR=0.0000313 loss=0.032 ACC=99.650 F1=99.650 Rec=99.651 Prec=99.650
Train Client5 [49/50] LR=0.0000313 loss=0.027 ACC=99.766 F1=99.767 Rec=99.767 Prec=99.769
Train Client6 [49/50] LR=0.0000313 loss=0.012 ACC=99.766 F1=99.766 Rec=99.768 Prec=99.766
Train Client7 [49/50] LR=0.0000313 loss=0.011 ACC=99.766 F1=99.767 Rec=99.766 Prec=99.769

Val    [49/50] LR=0.0000313 loss=1.107 ACC=99.619 F1=99.619 Rec=99.619 Prec=99.619

Test-  OSR [49/50] LR=0.0000313 ACC=37.429 F1=43.487 Rec=74.857 Prec=31.608 UNK=0.000 OS*=99.810 HOS=0.000 AUROC=60.983 AUPR=75.028 OSCR=61.957
Test-Close [49/50] LR=0.0000313 loss=1.100 ACC=99.810 F1=99.810 Rec=99.810 Prec=99.811
------>Best performance (by OSCR)--->>>>>>>

Test-  OSR [8/50] LR=0.0005000 ACC=37.250 F1=43.014 Rec=74.500 Prec=31.022 UNK=0.000 OS*=99.333 HOS=0.000 AUROC=63.469 AUPR=75.389 OSCR=63.435
Test-Close [8/50] LR=0.0005000 loss=1.103 ACC=99.333 F1=99.333 Rec=99.333 Prec=99.346
=====================================================================================================================================
The ending time ：2026-07-12 19:53:21
