Logging to: ./logs/RetinalOCT_Pretrain_K3_U5_seed0_20260704_213126.log
==> Preparing data..
Protocol mode: hard_k3
Fixed known classes: ['AMD', 'DME', 'DR']
Fixed unknown classes: ['CNV', 'CSR', 'DRUSEN', 'MH', 'NORMAL']
Known class list: [0 3 4] Unknown class list [1 2 5 6 7]
Total images — Train: 18400, Val: 2800, Test: 2800
{0: 0, 3: 1, 4: 2} {1: 3, 2: 4, 5: 5, 6: 6, 7: 7}
Known origin: [0 3 4] , new: [0 1 2]
Unknown origin: [1 2 5 6 7] , new: [3 4 5 6 7]
Known/Unknown in Train: 6900/11500
Known/Unknown in Val:   1050/1750
Known/Unknown in Test:  1050/1750
Client0 sample num: 626
Client1 sample num: 2268
Client2 sample num: 1633
Client3 sample num: 269
Client4 sample num: 1206
Client5 sample num: 706
Client6 sample num: 56
Client7 sample num: 136

>>> Setting up
==> Using device: cuda:0
==> Building [Resnet18] model..
154
120
Train Client0 [0/50] LR=0.0005000 loss=0.389 ACC=94.712 F1=94.710 Rec=94.713 Prec=94.709
Train Client1 [0/50] LR=0.0005000 loss=0.500 ACC=91.299 F1=82.507 Rec=82.584 Prec=82.436
Train Client2 [0/50] LR=0.0005000 loss=0.330 ACC=93.811 F1=82.064 Rec=82.646 Prec=81.504
Train Client3 [0/50] LR=0.0005000 loss=1.106 ACC=81.439 F1=53.393 Rec=53.025 Prec=53.783
Train Client4 [0/50] LR=0.0005000 loss=0.498 ACC=91.417 F1=59.814 Rec=60.300 Prec=59.389
Train Client5 [0/50] LR=0.0005000 loss=0.751 ACC=86.506 F1=82.881 Rec=82.492 Prec=83.347
Train Client6 [0/50] LR=0.0005000 loss=1.799 ACC=66.071 F1=47.821 Rec=48.302 Prec=47.358
Train Client7 [0/50] LR=0.0005000 loss=1.357 ACC=77.941 F1=52.578 Rec=51.235 Prec=54.090

Val    [0/50] LR=0.0005000 loss=1.989 ACC=69.524 F1=61.740 Rec=69.524 Prec=82.643

Test-  OSR [0/50] LR=0.0005000 ACC=26.143 F1=24.772 Rec=52.286 Prec=21.907 UNK=0.000 OS*=69.714 HOS=0.000 AUROC=49.471 AUPR=64.696 OSCR=42.533
Test-Close [0/50] LR=0.0005000 loss=1.983 ACC=69.714 F1=62.034 Rec=69.714 Prec=82.529
Saving best model . . . . . . . .

Saving model at epoch 0 . . . . . . . .

Train Client0 [1/50] LR=0.0005000 loss=0.197 ACC=96.154 F1=64.257 Rec=64.095 Prec=64.427
Train Client1 [1/50] LR=0.0005000 loss=0.297 ACC=94.435 F1=88.077 Rec=88.248 Prec=87.909
Train Client2 [1/50] LR=0.0005000 loss=0.317 ACC=93.627 F1=81.982 Rec=81.238 Prec=82.760
Train Client3 [1/50] LR=0.0005000 loss=0.725 ACC=92.424 F1=72.305 Rec=73.082 Prec=71.648
Train Client4 [1/50] LR=0.0005000 loss=0.386 ACC=93.250 F1=67.013 Rec=65.387 Prec=71.801
Train Client5 [1/50] LR=0.0005000 loss=0.624 ACC=89.062 F1=85.976 Rec=85.767 Prec=86.234
Train Client6 [1/50] LR=0.0005000 loss=1.012 ACC=85.714 F1=82.301 Rec=84.228 Prec=80.889
Train Client7 [1/50] LR=0.0005000 loss=0.204 ACC=96.324 F1=86.527 Rec=97.531 Prec=81.093

Val    [1/50] LR=0.0005000 loss=1.434 ACC=96.286 F1=96.285 Rec=96.286 Prec=96.433

Test-  OSR [1/50] LR=0.0005000 ACC=35.893 F1=46.157 Rec=71.786 Prec=39.212 UNK=0.000 OS*=95.714 HOS=0.000 AUROC=47.778 AUPR=61.704 OSCR=47.637
Test-Close [1/50] LR=0.0005000 loss=1.429 ACC=95.714 F1=95.714 Rec=95.714 Prec=95.906
Saving best model . . . . . . . .

Train Client0 [2/50] LR=0.0005000 loss=0.161 ACC=96.474 F1=64.365 Rec=64.305 Prec=64.435
Train Client1 [2/50] LR=0.0005000 loss=0.263 ACC=94.170 F1=87.790 Rec=87.936 Prec=87.646
Train Client2 [2/50] LR=0.0005000 loss=0.229 ACC=95.159 F1=85.338 Rec=84.676 Prec=86.023
Train Client3 [2/50] LR=0.0005000 loss=0.623 ACC=89.015 F1=66.448 Rec=68.461 Prec=65.592
Train Client4 [2/50] LR=0.0005000 loss=0.307 ACC=94.583 F1=66.543 Rec=66.765 Prec=66.330
Train Client5 [2/50] LR=0.0005000 loss=0.480 ACC=91.903 F1=89.994 Rec=90.130 Prec=89.867
Train Client6 [2/50] LR=0.0005000 loss=0.065 ACC=98.214 F1=96.341 Rec=98.765 Prec=94.444
Train Client7 [2/50] LR=0.0005000 loss=0.578 ACC=91.912 F1=62.149 Rec=62.140 Prec=62.330

Val    [2/50] LR=0.0005000 loss=1.320 ACC=99.333 F1=99.333 Rec=99.333 Prec=99.340

Test-  OSR [2/50] LR=0.0005000 ACC=37.321 F1=46.485 Rec=74.643 Prec=37.540 UNK=0.000 OS*=99.524 HOS=0.000 AUROC=64.767 AUPR=70.576 OSCR=64.704
Test-Close [2/50] LR=0.0005000 loss=1.316 ACC=99.524 F1=99.524 Rec=99.524 Prec=99.528
Saving best model . . . . . . . .

Train Client0 [3/50] LR=0.0005000 loss=0.359 ACC=95.673 F1=95.671 Rec=95.664 Prec=95.683
Train Client1 [3/50] LR=0.0005000 loss=0.216 ACC=95.539 F1=90.453 Rec=90.652 Prec=90.256
Train Client2 [3/50] LR=0.0005000 loss=0.241 ACC=95.466 F1=87.018 Rec=85.756 Prec=88.388
Train Client3 [3/50] LR=0.0005000 loss=0.483 ACC=92.045 F1=78.883 Rec=78.254 Prec=79.933
Train Client4 [3/50] LR=0.0005000 loss=0.241 ACC=96.083 F1=77.812 Rec=76.427 Prec=79.815
Train Client5 [3/50] LR=0.0005000 loss=0.366 ACC=92.756 F1=89.894 Rec=89.926 Prec=89.875
Train Client6 [3/50] LR=0.0005000 loss=1.070 ACC=89.286 F1=87.384 Rec=91.667 Prec=86.175
Train Client7 [3/50] LR=0.0005000 loss=0.431 ACC=94.853 F1=63.663 Rec=63.374 Prec=63.957

Val    [3/50] LR=0.0005000 loss=1.214 ACC=97.524 F1=97.522 Rec=97.524 Prec=97.627

Test-  OSR [3/50] LR=0.0005000 ACC=36.714 F1=46.585 Rec=73.429 Prec=38.413 UNK=0.000 OS*=97.905 HOS=0.000 AUROC=62.937 AUPR=69.621 OSCR=62.754
Test-Close [3/50] LR=0.0005000 loss=1.213 ACC=97.905 F1=97.901 Rec=97.905 Prec=97.991
Train Client0 [4/50] LR=0.0005000 loss=0.162 ACC=97.756 F1=65.224 Rec=65.171 Prec=65.277
Train Client1 [4/50] LR=0.0005000 loss=0.160 ACC=97.173 F1=93.961 Rec=94.083 Prec=93.840
Train Client2 [4/50] LR=0.0005000 loss=0.197 ACC=95.772 F1=88.472 Rec=89.346 Prec=87.645
Train Client3 [4/50] LR=0.0005000 loss=0.565 ACC=91.667 F1=78.585 Rec=83.177 Prec=75.519
Train Client4 [4/50] LR=0.0005000 loss=0.249 ACC=95.750 F1=67.119 Rec=67.806 Prec=66.537
Train Client5 [4/50] LR=0.0005000 loss=0.508 ACC=90.909 F1=88.667 Rec=88.217 Prec=89.167
Train Client6 [4/50] LR=0.0005000 loss=0.323 ACC=96.429 F1=92.995 Rec=97.222 Prec=90.476
Train Client7 [4/50] LR=0.0005000 loss=0.579 ACC=95.588 F1=64.102 Rec=64.198 Prec=64.015

Val    [4/50] LR=0.0005000 loss=1.211 ACC=99.238 F1=99.238 Rec=99.238 Prec=99.243

Test-  OSR [4/50] LR=0.0005000 ACC=37.357 F1=46.959 Rec=74.714 Prec=38.540 UNK=0.000 OS*=99.619 HOS=0.000 AUROC=63.712 AUPR=69.951 OSCR=63.644
Test-Close [4/50] LR=0.0005000 loss=1.210 ACC=99.619 F1=99.619 Rec=99.619 Prec=99.621
Train Client0 [5/50] LR=0.0005000 loss=0.130 ACC=98.077 F1=65.438 Rec=65.381 Prec=65.497
Train Client1 [5/50] LR=0.0005000 loss=0.173 ACC=96.864 F1=93.379 Rec=93.452 Prec=93.319
Train Client2 [5/50] LR=0.0005000 loss=0.168 ACC=97.304 F1=92.469 Rec=92.307 Prec=92.633
Train Client3 [5/50] LR=0.0005000 loss=0.518 ACC=90.530 F1=72.433 Rec=76.641 Prec=69.940
Train Client4 [5/50] LR=0.0005000 loss=0.180 ACC=96.917 F1=75.221 Rec=72.750 Prec=80.479
Train Client5 [5/50] LR=0.0005000 loss=0.412 ACC=93.182 F1=91.684 Rec=91.775 Prec=91.624
Train Client6 [5/50] LR=0.0005000 loss=0.532 ACC=91.071 F1=86.296 Rec=93.364 Prec=83.670
Train Client7 [5/50] LR=0.0005000 loss=0.195 ACC=95.588 F1=64.466 Rec=63.786 Prec=65.200

Val    [5/50] LR=0.0005000 loss=1.178 ACC=98.952 F1=98.952 Rec=98.952 Prec=98.957

Test-  OSR [5/50] LR=0.0005000 ACC=37.143 F1=46.194 Rec=74.286 Prec=37.210 UNK=0.000 OS*=99.048 HOS=0.000 AUROC=64.033 AUPR=69.996 OSCR=63.859
Test-Close [5/50] LR=0.0005000 loss=1.178 ACC=99.048 F1=99.048 Rec=99.048 Prec=99.061
Saving model at epoch 5 . . . . . . . .

Train Client0 [6/50] LR=0.0005000 loss=0.057 ACC=98.718 F1=65.865 Rec=65.815 Prec=65.917
Train Client1 [6/50] LR=0.0005000 loss=0.100 ACC=97.659 F1=95.037 Rec=95.313 Prec=94.766
Train Client2 [6/50] LR=0.0005000 loss=0.141 ACC=96.936 F1=92.258 Rec=91.750 Prec=92.804
Train Client3 [6/50] LR=0.0005000 loss=0.314 ACC=90.909 F1=76.779 Rec=86.794 Prec=72.312
Train Client4 [6/50] LR=0.0005000 loss=0.146 ACC=97.333 F1=75.758 Rec=77.144 Prec=74.651
Train Client5 [6/50] LR=0.0005000 loss=0.270 ACC=96.165 F1=94.900 Rec=94.496 Prec=95.348
Train Client6 [6/50] LR=0.0005000 loss=0.465 ACC=96.429 F1=93.106 Rec=97.377 Prec=90.476
Train Client7 [6/50] LR=0.0005000 loss=0.164 ACC=97.794 F1=98.452 Rec=98.354 Prec=98.558

Val    [6/50] LR=0.0005000 loss=1.171 ACC=98.857 F1=98.854 Rec=98.857 Prec=98.885

Test-  OSR [6/50] LR=0.0005000 ACC=37.036 F1=46.698 Rec=74.071 Prec=38.364 UNK=0.000 OS*=98.762 HOS=0.000 AUROC=60.814 AUPR=69.433 OSCR=60.749
Test-Close [6/50] LR=0.0005000 loss=1.172 ACC=98.762 F1=98.760 Rec=98.762 Prec=98.792
Train Client0 [7/50] LR=0.0005000 loss=0.072 ACC=98.878 F1=98.878 Rec=98.865 Prec=98.903
Train Client1 [7/50] LR=0.0005000 loss=0.109 ACC=97.747 F1=95.016 Rec=95.371 Prec=94.684
Train Client2 [7/50] LR=0.0005000 loss=0.084 ACC=98.100 F1=94.460 Rec=94.535 Prec=94.385
Train Client3 [7/50] LR=0.0005000 loss=0.219 ACC=96.212 F1=86.139 Rec=87.170 Prec=85.285
Train Client4 [7/50] LR=0.0005000 loss=0.121 ACC=97.750 F1=81.545 Rec=81.680 Prec=81.413
Train Client5 [7/50] LR=0.0005000 loss=0.243 ACC=96.023 F1=94.631 Rec=94.560 Prec=94.705
Train Client6 [7/50] LR=0.0005000 loss=0.212 ACC=96.429 F1=91.944 Rec=91.944 Prec=91.944
Train Client7 [7/50] LR=0.0005000 loss=0.153 ACC=97.794 F1=65.542 Rec=65.638 Prec=65.455

Val    [7/50] LR=0.0005000 loss=1.134 ACC=99.905 F1=99.905 Rec=99.905 Prec=99.905

Test-  OSR [7/50] LR=0.0005000 ACC=37.500 F1=47.286 Rec=75.000 Prec=39.085 UNK=0.000 OS*=100.000 HOS=0.000 AUROC=63.194 AUPR=69.992 OSCR=63.194
Test-Close [7/50] LR=0.0005000 loss=1.132 ACC=100.000 F1=100.000 Rec=100.000 Prec=100.000
Train Client0 [8/50] LR=0.0005000 loss=0.038 ACC=99.519 F1=99.519 Rec=99.517 Prec=99.522
Train Client1 [8/50] LR=0.0005000 loss=0.122 ACC=97.880 F1=95.373 Rec=95.286 Prec=95.464
Train Client2 [8/50] LR=0.0005000 loss=0.103 ACC=97.610 F1=93.131 Rec=92.970 Prec=93.293
Train Client3 [8/50] LR=0.0005000 loss=0.520 ACC=96.591 F1=94.049 Rec=91.756 Prec=96.851
Train Client4 [8/50] LR=0.0005000 loss=0.110 ACC=97.667 F1=80.620 Rec=84.200 Prec=78.063
Train Client5 [8/50] LR=0.0005000 loss=0.165 ACC=96.875 F1=96.473 Rec=96.283 Prec=96.669
Train Client6 [8/50] LR=0.0005000 loss=0.229 ACC=96.429 F1=94.301 Rec=91.944 Prec=97.421
Train Client7 [8/50] LR=0.0005000 loss=0.361 ACC=96.324 F1=64.710 Rec=64.609 Prec=64.818

Val    [8/50] LR=0.0005000 loss=1.129 ACC=100.000 F1=100.000 Rec=100.000 Prec=100.000

Test-  OSR [8/50] LR=0.0005000 ACC=37.500 F1=47.420 Rec=75.000 Prec=39.395 UNK=0.000 OS*=100.000 HOS=0.000 AUROC=65.034 AUPR=71.325 OSCR=65.034
Test-Close [8/50] LR=0.0005000 loss=1.127 ACC=100.000 F1=100.000 Rec=100.000 Prec=100.000
Saving best model . . . . . . . .

Train Client0 [9/50] LR=0.0005000 loss=0.056 ACC=99.359 F1=99.359 Rec=99.364 Prec=99.356
Train Client1 [9/50] LR=0.0005000 loss=0.082 ACC=98.366 F1=96.294 Rec=96.263 Prec=96.325
Train Client2 [9/50] LR=0.0005000 loss=0.052 ACC=98.775 F1=96.649 Rec=96.649 Prec=96.649
Train Client3 [9/50] LR=0.0005000 loss=0.239 ACC=94.697 F1=79.655 Rec=82.678 Prec=77.588
Train Client4 [9/50] LR=0.0005000 loss=0.082 ACC=98.500 F1=90.494 Rec=90.704 Prec=90.291
Train Client5 [9/50] LR=0.0005000 loss=0.206 ACC=97.017 F1=96.260 Rec=96.522 Prec=96.011
Train Client6 [9/50] LR=0.0005000 loss=1.253 ACC=89.286 F1=89.500 Rec=91.821 Prec=88.333
Train Client7 [9/50] LR=0.0005000 loss=0.330 ACC=96.324 F1=97.403 Rec=97.119 Prec=97.759

Val    [9/50] LR=0.0005000 loss=1.141 ACC=99.905 F1=99.905 Rec=99.905 Prec=99.905

Test-  OSR [9/50] LR=0.0005000 ACC=37.429 F1=47.141 Rec=74.857 Prec=38.861 UNK=0.000 OS*=99.810 HOS=0.000 AUROC=63.700 AUPR=70.716 OSCR=63.699
Test-Close [9/50] LR=0.0005000 loss=1.141 ACC=99.810 F1=99.810 Rec=99.810 Prec=99.811
Train Client0 [10/50] LR=0.0005000 loss=0.035 ACC=99.519 F1=66.399 Rec=66.345 Prec=66.453
Train Client1 [10/50] LR=0.0005000 loss=0.083 ACC=98.587 F1=96.811 Rec=96.906 Prec=96.718
Train Client2 [10/50] LR=0.0005000 loss=0.068 ACC=98.284 F1=95.379 Rec=95.913 Prec=94.881
Train Client3 [10/50] LR=0.0005000 loss=0.228 ACC=95.076 F1=82.458 Rec=91.058 Prec=78.503
Train Client4 [10/50] LR=0.0005000 loss=0.222 ACC=95.833 F1=89.758 Rec=88.495 Prec=91.284
Train Client5 [10/50] LR=0.0005000 loss=0.185 ACC=97.017 F1=96.183 Rec=96.194 Prec=96.172
Train Client6 [10/50] LR=0.0005000 loss=0.039 ACC=100.000 F1=100.000 Rec=100.000 Prec=100.000
Train Client7 [10/50] LR=0.0005000 loss=0.156 ACC=99.265 F1=66.361 Rec=66.667 Prec=66.061

Val    [10/50] LR=0.0005000 loss=1.129 ACC=100.000 F1=100.000 Rec=100.000 Prec=100.000

Test-  OSR [10/50] LR=0.0005000 ACC=37.464 F1=47.251 Rec=74.929 Prec=39.060 UNK=0.000 OS*=99.905 HOS=0.000 AUROC=58.581 AUPR=67.828 OSCR=58.580
Test-Close [10/50] LR=0.0005000 loss=1.128 ACC=99.905 F1=99.905 Rec=99.905 Prec=99.905
Saving model at epoch 10 . . . . . . . .

>> New learning Rate: 0.00025
Train Client0 [11/50] LR=0.0002500 loss=0.014 ACC=99.519 F1=66.507 Rec=66.348 Prec=66.667
Train Client1 [11/50] LR=0.0002500 loss=0.024 ACC=99.205 F1=98.172 Rec=98.205 Prec=98.139
Train Client2 [11/50] LR=0.0002500 loss=0.033 ACC=99.142 F1=97.719 Rec=98.577 Prec=96.890
Train Client3 [11/50] LR=0.0002500 loss=0.150 ACC=98.106 F1=93.917 Rec=98.808 Prec=90.238
Train Client4 [11/50] LR=0.0002500 loss=0.058 ACC=98.917 F1=95.411 Rec=99.220 Prec=92.346
Train Client5 [11/50] LR=0.0002500 loss=0.068 ACC=99.006 F1=98.784 Rec=98.795 Prec=98.773
Train Client6 [11/50] LR=0.0002500 loss=0.130 ACC=98.214 F1=96.260 Rec=98.611 Prec=94.444
Train Client7 [11/50] LR=0.0002500 loss=0.320 ACC=98.529 F1=98.971 Rec=98.971 Prec=98.971

Val    [11/50] LR=0.0002500 loss=1.119 ACC=100.000 F1=100.000 Rec=100.000 Prec=100.000

Test-  OSR [11/50] LR=0.0002500 ACC=37.500 F1=47.367 Rec=75.000 Prec=39.271 UNK=0.000 OS*=100.000 HOS=0.000 AUROC=56.296 AUPR=67.597 OSCR=56.296
Test-Close [11/50] LR=0.0002500 loss=1.119 ACC=100.000 F1=100.000 Rec=100.000 Prec=100.000
Train Client0 [12/50] LR=0.0002500 loss=0.006 ACC=100.000 F1=100.000 Rec=100.000 Prec=100.000
Train Client1 [12/50] LR=0.0002500 loss=0.021 ACC=99.647 F1=99.163 Rec=99.365 Prec=98.967
Train Client2 [12/50] LR=0.0002500 loss=0.026 ACC=99.387 F1=98.437 Rec=99.598 Prec=97.339
Train Client3 [12/50] LR=0.0002500 loss=0.045 ACC=98.485 F1=95.727 Rec=93.924 Prec=98.095
Train Client4 [12/50] LR=0.0002500 loss=0.051 ACC=99.167 F1=92.819 Rec=99.625 Prec=88.244
Train Client5 [12/50] LR=0.0002500 loss=0.045 ACC=99.148 F1=99.009 Rec=98.914 Prec=99.105
Train Client6 [12/50] LR=0.0002500 loss=0.316 ACC=100.000 F1=100.000 Rec=100.000 Prec=100.000
Train Client7 [12/50] LR=0.0002500 loss=0.064 ACC=98.529 F1=82.704 Rec=98.765 Prec=77.778

Val    [12/50] LR=0.0002500 loss=1.120 ACC=100.000 F1=100.000 Rec=100.000 Prec=100.000

Test-  OSR [12/50] LR=0.0002500 ACC=37.500 F1=47.500 Rec=75.000 Prec=39.583 UNK=0.000 OS*=100.000 HOS=0.000 AUROC=60.459 AUPR=71.451 OSCR=60.459
Test-Close [12/50] LR=0.0002500 loss=1.120 ACC=100.000 F1=100.000 Rec=100.000 Prec=100.000
Train Client0 [13/50] LR=0.0002500 loss=0.005 ACC=99.840 F1=66.614 Rec=66.562 Prec=66.667
Train Client1 [13/50] LR=0.0002500 loss=0.017 ACC=99.514 F1=99.064 Rec=99.164 Prec=98.964
Train Client2 [13/50] LR=0.0002500 loss=0.025 ACC=99.449 F1=98.426 Rec=99.240 Prec=97.649
Train Client3 [13/50] LR=0.0002500 loss=0.078 ACC=98.485 F1=94.405 Rec=99.295 Prec=90.728
Train Client4 [13/50] LR=0.0002500 loss=0.073 ACC=98.917 F1=99.044 Rec=99.294 Prec=98.805
Train Client5 [13/50] LR=0.0002500 loss=0.031 ACC=99.574 F1=99.460 Rec=99.436 Prec=99.485
Train Client6 [13/50] LR=0.0002500 loss=0.014 ACC=100.000 F1=100.000 Rec=100.000 Prec=100.000
Train Client7 [13/50] LR=0.0002500 loss=0.040 ACC=98.529 F1=98.971 Rec=98.971 Prec=98.971

Val    [13/50] LR=0.0002500 loss=1.119 ACC=100.000 F1=100.000 Rec=100.000 Prec=100.000

Test-  OSR [13/50] LR=0.0002500 ACC=37.500 F1=47.500 Rec=75.000 Prec=39.583 UNK=0.000 OS*=100.000 HOS=0.000 AUROC=60.952 AUPR=70.991 OSCR=60.951
Test-Close [13/50] LR=0.0002500 loss=1.119 ACC=100.000 F1=100.000 Rec=100.000 Prec=100.000
Train Client0 [14/50] LR=0.0002500 loss=0.006 ACC=99.679 F1=99.679 Rec=99.679 Prec=99.679
Train Client1 [14/50] LR=0.0002500 loss=0.006 ACC=99.823 F1=99.611 Rec=99.508 Prec=99.715
Train Client2 [14/50] LR=0.0002500 loss=0.028 ACC=99.387 F1=98.967 Rec=99.121 Prec=98.815
Train Client3 [14/50] LR=0.0002500 loss=0.127 ACC=96.212 F1=90.801 Rec=98.246 Prec=85.778
Train Client4 [14/50] LR=0.0002500 loss=0.021 ACC=99.500 F1=95.965 Rec=99.775 Prec=92.900
Train Client5 [14/50] LR=0.0002500 loss=0.058 ACC=99.290 F1=99.436 Rec=99.424 Prec=99.448
Train Client6 [14/50] LR=0.0002500 loss=0.004 ACC=100.000 F1=100.000 Rec=100.000 Prec=100.000
Train Client7 [14/50] LR=0.0002500 loss=0.004 ACC=100.000 F1=100.000 Rec=100.000 Prec=100.000

Val    [14/50] LR=0.0002500 loss=1.113 ACC=100.000 F1=100.000 Rec=100.000 Prec=100.000

Test-  OSR [14/50] LR=0.0002500 ACC=37.500 F1=47.500 Rec=75.000 Prec=39.583 UNK=0.000 OS*=100.000 HOS=0.000 AUROC=55.118 AUPR=68.189 OSCR=55.117
Test-Close [14/50] LR=0.0002500 loss=1.114 ACC=100.000 F1=100.000 Rec=100.000 Prec=100.000
Train Client0 [15/50] LR=0.0002500 loss=0.046 ACC=100.000 F1=100.000 Rec=100.000 Prec=100.000
Train Client1 [15/50] LR=0.0002500 loss=0.022 ACC=99.735 F1=99.434 Rec=99.197 Prec=99.674
Train Client2 [15/50] LR=0.0002500 loss=0.015 ACC=99.694 F1=99.263 Rec=99.878 Prec=98.663
Train Client3 [15/50] LR=0.0002500 loss=0.091 ACC=97.348 F1=87.478 Rec=93.077 Prec=83.757
Train Client4 [15/50] LR=0.0002500 loss=0.042 ACC=99.167 F1=97.360 Rec=99.553 Prec=95.396
Train Client5 [15/50] LR=0.0002500 loss=0.022 ACC=99.432 F1=99.442 Rec=99.524 Prec=99.362
Train Client6 [15/50] LR=0.0002500 loss=0.042 ACC=100.000 F1=100.000 Rec=100.000 Prec=100.000
Train Client7 [15/50] LR=0.0002500 loss=0.016 ACC=99.265 F1=99.487 Rec=99.588 Prec=99.394

Val    [15/50] LR=0.0002500 loss=1.114 ACC=100.000 F1=100.000 Rec=100.000 Prec=100.000

Test-  OSR [15/50] LR=0.0002500 ACC=37.500 F1=47.500 Rec=75.000 Prec=39.583 UNK=0.000 OS*=100.000 HOS=0.000 AUROC=36.587 AUPR=53.153 OSCR=36.587
Test-Close [15/50] LR=0.0002500 loss=1.114 ACC=100.000 F1=100.000 Rec=100.000 Prec=100.000
Saving model at epoch 15 . . . . . . . .

Train Client0 [16/50] LR=0.0002500 loss=0.000 ACC=100.000 F1=100.000 Rec=100.000 Prec=100.000
Train Client1 [16/50] LR=0.0002500 loss=0.016 ACC=99.647 F1=99.364 Rec=99.499 Prec=99.231
Train Client2 [16/50] LR=0.0002500 loss=0.015 ACC=99.694 F1=99.044 Rec=99.496 Prec=98.603
Train Client3 [16/50] LR=0.0002500 loss=0.249 ACC=98.864 F1=96.074 Rec=94.094 Prec=98.592
Train Client4 [16/50] LR=0.0002500 loss=0.060 ACC=98.750 F1=98.900 Rec=99.075 Prec=98.729
Train Client5 [16/50] LR=0.0002500 loss=0.020 ACC=99.716 F1=99.561 Rec=99.561 Prec=99.561
Train Client6 [16/50] LR=0.0002500 loss=0.002 ACC=100.000 F1=100.000 Rec=100.000 Prec=100.000
Train Client7 [16/50] LR=0.0002500 loss=0.004 ACC=100.000 F1=100.000 Rec=100.000 Prec=100.000

Val    [16/50] LR=0.0002500 loss=1.117 ACC=100.000 F1=100.000 Rec=100.000 Prec=100.000

Test-  OSR [16/50] LR=0.0002500 ACC=37.500 F1=47.500 Rec=75.000 Prec=39.583 UNK=0.000 OS*=100.000 HOS=0.000 AUROC=57.204 AUPR=68.411 OSCR=57.204
Test-Close [16/50] LR=0.0002500 loss=1.117 ACC=100.000 F1=100.000 Rec=100.000 Prec=100.000
Train Client0 [17/50] LR=0.0002500 loss=0.121 ACC=99.519 F1=99.519 Rec=99.511 Prec=99.531
Train Client1 [17/50] LR=0.0002500 loss=0.042 ACC=99.514 F1=99.019 Rec=98.819 Prec=99.222
Train Client2 [17/50] LR=0.0002500 loss=0.018 ACC=99.510 F1=98.737 Rec=99.423 Prec=98.068
Train Client3 [17/50] LR=0.0002500 loss=0.083 ACC=98.864 F1=96.688 Rec=99.474 Prec=94.286
Train Client4 [17/50] LR=0.0002500 loss=0.036 ACC=99.750 F1=99.780 Rec=99.887 Prec=99.674
Train Client5 [17/50] LR=0.0002500 loss=0.049 ACC=99.006 F1=98.995 Rec=98.982 Prec=99.007
Train Client6 [17/50] LR=0.0002500 loss=0.018 ACC=100.000 F1=100.000 Rec=100.000 Prec=100.000
Train Client7 [17/50] LR=0.0002500 loss=0.038 ACC=100.000 F1=100.000 Rec=100.000 Prec=100.000

Val    [17/50] LR=0.0002500 loss=1.119 ACC=100.000 F1=100.000 Rec=100.000 Prec=100.000

Test-  OSR [17/50] LR=0.0002500 ACC=37.500 F1=47.500 Rec=75.000 Prec=39.583 UNK=0.000 OS*=100.000 HOS=0.000 AUROC=60.200 AUPR=70.125 OSCR=60.200
Test-Close [17/50] LR=0.0002500 loss=1.119 ACC=100.000 F1=100.000 Rec=100.000 Prec=100.000
Train Client0 [18/50] LR=0.0002500 loss=0.000 ACC=100.000 F1=100.000 Rec=100.000 Prec=100.000
Train Client1 [18/50] LR=0.0002500 loss=0.023 ACC=99.382 F1=98.633 Rec=98.700 Prec=98.568
Train Client2 [18/50] LR=0.0002500 loss=0.009 ACC=99.877 F1=99.793 Rec=99.951 Prec=99.638
Train Client3 [18/50] LR=0.0002500 loss=0.229 ACC=98.106 F1=98.361 Rec=99.132 Prec=97.685
Train Client4 [18/50] LR=0.0002500 loss=0.043 ACC=99.417 F1=99.487 Rec=99.665 Prec=99.313
Train Client5 [18/50] LR=0.0002500 loss=0.040 ACC=99.432 F1=99.454 Rec=99.335 Prec=99.574
Train Client6 [18/50] LR=0.0002500 loss=0.130 ACC=100.000 F1=100.000 Rec=100.000 Prec=100.000
Train Client7 [18/50] LR=0.0002500 loss=0.002 ACC=100.000 F1=100.000 Rec=100.000 Prec=100.000

Val    [18/50] LR=0.0002500 loss=1.117 ACC=100.000 F1=100.000 Rec=100.000 Prec=100.000

Test-  OSR [18/50] LR=0.0002500 ACC=37.500 F1=47.500 Rec=75.000 Prec=39.583 UNK=0.000 OS*=100.000 HOS=0.000 AUROC=52.584 AUPR=65.880 OSCR=52.581
Test-Close [18/50] LR=0.0002500 loss=1.116 ACC=100.000 F1=100.000 Rec=100.000 Prec=100.000
Train Client0 [19/50] LR=0.0002500 loss=0.002 ACC=99.840 F1=99.840 Rec=99.843 Prec=99.837
Train Client1 [19/50] LR=0.0002500 loss=0.007 ACC=99.779 F1=99.489 Rec=99.421 Prec=99.557
Train Client2 [19/50] LR=0.0002500 loss=0.014 ACC=99.755 F1=99.475 Rec=99.744 Prec=99.210
Train Client3 [19/50] LR=0.0002500 loss=0.092 ACC=98.106 F1=98.359 Rec=98.808 Prec=97.944
Train Client4 [19/50] LR=0.0002500 loss=0.071 ACC=99.417 F1=99.484 Rec=99.520 Prec=99.449
Train Client5 [19/50] LR=0.0002500 loss=0.028 ACC=99.574 F1=99.338 Rec=99.246 Prec=99.433
Train Client6 [19/50] LR=0.0002500 loss=0.023 ACC=100.000 F1=100.000 Rec=100.000 Prec=100.000
Train Client7 [19/50] LR=0.0002500 loss=0.305 ACC=98.529 F1=88.065 Rec=98.971 Prec=82.716

Val    [19/50] LR=0.0002500 loss=1.115 ACC=100.000 F1=100.000 Rec=100.000 Prec=100.000

Test-  OSR [19/50] LR=0.0002500 ACC=37.500 F1=47.500 Rec=75.000 Prec=39.583 UNK=0.000 OS*=100.000 HOS=0.000 AUROC=58.425 AUPR=70.623 OSCR=58.416
Test-Close [19/50] LR=0.0002500 loss=1.115 ACC=100.000 F1=100.000 Rec=100.000 Prec=100.000
Train Client0 [20/50] LR=0.0002500 loss=0.000 ACC=100.000 F1=100.000 Rec=100.000 Prec=100.000
Train Client1 [20/50] LR=0.0002500 loss=0.009 ACC=99.735 F1=99.433 Rec=99.466 Prec=99.400
Train Client2 [20/50] LR=0.0002500 loss=0.029 ACC=99.877 F1=99.680 Rec=99.569 Prec=99.793
Train Client3 [20/50] LR=0.0002500 loss=0.094 ACC=97.727 F1=95.081 Rec=93.249 Prec=97.475
Train Client4 [20/50] LR=0.0002500 loss=0.124 ACC=99.000 F1=99.117 Rec=99.117 Prec=99.117
Train Client5 [20/50] LR=0.0002500 loss=0.019 ACC=99.716 F1=99.561 Rec=99.561 Prec=99.561
Train Client6 [20/50] LR=0.0002500 loss=0.344 ACC=100.000 F1=100.000 Rec=100.000 Prec=100.000
Train Client7 [20/50] LR=0.0002500 loss=0.044 ACC=99.265 F1=99.484 Rec=99.383 Prec=99.593

Val    [20/50] LR=0.0002500 loss=1.111 ACC=100.000 F1=100.000 Rec=100.000 Prec=100.000

Test-  OSR [20/50] LR=0.0002500 ACC=37.500 F1=47.364 Rec=75.000 Prec=39.268 UNK=0.000 OS*=100.000 HOS=0.000 AUROC=58.622 AUPR=72.341 OSCR=58.629
Test-Close [20/50] LR=0.0002500 loss=1.111 ACC=100.000 F1=100.000 Rec=100.000 Prec=100.000
Saving model at epoch 20 . . . . . . . .

Train Client0 [21/50] LR=0.0002500 loss=0.033 ACC=99.038 F1=99.038 Rec=99.030 Prec=99.054
Train Client1 [21/50] LR=0.0002500 loss=0.023 ACC=99.558 F1=98.913 Rec=98.913 Prec=98.913
Train Client2 [21/50] LR=0.0002500 loss=0.016 ACC=99.816 F1=99.578 Rec=99.768 Prec=99.391
Train Client3 [21/50] LR=0.0002500 loss=0.058 ACC=97.727 F1=95.733 Rec=98.942 Prec=92.986
Train Client4 [21/50] LR=0.0002500 loss=0.023 ACC=99.417 F1=95.428 Rec=99.593 Prec=92.189
Train Client5 [21/50] LR=0.0002500 loss=0.039 ACC=99.290 F1=99.436 Rec=99.424 Prec=99.448
Train Client6 [21/50] LR=0.0002500 loss=0.006 ACC=100.000 F1=100.000 Rec=100.000 Prec=100.000
Train Client7 [21/50] LR=0.0002500 loss=0.003 ACC=100.000 F1=100.000 Rec=100.000 Prec=100.000

Val    [21/50] LR=0.0002500 loss=1.120 ACC=99.905 F1=99.905 Rec=99.905 Prec=99.905

Test-  OSR [21/50] LR=0.0002500 ACC=37.500 F1=47.500 Rec=75.000 Prec=39.583 UNK=0.000 OS*=100.000 HOS=0.000 AUROC=59.197 AUPR=69.203 OSCR=59.202
Test-Close [21/50] LR=0.0002500 loss=1.119 ACC=100.000 F1=100.000 Rec=100.000 Prec=100.000
Train Client0 [22/50] LR=0.0002500 loss=0.000 ACC=100.000 F1=100.000 Rec=100.000 Prec=100.000
Train Client1 [22/50] LR=0.0002500 loss=0.026 ACC=99.647 F1=99.193 Rec=99.160 Prec=99.226
Train Client2 [22/50] LR=0.0002500 loss=0.009 ACC=99.816 F1=99.357 Rec=99.545 Prec=99.172
Train Client3 [22/50] LR=0.0002500 loss=0.127 ACC=96.591 F1=94.775 Rec=98.106 Prec=91.944
Train Client4 [22/50] LR=0.0002500 loss=0.032 ACC=99.417 F1=99.487 Rec=99.665 Prec=99.313
Train Client5 [22/50] LR=0.0002500 loss=0.079 ACC=99.290 F1=99.231 Rec=98.995 Prec=99.477
Train Client6 [22/50] LR=0.0002500 loss=0.002 ACC=100.000 F1=100.000 Rec=100.000 Prec=100.000
Train Client7 [22/50] LR=0.0002500 loss=0.007 ACC=100.000 F1=100.000 Rec=100.000 Prec=100.000

Val    [22/50] LR=0.0002500 loss=1.111 ACC=100.000 F1=100.000 Rec=100.000 Prec=100.000

Test-  OSR [22/50] LR=0.0002500 ACC=37.464 F1=47.305 Rec=74.929 Prec=39.186 UNK=0.000 OS*=99.905 HOS=0.000 AUROC=62.857 AUPR=69.547 OSCR=62.858
Test-Close [22/50] LR=0.0002500 loss=1.113 ACC=99.905 F1=99.905 Rec=99.905 Prec=99.905
>> New learning Rate: 0.000125
Train Client0 [23/50] LR=0.0001250 loss=0.000 ACC=100.000 F1=100.000 Rec=100.000 Prec=100.000
Train Client1 [23/50] LR=0.0001250 loss=0.000 ACC=100.000 F1=100.000 Rec=100.000 Prec=100.000
Train Client2 [23/50] LR=0.0001250 loss=0.013 ACC=99.632 F1=99.386 Rec=99.854 Prec=98.936
Train Client3 [23/50] LR=0.0001250 loss=0.033 ACC=98.864 F1=99.008 Rec=99.479 Prec=98.571
Train Client4 [23/50] LR=0.0001250 loss=0.025 ACC=99.667 F1=99.707 Rec=99.850 Prec=99.567
Train Client5 [23/50] LR=0.0001250 loss=0.006 ACC=100.000 F1=100.000 Rec=100.000 Prec=100.000
Train Client6 [23/50] LR=0.0001250 loss=0.000 ACC=100.000 F1=100.000 Rec=100.000 Prec=100.000
Train Client7 [23/50] LR=0.0001250 loss=0.004 ACC=100.000 F1=100.000 Rec=100.000 Prec=100.000

Val    [23/50] LR=0.0001250 loss=1.113 ACC=100.000 F1=100.000 Rec=100.000 Prec=100.000

Test-  OSR [23/50] LR=0.0001250 ACC=37.500 F1=47.500 Rec=75.000 Prec=39.583 UNK=0.000 OS*=100.000 HOS=0.000 AUROC=63.327 AUPR=71.894 OSCR=63.323
Test-Close [23/50] LR=0.0001250 loss=1.114 ACC=100.000 F1=100.000 Rec=100.000 Prec=100.000
Train Client0 [24/50] LR=0.0001250 loss=0.038 ACC=99.359 F1=99.359 Rec=99.349 Prec=99.377
Train Client1 [24/50] LR=0.0001250 loss=0.022 ACC=99.823 F1=99.579 Rec=99.579 Prec=99.579
Train Client2 [24/50] LR=0.0001250 loss=0.008 ACC=99.755 F1=99.589 Rec=99.903 Prec=99.283
Train Client3 [24/50] LR=0.0001250 loss=0.021 ACC=99.621 F1=99.666 Rec=99.825 Prec=99.510
Train Client4 [24/50] LR=0.0001250 loss=0.035 ACC=99.250 F1=99.341 Rec=99.590 Prec=99.102
Train Client5 [24/50] LR=0.0001250 loss=0.001 ACC=100.000 F1=100.000 Rec=100.000 Prec=100.000
Train Client6 [24/50] LR=0.0001250 loss=0.273 ACC=100.000 F1=100.000 Rec=100.000 Prec=100.000
Train Client7 [24/50] LR=0.0001250 loss=0.360 ACC=100.000 F1=100.000 Rec=100.000 Prec=100.000

Val    [24/50] LR=0.0001250 loss=1.119 ACC=100.000 F1=100.000 Rec=100.000 Prec=100.000

Test-  OSR [24/50] LR=0.0001250 ACC=37.500 F1=47.500 Rec=75.000 Prec=39.583 UNK=0.000 OS*=100.000 HOS=0.000 AUROC=63.938 AUPR=72.115 OSCR=63.941
Test-Close [24/50] LR=0.0001250 loss=1.120 ACC=100.000 F1=100.000 Rec=100.000 Prec=100.000
Train Client0 [25/50] LR=0.0001250 loss=0.000 ACC=100.000 F1=100.000 Rec=100.000 Prec=100.000
Train Client1 [25/50] LR=0.0001250 loss=0.002 ACC=100.000 F1=100.000 Rec=100.000 Prec=100.000
Train Client2 [25/50] LR=0.0001250 loss=0.004 ACC=99.939 F1=99.786 Rec=99.976 Prec=99.598
Train Client3 [25/50] LR=0.0001250 loss=0.123 ACC=98.485 F1=98.681 Rec=99.302 Prec=98.122
Train Client4 [25/50] LR=0.0001250 loss=0.015 ACC=99.417 F1=99.490 Rec=99.737 Prec=99.252
Train Client5 [25/50] LR=0.0001250 loss=0.007 ACC=99.858 F1=99.887 Rec=99.900 Prec=99.876
Train Client6 [25/50] LR=0.0001250 loss=0.000 ACC=100.000 F1=100.000 Rec=100.000 Prec=100.000
Train Client7 [25/50] LR=0.0001250 loss=0.000 ACC=100.000 F1=100.000 Rec=100.000 Prec=100.000

Val    [25/50] LR=0.0001250 loss=1.116 ACC=100.000 F1=100.000 Rec=100.000 Prec=100.000

Test-  OSR [25/50] LR=0.0001250 ACC=37.500 F1=47.500 Rec=75.000 Prec=39.583 UNK=0.000 OS*=100.000 HOS=0.000 AUROC=61.381 AUPR=71.120 OSCR=61.377
Test-Close [25/50] LR=0.0001250 loss=1.117 ACC=100.000 F1=100.000 Rec=100.000 Prec=100.000
Saving model at epoch 25 . . . . . . . .

Train Client0 [26/50] LR=0.0001250 loss=0.000 ACC=100.000 F1=100.000 Rec=100.000 Prec=100.000
Train Client1 [26/50] LR=0.0001250 loss=0.002 ACC=99.912 F1=99.756 Rec=99.756 Prec=99.756
Train Client2 [26/50] LR=0.0001250 loss=0.012 ACC=99.939 F1=99.896 Rec=99.976 Prec=99.818
Train Client3 [26/50] LR=0.0001250 loss=0.047 ACC=98.485 F1=98.706 Rec=99.298 Prec=98.174
Train Client4 [26/50] LR=0.0001250 loss=0.051 ACC=99.583 F1=99.634 Rec=99.812 Prec=99.461
Train Client5 [26/50] LR=0.0001250 loss=0.003 ACC=100.000 F1=100.000 Rec=100.000 Prec=100.000
Train Client6 [26/50] LR=0.0001250 loss=0.002 ACC=100.000 F1=100.000 Rec=100.000 Prec=100.000
Train Client7 [26/50] LR=0.0001250 loss=0.000 ACC=100.000 F1=100.000 Rec=100.000 Prec=100.000

Val    [26/50] LR=0.0001250 loss=1.117 ACC=100.000 F1=100.000 Rec=100.000 Prec=100.000

Test-  OSR [26/50] LR=0.0001250 ACC=37.500 F1=47.473 Rec=75.000 Prec=39.520 UNK=0.000 OS*=100.000 HOS=0.000 AUROC=64.718 AUPR=73.816 OSCR=64.718
Test-Close [26/50] LR=0.0001250 loss=1.118 ACC=100.000 F1=100.000 Rec=100.000 Prec=100.000
Train Client0 [27/50] LR=0.0001250 loss=0.000 ACC=100.000 F1=100.000 Rec=100.000 Prec=100.000
Train Client1 [27/50] LR=0.0001250 loss=0.001 ACC=100.000 F1=100.000 Rec=100.000 Prec=100.000
Train Client2 [27/50] LR=0.0001250 loss=0.003 ACC=100.000 F1=100.000 Rec=100.000 Prec=100.000
Train Client3 [27/50] LR=0.0001250 loss=0.011 ACC=100.000 F1=100.000 Rec=100.000 Prec=100.000
Train Client4 [27/50] LR=0.0001250 loss=0.018 ACC=99.583 F1=93.059 Rec=95.016 Prec=91.341
Train Client5 [27/50] LR=0.0001250 loss=0.000 ACC=100.000 F1=100.000 Rec=100.000 Prec=100.000
Train Client6 [27/50] LR=0.0001250 loss=0.000 ACC=100.000 F1=100.000 Rec=100.000 Prec=100.000
Train Client7 [27/50] LR=0.0001250 loss=0.000 ACC=100.000 F1=100.000 Rec=100.000 Prec=100.000

Val    [27/50] LR=0.0001250 loss=1.122 ACC=100.000 F1=100.000 Rec=100.000 Prec=100.000

Test-  OSR [27/50] LR=0.0001250 ACC=37.500 F1=47.500 Rec=75.000 Prec=39.583 UNK=0.000 OS*=100.000 HOS=0.000 AUROC=56.893 AUPR=69.841 OSCR=56.896
Test-Close [27/50] LR=0.0001250 loss=1.122 ACC=100.000 F1=100.000 Rec=100.000 Prec=100.000
Train Client0 [28/50] LR=0.0001250 loss=0.000 ACC=100.000 F1=100.000 Rec=100.000 Prec=100.000
Train Client1 [28/50] LR=0.0001250 loss=0.001 ACC=99.956 F1=99.912 Rec=99.980 Prec=99.844
Train Client2 [28/50] LR=0.0001250 loss=0.026 ACC=99.755 F1=99.589 Rec=99.903 Prec=99.283
Train Client3 [28/50] LR=0.0001250 loss=0.028 ACC=98.864 F1=99.024 Rec=99.471 Prec=98.611
Train Client4 [28/50] LR=0.0001250 loss=0.014 ACC=99.500 F1=99.558 Rec=99.702 Prec=99.418
Train Client5 [28/50] LR=0.0001250 loss=0.026 ACC=99.006 F1=99.212 Rec=99.295 Prec=99.148
Train Client6 [28/50] LR=0.0001250 loss=0.000 ACC=100.000 F1=100.000 Rec=100.000 Prec=100.000
Train Client7 [28/50] LR=0.0001250 loss=0.000 ACC=100.000 F1=100.000 Rec=100.000 Prec=100.000

Val    [28/50] LR=0.0001250 loss=1.117 ACC=100.000 F1=100.000 Rec=100.000 Prec=100.000

Test-  OSR [28/50] LR=0.0001250 ACC=37.500 F1=47.500 Rec=75.000 Prec=39.583 UNK=0.000 OS*=100.000 HOS=0.000 AUROC=50.924 AUPR=66.382 OSCR=50.924
Test-Close [28/50] LR=0.0001250 loss=1.117 ACC=100.000 F1=100.000 Rec=100.000 Prec=100.000
Train Client0 [29/50] LR=0.0001250 loss=0.000 ACC=100.000 F1=100.000 Rec=100.000 Prec=100.000
Train Client1 [29/50] LR=0.0001250 loss=0.000 ACC=100.000 F1=100.000 Rec=100.000 Prec=100.000
Train Client2 [29/50] LR=0.0001250 loss=0.002 ACC=100.000 F1=100.000 Rec=100.000 Prec=100.000
Train Client3 [29/50] LR=0.0001250 loss=0.010 ACC=99.621 F1=99.666 Rec=99.825 Prec=99.510
Train Client4 [29/50] LR=0.0001250 loss=0.021 ACC=99.917 F1=99.927 Rec=99.962 Prec=99.891
Train Client5 [29/50] LR=0.0001250 loss=0.000 ACC=100.000 F1=100.000 Rec=100.000 Prec=100.000
Train Client6 [29/50] LR=0.0001250 loss=0.000 ACC=100.000 F1=100.000 Rec=100.000 Prec=100.000
Train Client7 [29/50] LR=0.0001250 loss=0.000 ACC=100.000 F1=100.000 Rec=100.000 Prec=100.000

Val    [29/50] LR=0.0001250 loss=1.121 ACC=100.000 F1=100.000 Rec=100.000 Prec=100.000

Test-  OSR [29/50] LR=0.0001250 ACC=37.500 F1=47.500 Rec=75.000 Prec=39.583 UNK=0.000 OS*=100.000 HOS=0.000 AUROC=60.970 AUPR=70.629 OSCR=60.979
Test-Close [29/50] LR=0.0001250 loss=1.121 ACC=100.000 F1=100.000 Rec=100.000 Prec=100.000
Train Client0 [30/50] LR=0.0001250 loss=0.018 ACC=99.840 F1=99.840 Rec=99.837 Prec=99.843
Train Client1 [30/50] LR=0.0001250 loss=0.010 ACC=99.823 F1=99.643 Rec=99.506 Prec=99.781
Train Client2 [30/50] LR=0.0001250 loss=0.008 ACC=99.939 F1=99.783 Rec=99.593 Prec=99.976
Train Client3 [30/50] LR=0.0001250 loss=0.091 ACC=98.864 F1=99.006 Rec=99.476 Prec=98.571
Train Client4 [30/50] LR=0.0001250 loss=0.008 ACC=99.917 F1=99.926 Rec=99.963 Prec=99.890
Train Client5 [30/50] LR=0.0001250 loss=0.024 ACC=99.858 F1=99.781 Rec=99.875 Prec=99.688
Train Client6 [30/50] LR=0.0001250 loss=0.000 ACC=100.000 F1=100.000 Rec=100.000 Prec=100.000
Train Client7 [30/50] LR=0.0001250 loss=0.000 ACC=100.000 F1=100.000 Rec=100.000 Prec=100.000

Val    [30/50] LR=0.0001250 loss=1.123 ACC=100.000 F1=100.000 Rec=100.000 Prec=100.000

Test-  OSR [30/50] LR=0.0001250 ACC=37.500 F1=47.500 Rec=75.000 Prec=39.583 UNK=0.000 OS*=100.000 HOS=0.000 AUROC=61.939 AUPR=71.284 OSCR=61.938
Test-Close [30/50] LR=0.0001250 loss=1.123 ACC=100.000 F1=100.000 Rec=100.000 Prec=100.000
Saving model at epoch 30 . . . . . . . .

Train Client0 [31/50] LR=0.0001250 loss=0.007 ACC=99.840 F1=99.840 Rec=99.837 Prec=99.843
Train Client1 [31/50] LR=0.0001250 loss=0.000 ACC=100.000 F1=100.000 Rec=100.000 Prec=100.000
Train Client2 [31/50] LR=0.0001250 loss=0.001 ACC=100.000 F1=100.000 Rec=100.000 Prec=100.000
Train Client3 [31/50] LR=0.0001250 loss=0.016 ACC=99.621 F1=99.672 Rec=99.824 Prec=99.524
Train Client4 [31/50] LR=0.0001250 loss=0.016 ACC=99.667 F1=99.706 Rec=99.778 Prec=99.636
Train Client5 [31/50] LR=0.0001250 loss=0.000 ACC=100.000 F1=100.000 Rec=100.000 Prec=100.000
Train Client6 [31/50] LR=0.0001250 loss=0.000 ACC=100.000 F1=100.000 Rec=100.000 Prec=100.000
Train Client7 [31/50] LR=0.0001250 loss=0.000 ACC=100.000 F1=100.000 Rec=100.000 Prec=100.000

Val    [31/50] LR=0.0001250 loss=1.121 ACC=100.000 F1=100.000 Rec=100.000 Prec=100.000

Test-  OSR [31/50] LR=0.0001250 ACC=37.500 F1=47.500 Rec=75.000 Prec=39.583 UNK=0.000 OS*=100.000 HOS=0.000 AUROC=44.551 AUPR=58.339 OSCR=44.556
Test-Close [31/50] LR=0.0001250 loss=1.121 ACC=100.000 F1=100.000 Rec=100.000 Prec=100.000
Train Client0 [32/50] LR=0.0001250 loss=0.000 ACC=100.000 F1=100.000 Rec=100.000 Prec=100.000
Train Client1 [32/50] LR=0.0001250 loss=0.016 ACC=99.647 F1=99.122 Rec=99.088 Prec=99.158
Train Client2 [32/50] LR=0.0001250 loss=0.000 ACC=100.000 F1=100.000 Rec=100.000 Prec=100.000
Train Client3 [32/50] LR=0.0001250 loss=0.010 ACC=100.000 F1=100.000 Rec=100.000 Prec=100.000
Train Client4 [32/50] LR=0.0001250 loss=0.009 ACC=99.750 F1=99.780 Rec=99.887 Prec=99.674
Train Client5 [32/50] LR=0.0001250 loss=0.008 ACC=99.858 F1=99.887 Rec=99.900 Prec=99.875
Train Client6 [32/50] LR=0.0001250 loss=0.001 ACC=100.000 F1=100.000 Rec=100.000 Prec=100.000
Train Client7 [32/50] LR=0.0001250 loss=0.370 ACC=99.265 F1=99.484 Rec=99.383 Prec=99.593

Val    [32/50] LR=0.0001250 loss=1.120 ACC=100.000 F1=100.000 Rec=100.000 Prec=100.000

Test-  OSR [32/50] LR=0.0001250 ACC=37.500 F1=47.500 Rec=75.000 Prec=39.583 UNK=0.000 OS*=100.000 HOS=0.000 AUROC=55.828 AUPR=69.535 OSCR=55.750
Test-Close [32/50] LR=0.0001250 loss=1.120 ACC=100.000 F1=100.000 Rec=100.000 Prec=100.000
Train Client0 [33/50] LR=0.0001250 loss=0.000 ACC=100.000 F1=100.000 Rec=100.000 Prec=100.000
Train Client1 [33/50] LR=0.0001250 loss=0.000 ACC=100.000 F1=100.000 Rec=100.000 Prec=100.000
Train Client2 [33/50] LR=0.0001250 loss=0.000 ACC=100.000 F1=100.000 Rec=100.000 Prec=100.000
Train Client3 [33/50] LR=0.0001250 loss=0.011 ACC=100.000 F1=100.000 Rec=100.000 Prec=100.000
Train Client4 [33/50] LR=0.0001250 loss=0.003 ACC=99.917 F1=99.926 Rec=99.963 Prec=99.890
Train Client5 [33/50] LR=0.0001250 loss=0.000 ACC=100.000 F1=100.000 Rec=100.000 Prec=100.000
Train Client6 [33/50] LR=0.0001250 loss=0.000 ACC=100.000 F1=100.000 Rec=100.000 Prec=100.000
Train Client7 [33/50] LR=0.0001250 loss=0.000 ACC=100.000 F1=100.000 Rec=100.000 Prec=100.000

Val    [33/50] LR=0.0001250 loss=1.122 ACC=100.000 F1=100.000 Rec=100.000 Prec=100.000

Test-  OSR [33/50] LR=0.0001250 ACC=37.500 F1=47.500 Rec=75.000 Prec=39.583 UNK=0.000 OS*=100.000 HOS=0.000 AUROC=54.693 AUPR=67.316 OSCR=54.655
Test-Close [33/50] LR=0.0001250 loss=1.123 ACC=100.000 F1=100.000 Rec=100.000 Prec=100.000
Train Client0 [34/50] LR=0.0001250 loss=0.000 ACC=100.000 F1=100.000 Rec=100.000 Prec=100.000
Train Client1 [34/50] LR=0.0001250 loss=0.011 ACC=99.867 F1=99.734 Rec=99.666 Prec=99.802
Train Client2 [34/50] LR=0.0001250 loss=0.000 ACC=100.000 F1=100.000 Rec=100.000 Prec=100.000
Train Client3 [34/50] LR=0.0001250 loss=0.012 ACC=99.242 F1=99.334 Rec=99.651 Prec=99.034
Train Client4 [34/50] LR=0.0001250 loss=0.045 ACC=99.833 F1=97.911 Rec=99.853 Prec=96.187
Train Client5 [34/50] LR=0.0001250 loss=0.000 ACC=100.000 F1=100.000 Rec=100.000 Prec=100.000
Train Client6 [34/50] LR=0.0001250 loss=0.000 ACC=100.000 F1=100.000 Rec=100.000 Prec=100.000
Train Client7 [34/50] LR=0.0001250 loss=0.000 ACC=100.000 F1=100.000 Rec=100.000 Prec=100.000

Val    [34/50] LR=0.0001250 loss=1.121 ACC=100.000 F1=100.000 Rec=100.000 Prec=100.000

Test-  OSR [34/50] LR=0.0001250 ACC=37.500 F1=47.500 Rec=75.000 Prec=39.583 UNK=0.000 OS*=100.000 HOS=0.000 AUROC=53.117 AUPR=64.420 OSCR=53.135
Test-Close [34/50] LR=0.0001250 loss=1.121 ACC=100.000 F1=100.000 Rec=100.000 Prec=100.000
>> New learning Rate: 6.25e-05
Train Client0 [35/50] LR=0.0000625 loss=0.003 ACC=100.000 F1=100.000 Rec=100.000 Prec=100.000
Train Client1 [35/50] LR=0.0000625 loss=0.002 ACC=99.956 F1=99.946 Rec=99.913 Prec=99.980
Train Client2 [35/50] LR=0.0000625 loss=0.001 ACC=100.000 F1=100.000 Rec=100.000 Prec=100.000
Train Client3 [35/50] LR=0.0000625 loss=0.007 ACC=100.000 F1=100.000 Rec=100.000 Prec=100.000
Train Client4 [35/50] LR=0.0000625 loss=0.003 ACC=100.000 F1=100.000 Rec=100.000 Prec=100.000
Train Client5 [35/50] LR=0.0000625 loss=0.002 ACC=100.000 F1=100.000 Rec=100.000 Prec=100.000
Train Client6 [35/50] LR=0.0000625 loss=0.000 ACC=100.000 F1=100.000 Rec=100.000 Prec=100.000
Train Client7 [35/50] LR=0.0000625 loss=0.000 ACC=100.000 F1=100.000 Rec=100.000 Prec=100.000

Val    [35/50] LR=0.0000625 loss=1.124 ACC=100.000 F1=100.000 Rec=100.000 Prec=100.000

Test-  OSR [35/50] LR=0.0000625 ACC=37.500 F1=47.500 Rec=75.000 Prec=39.583 UNK=0.000 OS*=100.000 HOS=0.000 AUROC=61.387 AUPR=69.918 OSCR=61.382
Test-Close [35/50] LR=0.0000625 loss=1.125 ACC=100.000 F1=100.000 Rec=100.000 Prec=100.000
Saving model at epoch 35 . . . . . . . .

Train Client0 [36/50] LR=0.0000625 loss=0.004 ACC=99.840 F1=66.612 Rec=66.558 Prec=66.667
Train Client1 [36/50] LR=0.0000625 loss=0.005 ACC=99.867 F1=99.667 Rec=99.736 Prec=99.600
Train Client2 [36/50] LR=0.0000625 loss=0.001 ACC=100.000 F1=100.000 Rec=100.000 Prec=100.000
Train Client3 [36/50] LR=0.0000625 loss=0.030 ACC=99.242 F1=99.347 Rec=99.647 Prec=99.061
Train Client4 [36/50] LR=0.0000625 loss=0.010 ACC=99.667 F1=95.649 Rec=99.850 Prec=92.375
Train Client5 [36/50] LR=0.0000625 loss=0.007 ACC=100.000 F1=100.000 Rec=100.000 Prec=100.000
Train Client6 [36/50] LR=0.0000625 loss=0.000 ACC=100.000 F1=100.000 Rec=100.000 Prec=100.000
Train Client7 [36/50] LR=0.0000625 loss=0.063 ACC=100.000 F1=100.000 Rec=100.000 Prec=100.000

Val    [36/50] LR=0.0000625 loss=1.126 ACC=100.000 F1=100.000 Rec=100.000 Prec=100.000

Test-  OSR [36/50] LR=0.0000625 ACC=37.500 F1=47.500 Rec=75.000 Prec=39.583 UNK=0.000 OS*=100.000 HOS=0.000 AUROC=61.339 AUPR=70.793 OSCR=61.304
Test-Close [36/50] LR=0.0000625 loss=1.126 ACC=100.000 F1=100.000 Rec=100.000 Prec=100.000
Train Client0 [37/50] LR=0.0000625 loss=0.000 ACC=100.000 F1=100.000 Rec=100.000 Prec=100.000
Train Client1 [37/50] LR=0.0000625 loss=0.000 ACC=100.000 F1=100.000 Rec=100.000 Prec=100.000
Train Client2 [37/50] LR=0.0000625 loss=0.001 ACC=100.000 F1=100.000 Rec=100.000 Prec=100.000
Train Client3 [37/50] LR=0.0000625 loss=0.097 ACC=100.000 F1=100.000 Rec=100.000 Prec=100.000
Train Client4 [37/50] LR=0.0000625 loss=0.013 ACC=99.833 F1=99.853 Rec=99.925 Prec=99.782
Train Client5 [37/50] LR=0.0000625 loss=0.000 ACC=100.000 F1=100.000 Rec=100.000 Prec=100.000
Train Client6 [37/50] LR=0.0000625 loss=0.000 ACC=100.000 F1=100.000 Rec=100.000 Prec=100.000
Train Client7 [37/50] LR=0.0000625 loss=0.000 ACC=100.000 F1=100.000 Rec=100.000 Prec=100.000

Val    [37/50] LR=0.0000625 loss=1.123 ACC=100.000 F1=100.000 Rec=100.000 Prec=100.000

Test-  OSR [37/50] LR=0.0000625 ACC=37.500 F1=47.500 Rec=75.000 Prec=39.583 UNK=0.000 OS*=100.000 HOS=0.000 AUROC=53.315 AUPR=66.126 OSCR=53.280
Test-Close [37/50] LR=0.0000625 loss=1.123 ACC=100.000 F1=100.000 Rec=100.000 Prec=100.000
Train Client0 [38/50] LR=0.0000625 loss=0.006 ACC=99.679 F1=99.679 Rec=99.674 Prec=99.687
Train Client1 [38/50] LR=0.0000625 loss=0.001 ACC=99.956 F1=99.912 Rec=99.980 Prec=99.844
Train Client2 [38/50] LR=0.0000625 loss=0.002 ACC=100.000 F1=100.000 Rec=100.000 Prec=100.000
Train Client3 [38/50] LR=0.0000625 loss=0.016 ACC=99.242 F1=99.347 Rec=99.647 Prec=99.061
Train Client4 [38/50] LR=0.0000625 loss=0.011 ACC=99.917 F1=99.926 Rec=99.962 Prec=99.891
Train Client5 [38/50] LR=0.0000625 loss=0.010 ACC=99.858 F1=99.887 Rec=99.900 Prec=99.875
Train Client6 [38/50] LR=0.0000625 loss=0.000 ACC=100.000 F1=100.000 Rec=100.000 Prec=100.000
Train Client7 [38/50] LR=0.0000625 loss=0.000 ACC=100.000 F1=100.000 Rec=100.000 Prec=100.000

Val    [38/50] LR=0.0000625 loss=1.122 ACC=100.000 F1=100.000 Rec=100.000 Prec=100.000

Test-  OSR [38/50] LR=0.0000625 ACC=37.500 F1=47.500 Rec=75.000 Prec=39.583 UNK=0.000 OS*=100.000 HOS=0.000 AUROC=46.217 AUPR=61.252 OSCR=46.236
Test-Close [38/50] LR=0.0000625 loss=1.122 ACC=100.000 F1=100.000 Rec=100.000 Prec=100.000
Train Client0 [39/50] LR=0.0000625 loss=0.001 ACC=100.000 F1=100.000 Rec=100.000 Prec=100.000
Train Client1 [39/50] LR=0.0000625 loss=0.000 ACC=100.000 F1=100.000 Rec=100.000 Prec=100.000
Train Client2 [39/50] LR=0.0000625 loss=0.000 ACC=100.000 F1=100.000 Rec=100.000 Prec=100.000
Train Client3 [39/50] LR=0.0000625 loss=0.010 ACC=99.621 F1=99.669 Rec=99.825 Prec=99.517
Train Client4 [39/50] LR=0.0000625 loss=0.006 ACC=99.917 F1=99.926 Rec=99.963 Prec=99.890
Train Client5 [39/50] LR=0.0000625 loss=0.002 ACC=100.000 F1=100.000 Rec=100.000 Prec=100.000
Train Client6 [39/50] LR=0.0000625 loss=0.000 ACC=100.000 F1=100.000 Rec=100.000 Prec=100.000
Train Client7 [39/50] LR=0.0000625 loss=0.114 ACC=100.000 F1=100.000 Rec=100.000 Prec=100.000

Val    [39/50] LR=0.0000625 loss=1.123 ACC=100.000 F1=100.000 Rec=100.000 Prec=100.000

Test-  OSR [39/50] LR=0.0000625 ACC=37.500 F1=47.500 Rec=75.000 Prec=39.583 UNK=0.000 OS*=100.000 HOS=0.000 AUROC=53.792 AUPR=66.347 OSCR=53.866
Test-Close [39/50] LR=0.0000625 loss=1.124 ACC=100.000 F1=100.000 Rec=100.000 Prec=100.000
Train Client0 [40/50] LR=0.0000625 loss=0.000 ACC=100.000 F1=100.000 Rec=100.000 Prec=100.000
Train Client1 [40/50] LR=0.0000625 loss=0.003 ACC=99.912 F1=99.755 Rec=99.755 Prec=99.755
Train Client2 [40/50] LR=0.0000625 loss=0.002 ACC=99.939 F1=99.786 Rec=99.976 Prec=99.598
Train Client3 [40/50] LR=0.0000625 loss=0.021 ACC=99.621 F1=99.672 Rec=99.824 Prec=99.524
Train Client4 [40/50] LR=0.0000625 loss=0.007 ACC=99.833 F1=97.947 Rec=99.925 Prec=96.187
Train Client5 [40/50] LR=0.0000625 loss=0.000 ACC=100.000 F1=100.000 Rec=100.000 Prec=100.000
Train Client6 [40/50] LR=0.0000625 loss=0.000 ACC=100.000 F1=100.000 Rec=100.000 Prec=100.000
Train Client7 [40/50] LR=0.0000625 loss=0.000 ACC=100.000 F1=100.000 Rec=100.000 Prec=100.000

Val    [40/50] LR=0.0000625 loss=1.122 ACC=100.000 F1=100.000 Rec=100.000 Prec=100.000

Test-  OSR [40/50] LR=0.0000625 ACC=37.500 F1=47.500 Rec=75.000 Prec=39.583 UNK=0.000 OS*=100.000 HOS=0.000 AUROC=44.283 AUPR=58.116 OSCR=44.259
Test-Close [40/50] LR=0.0000625 loss=1.123 ACC=100.000 F1=100.000 Rec=100.000 Prec=100.000
Saving model at epoch 40 . . . . . . . .

Train Client0 [41/50] LR=0.0000625 loss=0.000 ACC=100.000 F1=100.000 Rec=100.000 Prec=100.000
Train Client1 [41/50] LR=0.0000625 loss=0.001 ACC=99.956 F1=99.878 Rec=99.913 Prec=99.843
Train Client2 [41/50] LR=0.0000625 loss=0.001 ACC=100.000 F1=100.000 Rec=100.000 Prec=100.000
Train Client3 [41/50] LR=0.0000625 loss=0.010 ACC=100.000 F1=100.000 Rec=100.000 Prec=100.000
Train Client4 [41/50] LR=0.0000625 loss=0.007 ACC=99.917 F1=99.926 Rec=99.963 Prec=99.890
Train Client5 [41/50] LR=0.0000625 loss=0.006 ACC=99.716 F1=99.775 Rec=99.799 Prec=99.752
Train Client6 [41/50] LR=0.0000625 loss=0.000 ACC=100.000 F1=100.000 Rec=100.000 Prec=100.000
Train Client7 [41/50] LR=0.0000625 loss=0.010 ACC=100.000 F1=100.000 Rec=100.000 Prec=100.000

Val    [41/50] LR=0.0000625 loss=1.122 ACC=100.000 F1=100.000 Rec=100.000 Prec=100.000

Test-  OSR [41/50] LR=0.0000625 ACC=37.500 F1=47.500 Rec=75.000 Prec=39.583 UNK=0.000 OS*=100.000 HOS=0.000 AUROC=54.498 AUPR=67.434 OSCR=54.593
Test-Close [41/50] LR=0.0000625 loss=1.123 ACC=100.000 F1=100.000 Rec=100.000 Prec=100.000
Train Client0 [42/50] LR=0.0000625 loss=0.008 ACC=100.000 F1=100.000 Rec=100.000 Prec=100.000
Train Client1 [42/50] LR=0.0000625 loss=0.000 ACC=100.000 F1=100.000 Rec=100.000 Prec=100.000
Train Client2 [42/50] LR=0.0000625 loss=0.001 ACC=100.000 F1=100.000 Rec=100.000 Prec=100.000
Train Client3 [42/50] LR=0.0000625 loss=0.011 ACC=99.621 F1=99.672 Rec=99.824 Prec=99.524
Train Client4 [42/50] LR=0.0000625 loss=0.006 ACC=99.833 F1=99.853 Rec=99.853 Prec=99.853
Train Client5 [42/50] LR=0.0000625 loss=0.012 ACC=100.000 F1=100.000 Rec=100.000 Prec=100.000
Train Client6 [42/50] LR=0.0000625 loss=0.000 ACC=100.000 F1=100.000 Rec=100.000 Prec=100.000
Train Client7 [42/50] LR=0.0000625 loss=0.008 ACC=100.000 F1=100.000 Rec=100.000 Prec=100.000

Val    [42/50] LR=0.0000625 loss=1.124 ACC=100.000 F1=100.000 Rec=100.000 Prec=100.000

Test-  OSR [42/50] LR=0.0000625 ACC=37.500 F1=47.500 Rec=75.000 Prec=39.583 UNK=0.000 OS*=100.000 HOS=0.000 AUROC=60.321 AUPR=70.055 OSCR=60.263
Test-Close [42/50] LR=0.0000625 loss=1.125 ACC=100.000 F1=100.000 Rec=100.000 Prec=100.000
Train Client0 [43/50] LR=0.0000625 loss=0.000 ACC=100.000 F1=100.000 Rec=100.000 Prec=100.000
Train Client1 [43/50] LR=0.0000625 loss=0.000 ACC=100.000 F1=100.000 Rec=100.000 Prec=100.000
Train Client2 [43/50] LR=0.0000625 loss=0.001 ACC=100.000 F1=100.000 Rec=100.000 Prec=100.000
Train Client3 [43/50] LR=0.0000625 loss=0.011 ACC=100.000 F1=100.000 Rec=100.000 Prec=100.000
Train Client4 [43/50] LR=0.0000625 loss=0.008 ACC=99.833 F1=99.853 Rec=99.853 Prec=99.853
Train Client5 [43/50] LR=0.0000625 loss=0.010 ACC=99.858 F1=99.887 Rec=99.900 Prec=99.875
Train Client6 [43/50] LR=0.0000625 loss=0.000 ACC=100.000 F1=100.000 Rec=100.000 Prec=100.000
Train Client7 [43/50] LR=0.0000625 loss=0.000 ACC=100.000 F1=100.000 Rec=100.000 Prec=100.000

Val    [43/50] LR=0.0000625 loss=1.123 ACC=100.000 F1=100.000 Rec=100.000 Prec=100.000

Test-  OSR [43/50] LR=0.0000625 ACC=37.500 F1=47.500 Rec=75.000 Prec=39.583 UNK=0.000 OS*=100.000 HOS=0.000 AUROC=48.368 AUPR=63.140 OSCR=48.439
Test-Close [43/50] LR=0.0000625 loss=1.123 ACC=100.000 F1=100.000 Rec=100.000 Prec=100.000
Train Client0 [44/50] LR=0.0000625 loss=0.000 ACC=100.000 F1=100.000 Rec=100.000 Prec=100.000
Train Client1 [44/50] LR=0.0000625 loss=0.000 ACC=100.000 F1=100.000 Rec=100.000 Prec=100.000
Train Client2 [44/50] LR=0.0000625 loss=0.000 ACC=100.000 F1=100.000 Rec=100.000 Prec=100.000
Train Client3 [44/50] LR=0.0000625 loss=0.007 ACC=100.000 F1=100.000 Rec=100.000 Prec=100.000
Train Client4 [44/50] LR=0.0000625 loss=0.003 ACC=100.000 F1=100.000 Rec=100.000 Prec=100.000
Train Client5 [44/50] LR=0.0000625 loss=0.000 ACC=100.000 F1=100.000 Rec=100.000 Prec=100.000
Train Client6 [44/50] LR=0.0000625 loss=0.000 ACC=100.000 F1=100.000 Rec=100.000 Prec=100.000
Train Client7 [44/50] LR=0.0000625 loss=0.000 ACC=100.000 F1=100.000 Rec=100.000 Prec=100.000

Val    [44/50] LR=0.0000625 loss=1.123 ACC=100.000 F1=100.000 Rec=100.000 Prec=100.000

Test-  OSR [44/50] LR=0.0000625 ACC=37.500 F1=47.500 Rec=75.000 Prec=39.583 UNK=0.000 OS*=100.000 HOS=0.000 AUROC=54.529 AUPR=67.123 OSCR=54.506
Test-Close [44/50] LR=0.0000625 loss=1.123 ACC=100.000 F1=100.000 Rec=100.000 Prec=100.000
Train Client0 [45/50] LR=0.0000625 loss=0.000 ACC=100.000 F1=100.000 Rec=100.000 Prec=100.000
Train Client1 [45/50] LR=0.0000625 loss=0.000 ACC=100.000 F1=100.000 Rec=100.000 Prec=100.000
Train Client2 [45/50] LR=0.0000625 loss=0.002 ACC=99.939 F1=99.896 Rec=99.817 Prec=99.976
Train Client3 [45/50] LR=0.0000625 loss=0.008 ACC=100.000 F1=100.000 Rec=100.000 Prec=100.000
Train Client4 [45/50] LR=0.0000625 loss=0.003 ACC=100.000 F1=100.000 Rec=100.000 Prec=100.000
Train Client5 [45/50] LR=0.0000625 loss=0.000 ACC=100.000 F1=100.000 Rec=100.000 Prec=100.000
Train Client6 [45/50] LR=0.0000625 loss=0.000 ACC=100.000 F1=100.000 Rec=100.000 Prec=100.000
Train Client7 [45/50] LR=0.0000625 loss=0.027 ACC=100.000 F1=100.000 Rec=100.000 Prec=100.000

Val    [45/50] LR=0.0000625 loss=1.122 ACC=100.000 F1=100.000 Rec=100.000 Prec=100.000

Test-  OSR [45/50] LR=0.0000625 ACC=37.500 F1=47.500 Rec=75.000 Prec=39.583 UNK=0.000 OS*=100.000 HOS=0.000 AUROC=58.786 AUPR=68.856 OSCR=58.923
Test-Close [45/50] LR=0.0000625 loss=1.122 ACC=100.000 F1=100.000 Rec=100.000 Prec=100.000
Saving model at epoch 45 . . . . . . . .

Train Client0 [46/50] LR=0.0000625 loss=0.002 ACC=100.000 F1=100.000 Rec=100.000 Prec=100.000
Train Client1 [46/50] LR=0.0000625 loss=0.002 ACC=99.956 F1=99.910 Rec=99.841 Prec=99.980
Train Client2 [46/50] LR=0.0000625 loss=0.000 ACC=100.000 F1=100.000 Rec=100.000 Prec=100.000
Train Client3 [46/50] LR=0.0000625 loss=0.002 ACC=100.000 F1=100.000 Rec=100.000 Prec=100.000
Train Client4 [46/50] LR=0.0000625 loss=0.008 ACC=99.833 F1=99.853 Rec=99.925 Prec=99.783
Train Client5 [46/50] LR=0.0000625 loss=0.000 ACC=100.000 F1=100.000 Rec=100.000 Prec=100.000
Train Client6 [46/50] LR=0.0000625 loss=0.226 ACC=100.000 F1=100.000 Rec=100.000 Prec=100.000
Train Client7 [46/50] LR=0.0000625 loss=0.001 ACC=100.000 F1=100.000 Rec=100.000 Prec=100.000

Val    [46/50] LR=0.0000625 loss=1.124 ACC=100.000 F1=100.000 Rec=100.000 Prec=100.000

Test-  OSR [46/50] LR=0.0000625 ACC=37.500 F1=47.500 Rec=75.000 Prec=39.583 UNK=0.000 OS*=100.000 HOS=0.000 AUROC=49.924 AUPR=63.666 OSCR=50.907
Test-Close [46/50] LR=0.0000625 loss=1.124 ACC=100.000 F1=100.000 Rec=100.000 Prec=100.000
>> New learning Rate: 3.125e-05
Train Client0 [47/50] LR=0.0000313 loss=0.018 ACC=99.679 F1=66.558 Rec=66.450 Prec=66.667
Train Client1 [47/50] LR=0.0000313 loss=0.000 ACC=100.000 F1=100.000 Rec=100.000 Prec=100.000
Train Client2 [47/50] LR=0.0000313 loss=0.001 ACC=100.000 F1=100.000 Rec=100.000 Prec=100.000
Train Client3 [47/50] LR=0.0000313 loss=0.008 ACC=100.000 F1=100.000 Rec=100.000 Prec=100.000
Train Client4 [47/50] LR=0.0000313 loss=0.006 ACC=99.917 F1=99.926 Rec=99.963 Prec=99.890
Train Client5 [47/50] LR=0.0000313 loss=0.000 ACC=100.000 F1=100.000 Rec=100.000 Prec=100.000
Train Client6 [47/50] LR=0.0000313 loss=0.000 ACC=100.000 F1=100.000 Rec=100.000 Prec=100.000
Train Client7 [47/50] LR=0.0000313 loss=0.000 ACC=100.000 F1=100.000 Rec=100.000 Prec=100.000

Val    [47/50] LR=0.0000313 loss=1.125 ACC=100.000 F1=100.000 Rec=100.000 Prec=100.000

Test-  OSR [47/50] LR=0.0000313 ACC=37.500 F1=47.500 Rec=75.000 Prec=39.583 UNK=0.000 OS*=100.000 HOS=0.000 AUROC=54.437 AUPR=66.765 OSCR=54.116
Test-Close [47/50] LR=0.0000313 loss=1.125 ACC=100.000 F1=100.000 Rec=100.000 Prec=100.000
Train Client0 [48/50] LR=0.0000313 loss=0.000 ACC=100.000 F1=100.000 Rec=100.000 Prec=100.000
Train Client1 [48/50] LR=0.0000313 loss=0.000 ACC=100.000 F1=100.000 Rec=100.000 Prec=100.000
Train Client2 [48/50] LR=0.0000313 loss=0.000 ACC=100.000 F1=100.000 Rec=100.000 Prec=100.000
Train Client3 [48/50] LR=0.0000313 loss=0.006 ACC=100.000 F1=100.000 Rec=100.000 Prec=100.000
Train Client4 [48/50] LR=0.0000313 loss=0.003 ACC=100.000 F1=100.000 Rec=100.000 Prec=100.000
Train Client5 [48/50] LR=0.0000313 loss=0.049 ACC=98.864 F1=99.100 Rec=99.194 Prec=99.030
Train Client6 [48/50] LR=0.0000313 loss=0.000 ACC=100.000 F1=100.000 Rec=100.000 Prec=100.000
Train Client7 [48/50] LR=0.0000313 loss=0.115 ACC=100.000 F1=100.000 Rec=100.000 Prec=100.000

Val    [48/50] LR=0.0000313 loss=1.123 ACC=100.000 F1=100.000 Rec=100.000 Prec=100.000

Test-  OSR [48/50] LR=0.0000313 ACC=37.500 F1=47.500 Rec=75.000 Prec=39.583 UNK=0.000 OS*=100.000 HOS=0.000 AUROC=51.549 AUPR=64.674 OSCR=51.504
Test-Close [48/50] LR=0.0000313 loss=1.124 ACC=100.000 F1=100.000 Rec=100.000 Prec=100.000
Train Client0 [49/50] LR=0.0000313 loss=0.008 ACC=99.840 F1=66.612 Rec=66.558 Prec=66.667
Train Client1 [49/50] LR=0.0000313 loss=0.000 ACC=100.000 F1=100.000 Rec=100.000 Prec=100.000
Train Client2 [49/50] LR=0.0000313 loss=0.000 ACC=100.000 F1=100.000 Rec=100.000 Prec=100.000
Train Client3 [49/50] LR=0.0000313 loss=0.004 ACC=100.000 F1=100.000 Rec=100.000 Prec=100.000
Train Client4 [49/50] LR=0.0000313 loss=0.005 ACC=99.917 F1=98.020 Rec=99.963 Prec=96.296
Train Client5 [49/50] LR=0.0000313 loss=0.000 ACC=100.000 F1=100.000 Rec=100.000 Prec=100.000
Train Client6 [49/50] LR=0.0000313 loss=0.078 ACC=100.000 F1=100.000 Rec=100.000 Prec=100.000
Train Client7 [49/50] LR=0.0000313 loss=0.076 ACC=100.000 F1=100.000 Rec=100.000 Prec=100.000

Val    [49/50] LR=0.0000313 loss=1.121 ACC=100.000 F1=100.000 Rec=100.000 Prec=100.000

Test-  OSR [49/50] LR=0.0000313 ACC=37.500 F1=47.500 Rec=75.000 Prec=39.583 UNK=0.000 OS*=100.000 HOS=0.000 AUROC=47.845 AUPR=62.142 OSCR=46.398
Test-Close [49/50] LR=0.0000313 loss=1.122 ACC=100.000 F1=100.000 Rec=100.000 Prec=100.000
------>Best performance (by OSCR)--->>>>>>>

Test-  OSR [8/50] LR=0.0005000 ACC=37.500 F1=47.420 Rec=75.000 Prec=39.395 UNK=0.000 OS*=100.000 HOS=0.000 AUROC=65.034 AUPR=71.325 OSCR=65.034
Test-Close [8/50] LR=0.0005000 loss=1.127 ACC=100.000 F1=100.000 Rec=100.000 Prec=100.000
=====================================================================================================================================
The ending time ：2026-07-04 22:32:56
