Logging to: ./logs/RetinalOCT_Pretrain_K5_U3_seed0_20260528_120626.log
==> Preparing data..
Known class list: [6 2 1 7 3] Unknown class list [0 5 4]
Total images — Train: 18400, Val: 2800, Test: 2800
{6: 0, 2: 1, 1: 2, 7: 3, 3: 4} {0: 5, 5: 6, 4: 7}
Known origin: [6 2 1 7 3] , new: [0 1 2 3 4]
Unknown origin: [0 5 4] , new: [5 6 7]
Known/Unknown in Train: 11500/6900
Known/Unknown in Val:   1750/1050
Known/Unknown in Test:  1750/1050
Client0 sample num: 1861
Client1 sample num: 2876
Client2 sample num: 2109
Client3 sample num: 533
Client4 sample num: 1312
Client5 sample num: 1125
Client6 sample num: 362
Client7 sample num: 1322

>>> Setting up
==> Building [Resnet18] model..
154
120
Train Client0 [0/200] LR=0.0005000 loss=1.453 ACC=70.259 F1=50.610 Rec=50.469 Prec=51.036
Train Client1 [0/200] LR=0.0005000 loss=1.121 ACC=80.780 F1=56.280 Rec=55.723 Prec=57.254
Train Client2 [0/200] LR=0.0005000 loss=1.258 ACC=77.091 F1=48.744 Rec=48.425 Prec=51.861
Train Client3 [0/200] LR=0.0005000 loss=1.936 ACC=65.720 F1=45.388 Rec=45.047 Prec=46.105
Train Client4 [0/200] LR=0.0005000 loss=0.947 ACC=84.604 F1=38.563 Rec=38.784 Prec=40.415
Train Client5 [0/200] LR=0.0005000 loss=1.708 ACC=69.107 F1=46.150 Rec=46.684 Prec=46.511
Train Client6 [0/200] LR=0.0005000 loss=1.964 ACC=65.278 F1=26.314 Rec=27.126 Prec=25.870
Train Client7 [0/200] LR=0.0005000 loss=1.596 ACC=72.803 F1=38.024 Rec=36.459 Prec=43.680

Val    [0/200] LR=0.0005000 loss=2.840 ACC=43.314 F1=30.058 Rec=43.314 Prec=48.647

Test-  OSR [0/200] LR=0.0005000 ACC=27.714 F1=19.974 Rec=36.952 Prec=37.286 UNK=0.000 OS*=44.343 HOS=0.000 AUROC=59.487 AUPR=51.400 OSCR=31.722
Test-Close [0/200] LR=0.0005000 loss=2.837 ACC=44.343 F1=31.896 Rec=44.343 Prec=53.067
Saving best model . . . . . . . .

Saving model at epoch 0 . . . . . . . .

Train Client0 [1/200] LR=0.0005000 loss=0.991 ACC=78.556 F1=74.048 Rec=73.764 Prec=74.413
Train Client1 [1/200] LR=0.0005000 loss=0.853 ACC=84.993 F1=61.050 Rec=60.188 Prec=62.370
Train Client2 [1/200] LR=0.0005000 loss=0.947 ACC=82.700 F1=58.966 Rec=58.211 Prec=61.665
Train Client3 [1/200] LR=0.0005000 loss=1.497 ACC=74.621 F1=52.112 Rec=51.925 Prec=53.194
Train Client4 [1/200] LR=0.0005000 loss=0.820 ACC=86.052 F1=41.722 Rec=41.861 Prec=41.873
Train Client5 [1/200] LR=0.0005000 loss=1.172 ACC=77.679 F1=58.509 Rec=57.716 Prec=59.770
Train Client6 [1/200] LR=0.0005000 loss=1.484 ACC=75.000 F1=34.284 Rec=33.444 Prec=36.925
Train Client7 [1/200] LR=0.0005000 loss=1.060 ACC=80.985 F1=50.758 Rec=49.531 Prec=52.798

Val    [1/200] LR=0.0005000 loss=2.425 ACC=67.314 F1=64.667 Rec=67.314 Prec=83.106

Test-  OSR [1/200] LR=0.0005000 ACC=41.393 F1=43.637 Rec=55.190 Prec=56.289 UNK=0.000 OS*=66.229 HOS=0.000 AUROC=58.432 AUPR=44.056 OSCR=46.038
Test-Close [1/200] LR=0.0005000 loss=2.425 ACC=66.229 F1=63.660 Rec=66.229 Prec=82.626
Saving best model . . . . . . . .

Train Client0 [2/200] LR=0.0005000 loss=0.897 ACC=80.765 F1=61.251 Rec=60.969 Prec=61.900
Train Client1 [2/200] LR=0.0005000 loss=0.664 ACC=88.057 F1=66.088 Rec=65.215 Prec=75.718
Train Client2 [2/200] LR=0.0005000 loss=0.860 ACC=83.175 F1=60.175 Rec=59.659 Prec=62.223
Train Client3 [2/200] LR=0.0005000 loss=1.355 ACC=77.462 F1=57.014 Rec=56.344 Prec=58.133
Train Client4 [2/200] LR=0.0005000 loss=0.642 ACC=89.101 F1=47.195 Rec=47.373 Prec=47.217
Train Client5 [2/200] LR=0.0005000 loss=0.794 ACC=85.089 F1=65.466 Rec=65.486 Prec=65.449
Train Client6 [2/200] LR=0.0005000 loss=1.154 ACC=78.889 F1=47.697 Rec=48.266 Prec=50.275
Train Client7 [2/200] LR=0.0005000 loss=1.087 ACC=79.242 F1=49.663 Rec=48.234 Prec=52.411

Val    [2/200] LR=0.0005000 loss=2.229 ACC=81.314 F1=81.093 Rec=81.314 Prec=85.193

Test-  OSR [2/200] LR=0.0005000 ACC=50.107 F1=54.851 Rec=66.810 Prec=53.601 UNK=0.000 OS*=80.171 HOS=0.000 AUROC=43.619 AUPR=35.453 OSCR=39.117
Test-Close [2/200] LR=0.0005000 loss=2.235 ACC=80.171 F1=79.914 Rec=80.171 Prec=84.327
Train Client0 [3/200] LR=0.0005000 loss=0.763 ACC=82.381 F1=79.668 Rec=79.725 Prec=79.674
Train Client1 [3/200] LR=0.0005000 loss=0.594 ACC=89.102 F1=66.497 Rec=65.880 Prec=67.387
Train Client2 [3/200] LR=0.0005000 loss=0.700 ACC=87.643 F1=68.497 Rec=68.160 Prec=70.755
Train Client3 [3/200] LR=0.0005000 loss=0.997 ACC=83.333 F1=62.480 Rec=61.554 Prec=64.036
Train Client4 [3/200] LR=0.0005000 loss=0.616 ACC=90.320 F1=49.544 Rec=47.952 Prec=55.690
Train Client5 [3/200] LR=0.0005000 loss=0.684 ACC=87.679 F1=73.181 Rec=73.691 Prec=72.784
Train Client6 [3/200] LR=0.0005000 loss=1.138 ACC=79.444 F1=50.293 Rec=48.144 Prec=54.832
Train Client7 [3/200] LR=0.0005000 loss=0.840 ACC=85.000 F1=60.504 Rec=58.695 Prec=62.763

Val    [3/200] LR=0.0005000 loss=2.043 ACC=85.829 F1=85.632 Rec=85.829 Prec=89.042

Test-  OSR [3/200] LR=0.0005000 ACC=53.000 F1=57.663 Rec=70.667 Prec=55.445 UNK=0.000 OS*=84.800 HOS=0.000 AUROC=47.936 AUPR=36.645 OSCR=44.548
Test-Close [3/200] LR=0.0005000 loss=2.054 ACC=84.800 F1=84.603 Rec=84.800 Prec=88.297
Train Client0 [4/200] LR=0.0005000 loss=0.670 ACC=86.045 F1=67.138 Rec=67.343 Prec=66.990
Train Client1 [4/200] LR=0.0005000 loss=0.460 ACC=92.131 F1=71.430 Rec=70.698 Prec=77.517
Train Client2 [4/200] LR=0.0005000 loss=0.615 ACC=88.593 F1=70.988 Rec=70.304 Prec=73.402
Train Client3 [4/200] LR=0.0005000 loss=0.839 ACC=88.258 F1=72.196 Rec=69.803 Prec=78.339
Train Client4 [4/200] LR=0.0005000 loss=0.456 ACC=92.073 F1=59.873 Rec=57.492 Prec=63.553
Train Client5 [4/200] LR=0.0005000 loss=0.650 ACC=87.232 F1=68.302 Rec=68.590 Prec=68.028
Train Client6 [4/200] LR=0.0005000 loss=1.124 ACC=80.278 F1=56.325 Rec=55.195 Prec=59.716
Train Client7 [4/200] LR=0.0005000 loss=0.805 ACC=85.076 F1=59.249 Rec=57.068 Prec=62.816

Val    [4/200] LR=0.0005000 loss=1.937 ACC=88.457 F1=88.323 Rec=88.457 Prec=90.745

Test-  OSR [4/200] LR=0.0005000 ACC=54.750 F1=57.922 Rec=73.000 Prec=52.392 UNK=0.000 OS*=87.600 HOS=0.000 AUROC=76.875 AUPR=60.325 OSCR=71.678
Test-Close [4/200] LR=0.0005000 loss=1.946 ACC=87.600 F1=87.518 Rec=87.600 Prec=90.106
Saving best model . . . . . . . .

Train Client0 [5/200] LR=0.0005000 loss=0.583 ACC=87.769 F1=69.088 Rec=69.211 Prec=69.004
Train Client1 [5/200] LR=0.0005000 loss=0.438 ACC=91.539 F1=73.410 Rec=71.814 Prec=76.630
Train Client2 [5/200] LR=0.0005000 loss=0.534 ACC=90.209 F1=76.207 Rec=75.119 Prec=78.976
Train Client3 [5/200] LR=0.0005000 loss=0.756 ACC=86.742 F1=70.186 Rec=68.515 Prec=73.329
Train Client4 [5/200] LR=0.0005000 loss=0.357 ACC=94.817 F1=64.382 Rec=62.733 Prec=66.546
Train Client5 [5/200] LR=0.0005000 loss=0.618 ACC=88.839 F1=70.263 Rec=70.357 Prec=70.185
Train Client6 [5/200] LR=0.0005000 loss=0.812 ACC=85.556 F1=70.379 Rec=72.228 Prec=70.339
Train Client7 [5/200] LR=0.0005000 loss=0.755 ACC=85.379 F1=62.316 Rec=60.882 Prec=64.152

Val    [5/200] LR=0.0005000 loss=1.911 ACC=88.743 F1=88.591 Rec=88.743 Prec=91.042

Test-  OSR [5/200] LR=0.0005000 ACC=55.429 F1=58.974 Rec=73.905 Prec=53.335 UNK=0.000 OS*=88.686 HOS=0.000 AUROC=74.544 AUPR=54.158 OSCR=70.355
Test-Close [5/200] LR=0.0005000 loss=1.916 ACC=88.686 F1=88.618 Rec=88.686 Prec=90.853
Saving model at epoch 5 . . . . . . . .

Train Client0 [6/200] LR=0.0005000 loss=0.532 ACC=88.416 F1=69.488 Rec=69.705 Prec=69.298
Train Client1 [6/200] LR=0.0005000 loss=0.378 ACC=92.618 F1=78.017 Rec=75.715 Prec=82.500
Train Client2 [6/200] LR=0.0005000 loss=0.495 ACC=90.922 F1=79.118 Rec=78.054 Prec=81.617
Train Client3 [6/200] LR=0.0005000 loss=0.644 ACC=90.152 F1=82.853 Rec=79.052 Prec=90.264
Train Client4 [6/200] LR=0.0005000 loss=0.317 ACC=94.436 F1=67.508 Rec=67.327 Prec=68.211
Train Client5 [6/200] LR=0.0005000 loss=0.476 ACC=91.964 F1=72.692 Rec=72.817 Prec=72.570
Train Client6 [6/200] LR=0.0005000 loss=0.831 ACC=82.778 F1=63.442 Rec=67.229 Prec=61.385
Train Client7 [6/200] LR=0.0005000 loss=0.663 ACC=88.106 F1=65.448 Rec=64.071 Prec=67.284

Val    [6/200] LR=0.0005000 loss=1.828 ACC=92.743 F1=92.569 Rec=92.743 Prec=93.564

Test-  OSR [6/200] LR=0.0005000 ACC=58.429 F1=61.673 Rec=77.905 Prec=54.062 UNK=0.000 OS*=93.486 HOS=0.000 AUROC=80.770 AUPR=64.432 OSCR=78.293
Test-Close [6/200] LR=0.0005000 loss=1.825 ACC=93.486 F1=93.353 Rec=93.486 Prec=94.092
Saving best model . . . . . . . .

Train Client0 [7/200] LR=0.0005000 loss=0.557 ACC=88.847 F1=69.927 Rec=69.768 Prec=70.142
Train Client1 [7/200] LR=0.0005000 loss=0.321 ACC=93.872 F1=80.927 Rec=79.154 Prec=83.770
Train Client2 [7/200] LR=0.0005000 loss=0.463 ACC=91.635 F1=82.633 Rec=81.554 Prec=84.780
Train Client3 [7/200] LR=0.0005000 loss=0.492 ACC=91.477 F1=79.219 Rec=77.581 Prec=81.685
Train Client4 [7/200] LR=0.0005000 loss=0.301 ACC=94.665 F1=69.128 Rec=67.610 Prec=71.137
Train Client5 [7/200] LR=0.0005000 loss=0.430 ACC=93.036 F1=73.394 Rec=73.226 Prec=73.577
Train Client6 [7/200] LR=0.0005000 loss=0.707 ACC=86.667 F1=73.569 Rec=74.787 Prec=73.328
Train Client7 [7/200] LR=0.0005000 loss=0.588 ACC=88.788 F1=85.835 Rec=85.001 Prec=86.873

Val    [7/200] LR=0.0005000 loss=1.834 ACC=93.371 F1=93.242 Rec=93.371 Prec=94.160

Test-  OSR [7/200] LR=0.0005000 ACC=58.071 F1=60.357 Rec=77.429 Prec=52.074 UNK=0.000 OS*=92.914 HOS=0.000 AUROC=83.345 AUPR=73.223 OSCR=79.915
Test-Close [7/200] LR=0.0005000 loss=1.827 ACC=92.914 F1=92.776 Rec=92.914 Prec=93.641
Saving best model . . . . . . . .

Train Client0 [8/200] LR=0.0005000 loss=0.471 ACC=90.140 F1=88.734 Rec=89.060 Prec=88.444
Train Client1 [8/200] LR=0.0005000 loss=0.307 ACC=94.359 F1=82.391 Rec=80.939 Prec=84.241
Train Client2 [8/200] LR=0.0005000 loss=0.427 ACC=92.490 F1=82.863 Rec=81.622 Prec=84.830
Train Client3 [8/200] LR=0.0005000 loss=0.497 ACC=91.667 F1=81.193 Rec=80.576 Prec=82.099
Train Client4 [8/200] LR=0.0005000 loss=0.257 ACC=95.579 F1=68.700 Rec=69.893 Prec=67.803
Train Client5 [8/200] LR=0.0005000 loss=0.444 ACC=92.411 F1=73.891 Rec=73.951 Prec=73.841
Train Client6 [8/200] LR=0.0005000 loss=0.667 ACC=86.667 F1=77.343 Rec=77.968 Prec=77.428
Train Client7 [8/200] LR=0.0005000 loss=0.649 ACC=88.485 F1=66.137 Rec=65.323 Prec=67.102

Val    [8/200] LR=0.0005000 loss=1.817 ACC=92.971 F1=92.930 Rec=92.971 Prec=93.503

Test-  OSR [8/200] LR=0.0005000 ACC=58.143 F1=61.568 Rec=77.524 Prec=53.377 UNK=0.000 OS*=93.029 HOS=0.000 AUROC=75.644 AUPR=57.085 OSCR=73.442
Test-Close [8/200] LR=0.0005000 loss=1.815 ACC=93.029 F1=92.995 Rec=93.029 Prec=93.450
Train Client0 [9/200] LR=0.0005000 loss=0.433 ACC=90.140 F1=88.966 Rec=89.588 Prec=88.416
Train Client1 [9/200] LR=0.0005000 loss=0.301 ACC=94.429 F1=84.294 Rec=82.746 Prec=86.375
Train Client2 [9/200] LR=0.0005000 loss=0.427 ACC=92.300 F1=79.923 Rec=78.842 Prec=82.363
Train Client3 [9/200] LR=0.0005000 loss=0.500 ACC=91.667 F1=78.749 Rec=77.791 Prec=79.869
Train Client4 [9/200] LR=0.0005000 loss=0.298 ACC=94.588 F1=68.058 Rec=67.962 Prec=68.234
Train Client5 [9/200] LR=0.0005000 loss=0.435 ACC=93.125 F1=73.696 Rec=73.484 Prec=73.924
Train Client6 [9/200] LR=0.0005000 loss=0.632 ACC=88.333 F1=76.635 Rec=75.989 Prec=77.866
Train Client7 [9/200] LR=0.0005000 loss=0.584 ACC=89.242 F1=67.111 Rec=66.189 Prec=68.240

Val    [9/200] LR=0.0005000 loss=1.807 ACC=93.371 F1=93.329 Rec=93.371 Prec=93.948

Test-  OSR [9/200] LR=0.0005000 ACC=58.321 F1=61.704 Rec=77.762 Prec=53.526 UNK=0.000 OS*=93.314 HOS=0.000 AUROC=81.853 AUPR=64.430 OSCR=79.236
Test-Close [9/200] LR=0.0005000 loss=1.801 ACC=93.314 F1=93.297 Rec=93.314 Prec=93.852
Train Client0 [10/200] LR=0.0005000 loss=0.424 ACC=91.272 F1=72.385 Rec=72.963 Prec=71.895
Train Client1 [10/200] LR=0.0005000 loss=0.298 ACC=93.872 F1=80.227 Rec=79.057 Prec=81.638
Train Client2 [10/200] LR=0.0005000 loss=0.438 ACC=92.490 F1=82.607 Rec=81.275 Prec=84.565
Train Client3 [10/200] LR=0.0005000 loss=0.498 ACC=91.667 F1=83.207 Rec=80.871 Prec=86.620
Train Client4 [10/200] LR=0.0005000 loss=0.264 ACC=95.274 F1=71.300 Rec=70.545 Prec=72.447
Train Client5 [10/200] LR=0.0005000 loss=0.366 ACC=92.946 F1=74.039 Rec=73.908 Prec=74.180
Train Client6 [10/200] LR=0.0005000 loss=0.619 ACC=87.778 F1=81.067 Rec=81.634 Prec=80.888
Train Client7 [10/200] LR=0.0005000 loss=0.546 ACC=90.076 F1=68.138 Rec=67.674 Prec=68.714

Val    [10/200] LR=0.0005000 loss=1.813 ACC=93.257 F1=93.181 Rec=93.257 Prec=94.034

Test-  OSR [10/200] LR=0.0005000 ACC=58.000 F1=60.813 Rec=77.333 Prec=52.647 UNK=0.000 OS*=92.800 HOS=0.000 AUROC=82.022 AUPR=65.117 OSCR=79.049
Test-Close [10/200] LR=0.0005000 loss=1.807 ACC=92.800 F1=92.715 Rec=92.800 Prec=93.466
Saving model at epoch 10 . . . . . . . .

Train Client0 [11/200] LR=0.0005000 loss=0.433 ACC=90.948 F1=89.933 Rec=90.473 Prec=89.460
Train Client1 [11/200] LR=0.0005000 loss=0.271 ACC=94.533 F1=85.189 Rec=84.138 Prec=86.489
Train Client2 [11/200] LR=0.0005000 loss=0.356 ACC=93.536 F1=84.969 Rec=84.114 Prec=86.410
Train Client3 [11/200] LR=0.0005000 loss=0.447 ACC=91.856 F1=85.203 Rec=83.960 Prec=86.711
Train Client4 [11/200] LR=0.0005000 loss=0.229 ACC=95.960 F1=74.854 Rec=73.512 Prec=76.901
Train Client5 [11/200] LR=0.0005000 loss=0.282 ACC=95.179 F1=75.707 Rec=75.840 Prec=75.588
Train Client6 [11/200] LR=0.0005000 loss=0.565 ACC=89.167 F1=81.360 Rec=82.831 Prec=80.529
Train Client7 [11/200] LR=0.0005000 loss=0.574 ACC=90.455 F1=68.881 Rec=67.567 Prec=70.510

Val    [11/200] LR=0.0005000 loss=1.785 ACC=93.771 F1=93.710 Rec=93.771 Prec=94.450

Test-  OSR [11/200] LR=0.0005000 ACC=58.786 F1=61.831 Rec=78.381 Prec=53.627 UNK=0.000 OS*=94.057 HOS=0.000 AUROC=85.171 AUPR=73.552 OSCR=82.220
Test-Close [11/200] LR=0.0005000 loss=1.784 ACC=94.057 F1=94.006 Rec=94.057 Prec=94.665
Saving best model . . . . . . . .

Train Client0 [12/200] LR=0.0005000 loss=0.403 ACC=91.595 F1=72.878 Rec=73.271 Prec=72.526
Train Client1 [12/200] LR=0.0005000 loss=0.245 ACC=95.474 F1=83.857 Rec=82.743 Prec=85.155
Train Client2 [12/200] LR=0.0005000 loss=0.389 ACC=93.774 F1=86.421 Rec=84.748 Prec=88.911
Train Client3 [12/200] LR=0.0005000 loss=0.445 ACC=93.371 F1=87.976 Rec=89.113 Prec=87.047
Train Client4 [12/200] LR=0.0005000 loss=0.221 ACC=96.113 F1=71.882 Rec=72.700 Prec=71.183
Train Client5 [12/200] LR=0.0005000 loss=0.279 ACC=95.446 F1=81.443 Rec=80.850 Prec=82.288
Train Client6 [12/200] LR=0.0005000 loss=0.603 ACC=85.556 F1=76.903 Rec=78.780 Prec=75.420
Train Client7 [12/200] LR=0.0005000 loss=0.458 ACC=92.045 F1=72.266 Rec=71.557 Prec=73.087

Val    [12/200] LR=0.0005000 loss=1.787 ACC=93.771 F1=93.712 Rec=93.771 Prec=94.441

Test-  OSR [12/200] LR=0.0005000 ACC=58.857 F1=62.443 Rec=78.476 Prec=54.579 UNK=0.000 OS*=94.171 HOS=0.000 AUROC=80.364 AUPR=64.702 OSCR=78.306
Test-Close [12/200] LR=0.0005000 loss=1.775 ACC=94.171 F1=94.119 Rec=94.171 Prec=94.678
Train Client0 [13/200] LR=0.0005000 loss=0.390 ACC=92.565 F1=73.544 Rec=74.034 Prec=73.120
Train Client1 [13/200] LR=0.0005000 loss=0.255 ACC=95.474 F1=85.938 Rec=85.182 Prec=86.747
Train Client2 [13/200] LR=0.0005000 loss=0.360 ACC=94.154 F1=86.895 Rec=85.185 Prec=89.693
Train Client3 [13/200] LR=0.0005000 loss=0.382 ACC=94.697 F1=88.049 Rec=87.753 Prec=88.365
Train Client4 [13/200] LR=0.0005000 loss=0.207 ACC=96.265 F1=78.376 Rec=78.241 Prec=78.660
Train Client5 [13/200] LR=0.0005000 loss=0.298 ACC=94.643 F1=75.538 Rec=75.276 Prec=75.827
Train Client6 [13/200] LR=0.0005000 loss=0.520 ACC=90.000 F1=81.831 Rec=85.753 Prec=78.972
Train Client7 [13/200] LR=0.0005000 loss=0.504 ACC=91.364 F1=90.922 Rec=90.325 Prec=91.643

Val    [13/200] LR=0.0005000 loss=1.763 ACC=94.629 F1=94.576 Rec=94.629 Prec=94.997

Test-  OSR [13/200] LR=0.0005000 ACC=59.429 F1=63.251 Rec=79.238 Prec=55.108 UNK=0.000 OS*=95.086 HOS=0.000 AUROC=77.926 AUPR=64.170 OSCR=76.256
Test-Close [13/200] LR=0.0005000 loss=1.758 ACC=95.086 F1=95.033 Rec=95.086 Prec=95.373
Train Client0 [14/200] LR=0.0005000 loss=0.308 ACC=93.750 F1=74.596 Rec=74.953 Prec=74.271
Train Client1 [14/200] LR=0.0005000 loss=0.275 ACC=95.125 F1=84.814 Rec=83.402 Prec=86.639
Train Client2 [14/200] LR=0.0005000 loss=0.337 ACC=94.059 F1=85.541 Rec=84.168 Prec=87.594
Train Client3 [14/200] LR=0.0005000 loss=0.483 ACC=92.614 F1=91.211 Rec=90.755 Prec=91.721
Train Client4 [14/200] LR=0.0005000 loss=0.239 ACC=95.655 F1=76.611 Rec=75.953 Prec=78.044
Train Client5 [14/200] LR=0.0005000 loss=0.268 ACC=95.179 F1=75.673 Rec=75.509 Prec=75.844
Train Client6 [14/200] LR=0.0005000 loss=0.470 ACC=89.167 F1=82.756 Rec=81.698 Prec=84.157
Train Client7 [14/200] LR=0.0005000 loss=0.485 ACC=91.364 F1=80.153 Rec=89.365 Prec=77.736

Val    [14/200] LR=0.0005000 loss=1.804 ACC=93.143 F1=93.011 Rec=93.143 Prec=93.967

Test-  OSR [14/200] LR=0.0005000 ACC=58.571 F1=62.618 Rec=78.095 Prec=55.566 UNK=0.000 OS*=93.714 HOS=0.000 AUROC=79.528 AUPR=62.119 OSCR=76.973
Test-Close [14/200] LR=0.0005000 loss=1.799 ACC=93.714 F1=93.619 Rec=93.714 Prec=94.307
Train Client0 [15/200] LR=0.0005000 loss=0.353 ACC=93.050 F1=92.311 Rec=92.735 Prec=91.926
Train Client1 [15/200] LR=0.0005000 loss=0.220 ACC=95.787 F1=84.996 Rec=84.621 Prec=85.388
Train Client2 [15/200] LR=0.0005000 loss=0.342 ACC=94.202 F1=85.359 Rec=84.265 Prec=87.455
Train Client3 [15/200] LR=0.0005000 loss=0.390 ACC=93.371 F1=85.754 Rec=85.533 Prec=85.994
Train Client4 [15/200] LR=0.0005000 loss=0.178 ACC=96.951 F1=82.865 Rec=84.961 Prec=81.068
Train Client5 [15/200] LR=0.0005000 loss=0.303 ACC=94.375 F1=75.186 Rec=75.239 Prec=75.137
Train Client6 [15/200] LR=0.0005000 loss=0.488 ACC=88.611 F1=81.831 Rec=81.948 Prec=81.801
Train Client7 [15/200] LR=0.0005000 loss=0.531 ACC=90.909 F1=69.203 Rec=67.689 Prec=71.089

Val    [15/200] LR=0.0005000 loss=1.764 ACC=94.457 F1=94.398 Rec=94.457 Prec=95.043

Test-  OSR [15/200] LR=0.0005000 ACC=59.036 F1=62.688 Rec=78.714 Prec=54.819 UNK=0.000 OS*=94.457 HOS=0.000 AUROC=79.032 AUPR=63.624 OSCR=77.221
Test-Close [15/200] LR=0.0005000 loss=1.759 ACC=94.457 F1=94.386 Rec=94.457 Prec=94.849
Saving model at epoch 15 . . . . . . . .

Train Client0 [16/200] LR=0.0005000 loss=0.380 ACC=92.511 F1=73.598 Rec=73.838 Prec=73.389
Train Client1 [16/200] LR=0.0005000 loss=0.211 ACC=95.926 F1=87.133 Rec=86.982 Prec=87.332
Train Client2 [16/200] LR=0.0005000 loss=0.320 ACC=94.392 F1=86.500 Rec=85.215 Prec=88.548
Train Client3 [16/200] LR=0.0005000 loss=0.342 ACC=94.886 F1=91.173 Rec=90.899 Prec=91.469
Train Client4 [16/200] LR=0.0005000 loss=0.213 ACC=97.180 F1=79.260 Rec=76.723 Prec=85.622
Train Client5 [16/200] LR=0.0005000 loss=0.265 ACC=95.000 F1=76.086 Rec=75.944 Prec=76.240
Train Client6 [16/200] LR=0.0005000 loss=0.465 ACC=91.111 F1=83.961 Rec=83.449 Prec=85.434
Train Client7 [16/200] LR=0.0005000 loss=0.473 ACC=91.136 F1=69.855 Rec=68.893 Prec=70.921

Val    [16/200] LR=0.0005000 loss=1.807 ACC=92.971 F1=92.922 Rec=92.971 Prec=93.730

Test-  OSR [16/200] LR=0.0005000 ACC=58.321 F1=62.403 Rec=77.762 Prec=55.234 UNK=0.000 OS*=93.314 HOS=0.000 AUROC=72.782 AUPR=53.913 OSCR=70.737
Test-Close [16/200] LR=0.0005000 loss=1.805 ACC=93.314 F1=93.272 Rec=93.314 Prec=93.974
Train Client0 [17/200] LR=0.0005000 loss=0.332 ACC=93.103 F1=92.446 Rec=92.908 Prec=92.031
Train Client1 [17/200] LR=0.0005000 loss=0.213 ACC=96.240 F1=87.603 Rec=86.755 Prec=88.570
Train Client2 [17/200] LR=0.0005000 loss=0.290 ACC=95.342 F1=89.008 Rec=87.778 Prec=90.812
Train Client3 [17/200] LR=0.0005000 loss=0.329 ACC=93.939 F1=85.008 Rec=83.477 Prec=86.893
Train Client4 [17/200] LR=0.0005000 loss=0.178 ACC=97.256 F1=79.537 Rec=79.511 Prec=79.629
Train Client5 [17/200] LR=0.0005000 loss=0.251 ACC=96.339 F1=84.865 Rec=81.821 Prec=96.915
Train Client6 [17/200] LR=0.0005000 loss=0.566 ACC=88.333 F1=79.759 Rec=79.124 Prec=81.121
Train Client7 [17/200] LR=0.0005000 loss=0.426 ACC=92.652 F1=92.019 Rec=91.003 Prec=93.158

Val    [17/200] LR=0.0005000 loss=1.753 ACC=95.086 F1=95.057 Rec=95.086 Prec=95.497

Test-  OSR [17/200] LR=0.0005000 ACC=59.393 F1=62.702 Rec=79.190 Prec=54.277 UNK=0.000 OS*=95.029 HOS=0.000 AUROC=82.846 AUPR=72.485 OSCR=80.662
Test-Close [17/200] LR=0.0005000 loss=1.755 ACC=95.029 F1=94.980 Rec=95.029 Prec=95.356
Train Client0 [18/200] LR=0.0005000 loss=0.342 ACC=92.780 F1=73.726 Rec=74.264 Prec=73.270
Train Client1 [18/200] LR=0.0005000 loss=0.195 ACC=96.344 F1=87.013 Rec=86.102 Prec=88.047
Train Client2 [18/200] LR=0.0005000 loss=0.267 ACC=95.200 F1=90.116 Rec=88.743 Prec=91.938
Train Client3 [18/200] LR=0.0005000 loss=0.207 ACC=96.023 F1=95.367 Rec=95.107 Prec=95.649
Train Client4 [18/200] LR=0.0005000 loss=0.153 ACC=96.570 F1=79.568 Rec=79.768 Prec=79.382
Train Client5 [18/200] LR=0.0005000 loss=0.227 ACC=95.893 F1=76.347 Rec=76.388 Prec=76.305
Train Client6 [18/200] LR=0.0005000 loss=0.567 ACC=88.889 F1=81.435 Rec=80.595 Prec=82.812
Train Client7 [18/200] LR=0.0005000 loss=0.461 ACC=91.818 F1=89.939 Rec=89.403 Prec=90.646

Val    [18/200] LR=0.0005000 loss=1.731 ACC=95.486 F1=95.454 Rec=95.486 Prec=95.797

