Logging to: ./logs/RetinalOCT_Finetune_K5_U3_seed0_20260602_191110.log
==> Preparing data..
Known class list: [6 2 1 7 3] Unknown class list [0 5 4]
Total images — Train: 18400, Val: 2800, Test: 2800
{6: 0, 2: 1, 1: 2, 7: 3, 3: 4} {0: 5, 5: 6, 4: 7}
Known origin: [6 2 1 7 3] , new: [0 1 2 3 4]
Unknown origin: [0 5 4] , new: [5 6 7]
Known/Unknown in Train: 11500/6900
Known/Unknown in Val:   1750/1050
Known/Unknown in Test:  1750/1050
DataLoader settings: num_workers=0, pin_memory=False, prefetch_factor=disabled
Client0 sample num: 1861
Client1 sample num: 2876
Client2 sample num: 2109
Client3 sample num: 533
Client4 sample num: 1312
Client5 sample num: 1125
Client6 sample num: 362
Client7 sample num: 1322

>>> Setting up
==> Building [Resnet18] model..
154
154
154
154
154
154
154
154
154
154
154
154
154
154
154
154
154
154
Train Client0 [0/30] LR=0.0001000 loss=8.816 ACC=95.312 F1=76.435 Rec=76.961 Prec=76.019
Train Client1 [0/30] LR=0.0001000 loss=6.303 ACC=98.503 F1=93.201 Rec=93.422 Prec=93.007
Train Client2 [0/30] LR=0.0001000 loss=7.785 ACC=96.340 F1=91.227 Rec=92.588 Prec=90.112
Train Client3 [0/30] LR=0.0001000 loss=13.059 ACC=96.591 F1=93.341 Rec=96.482 Prec=90.953
Train Client4 [0/30] LR=0.0001000 loss=9.582 ACC=97.180 F1=83.925 Rec=89.916 Prec=80.871
Train Client5 [0/30] LR=0.0001000 loss=10.764 ACC=97.679 F1=85.216 Rec=93.344 Prec=83.045
Train Client6 [0/30] LR=0.0001000 loss=13.840 ACC=84.722 F1=79.031 Rec=92.371 Prec=72.104
Train Client7 [0/30] LR=0.0001000 loss=10.315 ACC=92.273 F1=81.430 Rec=92.544 Prec=77.114

Test-  OSR [0/30] LR=0.0001000 ACC=59.893 F1=62.924 Rec=79.857 Prec=53.935 UNK=0.000 OS*=95.829 HOS=0.000 AUROC=81.908 AUPR=70.868 OSCR=80.311
Test-Close [0/30] LR=0.0001000 loss=1.756 ACC=95.829 F1=95.779 Rec=95.829 Prec=95.958

Saving best model . . . . . . . .

Train Client0 [1/30] LR=0.0001000 loss=1.650 ACC=94.774 F1=76.030 Rec=76.413 Prec=75.725
Train Client1 [1/30] LR=0.0001000 loss=0.986 ACC=97.841 F1=92.938 Rec=94.384 Prec=91.718
Train Client2 [1/30] LR=0.0001000 loss=1.314 ACC=96.103 F1=91.404 Rec=92.823 Prec=90.202
Train Client3 [1/30] LR=0.0001000 loss=3.335 ACC=97.348 F1=94.248 Rec=96.907 Prec=92.315
Train Client4 [1/30] LR=0.0001000 loss=1.677 ACC=97.637 F1=84.041 Rec=88.848 Prec=81.358
Train Client5 [1/30] LR=0.0001000 loss=2.074 ACC=97.946 F1=86.988 Rec=98.243 Prec=84.232
Train Client6 [1/30] LR=0.0001000 loss=4.443 ACC=85.278 F1=82.047 Rec=94.242 Prec=76.055
Train Client7 [1/30] LR=0.0001000 loss=2.486 ACC=92.652 F1=76.467 Rec=94.694 Prec=72.928

Test-  OSR [1/30] LR=0.0001000 ACC=63.857 F1=68.091 Rec=81.619 Prec=72.683 UNK=10.571 OS*=95.829 HOS=19.042 AUROC=84.408 AUPR=75.024 OSCR=82.683
Test-Close [1/30] LR=0.0001000 loss=1.784 ACC=95.943 F1=95.899 Rec=95.943 Prec=96.136

Saving best model . . . . . . . .

Train Client0 [2/30] LR=0.0001000 loss=0.429 ACC=95.420 F1=76.476 Rec=76.878 Prec=76.131
Train Client1 [2/30] LR=0.0001000 loss=0.200 ACC=98.468 F1=94.057 Rec=94.846 Prec=93.317
Train Client2 [2/30] LR=0.0001000 loss=0.349 ACC=96.388 F1=90.901 Rec=91.477 Prec=90.361
Train Client3 [2/30] LR=0.0001000 loss=0.480 ACC=96.023 F1=93.993 Rec=95.327 Prec=92.882
Train Client4 [2/30] LR=0.0001000 loss=0.196 ACC=98.095 F1=89.064 Rec=93.224 Prec=86.558
Train Client5 [2/30] LR=0.0001000 loss=0.225 ACC=98.750 F1=94.874 Rec=98.895 Prec=92.188
Train Client6 [2/30] LR=0.0001000 loss=0.982 ACC=88.611 F1=83.529 Rec=94.696 Prec=76.661
Train Client7 [2/30] LR=0.0001000 loss=0.668 ACC=93.409 F1=86.324 Rec=94.883 Prec=81.369

Test-  OSR [2/30] LR=0.0001000 ACC=68.357 F1=72.651 Rec=83.270 Prec=74.425 UNK=23.619 OS*=95.200 HOS=37.848 AUROC=80.403 AUPR=74.331 OSCR=78.536
Test-Close [2/30] LR=0.0001000 loss=1.809 ACC=96.114 F1=96.076 Rec=96.114 Prec=96.234

Train Client0 [3/30] LR=0.0001000 loss=0.375 ACC=95.205 F1=76.301 Rec=76.641 Prec=76.017
Train Client1 [3/30] LR=0.0001000 loss=0.175 ACC=98.538 F1=94.714 Rec=96.226 Prec=93.437
Train Client2 [3/30] LR=0.0001000 loss=0.322 ACC=96.768 F1=92.547 Rec=92.520 Prec=92.637
Train Client3 [3/30] LR=0.0001000 loss=0.360 ACC=96.970 F1=95.165 Rec=96.595 Prec=93.964
Train Client4 [3/30] LR=0.0001000 loss=0.247 ACC=97.332 F1=87.570 Rec=95.185 Prec=83.760
Train Client5 [3/30] LR=0.0001000 loss=0.176 ACC=98.304 F1=88.363 Rec=98.659 Prec=85.402
Train Client6 [3/30] LR=0.0001000 loss=1.114 ACC=86.944 F1=82.898 Rec=95.012 Prec=76.702
Train Client7 [3/30] LR=0.0001000 loss=0.594 ACC=94.545 F1=94.144 Rec=95.454 Prec=92.933

Test-  OSR [3/30] LR=0.0001000 ACC=64.714 F1=69.501 Rec=81.429 Prec=72.681 UNK=14.571 OS*=94.800 HOS=25.260 AUROC=76.910 AUPR=68.186 OSCR=75.125
Test-Close [3/30] LR=0.0001000 loss=1.848 ACC=95.771 F1=95.732 Rec=95.771 Prec=96.006

Train Client0 [4/30] LR=0.0001000 loss=0.368 ACC=94.989 F1=75.988 Rec=76.461 Prec=75.571
Train Client1 [4/30] LR=0.0001000 loss=0.135 ACC=98.747 F1=94.601 Rec=95.400 Prec=93.886
Train Client2 [4/30] LR=0.0001000 loss=0.323 ACC=96.293 F1=92.064 Rec=93.327 Prec=90.932
Train Client3 [4/30] LR=0.0001000 loss=0.278 ACC=96.970 F1=94.005 Rec=96.745 Prec=91.985
Train Client4 [4/30] LR=0.0001000 loss=0.226 ACC=97.790 F1=89.244 Rec=97.107 Prec=84.871
Train Client5 [4/30] LR=0.0001000 loss=0.168 ACC=97.768 F1=86.392 Rec=93.383 Prec=83.866
Train Client6 [4/30] LR=0.0001000 loss=1.115 ACC=86.667 F1=82.853 Rec=94.082 Prec=76.662
Train Client7 [4/30] LR=0.0001000 loss=0.635 ACC=92.803 F1=85.484 Rec=94.396 Prec=80.285

Test-  OSR [4/30] LR=0.0001000 ACC=63.750 F1=69.190 Rec=80.746 Prec=71.747 UNK=12.762 OS*=94.343 HOS=22.483 AUROC=68.709 AUPR=57.793 OSCR=67.426
Test-Close [4/30] LR=0.0001000 loss=1.859 ACC=95.771 F1=95.713 Rec=95.771 Prec=95.981

Train Client0 [5/30] LR=0.0001000 loss=0.317 ACC=96.013 F1=76.826 Rec=77.058 Prec=76.610
Train Client1 [5/30] LR=0.0001000 loss=0.128 ACC=98.921 F1=95.492 Rec=96.162 Prec=94.872
Train Client2 [5/30] LR=0.0001000 loss=0.307 ACC=96.530 F1=91.573 Rec=91.673 Prec=91.497
Train Client3 [5/30] LR=0.0001000 loss=0.329 ACC=97.538 F1=97.331 Rec=97.239 Prec=97.425
Train Client4 [5/30] LR=0.0001000 loss=0.188 ACC=98.552 F1=92.727 Rec=97.436 Prec=89.125
Train Client5 [5/30] LR=0.0001000 loss=0.157 ACC=98.482 F1=89.927 Rec=93.998 Prec=87.610
Train Client6 [5/30] LR=0.0001000 loss=1.196 ACC=86.667 F1=81.601 Rec=94.646 Prec=74.917
Train Client7 [5/30] LR=0.0001000 loss=0.539 ACC=95.000 F1=87.664 Rec=95.443 Prec=83.380

Test-  OSR [5/30] LR=0.0001000 ACC=67.286 F1=71.380 Rec=82.952 Prec=73.488 UNK=20.286 OS*=95.486 HOS=33.462 AUROC=78.202 AUPR=72.256 OSCR=76.444
Test-Close [5/30] LR=0.0001000 loss=1.829 ACC=96.057 F1=96.009 Rec=96.057 Prec=96.209

Train Client0 [6/30] LR=0.0001000 loss=0.495 ACC=95.259 F1=76.232 Rec=76.776 Prec=75.765
Train Client1 [6/30] LR=0.0001000 loss=0.201 ACC=98.712 F1=94.397 Rec=94.878 Prec=93.940
Train Client2 [6/30] LR=0.0001000 loss=0.440 ACC=97.053 F1=93.113 Rec=93.496 Prec=92.744
Train Client3 [6/30] LR=0.0001000 loss=0.538 ACC=97.159 F1=92.623 Rec=93.788 Prec=91.652
Train Client4 [6/30] LR=0.0001000 loss=0.461 ACC=96.875 F1=83.935 Rec=92.046 Prec=80.359
Train Client5 [6/30] LR=0.0001000 loss=0.323 ACC=97.679 F1=88.400 Rec=98.224 Prec=85.246
Train Client6 [6/30] LR=0.0001000 loss=1.772 ACC=87.500 F1=84.476 Rec=96.147 Prec=78.221
Train Client7 [6/30] LR=0.0001000 loss=0.723 ACC=94.015 F1=86.806 Rec=95.309 Prec=81.938

Test-  OSR [6/30] LR=0.0001000 ACC=64.286 F1=70.349 Rec=78.667 Prec=71.276 UNK=21.143 OS*=90.171 HOS=34.254 AUROC=62.215 AUPR=49.798 OSCR=60.600
Test-Close [6/30] LR=0.0001000 loss=2.160 ACC=95.829 F1=95.783 Rec=95.829 Prec=96.043

Train Client0 [7/30] LR=0.0001000 loss=0.358 ACC=95.959 F1=76.811 Rec=77.266 Prec=76.405
Train Client1 [7/30] LR=0.0001000 loss=0.148 ACC=98.955 F1=94.978 Rec=94.528 Prec=95.453
Train Client2 [7/30] LR=0.0001000 loss=0.354 ACC=96.863 F1=93.605 Rec=93.906 Prec=93.309
Train Client3 [7/30] LR=0.0001000 loss=0.249 ACC=97.159 F1=94.373 Rec=97.369 Prec=92.104
Train Client4 [7/30] LR=0.0001000 loss=0.313 ACC=97.409 F1=85.710 Rec=97.187 Prec=81.650
Train Client5 [7/30] LR=0.0001000 loss=0.174 ACC=98.304 F1=82.345 Rec=83.814 Prec=81.711
Train Client6 [7/30] LR=0.0001000 loss=1.403 ACC=86.667 F1=83.178 Rec=94.191 Prec=76.923
Train Client7 [7/30] LR=0.0001000 loss=0.597 ACC=93.409 F1=86.608 Rec=95.373 Prec=81.562

Test-  OSR [7/30] LR=0.0001000 ACC=69.321 F1=74.140 Rec=79.698 Prec=74.560 UNK=38.190 OS*=88.000 HOS=53.265 AUROC=72.874 AUPR=62.883 OSCR=69.494
Test-Close [7/30] LR=0.0001000 loss=2.107 ACC=96.114 F1=96.067 Rec=96.114 Prec=96.277

Train Client0 [8/30] LR=0.0001000 loss=0.329 ACC=95.797 F1=76.647 Rec=76.967 Prec=76.359
Train Client1 [8/30] LR=0.0001000 loss=0.106 ACC=99.095 F1=95.970 Rec=97.189 Prec=94.937
Train Client2 [8/30] LR=0.0001000 loss=0.328 ACC=97.006 F1=93.409 Rec=93.516 Prec=93.311
Train Client3 [8/30] LR=0.0001000 loss=0.283 ACC=96.780 F1=94.844 Rec=96.418 Prec=93.493
Train Client4 [8/30] LR=0.0001000 loss=0.218 ACC=98.171 F1=90.588 Rec=96.979 Prec=86.609
Train Client5 [8/30] LR=0.0001000 loss=0.207 ACC=97.500 F1=89.488 Rec=97.917 Prec=86.203
Train Client6 [8/30] LR=0.0001000 loss=1.268 ACC=86.944 F1=84.122 Rec=94.480 Prec=78.567
Train Client7 [8/30] LR=0.0001000 loss=0.494 ACC=95.152 F1=87.661 Rec=96.281 Prec=82.726

Test-  OSR [8/30] LR=0.0001000 ACC=68.071 F1=73.478 Rec=79.397 Prec=74.402 UNK=34.095 OS*=88.457 HOS=49.219 AUROC=69.587 AUPR=59.127 OSCR=66.795
Test-Close [8/30] LR=0.0001000 loss=2.048 ACC=96.571 F1=96.537 Rec=96.571 Prec=96.673

Train Client0 [9/30] LR=0.0001000 loss=0.348 ACC=95.905 F1=76.720 Rec=76.956 Prec=76.505
Train Client1 [9/30] LR=0.0001000 loss=0.134 ACC=98.921 F1=95.857 Rec=95.979 Prec=95.741
Train Client2 [9/30] LR=0.0001000 loss=0.323 ACC=97.196 F1=93.645 Rec=94.128 Prec=93.184
Train Client3 [9/30] LR=0.0001000 loss=0.282 ACC=97.348 F1=96.952 Rec=96.986 Prec=96.933
Train Client4 [9/30] LR=0.0001000 loss=0.274 ACC=97.637 F1=87.818 Rec=96.152 Prec=83.792
Train Client5 [9/30] LR=0.0001000 loss=0.188 ACC=98.214 F1=87.438 Rec=93.832 Prec=84.908
Train Client6 [9/30] LR=0.0001000 loss=1.135 ACC=87.500 F1=84.973 Rec=91.817 Prec=80.944
Train Client7 [9/30] LR=0.0001000 loss=0.533 ACC=94.242 F1=94.140 Rec=95.783 Prec=92.722

Test-  OSR [9/30] LR=0.0001000 ACC=67.929 F1=73.395 Rec=79.587 Prec=73.992 UNK=32.952 OS*=88.914 HOS=48.084 AUROC=73.693 AUPR=60.266 OSCR=71.276
Test-Close [9/30] LR=0.0001000 loss=2.046 ACC=96.514 F1=96.487 Rec=96.514 Prec=96.653

Train Client0 [10/30] LR=0.0001000 loss=0.338 ACC=95.690 F1=76.532 Rec=76.759 Prec=76.326
Train Client1 [10/30] LR=0.0001000 loss=0.113 ACC=98.990 F1=95.403 Rec=95.803 Prec=95.026
Train Client2 [10/30] LR=0.0001000 loss=0.307 ACC=97.101 F1=93.245 Rec=93.427 Prec=93.088
Train Client3 [10/30] LR=0.0001000 loss=0.244 ACC=96.591 F1=94.806 Rec=96.351 Prec=93.489
Train Client4 [10/30] LR=0.0001000 loss=0.295 ACC=97.409 F1=85.666 Rec=93.909 Prec=81.968
Train Client5 [10/30] LR=0.0001000 loss=0.120 ACC=98.929 F1=92.497 Rec=98.966 Prec=89.364
Train Client6 [10/30] LR=0.0001000 loss=1.257 ACC=86.389 F1=83.846 Rec=91.078 Prec=80.175
Train Client7 [10/30] LR=0.0001000 loss=0.505 ACC=94.167 F1=93.923 Rec=94.502 Prec=93.379

Test-  OSR [10/30] LR=0.0001000 ACC=71.321 F1=75.565 Rec=81.984 Prec=75.142 UNK=39.333 OS*=90.514 HOS=54.837 AUROC=78.062 AUPR=68.269 OSCR=75.225
Test-Close [10/30] LR=0.0001000 loss=2.022 ACC=96.229 F1=96.193 Rec=96.229 Prec=96.400

Train Client0 [11/30] LR=0.0001000 loss=0.305 ACC=96.282 F1=76.912 Rec=77.183 Prec=76.665
Train Client1 [11/30] LR=0.0001000 loss=0.118 ACC=98.886 F1=94.724 Rec=95.257 Prec=94.215
Train Client2 [11/30] LR=0.0001000 loss=0.264 ACC=97.291 F1=94.027 Rec=93.643 Prec=94.461
Train Client3 [11/30] LR=0.0001000 loss=0.214 ACC=97.159 F1=96.792 Rec=96.680 Prec=96.943
Train Client4 [11/30] LR=0.0001000 loss=0.239 ACC=98.095 F1=88.064 Rec=94.695 Prec=84.421
Train Client5 [11/30] LR=0.0001000 loss=0.135 ACC=98.393 F1=88.185 Rec=93.809 Prec=85.767
Train Client6 [11/30] LR=0.0001000 loss=1.049 ACC=89.722 F1=86.147 Rec=94.231 Prec=80.940
Train Client7 [11/30] LR=0.0001000 loss=0.439 ACC=94.394 F1=94.104 Rec=95.469 Prec=92.908

Test-  OSR [11/30] LR=0.0001000 ACC=68.679 F1=72.707 Rec=76.810 Prec=75.016 UNK=44.286 OS*=83.314 HOS=57.831 AUROC=74.527 AUPR=61.768 OSCR=69.584
Test-Close [11/30] LR=0.0001000 loss=2.106 ACC=96.400 F1=96.367 Rec=96.400 Prec=96.494

Train Client0 [12/30] LR=0.0001000 loss=0.286 ACC=96.390 F1=76.999 Rec=77.410 Prec=76.635
Train Client1 [12/30] LR=0.0001000 loss=0.108 ACC=98.921 F1=94.490 Rec=95.562 Prec=93.588
Train Client2 [12/30] LR=0.0001000 loss=0.290 ACC=97.481 F1=94.233 Rec=93.804 Prec=94.739
Train Client3 [12/30] LR=0.0001000 loss=0.191 ACC=97.917 F1=96.153 Rec=97.363 Prec=95.183
Train Client4 [12/30] LR=0.0001000 loss=0.229 ACC=98.171 F1=90.219 Rec=94.545 Prec=87.131
Train Client5 [12/30] LR=0.0001000 loss=0.113 ACC=98.661 F1=86.416 Rec=89.059 Prec=84.943
Train Client6 [12/30] LR=0.0001000 loss=1.229 ACC=86.667 F1=85.107 Rec=93.640 Prec=81.143
Train Client7 [12/30] LR=0.0001000 loss=0.516 ACC=95.227 F1=89.299 Rec=96.518 Prec=85.454

Test-  OSR [12/30] LR=0.0001000 ACC=70.143 F1=74.641 Rec=79.651 Prec=75.222 UNK=41.619 OS*=87.257 HOS=56.357 AUROC=75.048 AUPR=64.473 OSCR=71.265
Test-Close [12/30] LR=0.0001000 loss=2.038 ACC=96.286 F1=96.242 Rec=96.286 Prec=96.425

Train Client0 [13/30] LR=0.0001000 loss=0.272 ACC=96.228 F1=77.052 Rec=77.582 Prec=76.603
Train Client1 [13/30] LR=0.0001000 loss=0.090 ACC=99.130 F1=96.738 Rec=97.266 Prec=96.235
Train Client2 [13/30] LR=0.0001000 loss=0.231 ACC=97.861 F1=94.896 Rec=95.093 Prec=94.702
Train Client3 [13/30] LR=0.0001000 loss=0.307 ACC=96.591 F1=96.166 Rec=95.849 Prec=96.503
Train Client4 [13/30] LR=0.0001000 loss=0.197 ACC=98.704 F1=94.727 Rec=95.665 Prec=93.942
Train Client5 [13/30] LR=0.0001000 loss=0.100 ACC=98.571 F1=88.370 Rec=94.046 Prec=85.902
Train Client6 [13/30] LR=0.0001000 loss=1.001 ACC=90.000 F1=87.260 Rec=92.802 Prec=83.679
Train Client7 [13/30] LR=0.0001000 loss=0.470 ACC=94.924 F1=94.880 Rec=94.718 Prec=95.060

Test-  OSR [13/30] LR=0.0001000 ACC=67.714 F1=72.537 Rec=77.048 Prec=74.492 UNK=39.714 OS*=84.514 HOS=54.036 AUROC=72.284 AUPR=59.260 OSCR=68.240
Test-Close [13/30] LR=0.0001000 loss=2.119 ACC=96.229 F1=96.193 Rec=96.229 Prec=96.350

Train Client0 [14/30] LR=0.0001000 loss=0.275 ACC=96.067 F1=76.799 Rec=77.268 Prec=76.391
Train Client1 [14/30] LR=0.0001000 loss=0.124 ACC=98.990 F1=95.013 Rec=95.177 Prec=94.855
Train Client2 [14/30] LR=0.0001000 loss=0.244 ACC=97.529 F1=94.302 Rec=94.123 Prec=94.501
Train Client3 [14/30] LR=0.0001000 loss=0.128 ACC=98.106 F1=96.283 Rec=97.495 Prec=95.328
Train Client4 [14/30] LR=0.0001000 loss=0.216 ACC=98.171 F1=89.766 Rec=94.588 Prec=86.626
Train Client5 [14/30] LR=0.0001000 loss=0.135 ACC=98.482 F1=90.405 Rec=98.908 Prec=87.051
Train Client6 [14/30] LR=0.0001000 loss=0.883 ACC=91.389 F1=87.689 Rec=96.057 Prec=82.315
Train Client7 [14/30] LR=0.0001000 loss=0.458 ACC=95.076 F1=94.661 Rec=95.411 Prec=93.980

Test-  OSR [14/30] LR=0.0001000 ACC=71.857 F1=74.332 Rec=75.587 Prec=77.627 UNK=60.667 OS*=78.571 HOS=68.468 AUROC=77.179 AUPR=69.892 OSCR=67.867
Test-Close [14/30] LR=0.0001000 loss=2.172 ACC=96.571 F1=96.556 Rec=96.571 Prec=96.627

Train Client0 [15/30] LR=0.0001000 loss=0.245 ACC=96.767 F1=77.366 Rec=77.720 Prec=77.048
Train Client1 [15/30] LR=0.0001000 loss=0.097 ACC=99.130 F1=96.039 Rec=96.372 Prec=95.729
Train Client2 [15/30] LR=0.0001000 loss=0.247 ACC=98.099 F1=95.573 Rec=95.199 Prec=95.979
Train Client3 [15/30] LR=0.0001000 loss=0.230 ACC=97.917 F1=97.663 Rec=97.601 Prec=97.750
Train Client4 [15/30] LR=0.0001000 loss=0.258 ACC=97.790 F1=86.889 Rec=93.978 Prec=83.188
Train Client5 [15/30] LR=0.0001000 loss=0.104 ACC=98.750 F1=88.499 Rec=94.225 Prec=85.981
Train Client6 [15/30] LR=0.0001000 loss=0.847 ACC=89.444 F1=85.474 Rec=93.625 Prec=80.291
Train Client7 [15/30] LR=0.0001000 loss=0.452 ACC=95.682 F1=95.596 Rec=95.937 Prec=95.287

Test-  OSR [15/30] LR=0.0001000 ACC=67.393 F1=71.783 Rec=76.143 Prec=74.568 UNK=41.143 OS*=83.143 HOS=55.046 AUROC=71.023 AUPR=59.214 OSCR=66.594
Test-Close [15/30] LR=0.0001000 loss=2.081 ACC=96.514 F1=96.495 Rec=96.514 Prec=96.568

Train Client0 [16/30] LR=0.0001000 loss=0.225 ACC=96.983 F1=77.582 Rec=77.914 Prec=77.288
Train Client1 [16/30] LR=0.0001000 loss=0.082 ACC=99.130 F1=94.735 Rec=94.797 Prec=94.684
Train Client2 [16/30] LR=0.0001000 loss=0.234 ACC=97.624 F1=94.924 Rec=95.132 Prec=94.728
Train Client3 [16/30] LR=0.0001000 loss=0.204 ACC=97.538 F1=97.141 Rec=97.361 Prec=96.975
Train Client4 [16/30] LR=0.0001000 loss=0.229 ACC=98.095 F1=88.635 Rec=96.545 Prec=84.605
Train Client5 [16/30] LR=0.0001000 loss=0.120 ACC=98.839 F1=93.689 Rec=99.213 Prec=90.507
Train Client6 [16/30] LR=0.0001000 loss=0.955 ACC=89.167 F1=85.900 Rec=90.208 Prec=82.825
Train Client7 [16/30] LR=0.0001000 loss=0.368 ACC=95.758 F1=96.056 Rec=96.897 Prec=95.288

Test-  OSR [16/30] LR=0.0001000 ACC=73.179 F1=76.188 Rec=79.476 Prec=77.233 UNK=54.286 OS*=84.514 HOS=66.108 AUROC=79.167 AUPR=71.612 OSCR=72.888
Test-Close [16/30] LR=0.0001000 loss=2.057 ACC=96.743 F1=96.724 Rec=96.743 Prec=96.836

Train Client0 [17/30] LR=0.0001000 loss=0.287 ACC=95.636 F1=76.520 Rec=77.101 Prec=76.044
Train Client1 [17/30] LR=0.0001000 loss=0.078 ACC=99.095 F1=94.938 Rec=94.871 Prec=95.007
Train Client2 [17/30] LR=0.0001000 loss=0.223 ACC=97.956 F1=95.377 Rec=94.701 Prec=96.164
Train Client3 [17/30] LR=0.0001000 loss=0.214 ACC=96.780 F1=96.263 Rec=96.305 Prec=96.237
Train Client4 [17/30] LR=0.0001000 loss=0.276 ACC=97.942 F1=86.478 Rec=94.324 Prec=83.494
Train Client5 [17/30] LR=0.0001000 loss=0.108 ACC=98.929 F1=89.400 Rec=94.278 Prec=87.022
Train Client6 [17/30] LR=0.0001000 loss=0.875 ACC=91.389 F1=88.743 Rec=93.162 Prec=85.659
Train Client7 [17/30] LR=0.0001000 loss=0.470 ACC=95.530 F1=95.326 Rec=95.389 Prec=95.263

Test-  OSR [17/30] LR=0.0001000 ACC=69.393 F1=72.778 Rec=76.873 Prec=75.282 UNK=46.952 OS*=82.857 HOS=59.939 AUROC=75.580 AUPR=64.741 OSCR=70.027
Test-Close [17/30] LR=0.0001000 loss=2.054 ACC=96.629 F1=96.615 Rec=96.629 Prec=96.662

Train Client0 [18/30] LR=0.0001000 loss=0.232 ACC=96.875 F1=77.601 Rec=78.104 Prec=77.172
Train Client1 [18/30] LR=0.0001000 loss=0.077 ACC=99.234 F1=96.706 Rec=96.818 Prec=96.604
Train Client2 [18/30] LR=0.0001000 loss=0.217 ACC=97.576 F1=93.478 Rec=93.018 Prec=94.032
Train Client3 [18/30] LR=0.0001000 loss=0.199 ACC=97.538 F1=97.400 Rec=97.385 Prec=97.419
Train Client4 [18/30] LR=0.0001000 loss=0.251 ACC=97.713 F1=88.637 Rec=96.845 Prec=85.153
Train Client5 [18/30] LR=0.0001000 loss=0.090 ACC=98.750 F1=91.371 Rec=98.842 Prec=88.176
Train Client6 [18/30] LR=0.0001000 loss=0.987 ACC=90.000 F1=87.703 Rec=93.762 Prec=83.786
Train Client7 [18/30] LR=0.0001000 loss=0.407 ACC=95.606 F1=95.533 Rec=96.114 Prec=94.981

Test-  OSR [18/30] LR=0.0001000 ACC=69.607 F1=74.401 Rec=79.063 Prec=75.204 UNK=41.238 OS*=86.629 HOS=55.877 AUROC=74.085 AUPR=63.077 OSCR=70.198
Test-Close [18/30] LR=0.0001000 loss=2.060 ACC=96.571 F1=96.537 Rec=96.571 Prec=96.699

Train Client0 [19/30] LR=0.0001000 loss=0.233 ACC=96.498 F1=77.133 Rec=77.424 Prec=76.870
Train Client1 [19/30] LR=0.0001000 loss=0.073 ACC=99.060 F1=94.706 Rec=95.709 Prec=93.876
Train Client2 [19/30] LR=0.0001000 loss=0.221 ACC=97.671 F1=94.792 Rec=94.161 Prec=95.529
Train Client3 [19/30] LR=0.0001000 loss=0.169 ACC=98.106 F1=97.800 Rec=97.691 Prec=97.920
Train Client4 [19/30] LR=0.0001000 loss=0.182 ACC=98.323 F1=94.194 Rec=97.954 Prec=91.319
Train Client5 [19/30] LR=0.0001000 loss=0.125 ACC=98.393 F1=89.670 Rec=98.876 Prec=86.407
Train Client6 [19/30] LR=0.0001000 loss=0.898 ACC=89.167 F1=85.353 Rec=88.647 Prec=82.977
Train Client7 [19/30] LR=0.0001000 loss=0.401 ACC=95.985 F1=95.638 Rec=95.925 Prec=95.363

Test-  OSR [19/30] LR=0.0001000 ACC=65.107 F1=68.427 Rec=73.349 Prec=73.308 UNK=40.381 OS*=79.943 HOS=53.658 AUROC=71.294 AUPR=56.650 OSCR=66.000
Test-Close [19/30] LR=0.0001000 loss=2.103 ACC=96.743 F1=96.709 Rec=96.743 Prec=96.843

Train Client0 [20/30] LR=0.0001000 loss=0.265 ACC=96.659 F1=77.255 Rec=77.662 Prec=76.900
Train Client1 [20/30] LR=0.0001000 loss=0.073 ACC=99.269 F1=96.797 Rec=96.955 Prec=96.646
Train Client2 [20/30] LR=0.0001000 loss=0.210 ACC=97.386 F1=93.556 Rec=93.762 Prec=93.354
Train Client3 [20/30] LR=0.0001000 loss=0.201 ACC=97.348 F1=95.442 Rec=96.769 Prec=94.340
Train Client4 [20/30] LR=0.0001000 loss=0.140 ACC=98.704 F1=92.341 Rec=97.481 Prec=89.051
Train Client5 [20/30] LR=0.0001000 loss=0.139 ACC=98.482 F1=90.293 Rec=98.557 Prec=87.177
Train Client6 [20/30] LR=0.0001000 loss=0.948 ACC=87.500 F1=83.249 Rec=87.574 Prec=80.478
Train Client7 [20/30] LR=0.0001000 loss=0.376 ACC=96.515 F1=96.249 Rec=96.477 Prec=96.034

Test-  OSR [20/30] LR=0.0001000 ACC=67.143 F1=72.612 Rec=77.873 Prec=74.089 UNK=34.952 OS*=86.457 HOS=49.780 AUROC=69.433 AUPR=56.501 OSCR=66.438
Test-Close [20/30] LR=0.0001000 loss=2.070 ACC=96.800 F1=96.764 Rec=96.800 Prec=96.922

Train Client0 [21/30] LR=0.0001000 loss=0.237 ACC=96.552 F1=77.194 Rec=77.564 Prec=76.863
Train Client1 [21/30] LR=0.0001000 loss=0.048 ACC=99.373 F1=96.557 Rec=97.146 Prec=96.017
Train Client2 [21/30] LR=0.0001000 loss=0.216 ACC=97.956 F1=95.003 Rec=94.160 Prec=95.977
Train Client3 [21/30] LR=0.0001000 loss=0.182 ACC=98.674 F1=97.253 Rec=98.901 Prec=95.833
Train Client4 [21/30] LR=0.0001000 loss=0.195 ACC=98.323 F1=90.679 Rec=95.520 Prec=87.522
Train Client5 [21/30] LR=0.0001000 loss=0.081 ACC=98.661 F1=86.458 Rec=89.159 Prec=84.929
Train Client6 [21/30] LR=0.0001000 loss=0.913 ACC=89.722 F1=87.190 Rec=93.472 Prec=83.502
Train Client7 [21/30] LR=0.0001000 loss=0.344 ACC=96.212 F1=96.349 Rec=96.585 Prec=96.128

Test-  OSR [21/30] LR=0.0001000 ACC=72.357 F1=76.066 Rec=78.952 Prec=76.254 UNK=52.571 OS*=84.229 HOS=64.737 AUROC=77.379 AUPR=69.122 OSCR=71.430
Test-Close [21/30] LR=0.0001000 loss=2.081 ACC=96.914 F1=96.891 Rec=96.914 Prec=97.025

Train Client0 [22/30] LR=0.0001000 loss=0.260 ACC=95.959 F1=76.556 Rec=76.816 Prec=76.315
Train Client1 [22/30] LR=0.0001000 loss=0.076 ACC=99.095 F1=95.478 Rec=96.203 Prec=94.839
Train Client2 [22/30] LR=0.0001000 loss=0.178 ACC=97.909 F1=94.752 Rec=93.962 Prec=95.673
Train Client3 [22/30] LR=0.0001000 loss=0.194 ACC=97.727 F1=97.418 Rec=97.328 Prec=97.510
Train Client4 [22/30] LR=0.0001000 loss=0.227 ACC=97.942 F1=88.342 Rec=97.559 Prec=83.935
Train Client5 [22/30] LR=0.0001000 loss=0.125 ACC=98.125 F1=85.950 Rec=88.518 Prec=84.553
Train Client6 [22/30] LR=0.0001000 loss=0.926 ACC=88.889 F1=85.588 Rec=89.334 Prec=82.948
Train Client7 [22/30] LR=0.0001000 loss=0.339 ACC=96.061 F1=96.332 Rec=96.589 Prec=96.089

Test-  OSR [22/30] LR=0.0001000 ACC=69.036 F1=70.561 Rec=74.365 Prec=75.352 UNK=53.048 OS*=78.629 HOS=63.353 AUROC=75.574 AUPR=64.613 OSCR=67.779
Test-Close [22/30] LR=0.0001000 loss=2.155 ACC=96.971 F1=96.942 Rec=96.971 Prec=97.045

Train Client0 [23/30] LR=0.0001000 loss=0.228 ACC=96.552 F1=77.143 Rec=77.594 Prec=76.752
Train Client1 [23/30] LR=0.0001000 loss=0.111 ACC=98.747 F1=94.036 Rec=94.389 Prec=93.704
Train Client2 [23/30] LR=0.0001000 loss=0.236 ACC=97.861 F1=94.249 Rec=94.067 Prec=94.451
Train Client3 [23/30] LR=0.0001000 loss=0.214 ACC=97.348 F1=93.897 Rec=93.717 Prec=94.088
Train Client4 [23/30] LR=0.0001000 loss=0.205 ACC=98.323 F1=90.306 Rec=95.496 Prec=86.797
Train Client5 [23/30] LR=0.0001000 loss=0.086 ACC=98.661 F1=90.993 Rec=93.870 Prec=89.118
Train Client6 [23/30] LR=0.0001000 loss=1.004 ACC=89.444 F1=84.975 Rec=91.879 Prec=80.221
Train Client7 [23/30] LR=0.0001000 loss=0.377 ACC=95.833 F1=95.795 Rec=95.880 Prec=95.713

Test-  OSR [23/30] LR=0.0001000 ACC=66.964 F1=69.389 Rec=73.000 Prec=74.431 UNK=48.857 OS*=77.829 HOS=60.030 AUROC=72.830 AUPR=57.944 OSCR=66.417
Test-Close [23/30] LR=0.0001000 loss=2.167 ACC=96.743 F1=96.717 Rec=96.743 Prec=96.810

Train Client0 [24/30] LR=0.0001000 loss=0.222 ACC=97.144 F1=77.619 Rec=77.792 Prec=77.457
Train Client1 [24/30] LR=0.0001000 loss=0.062 ACC=99.234 F1=96.191 Rec=95.889 Prec=96.504
Train Client2 [24/30] LR=0.0001000 loss=0.210 ACC=97.766 F1=94.748 Rec=94.379 Prec=95.137
Train Client3 [24/30] LR=0.0001000 loss=0.133 ACC=98.295 F1=96.509 Rec=97.819 Prec=95.428
Train Client4 [24/30] LR=0.0001000 loss=0.160 ACC=98.857 F1=92.194 Rec=95.092 Prec=90.082
Train Client5 [24/30] LR=0.0001000 loss=0.100 ACC=98.571 F1=91.198 Rec=98.758 Prec=87.913
Train Client6 [24/30] LR=0.0001000 loss=0.934 ACC=89.167 F1=85.768 Rec=89.449 Prec=83.163
Train Client7 [24/30] LR=0.0001000 loss=0.377 ACC=95.379 F1=95.599 Rec=96.447 Prec=94.865

Test-  OSR [24/30] LR=0.0001000 ACC=71.679 F1=75.655 Rec=80.746 Prec=75.536 UNK=44.476 OS*=88.000 HOS=59.088 AUROC=77.626 AUPR=66.578 OSCR=74.129
Test-Close [24/30] LR=0.0001000 loss=2.003 ACC=96.743 F1=96.715 Rec=96.743 Prec=96.852

Train Client0 [25/30] LR=0.0001000 loss=0.248 ACC=96.444 F1=77.097 Rec=77.420 Prec=76.805
Train Client1 [25/30] LR=0.0001000 loss=0.049 ACC=99.304 F1=96.794 Rec=97.001 Prec=96.594
Train Client2 [25/30] LR=0.0001000 loss=0.218 ACC=97.671 F1=94.309 Rec=93.504 Prec=95.240
Train Client3 [25/30] LR=0.0001000 loss=0.143 ACC=97.917 F1=97.608 Rec=97.810 Prec=97.447
Train Client4 [25/30] LR=0.0001000 loss=0.172 ACC=98.704 F1=91.169 Rec=95.219 Prec=88.724
Train Client5 [25/30] LR=0.0001000 loss=0.069 ACC=99.018 F1=86.098 Rec=84.505 Prec=89.358
Train Client6 [25/30] LR=0.0001000 loss=0.784 ACC=90.833 F1=86.985 Rec=90.673 Prec=84.341
Train Client7 [25/30] LR=0.0001000 loss=0.324 ACC=96.212 F1=96.312 Rec=96.182 Prec=96.446

Test-  OSR [25/30] LR=0.0001000 ACC=69.643 F1=73.614 Rec=77.492 Prec=75.656 UNK=46.095 OS*=83.771 HOS=59.468 AUROC=76.189 AUPR=62.080 OSCR=71.604
Test-Close [25/30] LR=0.0001000 loss=2.096 ACC=96.629 F1=96.589 Rec=96.629 Prec=96.773

Train Client0 [26/30] LR=0.0001000 loss=0.211 ACC=96.606 F1=77.196 Rec=77.583 Prec=76.850
Train Client1 [26/30] LR=0.0001000 loss=0.066 ACC=99.478 F1=96.726 Rec=96.904 Prec=96.553
Train Client2 [26/30] LR=0.0001000 loss=0.178 ACC=98.241 F1=96.260 Rec=95.776 Prec=96.797
Train Client3 [26/30] LR=0.0001000 loss=0.118 ACC=98.485 F1=98.006 Rec=97.902 Prec=98.136
Train Client4 [26/30] LR=0.0001000 loss=0.229 ACC=98.323 F1=90.315 Rec=97.369 Prec=86.616
Train Client5 [26/30] LR=0.0001000 loss=0.104 ACC=98.661 F1=87.104 Rec=89.031 Prec=85.844
Train Client6 [26/30] LR=0.0001000 loss=1.106 ACC=87.778 F1=84.201 Rec=88.625 Prec=81.342
Train Client7 [26/30] LR=0.0001000 loss=0.359 ACC=95.758 F1=95.364 Rec=95.172 Prec=95.566

Test-  OSR [26/30] LR=0.0001000 ACC=71.429 F1=74.718 Rec=78.698 Prec=75.906 UNK=49.619 OS*=84.514 HOS=62.528 AUROC=79.351 AUPR=67.243 OSCR=74.395
Test-Close [26/30] LR=0.0001000 loss=2.024 ACC=96.857 F1=96.832 Rec=96.857 Prec=96.926

Train Client0 [27/30] LR=0.0001000 loss=0.222 ACC=96.498 F1=77.222 Rec=77.576 Prec=76.911
Train Client1 [27/30] LR=0.0001000 loss=0.059 ACC=99.060 F1=95.526 Rec=95.776 Prec=95.282
Train Client2 [27/30] LR=0.0001000 loss=0.220 ACC=97.386 F1=93.699 Rec=93.270 Prec=94.204
Train Client3 [27/30] LR=0.0001000 loss=0.118 ACC=98.485 F1=98.342 Rec=98.243 Prec=98.452
Train Client4 [27/30] LR=0.0001000 loss=0.185 ACC=98.704 F1=93.161 Rec=96.767 Prec=90.909
Train Client5 [27/30] LR=0.0001000 loss=0.071 ACC=98.929 F1=88.625 Rec=94.165 Prec=86.292
Train Client6 [27/30] LR=0.0001000 loss=0.917 ACC=90.000 F1=86.810 Rec=90.430 Prec=84.202
Train Client7 [27/30] LR=0.0001000 loss=0.337 ACC=96.818 F1=96.812 Rec=96.217 Prec=97.441

Test-  OSR [27/30] LR=0.0001000 ACC=72.714 F1=76.414 Rec=81.587 Prec=75.526 UNK=46.095 OS*=88.686 HOS=60.661 AUROC=78.836 AUPR=68.886 OSCR=75.274
Test-Close [27/30] LR=0.0001000 loss=1.978 ACC=96.857 F1=96.830 Rec=96.857 Prec=96.960

Train Client0 [28/30] LR=0.0001000 loss=0.212 ACC=96.983 F1=96.819 Rec=97.596 Prec=96.159
Train Client1 [28/30] LR=0.0001000 loss=0.066 ACC=99.164 F1=96.695 Rec=97.343 Prec=96.100
Train Client2 [28/30] LR=0.0001000 loss=0.203 ACC=97.576 F1=94.560 Rec=94.482 Prec=94.640
Train Client3 [28/30] LR=0.0001000 loss=0.201 ACC=98.485 F1=98.193 Rec=98.271 Prec=98.117
Train Client4 [28/30] LR=0.0001000 loss=0.159 ACC=98.399 F1=90.455 Rec=92.005 Prec=89.246
Train Client5 [28/30] LR=0.0001000 loss=0.098 ACC=98.304 F1=85.522 Rec=88.772 Prec=83.942
Train Client6 [28/30] LR=0.0001000 loss=0.738 ACC=90.556 F1=87.139 Rec=90.350 Prec=84.750
Train Client7 [28/30] LR=0.0001000 loss=0.316 ACC=95.833 F1=95.859 Rec=96.132 Prec=95.599

Test-  OSR [28/30] LR=0.0001000 ACC=64.607 F1=69.735 Rec=74.333 Prec=73.186 UNK=35.429 OS*=82.114 HOS=49.500 AUROC=67.212 AUPR=52.741 OSCR=63.353
Test-Close [28/30] LR=0.0001000 loss=2.077 ACC=96.629 F1=96.597 Rec=96.629 Prec=96.764

Train Client0 [29/30] LR=0.0001000 loss=0.208 ACC=96.875 F1=77.443 Rec=77.783 Prec=77.136
Train Client1 [29/30] LR=0.0001000 loss=0.092 ACC=98.851 F1=95.759 Rec=96.267 Prec=95.307
Train Client2 [29/30] LR=0.0001000 loss=0.216 ACC=97.909 F1=94.611 Rec=94.505 Prec=94.759
Train Client3 [29/30] LR=0.0001000 loss=0.207 ACC=97.917 F1=96.089 Rec=97.254 Prec=95.167
Train Client4 [29/30] LR=0.0001000 loss=0.163 ACC=98.704 F1=91.722 Rec=95.219 Prec=89.392
Train Client5 [29/30] LR=0.0001000 loss=0.112 ACC=98.571 F1=87.166 Rec=89.106 Prec=85.894
Train Client6 [29/30] LR=0.0001000 loss=0.875 ACC=90.833 F1=86.079 Rec=90.956 Prec=82.276
Train Client7 [29/30] LR=0.0001000 loss=0.316 ACC=97.045 F1=96.774 Rec=95.936 Prec=97.678

Test-  OSR [29/30] LR=0.0001000 ACC=71.679 F1=74.793 Rec=78.206 Prec=77.019 UNK=52.095 OS*=83.429 HOS=64.140 AUROC=77.126 AUPR=65.799 OSCR=71.573
Test-Close [29/30] LR=0.0001000 loss=2.063 ACC=96.743 F1=96.712 Rec=96.743 Prec=96.832

------>Best performance (by OSCR)--->>>>>>>

Test-  OSR [1/30] LR=0.0001000 ACC=63.857 F1=68.091 Rec=81.619 Prec=72.683 UNK=10.571 OS*=95.829 HOS=19.042 AUROC=84.408 AUPR=75.024 OSCR=82.683
Test-Close [1/30] LR=0.0001000 loss=1.784 ACC=95.943 F1=95.899 Rec=95.943 Prec=96.136
=====================================================================================================================================
The ending time ：2026-06-03 01:08:30
