Logging to: ./logs/RetinalOCT_Finetune_K3_U5_seed1_20260715_151942.log
==> Preparing data..
Protocol mode: random
Known class list: [7 2 1] Unknown class list [6 0 4 3 5]
Total images — Train: 18400, Val: 2800, Test: 2800
{7: 0, 2: 1, 1: 2} {6: 3, 0: 4, 4: 5, 3: 6, 5: 7}
Known origin: [7 2 1] , new: [0 1 2]
Unknown origin: [6 0 4 3 5] , new: [3 4 5 6 7]
Known/Unknown in Train: 6900/11500
Known/Unknown in Val:   1050/1750
Known/Unknown in Test:  1050/1750
Client0 sample num: 1945
Client1 sample num: 225
Client2 sample num: 1070
Client3 sample num: 216
Client4 sample num: 1852
Client5 sample num: 678
Client6 sample num: 870
Client7 sample num: 44

>>> Setting up
==> Using device: cuda:1
==> Building [Resnet18] model..
154
154
154
154
154
154
154
154
154
154
154
154
154
154
154
154
154
154
Train Client0 [0/30] LR=0.0001000 loss=19.543 ACC=94.136 F1=93.562 Rec=94.257 Prec=92.938
Train Client1 [0/30] LR=0.0001000 loss=40.131 ACC=89.732 F1=57.130 Rec=62.963 Prec=54.321
Train Client2 [0/30] LR=0.0001000 loss=28.621 ACC=97.932 F1=96.296 Rec=98.205 Prec=94.583
Train Client3 [0/30] LR=0.0001000 loss=34.496 ACC=99.537 F1=66.540 Rec=66.414 Prec=66.667
Train Client4 [0/30] LR=0.0001000 loss=22.264 ACC=99.567 F1=96.344 Rec=96.415 Prec=96.275
Train Client5 [0/30] LR=0.0001000 loss=30.617 ACC=84.077 F1=36.374 Rec=61.473 Prec=36.455
Train Client6 [0/30] LR=0.0001000 loss=29.116 ACC=93.981 F1=85.420 Rec=95.633 Prec=79.387
Train Client7 [0/30] LR=0.0001000 loss=41.493 ACC=85.000 F1=79.487 Rec=93.103 Prec=77.778

Test-  OSR [0/30] LR=0.0001000 ACC=37.321 F1=42.892 Rec=74.643 Prec=30.804 UNK=0.000 OS*=99.524 HOS=0.000 AUROC=63.664 AUPR=75.236 OSCR=63.606
Test-Close [0/30] LR=0.0001000 loss=1.173 ACC=99.524 F1=99.524 Rec=99.524 Prec=99.531

Saving best model . . . . . . . .

Train Client0 [1/30] LR=0.0001000 loss=5.686 ACC=95.988 F1=96.365 Rec=96.251 Prec=96.485
Train Client1 [1/30] LR=0.0001000 loss=15.552 ACC=92.857 F1=61.818 Rec=64.090 Prec=60.317
Train Client2 [1/30] LR=0.0001000 loss=11.558 ACC=96.805 F1=94.948 Rec=95.969 Prec=94.225
Train Client3 [1/30] LR=0.0001000 loss=16.818 ACC=97.222 F1=65.752 Rec=64.863 Prec=66.667
Train Client4 [1/30] LR=0.0001000 loss=8.237 ACC=99.080 F1=92.888 Rec=95.998 Prec=90.405
Train Client5 [1/30] LR=0.0001000 loss=11.773 ACC=85.268 F1=49.834 Rec=67.439 Prec=48.690
Train Client6 [1/30] LR=0.0001000 loss=10.218 ACC=96.528 F1=94.366 Rec=94.395 Prec=94.414
Train Client7 [1/30] LR=0.0001000 loss=17.012 ACC=90.000 F1=80.864 Rec=95.402 Prec=77.778

Test-  OSR [1/30] LR=0.0001000 ACC=37.321 F1=43.110 Rec=74.643 Prec=31.094 UNK=0.000 OS*=99.524 HOS=0.000 AUROC=59.932 AUPR=72.449 OSCR=59.875
Test-Close [1/30] LR=0.0001000 loss=1.217 ACC=99.524 F1=99.524 Rec=99.524 Prec=99.531

Train Client0 [2/30] LR=0.0001000 loss=0.898 ACC=96.811 F1=96.792 Rec=96.762 Prec=96.822
Train Client1 [2/30] LR=0.0001000 loss=3.603 ACC=95.982 F1=61.652 Rec=65.217 Prec=59.091
Train Client2 [2/30] LR=0.0001000 loss=1.774 ACC=96.617 F1=94.569 Rec=95.446 Prec=94.025
Train Client3 [2/30] LR=0.0001000 loss=5.972 ACC=94.907 F1=64.789 Rec=63.023 Prec=66.667
Train Client4 [2/30] LR=0.0001000 loss=1.204 ACC=98.918 F1=91.420 Rec=96.869 Prec=87.699
Train Client5 [2/30] LR=0.0001000 loss=3.815 ACC=79.018 F1=54.881 Rec=76.324 Prec=53.141
Train Client6 [2/30] LR=0.0001000 loss=1.379 ACC=97.338 F1=94.787 Rec=97.255 Prec=92.686
Train Client7 [2/30] LR=0.0001000 loss=4.620 ACC=95.000 F1=87.698 Rec=97.701 Prec=83.333

Test-  OSR [2/30] LR=0.0001000 ACC=45.107 F1=51.698 Rec=75.471 Prec=56.244 UNK=14.743 OS*=95.714 HOS=25.550 AUROC=71.528 AUPR=79.721 OSCR=70.973
Test-Close [2/30] LR=0.0001000 loss=1.304 ACC=99.524 F1=99.524 Rec=99.524 Prec=99.531

Saving best model . . . . . . . .

Train Client0 [3/30] LR=0.0001000 loss=0.336 ACC=97.685 F1=97.757 Rec=97.599 Prec=97.928
Train Client1 [3/30] LR=0.0001000 loss=0.629 ACC=98.214 F1=64.490 Rec=66.023 Prec=63.158
Train Client2 [3/30] LR=0.0001000 loss=0.280 ACC=98.778 F1=97.731 Rec=98.079 Prec=97.418
Train Client3 [3/30] LR=0.0001000 loss=1.291 ACC=97.685 F1=65.882 Rec=65.115 Prec=66.667
Train Client4 [3/30] LR=0.0001000 loss=0.300 ACC=99.351 F1=95.352 Rec=97.314 Prec=93.633
Train Client5 [3/30] LR=0.0001000 loss=1.608 ACC=79.762 F1=58.853 Rec=93.142 Prec=57.640
Train Client6 [3/30] LR=0.0001000 loss=0.294 ACC=98.495 F1=98.347 Rec=98.882 Prec=97.844
Train Client7 [3/30] LR=0.0001000 loss=1.103 ACC=87.500 F1=78.451 Rec=94.444 Prec=76.190

Test-  OSR [3/30] LR=0.0001000 ACC=42.464 F1=49.257 Rec=74.871 Prec=54.887 UNK=10.057 OS*=96.476 HOS=18.215 AUROC=64.396 AUPR=73.927 OSCR=63.985
Test-Close [3/30] LR=0.0001000 loss=1.301 ACC=99.524 F1=99.524 Rec=99.524 Prec=99.531

Train Client0 [4/30] LR=0.0001000 loss=0.287 ACC=97.788 F1=98.101 Rec=98.161 Prec=98.043
Train Client1 [4/30] LR=0.0001000 loss=0.617 ACC=95.089 F1=63.905 Rec=64.895 Prec=63.158
Train Client2 [4/30] LR=0.0001000 loss=0.220 ACC=98.684 F1=97.292 Rec=97.935 Prec=96.672
Train Client3 [4/30] LR=0.0001000 loss=0.305 ACC=100.000 F1=100.000 Rec=100.000 Prec=100.000
Train Client4 [4/30] LR=0.0001000 loss=0.126 ACC=99.459 F1=96.624 Rec=95.182 Prec=98.248
Train Client5 [4/30] LR=0.0001000 loss=1.068 ACC=88.393 F1=59.097 Rec=96.067 Prec=54.509
Train Client6 [4/30] LR=0.0001000 loss=0.327 ACC=97.338 F1=95.794 Rec=96.393 Prec=95.235
Train Client7 [4/30] LR=0.0001000 loss=0.439 ACC=95.000 F1=90.517 Rec=97.778 Prec=86.667

Test-  OSR [4/30] LR=0.0001000 ACC=44.821 F1=50.651 Rec=77.357 Prec=57.647 UNK=12.286 OS*=99.048 HOS=21.860 AUROC=60.440 AUPR=75.793 OSCR=60.242
Test-Close [4/30] LR=0.0001000 loss=1.256 ACC=99.619 F1=99.619 Rec=99.619 Prec=99.623

Train Client0 [5/30] LR=0.0001000 loss=0.210 ACC=98.200 F1=98.432 Rec=98.544 Prec=98.325
Train Client1 [5/30] LR=0.0001000 loss=0.457 ACC=97.321 F1=66.176 Rec=65.700 Prec=66.667
Train Client2 [5/30] LR=0.0001000 loss=0.150 ACC=99.530 F1=98.928 Rec=99.417 Prec=98.462
Train Client3 [5/30] LR=0.0001000 loss=0.424 ACC=97.222 F1=65.307 Rec=65.152 Prec=65.517
Train Client4 [5/30] LR=0.0001000 loss=0.128 ACC=99.405 F1=95.098 Rec=95.126 Prec=95.070
Train Client5 [5/30] LR=0.0001000 loss=0.846 ACC=92.113 F1=63.536 Rec=80.761 Prec=60.458
Train Client6 [5/30] LR=0.0001000 loss=0.299 ACC=98.264 F1=97.399 Rec=96.560 Prec=98.273
Train Client7 [5/30] LR=0.0001000 loss=0.621 ACC=100.000 F1=100.000 Rec=100.000 Prec=100.000

Test-  OSR [5/30] LR=0.0001000 ACC=40.714 F1=47.261 Rec=75.543 Prec=55.861 UNK=5.886 OS*=98.762 HOS=11.109 AUROC=55.859 AUPR=70.556 OSCR=55.721
Test-Close [5/30] LR=0.0001000 loss=1.235 ACC=99.524 F1=99.524 Rec=99.524 Prec=99.531

Train Client0 [6/30] LR=0.0001000 loss=0.253 ACC=97.788 F1=98.116 Rec=98.267 Prec=97.976
Train Client1 [6/30] LR=0.0001000 loss=0.548 ACC=97.321 F1=65.224 Rec=65.700 Prec=64.815
Train Client2 [6/30] LR=0.0001000 loss=0.164 ACC=99.342 F1=98.524 Rec=98.458 Prec=98.611
Train Client3 [6/30] LR=0.0001000 loss=0.308 ACC=97.222 F1=64.928 Rec=65.152 Prec=64.794
Train Client4 [6/30] LR=0.0001000 loss=0.077 ACC=99.784 F1=98.120 Rec=97.590 Prec=98.671
Train Client5 [6/30] LR=0.0001000 loss=0.891 ACC=92.857 F1=63.915 Rec=81.014 Prec=60.600
Train Client6 [6/30] LR=0.0001000 loss=0.308 ACC=97.917 F1=97.084 Rec=98.149 Prec=96.066
Train Client7 [6/30] LR=0.0001000 loss=0.801 ACC=90.000 F1=84.103 Rec=95.238 Prec=80.952

Test-  OSR [6/30] LR=0.0001000 ACC=41.929 F1=48.425 Rec=76.429 Prec=57.651 UNK=7.429 OS*=99.429 HOS=13.824 AUROC=66.017 AUPR=78.652 OSCR=65.896
Test-Close [6/30] LR=0.0001000 loss=1.192 ACC=99.524 F1=99.524 Rec=99.524 Prec=99.531

Train Client0 [7/30] LR=0.0001000 loss=0.270 ACC=97.582 F1=97.949 Rec=97.959 Prec=97.939
Train Client1 [7/30] LR=0.0001000 loss=0.460 ACC=97.768 F1=65.307 Rec=65.862 Prec=64.815
Train Client2 [7/30] LR=0.0001000 loss=0.149 ACC=99.248 F1=98.078 Rec=98.432 Prec=97.734
Train Client3 [7/30] LR=0.0001000 loss=0.287 ACC=99.537 F1=66.540 Rec=66.414 Prec=66.667
Train Client4 [7/30] LR=0.0001000 loss=0.069 ACC=99.675 F1=97.506 Rec=97.506 Prec=97.506
Train Client5 [7/30] LR=0.0001000 loss=0.787 ACC=93.452 F1=65.521 Rec=89.498 Prec=61.478
Train Client6 [7/30] LR=0.0001000 loss=0.257 ACC=98.611 F1=98.441 Rec=98.597 Prec=98.288
Train Client7 [7/30] LR=0.0001000 loss=0.399 ACC=92.500 F1=87.071 Rec=96.552 Prec=83.333

Test-  OSR [7/30] LR=0.0001000 ACC=45.607 F1=51.535 Rec=77.100 Prec=57.769 UNK=14.114 OS*=98.095 HOS=24.678 AUROC=64.050 AUPR=77.062 OSCR=63.682
Test-Close [7/30] LR=0.0001000 loss=1.246 ACC=99.048 F1=99.047 Rec=99.048 Prec=99.074

Train Client0 [8/30] LR=0.0001000 loss=0.259 ACC=97.634 F1=97.895 Rec=98.073 Prec=97.721
Train Client1 [8/30] LR=0.0001000 loss=0.583 ACC=96.875 F1=64.242 Rec=65.539 Prec=63.158
Train Client2 [8/30] LR=0.0001000 loss=0.145 ACC=98.590 F1=96.213 Rec=96.166 Prec=96.280
Train Client3 [8/30] LR=0.0001000 loss=0.361 ACC=99.074 F1=99.030 Rec=99.242 Prec=98.837
Train Client4 [8/30] LR=0.0001000 loss=0.060 ACC=99.729 F1=97.466 Rec=96.469 Prec=98.544
Train Client5 [8/30] LR=0.0001000 loss=0.589 ACC=95.982 F1=68.258 Rec=90.356 Prec=62.911
Train Client6 [8/30] LR=0.0001000 loss=0.285 ACC=98.148 F1=97.387 Rec=98.732 Prec=96.123
Train Client7 [8/30] LR=0.0001000 loss=0.770 ACC=92.500 F1=87.135 Rec=96.667 Prec=83.333

Test-  OSR [8/30] LR=0.0001000 ACC=41.714 F1=48.115 Rec=76.229 Prec=57.049 UNK=7.200 OS*=99.238 HOS=13.426 AUROC=70.972 AUPR=81.713 OSCR=70.866
Test-Close [8/30] LR=0.0001000 loss=1.187 ACC=99.619 F1=99.619 Rec=99.619 Prec=99.623

Train Client0 [9/30] LR=0.0001000 loss=0.257 ACC=98.148 F1=98.304 Rec=98.494 Prec=98.120
Train Client1 [9/30] LR=0.0001000 loss=0.384 ACC=98.214 F1=66.341 Rec=66.023 Prec=66.667
Train Client2 [9/30] LR=0.0001000 loss=0.081 ACC=99.718 F1=99.386 Rec=99.750 Prec=99.032
Train Client3 [9/30] LR=0.0001000 loss=0.302 ACC=98.611 F1=66.086 Rec=65.909 Prec=66.275
Train Client4 [9/30] LR=0.0001000 loss=0.103 ACC=99.459 F1=94.444 Rec=94.002 Prec=94.904
Train Client5 [9/30] LR=0.0001000 loss=0.629 ACC=96.280 F1=69.865 Rec=98.741 Prec=63.272
Train Client6 [9/30] LR=0.0001000 loss=0.276 ACC=98.148 F1=97.901 Rec=97.901 Prec=97.901
Train Client7 [9/30] LR=0.0001000 loss=0.225 ACC=95.000 F1=90.432 Rec=97.619 Prec=86.667

Test-  OSR [9/30] LR=0.0001000 ACC=41.036 F1=47.314 Rec=75.957 Prec=56.756 UNK=6.114 OS*=99.238 HOS=11.519 AUROC=66.567 AUPR=78.619 OSCR=66.439
Test-Close [9/30] LR=0.0001000 loss=1.205 ACC=99.524 F1=99.524 Rec=99.524 Prec=99.531

Train Client0 [10/30] LR=0.0001000 loss=0.227 ACC=98.148 F1=98.207 Rec=98.319 Prec=98.101
Train Client1 [10/30] LR=0.0001000 loss=0.374 ACC=99.107 F1=66.505 Rec=66.345 Prec=66.667
Train Client2 [10/30] LR=0.0001000 loss=0.083 ACC=99.342 F1=98.039 Rec=97.983 Prec=98.100
Train Client3 [10/30] LR=0.0001000 loss=0.592 ACC=96.759 F1=64.795 Rec=64.899 Prec=64.794
Train Client4 [10/30] LR=0.0001000 loss=0.045 ACC=99.729 F1=97.548 Rec=97.562 Prec=97.534
Train Client5 [10/30] LR=0.0001000 loss=0.559 ACC=96.429 F1=66.054 Rec=65.658 Prec=66.460
Train Client6 [10/30] LR=0.0001000 loss=0.283 ACC=98.032 F1=96.646 Rec=97.024 Prec=96.283
Train Client7 [10/30] LR=0.0001000 loss=0.593 ACC=95.000 F1=90.476 Rec=97.701 Prec=86.667

Test-  OSR [10/30] LR=0.0001000 ACC=43.964 F1=50.115 Rec=77.014 Prec=57.553 UNK=10.914 OS*=99.048 HOS=19.662 AUROC=65.874 AUPR=78.724 OSCR=65.739
Test-Close [10/30] LR=0.0001000 loss=1.219 ACC=99.619 F1=99.619 Rec=99.619 Prec=99.623

Train Client0 [11/30] LR=0.0001000 loss=0.212 ACC=98.405 F1=98.504 Rec=98.683 Prec=98.329
Train Client1 [11/30] LR=0.0001000 loss=0.218 ACC=99.107 F1=66.505 Rec=66.345 Prec=66.667
Train Client2 [11/30] LR=0.0001000 loss=0.048 ACC=99.718 F1=99.503 Rec=99.503 Prec=99.510
Train Client3 [11/30] LR=0.0001000 loss=0.018 ACC=100.000 F1=100.000 Rec=100.000 Prec=100.000
Train Client4 [11/30] LR=0.0001000 loss=0.055 ACC=99.729 F1=96.937 Rec=96.440 Prec=97.452
Train Client5 [11/30] LR=0.0001000 loss=0.502 ACC=96.577 F1=68.746 Rec=76.720 Prec=68.078
Train Client6 [11/30] LR=0.0001000 loss=0.342 ACC=98.032 F1=97.786 Rec=97.862 Prec=97.710
Train Client7 [11/30] LR=0.0001000 loss=0.257 ACC=100.000 F1=100.000 Rec=100.000 Prec=100.000

Test-  OSR [11/30] LR=0.0001000 ACC=52.143 F1=57.304 Rec=79.771 Prec=60.108 UNK=24.514 OS*=98.190 HOS=39.234 AUROC=74.493 AUPR=84.240 OSCR=74.147
Test-Close [11/30] LR=0.0001000 loss=1.291 ACC=99.619 F1=99.619 Rec=99.619 Prec=99.623

Saving best model . . . . . . . .

Train Client0 [12/30] LR=0.0001000 loss=0.270 ACC=98.097 F1=98.154 Rec=98.073 Prec=98.245
Train Client1 [12/30] LR=0.0001000 loss=0.219 ACC=99.554 F1=66.586 Rec=66.506 Prec=66.667
Train Client2 [12/30] LR=0.0001000 loss=0.102 ACC=99.436 F1=98.280 Rec=98.514 Prec=98.059
Train Client3 [12/30] LR=0.0001000 loss=0.210 ACC=97.685 F1=66.023 Rec=65.404 Prec=66.667
Train Client4 [12/30] LR=0.0001000 loss=0.054 ACC=99.567 F1=97.341 Rec=96.329 Prec=98.432
Train Client5 [12/30] LR=0.0001000 loss=0.438 ACC=96.577 F1=74.679 Rec=98.840 Prec=71.605
Train Client6 [12/30] LR=0.0001000 loss=0.155 ACC=99.074 F1=98.355 Rec=97.621 Prec=99.119
Train Client7 [12/30] LR=0.0001000 loss=0.278 ACC=95.000 F1=90.432 Rec=97.619 Prec=86.667

Test-  OSR [12/30] LR=0.0001000 ACC=44.821 F1=51.208 Rec=76.100 Prec=56.493 UNK=13.543 OS*=96.952 HOS=23.766 AUROC=64.951 AUPR=76.811 OSCR=64.611
Test-Close [12/30] LR=0.0001000 loss=1.277 ACC=99.238 F1=99.238 Rec=99.238 Prec=99.255

Train Client0 [13/30] LR=0.0001000 loss=0.210 ACC=97.840 F1=98.242 Rec=98.450 Prec=98.040
Train Client1 [13/30] LR=0.0001000 loss=0.259 ACC=99.107 F1=66.505 Rec=66.345 Prec=66.667
Train Client2 [13/30] LR=0.0001000 loss=0.069 ACC=99.624 F1=99.037 Rec=99.217 Prec=98.859
Train Client3 [13/30] LR=0.0001000 loss=0.214 ACC=98.611 F1=66.086 Rec=65.909 Prec=66.275
Train Client4 [13/30] LR=0.0001000 loss=0.053 ACC=99.784 F1=97.507 Rec=96.496 Prec=98.598
Train Client5 [13/30] LR=0.0001000 loss=0.364 ACC=98.065 F1=74.484 Rec=94.633 Prec=67.806
Train Client6 [13/30] LR=0.0001000 loss=0.242 ACC=98.495 F1=98.323 Rec=98.400 Prec=98.248
Train Client7 [13/30] LR=0.0001000 loss=0.029 ACC=100.000 F1=100.000 Rec=100.000 Prec=100.000

Test-  OSR [13/30] LR=0.0001000 ACC=49.857 F1=55.389 Rec=78.229 Prec=58.724 UNK=21.486 OS*=97.143 HOS=35.189 AUROC=71.912 AUPR=82.240 OSCR=71.466
Test-Close [13/30] LR=0.0001000 loss=1.277 ACC=99.619 F1=99.619 Rec=99.619 Prec=99.623

Train Client0 [14/30] LR=0.0001000 loss=0.210 ACC=98.457 F1=98.804 Rec=98.865 Prec=98.744
Train Client1 [14/30] LR=0.0001000 loss=0.151 ACC=99.554 F1=66.586 Rec=66.506 Prec=66.667
Train Client2 [14/30] LR=0.0001000 loss=0.079 ACC=99.342 F1=98.527 Rec=98.586 Prec=98.467
Train Client3 [14/30] LR=0.0001000 loss=0.028 ACC=100.000 F1=100.000 Rec=100.000 Prec=100.000
Train Client4 [14/30] LR=0.0001000 loss=0.054 ACC=99.513 F1=95.628 Rec=95.152 Prec=96.123
Train Client5 [14/30] LR=0.0001000 loss=0.327 ACC=97.917 F1=78.431 Rec=99.294 Prec=74.074
Train Client6 [14/30] LR=0.0001000 loss=0.200 ACC=98.958 F1=98.834 Rec=99.070 Prec=98.603
Train Client7 [14/30] LR=0.0001000 loss=0.457 ACC=97.500 F1=94.632 Rec=98.810 Prec=91.667

Test-  OSR [14/30] LR=0.0001000 ACC=51.393 F1=57.410 Rec=75.700 Prec=59.186 UNK=27.086 OS*=91.905 HOS=41.840 AUROC=62.932 AUPR=76.359 OSCR=61.585
Test-Close [14/30] LR=0.0001000 loss=1.421 ACC=99.524 F1=99.524 Rec=99.524 Prec=99.531

Train Client0 [15/30] LR=0.0001000 loss=0.166 ACC=98.560 F1=98.796 Rec=98.945 Prec=98.649
Train Client1 [15/30] LR=0.0001000 loss=0.153 ACC=99.107 F1=65.552 Rec=66.345 Prec=64.815
Train Client2 [15/30] LR=0.0001000 loss=0.051 ACC=99.530 F1=98.564 Rec=98.682 Prec=98.449
Train Client3 [15/30] LR=0.0001000 loss=0.029 ACC=100.000 F1=100.000 Rec=100.000 Prec=100.000
Train Client4 [15/30] LR=0.0001000 loss=0.050 ACC=99.675 F1=97.507 Rec=97.507 Prec=97.507
Train Client5 [15/30] LR=0.0001000 loss=0.335 ACC=97.768 F1=74.062 Rec=90.961 Prec=68.699
Train Client6 [15/30] LR=0.0001000 loss=0.171 ACC=98.727 F1=97.324 Rec=97.479 Prec=97.173
Train Client7 [15/30] LR=0.0001000 loss=0.191 ACC=97.500 F1=94.632 Rec=98.810 Prec=91.667

Test-  OSR [15/30] LR=0.0001000 ACC=53.714 F1=58.169 Rec=78.743 Prec=59.231 UNK=28.686 OS*=95.429 HOS=44.112 AUROC=72.674 AUPR=82.063 OSCR=71.679
Test-Close [15/30] LR=0.0001000 loss=1.343 ACC=99.524 F1=99.524 Rec=99.524 Prec=99.531

Train Client0 [16/30] LR=0.0001000 loss=0.207 ACC=98.508 F1=98.846 Rec=98.959 Prec=98.740
Train Client1 [16/30] LR=0.0001000 loss=0.133 ACC=99.554 F1=66.586 Rec=66.506 Prec=66.667
Train Client2 [16/30] LR=0.0001000 loss=0.058 ACC=99.718 F1=99.140 Rec=99.260 Prec=99.022
Train Client3 [16/30] LR=0.0001000 loss=0.009 ACC=100.000 F1=100.000 Rec=100.000 Prec=100.000
Train Client4 [16/30] LR=0.0001000 loss=0.029 ACC=99.838 F1=98.162 Rec=97.645 Prec=98.698
Train Client5 [16/30] LR=0.0001000 loss=0.341 ACC=98.065 F1=72.448 Rec=82.779 Prec=67.953
Train Client6 [16/30] LR=0.0001000 loss=0.254 ACC=98.495 F1=98.299 Rec=98.222 Prec=98.378
Train Client7 [16/30] LR=0.0001000 loss=0.161 ACC=97.500 F1=94.632 Rec=98.810 Prec=91.667

Test-  OSR [16/30] LR=0.0001000 ACC=43.929 F1=50.829 Rec=76.771 Prec=57.899 UNK=11.086 OS*=98.667 HOS=19.932 AUROC=60.042 AUPR=75.011 OSCR=59.936
Test-Close [16/30] LR=0.0001000 loss=1.254 ACC=99.619 F1=99.619 Rec=99.619 Prec=99.623

Train Client0 [17/30] LR=0.0001000 loss=0.221 ACC=98.148 F1=98.381 Rec=98.473 Prec=98.294
Train Client1 [17/30] LR=0.0001000 loss=0.117 ACC=99.554 F1=66.586 Rec=66.506 Prec=66.667
Train Client2 [17/30] LR=0.0001000 loss=0.060 ACC=99.248 F1=98.074 Rec=98.309 Prec=97.851
Train Client3 [17/30] LR=0.0001000 loss=0.167 ACC=98.611 F1=65.891 Rec=65.909 Prec=65.891
Train Client4 [17/30] LR=0.0001000 loss=0.056 ACC=99.567 F1=96.178 Rec=95.208 Prec=97.225
Train Client5 [17/30] LR=0.0001000 loss=0.420 ACC=98.214 F1=72.315 Rec=86.400 Prec=65.453
Train Client6 [17/30] LR=0.0001000 loss=0.205 ACC=98.495 F1=97.669 Rec=96.984 Prec=98.385
Train Client7 [17/30] LR=0.0001000 loss=0.021 ACC=100.000 F1=100.000 Rec=100.000 Prec=100.000

Test-  OSR [17/30] LR=0.0001000 ACC=54.500 F1=58.775 Rec=75.229 Prec=59.866 UNK=33.771 OS*=89.048 HOS=48.971 AUROC=66.403 AUPR=77.809 OSCR=63.894
Test-Close [17/30] LR=0.0001000 loss=1.479 ACC=99.333 F1=99.333 Rec=99.333 Prec=99.346

Train Client0 [18/30] LR=0.0001000 loss=0.168 ACC=98.714 F1=98.917 Rec=98.901 Prec=98.936
Train Client1 [18/30] LR=0.0001000 loss=0.128 ACC=99.107 F1=66.505 Rec=66.345 Prec=66.667
Train Client2 [18/30] LR=0.0001000 loss=0.070 ACC=99.436 F1=98.827 Rec=98.889 Prec=98.770
Train Client3 [18/30] LR=0.0001000 loss=0.004 ACC=100.000 F1=100.000 Rec=100.000 Prec=100.000
Train Client4 [18/30] LR=0.0001000 loss=0.068 ACC=99.567 F1=97.423 Rec=97.423 Prec=97.423
Train Client5 [18/30] LR=0.0001000 loss=0.279 ACC=98.512 F1=77.524 Rec=91.213 Prec=71.540
Train Client6 [18/30] LR=0.0001000 loss=0.177 ACC=98.958 F1=98.850 Rec=99.238 Prec=98.479
Train Client7 [18/30] LR=0.0001000 loss=0.050 ACC=97.500 F1=92.749 Rec=98.851 Prec=88.889

Test-  OSR [18/30] LR=0.0001000 ACC=50.571 F1=56.525 Rec=74.571 Prec=58.150 UNK=26.571 OS*=90.571 HOS=41.089 AUROC=66.385 AUPR=76.581 OSCR=64.869
Test-Close [18/30] LR=0.0001000 loss=1.470 ACC=99.524 F1=99.524 Rec=99.524 Prec=99.531

Train Client0 [19/30] LR=0.0001000 loss=0.195 ACC=98.457 F1=98.629 Rec=98.691 Prec=98.569
Train Client1 [19/30] LR=0.0001000 loss=0.108 ACC=99.554 F1=66.586 Rec=66.506 Prec=66.667
Train Client2 [19/30] LR=0.0001000 loss=0.047 ACC=99.718 F1=99.137 Rec=99.257 Prec=99.020
Train Client3 [19/30] LR=0.0001000 loss=0.003 ACC=100.000 F1=100.000 Rec=100.000 Prec=100.000
Train Client4 [19/30] LR=0.0001000 loss=0.080 ACC=99.513 F1=94.486 Rec=94.030 Prec=94.959
Train Client5 [19/30] LR=0.0001000 loss=0.349 ACC=98.363 F1=75.672 Rec=93.941 Prec=70.635
Train Client6 [19/30] LR=0.0001000 loss=0.133 ACC=99.190 F1=99.101 Rec=99.336 Prec=98.873
Train Client7 [19/30] LR=0.0001000 loss=0.008 ACC=100.000 F1=100.000 Rec=100.000 Prec=100.000

Test-  OSR [19/30] LR=0.0001000 ACC=59.000 F1=62.518 Rec=81.314 Prec=61.857 UNK=36.686 OS*=96.190 HOS=53.114 AUROC=79.110 AUPR=87.165 OSCR=77.974
Test-Close [19/30] LR=0.0001000 loss=1.407 ACC=99.429 F1=99.429 Rec=99.429 Prec=99.430

Saving best model . . . . . . . .

Train Client0 [20/30] LR=0.0001000 loss=0.165 ACC=98.405 F1=98.678 Rec=98.662 Prec=98.698
Train Client1 [20/30] LR=0.0001000 loss=0.101 ACC=99.554 F1=66.586 Rec=66.506 Prec=66.667
Train Client2 [20/30] LR=0.0001000 loss=0.044 ACC=99.718 F1=99.133 Rec=99.013 Prec=99.257
Train Client3 [20/30] LR=0.0001000 loss=0.004 ACC=100.000 F1=100.000 Rec=100.000 Prec=100.000
Train Client4 [20/30] LR=0.0001000 loss=0.042 ACC=99.838 F1=98.162 Rec=97.645 Prec=98.698
Train Client5 [20/30] LR=0.0001000 loss=0.277 ACC=97.917 F1=68.534 Rec=74.445 Prec=65.377
Train Client6 [20/30] LR=0.0001000 loss=0.184 ACC=98.611 F1=98.441 Rec=98.441 Prec=98.441
Train Client7 [20/30] LR=0.0001000 loss=0.015 ACC=100.000 F1=100.000 Rec=100.000 Prec=100.000

Test-  OSR [20/30] LR=0.0001000 ACC=49.214 F1=55.609 Rec=77.743 Prec=59.336 UNK=20.686 OS*=96.762 HOS=34.085 AUROC=72.316 AUPR=81.670 OSCR=71.822
Test-Close [20/30] LR=0.0001000 loss=1.343 ACC=99.333 F1=99.333 Rec=99.333 Prec=99.336

Train Client0 [21/30] LR=0.0001000 loss=0.181 ACC=98.765 F1=98.946 Rec=98.929 Prec=98.966
Train Client1 [21/30] LR=0.0001000 loss=0.085 ACC=100.000 F1=100.000 Rec=100.000 Prec=100.000
Train Client2 [21/30] LR=0.0001000 loss=0.058 ACC=99.812 F1=99.423 Rec=99.423 Prec=99.423
Train Client3 [21/30] LR=0.0001000 loss=0.167 ACC=99.074 F1=66.412 Rec=66.162 Prec=66.667
Train Client4 [21/30] LR=0.0001000 loss=0.020 ACC=99.946 F1=99.407 Rec=99.944 Prec=98.889
Train Client5 [21/30] LR=0.0001000 loss=0.353 ACC=98.065 F1=70.464 Rec=78.067 Prec=67.812
Train Client6 [21/30] LR=0.0001000 loss=0.158 ACC=99.190 F1=99.089 Rec=98.854 Prec=99.329
Train Client7 [21/30] LR=0.0001000 loss=0.004 ACC=100.000 F1=100.000 Rec=100.000 Prec=100.000

Test-  OSR [21/30] LR=0.0001000 ACC=47.714 F1=53.601 Rec=78.457 Prec=58.970 UNK=16.971 OS*=98.952 HOS=28.974 AUROC=69.010 AUPR=80.971 OSCR=68.872
Test-Close [21/30] LR=0.0001000 loss=1.239 ACC=99.429 F1=99.429 Rec=99.429 Prec=99.430

Train Client0 [22/30] LR=0.0001000 loss=0.177 ACC=98.354 F1=98.550 Rec=98.631 Prec=98.471
Train Client1 [22/30] LR=0.0001000 loss=0.106 ACC=99.554 F1=66.586 Rec=66.506 Prec=66.667
Train Client2 [22/30] LR=0.0001000 loss=0.022 ACC=99.906 F1=99.713 Rec=99.835 Prec=99.593
Train Client3 [22/30] LR=0.0001000 loss=0.145 ACC=99.537 F1=66.540 Rec=66.414 Prec=66.667
Train Client4 [22/30] LR=0.0001000 loss=0.039 ACC=99.784 F1=99.263 Rec=98.769 Prec=99.777
Train Client5 [22/30] LR=0.0001000 loss=0.232 ACC=98.363 F1=74.007 Rec=86.451 Prec=68.231
Train Client6 [22/30] LR=0.0001000 loss=0.206 ACC=98.148 F1=96.667 Rec=96.898 Prec=96.442
Train Client7 [22/30] LR=0.0001000 loss=0.024 ACC=100.000 F1=100.000 Rec=100.000 Prec=100.000

Test-  OSR [22/30] LR=0.0001000 ACC=45.857 F1=52.834 Rec=76.800 Prec=58.192 UNK=14.914 OS*=97.429 HOS=25.869 AUROC=64.246 AUPR=76.259 OSCR=63.996
Test-Close [22/30] LR=0.0001000 loss=1.299 ACC=99.619 F1=99.619 Rec=99.619 Prec=99.620

Train Client0 [23/30] LR=0.0001000 loss=0.110 ACC=98.714 F1=98.916 Rec=99.055 Prec=98.779
Train Client1 [23/30] LR=0.0001000 loss=0.136 ACC=99.107 F1=65.552 Rec=66.345 Prec=64.815
Train Client2 [23/30] LR=0.0001000 loss=0.058 ACC=99.718 F1=99.132 Rec=99.012 Prec=99.255
Train Client3 [23/30] LR=0.0001000 loss=0.138 ACC=99.074 F1=66.215 Rec=66.162 Prec=66.275
Train Client4 [23/30] LR=0.0001000 loss=0.027 ACC=99.838 F1=98.221 Rec=98.739 Prec=97.722
Train Client5 [23/30] LR=0.0001000 loss=0.177 ACC=99.554 F1=91.035 Rec=99.849 Prec=84.722
Train Client6 [23/30] LR=0.0001000 loss=0.206 ACC=98.032 F1=97.226 Rec=98.034 Prec=96.448
Train Client7 [23/30] LR=0.0001000 loss=0.059 ACC=100.000 F1=100.000 Rec=100.000 Prec=100.000

Test-  OSR [23/30] LR=0.0001000 ACC=44.429 F1=51.121 Rec=70.057 Prec=53.407 UNK=18.800 OS*=87.143 HOS=30.928 AUROC=58.369 AUPR=70.276 OSCR=56.724
Test-Close [23/30] LR=0.0001000 loss=1.500 ACC=99.619 F1=99.619 Rec=99.619 Prec=99.623

Train Client0 [24/30] LR=0.0001000 loss=0.169 ACC=98.302 F1=98.510 Rec=98.582 Prec=98.441
Train Client1 [24/30] LR=0.0001000 loss=0.058 ACC=100.000 F1=100.000 Rec=100.000 Prec=100.000
Train Client2 [24/30] LR=0.0001000 loss=0.059 ACC=99.624 F1=98.847 Rec=98.847 Prec=98.847
Train Client3 [24/30] LR=0.0001000 loss=0.111 ACC=99.537 F1=66.540 Rec=66.414 Prec=66.667
Train Client4 [24/30] LR=0.0001000 loss=0.034 ACC=99.838 F1=98.221 Rec=98.739 Prec=97.722
Train Client5 [24/30] LR=0.0001000 loss=0.189 ACC=99.256 F1=84.722 Rec=99.748 Prec=79.167
Train Client6 [24/30] LR=0.0001000 loss=0.102 ACC=99.421 F1=99.352 Rec=99.431 Prec=99.273
Train Client7 [24/30] LR=0.0001000 loss=0.005 ACC=100.000 F1=100.000 Rec=100.000 Prec=100.000

Test-  OSR [24/30] LR=0.0001000 ACC=46.393 F1=53.318 Rec=71.071 Prec=55.974 UNK=21.714 OS*=87.524 HOS=34.796 AUROC=55.033 AUPR=69.353 OSCR=53.168
Test-Close [24/30] LR=0.0001000 loss=1.504 ACC=99.524 F1=99.524 Rec=99.524 Prec=99.531

Train Client0 [25/30] LR=0.0001000 loss=0.154 ACC=98.508 F1=98.845 Rec=98.958 Prec=98.739
Train Client1 [25/30] LR=0.0001000 loss=0.057 ACC=100.000 F1=100.000 Rec=100.000 Prec=100.000
Train Client2 [25/30] LR=0.0001000 loss=0.030 ACC=99.812 F1=99.607 Rec=99.792 Prec=99.423
Train Client3 [25/30] LR=0.0001000 loss=0.178 ACC=99.537 F1=66.540 Rec=66.414 Prec=66.667
Train Client4 [25/30] LR=0.0001000 loss=0.033 ACC=99.892 F1=98.795 Rec=98.795 Prec=98.795
Train Client5 [25/30] LR=0.0001000 loss=0.214 ACC=98.810 F1=76.363 Rec=83.031 Prec=71.922
Train Client6 [25/30] LR=0.0001000 loss=0.165 ACC=99.074 F1=98.966 Rec=98.966 Prec=98.966
Train Client7 [25/30] LR=0.0001000 loss=0.015 ACC=100.000 F1=100.000 Rec=100.000 Prec=100.000

Test-  OSR [25/30] LR=0.0001000 ACC=55.107 F1=59.276 Rec=75.300 Prec=59.237 UNK=34.914 OS*=88.762 HOS=50.116 AUROC=64.593 AUPR=77.655 OSCR=61.865
Test-Close [25/30] LR=0.0001000 loss=1.517 ACC=99.524 F1=99.524 Rec=99.524 Prec=99.531

Train Client0 [26/30] LR=0.0001000 loss=0.174 ACC=98.405 F1=98.765 Rec=98.857 Prec=98.677
Train Client1 [26/30] LR=0.0001000 loss=0.052 ACC=99.554 F1=66.586 Rec=66.506 Prec=66.667
Train Client2 [26/30] LR=0.0001000 loss=0.026 ACC=99.906 F1=99.713 Rec=99.836 Prec=99.593
Train Client3 [26/30] LR=0.0001000 loss=0.096 ACC=99.074 F1=66.412 Rec=66.162 Prec=66.667
Train Client4 [26/30] LR=0.0001000 loss=0.036 ACC=99.621 F1=95.563 Rec=94.141 Prec=97.158
Train Client5 [26/30] LR=0.0001000 loss=0.210 ACC=98.958 F1=78.611 Rec=83.081 Prec=76.089
Train Client6 [26/30] LR=0.0001000 loss=0.163 ACC=98.958 F1=98.839 Rec=99.074 Prec=98.610
Train Client7 [26/30] LR=0.0001000 loss=0.005 ACC=100.000 F1=100.000 Rec=100.000 Prec=100.000

Test-  OSR [26/30] LR=0.0001000 ACC=48.643 F1=55.655 Rec=73.514 Prec=57.941 UNK=23.771 OS*=90.095 HOS=37.618 AUROC=53.329 AUPR=70.527 OSCR=51.678
Test-Close [26/30] LR=0.0001000 loss=1.490 ACC=99.619 F1=99.619 Rec=99.619 Prec=99.620

Train Client0 [27/30] LR=0.0001000 loss=0.199 ACC=98.354 F1=98.551 Rec=98.675 Prec=98.435
Train Client1 [27/30] LR=0.0001000 loss=0.033 ACC=99.554 F1=66.586 Rec=66.506 Prec=66.667
Train Client2 [27/30] LR=0.0001000 loss=0.047 ACC=99.812 F1=99.423 Rec=99.423 Prec=99.423
Train Client3 [27/30] LR=0.0001000 loss=0.002 ACC=100.000 F1=100.000 Rec=100.000 Prec=100.000
Train Client4 [27/30] LR=0.0001000 loss=0.102 ACC=99.675 F1=97.506 Rec=97.477 Prec=97.534
Train Client5 [27/30] LR=0.0001000 loss=0.199 ACC=99.256 F1=87.053 Rec=99.748 Prec=81.481
Train Client6 [27/30] LR=0.0001000 loss=0.091 ACC=99.421 F1=99.355 Rec=99.434 Prec=99.277
Train Client7 [27/30] LR=0.0001000 loss=0.002 ACC=100.000 F1=100.000 Rec=100.000 Prec=100.000

Test-  OSR [27/30] LR=0.0001000 ACC=51.679 F1=54.117 Rec=64.329 Prec=59.668 UNK=39.029 OS*=72.762 HOS=50.806 AUROC=55.506 AUPR=71.559 OSCR=48.194
Test-Close [27/30] LR=0.0001000 loss=1.739 ACC=99.619 F1=99.619 Rec=99.619 Prec=99.620

Train Client0 [28/30] LR=0.0001000 loss=0.173 ACC=98.611 F1=98.926 Rec=99.060 Prec=98.800
Train Client1 [28/30] LR=0.0001000 loss=0.033 ACC=100.000 F1=100.000 Rec=100.000 Prec=100.000
Train Client2 [28/30] LR=0.0001000 loss=0.046 ACC=99.624 F1=99.020 Rec=98.958 Prec=99.085
Train Client3 [28/30] LR=0.0001000 loss=0.002 ACC=100.000 F1=100.000 Rec=100.000 Prec=100.000
Train Client4 [28/30] LR=0.0001000 loss=0.005 ACC=100.000 F1=100.000 Rec=100.000 Prec=100.000
Train Client5 [28/30] LR=0.0001000 loss=0.230 ACC=98.810 F1=71.650 Rec=74.748 Prec=69.015
Train Client6 [28/30] LR=0.0001000 loss=0.141 ACC=99.074 F1=98.961 Rec=98.961 Prec=98.961
Train Client7 [28/30] LR=0.0001000 loss=0.001 ACC=100.000 F1=100.000 Rec=100.000 Prec=100.000

Test-  OSR [28/30] LR=0.0001000 ACC=52.786 F1=57.046 Rec=68.543 Prec=59.227 UNK=37.029 OS*=79.048 HOS=50.433 AUROC=57.211 AUPR=73.207 OSCR=51.645
Test-Close [28/30] LR=0.0001000 loss=1.654 ACC=99.429 F1=99.428 Rec=99.429 Prec=99.429

Train Client0 [29/30] LR=0.0001000 loss=0.149 ACC=98.765 F1=98.957 Rec=98.952 Prec=98.966
Train Client1 [29/30] LR=0.0001000 loss=0.043 ACC=99.107 F1=66.505 Rec=66.345 Prec=66.667
Train Client2 [29/30] LR=0.0001000 loss=0.076 ACC=99.718 F1=99.130 Rec=99.252 Prec=99.010
Train Client3 [29/30] LR=0.0001000 loss=0.010 ACC=100.000 F1=100.000 Rec=100.000 Prec=100.000
Train Client4 [29/30] LR=0.0001000 loss=0.027 ACC=99.784 F1=97.589 Rec=97.589 Prec=97.589
Train Client5 [29/30] LR=0.0001000 loss=0.222 ACC=99.256 F1=84.722 Rec=91.465 Prec=80.902
Train Client6 [29/30] LR=0.0001000 loss=0.149 ACC=99.074 F1=98.956 Rec=98.956 Prec=98.956
Train Client7 [29/30] LR=0.0001000 loss=0.008 ACC=100.000 F1=100.000 Rec=100.000 Prec=100.000

Test-  OSR [29/30] LR=0.0001000 ACC=53.500 F1=58.806 Rec=77.629 Prec=59.870 UNK=29.371 OS*=93.714 HOS=44.725 AUROC=61.436 AUPR=76.783 OSCR=60.116
Test-Close [29/30] LR=0.0001000 loss=1.456 ACC=99.619 F1=99.619 Rec=99.619 Prec=99.620

------>Best performance (by OSCR)--->>>>>>>

Test-  OSR [19/30] LR=0.0001000 ACC=59.000 F1=62.518 Rec=81.314 Prec=61.857 UNK=36.686 OS*=96.190 HOS=53.114 AUROC=79.110 AUPR=87.165 OSCR=77.974
Test-Close [19/30] LR=0.0001000 loss=1.407 ACC=99.429 F1=99.429 Rec=99.429 Prec=99.430
=====================================================================================================================================
The ending time ：2026-07-15 18:48:00
