Logging to: ./logs/RetinalOCT_Finetune_K5_U3_seed0_20260529_010206.log
==> Preparing data..
Known class list: [6 2 1 7 3] Unknown class list [0 5 4]
Total images — Train: 18400, Val: 2800, Test: 2800
{6: 0, 2: 1, 1: 2, 7: 3, 3: 4} {0: 5, 5: 6, 4: 7}
Known origin: [6 2 1 7 3] , new: [0 1 2 3 4]
Unknown origin: [0 5 4] , new: [5 6 7]
Known/Unknown in Train: 11500/6900
Known/Unknown in Val:   1750/1050
Known/Unknown in Test:  1750/1050
Client0 sample num: 1861
Client1 sample num: 2876
Client2 sample num: 2109
Client3 sample num: 533
Client4 sample num: 1312
Client5 sample num: 1125
Client6 sample num: 362
Client7 sample num: 1322

>>> Setting up
==> Building [Resnet18] model..
154
154
154
154
154
154
154
154
154
154
154
154
154
154
154
154
154
154
Train Client0 [0/30] LR=0.0001000 loss=19.422 ACC=93.481 F1=74.329 Rec=74.067 Prec=74.653
Train Client1 [0/30] LR=0.0001000 loss=13.600 ACC=97.563 F1=88.227 Rec=86.389 Prec=90.881
Train Client2 [0/30] LR=0.0001000 loss=18.673 ACC=93.821 F1=86.976 Rec=88.971 Prec=85.560
Train Client3 [0/30] LR=0.0001000 loss=29.631 ACC=95.833 F1=90.871 Rec=95.369 Prec=88.407
Train Client4 [0/30] LR=0.0001000 loss=22.484 ACC=96.189 F1=76.787 Rec=81.224 Prec=74.437
Train Client5 [0/30] LR=0.0001000 loss=25.216 ACC=96.071 F1=84.853 Rec=96.528 Prec=82.183
Train Client6 [0/30] LR=0.0001000 loss=31.348 ACC=86.111 F1=80.361 Rec=92.967 Prec=73.424
Train Client7 [0/30] LR=0.0001000 loss=21.571 ACC=91.439 F1=74.312 Rec=90.107 Prec=72.756

Test-  OSR [0/30] LR=0.0001000 ACC=60.071 F1=63.184 Rec=80.095 Prec=53.988 UNK=0.000 OS*=96.114 HOS=0.000 AUROC=81.768 AUPR=73.992 OSCR=80.182
Test-Close [0/30] LR=0.0001000 loss=1.837 ACC=96.114 F1=96.088 Rec=96.114 Prec=96.194

Saving best model . . . . . . . .

Train Client0 [1/30] LR=0.0001000 loss=4.641 ACC=94.181 F1=75.233 Rec=75.207 Prec=75.286
Train Client1 [1/30] LR=0.0001000 loss=2.405 ACC=97.493 F1=90.131 Rec=88.600 Prec=92.046
Train Client2 [1/30] LR=0.0001000 loss=4.033 ACC=95.627 F1=89.610 Rec=91.301 Prec=88.127
Train Client3 [1/30] LR=0.0001000 loss=10.111 ACC=94.697 F1=86.857 Rec=95.099 Prec=83.810
Train Client4 [1/30] LR=0.0001000 loss=5.732 ACC=96.646 F1=81.089 Rec=86.074 Prec=79.092
Train Client5 [1/30] LR=0.0001000 loss=7.272 ACC=95.357 F1=80.660 Rec=86.988 Prec=78.923
Train Client6 [1/30] LR=0.0001000 loss=11.217 ACC=87.500 F1=82.445 Rec=94.107 Prec=76.048
Train Client7 [1/30] LR=0.0001000 loss=6.252 ACC=91.742 F1=77.287 Rec=90.864 Prec=72.886

Test-  OSR [1/30] LR=0.0001000 ACC=60.143 F1=63.998 Rec=80.032 Prec=72.128 UNK=0.476 OS*=95.943 HOS=0.948 AUROC=81.527 AUPR=69.209 OSCR=80.086
Test-Close [1/30] LR=0.0001000 loss=1.859 ACC=95.943 F1=95.892 Rec=95.943 Prec=96.063

Train Client0 [2/30] LR=0.0001000 loss=0.717 ACC=93.696 F1=74.879 Rec=75.061 Prec=74.730
Train Client1 [2/30] LR=0.0001000 loss=0.322 ACC=97.911 F1=92.841 Rec=92.633 Prec=93.056
Train Client2 [2/30] LR=0.0001000 loss=0.545 ACC=95.865 F1=90.169 Rec=90.434 Prec=90.067
Train Client3 [2/30] LR=0.0001000 loss=1.167 ACC=94.318 F1=87.726 Rec=94.669 Prec=84.227
Train Client4 [2/30] LR=0.0001000 loss=0.547 ACC=97.409 F1=85.030 Rec=91.000 Prec=81.951
Train Client5 [2/30] LR=0.0001000 loss=0.638 ACC=96.786 F1=85.591 Rec=97.649 Prec=82.570
Train Client6 [2/30] LR=0.0001000 loss=1.922 ACC=82.222 F1=73.927 Rec=90.352 Prec=66.143
Train Client7 [2/30] LR=0.0001000 loss=1.104 ACC=92.197 F1=77.769 Rec=92.956 Prec=73.528

Test-  OSR [2/30] LR=0.0001000 ACC=62.500 F1=67.419 Rec=80.349 Prec=69.131 UNK=8.952 OS*=94.629 HOS=16.357 AUROC=71.931 AUPR=59.943 OSCR=70.554
Test-Close [2/30] LR=0.0001000 loss=1.845 ACC=96.114 F1=96.085 Rec=96.114 Prec=96.235

Train Client0 [3/30] LR=0.0001000 loss=0.514 ACC=94.019 F1=75.098 Rec=75.569 Prec=74.676
Train Client1 [3/30] LR=0.0001000 loss=0.245 ACC=97.772 F1=91.452 Rec=92.940 Prec=90.220
Train Client2 [3/30] LR=0.0001000 loss=0.466 ACC=95.627 F1=90.001 Rec=90.994 Prec=89.079
Train Client3 [3/30] LR=0.0001000 loss=0.456 ACC=95.265 F1=91.884 Rec=94.625 Prec=89.863
Train Client4 [3/30] LR=0.0001000 loss=0.405 ACC=96.570 F1=81.192 Rec=83.680 Prec=79.667
Train Client5 [3/30] LR=0.0001000 loss=0.306 ACC=97.589 F1=86.589 Rec=93.030 Prec=84.015
Train Client6 [3/30] LR=0.0001000 loss=1.345 ACC=85.556 F1=80.051 Rec=92.287 Prec=72.764
Train Client7 [3/30] LR=0.0001000 loss=0.686 ACC=94.545 F1=82.275 Rec=96.199 Prec=77.560

Test-  OSR [3/30] LR=0.0001000 ACC=63.821 F1=68.203 Rec=81.127 Prec=70.342 UNK=11.905 OS*=94.971 HOS=21.157 AUROC=78.045 AUPR=69.129 OSCR=76.370
Test-Close [3/30] LR=0.0001000 loss=1.826 ACC=96.171 F1=96.135 Rec=96.171 Prec=96.323

Train Client0 [4/30] LR=0.0001000 loss=0.464 ACC=94.019 F1=75.170 Rec=75.744 Prec=74.705
Train Client1 [4/30] LR=0.0001000 loss=0.222 ACC=98.364 F1=92.722 Rec=93.417 Prec=92.070
Train Client2 [4/30] LR=0.0001000 loss=0.393 ACC=96.435 F1=92.085 Rec=93.202 Prec=91.047
Train Client3 [4/30] LR=0.0001000 loss=0.398 ACC=96.212 F1=94.586 Rec=96.174 Prec=93.230
Train Client4 [4/30] LR=0.0001000 loss=0.328 ACC=96.799 F1=82.736 Rec=87.858 Prec=79.446
Train Client5 [4/30] LR=0.0001000 loss=0.274 ACC=97.143 F1=85.304 Rec=92.967 Prec=82.676
Train Client6 [4/30] LR=0.0001000 loss=1.275 ACC=86.389 F1=79.705 Rec=93.346 Prec=71.847
Train Client7 [4/30] LR=0.0001000 loss=0.719 ACC=93.485 F1=87.129 Rec=96.054 Prec=81.829

Test-  OSR [4/30] LR=0.0001000 ACC=63.714 F1=69.091 Rec=80.730 Prec=70.804 UNK=12.667 OS*=94.343 HOS=22.335 AUROC=70.142 AUPR=58.005 OSCR=68.973
Test-Close [4/30] LR=0.0001000 loss=1.871 ACC=96.171 F1=96.123 Rec=96.171 Prec=96.322

Train Client0 [5/30] LR=0.0001000 loss=0.406 ACC=95.312 F1=76.048 Rec=76.466 Prec=75.669
Train Client1 [5/30] LR=0.0001000 loss=0.211 ACC=98.189 F1=92.676 Rec=92.864 Prec=92.491
Train Client2 [5/30] LR=0.0001000 loss=0.340 ACC=96.768 F1=93.164 Rec=93.820 Prec=92.538
Train Client3 [5/30] LR=0.0001000 loss=0.434 ACC=96.402 F1=93.367 Rec=96.239 Prec=91.228
Train Client4 [5/30] LR=0.0001000 loss=0.299 ACC=97.561 F1=88.646 Rec=93.675 Prec=85.034
Train Client5 [5/30] LR=0.0001000 loss=0.240 ACC=97.768 F1=84.123 Rec=88.382 Prec=82.440
Train Client6 [5/30] LR=0.0001000 loss=1.261 ACC=88.333 F1=82.071 Rec=92.798 Prec=75.655
Train Client7 [5/30] LR=0.0001000 loss=0.781 ACC=92.652 F1=81.600 Rec=93.334 Prec=76.719

Test-  OSR [5/30] LR=0.0001000 ACC=63.321 F1=68.714 Rec=80.111 Prec=69.885 UNK=12.952 OS*=93.543 HOS=22.754 AUROC=69.554 AUPR=55.741 OSCR=68.418
Test-Close [5/30] LR=0.0001000 loss=1.879 ACC=96.114 F1=96.058 Rec=96.114 Prec=96.278

Train Client0 [6/30] LR=0.0001000 loss=0.476 ACC=95.474 F1=76.501 Rec=77.043 Prec=76.048
Train Client1 [6/30] LR=0.0001000 loss=0.235 ACC=98.224 F1=92.867 Rec=94.469 Prec=91.538
Train Client2 [6/30] LR=0.0001000 loss=0.430 ACC=96.721 F1=92.626 Rec=92.959 Prec=92.305
Train Client3 [6/30] LR=0.0001000 loss=0.331 ACC=97.159 F1=96.546 Rec=96.646 Prec=96.506
Train Client4 [6/30] LR=0.0001000 loss=0.354 ACC=97.561 F1=87.844 Rec=93.393 Prec=84.382
Train Client5 [6/30] LR=0.0001000 loss=0.249 ACC=97.857 F1=89.829 Rec=98.320 Prec=86.488
Train Client6 [6/30] LR=0.0001000 loss=1.429 ACC=89.167 F1=84.037 Rec=95.613 Prec=77.052
Train Client7 [6/30] LR=0.0001000 loss=0.573 ACC=94.470 F1=94.711 Rec=95.443 Prec=94.012

Test-  OSR [6/30] LR=0.0001000 ACC=64.464 F1=63.086 Rec=66.365 Prec=73.003 UNK=58.762 OS*=67.886 HOS=62.995 AUROC=72.127 AUPR=57.026 OSCR=60.206
Test-Close [6/30] LR=0.0001000 loss=2.223 ACC=96.057 F1=96.005 Rec=96.057 Prec=96.256

Train Client0 [7/30] LR=0.0001000 loss=0.433 ACC=95.097 F1=75.907 Rec=76.426 Prec=75.449
Train Client1 [7/30] LR=0.0001000 loss=0.207 ACC=98.607 F1=94.813 Rec=95.231 Prec=94.418
Train Client2 [7/30] LR=0.0001000 loss=0.406 ACC=96.340 F1=91.118 Rec=91.870 Prec=90.424
Train Client3 [7/30] LR=0.0001000 loss=0.284 ACC=96.970 F1=93.502 Rec=96.198 Prec=91.545
Train Client4 [7/30] LR=0.0001000 loss=0.349 ACC=97.256 F1=88.980 Rec=92.071 Prec=86.665
Train Client5 [7/30] LR=0.0001000 loss=0.233 ACC=97.321 F1=86.224 Rec=93.109 Prec=83.796
Train Client6 [7/30] LR=0.0001000 loss=1.342 ACC=88.611 F1=83.248 Rec=93.936 Prec=76.380
Train Client7 [7/30] LR=0.0001000 loss=0.683 ACC=93.636 F1=83.457 Rec=95.054 Prec=78.693

Test-  OSR [7/30] LR=0.0001000 ACC=65.214 F1=61.469 Rec=63.968 Prec=77.189 UNK=68.952 OS*=62.971 HOS=65.826 AUROC=75.374 AUPR=63.935 OSCR=57.684
Test-Close [7/30] LR=0.0001000 loss=2.297 ACC=95.886 F1=95.848 Rec=95.886 Prec=96.122

Train Client0 [8/30] LR=0.0001000 loss=0.418 ACC=94.881 F1=75.866 Rec=76.286 Prec=75.503
Train Client1 [8/30] LR=0.0001000 loss=0.156 ACC=98.851 F1=94.451 Rec=94.967 Prec=93.982
Train Client2 [8/30] LR=0.0001000 loss=0.461 ACC=96.578 F1=92.599 Rec=92.593 Prec=92.650
Train Client3 [8/30] LR=0.0001000 loss=0.483 ACC=95.265 F1=93.409 Rec=95.085 Prec=91.987
Train Client4 [8/30] LR=0.0001000 loss=0.285 ACC=97.637 F1=86.094 Rec=89.380 Prec=83.522
Train Client5 [8/30] LR=0.0001000 loss=0.211 ACC=97.500 F1=85.323 Rec=88.096 Prec=83.726
Train Client6 [8/30] LR=0.0001000 loss=1.452 ACC=86.389 F1=80.050 Rec=94.118 Prec=72.708
Train Client7 [8/30] LR=0.0001000 loss=0.701 ACC=94.848 F1=82.099 Rec=94.534 Prec=78.717

Test-  OSR [8/30] LR=0.0001000 ACC=63.714 F1=55.820 Rec=57.460 Prec=66.321 UNK=82.476 OS*=52.457 HOS=64.127 AUROC=74.765 AUPR=63.925 OSCR=49.671
Test-Close [8/30] LR=0.0001000 loss=2.528 ACC=96.000 F1=95.931 Rec=96.000 Prec=96.164

Train Client0 [9/30] LR=0.0001000 loss=0.332 ACC=95.744 F1=76.401 Rec=76.625 Prec=76.192
Train Client1 [9/30] LR=0.0001000 loss=0.117 ACC=98.607 F1=93.586 Rec=94.113 Prec=93.106
Train Client2 [9/30] LR=0.0001000 loss=0.403 ACC=96.721 F1=92.194 Rec=91.883 Prec=92.578
Train Client3 [9/30] LR=0.0001000 loss=0.305 ACC=96.970 F1=95.055 Rec=96.380 Prec=93.956
Train Client4 [9/30] LR=0.0001000 loss=0.357 ACC=97.180 F1=87.337 Rec=94.709 Prec=82.734
Train Client5 [9/30] LR=0.0001000 loss=0.195 ACC=98.125 F1=91.872 Rec=98.406 Prec=88.674
Train Client6 [9/30] LR=0.0001000 loss=1.434 ACC=85.833 F1=79.024 Rec=92.134 Prec=72.044
Train Client7 [9/30] LR=0.0001000 loss=0.648 ACC=93.864 F1=87.277 Rec=94.869 Prec=83.070

Test-  OSR [9/30] LR=0.0001000 ACC=60.786 F1=51.070 Rec=53.175 Prec=65.512 UNK=83.619 OS*=47.086 HOS=60.247 AUROC=72.846 AUPR=61.877 OSCR=44.782
Test-Close [9/30] LR=0.0001000 loss=2.603 ACC=96.114 F1=96.046 Rec=96.114 Prec=96.290

Train Client0 [10/30] LR=0.0001000 loss=0.363 ACC=95.420 F1=76.179 Rec=76.595 Prec=75.802
Train Client1 [10/30] LR=0.0001000 loss=0.140 ACC=98.642 F1=93.927 Rec=93.763 Prec=94.097
Train Client2 [10/30] LR=0.0001000 loss=0.347 ACC=97.338 F1=93.608 Rec=92.822 Prec=94.561
Train Client3 [10/30] LR=0.0001000 loss=0.284 ACC=97.538 F1=96.002 Rec=97.262 Prec=94.980
Train Client4 [10/30] LR=0.0001000 loss=0.344 ACC=97.561 F1=89.836 Rec=96.326 Prec=85.764
Train Client5 [10/30] LR=0.0001000 loss=0.161 ACC=98.482 F1=89.684 Rec=98.837 Prec=86.473
Train Client6 [10/30] LR=0.0001000 loss=1.486 ACC=88.333 F1=83.614 Rec=91.811 Prec=77.812
Train Client7 [10/30] LR=0.0001000 loss=0.584 ACC=94.697 F1=84.032 Rec=94.358 Prec=80.384

Test-  OSR [10/30] LR=0.0001000 ACC=61.143 F1=52.204 Rec=53.778 Prec=65.340 UNK=83.238 OS*=47.886 HOS=60.796 AUROC=72.030 AUPR=58.046 OSCR=45.729
Test-Close [10/30] LR=0.0001000 loss=2.611 ACC=96.000 F1=95.951 Rec=96.000 Prec=96.148

Train Client0 [11/30] LR=0.0001000 loss=0.337 ACC=95.959 F1=76.689 Rec=77.081 Prec=76.337
Train Client1 [11/30] LR=0.0001000 loss=0.155 ACC=98.816 F1=94.964 Rec=94.995 Prec=94.934
Train Client2 [11/30] LR=0.0001000 loss=0.393 ACC=96.530 F1=91.850 Rec=91.633 Prec=92.097
Train Client3 [11/30] LR=0.0001000 loss=0.288 ACC=96.591 F1=94.841 Rec=96.355 Prec=93.570
Train Client4 [11/30] LR=0.0001000 loss=0.298 ACC=97.942 F1=89.324 Rec=93.332 Prec=86.504
Train Client5 [11/30] LR=0.0001000 loss=0.191 ACC=98.393 F1=89.677 Rec=93.785 Prec=87.327
Train Client6 [11/30] LR=0.0001000 loss=1.355 ACC=89.167 F1=83.067 Rec=91.898 Prec=77.106
Train Client7 [11/30] LR=0.0001000 loss=0.579 ACC=94.167 F1=86.774 Rec=94.433 Prec=82.545

Test-  OSR [11/30] LR=0.0001000 ACC=67.679 F1=63.542 Rec=65.571 Prec=81.136 UNK=74.000 OS*=63.886 HOS=68.572 AUROC=78.096 AUPR=68.624 OSCR=59.466
Test-Close [11/30] LR=0.0001000 loss=2.318 ACC=96.171 F1=96.131 Rec=96.171 Prec=96.359

Train Client0 [12/30] LR=0.0001000 loss=0.342 ACC=95.528 F1=76.094 Rec=76.329 Prec=75.870
Train Client1 [12/30] LR=0.0001000 loss=0.142 ACC=98.607 F1=93.868 Rec=94.198 Prec=93.548
Train Client2 [12/30] LR=0.0001000 loss=0.359 ACC=97.006 F1=94.020 Rec=94.118 Prec=93.939
Train Client3 [12/30] LR=0.0001000 loss=0.252 ACC=97.538 F1=95.648 Rec=97.235 Prec=94.373
Train Client4 [12/30] LR=0.0001000 loss=0.300 ACC=97.713 F1=90.241 Rec=93.773 Prec=87.589
Train Client5 [12/30] LR=0.0001000 loss=0.161 ACC=98.750 F1=92.503 Rec=98.991 Prec=89.350
Train Client6 [12/30] LR=0.0001000 loss=1.231 ACC=89.167 F1=82.623 Rec=90.502 Prec=77.110
Train Client7 [12/30] LR=0.0001000 loss=0.569 ACC=94.924 F1=87.968 Rec=95.121 Prec=84.163

Test-  OSR [12/30] LR=0.0001000 ACC=68.214 F1=63.870 Rec=64.825 Prec=79.790 UNK=78.381 OS*=62.114 HOS=69.306 AUROC=78.255 AUPR=69.064 OSCR=58.013
Test-Close [12/30] LR=0.0001000 loss=2.376 ACC=96.400 F1=96.367 Rec=96.400 Prec=96.526

Train Client0 [13/30] LR=0.0001000 loss=0.294 ACC=96.013 F1=76.695 Rec=77.169 Prec=76.281
Train Client1 [13/30] LR=0.0001000 loss=0.153 ACC=98.607 F1=94.752 Rec=96.047 Prec=93.693
Train Client2 [13/30] LR=0.0001000 loss=0.336 ACC=96.911 F1=94.140 Rec=93.958 Prec=94.344
Train Client3 [13/30] LR=0.0001000 loss=0.285 ACC=96.591 F1=96.074 Rec=95.826 Prec=96.334
Train Client4 [13/30] LR=0.0001000 loss=0.177 ACC=98.933 F1=95.962 Rec=97.721 Prec=94.358
Train Client5 [13/30] LR=0.0001000 loss=0.155 ACC=98.214 F1=85.457 Rec=88.764 Prec=83.819
Train Client6 [13/30] LR=0.0001000 loss=1.265 ACC=90.000 F1=87.667 Rec=94.314 Prec=83.581
Train Client7 [13/30] LR=0.0001000 loss=0.522 ACC=95.379 F1=95.096 Rec=96.365 Prec=94.003

Test-  OSR [13/30] LR=0.0001000 ACC=59.821 F1=52.379 Rec=55.317 Prec=62.661 UNK=73.333 OS*=51.714 HOS=60.655 AUROC=66.509 AUPR=47.672 OSCR=48.512
Test-Close [13/30] LR=0.0001000 loss=2.582 ACC=96.400 F1=96.371 Rec=96.400 Prec=96.484

Train Client0 [14/30] LR=0.0001000 loss=0.287 ACC=96.013 F1=76.722 Rec=77.114 Prec=76.377
Train Client1 [14/30] LR=0.0001000 loss=0.129 ACC=98.712 F1=94.072 Rec=94.593 Prec=93.598
Train Client2 [14/30] LR=0.0001000 loss=0.352 ACC=96.863 F1=92.253 Rec=91.518 Prec=93.176
Train Client3 [14/30] LR=0.0001000 loss=0.214 ACC=97.538 F1=95.738 Rec=97.077 Prec=94.626
Train Client4 [14/30] LR=0.0001000 loss=0.282 ACC=98.095 F1=88.765 Rec=95.170 Prec=85.304
Train Client5 [14/30] LR=0.0001000 loss=0.116 ACC=98.661 F1=87.844 Rec=88.931 Prec=86.979
Train Client6 [14/30] LR=0.0001000 loss=1.491 ACC=84.167 F1=73.861 Rec=87.554 Prec=67.346
Train Client7 [14/30] LR=0.0001000 loss=0.552 ACC=95.152 F1=88.447 Rec=95.391 Prec=84.849

Test-  OSR [14/30] LR=0.0001000 ACC=59.429 F1=49.227 Rec=52.286 Prec=64.300 UNK=80.857 OS*=46.571 HOS=59.102 AUROC=68.946 AUPR=52.888 OSCR=44.651
Test-Close [14/30] LR=0.0001000 loss=2.722 ACC=96.229 F1=96.196 Rec=96.229 Prec=96.314

Train Client0 [15/30] LR=0.0001000 loss=0.328 ACC=95.905 F1=76.535 Rec=76.877 Prec=76.220
Train Client1 [15/30] LR=0.0001000 loss=0.124 ACC=98.816 F1=93.966 Rec=94.010 Prec=93.933
Train Client2 [15/30] LR=0.0001000 loss=0.323 ACC=96.768 F1=92.286 Rec=92.828 Prec=91.764
Train Client3 [15/30] LR=0.0001000 loss=0.298 ACC=95.833 F1=92.273 Rec=92.150 Prec=92.416
Train Client4 [15/30] LR=0.0001000 loss=0.249 ACC=98.323 F1=90.158 Rec=92.242 Prec=88.432
Train Client5 [15/30] LR=0.0001000 loss=0.179 ACC=97.946 F1=82.347 Rec=83.627 Prec=81.652
Train Client6 [15/30] LR=0.0001000 loss=1.353 ACC=89.444 F1=84.111 Rec=92.866 Prec=78.350
Train Client7 [15/30] LR=0.0001000 loss=0.539 ACC=95.152 F1=84.648 Rec=95.257 Prec=80.754

Test-  OSR [15/30] LR=0.0001000 ACC=58.107 F1=46.714 Rec=51.000 Prec=63.652 UNK=79.429 OS*=45.314 HOS=57.707 AUROC=66.843 AUPR=49.189 OSCR=43.569
Test-Close [15/30] LR=0.0001000 loss=2.718 ACC=96.171 F1=96.139 Rec=96.171 Prec=96.249

Train Client0 [16/30] LR=0.0001000 loss=0.366 ACC=95.366 F1=76.150 Rec=76.524 Prec=75.817
Train Client1 [16/30] LR=0.0001000 loss=0.119 ACC=98.538 F1=94.020 Rec=94.661 Prec=93.430
Train Client2 [16/30] LR=0.0001000 loss=0.308 ACC=96.958 F1=92.914 Rec=92.704 Prec=93.146
Train Client3 [16/30] LR=0.0001000 loss=0.249 ACC=96.212 F1=89.637 Rec=89.331 Prec=89.965
Train Client4 [16/30] LR=0.0001000 loss=0.277 ACC=98.171 F1=90.983 Rec=93.917 Prec=88.807
Train Client5 [16/30] LR=0.0001000 loss=0.117 ACC=98.929 F1=89.362 Rec=89.317 Prec=89.409
Train Client6 [16/30] LR=0.0001000 loss=1.198 ACC=89.722 F1=86.918 Rec=91.618 Prec=83.828
Train Client7 [16/30] LR=0.0001000 loss=0.451 ACC=95.076 F1=88.730 Rec=95.961 Prec=84.888

Test-  OSR [16/30] LR=0.0001000 ACC=67.429 F1=62.286 Rec=63.619 Prec=82.132 UNK=78.857 OS*=60.571 HOS=68.515 AUROC=78.081 AUPR=67.087 OSCR=57.171
Test-Close [16/30] LR=0.0001000 loss=2.376 ACC=96.286 F1=96.258 Rec=96.286 Prec=96.363

Train Client0 [17/30] LR=0.0001000 loss=0.315 ACC=95.205 F1=76.052 Rec=76.512 Prec=75.648
Train Client1 [17/30] LR=0.0001000 loss=0.107 ACC=98.677 F1=95.134 Rec=95.185 Prec=95.084
Train Client2 [17/30] LR=0.0001000 loss=0.317 ACC=97.291 F1=93.519 Rec=93.345 Prec=93.712
Train Client3 [17/30] LR=0.0001000 loss=0.194 ACC=97.538 F1=97.273 Rec=97.062 Prec=97.519
Train Client4 [17/30] LR=0.0001000 loss=0.273 ACC=98.247 F1=92.188 Rec=92.976 Prec=91.432
Train Client5 [17/30] LR=0.0001000 loss=0.123 ACC=98.304 F1=78.970 Rec=78.894 Prec=79.048
Train Client6 [17/30] LR=0.0001000 loss=1.324 ACC=88.056 F1=80.686 Rec=89.467 Prec=75.062
Train Client7 [17/30] LR=0.0001000 loss=0.487 ACC=95.303 F1=94.610 Rec=94.230 Prec=95.020

Test-  OSR [17/30] LR=0.0001000 ACC=62.821 F1=55.724 Rec=58.556 Prec=81.010 UNK=75.619 OS*=55.143 HOS=63.778 AUROC=73.566 AUPR=58.808 OSCR=51.958
Test-Close [17/30] LR=0.0001000 loss=2.476 ACC=95.771 F1=95.707 Rec=95.771 Prec=95.956

Train Client0 [18/30] LR=0.0001000 loss=0.294 ACC=96.121 F1=76.964 Rec=77.421 Prec=76.569
Train Client1 [18/30] LR=0.0001000 loss=0.132 ACC=98.955 F1=95.260 Rec=95.867 Prec=94.699
Train Client2 [18/30] LR=0.0001000 loss=0.300 ACC=97.101 F1=93.730 Rec=93.515 Prec=93.963
Train Client3 [18/30] LR=0.0001000 loss=0.228 ACC=97.727 F1=97.599 Rec=97.507 Prec=97.693
Train Client4 [18/30] LR=0.0001000 loss=0.272 ACC=98.323 F1=92.603 Rec=95.812 Prec=90.267
Train Client5 [18/30] LR=0.0001000 loss=0.148 ACC=98.214 F1=83.219 Rec=83.826 Prec=82.725
Train Client6 [18/30] LR=0.0001000 loss=1.302 ACC=88.611 F1=82.449 Rec=91.894 Prec=76.048
Train Client7 [18/30] LR=0.0001000 loss=0.479 ACC=95.227 F1=88.983 Rec=95.569 Prec=85.749

Test-  OSR [18/30] LR=0.0001000 ACC=56.000 F1=49.535 Rec=51.429 Prec=60.901 UNK=69.714 OS*=47.771 HOS=56.694 AUROC=62.980 AUPR=47.804 OSCR=42.952
Test-Close [18/30] LR=0.0001000 loss=2.606 ACC=95.714 F1=95.652 Rec=95.714 Prec=95.899

Train Client0 [19/30] LR=0.0001000 loss=0.289 ACC=95.366 F1=76.152 Rec=76.564 Prec=75.786
Train Client1 [19/30] LR=0.0001000 loss=0.100 ACC=98.816 F1=94.118 Rec=94.480 Prec=93.777
Train Client2 [19/30] LR=0.0001000 loss=0.262 ACC=97.433 F1=93.683 Rec=93.222 Prec=94.239
Train Client3 [19/30] LR=0.0001000 loss=0.232 ACC=96.970 F1=96.483 Rec=96.555 Prec=96.412
Train Client4 [19/30] LR=0.0001000 loss=0.220 ACC=98.780 F1=93.858 Rec=97.935 Prec=90.713
Train Client5 [19/30] LR=0.0001000 loss=0.173 ACC=98.036 F1=83.153 Rec=83.786 Prec=82.635
Train Client6 [19/30] LR=0.0001000 loss=1.418 ACC=86.667 F1=83.120 Rec=89.317 Prec=79.132
Train Client7 [19/30] LR=0.0001000 loss=0.462 ACC=95.606 F1=94.903 Rec=95.503 Prec=94.465

Test-  OSR [19/30] LR=0.0001000 ACC=49.357 F1=32.454 Rec=36.667 Prec=44.088 UNK=87.429 OS*=26.514 HOS=40.689 AUROC=63.772 AUPR=50.069 OSCR=25.888
Test-Close [19/30] LR=0.0001000 loss=2.935 ACC=96.229 F1=96.193 Rec=96.229 Prec=96.322

Train Client0 [20/30] LR=0.0001000 loss=0.278 ACC=95.905 F1=76.540 Rec=76.757 Prec=76.337
Train Client1 [20/30] LR=0.0001000 loss=0.123 ACC=98.816 F1=95.881 Rec=96.500 Prec=95.311
Train Client2 [20/30] LR=0.0001000 loss=0.282 ACC=97.196 F1=93.335 Rec=92.890 Prec=93.881
Train Client3 [20/30] LR=0.0001000 loss=0.258 ACC=96.402 F1=95.804 Rec=95.689 Prec=95.968
Train Client4 [20/30] LR=0.0001000 loss=0.257 ACC=98.399 F1=90.476 Rec=95.618 Prec=87.184
Train Client5 [20/30] LR=0.0001000 loss=0.112 ACC=98.571 F1=84.716 Rec=84.052 Prec=85.619
Train Client6 [20/30] LR=0.0001000 loss=0.983 ACC=89.167 F1=83.351 Rec=89.221 Prec=78.716
Train Client7 [20/30] LR=0.0001000 loss=0.466 ACC=95.606 F1=95.317 Rec=95.566 Prec=95.089

Test-  OSR [20/30] LR=0.0001000 ACC=52.536 F1=38.294 Rec=39.889 Prec=64.145 UNK=90.476 OS*=29.771 HOS=44.801 AUROC=68.285 AUPR=55.333 OSCR=29.074
Test-Close [20/30] LR=0.0001000 loss=3.011 ACC=96.114 F1=96.078 Rec=96.114 Prec=96.209

Train Client0 [21/30] LR=0.0001000 loss=0.352 ACC=95.043 F1=75.814 Rec=76.224 Prec=75.441
Train Client1 [21/30] LR=0.0001000 loss=0.122 ACC=98.712 F1=94.904 Rec=94.611 Prec=95.206
Train Client2 [21/30] LR=0.0001000 loss=0.266 ACC=97.196 F1=93.987 Rec=93.574 Prec=94.474
Train Client3 [21/30] LR=0.0001000 loss=0.176 ACC=98.295 F1=94.916 Rec=94.743 Prec=95.095
Train Client4 [21/30] LR=0.0001000 loss=0.278 ACC=98.323 F1=88.434 Rec=94.221 Prec=85.566
Train Client5 [21/30] LR=0.0001000 loss=0.113 ACC=98.482 F1=86.169 Rec=88.937 Prec=84.575
Train Client6 [21/30] LR=0.0001000 loss=1.478 ACC=86.667 F1=81.405 Rec=87.644 Prec=77.120
Train Client7 [21/30] LR=0.0001000 loss=0.484 ACC=95.076 F1=95.390 Rec=95.476 Prec=95.319

Test-  OSR [21/30] LR=0.0001000 ACC=65.464 F1=59.733 Rec=61.508 Prec=81.542 UNK=77.333 OS*=58.343 HOS=66.509 AUROC=76.856 AUPR=69.175 OSCR=54.243
Test-Close [21/30] LR=0.0001000 loss=2.422 ACC=96.229 F1=96.191 Rec=96.229 Prec=96.358

Train Client0 [22/30] LR=0.0001000 loss=0.332 ACC=95.312 F1=76.230 Rec=76.708 Prec=75.807
Train Client1 [22/30] LR=0.0001000 loss=0.107 ACC=99.130 F1=95.703 Rec=96.118 Prec=95.345
Train Client2 [22/30] LR=0.0001000 loss=0.297 ACC=97.529 F1=93.198 Rec=92.483 Prec=94.037
Train Client3 [22/30] LR=0.0001000 loss=0.236 ACC=98.106 F1=97.624 Rec=97.548 Prec=97.702
Train Client4 [22/30] LR=0.0001000 loss=0.230 ACC=98.171 F1=89.104 Rec=94.717 Prec=85.607
Train Client5 [22/30] LR=0.0001000 loss=0.147 ACC=98.125 F1=78.745 Rec=78.614 Prec=78.879
Train Client6 [22/30] LR=0.0001000 loss=1.346 ACC=88.889 F1=84.288 Rec=91.435 Prec=78.953
Train Client7 [22/30] LR=0.0001000 loss=0.392 ACC=95.379 F1=95.568 Rec=95.758 Prec=95.395

Test-  OSR [22/30] LR=0.0001000 ACC=64.571 F1=59.369 Rec=61.810 Prec=80.247 UNK=72.857 OS*=59.600 HOS=65.565 AUROC=74.222 AUPR=62.452 OSCR=54.715
Test-Close [22/30] LR=0.0001000 loss=2.371 ACC=96.400 F1=96.375 Rec=96.400 Prec=96.462

Train Client0 [23/30] LR=0.0001000 loss=0.306 ACC=95.690 F1=76.448 Rec=76.750 Prec=76.175
Train Client1 [23/30] LR=0.0001000 loss=0.106 ACC=98.642 F1=94.281 Rec=94.377 Prec=94.192
Train Client2 [23/30] LR=0.0001000 loss=0.261 ACC=97.766 F1=94.791 Rec=94.150 Prec=95.569
Train Client3 [23/30] LR=0.0001000 loss=0.232 ACC=96.970 F1=96.339 Rec=96.402 Prec=96.310
Train Client4 [23/30] LR=0.0001000 loss=0.232 ACC=98.628 F1=91.008 Rec=92.892 Prec=89.298
Train Client5 [23/30] LR=0.0001000 loss=0.111 ACC=98.304 F1=78.721 Rec=78.684 Prec=78.758
Train Client6 [23/30] LR=0.0001000 loss=0.840 ACC=91.111 F1=85.841 Rec=90.270 Prec=82.318
Train Client7 [23/30] LR=0.0001000 loss=0.421 ACC=95.606 F1=94.547 Rec=94.700 Prec=94.401

Test-  OSR [23/30] LR=0.0001000 ACC=54.357 F1=44.325 Rec=45.175 Prec=60.967 UNK=81.905 OS*=37.829 HOS=51.754 AUROC=67.877 AUPR=55.874 OSCR=35.750
Test-Close [23/30] LR=0.0001000 loss=2.678 ACC=96.286 F1=96.268 Rec=96.286 Prec=96.350

Train Client0 [24/30] LR=0.0001000 loss=0.214 ACC=97.037 F1=77.542 Rec=77.951 Prec=77.181
Train Client1 [24/30] LR=0.0001000 loss=0.129 ACC=98.503 F1=93.028 Rec=93.593 Prec=92.505
Train Client2 [24/30] LR=0.0001000 loss=0.248 ACC=97.433 F1=93.820 Rec=92.706 Prec=95.178
Train Client3 [24/30] LR=0.0001000 loss=0.180 ACC=98.295 F1=95.307 Rec=97.821 Prec=93.526
Train Client4 [24/30] LR=0.0001000 loss=0.254 ACC=97.866 F1=87.458 Rec=92.854 Prec=84.137
Train Client5 [24/30] LR=0.0001000 loss=0.122 ACC=98.750 F1=92.394 Rec=98.857 Prec=89.267
Train Client6 [24/30] LR=0.0001000 loss=1.026 ACC=88.333 F1=82.705 Rec=85.437 Prec=80.755
Train Client7 [24/30] LR=0.0001000 loss=0.397 ACC=95.379 F1=94.538 Rec=94.692 Prec=94.433

Test-  OSR [24/30] LR=0.0001000 ACC=51.036 F1=35.281 Rec=37.635 Prec=56.638 UNK=91.238 OS*=26.914 HOS=41.567 AUROC=62.765 AUPR=44.869 OSCR=26.325
Test-Close [24/30] LR=0.0001000 loss=3.089 ACC=96.286 F1=96.260 Rec=96.286 Prec=96.337

Train Client0 [25/30] LR=0.0001000 loss=0.308 ACC=95.744 F1=76.440 Rec=77.021 Prec=75.937
Train Client1 [25/30] LR=0.0001000 loss=0.094 ACC=98.851 F1=94.501 Rec=95.386 Prec=93.737
Train Client2 [25/30] LR=0.0001000 loss=0.231 ACC=97.624 F1=93.590 Rec=92.954 Prec=94.351
Train Client3 [25/30] LR=0.0001000 loss=0.264 ACC=97.348 F1=96.780 Rec=96.407 Prec=97.206
Train Client4 [25/30] LR=0.0001000 loss=0.195 ACC=98.552 F1=92.144 Rec=94.916 Prec=89.831
Train Client5 [25/30] LR=0.0001000 loss=0.097 ACC=99.196 F1=95.429 Rec=99.419 Prec=92.774
Train Client6 [25/30] LR=0.0001000 loss=1.160 ACC=91.111 F1=86.840 Rec=92.745 Prec=82.276
Train Client7 [25/30] LR=0.0001000 loss=0.432 ACC=95.682 F1=95.283 Rec=95.491 Prec=95.101

Test-  OSR [25/30] LR=0.0001000 ACC=53.321 F1=43.107 Rec=43.698 Prec=56.528 UNK=82.190 OS*=36.000 HOS=50.069 AUROC=65.367 AUPR=50.150 OSCR=34.152
Test-Close [25/30] LR=0.0001000 loss=2.817 ACC=96.686 F1=96.665 Rec=96.686 Prec=96.745

Train Client0 [26/30] LR=0.0001000 loss=0.276 ACC=96.444 F1=77.072 Rec=77.319 Prec=76.845
Train Client1 [26/30] LR=0.0001000 loss=0.093 ACC=98.921 F1=95.839 Rec=95.979 Prec=95.706
Train Client2 [26/30] LR=0.0001000 loss=0.282 ACC=97.338 F1=93.460 Rec=93.179 Prec=93.772
Train Client3 [26/30] LR=0.0001000 loss=0.289 ACC=96.970 F1=95.172 Rec=96.732 Prec=93.834
Train Client4 [26/30] LR=0.0001000 loss=0.253 ACC=98.399 F1=89.382 Rec=95.973 Prec=85.780
Train Client5 [26/30] LR=0.0001000 loss=0.115 ACC=98.304 F1=88.949 Rec=93.872 Prec=86.529
Train Client6 [26/30] LR=0.0001000 loss=1.131 ACC=90.833 F1=85.583 Rec=93.242 Prec=80.275
Train Client7 [26/30] LR=0.0001000 loss=0.387 ACC=96.061 F1=95.725 Rec=95.551 Prec=95.907

Test-  OSR [26/30] LR=0.0001000 ACC=56.143 F1=47.967 Rec=47.810 Prec=73.820 UNK=81.143 OS*=41.143 HOS=54.601 AUROC=71.604 AUPR=60.854 OSCR=38.736
Test-Close [26/30] LR=0.0001000 loss=2.654 ACC=96.286 F1=96.260 Rec=96.286 Prec=96.371

Train Client0 [27/30] LR=0.0001000 loss=0.257 ACC=96.175 F1=95.859 Rec=96.251 Prec=95.496
Train Client1 [27/30] LR=0.0001000 loss=0.130 ACC=98.572 F1=94.204 Rec=94.868 Prec=93.625
Train Client2 [27/30] LR=0.0001000 loss=0.307 ACC=97.243 F1=93.451 Rec=92.426 Prec=94.844
Train Client3 [27/30] LR=0.0001000 loss=0.172 ACC=97.348 F1=96.993 Rec=96.778 Prec=97.245
Train Client4 [27/30] LR=0.0001000 loss=0.219 ACC=98.857 F1=93.766 Rec=97.785 Prec=91.082
Train Client5 [27/30] LR=0.0001000 loss=0.121 ACC=98.125 F1=82.453 Rec=83.695 Prec=81.796
Train Client6 [27/30] LR=0.0001000 loss=1.126 ACC=90.833 F1=88.526 Rec=93.994 Prec=85.018
Train Client7 [27/30] LR=0.0001000 loss=0.433 ACC=95.758 F1=95.307 Rec=94.738 Prec=95.897

Test-  OSR [27/30] LR=0.0001000 ACC=55.536 F1=45.075 Rec=45.921 Prec=57.884 UNK=84.381 OS*=38.229 HOS=52.618 AUROC=69.366 AUPR=54.868 OSCR=36.500
Test-Close [27/30] LR=0.0001000 loss=2.786 ACC=96.457 F1=96.429 Rec=96.457 Prec=96.614

Train Client0 [28/30] LR=0.0001000 loss=0.262 ACC=96.444 F1=77.103 Rec=77.561 Prec=76.701
Train Client1 [28/30] LR=0.0001000 loss=0.075 ACC=99.164 F1=95.756 Rec=95.909 Prec=95.610
Train Client2 [28/30] LR=0.0001000 loss=0.278 ACC=97.624 F1=93.345 Rec=92.410 Prec=94.477
Train Client3 [28/30] LR=0.0001000 loss=0.256 ACC=97.538 F1=97.401 Rec=97.253 Prec=97.557
Train Client4 [28/30] LR=0.0001000 loss=0.205 ACC=98.323 F1=90.146 Rec=92.860 Prec=88.190
Train Client5 [28/30] LR=0.0001000 loss=0.099 ACC=98.661 F1=90.334 Rec=88.929 Prec=92.215
Train Client6 [28/30] LR=0.0001000 loss=1.466 ACC=87.778 F1=80.877 Rec=90.914 Prec=74.547
Train Client7 [28/30] LR=0.0001000 loss=0.395 ACC=95.909 F1=88.429 Rec=95.062 Prec=85.140

Test-  OSR [28/30] LR=0.0001000 ACC=54.679 F1=41.259 Rec=45.635 Prec=53.070 UNK=81.810 OS*=38.400 HOS=52.267 AUROC=68.455 AUPR=54.655 OSCR=36.624
Test-Close [28/30] LR=0.0001000 loss=2.870 ACC=96.571 F1=96.532 Rec=96.571 Prec=96.693

Train Client0 [29/30] LR=0.0001000 loss=0.302 ACC=96.444 F1=76.848 Rec=77.264 Prec=76.474
Train Client1 [29/30] LR=0.0001000 loss=0.072 ACC=99.234 F1=96.610 Rec=97.405 Prec=95.905
Train Client2 [29/30] LR=0.0001000 loss=0.265 ACC=97.481 F1=94.323 Rec=94.056 Prec=94.624
Train Client3 [29/30] LR=0.0001000 loss=0.268 ACC=97.159 F1=95.176 Rec=96.479 Prec=94.113
Train Client4 [29/30] LR=0.0001000 loss=0.205 ACC=98.323 F1=91.612 Rec=95.208 Prec=88.896
Train Client5 [29/30] LR=0.0001000 loss=0.127 ACC=98.571 F1=87.982 Rec=89.094 Prec=87.095
Train Client6 [29/30] LR=0.0001000 loss=1.258 ACC=88.333 F1=82.554 Rec=85.962 Prec=80.455
Train Client7 [29/30] LR=0.0001000 loss=0.381 ACC=95.985 F1=96.206 Rec=95.655 Prec=96.784

Test-  OSR [29/30] LR=0.0001000 ACC=50.857 F1=34.794 Rec=37.651 Prec=59.463 UNK=90.476 OS*=27.086 HOS=41.691 AUROC=67.610 AUPR=55.203 OSCR=26.537
Test-Close [29/30] LR=0.0001000 loss=3.046 ACC=96.629 F1=96.604 Rec=96.629 Prec=96.700

------>Best performance (by OSCR)--->>>>>>>

Test-  OSR [0/30] LR=0.0001000 ACC=60.071 F1=63.184 Rec=80.095 Prec=53.988 UNK=0.000 OS*=96.114 HOS=0.000 AUROC=81.768 AUPR=73.992 OSCR=80.182
Test-Close [0/30] LR=0.0001000 loss=1.837 ACC=96.114 F1=96.088 Rec=96.114 Prec=96.194
=====================================================================================================================================
The ending time ：2026-05-29 11:18:02
