Logging to: ./logs/RetinalOCT_Finetune_K5_U3_seed0_20260703_155734.log
==> Preparing data..
Protocol mode: hard
Fixed known classes: ['CSR', 'DR', 'DRUSEN', 'MH', 'NORMAL']
Fixed unknown classes: ['AMD', 'CNV', 'DME']
Known class list: [2 4 5 6 7] Unknown class list [0 1 3]
Total images — Train: 18400, Val: 2800, Test: 2800
{2: 0, 4: 1, 5: 2, 6: 3, 7: 4} {0: 5, 1: 6, 3: 7}
Known origin: [2 4 5 6 7] , new: [0 1 2 3 4]
Unknown origin: [0 1 3] , new: [5 6 7]
Known/Unknown in Train: 11500/6900
Known/Unknown in Val:   1750/1050
Known/Unknown in Test:  1750/1050
Client0 sample num: 1861
Client1 sample num: 2876
Client2 sample num: 2109
Client3 sample num: 533
Client4 sample num: 1312
Client5 sample num: 1125
Client6 sample num: 362
Client7 sample num: 1322

>>> Setting up
==> Using device: cuda:1
==> Building [Resnet18] model..
154
154
154
154
154
154
154
154
154
154
154
154
154
154
154
154
154
154
Train Client0 [0/30] LR=0.0001000 loss=6.125 ACC=79.957 F1=56.821 Rec=56.132 Prec=58.551
Train Client1 [0/30] LR=0.0001000 loss=4.544 ACC=82.834 F1=53.952 Rec=54.322 Prec=57.896
Train Client2 [0/30] LR=0.0001000 loss=6.435 ACC=74.857 F1=40.794 Rec=41.915 Prec=40.595
Train Client3 [0/30] LR=0.0001000 loss=14.191 ACC=63.258 F1=50.976 Rec=53.606 Prec=50.460
Train Client4 [0/30] LR=0.0001000 loss=8.436 ACC=80.488 F1=41.512 Rec=42.337 Prec=41.778
Train Client5 [0/30] LR=0.0001000 loss=10.337 ACC=64.018 F1=42.208 Rec=42.709 Prec=43.335
Train Client6 [0/30] LR=0.0001000 loss=14.064 ACC=72.222 F1=28.984 Rec=28.790 Prec=29.394
Train Client7 [0/30] LR=0.0001000 loss=7.986 ACC=82.500 F1=37.703 Rec=38.487 Prec=38.165

Test-  OSR [0/30] LR=0.0001000 ACC=44.179 F1=42.338 Rec=58.905 Prec=36.284 UNK=0.000 OS*=70.686 HOS=0.000 AUROC=54.471 AUPR=45.915 OSCR=43.697
Test-Close [0/30] LR=0.0001000 loss=2.544 ACC=72.686 F1=67.920 Rec=72.686 Prec=81.155

Saving best model . . . . . . . .

Train Client0 [1/30] LR=0.0001000 loss=1.253 ACC=86.530 F1=64.108 Rec=64.089 Prec=64.256
Train Client1 [1/30] LR=0.0001000 loss=1.316 ACC=86.978 F1=62.548 Rec=61.712 Prec=64.333
Train Client2 [1/30] LR=0.0001000 loss=1.236 ACC=87.357 F1=60.601 Rec=59.059 Prec=66.372
Train Client3 [1/30] LR=0.0001000 loss=1.819 ACC=83.144 F1=70.510 Rec=71.766 Prec=70.258
Train Client4 [1/30] LR=0.0001000 loss=1.212 ACC=88.186 F1=51.442 Rec=49.702 Prec=57.215
Train Client5 [1/30] LR=0.0001000 loss=1.786 ACC=80.089 F1=58.329 Rec=57.908 Prec=59.761
Train Client6 [1/30] LR=0.0001000 loss=1.963 ACC=80.833 F1=50.841 Rec=53.966 Prec=49.310
Train Client7 [1/30] LR=0.0001000 loss=1.315 ACC=87.500 F1=52.749 Rec=51.736 Prec=55.103

Test-  OSR [1/30] LR=0.0001000 ACC=64.393 F1=66.683 Rec=68.460 Prec=73.912 UNK=52.190 OS*=71.714 HOS=60.414 AUROC=67.505 AUPR=66.015 OSCR=54.317
Test-Close [1/30] LR=0.0001000 loss=2.294 ACC=87.257 F1=87.029 Rec=87.257 Prec=88.472

Saving best model . . . . . . . .

Train Client0 [2/30] LR=0.0001000 loss=0.972 ACC=89.224 F1=84.265 Rec=84.392 Prec=84.504
Train Client1 [2/30] LR=0.0001000 loss=1.036 ACC=89.380 F1=72.457 Rec=69.197 Prec=84.906
Train Client2 [2/30] LR=0.0001000 loss=1.047 ACC=88.926 F1=62.904 Rec=62.088 Prec=66.435
Train Client3 [2/30] LR=0.0001000 loss=1.311 ACC=87.879 F1=74.069 Rec=74.387 Prec=73.868
Train Client4 [2/30] LR=0.0001000 loss=0.873 ACC=92.073 F1=60.237 Rec=58.298 Prec=63.183
Train Client5 [2/30] LR=0.0001000 loss=1.301 ACC=85.714 F1=65.973 Rec=65.933 Prec=66.032
Train Client6 [2/30] LR=0.0001000 loss=1.688 ACC=80.833 F1=63.251 Rec=76.196 Prec=57.239
Train Client7 [2/30] LR=0.0001000 loss=1.048 ACC=90.076 F1=64.668 Rec=79.300 Prec=65.762

Test-  OSR [2/30] LR=0.0001000 ACC=70.536 F1=74.437 Rec=77.508 Prec=75.281 UNK=49.619 OS*=83.086 HOS=62.132 AUROC=74.630 AUPR=71.131 OSCR=66.785
Test-Close [2/30] LR=0.0001000 loss=2.126 ACC=89.257 F1=89.126 Rec=89.257 Prec=90.308

Saving best model . . . . . . . .

Train Client0 [3/30] LR=0.0001000 loss=0.745 ACC=91.649 F1=70.180 Rec=70.185 Prec=70.217
Train Client1 [3/30] LR=0.0001000 loss=0.876 ACC=91.504 F1=81.069 Rec=79.362 Prec=83.388
Train Client2 [3/30] LR=0.0001000 loss=0.927 ACC=90.589 F1=70.734 Rec=69.533 Prec=73.246
Train Client3 [3/30] LR=0.0001000 loss=1.089 ACC=90.341 F1=75.527 Rec=76.287 Prec=74.956
Train Client4 [3/30] LR=0.0001000 loss=0.731 ACC=91.692 F1=65.353 Rec=65.701 Prec=65.262
Train Client5 [3/30] LR=0.0001000 loss=1.188 ACC=88.125 F1=68.197 Rec=68.344 Prec=68.084
Train Client6 [3/30] LR=0.0001000 loss=1.271 ACC=87.778 F1=73.251 Rec=80.378 Prec=68.817
Train Client7 [3/30] LR=0.0001000 loss=0.885 ACC=91.288 F1=61.944 Rec=60.215 Prec=64.382

Test-  OSR [3/30] LR=0.0001000 ACC=70.536 F1=75.023 Rec=80.778 Prec=76.318 UNK=39.810 OS*=88.971 HOS=55.007 AUROC=79.668 AUPR=75.710 OSCR=74.221
Test-Close [3/30] LR=0.0001000 loss=1.990 ACC=90.743 F1=90.673 Rec=90.743 Prec=91.809

Saving best model . . . . . . . .

Train Client0 [4/30] LR=0.0001000 loss=0.673 ACC=93.642 F1=72.636 Rec=72.537 Prec=72.941
Train Client1 [4/30] LR=0.0001000 loss=0.819 ACC=91.539 F1=80.137 Rec=77.325 Prec=84.373
Train Client2 [4/30] LR=0.0001000 loss=0.859 ACC=90.589 F1=70.700 Rec=69.861 Prec=72.485
Train Client3 [4/30] LR=0.0001000 loss=0.971 ACC=90.341 F1=72.830 Rec=72.925 Prec=72.794
Train Client4 [4/30] LR=0.0001000 loss=0.640 ACC=93.598 F1=69.348 Rec=68.312 Prec=71.016
Train Client5 [4/30] LR=0.0001000 loss=1.027 ACC=89.375 F1=69.426 Rec=69.405 Prec=69.459
Train Client6 [4/30] LR=0.0001000 loss=1.179 ACC=89.722 F1=74.194 Rec=78.304 Prec=70.813
Train Client7 [4/30] LR=0.0001000 loss=0.847 ACC=92.045 F1=73.867 Rec=85.623 Prec=71.322

Test-  OSR [4/30] LR=0.0001000 ACC=69.571 F1=74.618 Rec=80.317 Prec=76.127 UNK=37.333 OS*=88.914 HOS=52.587 AUROC=78.255 AUPR=73.529 OSCR=73.254
Test-Close [4/30] LR=0.0001000 loss=1.968 ACC=91.543 F1=91.462 Rec=91.543 Prec=92.428

Train Client0 [5/30] LR=0.0001000 loss=0.624 ACC=93.696 F1=72.605 Rec=72.557 Prec=72.676
Train Client1 [5/30] LR=0.0001000 loss=0.704 ACC=92.792 F1=83.980 Rec=82.694 Prec=85.898
Train Client2 [5/30] LR=0.0001000 loss=0.742 ACC=92.110 F1=74.014 Rec=72.815 Prec=76.998
Train Client3 [5/30] LR=0.0001000 loss=0.881 ACC=90.720 F1=78.933 Rec=82.225 Prec=77.724
Train Client4 [5/30] LR=0.0001000 loss=0.672 ACC=93.674 F1=69.745 Rec=70.151 Prec=69.535
Train Client5 [5/30] LR=0.0001000 loss=0.888 ACC=91.875 F1=76.367 Rec=76.601 Prec=76.164
Train Client6 [5/30] LR=0.0001000 loss=1.129 ACC=86.667 F1=71.138 Rec=79.891 Prec=65.566
Train Client7 [5/30] LR=0.0001000 loss=0.877 ACC=91.515 F1=64.106 Rec=63.840 Prec=64.489

Test-  OSR [5/30] LR=0.0001000 ACC=69.429 F1=74.306 Rec=81.238 Prec=75.284 UNK=34.000 OS*=90.686 HOS=49.457 AUROC=80.858 AUPR=73.580 OSCR=76.967
Test-Close [5/30] LR=0.0001000 loss=1.926 ACC=92.857 F1=92.803 Rec=92.857 Prec=93.571

Saving best model . . . . . . . .

Train Client0 [6/30] LR=0.0001000 loss=0.560 ACC=94.450 F1=91.800 Rec=91.970 Prec=91.659
Train Client1 [6/30] LR=0.0001000 loss=0.761 ACC=92.932 F1=84.315 Rec=82.438 Prec=86.864
Train Client2 [6/30] LR=0.0001000 loss=0.784 ACC=92.205 F1=74.394 Rec=74.033 Prec=75.876
Train Client3 [6/30] LR=0.0001000 loss=0.771 ACC=93.371 F1=80.490 Rec=81.072 Prec=80.080
Train Client4 [6/30] LR=0.0001000 loss=0.721 ACC=93.598 F1=69.825 Rec=70.604 Prec=69.228
Train Client5 [6/30] LR=0.0001000 loss=0.712 ACC=92.946 F1=76.387 Rec=76.751 Prec=76.155
Train Client6 [6/30] LR=0.0001000 loss=0.949 ACC=91.389 F1=78.684 Rec=87.603 Prec=72.835
Train Client7 [6/30] LR=0.0001000 loss=0.896 ACC=92.045 F1=66.917 Rec=67.988 Prec=66.203

Test-  OSR [6/30] LR=0.0001000 ACC=75.179 F1=79.029 Rec=80.492 Prec=80.050 UNK=59.238 OS*=84.743 HOS=69.732 AUROC=77.375 AUPR=71.389 OSCR=70.845
Test-Close [6/30] LR=0.0001000 loss=2.084 ACC=92.971 F1=92.933 Rec=92.971 Prec=93.467

Train Client0 [7/30] LR=0.0001000 loss=0.507 ACC=94.127 F1=91.526 Rec=91.718 Prec=91.347
Train Client1 [7/30] LR=0.0001000 loss=0.696 ACC=93.245 F1=85.156 Rec=84.145 Prec=86.596
Train Client2 [7/30] LR=0.0001000 loss=0.653 ACC=92.776 F1=75.914 Rec=75.469 Prec=77.453
Train Client3 [7/30] LR=0.0001000 loss=0.702 ACC=93.371 F1=85.344 Rec=87.981 Prec=83.722
Train Client4 [7/30] LR=0.0001000 loss=0.658 ACC=94.588 F1=76.145 Rec=78.400 Prec=74.183
Train Client5 [7/30] LR=0.0001000 loss=0.614 ACC=93.393 F1=80.912 Rec=82.702 Prec=79.809
Train Client6 [7/30] LR=0.0001000 loss=1.119 ACC=88.889 F1=72.384 Rec=84.309 Prec=67.336
Train Client7 [7/30] LR=0.0001000 loss=0.731 ACC=93.106 F1=68.018 Rec=67.651 Prec=68.811

Test-  OSR [7/30] LR=0.0001000 ACC=75.000 F1=78.771 Rec=78.381 Prec=81.561 UNK=64.857 OS*=81.086 HOS=72.069 AUROC=78.929 AUPR=71.713 OSCR=70.123
Test-Close [7/30] LR=0.0001000 loss=2.099 ACC=94.400 F1=94.381 Rec=94.400 Prec=94.734

Train Client0 [8/30] LR=0.0001000 loss=0.437 ACC=94.989 F1=74.184 Rec=74.290 Prec=74.083
Train Client1 [8/30] LR=0.0001000 loss=0.633 ACC=93.767 F1=85.435 Rec=85.243 Prec=85.963
Train Client2 [8/30] LR=0.0001000 loss=0.584 ACC=92.776 F1=77.531 Rec=77.553 Prec=77.726
Train Client3 [8/30] LR=0.0001000 loss=0.583 ACC=94.318 F1=78.841 Rec=79.081 Prec=78.620
Train Client4 [8/30] LR=0.0001000 loss=0.611 ACC=94.207 F1=78.037 Rec=80.574 Prec=76.224
Train Client5 [8/30] LR=0.0001000 loss=0.694 ACC=93.482 F1=77.806 Rec=78.758 Prec=77.205
Train Client6 [8/30] LR=0.0001000 loss=1.025 ACC=89.444 F1=73.986 Rec=82.402 Prec=68.812
Train Client7 [8/30] LR=0.0001000 loss=0.648 ACC=94.318 F1=67.511 Rec=67.091 Prec=68.095

Test-  OSR [8/30] LR=0.0001000 ACC=77.214 F1=80.240 Rec=79.746 Prec=81.952 UNK=69.619 OS*=81.771 HOS=75.207 AUROC=82.570 AUPR=72.830 OSCR=73.947
Test-Close [8/30] LR=0.0001000 loss=2.130 ACC=94.286 F1=94.249 Rec=94.286 Prec=94.848

Train Client0 [9/30] LR=0.0001000 loss=0.398 ACC=96.175 F1=94.448 Rec=94.577 Prec=94.326
Train Client1 [9/30] LR=0.0001000 loss=0.621 ACC=93.733 F1=86.082 Rec=84.719 Prec=87.879
Train Client2 [9/30] LR=0.0001000 loss=0.584 ACC=94.011 F1=80.357 Rec=79.018 Prec=82.930
Train Client3 [9/30] LR=0.0001000 loss=0.569 ACC=93.182 F1=80.206 Rec=80.719 Prec=79.791
Train Client4 [9/30] LR=0.0001000 loss=0.505 ACC=94.970 F1=76.642 Rec=80.199 Prec=74.136
Train Client5 [9/30] LR=0.0001000 loss=0.559 ACC=93.661 F1=77.095 Rec=77.664 Prec=76.910
Train Client6 [9/30] LR=0.0001000 loss=0.974 ACC=91.944 F1=83.948 Rec=95.430 Prec=76.688
Train Client7 [9/30] LR=0.0001000 loss=0.653 ACC=93.636 F1=72.677 Rec=89.042 Prec=70.642

Test-  OSR [9/30] LR=0.0001000 ACC=72.357 F1=74.899 Rec=73.873 Prec=80.838 UNK=67.810 OS*=75.086 HOS=71.262 AUROC=78.223 AUPR=70.441 OSCR=66.025
Test-Close [9/30] LR=0.0001000 loss=2.214 ACC=95.086 F1=95.055 Rec=95.086 Prec=95.507

Train Client0 [10/30] LR=0.0001000 loss=0.396 ACC=96.282 F1=94.463 Rec=94.403 Prec=94.539
Train Client1 [10/30] LR=0.0001000 loss=0.608 ACC=94.255 F1=85.948 Rec=84.635 Prec=87.585
Train Client2 [10/30] LR=0.0001000 loss=0.555 ACC=93.536 F1=78.688 Rec=76.999 Prec=81.291
Train Client3 [10/30] LR=0.0001000 loss=0.538 ACC=94.129 F1=80.853 Rec=81.530 Prec=80.293
Train Client4 [10/30] LR=0.0001000 loss=0.509 ACC=95.579 F1=82.168 Rec=84.466 Prec=80.427
Train Client5 [10/30] LR=0.0001000 loss=0.494 ACC=93.750 F1=78.233 Rec=78.010 Prec=78.475
Train Client6 [10/30] LR=0.0001000 loss=0.973 ACC=92.778 F1=83.133 Rec=93.589 Prec=76.928
Train Client7 [10/30] LR=0.0001000 loss=0.624 ACC=93.333 F1=67.908 Rec=68.463 Prec=67.646

Test-  OSR [10/30] LR=0.0001000 ACC=66.321 F1=67.737 Rec=67.000 Prec=78.431 UNK=64.286 OS*=67.543 HOS=65.874 AUROC=72.823 AUPR=64.514 OSCR=58.364
Test-Close [10/30] LR=0.0001000 loss=2.318 ACC=94.057 F1=94.020 Rec=94.057 Prec=94.632

Train Client0 [11/30] LR=0.0001000 loss=0.346 ACC=96.067 F1=94.179 Rec=94.135 Prec=94.229
Train Client1 [11/30] LR=0.0001000 loss=0.636 ACC=93.733 F1=87.296 Rec=86.259 Prec=88.775
Train Client2 [11/30] LR=0.0001000 loss=0.463 ACC=94.106 F1=80.566 Rec=79.952 Prec=82.058
Train Client3 [11/30] LR=0.0001000 loss=0.402 ACC=95.076 F1=83.880 Rec=82.740 Prec=85.698
