Logging to: ./logs/RetinalOCT_Finetune_K3_U5_seed0_20260704_223301.log
==> Preparing data..
Protocol mode: hard_k3
Fixed known classes: ['AMD', 'DME', 'DR']
Fixed unknown classes: ['CNV', 'CSR', 'DRUSEN', 'MH', 'NORMAL']
Known class list: [0 3 4] Unknown class list [1 2 5 6 7]
Total images — Train: 18400, Val: 2800, Test: 2800
{0: 0, 3: 1, 4: 2} {1: 3, 2: 4, 5: 5, 6: 6, 7: 7}
Known origin: [0 3 4] , new: [0 1 2]
Unknown origin: [1 2 5 6 7] , new: [3 4 5 6 7]
Known/Unknown in Train: 6900/11500
Known/Unknown in Val:   1050/1750
Known/Unknown in Test:  1050/1750
Client0 sample num: 626
Client1 sample num: 2268
Client2 sample num: 1633
Client3 sample num: 269
Client4 sample num: 1206
Client5 sample num: 706
Client6 sample num: 56
Client7 sample num: 136

>>> Setting up
==> Using device: cuda:0
==> Building [Resnet18] model..
154
154
154
154
154
154
154
154
154
154
154
154
154
154
154
154
154
154
Train Client0 [0/30] LR=0.0001000 loss=39.901 ACC=98.558 F1=66.076 Rec=65.710 Prec=66.449
Train Client1 [0/30] LR=0.0001000 loss=24.279 ACC=97.792 F1=96.141 Rec=97.226 Prec=95.115
Train Client2 [0/30] LR=0.0001000 loss=29.277 ACC=95.221 F1=88.493 Rec=93.524 Prec=84.542
Train Client3 [0/30] LR=0.0001000 loss=42.927 ACC=97.727 F1=90.332 Rec=98.318 Prec=85.686
Train Client4 [0/30] LR=0.0001000 loss=27.978 ACC=97.833 F1=90.330 Rec=98.518 Prec=85.216
Train Client5 [0/30] LR=0.0001000 loss=37.074 ACC=97.159 F1=97.217 Rec=97.478 Prec=96.976
Train Client6 [0/30] LR=0.0001000 loss=50.712 ACC=92.857 F1=87.446 Rec=94.444 Prec=85.185
Train Client7 [0/30] LR=0.0001000 loss=50.101 ACC=96.324 F1=78.137 Rec=97.531 Prec=73.765

Test-  OSR [0/30] LR=0.0001000 ACC=37.500 F1=47.410 Rec=75.000 Prec=39.384 UNK=0.000 OS*=100.000 HOS=0.000 AUROC=54.036 AUPR=66.066 OSCR=54.036
Test-Close [0/30] LR=0.0001000 loss=1.247 ACC=100.000 F1=100.000 Rec=100.000 Prec=100.000

Saving best model . . . . . . . .

Train Client0 [1/30] LR=0.0001000 loss=15.939 ACC=97.436 F1=65.751 Rec=64.974 Prec=66.557
Train Client1 [1/30] LR=0.0001000 loss=9.226 ACC=97.527 F1=95.385 Rec=97.247 Prec=93.730
Train Client2 [1/30] LR=0.0001000 loss=12.153 ACC=96.262 F1=92.670 Rec=96.032 Prec=89.911
Train Client3 [1/30] LR=0.0001000 loss=16.726 ACC=95.455 F1=93.636 Rec=97.585 Prec=90.414
Train Client4 [1/30] LR=0.0001000 loss=11.838 ACC=97.917 F1=92.396 Rec=94.789 Prec=90.270
Train Client5 [1/30] LR=0.0001000 loss=15.658 ACC=98.011 F1=97.224 Rec=96.592 Prec=97.940
Train Client6 [1/30] LR=0.0001000 loss=21.727 ACC=96.429 F1=93.162 Rec=97.531 Prec=90.476
Train Client7 [1/30] LR=0.0001000 loss=19.785 ACC=91.912 F1=70.295 Rec=95.062 Prec=68.452

Test-  OSR [1/30] LR=0.0001000 ACC=37.464 F1=47.438 Rec=74.929 Prec=39.495 UNK=0.000 OS*=99.905 HOS=0.000 AUROC=45.402 AUPR=59.549 OSCR=45.402
Test-Close [1/30] LR=0.0001000 loss=1.192 ACC=99.905 F1=99.905 Rec=99.905 Prec=99.905

Train Client0 [2/30] LR=0.0001000 loss=6.421 ACC=95.192 F1=64.860 Rec=63.450 Prec=66.342
Train Client1 [2/30] LR=0.0001000 loss=2.126 ACC=97.571 F1=95.333 Rec=98.029 Prec=93.228
Train Client2 [2/30] LR=0.0001000 loss=2.932 ACC=98.100 F1=96.028 Rec=98.227 Prec=94.010
Train Client3 [2/30] LR=0.0001000 loss=6.477 ACC=95.833 F1=90.284 Rec=97.759 Prec=85.236
Train Client4 [2/30] LR=0.0001000 loss=3.211 ACC=97.417 F1=92.642 Rec=98.764 Prec=88.089
Train Client5 [2/30] LR=0.0001000 loss=5.233 ACC=98.153 F1=98.333 Rec=98.381 Prec=98.291
Train Client6 [2/30] LR=0.0001000 loss=7.586 ACC=94.643 F1=90.085 Rec=95.833 Prec=87.500
Train Client7 [2/30] LR=0.0001000 loss=7.046 ACC=97.794 F1=79.272 Rec=98.560 Prec=75.000

Test-  OSR [2/30] LR=0.0001000 ACC=37.536 F1=47.511 Rec=75.014 Prec=64.528 UNK=0.057 OS*=100.000 HOS=0.114 AUROC=58.284 AUPR=68.252 OSCR=58.284
Test-Close [2/30] LR=0.0001000 loss=1.137 ACC=100.000 F1=100.000 Rec=100.000 Prec=100.000

Saving best model . . . . . . . .

Train Client0 [3/30] LR=0.0001000 loss=1.237 ACC=96.314 F1=65.245 Rec=64.197 Prec=66.332
Train Client1 [3/30] LR=0.0001000 loss=0.328 ACC=99.205 F1=98.259 Rec=99.238 Prec=97.391
Train Client2 [3/30] LR=0.0001000 loss=0.337 ACC=98.897 F1=97.497 Rec=98.540 Prec=96.498
Train Client3 [3/30] LR=0.0001000 loss=0.881 ACC=97.348 F1=91.600 Rec=98.457 Prec=87.011
Train Client4 [3/30] LR=0.0001000 loss=0.427 ACC=98.667 F1=96.931 Rec=99.255 Prec=94.849
Train Client5 [3/30] LR=0.0001000 loss=0.705 ACC=98.580 F1=98.442 Rec=98.279 Prec=98.616
Train Client6 [3/30] LR=0.0001000 loss=1.044 ACC=98.214 F1=96.260 Rec=98.611 Prec=94.444
Train Client7 [3/30] LR=0.0001000 loss=0.850 ACC=98.529 F1=88.065 Rec=98.971 Prec=82.716

Test-  OSR [3/30] LR=0.0001000 ACC=37.643 F1=47.650 Rec=75.057 Prec=64.615 UNK=0.229 OS*=100.000 HOS=0.456 AUROC=53.057 AUPR=67.480 OSCR=53.057
Test-Close [3/30] LR=0.0001000 loss=1.140 ACC=100.000 F1=100.000 Rec=100.000 Prec=100.000

Train Client0 [4/30] LR=0.0001000 loss=0.297 ACC=99.359 F1=66.449 Rec=66.234 Prec=66.667
Train Client1 [4/30] LR=0.0001000 loss=0.140 ACC=99.514 F1=99.004 Rec=99.508 Prec=98.523
Train Client2 [4/30] LR=0.0001000 loss=0.213 ACC=98.836 F1=97.200 Rec=98.520 Prec=95.965
Train Client3 [4/30] LR=0.0001000 loss=1.067 ACC=94.318 F1=92.598 Rec=95.767 Prec=89.888
Train Client4 [4/30] LR=0.0001000 loss=0.273 ACC=98.167 F1=91.127 Rec=94.754 Prec=88.177
Train Client5 [4/30] LR=0.0001000 loss=0.251 ACC=99.148 F1=99.217 Rec=99.184 Prec=99.265
Train Client6 [4/30] LR=0.0001000 loss=0.209 ACC=100.000 F1=100.000 Rec=100.000 Prec=100.000
Train Client7 [4/30] LR=0.0001000 loss=0.176 ACC=100.000 F1=100.000 Rec=100.000 Prec=100.000

Test-  OSR [4/30] LR=0.0001000 ACC=37.500 F1=47.500 Rec=75.000 Prec=39.583 UNK=0.000 OS*=100.000 HOS=0.000 AUROC=48.262 AUPR=64.279 OSCR=48.262
Test-Close [4/30] LR=0.0001000 loss=1.106 ACC=100.000 F1=100.000 Rec=100.000 Prec=100.000

Train Client0 [5/30] LR=0.0001000 loss=0.152 ACC=99.038 F1=66.345 Rec=66.025 Prec=66.667
Train Client1 [5/30] LR=0.0001000 loss=0.125 ACC=99.691 F1=99.382 Rec=99.448 Prec=99.315
Train Client2 [5/30] LR=0.0001000 loss=0.136 ACC=99.203 F1=98.130 Rec=99.366 Prec=96.960
Train Client3 [5/30] LR=0.0001000 loss=0.717 ACC=93.182 F1=85.415 Rec=91.155 Prec=81.327
Train Client4 [5/30] LR=0.0001000 loss=0.215 ACC=98.333 F1=94.887 Rec=99.105 Prec=91.458
Train Client5 [5/30] LR=0.0001000 loss=0.225 ACC=99.006 F1=98.889 Rec=98.795 Prec=98.984
Train Client6 [5/30] LR=0.0001000 loss=0.169 ACC=100.000 F1=100.000 Rec=100.000 Prec=100.000
Train Client7 [5/30] LR=0.0001000 loss=0.143 ACC=100.000 F1=100.000 Rec=100.000 Prec=100.000

Test-  OSR [5/30] LR=0.0001000 ACC=37.500 F1=47.500 Rec=75.000 Prec=39.583 UNK=0.000 OS*=100.000 HOS=0.000 AUROC=53.188 AUPR=66.554 OSCR=53.188
Test-Close [5/30] LR=0.0001000 loss=1.101 ACC=100.000 F1=100.000 Rec=100.000 Prec=100.000

Train Client0 [6/30] LR=0.0001000 loss=0.150 ACC=99.679 F1=66.560 Rec=66.453 Prec=66.667
Train Client1 [6/30] LR=0.0001000 loss=0.088 ACC=99.779 F1=99.489 Rec=99.488 Prec=99.491
Train Client2 [6/30] LR=0.0001000 loss=0.153 ACC=99.203 F1=98.134 Rec=99.524 Prec=96.819
Train Client3 [6/30] LR=0.0001000 loss=0.578 ACC=95.455 F1=90.771 Rec=92.202 Prec=89.683
Train Client4 [6/30] LR=0.0001000 loss=0.230 ACC=98.833 F1=97.079 Rec=99.474 Prec=94.934
Train Client5 [6/30] LR=0.0001000 loss=0.166 ACC=99.716 F1=99.774 Rec=99.749 Prec=99.801
Train Client6 [6/30] LR=0.0001000 loss=0.182 ACC=100.000 F1=100.000 Rec=100.000 Prec=100.000
Train Client7 [6/30] LR=0.0001000 loss=0.308 ACC=99.265 F1=99.487 Rec=99.588 Prec=99.394

Test-  OSR [6/30] LR=0.0001000 ACC=37.607 F1=47.612 Rec=75.043 Prec=64.607 UNK=0.171 OS*=100.000 HOS=0.342 AUROC=59.981 AUPR=69.378 OSCR=59.981
Test-Close [6/30] LR=0.0001000 loss=1.148 ACC=100.000 F1=100.000 Rec=100.000 Prec=100.000

Saving best model . . . . . . . .

Train Client0 [7/30] LR=0.0001000 loss=0.109 ACC=99.199 F1=66.401 Rec=66.138 Prec=66.667
Train Client1 [7/30] LR=0.0001000 loss=0.051 ACC=99.956 F1=99.878 Rec=99.843 Prec=99.913
Train Client2 [7/30] LR=0.0001000 loss=0.126 ACC=99.142 F1=97.851 Rec=99.341 Prec=96.455
Train Client3 [7/30] LR=0.0001000 loss=0.453 ACC=96.591 F1=94.775 Rec=98.421 Prec=91.729
Train Client4 [7/30] LR=0.0001000 loss=0.234 ACC=98.667 F1=94.709 Rec=95.198 Prec=94.256
Train Client5 [7/30] LR=0.0001000 loss=0.172 ACC=99.290 F1=99.223 Rec=99.259 Prec=99.190
Train Client6 [7/30] LR=0.0001000 loss=0.229 ACC=96.429 F1=92.995 Rec=97.222 Prec=90.476
Train Client7 [7/30] LR=0.0001000 loss=0.336 ACC=97.794 F1=87.654 Rec=98.765 Prec=82.143

Test-  OSR [7/30] LR=0.0001000 ACC=37.607 F1=47.623 Rec=74.986 Prec=59.599 UNK=0.229 OS*=99.905 HOS=0.456 AUROC=56.445 AUPR=67.766 OSCR=56.445
Test-Close [7/30] LR=0.0001000 loss=1.150 ACC=100.000 F1=100.000 Rec=100.000 Prec=100.000

Train Client0 [8/30] LR=0.0001000 loss=0.143 ACC=99.199 F1=66.184 Rec=66.124 Prec=66.251
Train Client1 [8/30] LR=0.0001000 loss=0.065 ACC=99.735 F1=99.406 Rec=99.609 Prec=99.206
Train Client2 [8/30] LR=0.0001000 loss=0.098 ACC=99.571 F1=99.061 Rec=99.829 Prec=98.315
Train Client3 [8/30] LR=0.0001000 loss=0.442 ACC=97.727 F1=95.545 Rec=98.318 Prec=93.155
Train Client4 [8/30] LR=0.0001000 loss=0.182 ACC=98.583 F1=93.664 Rec=99.289 Prec=89.504
Train Client5 [8/30] LR=0.0001000 loss=0.072 ACC=99.858 F1=99.779 Rec=99.875 Prec=99.686
Train Client6 [8/30] LR=0.0001000 loss=0.134 ACC=100.000 F1=100.000 Rec=100.000 Prec=100.000
Train Client7 [8/30] LR=0.0001000 loss=0.177 ACC=98.529 F1=88.065 Rec=98.971 Prec=82.716

Test-  OSR [8/30] LR=0.0001000 ACC=37.750 F1=47.772 Rec=75.043 Prec=61.854 UNK=0.457 OS*=99.905 HOS=0.910 AUROC=56.534 AUPR=68.352 OSCR=56.534
Test-Close [8/30] LR=0.0001000 loss=1.178 ACC=100.000 F1=100.000 Rec=100.000 Prec=100.000

Train Client0 [9/30] LR=0.0001000 loss=0.027 ACC=100.000 F1=100.000 Rec=100.000 Prec=100.000
Train Client1 [9/30] LR=0.0001000 loss=0.048 ACC=99.956 F1=99.911 Rec=99.980 Prec=99.843
Train Client2 [9/30] LR=0.0001000 loss=0.080 ACC=99.632 F1=99.055 Rec=99.854 Prec=98.283
Train Client3 [9/30] LR=0.0001000 loss=0.337 ACC=97.348 F1=93.431 Rec=98.772 Prec=89.384
Train Client4 [9/30] LR=0.0001000 loss=0.161 ACC=98.750 F1=93.806 Rec=99.438 Prec=89.639
Train Client5 [9/30] LR=0.0001000 loss=0.070 ACC=99.006 F1=98.580 Rec=98.605 Prec=98.557
Train Client6 [9/30] LR=0.0001000 loss=0.043 ACC=100.000 F1=100.000 Rec=100.000 Prec=100.000
Train Client7 [9/30] LR=0.0001000 loss=0.048 ACC=100.000 F1=100.000 Rec=100.000 Prec=100.000

Test-  OSR [9/30] LR=0.0001000 ACC=39.107 F1=49.262 Rec=74.900 Prec=60.263 UNK=3.314 OS*=98.762 HOS=6.413 AUROC=51.281 AUPR=65.946 OSCR=51.262
Test-Close [9/30] LR=0.0001000 loss=1.274 ACC=100.000 F1=100.000 Rec=100.000 Prec=100.000

Train Client0 [10/30] LR=0.0001000 loss=0.074 ACC=99.199 F1=66.341 Rec=66.124 Prec=66.562
Train Client1 [10/30] LR=0.0001000 loss=0.042 ACC=99.823 F1=99.681 Rec=99.783 Prec=99.580
Train Client2 [10/30] LR=0.0001000 loss=0.058 ACC=99.632 F1=99.163 Rec=99.854 Prec=98.490
Train Client3 [10/30] LR=0.0001000 loss=0.370 ACC=97.727 F1=95.117 Rec=93.567 Prec=97.297
Train Client4 [10/30] LR=0.0001000 loss=0.200 ACC=99.167 F1=99.269 Rec=99.553 Prec=98.998
Train Client5 [10/30] LR=0.0001000 loss=0.073 ACC=99.716 F1=99.558 Rec=99.371 Prec=99.752
Train Client6 [10/30] LR=0.0001000 loss=0.013 ACC=100.000 F1=100.000 Rec=100.000 Prec=100.000
Train Client7 [10/30] LR=0.0001000 loss=0.055 ACC=100.000 F1=100.000 Rec=100.000 Prec=100.000

Test-  OSR [10/30] LR=0.0001000 ACC=38.429 F1=48.523 Rec=74.971 Prec=60.351 UNK=1.886 OS*=99.333 HOS=3.701 AUROC=45.204 AUPR=63.170 OSCR=45.200
Test-Close [10/30] LR=0.0001000 loss=1.261 ACC=100.000 F1=100.000 Rec=100.000 Prec=100.000

Train Client0 [11/30] LR=0.0001000 loss=0.008 ACC=100.000 F1=100.000 Rec=100.000 Prec=100.000
Train Client1 [11/30] LR=0.0001000 loss=0.066 ACC=99.647 F1=99.194 Rec=99.362 Prec=99.028
Train Client2 [11/30] LR=0.0001000 loss=0.094 ACC=99.694 F1=99.373 Rec=99.719 Prec=99.030
Train Client3 [11/30] LR=0.0001000 loss=0.162 ACC=98.485 F1=92.192 Rec=92.494 Prec=91.905
Train Client4 [11/30] LR=0.0001000 loss=0.162 ACC=99.417 F1=99.487 Rec=99.665 Prec=99.313
Train Client5 [11/30] LR=0.0001000 loss=0.067 ACC=99.858 F1=99.887 Rec=99.900 Prec=99.875
Train Client6 [11/30] LR=0.0001000 loss=0.014 ACC=100.000 F1=100.000 Rec=100.000 Prec=100.000
Train Client7 [11/30] LR=0.0001000 loss=0.244 ACC=99.265 F1=99.487 Rec=99.588 Prec=99.394

Test-  OSR [11/30] LR=0.0001000 ACC=37.607 F1=47.617 Rec=74.986 Prec=59.591 UNK=0.229 OS*=99.905 HOS=0.456 AUROC=49.402 AUPR=65.377 OSCR=49.401
Test-Close [11/30] LR=0.0001000 loss=1.136 ACC=100.000 F1=100.000 Rec=100.000 Prec=100.000

Train Client0 [12/30] LR=0.0001000 loss=0.033 ACC=99.840 F1=66.612 Rec=66.558 Prec=66.667
Train Client1 [12/30] LR=0.0001000 loss=0.036 ACC=99.823 F1=99.648 Rec=99.716 Prec=99.580
Train Client2 [12/30] LR=0.0001000 loss=0.047 ACC=99.877 F1=99.682 Rec=99.951 Prec=99.416
Train Client3 [12/30] LR=0.0001000 loss=0.124 ACC=98.485 F1=98.681 Rec=99.302 Prec=98.122
Train Client4 [12/30] LR=0.0001000 loss=0.126 ACC=99.500 F1=99.561 Rec=99.703 Prec=99.423
Train Client5 [12/30] LR=0.0001000 loss=0.073 ACC=99.858 F1=99.887 Rec=99.875 Prec=99.900
Train Client6 [12/30] LR=0.0001000 loss=0.253 ACC=98.214 F1=96.260 Rec=98.611 Prec=94.444
Train Client7 [12/30] LR=0.0001000 loss=0.025 ACC=100.000 F1=100.000 Rec=100.000 Prec=100.000

Test-  OSR [12/30] LR=0.0001000 ACC=37.679 F1=47.674 Rec=75.071 Prec=64.609 UNK=0.286 OS*=100.000 HOS=0.570 AUROC=55.750 AUPR=67.632 OSCR=55.750
Test-Close [12/30] LR=0.0001000 loss=1.121 ACC=100.000 F1=100.000 Rec=100.000 Prec=100.000

Train Client0 [13/30] LR=0.0001000 loss=0.006 ACC=100.000 F1=100.000 Rec=100.000 Prec=100.000
Train Client1 [13/30] LR=0.0001000 loss=0.054 ACC=99.779 F1=99.523 Rec=99.488 Prec=99.557
Train Client2 [13/30] LR=0.0001000 loss=0.042 ACC=99.816 F1=99.579 Rec=99.927 Prec=99.236
Train Client3 [13/30] LR=0.0001000 loss=0.110 ACC=99.621 F1=99.666 Rec=99.825 Prec=99.510
Train Client4 [13/30] LR=0.0001000 loss=0.108 ACC=99.333 F1=97.473 Rec=99.556 Prec=95.611
Train Client5 [13/30] LR=0.0001000 loss=0.063 ACC=99.716 F1=99.557 Rec=99.557 Prec=99.557
Train Client6 [13/30] LR=0.0001000 loss=0.006 ACC=100.000 F1=100.000 Rec=100.000 Prec=100.000
Train Client7 [13/30] LR=0.0001000 loss=0.092 ACC=99.265 F1=88.577 Rec=99.383 Prec=83.333

Test-  OSR [13/30] LR=0.0001000 ACC=37.607 F1=47.606 Rec=75.043 Prec=64.600 UNK=0.171 OS*=100.000 HOS=0.342 AUROC=53.667 AUPR=67.763 OSCR=53.667
Test-Close [13/30] LR=0.0001000 loss=1.135 ACC=100.000 F1=100.000 Rec=100.000 Prec=100.000

Train Client0 [14/30] LR=0.0001000 loss=0.004 ACC=100.000 F1=100.000 Rec=100.000 Prec=100.000
Train Client1 [14/30] LR=0.0001000 loss=0.049 ACC=99.779 F1=99.389 Rec=99.354 Prec=99.424
Train Client2 [14/30] LR=0.0001000 loss=0.028 ACC=100.000 F1=100.000 Rec=100.000 Prec=100.000
Train Client3 [14/30] LR=0.0001000 loss=0.133 ACC=99.242 F1=99.341 Rec=99.649 Prec=99.048
Train Client4 [14/30] LR=0.0001000 loss=0.092 ACC=99.333 F1=99.414 Rec=99.628 Prec=99.207
Train Client5 [14/30] LR=0.0001000 loss=0.036 ACC=99.716 F1=99.557 Rec=99.371 Prec=99.750
Train Client6 [14/30] LR=0.0001000 loss=0.160 ACC=96.429 F1=92.995 Rec=97.222 Prec=90.476
Train Client7 [14/30] LR=0.0001000 loss=0.156 ACC=99.265 F1=99.487 Rec=99.588 Prec=99.394

Test-  OSR [14/30] LR=0.0001000 ACC=37.643 F1=47.648 Rec=75.000 Prec=60.426 UNK=0.286 OS*=99.905 HOS=0.570 AUROC=45.365 AUPR=63.331 OSCR=45.365
Test-Close [14/30] LR=0.0001000 loss=1.141 ACC=100.000 F1=100.000 Rec=100.000 Prec=100.000

Train Client0 [15/30] LR=0.0001000 loss=0.068 ACC=99.519 F1=66.400 Rec=66.348 Prec=66.453
Train Client1 [15/30] LR=0.0001000 loss=0.026 ACC=99.823 F1=99.612 Rec=99.577 Prec=99.648
Train Client2 [15/30] LR=0.0001000 loss=0.043 ACC=99.939 F1=99.786 Rec=99.976 Prec=99.598
Train Client3 [15/30] LR=0.0001000 loss=0.255 ACC=98.106 F1=98.359 Rec=99.127 Prec=97.685
Train Client4 [15/30] LR=0.0001000 loss=0.096 ACC=99.500 F1=97.356 Rec=95.573 Prec=99.419
Train Client5 [15/30] LR=0.0001000 loss=0.005 ACC=100.000 F1=100.000 Rec=100.000 Prec=100.000
Train Client6 [15/30] LR=0.0001000 loss=0.013 ACC=100.000 F1=100.000 Rec=100.000 Prec=100.000
Train Client7 [15/30] LR=0.0001000 loss=0.009 ACC=100.000 F1=100.000 Rec=100.000 Prec=100.000

Test-  OSR [15/30] LR=0.0001000 ACC=37.536 F1=47.549 Rec=74.957 Prec=56.249 UNK=0.114 OS*=99.905 HOS=0.228 AUROC=44.914 AUPR=63.564 OSCR=44.914
Test-Close [15/30] LR=0.0001000 loss=1.143 ACC=100.000 F1=100.000 Rec=100.000 Prec=100.000

Train Client0 [16/30] LR=0.0001000 loss=0.062 ACC=99.840 F1=99.840 Rec=99.837 Prec=99.843
Train Client1 [16/30] LR=0.0001000 loss=0.012 ACC=100.000 F1=100.000 Rec=100.000 Prec=100.000
Train Client2 [16/30] LR=0.0001000 loss=0.023 ACC=100.000 F1=100.000 Rec=100.000 Prec=100.000
Train Client3 [16/30] LR=0.0001000 loss=0.183 ACC=99.621 F1=99.672 Rec=99.824 Prec=99.524
Train Client4 [16/30] LR=0.0001000 loss=0.096 ACC=99.333 F1=99.411 Rec=99.482 Prec=99.341
Train Client5 [16/30] LR=0.0001000 loss=0.015 ACC=99.858 F1=99.779 Rec=99.686 Prec=99.875
Train Client6 [16/30] LR=0.0001000 loss=0.074 ACC=100.000 F1=100.000 Rec=100.000 Prec=100.000
Train Client7 [16/30] LR=0.0001000 loss=0.005 ACC=100.000 F1=100.000 Rec=100.000 Prec=100.000

Test-  OSR [16/30] LR=0.0001000 ACC=37.464 F1=47.477 Rec=74.929 Prec=39.570 UNK=0.000 OS*=99.905 HOS=0.000 AUROC=43.370 AUPR=61.683 OSCR=43.370
Test-Close [16/30] LR=0.0001000 loss=1.117 ACC=100.000 F1=100.000 Rec=100.000 Prec=100.000

Train Client0 [17/30] LR=0.0001000 loss=0.003 ACC=100.000 F1=100.000 Rec=100.000 Prec=100.000
Train Client1 [17/30] LR=0.0001000 loss=0.016 ACC=99.912 F1=99.824 Rec=99.960 Prec=99.688
Train Client2 [17/30] LR=0.0001000 loss=0.023 ACC=99.939 F1=99.896 Rec=99.976 Prec=99.818
Train Client3 [17/30] LR=0.0001000 loss=0.120 ACC=99.621 F1=99.669 Rec=99.825 Prec=99.517
Train Client4 [17/30] LR=0.0001000 loss=0.094 ACC=99.750 F1=99.779 Rec=99.815 Prec=99.744
Train Client5 [17/30] LR=0.0001000 loss=0.077 ACC=99.858 F1=99.781 Rec=99.875 Prec=99.688
Train Client6 [17/30] LR=0.0001000 loss=0.002 ACC=100.000 F1=100.000 Rec=100.000 Prec=100.000
Train Client7 [17/30] LR=0.0001000 loss=0.003 ACC=100.000 F1=100.000 Rec=100.000 Prec=100.000

Test-  OSR [17/30] LR=0.0001000 ACC=37.500 F1=47.500 Rec=75.000 Prec=39.583 UNK=0.000 OS*=100.000 HOS=0.000 AUROC=57.544 AUPR=67.665 OSCR=57.544
Test-Close [17/30] LR=0.0001000 loss=1.117 ACC=100.000 F1=100.000 Rec=100.000 Prec=100.000

Train Client0 [18/30] LR=0.0001000 loss=0.063 ACC=100.000 F1=100.000 Rec=100.000 Prec=100.000
Train Client1 [18/30] LR=0.0001000 loss=0.038 ACC=99.867 F1=99.734 Rec=99.802 Prec=99.666
Train Client2 [18/30] LR=0.0001000 loss=0.016 ACC=100.000 F1=100.000 Rec=100.000 Prec=100.000
Train Client3 [18/30] LR=0.0001000 loss=0.199 ACC=99.621 F1=97.189 Rec=99.510 Prec=95.238
Train Client4 [18/30] LR=0.0001000 loss=0.071 ACC=99.583 F1=99.633 Rec=99.740 Prec=99.527
Train Client5 [18/30] LR=0.0001000 loss=0.002 ACC=100.000 F1=100.000 Rec=100.000 Prec=100.000
Train Client6 [18/30] LR=0.0001000 loss=0.003 ACC=100.000 F1=100.000 Rec=100.000 Prec=100.000
Train Client7 [18/30] LR=0.0001000 loss=0.001 ACC=100.000 F1=100.000 Rec=100.000 Prec=100.000

Test-  OSR [18/30] LR=0.0001000 ACC=37.500 F1=47.500 Rec=75.000 Prec=39.583 UNK=0.000 OS*=100.000 HOS=0.000 AUROC=54.828 AUPR=67.965 OSCR=54.828
Test-Close [18/30] LR=0.0001000 loss=1.130 ACC=100.000 F1=100.000 Rec=100.000 Prec=100.000

Train Client0 [19/30] LR=0.0001000 loss=0.001 ACC=100.000 F1=100.000 Rec=100.000 Prec=100.000
Train Client1 [19/30] LR=0.0001000 loss=0.077 ACC=99.558 F1=98.985 Rec=99.053 Prec=98.922
Train Client2 [19/30] LR=0.0001000 loss=0.022 ACC=100.000 F1=100.000 Rec=100.000 Prec=100.000
Train Client3 [19/30] LR=0.0001000 loss=0.234 ACC=99.242 F1=99.328 Rec=99.653 Prec=99.020
Train Client4 [19/30] LR=0.0001000 loss=0.096 ACC=99.583 F1=99.633 Rec=99.740 Prec=99.528
Train Client5 [19/30] LR=0.0001000 loss=0.004 ACC=100.000 F1=100.000 Rec=100.000 Prec=100.000
Train Client6 [19/30] LR=0.0001000 loss=0.005 ACC=100.000 F1=100.000 Rec=100.000 Prec=100.000
Train Client7 [19/30] LR=0.0001000 loss=0.004 ACC=100.000 F1=100.000 Rec=100.000 Prec=100.000

Test-  OSR [19/30] LR=0.0001000 ACC=37.893 F1=47.926 Rec=75.043 Prec=61.314 UNK=0.743 OS*=99.810 HOS=1.475 AUROC=51.070 AUPR=66.242 OSCR=51.070
Test-Close [19/30] LR=0.0001000 loss=1.153 ACC=100.000 F1=100.000 Rec=100.000 Prec=100.000

Train Client0 [20/30] LR=0.0001000 loss=0.001 ACC=100.000 F1=100.000 Rec=100.000 Prec=100.000
Train Client1 [20/30] LR=0.0001000 loss=0.044 ACC=99.691 F1=99.311 Rec=99.107 Prec=99.521
Train Client2 [20/30] LR=0.0001000 loss=0.021 ACC=99.877 F1=99.792 Rec=99.634 Prec=99.951
Train Client3 [20/30] LR=0.0001000 loss=0.154 ACC=99.242 F1=99.328 Rec=99.653 Prec=99.020
Train Client4 [20/30] LR=0.0001000 loss=0.058 ACC=99.917 F1=99.926 Rec=99.890 Prec=99.963
Train Client5 [20/30] LR=0.0001000 loss=0.016 ACC=99.858 F1=99.780 Rec=99.874 Prec=99.688
Train Client6 [20/30] LR=0.0001000 loss=0.003 ACC=100.000 F1=100.000 Rec=100.000 Prec=100.000
Train Client7 [20/30] LR=0.0001000 loss=0.018 ACC=100.000 F1=100.000 Rec=100.000 Prec=100.000

Test-  OSR [20/30] LR=0.0001000 ACC=37.750 F1=47.766 Rec=75.043 Prec=61.845 UNK=0.457 OS*=99.905 HOS=0.910 AUROC=60.969 AUPR=69.728 OSCR=60.969
Test-Close [20/30] LR=0.0001000 loss=1.138 ACC=100.000 F1=100.000 Rec=100.000 Prec=100.000

Saving best model . . . . . . . .

Train Client0 [21/30] LR=0.0001000 loss=0.001 ACC=100.000 F1=100.000 Rec=100.000 Prec=100.000
Train Client1 [21/30] LR=0.0001000 loss=0.015 ACC=99.956 F1=99.911 Rec=99.980 Prec=99.843
Train Client2 [21/30] LR=0.0001000 loss=0.016 ACC=100.000 F1=100.000 Rec=100.000 Prec=100.000
Train Client3 [21/30] LR=0.0001000 loss=0.134 ACC=99.621 F1=99.669 Rec=99.825 Prec=99.517
Train Client4 [21/30] LR=0.0001000 loss=0.065 ACC=99.917 F1=99.926 Rec=99.962 Prec=99.891
Train Client5 [21/30] LR=0.0001000 loss=0.003 ACC=100.000 F1=100.000 Rec=100.000 Prec=100.000
Train Client6 [21/30] LR=0.0001000 loss=0.169 ACC=98.214 F1=96.260 Rec=98.611 Prec=94.444
Train Client7 [21/30] LR=0.0001000 loss=0.249 ACC=99.265 F1=99.487 Rec=99.588 Prec=99.394

Test-  OSR [21/30] LR=0.0001000 ACC=37.571 F1=47.575 Rec=75.029 Prec=64.599 UNK=0.114 OS*=100.000 HOS=0.228 AUROC=48.350 AUPR=63.438 OSCR=48.350
Test-Close [21/30] LR=0.0001000 loss=1.130 ACC=100.000 F1=100.000 Rec=100.000 Prec=100.000

Train Client0 [22/30] LR=0.0001000 loss=0.020 ACC=100.000 F1=100.000 Rec=100.000 Prec=100.000
Train Client1 [22/30] LR=0.0001000 loss=0.042 ACC=99.735 F1=99.332 Rec=99.332 Prec=99.332
Train Client2 [22/30] LR=0.0001000 loss=0.011 ACC=100.000 F1=100.000 Rec=100.000 Prec=100.000
Train Client3 [22/30] LR=0.0001000 loss=0.092 ACC=99.621 F1=99.672 Rec=99.824 Prec=99.524
Train Client4 [22/30] LR=0.0001000 loss=0.056 ACC=99.917 F1=99.926 Rec=99.962 Prec=99.891
Train Client5 [22/30] LR=0.0001000 loss=0.001 ACC=100.000 F1=100.000 Rec=100.000 Prec=100.000
Train Client6 [22/30] LR=0.0001000 loss=0.009 ACC=100.000 F1=100.000 Rec=100.000 Prec=100.000
Train Client7 [22/30] LR=0.0001000 loss=0.057 ACC=100.000 F1=100.000 Rec=100.000 Prec=100.000

Test-  OSR [22/30] LR=0.0001000 ACC=37.500 F1=47.500 Rec=75.000 Prec=39.583 UNK=0.000 OS*=100.000 HOS=0.000 AUROC=49.381 AUPR=64.021 OSCR=49.381
Test-Close [22/30] LR=0.0001000 loss=1.125 ACC=100.000 F1=100.000 Rec=100.000 Prec=100.000

Train Client0 [23/30] LR=0.0001000 loss=0.031 ACC=99.840 F1=99.840 Rec=99.838 Prec=99.842
Train Client1 [23/30] LR=0.0001000 loss=0.026 ACC=99.823 F1=99.579 Rec=99.579 Prec=99.579
Train Client2 [23/30] LR=0.0001000 loss=0.009 ACC=100.000 F1=100.000 Rec=100.000 Prec=100.000
Train Client3 [23/30] LR=0.0001000 loss=0.273 ACC=99.242 F1=99.347 Rec=99.647 Prec=99.061
Train Client4 [23/30] LR=0.0001000 loss=0.044 ACC=100.000 F1=100.000 Rec=100.000 Prec=100.000
Train Client5 [23/30] LR=0.0001000 loss=0.017 ACC=100.000 F1=100.000 Rec=100.000 Prec=100.000
Train Client6 [23/30] LR=0.0001000 loss=0.093 ACC=100.000 F1=100.000 Rec=100.000 Prec=100.000
Train Client7 [23/30] LR=0.0001000 loss=0.138 ACC=100.000 F1=100.000 Rec=100.000 Prec=100.000

Test-  OSR [23/30] LR=0.0001000 ACC=37.500 F1=47.500 Rec=75.000 Prec=39.583 UNK=0.000 OS*=100.000 HOS=0.000 AUROC=52.519 AUPR=66.624 OSCR=52.519
Test-Close [23/30] LR=0.0001000 loss=1.120 ACC=100.000 F1=100.000 Rec=100.000 Prec=100.000

Train Client0 [24/30] LR=0.0001000 loss=0.061 ACC=100.000 F1=100.000 Rec=100.000 Prec=100.000
Train Client1 [24/30] LR=0.0001000 loss=0.008 ACC=100.000 F1=100.000 Rec=100.000 Prec=100.000
Train Client2 [24/30] LR=0.0001000 loss=0.008 ACC=100.000 F1=100.000 Rec=100.000 Prec=100.000
Train Client3 [24/30] LR=0.0001000 loss=0.057 ACC=99.621 F1=96.726 Rec=94.444 Prec=99.517
Train Client4 [24/30] LR=0.0001000 loss=0.033 ACC=99.917 F1=99.926 Rec=99.963 Prec=99.890
Train Client5 [24/30] LR=0.0001000 loss=0.022 ACC=99.858 F1=99.887 Rec=99.875 Prec=99.900
Train Client6 [24/30] LR=0.0001000 loss=0.002 ACC=100.000 F1=100.000 Rec=100.000 Prec=100.000
Train Client7 [24/30] LR=0.0001000 loss=0.001 ACC=100.000 F1=100.000 Rec=100.000 Prec=100.000

Test-  OSR [24/30] LR=0.0001000 ACC=37.500 F1=47.497 Rec=74.886 Prec=52.092 UNK=0.114 OS*=99.810 HOS=0.228 AUROC=31.135 AUPR=49.623 OSCR=31.135
Test-Close [24/30] LR=0.0001000 loss=1.213 ACC=100.000 F1=100.000 Rec=100.000 Prec=100.000

Train Client0 [25/30] LR=0.0001000 loss=0.006 ACC=99.840 F1=66.612 Rec=66.558 Prec=66.667
Train Client1 [25/30] LR=0.0001000 loss=0.010 ACC=99.956 F1=99.947 Rec=99.913 Prec=99.980
Train Client2 [25/30] LR=0.0001000 loss=0.030 ACC=99.816 F1=99.689 Rec=99.768 Prec=99.611
Train Client3 [25/30] LR=0.0001000 loss=0.085 ACC=100.000 F1=100.000 Rec=100.000 Prec=100.000
Train Client4 [25/30] LR=0.0001000 loss=0.039 ACC=100.000 F1=100.000 Rec=100.000 Prec=100.000
Train Client5 [25/30] LR=0.0001000 loss=0.017 ACC=99.716 F1=99.774 Rec=99.774 Prec=99.774
Train Client6 [25/30] LR=0.0001000 loss=0.445 ACC=100.000 F1=100.000 Rec=100.000 Prec=100.000
Train Client7 [25/30] LR=0.0001000 loss=0.009 ACC=100.000 F1=100.000 Rec=100.000 Prec=100.000

Test-  OSR [25/30] LR=0.0001000 ACC=37.500 F1=47.511 Rec=74.943 Prec=52.075 UNK=0.057 OS*=99.905 HOS=0.114 AUROC=30.402 AUPR=49.328 OSCR=30.402
Test-Close [25/30] LR=0.0001000 loss=1.191 ACC=100.000 F1=100.000 Rec=100.000 Prec=100.000

Train Client0 [26/30] LR=0.0001000 loss=0.027 ACC=100.000 F1=100.000 Rec=100.000 Prec=100.000
Train Client1 [26/30] LR=0.0001000 loss=0.040 ACC=99.779 F1=99.493 Rec=99.629 Prec=99.359
Train Client2 [26/30] LR=0.0001000 loss=0.007 ACC=100.000 F1=100.000 Rec=100.000 Prec=100.000
Train Client3 [26/30] LR=0.0001000 loss=0.278 ACC=99.242 F1=96.378 Rec=93.939 Prec=99.322
Train Client4 [26/30] LR=0.0001000 loss=0.075 ACC=99.750 F1=99.779 Rec=99.815 Prec=99.744
Train Client5 [26/30] LR=0.0001000 loss=0.007 ACC=99.858 F1=99.780 Rec=99.686 Prec=99.876
Train Client6 [26/30] LR=0.0001000 loss=0.004 ACC=100.000 F1=100.000 Rec=100.000 Prec=100.000
Train Client7 [26/30] LR=0.0001000 loss=0.001 ACC=100.000 F1=100.000 Rec=100.000 Prec=100.000

Test-  OSR [26/30] LR=0.0001000 ACC=37.500 F1=47.500 Rec=75.000 Prec=39.583 UNK=0.000 OS*=100.000 HOS=0.000 AUROC=43.159 AUPR=63.351 OSCR=43.159
Test-Close [26/30] LR=0.0001000 loss=1.122 ACC=100.000 F1=100.000 Rec=100.000 Prec=100.000

Train Client0 [27/30] LR=0.0001000 loss=0.005 ACC=99.840 F1=66.614 Rec=66.561 Prec=66.667
Train Client1 [27/30] LR=0.0001000 loss=0.017 ACC=99.912 F1=99.755 Rec=99.755 Prec=99.755
Train Client2 [27/30] LR=0.0001000 loss=0.005 ACC=100.000 F1=100.000 Rec=100.000 Prec=100.000
Train Client3 [27/30] LR=0.0001000 loss=0.186 ACC=99.242 F1=99.328 Rec=99.020 Prec=99.653
Train Client4 [27/30] LR=0.0001000 loss=0.041 ACC=99.917 F1=99.926 Rec=99.890 Prec=99.963
Train Client5 [27/30] LR=0.0001000 loss=0.082 ACC=99.574 F1=99.662 Rec=99.650 Prec=99.674
Train Client6 [27/30] LR=0.0001000 loss=0.001 ACC=100.000 F1=100.000 Rec=100.000 Prec=100.000
Train Client7 [27/30] LR=0.0001000 loss=0.001 ACC=100.000 F1=100.000 Rec=100.000 Prec=100.000

Test-  OSR [27/30] LR=0.0001000 ACC=37.607 F1=47.612 Rec=75.043 Prec=64.607 UNK=0.171 OS*=100.000 HOS=0.342 AUROC=61.548 AUPR=70.644 OSCR=61.548
Test-Close [27/30] LR=0.0001000 loss=1.119 ACC=100.000 F1=100.000 Rec=100.000 Prec=100.000

Saving best model . . . . . . . .

Train Client0 [28/30] LR=0.0001000 loss=0.000 ACC=100.000 F1=100.000 Rec=100.000 Prec=100.000
Train Client1 [28/30] LR=0.0001000 loss=0.021 ACC=99.823 F1=99.644 Rec=99.644 Prec=99.644
Train Client2 [28/30] LR=0.0001000 loss=0.010 ACC=99.939 F1=99.786 Rec=99.976 Prec=99.598
Train Client3 [28/30] LR=0.0001000 loss=0.196 ACC=98.485 F1=95.752 Rec=93.918 Prec=98.148
Train Client4 [28/30] LR=0.0001000 loss=0.029 ACC=99.917 F1=99.926 Rec=99.890 Prec=99.963
Train Client5 [28/30] LR=0.0001000 loss=0.003 ACC=100.000 F1=100.000 Rec=100.000 Prec=100.000
Train Client6 [28/30] LR=0.0001000 loss=0.000 ACC=100.000 F1=100.000 Rec=100.000 Prec=100.000
Train Client7 [28/30] LR=0.0001000 loss=0.000 ACC=100.000 F1=100.000 Rec=100.000 Prec=100.000

Test-  OSR [28/30] LR=0.0001000 ACC=37.500 F1=47.511 Rec=74.943 Prec=52.074 UNK=0.057 OS*=99.905 HOS=0.114 AUROC=55.403 AUPR=68.209 OSCR=55.403
Test-Close [28/30] LR=0.0001000 loss=1.124 ACC=100.000 F1=100.000 Rec=100.000 Prec=100.000

Train Client0 [29/30] LR=0.0001000 loss=0.009 ACC=100.000 F1=100.000 Rec=100.000 Prec=100.000
Train Client1 [29/30] LR=0.0001000 loss=0.034 ACC=99.867 F1=99.733 Rec=99.664 Prec=99.801
Train Client2 [29/30] LR=0.0001000 loss=0.010 ACC=100.000 F1=100.000 Rec=100.000 Prec=100.000
Train Client3 [29/30] LR=0.0001000 loss=0.151 ACC=99.242 F1=99.334 Rec=99.334 Prec=99.334
Train Client4 [29/30] LR=0.0001000 loss=0.039 ACC=99.833 F1=99.853 Rec=99.853 Prec=99.853
Train Client5 [29/30] LR=0.0001000 loss=0.046 ACC=99.858 F1=99.887 Rec=99.875 Prec=99.900
Train Client6 [29/30] LR=0.0001000 loss=0.176 ACC=100.000 F1=100.000 Rec=100.000 Prec=100.000
Train Client7 [29/30] LR=0.0001000 loss=0.000 ACC=100.000 F1=100.000 Rec=100.000 Prec=100.000

Test-  OSR [29/30] LR=0.0001000 ACC=37.500 F1=47.500 Rec=75.000 Prec=39.583 UNK=0.000 OS*=100.000 HOS=0.000 AUROC=50.980 AUPR=63.248 OSCR=50.980
Test-Close [29/30] LR=0.0001000 loss=1.125 ACC=100.000 F1=100.000 Rec=100.000 Prec=100.000

------>Best performance (by OSCR)--->>>>>>>

Test-  OSR [27/30] LR=0.0001000 ACC=37.607 F1=47.612 Rec=75.043 Prec=64.607 UNK=0.171 OS*=100.000 HOS=0.342 AUROC=61.548 AUPR=70.644 OSCR=61.548
Test-Close [27/30] LR=0.0001000 loss=1.119 ACC=100.000 F1=100.000 Rec=100.000 Prec=100.000
=====================================================================================================================================
The ending time ：2026-07-05 00:08:12
