Logging to: ./logs/RetinalOCT_Pretrain_K3_U5_seed0_20260706_201310.log
==> Preparing data..
Protocol mode: hard_k3
Fixed known classes: ['AMD', 'DME', 'DR']
Fixed unknown classes: ['CNV', 'CSR', 'DRUSEN', 'MH', 'NORMAL']
Known class list: [0 3 4] Unknown class list [1 2 5 6 7]
Total images — Train: 18400, Val: 2800, Test: 2800
{0: 0, 3: 1, 4: 2} {1: 3, 2: 4, 5: 5, 6: 6, 7: 7}
Known origin: [0 3 4] , new: [0 1 2]
Unknown origin: [1 2 5 6 7] , new: [3 4 5 6 7]
Known/Unknown in Train: 6900/11500
Known/Unknown in Val:   1050/1750
Known/Unknown in Test:  1050/1750
[balanced IID] alpha=0 — using balanced IID split (6900 samples → 8 clients)
Client0 sample num: 864
Client1 sample num: 864
Client2 sample num: 864
Client3 sample num: 864
Client4 sample num: 861
Client5 sample num: 861
Client6 sample num: 861
Client7 sample num: 861

>>> Setting up
==> Using device: cuda:0
==> Building [Resnet18] model..
154
120
Train Client0 [0/50] LR=0.0005000 loss=0.928 ACC=84.722 F1=84.708 Rec=84.722 Prec=84.702
Train Client1 [0/50] LR=0.0005000 loss=0.692 ACC=89.352 F1=89.359 Rec=89.352 Prec=89.372
Train Client2 [0/50] LR=0.0005000 loss=0.845 ACC=85.417 F1=85.392 Rec=85.417 Prec=85.384
Train Client3 [0/50] LR=0.0005000 loss=0.800 ACC=85.880 F1=85.892 Rec=85.880 Prec=85.912
Train Client4 [0/50] LR=0.0005000 loss=0.832 ACC=85.981 F1=85.956 Rec=85.987 Prec=85.940
Train Client5 [0/50] LR=0.0005000 loss=0.860 ACC=84.229 F1=84.224 Rec=84.227 Prec=84.223
Train Client6 [0/50] LR=0.0005000 loss=0.925 ACC=83.879 F1=83.867 Rec=83.877 Prec=83.868
Train Client7 [0/50] LR=0.0005000 loss=0.929 ACC=84.696 F1=84.651 Rec=84.683 Prec=84.635

Val    [0/50] LR=0.0005000 loss=1.675 ACC=82.667 F1=81.552 Rec=82.667 Prec=88.327

Test-  OSR [0/50] LR=0.0005000 ACC=30.500 F1=37.088 Rec=61.000 Prec=38.794 UNK=0.000 OS*=81.333 HOS=0.000 AUROC=29.761 AUPR=48.898 OSCR=29.726
Test-Close [0/50] LR=0.0005000 loss=1.675 ACC=81.333 F1=79.894 Rec=81.333 Prec=87.700
Saving best model . . . . . . . .

Saving model at epoch 0 . . . . . . . .

Train Client0 [1/50] LR=0.0005000 loss=0.625 ACC=89.699 F1=89.725 Rec=89.699 Prec=89.778
Train Client1 [1/50] LR=0.0005000 loss=0.542 ACC=91.435 F1=91.446 Rec=91.435 Prec=91.468
Train Client2 [1/50] LR=0.0005000 loss=0.718 ACC=88.889 F1=88.886 Rec=88.889 Prec=88.885
Train Client3 [1/50] LR=0.0005000 loss=0.552 ACC=91.088 F1=91.103 Rec=91.088 Prec=91.125
Train Client4 [1/50] LR=0.0005000 loss=0.541 ACC=91.005 F1=91.008 Rec=91.003 Prec=91.025
Train Client5 [1/50] LR=0.0005000 loss=0.702 ACC=88.318 F1=88.347 Rec=88.321 Prec=88.394
Train Client6 [1/50] LR=0.0005000 loss=0.670 ACC=89.603 F1=89.581 Rec=89.603 Prec=89.567
Train Client7 [1/50] LR=0.0005000 loss=0.734 ACC=87.500 F1=87.512 Rec=87.503 Prec=87.525

Val    [1/50] LR=0.0005000 loss=1.216 ACC=99.905 F1=99.905 Rec=99.905 Prec=99.905

Test-  OSR [1/50] LR=0.0005000 ACC=37.500 F1=47.367 Rec=75.000 Prec=39.271 UNK=0.000 OS*=100.000 HOS=0.000 AUROC=41.454 AUPR=58.349 OSCR=41.454
Test-Close [1/50] LR=0.0005000 loss=1.214 ACC=100.000 F1=100.000 Rec=100.000 Prec=100.000
Saving best model . . . . . . . .

Train Client0 [2/50] LR=0.0005000 loss=0.489 ACC=90.856 F1=90.853 Rec=90.856 Prec=90.855
Train Client1 [2/50] LR=0.0005000 loss=0.427 ACC=93.171 F1=93.161 Rec=93.171 Prec=93.168
Train Client2 [2/50] LR=0.0005000 loss=0.543 ACC=91.435 F1=91.435 Rec=91.435 Prec=91.435
Train Client3 [2/50] LR=0.0005000 loss=0.623 ACC=88.889 F1=88.893 Rec=88.889 Prec=88.899
Train Client4 [2/50] LR=0.0005000 loss=0.479 ACC=93.925 F1=93.907 Rec=93.924 Prec=93.913
Train Client5 [2/50] LR=0.0005000 loss=0.440 ACC=93.925 F1=93.933 Rec=93.924 Prec=93.962
Train Client6 [2/50] LR=0.0005000 loss=0.537 ACC=90.888 F1=90.871 Rec=90.885 Prec=90.870
Train Client7 [2/50] LR=0.0005000 loss=0.480 ACC=92.640 F1=92.647 Rec=92.642 Prec=92.657

Val    [2/50] LR=0.0005000 loss=1.127 ACC=99.429 F1=99.429 Rec=99.429 Prec=99.434

Test-  OSR [2/50] LR=0.0005000 ACC=37.357 F1=47.273 Rec=74.714 Prec=39.262 UNK=0.000 OS*=99.619 HOS=0.000 AUROC=41.309 AUPR=60.007 OSCR=41.303
Test-Close [2/50] LR=0.0005000 loss=1.127 ACC=99.619 F1=99.619 Rec=99.619 Prec=99.623
Train Client0 [3/50] LR=0.0005000 loss=0.485 ACC=92.130 F1=92.120 Rec=92.130 Prec=92.123
Train Client1 [3/50] LR=0.0005000 loss=0.414 ACC=92.940 F1=92.926 Rec=92.940 Prec=92.931
Train Client2 [3/50] LR=0.0005000 loss=0.427 ACC=92.593 F1=92.600 Rec=92.593 Prec=92.615
Train Client3 [3/50] LR=0.0005000 loss=0.487 ACC=91.551 F1=91.547 Rec=91.551 Prec=91.571
Train Client4 [3/50] LR=0.0005000 loss=0.607 ACC=90.654 F1=90.656 Rec=90.660 Prec=90.654
Train Client5 [3/50] LR=0.0005000 loss=0.420 ACC=93.575 F1=93.571 Rec=93.573 Prec=93.571
Train Client6 [3/50] LR=0.0005000 loss=0.420 ACC=93.224 F1=93.218 Rec=93.227 Prec=93.223
Train Client7 [3/50] LR=0.0005000 loss=0.316 ACC=94.743 F1=94.749 Rec=94.745 Prec=94.774

Val    [3/50] LR=0.0005000 loss=1.112 ACC=99.810 F1=99.810 Rec=99.810 Prec=99.811

Test-  OSR [3/50] LR=0.0005000 ACC=37.357 F1=47.276 Rec=74.714 Prec=39.265 UNK=0.000 OS*=99.619 HOS=0.000 AUROC=45.457 AUPR=62.005 OSCR=45.449
Test-Close [3/50] LR=0.0005000 loss=1.115 ACC=99.619 F1=99.619 Rec=99.619 Prec=99.622
Saving best model . . . . . . . .

Train Client0 [4/50] LR=0.0005000 loss=0.332 ACC=94.444 F1=94.441 Rec=94.444 Prec=94.441
Train Client1 [4/50] LR=0.0005000 loss=0.346 ACC=93.866 F1=93.868 Rec=93.866 Prec=93.873
Train Client2 [4/50] LR=0.0005000 loss=0.336 ACC=93.981 F1=93.982 Rec=93.981 Prec=93.998
Train Client3 [4/50] LR=0.0005000 loss=0.376 ACC=93.519 F1=93.515 Rec=93.519 Prec=93.522
Train Client4 [4/50] LR=0.0005000 loss=0.258 ACC=96.028 F1=96.028 Rec=96.027 Prec=96.038
Train Client5 [4/50] LR=0.0005000 loss=0.365 ACC=93.925 F1=93.907 Rec=93.920 Prec=93.919
Train Client6 [4/50] LR=0.0005000 loss=0.311 ACC=96.612 F1=96.610 Rec=96.610 Prec=96.611
Train Client7 [4/50] LR=0.0005000 loss=0.278 ACC=95.678 F1=95.677 Rec=95.680 Prec=95.679

Val    [4/50] LR=0.0005000 loss=1.089 ACC=99.905 F1=99.905 Rec=99.905 Prec=99.905

Test-  OSR [4/50] LR=0.0005000 ACC=37.500 F1=47.437 Rec=75.000 Prec=39.447 UNK=0.000 OS*=100.000 HOS=0.000 AUROC=52.474 AUPR=65.128 OSCR=52.474
Test-Close [4/50] LR=0.0005000 loss=1.088 ACC=100.000 F1=100.000 Rec=100.000 Prec=100.000
Saving best model . . . . . . . .

Train Client0 [5/50] LR=0.0005000 loss=0.337 ACC=94.329 F1=94.330 Rec=94.329 Prec=94.340
Train Client1 [5/50] LR=0.0005000 loss=0.270 ACC=95.602 F1=95.608 Rec=95.602 Prec=95.621
Train Client2 [5/50] LR=0.0005000 loss=0.301 ACC=95.949 F1=95.949 Rec=95.949 Prec=95.952
Train Client3 [5/50] LR=0.0005000 loss=0.289 ACC=96.181 F1=96.178 Rec=96.181 Prec=96.177
Train Client4 [5/50] LR=0.0005000 loss=0.315 ACC=94.626 F1=94.620 Rec=94.624 Prec=94.639
Train Client5 [5/50] LR=0.0005000 loss=0.236 ACC=97.196 F1=97.196 Rec=97.197 Prec=97.199
Train Client6 [5/50] LR=0.0005000 loss=0.278 ACC=95.210 F1=95.224 Rec=95.211 Prec=95.252
Train Client7 [5/50] LR=0.0005000 loss=0.234 ACC=95.327 F1=95.322 Rec=95.330 Prec=95.326

Val    [5/50] LR=0.0005000 loss=1.090 ACC=100.000 F1=100.000 Rec=100.000 Prec=100.000

Test-  OSR [5/50] LR=0.0005000 ACC=37.464 F1=47.361 Rec=74.929 Prec=39.312 UNK=0.000 OS*=99.905 HOS=0.000 AUROC=63.156 AUPR=69.090 OSCR=63.156
Test-Close [5/50] LR=0.0005000 loss=1.091 ACC=99.905 F1=99.905 Rec=99.905 Prec=99.905
Saving best model . . . . . . . .

Saving model at epoch 5 . . . . . . . .

Train Client0 [6/50] LR=0.0005000 loss=0.209 ACC=95.949 F1=95.951 Rec=95.949 Prec=95.957
Train Client1 [6/50] LR=0.0005000 loss=0.205 ACC=97.106 F1=97.104 Rec=97.106 Prec=97.107
Train Client2 [6/50] LR=0.0005000 loss=0.188 ACC=96.875 F1=96.868 Rec=96.875 Prec=96.869
Train Client3 [6/50] LR=0.0005000 loss=0.427 ACC=92.824 F1=92.812 Rec=92.824 Prec=92.815
Train Client4 [6/50] LR=0.0005000 loss=0.167 ACC=97.547 F1=97.545 Rec=97.547 Prec=97.549
Train Client5 [6/50] LR=0.0005000 loss=0.258 ACC=96.262 F1=96.254 Rec=96.259 Prec=96.251
Train Client6 [6/50] LR=0.0005000 loss=0.315 ACC=95.561 F1=95.566 Rec=95.565 Prec=95.568
Train Client7 [6/50] LR=0.0005000 loss=0.239 ACC=95.911 F1=95.919 Rec=95.915 Prec=95.923

Val    [6/50] LR=0.0005000 loss=1.085 ACC=100.000 F1=100.000 Rec=100.000 Prec=100.000

Test-  OSR [6/50] LR=0.0005000 ACC=37.500 F1=47.500 Rec=75.000 Prec=39.583 UNK=0.000 OS*=100.000 HOS=0.000 AUROC=42.292 AUPR=59.899 OSCR=42.292
Test-Close [6/50] LR=0.0005000 loss=1.084 ACC=100.000 F1=100.000 Rec=100.000 Prec=100.000
Train Client0 [7/50] LR=0.0005000 loss=0.284 ACC=96.759 F1=96.760 Rec=96.759 Prec=96.777
Train Client1 [7/50] LR=0.0005000 loss=0.275 ACC=95.718 F1=95.720 Rec=95.718 Prec=95.730
Train Client2 [7/50] LR=0.0005000 loss=0.177 ACC=96.991 F1=96.990 Rec=96.991 Prec=96.991
Train Client3 [7/50] LR=0.0005000 loss=0.237 ACC=95.833 F1=95.826 Rec=95.833 Prec=95.823
Train Client4 [7/50] LR=0.0005000 loss=0.256 ACC=95.210 F1=95.216 Rec=95.211 Prec=95.223
Train Client5 [7/50] LR=0.0005000 loss=0.217 ACC=96.028 F1=96.034 Rec=96.029 Prec=96.049
Train Client6 [7/50] LR=0.0005000 loss=0.152 ACC=97.664 F1=97.663 Rec=97.665 Prec=97.662
Train Client7 [7/50] LR=0.0005000 loss=0.195 ACC=96.495 F1=96.494 Rec=96.494 Prec=96.494

Val    [7/50] LR=0.0005000 loss=1.089 ACC=99.810 F1=99.810 Rec=99.810 Prec=99.811

Test-  OSR [7/50] LR=0.0005000 ACC=37.429 F1=47.408 Rec=74.857 Prec=39.479 UNK=0.000 OS*=99.810 HOS=0.000 AUROC=39.645 AUPR=56.944 OSCR=39.646
Test-Close [7/50] LR=0.0005000 loss=1.089 ACC=99.810 F1=99.809 Rec=99.810 Prec=99.810
Train Client0 [8/50] LR=0.0005000 loss=0.149 ACC=97.917 F1=97.917 Rec=97.917 Prec=97.923
Train Client1 [8/50] LR=0.0005000 loss=0.150 ACC=97.222 F1=97.218 Rec=97.222 Prec=97.221
Train Client2 [8/50] LR=0.0005000 loss=0.131 ACC=97.801 F1=97.801 Rec=97.801 Prec=97.808
Train Client3 [8/50] LR=0.0005000 loss=0.189 ACC=97.222 F1=97.224 Rec=97.222 Prec=97.227
Train Client4 [8/50] LR=0.0005000 loss=0.139 ACC=97.430 F1=97.430 Rec=97.429 Prec=97.433
Train Client5 [8/50] LR=0.0005000 loss=0.126 ACC=98.014 F1=98.014 Rec=98.014 Prec=98.014
Train Client6 [8/50] LR=0.0005000 loss=0.159 ACC=97.196 F1=97.198 Rec=97.198 Prec=97.198
Train Client7 [8/50] LR=0.0005000 loss=0.134 ACC=96.846 F1=96.849 Rec=96.846 Prec=96.861

Val    [8/50] LR=0.0005000 loss=1.075 ACC=100.000 F1=100.000 Rec=100.000 Prec=100.000

Test-  OSR [8/50] LR=0.0005000 ACC=37.464 F1=47.438 Rec=74.929 Prec=39.496 UNK=0.000 OS*=99.905 HOS=0.000 AUROC=47.246 AUPR=62.956 OSCR=47.247
Test-Close [8/50] LR=0.0005000 loss=1.075 ACC=99.905 F1=99.905 Rec=99.905 Prec=99.905
Train Client0 [9/50] LR=0.0005000 loss=0.151 ACC=97.222 F1=97.222 Rec=97.222 Prec=97.223
Train Client1 [9/50] LR=0.0005000 loss=0.092 ACC=98.380 F1=98.380 Rec=98.380 Prec=98.382
Train Client2 [9/50] LR=0.0005000 loss=0.196 ACC=97.917 F1=97.918 Rec=97.917 Prec=97.923
Train Client3 [9/50] LR=0.0005000 loss=0.136 ACC=97.569 F1=97.569 Rec=97.569 Prec=97.569
Train Client4 [9/50] LR=0.0005000 loss=0.133 ACC=98.248 F1=98.249 Rec=98.246 Prec=98.259
Train Client5 [9/50] LR=0.0005000 loss=0.240 ACC=96.846 F1=96.844 Rec=96.845 Prec=96.848
Train Client6 [9/50] LR=0.0005000 loss=0.106 ACC=98.131 F1=98.131 Rec=98.130 Prec=98.133
Train Client7 [9/50] LR=0.0005000 loss=0.184 ACC=96.963 F1=96.957 Rec=96.960 Prec=96.959

Val    [9/50] LR=0.0005000 loss=1.089 ACC=99.810 F1=99.810 Rec=99.810 Prec=99.811

Test-  OSR [9/50] LR=0.0005000 ACC=37.464 F1=47.474 Rec=74.929 Prec=39.570 UNK=0.000 OS*=99.905 HOS=0.000 AUROC=48.661 AUPR=61.549 OSCR=48.661
Test-Close [9/50] LR=0.0005000 loss=1.087 ACC=99.905 F1=99.905 Rec=99.905 Prec=99.905
Train Client0 [10/50] LR=0.0005000 loss=0.154 ACC=97.222 F1=97.225 Rec=97.222 Prec=97.230
Train Client1 [10/50] LR=0.0005000 loss=0.210 ACC=97.569 F1=97.569 Rec=97.569 Prec=97.571
Train Client2 [10/50] LR=0.0005000 loss=0.122 ACC=97.801 F1=97.797 Rec=97.801 Prec=97.797
Train Client3 [10/50] LR=0.0005000 loss=0.245 ACC=96.644 F1=96.641 Rec=96.644 Prec=96.640
Train Client4 [10/50] LR=0.0005000 loss=0.143 ACC=97.897 F1=97.896 Rec=97.897 Prec=97.897
Train Client5 [10/50] LR=0.0005000 loss=0.099 ACC=98.481 F1=98.482 Rec=98.484 Prec=98.482
Train Client6 [10/50] LR=0.0005000 loss=0.192 ACC=97.430 F1=97.427 Rec=97.432 Prec=97.435
Train Client7 [10/50] LR=0.0005000 loss=0.173 ACC=97.547 F1=97.549 Rec=97.546 Prec=97.556

Val    [10/50] LR=0.0005000 loss=1.088 ACC=99.810 F1=99.810 Rec=99.810 Prec=99.811

Test-  OSR [10/50] LR=0.0005000 ACC=37.464 F1=47.471 Rec=74.929 Prec=39.566 UNK=0.000 OS*=99.905 HOS=0.000 AUROC=37.343 AUPR=54.868 OSCR=37.342
Test-Close [10/50] LR=0.0005000 loss=1.085 ACC=99.905 F1=99.905 Rec=99.905 Prec=99.905
Saving model at epoch 10 . . . . . . . .

>> New learning Rate: 0.00025
Train Client0 [11/50] LR=0.0002500 loss=0.015 ACC=99.537 F1=99.537 Rec=99.537 Prec=99.537
Train Client1 [11/50] LR=0.0002500 loss=0.044 ACC=99.190 F1=99.190 Rec=99.190 Prec=99.192
Train Client2 [11/50] LR=0.0002500 loss=0.036 ACC=99.653 F1=99.653 Rec=99.653 Prec=99.654
Train Client3 [11/50] LR=0.0002500 loss=0.040 ACC=99.537 F1=99.537 Rec=99.537 Prec=99.538
Train Client4 [11/50] LR=0.0002500 loss=0.017 ACC=99.883 F1=99.883 Rec=99.883 Prec=99.884
Train Client5 [11/50] LR=0.0002500 loss=0.049 ACC=99.533 F1=99.533 Rec=99.534 Prec=99.539
Train Client6 [11/50] LR=0.0002500 loss=0.051 ACC=99.533 F1=99.532 Rec=99.531 Prec=99.533
Train Client7 [11/50] LR=0.0002500 loss=0.018 ACC=99.766 F1=99.766 Rec=99.766 Prec=99.766

Val    [11/50] LR=0.0002500 loss=1.078 ACC=100.000 F1=100.000 Rec=100.000 Prec=100.000

Test-  OSR [11/50] LR=0.0002500 ACC=37.500 F1=47.500 Rec=75.000 Prec=39.583 UNK=0.000 OS*=100.000 HOS=0.000 AUROC=42.675 AUPR=58.427 OSCR=42.682
Test-Close [11/50] LR=0.0002500 loss=1.076 ACC=100.000 F1=100.000 Rec=100.000 Prec=100.000
Train Client0 [12/50] LR=0.0002500 loss=0.043 ACC=99.653 F1=99.653 Rec=99.653 Prec=99.653
Train Client1 [12/50] LR=0.0002500 loss=0.053 ACC=98.958 F1=98.958 Rec=98.958 Prec=98.958
Train Client2 [12/50] LR=0.0002500 loss=0.031 ACC=99.537 F1=99.537 Rec=99.537 Prec=99.539
Train Client3 [12/50] LR=0.0002500 loss=0.035 ACC=99.537 F1=99.537 Rec=99.537 Prec=99.537
Train Client4 [12/50] LR=0.0002500 loss=0.076 ACC=98.832 F1=98.832 Rec=98.834 Prec=98.831
Train Client5 [12/50] LR=0.0002500 loss=0.082 ACC=98.949 F1=98.948 Rec=98.949 Prec=98.948
Train Client6 [12/50] LR=0.0002500 loss=0.020 ACC=99.650 F1=99.650 Rec=99.650 Prec=99.650
Train Client7 [12/50] LR=0.0002500 loss=0.045 ACC=99.416 F1=99.416 Rec=99.416 Prec=99.416

Val    [12/50] LR=0.0002500 loss=1.079 ACC=100.000 F1=100.000 Rec=100.000 Prec=100.000

Test-  OSR [12/50] LR=0.0002500 ACC=37.500 F1=47.500 Rec=75.000 Prec=39.583 UNK=0.000 OS*=100.000 HOS=0.000 AUROC=44.939 AUPR=58.727 OSCR=44.945
Test-Close [12/50] LR=0.0002500 loss=1.077 ACC=100.000 F1=100.000 Rec=100.000 Prec=100.000
Train Client0 [13/50] LR=0.0002500 loss=0.071 ACC=99.074 F1=99.074 Rec=99.074 Prec=99.076
Train Client1 [13/50] LR=0.0002500 loss=0.031 ACC=99.537 F1=99.537 Rec=99.537 Prec=99.537
Train Client2 [13/50] LR=0.0002500 loss=0.111 ACC=98.958 F1=98.957 Rec=98.958 Prec=98.963
Train Client3 [13/50] LR=0.0002500 loss=0.018 ACC=99.769 F1=99.769 Rec=99.769 Prec=99.770
Train Client4 [13/50] LR=0.0002500 loss=0.004 ACC=100.000 F1=100.000 Rec=100.000 Prec=100.000
Train Client5 [13/50] LR=0.0002500 loss=0.054 ACC=99.299 F1=99.300 Rec=99.300 Prec=99.300
Train Client6 [13/50] LR=0.0002500 loss=0.020 ACC=99.883 F1=99.883 Rec=99.883 Prec=99.883
Train Client7 [13/50] LR=0.0002500 loss=0.009 ACC=99.766 F1=99.766 Rec=99.766 Prec=99.766

Val    [13/50] LR=0.0002500 loss=1.078 ACC=100.000 F1=100.000 Rec=100.000 Prec=100.000

Test-  OSR [13/50] LR=0.0002500 ACC=37.500 F1=47.500 Rec=75.000 Prec=39.583 UNK=0.000 OS*=100.000 HOS=0.000 AUROC=36.716 AUPR=52.735 OSCR=36.786
Test-Close [13/50] LR=0.0002500 loss=1.077 ACC=100.000 F1=100.000 Rec=100.000 Prec=100.000
Train Client0 [14/50] LR=0.0002500 loss=0.098 ACC=99.537 F1=99.537 Rec=99.537 Prec=99.538
Train Client1 [14/50] LR=0.0002500 loss=0.026 ACC=99.421 F1=99.421 Rec=99.421 Prec=99.422
Train Client2 [14/50] LR=0.0002500 loss=0.018 ACC=99.537 F1=99.537 Rec=99.537 Prec=99.538
Train Client3 [14/50] LR=0.0002500 loss=0.013 ACC=99.769 F1=99.769 Rec=99.769 Prec=99.770
Train Client4 [14/50] LR=0.0002500 loss=0.043 ACC=99.533 F1=99.532 Rec=99.532 Prec=99.533
Train Client5 [14/50] LR=0.0002500 loss=0.003 ACC=100.000 F1=100.000 Rec=100.000 Prec=100.000
Train Client6 [14/50] LR=0.0002500 loss=0.025 ACC=99.766 F1=99.766 Rec=99.766 Prec=99.769
Train Client7 [14/50] LR=0.0002500 loss=0.013 ACC=99.766 F1=99.766 Rec=99.766 Prec=99.767

Val    [14/50] LR=0.0002500 loss=1.083 ACC=99.905 F1=99.905 Rec=99.905 Prec=99.905

Test-  OSR [14/50] LR=0.0002500 ACC=37.500 F1=47.500 Rec=75.000 Prec=39.583 UNK=0.000 OS*=100.000 HOS=0.000 AUROC=42.004 AUPR=57.017 OSCR=41.951
Test-Close [14/50] LR=0.0002500 loss=1.081 ACC=100.000 F1=100.000 Rec=100.000 Prec=100.000
Train Client0 [15/50] LR=0.0002500 loss=0.036 ACC=99.653 F1=99.653 Rec=99.653 Prec=99.654
Train Client1 [15/50] LR=0.0002500 loss=0.024 ACC=99.653 F1=99.653 Rec=99.653 Prec=99.653
Train Client2 [15/50] LR=0.0002500 loss=0.056 ACC=99.074 F1=99.074 Rec=99.074 Prec=99.074
Train Client3 [15/50] LR=0.0002500 loss=0.023 ACC=99.653 F1=99.653 Rec=99.653 Prec=99.653
Train Client4 [15/50] LR=0.0002500 loss=0.013 ACC=99.766 F1=99.766 Rec=99.766 Prec=99.766
Train Client5 [15/50] LR=0.0002500 loss=0.014 ACC=99.650 F1=99.650 Rec=99.651 Prec=99.650
Train Client6 [15/50] LR=0.0002500 loss=0.005 ACC=100.000 F1=100.000 Rec=100.000 Prec=100.000
Train Client7 [15/50] LR=0.0002500 loss=0.031 ACC=99.299 F1=99.297 Rec=99.297 Prec=99.303

Val    [15/50] LR=0.0002500 loss=1.082 ACC=100.000 F1=100.000 Rec=100.000 Prec=100.000

Test-  OSR [15/50] LR=0.0002500 ACC=37.500 F1=47.500 Rec=75.000 Prec=39.583 UNK=0.000 OS*=100.000 HOS=0.000 AUROC=53.261 AUPR=66.175 OSCR=52.999
Test-Close [15/50] LR=0.0002500 loss=1.080 ACC=100.000 F1=100.000 Rec=100.000 Prec=100.000
Saving model at epoch 15 . . . . . . . .

Train Client0 [16/50] LR=0.0002500 loss=0.065 ACC=99.306 F1=99.306 Rec=99.306 Prec=99.307
Train Client1 [16/50] LR=0.0002500 loss=0.062 ACC=99.421 F1=99.421 Rec=99.421 Prec=99.421
Train Client2 [16/50] LR=0.0002500 loss=0.006 ACC=99.884 F1=99.884 Rec=99.884 Prec=99.885
Train Client3 [16/50] LR=0.0002500 loss=0.032 ACC=99.537 F1=99.537 Rec=99.537 Prec=99.537
Train Client4 [16/50] LR=0.0002500 loss=0.020 ACC=99.766 F1=99.766 Rec=99.766 Prec=99.766
Train Client5 [16/50] LR=0.0002500 loss=0.065 ACC=99.766 F1=99.766 Rec=99.768 Prec=99.766
Train Client6 [16/50] LR=0.0002500 loss=0.007 ACC=100.000 F1=100.000 Rec=100.000 Prec=100.000
Train Client7 [16/50] LR=0.0002500 loss=0.023 ACC=99.650 F1=99.650 Rec=99.650 Prec=99.652

Val    [16/50] LR=0.0002500 loss=1.082 ACC=100.000 F1=100.000 Rec=100.000 Prec=100.000

Test-  OSR [16/50] LR=0.0002500 ACC=37.500 F1=47.500 Rec=75.000 Prec=39.583 UNK=0.000 OS*=100.000 HOS=0.000 AUROC=39.160 AUPR=52.696 OSCR=36.277
Test-Close [16/50] LR=0.0002500 loss=1.080 ACC=100.000 F1=100.000 Rec=100.000 Prec=100.000
Train Client0 [17/50] LR=0.0002500 loss=0.011 ACC=99.653 F1=99.653 Rec=99.653 Prec=99.653
Train Client1 [17/50] LR=0.0002500 loss=0.003 ACC=99.884 F1=99.884 Rec=99.884 Prec=99.885
Train Client2 [17/50] LR=0.0002500 loss=0.002 ACC=100.000 F1=100.000 Rec=100.000 Prec=100.000
Train Client3 [17/50] LR=0.0002500 loss=0.012 ACC=99.884 F1=99.884 Rec=99.884 Prec=99.885
Train Client4 [17/50] LR=0.0002500 loss=0.019 ACC=100.000 F1=100.000 Rec=100.000 Prec=100.000
Train Client5 [17/50] LR=0.0002500 loss=0.013 ACC=99.766 F1=99.766 Rec=99.766 Prec=99.766
Train Client6 [17/50] LR=0.0002500 loss=0.002 ACC=100.000 F1=100.000 Rec=100.000 Prec=100.000
Train Client7 [17/50] LR=0.0002500 loss=0.008 ACC=100.000 F1=100.000 Rec=100.000 Prec=100.000

Val    [17/50] LR=0.0002500 loss=1.083 ACC=100.000 F1=100.000 Rec=100.000 Prec=100.000

Test-  OSR [17/50] LR=0.0002500 ACC=37.500 F1=47.500 Rec=75.000 Prec=39.583 UNK=0.000 OS*=100.000 HOS=0.000 AUROC=44.420 AUPR=56.583 OSCR=41.163
Test-Close [17/50] LR=0.0002500 loss=1.082 ACC=100.000 F1=100.000 Rec=100.000 Prec=100.000
Train Client0 [18/50] LR=0.0002500 loss=0.013 ACC=99.769 F1=99.769 Rec=99.769 Prec=99.769
Train Client1 [18/50] LR=0.0002500 loss=0.009 ACC=99.884 F1=99.884 Rec=99.884 Prec=99.885
Train Client2 [18/50] LR=0.0002500 loss=0.052 ACC=99.421 F1=99.422 Rec=99.421 Prec=99.422
Train Client3 [18/50] LR=0.0002500 loss=0.054 ACC=99.190 F1=99.189 Rec=99.190 Prec=99.190
Train Client4 [18/50] LR=0.0002500 loss=0.022 ACC=99.766 F1=99.767 Rec=99.767 Prec=99.767
Train Client5 [18/50] LR=0.0002500 loss=0.014 ACC=99.883 F1=99.883 Rec=99.882 Prec=99.884
Train Client6 [18/50] LR=0.0002500 loss=0.134 ACC=99.065 F1=99.068 Rec=99.068 Prec=99.068
Train Client7 [18/50] LR=0.0002500 loss=0.036 ACC=99.650 F1=99.650 Rec=99.650 Prec=99.650

Val    [18/50] LR=0.0002500 loss=1.080 ACC=100.000 F1=100.000 Rec=100.000 Prec=100.000

Test-  OSR [18/50] LR=0.0002500 ACC=37.500 F1=47.500 Rec=75.000 Prec=39.583 UNK=0.000 OS*=100.000 HOS=0.000 AUROC=52.854 AUPR=63.174 OSCR=60.905
Test-Close [18/50] LR=0.0002500 loss=1.079 ACC=100.000 F1=100.000 Rec=100.000 Prec=100.000
Train Client0 [19/50] LR=0.0002500 loss=0.015 ACC=99.537 F1=99.537 Rec=99.537 Prec=99.537
Train Client1 [19/50] LR=0.0002500 loss=0.049 ACC=99.769 F1=99.769 Rec=99.769 Prec=99.770
Train Client2 [19/50] LR=0.0002500 loss=0.011 ACC=99.884 F1=99.884 Rec=99.884 Prec=99.885
Train Client3 [19/50] LR=0.0002500 loss=0.009 ACC=99.884 F1=99.884 Rec=99.884 Prec=99.885
Train Client4 [19/50] LR=0.0002500 loss=0.022 ACC=99.766 F1=99.767 Rec=99.767 Prec=99.767
Train Client5 [19/50] LR=0.0002500 loss=0.021 ACC=99.533 F1=99.533 Rec=99.533 Prec=99.533
Train Client6 [19/50] LR=0.0002500 loss=0.000 ACC=100.000 F1=100.000 Rec=100.000 Prec=100.000
Train Client7 [19/50] LR=0.0002500 loss=0.089 ACC=99.650 F1=99.649 Rec=99.650 Prec=99.650

Val    [19/50] LR=0.0002500 loss=1.081 ACC=100.000 F1=100.000 Rec=100.000 Prec=100.000

Test-  OSR [19/50] LR=0.0002500 ACC=37.500 F1=47.500 Rec=75.000 Prec=39.583 UNK=0.000 OS*=100.000 HOS=0.000 AUROC=51.833 AUPR=63.809 OSCR=32.879
Test-Close [19/50] LR=0.0002500 loss=1.080 ACC=100.000 F1=100.000 Rec=100.000 Prec=100.000
Train Client0 [20/50] LR=0.0002500 loss=0.039 ACC=99.537 F1=99.537 Rec=99.537 Prec=99.537
Train Client1 [20/50] LR=0.0002500 loss=0.035 ACC=99.769 F1=99.769 Rec=99.769 Prec=99.769
Train Client2 [20/50] LR=0.0002500 loss=0.001 ACC=100.000 F1=100.000 Rec=100.000 Prec=100.000
Train Client3 [20/50] LR=0.0002500 loss=0.002 ACC=100.000 F1=100.000 Rec=100.000 Prec=100.000
Train Client4 [20/50] LR=0.0002500 loss=0.045 ACC=99.533 F1=99.532 Rec=99.532 Prec=99.532
Train Client5 [20/50] LR=0.0002500 loss=0.010 ACC=99.766 F1=99.767 Rec=99.767 Prec=99.767
Train Client6 [20/50] LR=0.0002500 loss=0.051 ACC=99.650 F1=99.650 Rec=99.649 Prec=99.651
Train Client7 [20/50] LR=0.0002500 loss=0.048 ACC=99.766 F1=99.766 Rec=99.766 Prec=99.766

Val    [20/50] LR=0.0002500 loss=1.080 ACC=100.000 F1=100.000 Rec=100.000 Prec=100.000

Test-  OSR [20/50] LR=0.0002500 ACC=37.500 F1=47.500 Rec=75.000 Prec=39.583 UNK=0.000 OS*=100.000 HOS=0.000 AUROC=50.094 AUPR=62.185 OSCR=69.891
Test-Close [20/50] LR=0.0002500 loss=1.079 ACC=100.000 F1=100.000 Rec=100.000 Prec=100.000
Saving best model . . . . . . . .

Saving model at epoch 20 . . . . . . . .

Train Client0 [21/50] LR=0.0002500 loss=0.006 ACC=99.884 F1=99.884 Rec=99.884 Prec=99.885
Train Client1 [21/50] LR=0.0002500 loss=0.018 ACC=99.769 F1=99.769 Rec=99.769 Prec=99.769
Train Client2 [21/50] LR=0.0002500 loss=0.007 ACC=99.884 F1=99.884 Rec=99.884 Prec=99.885
Train Client3 [21/50] LR=0.0002500 loss=0.006 ACC=99.884 F1=99.884 Rec=99.884 Prec=99.885
Train Client4 [21/50] LR=0.0002500 loss=0.005 ACC=100.000 F1=100.000 Rec=100.000 Prec=100.000
Train Client5 [21/50] LR=0.0002500 loss=0.036 ACC=99.766 F1=99.767 Rec=99.767 Prec=99.767
Train Client6 [21/50] LR=0.0002500 loss=0.009 ACC=99.883 F1=99.883 Rec=99.883 Prec=99.884
Train Client7 [21/50] LR=0.0002500 loss=0.002 ACC=100.000 F1=100.000 Rec=100.000 Prec=100.000

Val    [21/50] LR=0.0002500 loss=1.077 ACC=100.000 F1=100.000 Rec=100.000 Prec=100.000

Test-  OSR [21/50] LR=0.0002500 ACC=37.500 F1=47.500 Rec=75.000 Prec=39.583 UNK=0.000 OS*=100.000 HOS=0.000 AUROC=55.062 AUPR=66.758 OSCR=41.269
Test-Close [21/50] LR=0.0002500 loss=1.075 ACC=100.000 F1=100.000 Rec=100.000 Prec=100.000
Train Client0 [22/50] LR=0.0002500 loss=0.003 ACC=100.000 F1=100.000 Rec=100.000 Prec=100.000
Train Client1 [22/50] LR=0.0002500 loss=0.006 ACC=99.884 F1=99.884 Rec=99.884 Prec=99.885
Train Client2 [22/50] LR=0.0002500 loss=0.023 ACC=99.653 F1=99.653 Rec=99.653 Prec=99.653
Train Client3 [22/50] LR=0.0002500 loss=0.203 ACC=98.727 F1=98.728 Rec=98.727 Prec=98.739
Train Client4 [22/50] LR=0.0002500 loss=0.000 ACC=100.000 F1=100.000 Rec=100.000 Prec=100.000
Train Client5 [22/50] LR=0.0002500 loss=0.026 ACC=99.650 F1=99.649 Rec=99.648 Prec=99.649
Train Client6 [22/50] LR=0.0002500 loss=0.001 ACC=100.000 F1=100.000 Rec=100.000 Prec=100.000
Train Client7 [22/50] LR=0.0002500 loss=0.016 ACC=99.650 F1=99.650 Rec=99.650 Prec=99.650

Val    [22/50] LR=0.0002500 loss=1.080 ACC=100.000 F1=100.000 Rec=100.000 Prec=100.000

Test-  OSR [22/50] LR=0.0002500 ACC=37.500 F1=47.500 Rec=75.000 Prec=39.583 UNK=0.000 OS*=100.000 HOS=0.000 AUROC=51.323 AUPR=64.323 OSCR=23.028
Test-Close [22/50] LR=0.0002500 loss=1.079 ACC=100.000 F1=100.000 Rec=100.000 Prec=100.000
>> New learning Rate: 0.000125
Train Client0 [23/50] LR=0.0001250 loss=0.016 ACC=99.884 F1=99.884 Rec=99.884 Prec=99.885
Train Client1 [23/50] LR=0.0001250 loss=0.000 ACC=100.000 F1=100.000 Rec=100.000 Prec=100.000
Train Client2 [23/50] LR=0.0001250 loss=0.005 ACC=99.884 F1=99.884 Rec=99.884 Prec=99.885
Train Client3 [23/50] LR=0.0001250 loss=0.000 ACC=100.000 F1=100.000 Rec=100.000 Prec=100.000
Train Client4 [23/50] LR=0.0001250 loss=0.000 ACC=100.000 F1=100.000 Rec=100.000 Prec=100.000
Train Client5 [23/50] LR=0.0001250 loss=0.010 ACC=100.000 F1=100.000 Rec=100.000 Prec=100.000
Train Client6 [23/50] LR=0.0001250 loss=0.000 ACC=100.000 F1=100.000 Rec=100.000 Prec=100.000
Train Client7 [23/50] LR=0.0001250 loss=0.129 ACC=99.766 F1=99.766 Rec=99.765 Prec=99.769

Val    [23/50] LR=0.0001250 loss=1.076 ACC=100.000 F1=100.000 Rec=100.000 Prec=100.000

Test-  OSR [23/50] LR=0.0001250 ACC=37.500 F1=47.500 Rec=75.000 Prec=39.583 UNK=0.000 OS*=100.000 HOS=0.000 AUROC=51.996 AUPR=66.984 OSCR=21.443
Test-Close [23/50] LR=0.0001250 loss=1.075 ACC=100.000 F1=100.000 Rec=100.000 Prec=100.000
Train Client0 [24/50] LR=0.0001250 loss=0.000 ACC=100.000 F1=100.000 Rec=100.000 Prec=100.000
Train Client1 [24/50] LR=0.0001250 loss=0.012 ACC=100.000 F1=100.000 Rec=100.000 Prec=100.000
Train Client2 [24/50] LR=0.0001250 loss=0.001 ACC=100.000 F1=100.000 Rec=100.000 Prec=100.000
Train Client3 [24/50] LR=0.0001250 loss=0.002 ACC=100.000 F1=100.000 Rec=100.000 Prec=100.000
Train Client4 [24/50] LR=0.0001250 loss=0.000 ACC=100.000 F1=100.000 Rec=100.000 Prec=100.000
Train Client5 [24/50] LR=0.0001250 loss=0.000 ACC=100.000 F1=100.000 Rec=100.000 Prec=100.000
Train Client6 [24/50] LR=0.0001250 loss=0.000 ACC=100.000 F1=100.000 Rec=100.000 Prec=100.000
Train Client7 [24/50] LR=0.0001250 loss=0.000 ACC=100.000 F1=100.000 Rec=100.000 Prec=100.000

Val    [24/50] LR=0.0001250 loss=1.077 ACC=100.000 F1=100.000 Rec=100.000 Prec=100.000

Test-  OSR [24/50] LR=0.0001250 ACC=37.500 F1=47.500 Rec=75.000 Prec=39.583 UNK=0.000 OS*=100.000 HOS=0.000 AUROC=51.595 AUPR=66.698 OSCR=20.460
Test-Close [24/50] LR=0.0001250 loss=1.076 ACC=100.000 F1=100.000 Rec=100.000 Prec=100.000
Train Client0 [25/50] LR=0.0001250 loss=0.001 ACC=100.000 F1=100.000 Rec=100.000 Prec=100.000
Train Client1 [25/50] LR=0.0001250 loss=0.000 ACC=100.000 F1=100.000 Rec=100.000 Prec=100.000
Train Client2 [25/50] LR=0.0001250 loss=0.040 ACC=99.769 F1=99.769 Rec=99.769 Prec=99.770
Train Client3 [25/50] LR=0.0001250 loss=0.000 ACC=100.000 F1=100.000 Rec=100.000 Prec=100.000
Train Client4 [25/50] LR=0.0001250 loss=0.001 ACC=100.000 F1=100.000 Rec=100.000 Prec=100.000
Train Client5 [25/50] LR=0.0001250 loss=0.001 ACC=100.000 F1=100.000 Rec=100.000 Prec=100.000
Train Client6 [25/50] LR=0.0001250 loss=0.000 ACC=100.000 F1=100.000 Rec=100.000 Prec=100.000
Train Client7 [25/50] LR=0.0001250 loss=0.000 ACC=100.000 F1=100.000 Rec=100.000 Prec=100.000

Val    [25/50] LR=0.0001250 loss=1.080 ACC=100.000 F1=100.000 Rec=100.000 Prec=100.000

Test-  OSR [25/50] LR=0.0001250 ACC=37.500 F1=47.500 Rec=75.000 Prec=39.583 UNK=0.000 OS*=100.000 HOS=0.000 AUROC=44.013 AUPR=48.635 OSCR=15.959
Test-Close [25/50] LR=0.0001250 loss=1.078 ACC=100.000 F1=100.000 Rec=100.000 Prec=100.000
Saving model at epoch 25 . . . . . . . .

Train Client0 [26/50] LR=0.0001250 loss=0.008 ACC=100.000 F1=100.000 Rec=100.000 Prec=100.000
Train Client1 [26/50] LR=0.0001250 loss=0.000 ACC=100.000 F1=100.000 Rec=100.000 Prec=100.000
Train Client2 [26/50] LR=0.0001250 loss=0.000 ACC=100.000 F1=100.000 Rec=100.000 Prec=100.000
Train Client3 [26/50] LR=0.0001250 loss=0.000 ACC=100.000 F1=100.000 Rec=100.000 Prec=100.000
Train Client4 [26/50] LR=0.0001250 loss=0.052 ACC=99.766 F1=99.766 Rec=99.766 Prec=99.766
Train Client5 [26/50] LR=0.0001250 loss=0.003 ACC=100.000 F1=100.000 Rec=100.000 Prec=100.000
Train Client6 [26/50] LR=0.0001250 loss=0.000 ACC=100.000 F1=100.000 Rec=100.000 Prec=100.000
Train Client7 [26/50] LR=0.0001250 loss=0.002 ACC=100.000 F1=100.000 Rec=100.000 Prec=100.000

Val    [26/50] LR=0.0001250 loss=1.078 ACC=100.000 F1=100.000 Rec=100.000 Prec=100.000

Test-  OSR [26/50] LR=0.0001250 ACC=37.500 F1=47.500 Rec=75.000 Prec=39.583 UNK=0.000 OS*=100.000 HOS=0.000 AUROC=53.739 AUPR=70.898 OSCR=22.604
Test-Close [26/50] LR=0.0001250 loss=1.077 ACC=100.000 F1=100.000 Rec=100.000 Prec=100.000
Train Client0 [27/50] LR=0.0001250 loss=0.000 ACC=100.000 F1=100.000 Rec=100.000 Prec=100.000
Train Client1 [27/50] LR=0.0001250 loss=0.000 ACC=100.000 F1=100.000 Rec=100.000 Prec=100.000
Train Client2 [27/50] LR=0.0001250 loss=0.000 ACC=100.000 F1=100.000 Rec=100.000 Prec=100.000
Train Client3 [27/50] LR=0.0001250 loss=0.006 ACC=100.000 F1=100.000 Rec=100.000 Prec=100.000
Train Client4 [27/50] LR=0.0001250 loss=0.000 ACC=100.000 F1=100.000 Rec=100.000 Prec=100.000
Train Client5 [27/50] LR=0.0001250 loss=0.018 ACC=99.883 F1=99.883 Rec=99.884 Prec=99.883
Train Client6 [27/50] LR=0.0001250 loss=0.005 ACC=100.000 F1=100.000 Rec=100.000 Prec=100.000
Train Client7 [27/50] LR=0.0001250 loss=0.000 ACC=100.000 F1=100.000 Rec=100.000 Prec=100.000

Val    [27/50] LR=0.0001250 loss=1.078 ACC=100.000 F1=100.000 Rec=100.000 Prec=100.000

Test-  OSR [27/50] LR=0.0001250 ACC=37.500 F1=47.500 Rec=75.000 Prec=39.583 UNK=0.000 OS*=100.000 HOS=0.000 AUROC=49.723 AUPR=60.743 OSCR=17.120
Test-Close [27/50] LR=0.0001250 loss=1.077 ACC=100.000 F1=100.000 Rec=100.000 Prec=100.000
Train Client0 [28/50] LR=0.0001250 loss=0.000 ACC=100.000 F1=100.000 Rec=100.000 Prec=100.000
Train Client1 [28/50] LR=0.0001250 loss=0.000 ACC=100.000 F1=100.000 Rec=100.000 Prec=100.000
Train Client2 [28/50] LR=0.0001250 loss=0.000 ACC=100.000 F1=100.000 Rec=100.000 Prec=100.000
Train Client3 [28/50] LR=0.0001250 loss=0.001 ACC=100.000 F1=100.000 Rec=100.000 Prec=100.000
Train Client4 [28/50] LR=0.0001250 loss=0.000 ACC=100.000 F1=100.000 Rec=100.000 Prec=100.000
Train Client5 [28/50] LR=0.0001250 loss=0.000 ACC=100.000 F1=100.000 Rec=100.000 Prec=100.000
Train Client6 [28/50] LR=0.0001250 loss=0.000 ACC=100.000 F1=100.000 Rec=100.000 Prec=100.000
Train Client7 [28/50] LR=0.0001250 loss=0.001 ACC=100.000 F1=100.000 Rec=100.000 Prec=100.000

Val    [28/50] LR=0.0001250 loss=1.080 ACC=100.000 F1=100.000 Rec=100.000 Prec=100.000

Test-  OSR [28/50] LR=0.0001250 ACC=37.500 F1=47.500 Rec=75.000 Prec=39.583 UNK=0.000 OS*=100.000 HOS=0.000 AUROC=51.568 AUPR=69.316 OSCR=18.871
Test-Close [28/50] LR=0.0001250 loss=1.079 ACC=100.000 F1=100.000 Rec=100.000 Prec=100.000
Train Client0 [29/50] LR=0.0001250 loss=0.002 ACC=100.000 F1=100.000 Rec=100.000 Prec=100.000
Train Client1 [29/50] LR=0.0001250 loss=0.002 ACC=100.000 F1=100.000 Rec=100.000 Prec=100.000
Train Client2 [29/50] LR=0.0001250 loss=0.000 ACC=100.000 F1=100.000 Rec=100.000 Prec=100.000
Train Client3 [29/50] LR=0.0001250 loss=0.000 ACC=100.000 F1=100.000 Rec=100.000 Prec=100.000
Train Client4 [29/50] LR=0.0001250 loss=0.014 ACC=99.883 F1=99.883 Rec=99.882 Prec=99.884
Train Client5 [29/50] LR=0.0001250 loss=0.005 ACC=100.000 F1=100.000 Rec=100.000 Prec=100.000
Train Client6 [29/50] LR=0.0001250 loss=0.001 ACC=100.000 F1=100.000 Rec=100.000 Prec=100.000
Train Client7 [29/50] LR=0.0001250 loss=0.000 ACC=100.000 F1=100.000 Rec=100.000 Prec=100.000

Val    [29/50] LR=0.0001250 loss=1.081 ACC=100.000 F1=100.000 Rec=100.000 Prec=100.000

Test-  OSR [29/50] LR=0.0001250 ACC=37.500 F1=47.500 Rec=75.000 Prec=39.583 UNK=0.000 OS*=100.000 HOS=0.000 AUROC=49.112 AUPR=56.852 OSCR=16.102
Test-Close [29/50] LR=0.0001250 loss=1.080 ACC=100.000 F1=100.000 Rec=100.000 Prec=100.000
Train Client0 [30/50] LR=0.0001250 loss=0.000 ACC=100.000 F1=100.000 Rec=100.000 Prec=100.000
Train Client1 [30/50] LR=0.0001250 loss=0.000 ACC=100.000 F1=100.000 Rec=100.000 Prec=100.000
Train Client2 [30/50] LR=0.0001250 loss=0.000 ACC=100.000 F1=100.000 Rec=100.000 Prec=100.000
Train Client3 [30/50] LR=0.0001250 loss=0.002 ACC=100.000 F1=100.000 Rec=100.000 Prec=100.000
Train Client4 [30/50] LR=0.0001250 loss=0.092 ACC=99.766 F1=99.766 Rec=99.767 Prec=99.767
Train Client5 [30/50] LR=0.0001250 loss=0.000 ACC=100.000 F1=100.000 Rec=100.000 Prec=100.000
Train Client6 [30/50] LR=0.0001250 loss=0.000 ACC=100.000 F1=100.000 Rec=100.000 Prec=100.000
Train Client7 [30/50] LR=0.0001250 loss=0.000 ACC=100.000 F1=100.000 Rec=100.000 Prec=100.000

Val    [30/50] LR=0.0001250 loss=1.080 ACC=100.000 F1=100.000 Rec=100.000 Prec=100.000

Test-  OSR [30/50] LR=0.0001250 ACC=37.500 F1=47.500 Rec=75.000 Prec=39.583 UNK=0.000 OS*=100.000 HOS=0.000 AUROC=49.958 AUPR=61.827 OSCR=15.815
Test-Close [30/50] LR=0.0001250 loss=1.079 ACC=100.000 F1=100.000 Rec=100.000 Prec=100.000
Saving model at epoch 30 . . . . . . . .

Train Client0 [31/50] LR=0.0001250 loss=0.000 ACC=100.000 F1=100.000 Rec=100.000 Prec=100.000
Train Client1 [31/50] LR=0.0001250 loss=0.000 ACC=100.000 F1=100.000 Rec=100.000 Prec=100.000
Train Client2 [31/50] LR=0.0001250 loss=0.000 ACC=100.000 F1=100.000 Rec=100.000 Prec=100.000
Train Client3 [31/50] LR=0.0001250 loss=0.000 ACC=100.000 F1=100.000 Rec=100.000 Prec=100.000
Train Client4 [31/50] LR=0.0001250 loss=0.001 ACC=100.000 F1=100.000 Rec=100.000 Prec=100.000
Train Client5 [31/50] LR=0.0001250 loss=0.000 ACC=100.000 F1=100.000 Rec=100.000 Prec=100.000
Train Client6 [31/50] LR=0.0001250 loss=0.000 ACC=100.000 F1=100.000 Rec=100.000 Prec=100.000
Train Client7 [31/50] LR=0.0001250 loss=0.000 ACC=100.000 F1=100.000 Rec=100.000 Prec=100.000

Val    [31/50] LR=0.0001250 loss=1.079 ACC=100.000 F1=100.000 Rec=100.000 Prec=100.000

Test-  OSR [31/50] LR=0.0001250 ACC=37.500 F1=47.500 Rec=75.000 Prec=39.583 UNK=0.000 OS*=100.000 HOS=0.000 AUROC=51.387 AUPR=69.655 OSCR=18.281
Test-Close [31/50] LR=0.0001250 loss=1.077 ACC=100.000 F1=100.000 Rec=100.000 Prec=100.000
Train Client0 [32/50] LR=0.0001250 loss=0.000 ACC=100.000 F1=100.000 Rec=100.000 Prec=100.000
Train Client1 [32/50] LR=0.0001250 loss=0.001 ACC=100.000 F1=100.000 Rec=100.000 Prec=100.000
Train Client2 [32/50] LR=0.0001250 loss=0.000 ACC=100.000 F1=100.000 Rec=100.000 Prec=100.000
Train Client3 [32/50] LR=0.0001250 loss=0.000 ACC=100.000 F1=100.000 Rec=100.000 Prec=100.000
Train Client4 [32/50] LR=0.0001250 loss=0.000 ACC=100.000 F1=100.000 Rec=100.000 Prec=100.000
Train Client5 [32/50] LR=0.0001250 loss=0.000 ACC=100.000 F1=100.000 Rec=100.000 Prec=100.000
Train Client6 [32/50] LR=0.0001250 loss=0.000 ACC=100.000 F1=100.000 Rec=100.000 Prec=100.000
Train Client7 [32/50] LR=0.0001250 loss=0.000 ACC=100.000 F1=100.000 Rec=100.000 Prec=100.000

Val    [32/50] LR=0.0001250 loss=1.079 ACC=100.000 F1=100.000 Rec=100.000 Prec=100.000

Test-  OSR [32/50] LR=0.0001250 ACC=37.500 F1=47.500 Rec=75.000 Prec=39.583 UNK=0.000 OS*=100.000 HOS=0.000 AUROC=51.293 AUPR=69.959 OSCR=17.880
Test-Close [32/50] LR=0.0001250 loss=1.078 ACC=100.000 F1=100.000 Rec=100.000 Prec=100.000
Train Client0 [33/50] LR=0.0001250 loss=0.000 ACC=100.000 F1=100.000 Rec=100.000 Prec=100.000
Train Client1 [33/50] LR=0.0001250 loss=0.000 ACC=100.000 F1=100.000 Rec=100.000 Prec=100.000
Train Client2 [33/50] LR=0.0001250 loss=0.000 ACC=100.000 F1=100.000 Rec=100.000 Prec=100.000
Train Client3 [33/50] LR=0.0001250 loss=0.026 ACC=99.884 F1=99.884 Rec=99.884 Prec=99.885
Train Client4 [33/50] LR=0.0001250 loss=0.000 ACC=100.000 F1=100.000 Rec=100.000 Prec=100.000
Train Client5 [33/50] LR=0.0001250 loss=0.000 ACC=100.000 F1=100.000 Rec=100.000 Prec=100.000
Train Client6 [33/50] LR=0.0001250 loss=0.000 ACC=100.000 F1=100.000 Rec=100.000 Prec=100.000
Train Client7 [33/50] LR=0.0001250 loss=0.001 ACC=100.000 F1=100.000 Rec=100.000 Prec=100.000

Val    [33/50] LR=0.0001250 loss=1.080 ACC=100.000 F1=100.000 Rec=100.000 Prec=100.000

Test-  OSR [33/50] LR=0.0001250 ACC=37.500 F1=47.500 Rec=75.000 Prec=39.583 UNK=0.000 OS*=100.000 HOS=0.000 AUROC=49.181 AUPR=54.862 OSCR=15.588
Test-Close [33/50] LR=0.0001250 loss=1.079 ACC=100.000 F1=100.000 Rec=100.000 Prec=100.000
Train Client0 [34/50] LR=0.0001250 loss=0.000 ACC=100.000 F1=100.000 Rec=100.000 Prec=100.000
Train Client1 [34/50] LR=0.0001250 loss=0.004 ACC=99.884 F1=99.884 Rec=99.884 Prec=99.885
Train Client2 [34/50] LR=0.0001250 loss=0.000 ACC=100.000 F1=100.000 Rec=100.000 Prec=100.000
Train Client3 [34/50] LR=0.0001250 loss=0.015 ACC=99.884 F1=99.884 Rec=99.884 Prec=99.885
Train Client4 [34/50] LR=0.0001250 loss=0.000 ACC=100.000 F1=100.000 Rec=100.000 Prec=100.000
Train Client5 [34/50] LR=0.0001250 loss=0.000 ACC=100.000 F1=100.000 Rec=100.000 Prec=100.000
Train Client6 [34/50] LR=0.0001250 loss=0.000 ACC=100.000 F1=100.000 Rec=100.000 Prec=100.000
Train Client7 [34/50] LR=0.0001250 loss=0.000 ACC=100.000 F1=100.000 Rec=100.000 Prec=100.000

Val    [34/50] LR=0.0001250 loss=1.079 ACC=100.000 F1=100.000 Rec=100.000 Prec=100.000

Test-  OSR [34/50] LR=0.0001250 ACC=37.500 F1=47.500 Rec=75.000 Prec=39.583 UNK=0.000 OS*=100.000 HOS=0.000 AUROC=49.158 AUPR=53.974 OSCR=15.375
Test-Close [34/50] LR=0.0001250 loss=1.078 ACC=100.000 F1=100.000 Rec=100.000 Prec=100.000
>> New learning Rate: 6.25e-05
Train Client0 [35/50] LR=0.0000625 loss=0.119 ACC=99.653 F1=99.653 Rec=99.653 Prec=99.656
Train Client1 [35/50] LR=0.0000625 loss=0.000 ACC=100.000 F1=100.000 Rec=100.000 Prec=100.000
Train Client2 [35/50] LR=0.0000625 loss=0.136 ACC=99.653 F1=99.653 Rec=99.653 Prec=99.656
Train Client3 [35/50] LR=0.0000625 loss=0.000 ACC=100.000 F1=100.000 Rec=100.000 Prec=100.000
Train Client4 [35/50] LR=0.0000625 loss=0.000 ACC=100.000 F1=100.000 Rec=100.000 Prec=100.000
Train Client5 [35/50] LR=0.0000625 loss=0.000 ACC=100.000 F1=100.000 Rec=100.000 Prec=100.000
Train Client6 [35/50] LR=0.0000625 loss=0.000 ACC=100.000 F1=100.000 Rec=100.000 Prec=100.000
Train Client7 [35/50] LR=0.0000625 loss=0.000 ACC=100.000 F1=100.000 Rec=100.000 Prec=100.000

Val    [35/50] LR=0.0000625 loss=1.078 ACC=100.000 F1=100.000 Rec=100.000 Prec=100.000

Test-  OSR [35/50] LR=0.0000625 ACC=37.500 F1=47.500 Rec=75.000 Prec=39.583 UNK=0.000 OS*=100.000 HOS=0.000 AUROC=50.061 AUPR=62.984 OSCR=16.078
Test-Close [35/50] LR=0.0000625 loss=1.077 ACC=100.000 F1=100.000 Rec=100.000 Prec=100.000
Saving model at epoch 35 . . . . . . . .

Train Client0 [36/50] LR=0.0000625 loss=0.000 ACC=100.000 F1=100.000 Rec=100.000 Prec=100.000
Train Client1 [36/50] LR=0.0000625 loss=0.000 ACC=100.000 F1=100.000 Rec=100.000 Prec=100.000
Train Client2 [36/50] LR=0.0000625 loss=0.000 ACC=100.000 F1=100.000 Rec=100.000 Prec=100.000
Train Client3 [36/50] LR=0.0000625 loss=0.000 ACC=100.000 F1=100.000 Rec=100.000 Prec=100.000
Train Client4 [36/50] LR=0.0000625 loss=0.001 ACC=100.000 F1=100.000 Rec=100.000 Prec=100.000
Train Client5 [36/50] LR=0.0000625 loss=0.000 ACC=100.000 F1=100.000 Rec=100.000 Prec=100.000
Train Client6 [36/50] LR=0.0000625 loss=0.000 ACC=100.000 F1=100.000 Rec=100.000 Prec=100.000
Train Client7 [36/50] LR=0.0000625 loss=0.094 ACC=99.650 F1=99.650 Rec=99.650 Prec=99.654

Val    [36/50] LR=0.0000625 loss=1.078 ACC=100.000 F1=100.000 Rec=100.000 Prec=100.000

Test-  OSR [36/50] LR=0.0000625 ACC=37.500 F1=47.500 Rec=75.000 Prec=39.583 UNK=0.000 OS*=100.000 HOS=0.000 AUROC=49.651 AUPR=57.102 OSCR=15.495
Test-Close [36/50] LR=0.0000625 loss=1.077 ACC=100.000 F1=100.000 Rec=100.000 Prec=100.000
Train Client0 [37/50] LR=0.0000625 loss=0.000 ACC=100.000 F1=100.000 Rec=100.000 Prec=100.000
Train Client1 [37/50] LR=0.0000625 loss=0.001 ACC=100.000 F1=100.000 Rec=100.000 Prec=100.000
Train Client2 [37/50] LR=0.0000625 loss=0.000 ACC=100.000 F1=100.000 Rec=100.000 Prec=100.000
Train Client3 [37/50] LR=0.0000625 loss=0.000 ACC=100.000 F1=100.000 Rec=100.000 Prec=100.000
Train Client4 [37/50] LR=0.0000625 loss=0.000 ACC=100.000 F1=100.000 Rec=100.000 Prec=100.000
Train Client5 [37/50] LR=0.0000625 loss=0.000 ACC=100.000 F1=100.000 Rec=100.000 Prec=100.000
Train Client6 [37/50] LR=0.0000625 loss=0.000 ACC=100.000 F1=100.000 Rec=100.000 Prec=100.000
Train Client7 [37/50] LR=0.0000625 loss=0.000 ACC=100.000 F1=100.000 Rec=100.000 Prec=100.000

Val    [37/50] LR=0.0000625 loss=1.078 ACC=100.000 F1=100.000 Rec=100.000 Prec=100.000

Test-  OSR [37/50] LR=0.0000625 ACC=37.500 F1=47.500 Rec=75.000 Prec=39.583 UNK=0.000 OS*=100.000 HOS=0.000 AUROC=49.586 AUPR=53.614 OSCR=15.321
Test-Close [37/50] LR=0.0000625 loss=1.077 ACC=100.000 F1=100.000 Rec=100.000 Prec=100.000
Train Client0 [38/50] LR=0.0000625 loss=0.000 ACC=100.000 F1=100.000 Rec=100.000 Prec=100.000
Train Client1 [38/50] LR=0.0000625 loss=0.000 ACC=100.000 F1=100.000 Rec=100.000 Prec=100.000
Train Client2 [38/50] LR=0.0000625 loss=0.000 ACC=100.000 F1=100.000 Rec=100.000 Prec=100.000
Train Client3 [38/50] LR=0.0000625 loss=0.000 ACC=100.000 F1=100.000 Rec=100.000 Prec=100.000
Train Client4 [38/50] LR=0.0000625 loss=0.000 ACC=100.000 F1=100.000 Rec=100.000 Prec=100.000
Train Client5 [38/50] LR=0.0000625 loss=0.001 ACC=100.000 F1=100.000 Rec=100.000 Prec=100.000
Train Client6 [38/50] LR=0.0000625 loss=0.015 ACC=99.883 F1=99.883 Rec=99.883 Prec=99.884
Train Client7 [38/50] LR=0.0000625 loss=0.000 ACC=100.000 F1=100.000 Rec=100.000 Prec=100.000

Val    [38/50] LR=0.0000625 loss=1.079 ACC=100.000 F1=100.000 Rec=100.000 Prec=100.000

Test-  OSR [38/50] LR=0.0000625 ACC=37.500 F1=47.500 Rec=75.000 Prec=39.583 UNK=0.000 OS*=100.000 HOS=0.000 AUROC=49.185 AUPR=49.314 OSCR=15.061
Test-Close [38/50] LR=0.0000625 loss=1.078 ACC=100.000 F1=100.000 Rec=100.000 Prec=100.000
Train Client0 [39/50] LR=0.0000625 loss=0.000 ACC=100.000 F1=100.000 Rec=100.000 Prec=100.000
Train Client1 [39/50] LR=0.0000625 loss=0.132 ACC=99.537 F1=99.537 Rec=99.537 Prec=99.543
Train Client2 [39/50] LR=0.0000625 loss=0.003 ACC=100.000 F1=100.000 Rec=100.000 Prec=100.000
Train Client3 [39/50] LR=0.0000625 loss=0.000 ACC=100.000 F1=100.000 Rec=100.000 Prec=100.000
Train Client4 [39/50] LR=0.0000625 loss=0.000 ACC=100.000 F1=100.000 Rec=100.000 Prec=100.000
Train Client5 [39/50] LR=0.0000625 loss=0.000 ACC=100.000 F1=100.000 Rec=100.000 Prec=100.000
Train Client6 [39/50] LR=0.0000625 loss=0.000 ACC=100.000 F1=100.000 Rec=100.000 Prec=100.000
Train Client7 [39/50] LR=0.0000625 loss=0.159 ACC=99.766 F1=99.767 Rec=99.766 Prec=99.769

Val    [39/50] LR=0.0000625 loss=1.080 ACC=100.000 F1=100.000 Rec=100.000 Prec=100.000

Test-  OSR [39/50] LR=0.0000625 ACC=37.500 F1=47.500 Rec=75.000 Prec=39.583 UNK=0.000 OS*=100.000 HOS=0.000 AUROC=49.374 AUPR=54.521 OSCR=15.521
Test-Close [39/50] LR=0.0000625 loss=1.079 ACC=100.000 F1=100.000 Rec=100.000 Prec=100.000
Train Client0 [40/50] LR=0.0000625 loss=0.000 ACC=100.000 F1=100.000 Rec=100.000 Prec=100.000
Train Client1 [40/50] LR=0.0000625 loss=0.000 ACC=100.000 F1=100.000 Rec=100.000 Prec=100.000
Train Client2 [40/50] LR=0.0000625 loss=0.122 ACC=99.769 F1=99.768 Rec=99.769 Prec=99.769
Train Client3 [40/50] LR=0.0000625 loss=0.002 ACC=100.000 F1=100.000 Rec=100.000 Prec=100.000
Train Client4 [40/50] LR=0.0000625 loss=0.000 ACC=100.000 F1=100.000 Rec=100.000 Prec=100.000
Train Client5 [40/50] LR=0.0000625 loss=0.000 ACC=100.000 F1=100.000 Rec=100.000 Prec=100.000
Train Client6 [40/50] LR=0.0000625 loss=0.000 ACC=100.000 F1=100.000 Rec=100.000 Prec=100.000
Train Client7 [40/50] LR=0.0000625 loss=0.000 ACC=100.000 F1=100.000 Rec=100.000 Prec=100.000

Val    [40/50] LR=0.0000625 loss=1.080 ACC=100.000 F1=100.000 Rec=100.000 Prec=100.000

Test-  OSR [40/50] LR=0.0000625 ACC=37.500 F1=47.500 Rec=75.000 Prec=39.583 UNK=0.000 OS*=100.000 HOS=0.000 AUROC=49.343 AUPR=55.056 OSCR=15.563
Test-Close [40/50] LR=0.0000625 loss=1.079 ACC=100.000 F1=100.000 Rec=100.000 Prec=100.000
Saving model at epoch 40 . . . . . . . .

Train Client0 [41/50] LR=0.0000625 loss=0.000 ACC=100.000 F1=100.000 Rec=100.000 Prec=100.000
Train Client1 [41/50] LR=0.0000625 loss=0.000 ACC=100.000 F1=100.000 Rec=100.000 Prec=100.000
Train Client2 [41/50] LR=0.0000625 loss=0.000 ACC=100.000 F1=100.000 Rec=100.000 Prec=100.000
Train Client3 [41/50] LR=0.0000625 loss=0.000 ACC=100.000 F1=100.000 Rec=100.000 Prec=100.000
Train Client4 [41/50] LR=0.0000625 loss=0.000 ACC=100.000 F1=100.000 Rec=100.000 Prec=100.000
Train Client5 [41/50] LR=0.0000625 loss=0.000 ACC=100.000 F1=100.000 Rec=100.000 Prec=100.000
Train Client6 [41/50] LR=0.0000625 loss=0.000 ACC=100.000 F1=100.000 Rec=100.000 Prec=100.000
Train Client7 [41/50] LR=0.0000625 loss=0.000 ACC=100.000 F1=100.000 Rec=100.000 Prec=100.000

Val    [41/50] LR=0.0000625 loss=1.080 ACC=100.000 F1=100.000 Rec=100.000 Prec=100.000

Test-  OSR [41/50] LR=0.0000625 ACC=37.500 F1=47.500 Rec=75.000 Prec=39.583 UNK=0.000 OS*=100.000 HOS=0.000 AUROC=49.132 AUPR=50.930 OSCR=15.313
Test-Close [41/50] LR=0.0000625 loss=1.078 ACC=100.000 F1=100.000 Rec=100.000 Prec=100.000
Train Client0 [42/50] LR=0.0000625 loss=0.000 ACC=100.000 F1=100.000 Rec=100.000 Prec=100.000
Train Client1 [42/50] LR=0.0000625 loss=0.000 ACC=100.000 F1=100.000 Rec=100.000 Prec=100.000
Train Client2 [42/50] LR=0.0000625 loss=0.012 ACC=100.000 F1=100.000 Rec=100.000 Prec=100.000
Train Client3 [42/50] LR=0.0000625 loss=0.000 ACC=100.000 F1=100.000 Rec=100.000 Prec=100.000
Train Client4 [42/50] LR=0.0000625 loss=0.000 ACC=100.000 F1=100.000 Rec=100.000 Prec=100.000
Train Client5 [42/50] LR=0.0000625 loss=0.000 ACC=100.000 F1=100.000 Rec=100.000 Prec=100.000
Train Client6 [42/50] LR=0.0000625 loss=0.000 ACC=100.000 F1=100.000 Rec=100.000 Prec=100.000
Train Client7 [42/50] LR=0.0000625 loss=0.000 ACC=100.000 F1=100.000 Rec=100.000 Prec=100.000

Val    [42/50] LR=0.0000625 loss=1.081 ACC=100.000 F1=100.000 Rec=100.000 Prec=100.000

Test-  OSR [42/50] LR=0.0000625 ACC=37.500 F1=47.500 Rec=75.000 Prec=39.583 UNK=0.000 OS*=100.000 HOS=0.000 AUROC=49.568 AUPR=57.476 OSCR=15.798
Test-Close [42/50] LR=0.0000625 loss=1.080 ACC=100.000 F1=100.000 Rec=100.000 Prec=100.000
Train Client0 [43/50] LR=0.0000625 loss=0.143 ACC=99.421 F1=99.420 Rec=99.421 Prec=99.426
Train Client1 [43/50] LR=0.0000625 loss=0.000 ACC=100.000 F1=100.000 Rec=100.000 Prec=100.000
Train Client2 [43/50] LR=0.0000625 loss=0.000 ACC=100.000 F1=100.000 Rec=100.000 Prec=100.000
Train Client3 [43/50] LR=0.0000625 loss=0.000 ACC=100.000 F1=100.000 Rec=100.000 Prec=100.000
Train Client4 [43/50] LR=0.0000625 loss=0.000 ACC=100.000 F1=100.000 Rec=100.000 Prec=100.000
Train Client5 [43/50] LR=0.0000625 loss=0.000 ACC=100.000 F1=100.000 Rec=100.000 Prec=100.000
Train Client6 [43/50] LR=0.0000625 loss=0.000 ACC=100.000 F1=100.000 Rec=100.000 Prec=100.000
Train Client7 [43/50] LR=0.0000625 loss=0.000 ACC=100.000 F1=100.000 Rec=100.000 Prec=100.000

Val    [43/50] LR=0.0000625 loss=1.080 ACC=100.000 F1=100.000 Rec=100.000 Prec=100.000

Test-  OSR [43/50] LR=0.0000625 ACC=37.500 F1=47.500 Rec=75.000 Prec=39.583 UNK=0.000 OS*=100.000 HOS=0.000 AUROC=49.539 AUPR=56.013 OSCR=15.532
Test-Close [43/50] LR=0.0000625 loss=1.079 ACC=100.000 F1=100.000 Rec=100.000 Prec=100.000
Train Client0 [44/50] LR=0.0000625 loss=0.096 ACC=99.306 F1=99.305 Rec=99.306 Prec=99.320
Train Client1 [44/50] LR=0.0000625 loss=0.000 ACC=100.000 F1=100.000 Rec=100.000 Prec=100.000
Train Client2 [44/50] LR=0.0000625 loss=0.000 ACC=100.000 F1=100.000 Rec=100.000 Prec=100.000
Train Client3 [44/50] LR=0.0000625 loss=0.000 ACC=100.000 F1=100.000 Rec=100.000 Prec=100.000
Train Client4 [44/50] LR=0.0000625 loss=0.002 ACC=100.000 F1=100.000 Rec=100.000 Prec=100.000
Train Client5 [44/50] LR=0.0000625 loss=0.000 ACC=100.000 F1=100.000 Rec=100.000 Prec=100.000
Train Client6 [44/50] LR=0.0000625 loss=0.000 ACC=100.000 F1=100.000 Rec=100.000 Prec=100.000
Train Client7 [44/50] LR=0.0000625 loss=0.000 ACC=100.000 F1=100.000 Rec=100.000 Prec=100.000

Val    [44/50] LR=0.0000625 loss=1.080 ACC=100.000 F1=100.000 Rec=100.000 Prec=100.000

Test-  OSR [44/50] LR=0.0000625 ACC=37.500 F1=47.500 Rec=75.000 Prec=39.583 UNK=0.000 OS*=100.000 HOS=0.000 AUROC=48.559 AUPR=48.759 OSCR=15.261
Test-Close [44/50] LR=0.0000625 loss=1.079 ACC=100.000 F1=100.000 Rec=100.000 Prec=100.000
Train Client0 [45/50] LR=0.0000625 loss=0.000 ACC=100.000 F1=100.000 Rec=100.000 Prec=100.000
Train Client1 [45/50] LR=0.0000625 loss=0.138 ACC=99.653 F1=99.653 Rec=99.653 Prec=99.656
Train Client2 [45/50] LR=0.0000625 loss=0.000 ACC=100.000 F1=100.000 Rec=100.000 Prec=100.000
Train Client3 [45/50] LR=0.0000625 loss=0.000 ACC=100.000 F1=100.000 Rec=100.000 Prec=100.000
Train Client4 [45/50] LR=0.0000625 loss=0.000 ACC=100.000 F1=100.000 Rec=100.000 Prec=100.000
Train Client5 [45/50] LR=0.0000625 loss=0.011 ACC=99.883 F1=99.883 Rec=99.883 Prec=99.883
Train Client6 [45/50] LR=0.0000625 loss=0.000 ACC=100.000 F1=100.000 Rec=100.000 Prec=100.000
Train Client7 [45/50] LR=0.0000625 loss=0.000 ACC=100.000 F1=100.000 Rec=100.000 Prec=100.000

Val    [45/50] LR=0.0000625 loss=1.082 ACC=100.000 F1=100.000 Rec=100.000 Prec=100.000

Test-  OSR [45/50] LR=0.0000625 ACC=37.500 F1=47.500 Rec=75.000 Prec=39.583 UNK=0.000 OS*=100.000 HOS=0.000 AUROC=47.552 AUPR=42.963 OSCR=14.669
Test-Close [45/50] LR=0.0000625 loss=1.080 ACC=100.000 F1=100.000 Rec=100.000 Prec=100.000
Saving model at epoch 45 . . . . . . . .

Train Client0 [46/50] LR=0.0000625 loss=0.000 ACC=100.000 F1=100.000 Rec=100.000 Prec=100.000
Train Client1 [46/50] LR=0.0000625 loss=0.000 ACC=100.000 F1=100.000 Rec=100.000 Prec=100.000
Train Client2 [46/50] LR=0.0000625 loss=0.000 ACC=100.000 F1=100.000 Rec=100.000 Prec=100.000
Train Client3 [46/50] LR=0.0000625 loss=0.000 ACC=100.000 F1=100.000 Rec=100.000 Prec=100.000
Train Client4 [46/50] LR=0.0000625 loss=0.000 ACC=100.000 F1=100.000 Rec=100.000 Prec=100.000
Train Client5 [46/50] LR=0.0000625 loss=0.000 ACC=100.000 F1=100.000 Rec=100.000 Prec=100.000
Train Client6 [46/50] LR=0.0000625 loss=0.023 ACC=99.883 F1=99.883 Rec=99.883 Prec=99.884
Train Client7 [46/50] LR=0.0000625 loss=0.000 ACC=100.000 F1=100.000 Rec=100.000 Prec=100.000

Val    [46/50] LR=0.0000625 loss=1.081 ACC=100.000 F1=100.000 Rec=100.000 Prec=100.000

Test-  OSR [46/50] LR=0.0000625 ACC=37.500 F1=47.500 Rec=75.000 Prec=39.583 UNK=0.000 OS*=100.000 HOS=0.000 AUROC=48.088 AUPR=47.121 OSCR=15.262
Test-Close [46/50] LR=0.0000625 loss=1.080 ACC=100.000 F1=100.000 Rec=100.000 Prec=100.000
>> New learning Rate: 3.125e-05
Train Client0 [47/50] LR=0.0000313 loss=0.000 ACC=100.000 F1=100.000 Rec=100.000 Prec=100.000
Train Client1 [47/50] LR=0.0000313 loss=0.174 ACC=99.653 F1=99.653 Rec=99.653 Prec=99.656
Train Client2 [47/50] LR=0.0000313 loss=0.000 ACC=100.000 F1=100.000 Rec=100.000 Prec=100.000
Train Client3 [47/50] LR=0.0000313 loss=0.000 ACC=100.000 F1=100.000 Rec=100.000 Prec=100.000
Train Client4 [47/50] LR=0.0000313 loss=0.000 ACC=100.000 F1=100.000 Rec=100.000 Prec=100.000
Train Client5 [47/50] LR=0.0000313 loss=0.000 ACC=100.000 F1=100.000 Rec=100.000 Prec=100.000
Train Client6 [47/50] LR=0.0000313 loss=0.123 ACC=99.766 F1=99.766 Rec=99.767 Prec=99.767
Train Client7 [47/50] LR=0.0000313 loss=0.000 ACC=100.000 F1=100.000 Rec=100.000 Prec=100.000

Val    [47/50] LR=0.0000313 loss=1.081 ACC=100.000 F1=100.000 Rec=100.000 Prec=100.000

Test-  OSR [47/50] LR=0.0000313 ACC=37.500 F1=47.500 Rec=75.000 Prec=39.583 UNK=0.000 OS*=100.000 HOS=0.000 AUROC=48.506 AUPR=43.530 OSCR=14.849
Test-Close [47/50] LR=0.0000313 loss=1.080 ACC=100.000 F1=100.000 Rec=100.000 Prec=100.000
Train Client0 [48/50] LR=0.0000313 loss=0.000 ACC=100.000 F1=100.000 Rec=100.000 Prec=100.000
Train Client1 [48/50] LR=0.0000313 loss=0.000 ACC=100.000 F1=100.000 Rec=100.000 Prec=100.000
Train Client2 [48/50] LR=0.0000313 loss=0.000 ACC=100.000 F1=100.000 Rec=100.000 Prec=100.000
Train Client3 [48/50] LR=0.0000313 loss=0.000 ACC=100.000 F1=100.000 Rec=100.000 Prec=100.000
Train Client4 [48/50] LR=0.0000313 loss=0.000 ACC=100.000 F1=100.000 Rec=100.000 Prec=100.000
Train Client5 [48/50] LR=0.0000313 loss=0.013 ACC=99.883 F1=99.883 Rec=99.883 Prec=99.884
Train Client6 [48/50] LR=0.0000313 loss=0.000 ACC=100.000 F1=100.000 Rec=100.000 Prec=100.000
Train Client7 [48/50] LR=0.0000313 loss=0.000 ACC=100.000 F1=100.000 Rec=100.000 Prec=100.000

Val    [48/50] LR=0.0000313 loss=1.081 ACC=100.000 F1=100.000 Rec=100.000 Prec=100.000

Test-  OSR [48/50] LR=0.0000313 ACC=37.500 F1=47.500 Rec=75.000 Prec=39.583 UNK=0.000 OS*=100.000 HOS=0.000 AUROC=48.008 AUPR=44.151 OSCR=14.946
Test-Close [48/50] LR=0.0000313 loss=1.080 ACC=100.000 F1=100.000 Rec=100.000 Prec=100.000
Train Client0 [49/50] LR=0.0000313 loss=0.000 ACC=100.000 F1=100.000 Rec=100.000 Prec=100.000
Train Client1 [49/50] LR=0.0000313 loss=0.000 ACC=100.000 F1=100.000 Rec=100.000 Prec=100.000
Train Client2 [49/50] LR=0.0000313 loss=0.000 ACC=100.000 F1=100.000 Rec=100.000 Prec=100.000
Train Client3 [49/50] LR=0.0000313 loss=0.000 ACC=100.000 F1=100.000 Rec=100.000 Prec=100.000
Train Client4 [49/50] LR=0.0000313 loss=0.000 ACC=100.000 F1=100.000 Rec=100.000 Prec=100.000
Train Client5 [49/50] LR=0.0000313 loss=0.000 ACC=100.000 F1=100.000 Rec=100.000 Prec=100.000
Train Client6 [49/50] LR=0.0000313 loss=0.000 ACC=100.000 F1=100.000 Rec=100.000 Prec=100.000
Train Client7 [49/50] LR=0.0000313 loss=0.111 ACC=99.766 F1=99.766 Rec=99.766 Prec=99.767

Val    [49/50] LR=0.0000313 loss=1.081 ACC=100.000 F1=100.000 Rec=100.000 Prec=100.000

Test-  OSR [49/50] LR=0.0000313 ACC=37.500 F1=47.500 Rec=75.000 Prec=39.583 UNK=0.000 OS*=100.000 HOS=0.000 AUROC=48.770 AUPR=47.918 OSCR=15.222
Test-Close [49/50] LR=0.0000313 loss=1.080 ACC=100.000 F1=100.000 Rec=100.000 Prec=100.000
------>Best performance (by OSCR)--->>>>>>>

Test-  OSR [20/50] LR=0.0002500 ACC=37.500 F1=47.500 Rec=75.000 Prec=39.583 UNK=0.000 OS*=100.000 HOS=0.000 AUROC=50.094 AUPR=62.185 OSCR=69.891
Test-Close [20/50] LR=0.0002500 loss=1.079 ACC=100.000 F1=100.000 Rec=100.000 Prec=100.000
=====================================================================================================================================
The ending time ：2026-07-06 20:57:14
