Logging to: ./logs/RetinalOCT_Pretrain_K5_U3_seed0_20260618_201453.log
==> Preparing data..
Protocol mode: hard
Fixed known classes: ['CSR', 'DR', 'DRUSEN', 'MH', 'NORMAL']
Fixed unknown classes: ['AMD', 'CNV', 'DME']
Known class list: [2 4 5 6 7] Unknown class list [0 1 3]
Total images — Train: 18400, Val: 2800, Test: 2800
{2: 0, 4: 1, 5: 2, 6: 3, 7: 4} {0: 5, 1: 6, 3: 7}
Known origin: [2 4 5 6 7] , new: [0 1 2 3 4]
Unknown origin: [0 1 3] , new: [5 6 7]
Known/Unknown in Train: 11500/6900
Known/Unknown in Val:   1750/1050
Known/Unknown in Test:  1750/1050
Client0 sample num: 1861
Client1 sample num: 2876
Client2 sample num: 2109
Client3 sample num: 533
Client4 sample num: 1312
Client5 sample num: 1125
Client6 sample num: 362
Client7 sample num: 1322

>>> Setting up
==> Using device: cuda:0
==> Building [Resnet18] model..
154
120
Train Client0 [0/50] LR=0.0005000 loss=1.454 (CE=0.762 VIR=0.076 wVIR=0.038 AUX=0.654 w=0.500) ACC=72.360 F1=48.155 Rec=48.154 Prec=48.205
Train Client1 [0/50] LR=0.0005000 loss=1.333 (CE=0.690 VIR=0.066 wVIR=0.033 AUX=0.610 w=0.500) ACC=75.174 F1=45.648 Rec=45.813 Prec=46.943
Train Client2 [0/50] LR=0.0005000 loss=1.271 (CE=0.676 VIR=0.104 wVIR=0.052 AUX=0.543 w=0.500) ACC=80.086 F1=45.164 Rec=45.388 Prec=46.128
Train Client3 [0/50] LR=0.0005000 loss=2.416 (CE=1.353 VIR=0.346 wVIR=0.173 AUX=0.890 w=0.500) ACC=58.333 F1=45.824 Rec=47.117 Prec=45.338
Train Client4 [0/50] LR=0.0005000 loss=1.179 (CE=0.623 VIR=0.145 wVIR=0.072 AUX=0.484 w=0.500) ACC=82.546 F1=37.800 Rec=39.296 Prec=37.568
Train Client5 [0/50] LR=0.0005000 loss=2.014 (CE=1.095 VIR=0.207 wVIR=0.104 AUX=0.815 w=0.500) ACC=64.643 F1=45.900 Rec=45.947 Prec=46.026
Train Client6 [0/50] LR=0.0005000 loss=2.464 (CE=1.291 VIR=0.547 wVIR=0.274 AUX=0.899 w=0.500) ACC=65.278 F1=27.544 Rec=27.993 Prec=27.677
Train Client7 [0/50] LR=0.0005000 loss=1.383 (CE=0.738 VIR=0.176 wVIR=0.088 AUX=0.557 w=0.500) ACC=78.409 F1=34.586 Rec=35.098 Prec=35.379

Val    [0/50] LR=0.0005000 loss=2.904 ACC=45.314 F1=33.242 Rec=45.314 Prec=51.631
Val-Known->Virtual [0/50] rate=0.000% prob_mean=0.024957 margin_mean=0.338922
Val-LogitMargin [0/50] TrueKnown-VMax mean=3.4483 std=0.2848 p10=3.1090 p50=3.3973 p90=3.8683

