Logging to: ./logs/RetinalOCT_Pretrain_K3_U5_seed1_20260715_121456.log
==> Preparing data..
Protocol mode: random
Known class list: [7 2 1] Unknown class list [6 0 4 3 5]
Total images — Train: 18400, Val: 2800, Test: 2800
{7: 0, 2: 1, 1: 2} {6: 3, 0: 4, 4: 5, 3: 6, 5: 7}
Known origin: [7 2 1] , new: [0 1 2]
Unknown origin: [6 0 4 3 5] , new: [3 4 5 6 7]
Known/Unknown in Train: 6900/11500
Known/Unknown in Val:   1050/1750
Known/Unknown in Test:  1050/1750
Client0 sample num: 1945
Client1 sample num: 225
Client2 sample num: 1070
Client3 sample num: 216
Client4 sample num: 1852
Client5 sample num: 678
Client6 sample num: 870
Client7 sample num: 44

>>> Setting up
==> Using device: cuda:0
==> Building [Resnet18] model..
154
120
Train Client0 [0/50] LR=0.0005000 loss=0.878 ACC=81.790 F1=77.937 Rec=77.549 Prec=78.402
Train Client1 [0/50] LR=0.0005000 loss=0.601 ACC=87.500 F1=48.172 Rec=50.641 Prec=46.953
Train Client2 [0/50] LR=0.0005000 loss=0.774 ACC=85.056 F1=65.216 Rec=65.300 Prec=65.231
Train Client3 [0/50] LR=0.0005000 loss=1.057 ACC=81.944 F1=54.393 Rec=54.365 Prec=54.479
Train Client4 [0/50] LR=0.0005000 loss=0.499 ACC=92.262 F1=61.370 Rec=62.470 Prec=60.435
Train Client5 [0/50] LR=0.0005000 loss=0.351 ACC=97.321 F1=32.881 Rec=32.980 Prec=32.782
Train Client6 [0/50] LR=0.0005000 loss=1.050 ACC=81.019 F1=49.845 Rec=49.262 Prec=52.948
Train Client7 [0/50] LR=0.0005000 loss=1.911 ACC=55.000 F1=48.973 Rec=53.352 Prec=52.564

Val    [0/50] LR=0.0005000 loss=2.211 ACC=33.333 F1=16.667 Rec=33.333 Prec=11.111

Test-  OSR [0/50] LR=0.0005000 ACC=12.500 F1=5.556 Rec=25.000 Prec=3.125 UNK=0.000 OS*=33.333 HOS=0.000 AUROC=55.163 AUPR=61.969 OSCR=26.284
Test-Close [0/50] LR=0.0005000 loss=2.213 ACC=33.333 F1=16.667 Rec=33.333 Prec=11.111
Saving best model . . . . . . . .

Saving model at epoch 0 . . . . . . . .

Train Client0 [1/50] LR=0.0005000 loss=0.641 ACC=87.140 F1=85.458 Rec=84.719 Prec=86.250
Train Client1 [1/50] LR=0.0005000 loss=0.466 ACC=87.946 F1=45.904 Rec=49.721 Prec=44.035
Train Client2 [1/50] LR=0.0005000 loss=0.618 ACC=88.252 F1=70.160 Rec=69.489 Prec=71.497
Train Client3 [1/50] LR=0.0005000 loss=0.585 ACC=93.981 F1=62.742 Rec=62.374 Prec=63.119
Train Client4 [1/50] LR=0.0005000 loss=0.385 ACC=93.777 F1=62.430 Rec=63.295 Prec=61.637
Train Client5 [1/50] LR=0.0005000 loss=0.315 ACC=95.536 F1=32.572 Rec=32.375 Prec=32.772
Train Client6 [1/50] LR=0.0005000 loss=0.773 ACC=83.449 F1=59.654 Rec=58.794 Prec=60.733
Train Client7 [1/50] LR=0.0005000 loss=1.128 ACC=80.000 F1=70.988 Rec=81.111 Prec=66.490

Val    [1/50] LR=0.0005000 loss=2.015 ACC=36.667 F1=23.155 Rec=36.667 Prec=44.828

Test-  OSR [1/50] LR=0.0005000 ACC=13.643 F1=9.670 Rec=27.286 Prec=20.200 UNK=0.000 OS*=36.381 HOS=0.000 AUROC=59.789 AUPR=65.026 OSCR=31.761
Test-Close [1/50] LR=0.0005000 loss=2.013 ACC=36.381 F1=22.641 Rec=36.381 Prec=44.794
Saving best model . . . . . . . .

Train Client0 [2/50] LR=0.0005000 loss=0.541 ACC=88.066 F1=85.127 Rec=84.794 Prec=85.542
Train Client1 [2/50] LR=0.0005000 loss=0.210 ACC=92.411 F1=54.798 Rec=54.930 Prec=54.722
Train Client2 [2/50] LR=0.0005000 loss=0.414 ACC=92.105 F1=82.659 Rec=82.739 Prec=82.585
Train Client3 [2/50] LR=0.0005000 loss=0.180 ACC=96.759 F1=64.636 Rec=64.322 Prec=64.953
Train Client4 [2/50] LR=0.0005000 loss=0.319 ACC=94.968 F1=65.433 Rec=65.356 Prec=79.109
Train Client5 [2/50] LR=0.0005000 loss=0.229 ACC=96.726 F1=37.540 Rec=37.490 Prec=37.589
Train Client6 [2/50] LR=0.0005000 loss=0.504 ACC=90.972 F1=81.056 Rec=79.945 Prec=82.260
Train Client7 [2/50] LR=0.0005000 loss=0.386 ACC=92.500 F1=83.960 Rec=96.667 Prec=80.000

Val    [2/50] LR=0.0005000 loss=1.684 ACC=66.571 F1=55.487 Rec=66.571 Prec=49.976

Test-  OSR [2/50] LR=0.0005000 ACC=25.000 F1=20.006 Rec=50.000 Prec=12.506 UNK=0.000 OS*=66.667 HOS=0.000 AUROC=56.309 AUPR=69.051 OSCR=47.504
Test-Close [2/50] LR=0.0005000 loss=1.682 ACC=66.667 F1=55.556 Rec=66.667 Prec=50.000
Saving best model . . . . . . . .

Train Client0 [3/50] LR=0.0005000 loss=0.448 ACC=91.358 F1=90.722 Rec=91.226 Prec=90.317
Train Client1 [3/50] LR=0.0005000 loss=0.322 ACC=91.518 F1=51.075 Rec=52.809 Prec=49.794
Train Client2 [3/50] LR=0.0005000 loss=0.283 ACC=95.019 F1=88.420 Rec=87.928 Prec=89.106
Train Client3 [3/50] LR=0.0005000 loss=0.502 ACC=93.981 F1=93.655 Rec=93.561 Prec=93.754
Train Client4 [3/50] LR=0.0005000 loss=0.256 ACC=95.400 F1=70.827 Rec=68.802 Prec=79.727
Train Client5 [3/50] LR=0.0005000 loss=0.247 ACC=96.726 F1=36.481 Rec=37.490 Prec=35.858
Train Client6 [3/50] LR=0.0005000 loss=0.420 ACC=92.130 F1=85.250 Rec=85.438 Prec=85.066
Train Client7 [3/50] LR=0.0005000 loss=0.801 ACC=87.500 F1=83.637 Rec=94.048 Prec=78.333

Val    [3/50] LR=0.0005000 loss=1.498 ACC=87.429 F1=87.763 Rec=87.429 Prec=90.871

Test-  OSR [3/50] LR=0.0005000 ACC=32.929 F1=38.739 Rec=65.857 Prec=29.585 UNK=0.000 OS*=87.810 HOS=0.000 AUROC=65.312 AUPR=75.524 OSCR=61.093
Test-Close [3/50] LR=0.0005000 loss=1.492 ACC=87.810 F1=88.104 Rec=87.810 Prec=91.004
Saving best model . . . . . . . .

Train Client0 [4/50] LR=0.0005000 loss=0.420 ACC=92.438 F1=91.425 Rec=91.341 Prec=91.555
Train Client1 [4/50] LR=0.0005000 loss=0.140 ACC=95.982 F1=59.270 Rec=61.378 Prec=57.566
Train Client2 [4/50] LR=0.0005000 loss=0.180 ACC=95.865 F1=90.158 Rec=90.626 Prec=89.707
Train Client3 [4/50] LR=0.0005000 loss=0.131 ACC=97.685 F1=65.556 Rec=64.971 Prec=66.162
Train Client4 [4/50] LR=0.0005000 loss=0.225 ACC=96.050 F1=67.624 Rec=67.056 Prec=70.344
Train Client5 [4/50] LR=0.0005000 loss=0.188 ACC=97.024 F1=47.642 Rec=51.725 Prec=45.098
Train Client6 [4/50] LR=0.0005000 loss=0.426 ACC=91.551 F1=87.039 Rec=87.801 Prec=86.398
Train Client7 [4/50] LR=0.0005000 loss=0.266 ACC=97.500 F1=94.653 Rec=98.851 Prec=91.667

Val    [4/50] LR=0.0005000 loss=1.223 ACC=98.190 F1=98.189 Rec=98.190 Prec=98.284

Test-  OSR [4/50] LR=0.0005000 ACC=36.786 F1=42.902 Rec=73.571 Prec=31.537 UNK=0.000 OS*=98.095 HOS=0.000 AUROC=55.469 AUPR=67.875 OSCR=55.196
Test-Close [4/50] LR=0.0005000 loss=1.225 ACC=98.095 F1=98.094 Rec=98.095 Prec=98.198
Train Client0 [5/50] LR=0.0005000 loss=0.287 ACC=94.599 F1=94.438 Rec=94.394 Prec=94.515
Train Client1 [5/50] LR=0.0005000 loss=0.131 ACC=95.536 F1=59.187 Rec=59.657 Prec=58.767
Train Client2 [5/50] LR=0.0005000 loss=0.189 ACC=96.147 F1=92.499 Rec=92.714 Prec=92.287
Train Client3 [5/50] LR=0.0005000 loss=0.229 ACC=96.296 F1=64.780 Rec=64.358 Prec=65.228
Train Client4 [5/50] LR=0.0005000 loss=0.150 ACC=97.078 F1=78.785 Rec=76.778 Prec=82.068
Train Client5 [5/50] LR=0.0005000 loss=0.238 ACC=96.726 F1=42.301 Rec=42.202 Prec=42.401
Train Client6 [5/50] LR=0.0005000 loss=0.297 ACC=93.403 F1=86.953 Rec=88.476 Prec=85.544
Train Client7 [5/50] LR=0.0005000 loss=0.131 ACC=95.000 F1=90.432 Rec=97.619 Prec=86.667

Val    [5/50] LR=0.0005000 loss=1.222 ACC=96.476 F1=96.466 Rec=96.476 Prec=96.813

Test-  OSR [5/50] LR=0.0005000 ACC=35.679 F1=41.813 Rec=71.357 Prec=31.378 UNK=0.000 OS*=95.143 HOS=0.000 AUROC=43.874 AUPR=59.998 OSCR=43.404
Test-Close [5/50] LR=0.0005000 loss=1.234 ACC=95.143 F1=95.117 Rec=95.143 Prec=95.761
Saving model at epoch 5 . . . . . . . .

Train Client0 [6/50] LR=0.0005000 loss=0.314 ACC=94.342 F1=94.739 Rec=94.793 Prec=94.718
Train Client1 [6/50] LR=0.0005000 loss=0.138 ACC=95.982 F1=60.054 Rec=61.378 Prec=58.931
Train Client2 [6/50] LR=0.0005000 loss=0.158 ACC=97.180 F1=92.475 Rec=93.009 Prec=91.958
Train Client3 [6/50] LR=0.0005000 loss=0.057 ACC=98.611 F1=98.536 Rec=98.431 Prec=98.646
Train Client4 [6/50] LR=0.0005000 loss=0.094 ACC=98.377 F1=87.895 Rec=85.459 Prec=91.191
Train Client5 [6/50] LR=0.0005000 loss=0.189 ACC=96.577 F1=52.008 Rec=59.857 Prec=48.177
Train Client6 [6/50] LR=0.0005000 loss=0.295 ACC=94.213 F1=91.751 Rec=93.180 Prec=90.569
Train Client7 [6/50] LR=0.0005000 loss=0.513 ACC=95.000 F1=90.517 Rec=97.778 Prec=86.667

Val    [6/50] LR=0.0005000 loss=1.141 ACC=98.571 F1=98.571 Rec=98.571 Prec=98.630

Test-  OSR [6/50] LR=0.0005000 ACC=37.036 F1=42.390 Rec=74.071 Prec=30.479 UNK=0.000 OS*=98.762 HOS=0.000 AUROC=62.403 AUPR=76.831 OSCR=62.164
Test-Close [6/50] LR=0.0005000 loss=1.145 ACC=98.762 F1=98.761 Rec=98.762 Prec=98.806
Saving best model . . . . . . . .

Train Client0 [7/50] LR=0.0005000 loss=0.302 ACC=94.290 F1=94.335 Rec=94.700 Prec=93.991
Train Client1 [7/50] LR=0.0005000 loss=0.111 ACC=96.429 F1=61.736 Rec=65.378 Prec=59.091
Train Client2 [7/50] LR=0.0005000 loss=0.146 ACC=96.992 F1=93.311 Rec=93.315 Prec=93.314
Train Client3 [7/50] LR=0.0005000 loss=0.040 ACC=99.537 F1=66.540 Rec=66.414 Prec=66.667
Train Client4 [7/50] LR=0.0005000 loss=0.115 ACC=97.619 F1=80.595 Rec=78.286 Prec=84.298
Train Client5 [7/50] LR=0.0005000 loss=0.224 ACC=96.429 F1=48.933 Rec=55.095 Prec=46.005
Train Client6 [7/50] LR=0.0005000 loss=0.263 ACC=94.676 F1=87.260 Rec=88.620 Prec=85.997
Train Client7 [7/50] LR=0.0005000 loss=0.493 ACC=92.500 F1=88.182 Rec=96.552 Prec=82.828

Val    [7/50] LR=0.0005000 loss=1.134 ACC=99.238 F1=99.238 Rec=99.238 Prec=99.248

Test-  OSR [7/50] LR=0.0005000 ACC=37.357 F1=43.165 Rec=74.714 Prec=31.141 UNK=0.000 OS*=99.619 HOS=0.000 AUROC=51.616 AUPR=69.492 OSCR=51.554
Test-Close [7/50] LR=0.0005000 loss=1.134 ACC=99.619 F1=99.619 Rec=99.619 Prec=99.623
Train Client0 [8/50] LR=0.0005000 loss=0.311 ACC=93.724 F1=93.929 Rec=94.187 Prec=93.688
Train Client1 [8/50] LR=0.0005000 loss=0.091 ACC=98.661 F1=66.423 Rec=66.184 Prec=66.667
Train Client2 [8/50] LR=0.0005000 loss=0.101 ACC=98.308 F1=95.748 Rec=95.302 Prec=96.215
Train Client3 [8/50] LR=0.0005000 loss=0.386 ACC=98.148 F1=98.068 Rec=98.485 Prec=97.727
Train Client4 [8/50] LR=0.0005000 loss=0.102 ACC=98.377 F1=89.570 Rec=87.730 Prec=91.845
Train Client5 [8/50] LR=0.0005000 loss=0.217 ACC=95.089 F1=45.188 Rec=51.070 Prec=42.494
Train Client6 [8/50] LR=0.0005000 loss=0.236 ACC=95.949 F1=94.172 Rec=94.032 Prec=94.315
Train Client7 [8/50] LR=0.0005000 loss=0.192 ACC=100.000 F1=100.000 Rec=100.000 Prec=100.000

Val    [8/50] LR=0.0005000 loss=1.150 ACC=98.476 F1=98.476 Rec=98.476 Prec=98.517

Test-  OSR [8/50] LR=0.0005000 ACC=37.143 F1=42.992 Rec=74.286 Prec=31.150 UNK=0.000 OS*=99.048 HOS=0.000 AUROC=56.416 AUPR=71.228 OSCR=56.206
Test-Close [8/50] LR=0.0005000 loss=1.153 ACC=99.048 F1=99.047 Rec=99.048 Prec=99.074
Train Client0 [9/50] LR=0.0005000 loss=0.310 ACC=94.650 F1=94.496 Rec=94.445 Prec=94.580
Train Client1 [9/50] LR=0.0005000 loss=0.075 ACC=97.768 F1=92.252 Rec=95.913 Prec=89.230
Train Client2 [9/50] LR=0.0005000 loss=0.136 ACC=98.308 F1=95.839 Rec=95.894 Prec=95.788
Train Client3 [9/50] LR=0.0005000 loss=0.322 ACC=93.981 F1=63.226 Rec=62.951 Prec=63.568
Train Client4 [9/50] LR=0.0005000 loss=0.085 ACC=98.864 F1=90.256 Rec=89.071 Prec=91.587
Train Client5 [9/50] LR=0.0005000 loss=0.210 ACC=96.131 F1=45.370 Rec=51.423 Prec=42.498
Train Client6 [9/50] LR=0.0005000 loss=0.215 ACC=95.486 F1=90.508 Rec=92.129 Prec=89.008
Train Client7 [9/50] LR=0.0005000 loss=0.303 ACC=95.000 F1=90.432 Rec=97.619 Prec=86.667

Val    [9/50] LR=0.0005000 loss=1.156 ACC=98.286 F1=98.285 Rec=98.286 Prec=98.370

Test-  OSR [9/50] LR=0.0005000 ACC=36.786 F1=42.908 Rec=73.571 Prec=31.529 UNK=0.000 OS*=98.095 HOS=0.000 AUROC=46.213 AUPR=62.517 OSCR=46.009
Test-Close [9/50] LR=0.0005000 loss=1.160 ACC=98.095 F1=98.094 Rec=98.095 Prec=98.198
Train Client0 [10/50] LR=0.0005000 loss=0.240 ACC=95.782 F1=95.194 Rec=95.567 Prec=94.833
Train Client1 [10/50] LR=0.0005000 loss=0.083 ACC=97.768 F1=63.556 Rec=65.862 Prec=61.667
Train Client2 [10/50] LR=0.0005000 loss=0.097 ACC=98.402 F1=95.232 Rec=95.291 Prec=95.174
Train Client3 [10/50] LR=0.0005000 loss=0.016 ACC=100.000 F1=100.000 Rec=100.000 Prec=100.000
Train Client4 [10/50] LR=0.0005000 loss=0.082 ACC=98.485 F1=86.822 Rec=85.512 Prec=88.365
Train Client5 [10/50] LR=0.0005000 loss=0.143 ACC=96.875 F1=55.465 Rec=69.381 Prec=49.794
Train Client6 [10/50] LR=0.0005000 loss=0.200 ACC=95.370 F1=90.408 Rec=92.094 Prec=88.853
Train Client7 [10/50] LR=0.0005000 loss=0.111 ACC=97.500 F1=92.749 Rec=98.851 Prec=88.889

Val    [10/50] LR=0.0005000 loss=1.142 ACC=98.571 F1=98.569 Rec=98.571 Prec=98.614

Test-  OSR [10/50] LR=0.0005000 ACC=37.000 F1=43.050 Rec=74.000 Prec=31.441 UNK=0.000 OS*=98.667 HOS=0.000 AUROC=48.979 AUPR=64.732 OSCR=48.798
Test-Close [10/50] LR=0.0005000 loss=1.144 ACC=98.667 F1=98.666 Rec=98.667 Prec=98.718
Saving model at epoch 10 . . . . . . . .

>> New learning Rate: 0.00025
Train Client0 [11/50] LR=0.0002500 loss=0.167 ACC=97.531 F1=97.719 Rec=97.993 Prec=97.452
Train Client1 [11/50] LR=0.0002500 loss=0.111 ACC=97.768 F1=66.259 Rec=65.862 Prec=66.667
Train Client2 [11/50] LR=0.0002500 loss=0.061 ACC=99.154 F1=97.785 Rec=98.020 Prec=97.553
Train Client3 [11/50] LR=0.0002500 loss=0.012 ACC=100.000 F1=100.000 Rec=100.000 Prec=100.000
Train Client4 [11/50] LR=0.0002500 loss=0.027 ACC=99.405 F1=93.696 Rec=95.040 Prec=92.484
Train Client5 [11/50] LR=0.0002500 loss=0.245 ACC=94.792 F1=51.099 Rec=65.103 Prec=46.086
Train Client6 [11/50] LR=0.0002500 loss=0.139 ACC=97.454 F1=96.586 Rec=97.466 Prec=95.740
Train Client7 [11/50] LR=0.0002500 loss=0.188 ACC=90.000 F1=84.103 Rec=95.238 Prec=80.952

Val    [11/50] LR=0.0002500 loss=1.111 ACC=99.048 F1=99.047 Rec=99.048 Prec=99.074

Test-  OSR [11/50] LR=0.0002500 ACC=37.143 F1=42.951 Rec=74.286 Prec=31.068 UNK=0.000 OS*=99.048 HOS=0.000 AUROC=55.155 AUPR=71.089 OSCR=55.034
Test-Close [11/50] LR=0.0002500 loss=1.115 ACC=99.048 F1=99.047 Rec=99.048 Prec=99.074
Train Client0 [12/50] LR=0.0002500 loss=0.141 ACC=97.479 F1=97.770 Rec=97.858 Prec=97.683
Train Client1 [12/50] LR=0.0002500 loss=0.074 ACC=98.214 F1=65.389 Rec=66.023 Prec=64.815
Train Client2 [12/50] LR=0.0002500 loss=0.022 ACC=99.718 F1=99.376 Rec=99.376 Prec=99.376
Train Client3 [12/50] LR=0.0002500 loss=0.195 ACC=98.148 F1=65.762 Rec=65.657 Prec=65.891
Train Client4 [12/50] LR=0.0002500 loss=0.031 ACC=99.567 F1=95.685 Rec=95.236 Prec=96.151
Train Client5 [12/50] LR=0.0002500 loss=0.208 ACC=95.089 F1=60.560 Rec=73.487 Prec=55.622
Train Client6 [12/50] LR=0.0002500 loss=0.112 ACC=98.264 F1=98.065 Rec=98.450 Prec=97.697
Train Client7 [12/50] LR=0.0002500 loss=0.173 ACC=97.500 F1=94.653 Rec=98.851 Prec=91.667

Val    [12/50] LR=0.0002500 loss=1.105 ACC=99.048 F1=99.047 Rec=99.048 Prec=99.065

Test-  OSR [12/50] LR=0.0002500 ACC=37.250 F1=43.044 Rec=74.500 Prec=31.082 UNK=0.000 OS*=99.333 HOS=0.000 AUROC=52.132 AUPR=69.158 OSCR=52.044
Test-Close [12/50] LR=0.0002500 loss=1.107 ACC=99.333 F1=99.333 Rec=99.333 Prec=99.346
Train Client0 [13/50] LR=0.0002500 loss=0.147 ACC=97.840 F1=98.323 Rec=98.343 Prec=98.303
Train Client1 [13/50] LR=0.0002500 loss=0.035 ACC=99.107 F1=66.505 Rec=66.345 Prec=66.667
Train Client2 [13/50] LR=0.0002500 loss=0.028 ACC=99.624 F1=99.217 Rec=99.338 Prec=99.098
Train Client3 [13/50] LR=0.0002500 loss=0.081 ACC=99.537 F1=66.467 Rec=66.270 Prec=66.667
Train Client4 [13/50] LR=0.0002500 loss=0.026 ACC=99.729 F1=97.035 Rec=97.533 Prec=96.554
Train Client5 [13/50] LR=0.0002500 loss=0.229 ACC=95.387 F1=65.867 Rec=90.154 Prec=59.947
Train Client6 [13/50] LR=0.0002500 loss=0.099 ACC=98.264 F1=98.056 Rec=98.132 Prec=97.980
Train Client7 [13/50] LR=0.0002500 loss=0.358 ACC=97.500 F1=94.632 Rec=98.810 Prec=91.667

Val    [13/50] LR=0.0002500 loss=1.100 ACC=99.143 F1=99.143 Rec=99.143 Prec=99.164

Test-  OSR [13/50] LR=0.0002500 ACC=37.250 F1=43.021 Rec=74.500 Prec=31.040 UNK=0.000 OS*=99.333 HOS=0.000 AUROC=55.538 AUPR=71.125 OSCR=55.436
Test-Close [13/50] LR=0.0002500 loss=1.105 ACC=99.333 F1=99.333 Rec=99.333 Prec=99.346
Train Client0 [14/50] LR=0.0002500 loss=0.126 ACC=97.942 F1=98.146 Rec=98.334 Prec=97.963
Train Client1 [14/50] LR=0.0002500 loss=0.019 ACC=100.000 F1=100.000 Rec=100.000 Prec=100.000
Train Client2 [14/50] LR=0.0002500 loss=0.033 ACC=99.530 F1=98.911 Rec=98.785 Prec=99.040
Train Client3 [14/50] LR=0.0002500 loss=0.003 ACC=100.000 F1=100.000 Rec=100.000 Prec=100.000
Train Client4 [14/50] LR=0.0002500 loss=0.046 ACC=99.459 F1=95.095 Rec=95.095 Prec=95.095
Train Client5 [14/50] LR=0.0002500 loss=0.199 ACC=96.280 F1=63.952 Rec=87.680 Prec=57.524
Train Client6 [14/50] LR=0.0002500 loss=0.092 ACC=98.495 F1=98.331 Rec=98.560 Prec=98.108
Train Client7 [14/50] LR=0.0002500 loss=0.125 ACC=97.500 F1=92.768 Rec=98.889 Prec=88.889

Val    [14/50] LR=0.0002500 loss=1.106 ACC=98.857 F1=98.857 Rec=98.857 Prec=98.874

Test-  OSR [14/50] LR=0.0002500 ACC=37.214 F1=42.994 Rec=74.429 Prec=31.044 UNK=0.000 OS*=99.238 HOS=0.000 AUROC=54.830 AUPR=71.339 OSCR=54.733
Test-Close [14/50] LR=0.0002500 loss=1.108 ACC=99.238 F1=99.238 Rec=99.238 Prec=99.255
Train Client0 [15/50] LR=0.0002500 loss=0.114 ACC=98.097 F1=98.528 Rec=98.639 Prec=98.423
Train Client1 [15/50] LR=0.0002500 loss=0.023 ACC=99.554 F1=98.364 Rec=99.760 Prec=97.059
Train Client2 [15/50] LR=0.0002500 loss=0.035 ACC=99.436 F1=98.890 Rec=99.130 Prec=98.652
Train Client3 [15/50] LR=0.0002500 loss=0.001 ACC=100.000 F1=100.000 Rec=100.000 Prec=100.000
Train Client4 [15/50] LR=0.0002500 loss=0.027 ACC=99.459 F1=94.787 Rec=96.160 Prec=93.554
Train Client5 [15/50] LR=0.0002500 loss=0.154 ACC=96.429 F1=64.664 Rec=76.670 Prec=60.743
Train Client6 [15/50] LR=0.0002500 loss=0.096 ACC=98.380 F1=98.190 Rec=98.344 Prec=98.040
Train Client7 [15/50] LR=0.0002500 loss=0.042 ACC=97.500 F1=94.653 Rec=98.851 Prec=91.667

Val    [15/50] LR=0.0002500 loss=1.128 ACC=98.667 F1=98.666 Rec=98.667 Prec=98.718

Test-  OSR [15/50] LR=0.0002500 ACC=36.929 F1=42.829 Rec=73.857 Prec=31.163 UNK=0.000 OS*=98.476 HOS=0.000 AUROC=46.923 AUPR=63.972 OSCR=46.800
Test-Close [15/50] LR=0.0002500 loss=1.131 ACC=98.476 F1=98.475 Rec=98.476 Prec=98.543
Saving model at epoch 15 . . . . . . . .

Train Client0 [16/50] LR=0.0002500 loss=0.131 ACC=97.685 F1=98.206 Rec=98.277 Prec=98.138
Train Client1 [16/50] LR=0.0002500 loss=0.036 ACC=99.107 F1=65.552 Rec=66.345 Prec=64.815
Train Client2 [16/50] LR=0.0002500 loss=0.032 ACC=99.248 F1=97.901 Rec=98.192 Prec=97.638
Train Client3 [16/50] LR=0.0002500 loss=0.001 ACC=100.000 F1=100.000 Rec=100.000 Prec=100.000
Train Client4 [16/50] LR=0.0002500 loss=0.031 ACC=99.405 F1=94.580 Rec=95.039 Prec=94.137
Train Client5 [16/50] LR=0.0002500 loss=0.229 ACC=95.833 F1=52.618 Rec=60.745 Prec=48.459
Train Client6 [16/50] LR=0.0002500 loss=0.093 ACC=98.380 F1=98.172 Rec=98.328 Prec=98.019
Train Client7 [16/50] LR=0.0002500 loss=0.222 ACC=95.000 F1=90.476 Rec=97.701 Prec=86.667

Val    [16/50] LR=0.0002500 loss=1.101 ACC=99.048 F1=99.047 Rec=99.048 Prec=99.065

Test-  OSR [16/50] LR=0.0002500 ACC=37.250 F1=43.067 Rec=74.500 Prec=31.124 UNK=0.000 OS*=99.333 HOS=0.000 AUROC=49.947 AUPR=68.058 OSCR=49.875
Test-Close [16/50] LR=0.0002500 loss=1.102 ACC=99.333 F1=99.333 Rec=99.333 Prec=99.346
Train Client0 [17/50] LR=0.0002500 loss=0.145 ACC=97.840 F1=98.228 Rec=98.191 Prec=98.268
Train Client1 [17/50] LR=0.0002500 loss=0.011 ACC=100.000 F1=100.000 Rec=100.000 Prec=100.000
Train Client2 [17/50] LR=0.0002500 loss=0.027 ACC=99.718 F1=99.320 Rec=99.381 Prec=99.260
Train Client3 [17/50] LR=0.0002500 loss=0.001 ACC=100.000 F1=100.000 Rec=100.000 Prec=100.000
Train Client4 [17/50] LR=0.0002500 loss=0.020 ACC=99.784 F1=97.419 Rec=96.373 Prec=98.551
Train Client5 [17/50] LR=0.0002500 loss=0.203 ACC=95.238 F1=57.073 Rec=65.255 Prec=52.568
Train Client6 [17/50] LR=0.0002500 loss=0.139 ACC=97.569 F1=97.252 Rec=97.177 Prec=97.327
Train Client7 [17/50] LR=0.0002500 loss=0.104 ACC=95.000 F1=87.739 Rec=97.778 Prec=83.333

Val    [17/50] LR=0.0002500 loss=1.101 ACC=99.048 F1=99.047 Rec=99.048 Prec=99.065

Test-  OSR [17/50] LR=0.0002500 ACC=37.286 F1=43.101 Rec=74.571 Prec=31.134 UNK=0.000 OS*=99.429 HOS=0.000 AUROC=50.152 AUPR=67.968 OSCR=50.066
Test-Close [17/50] LR=0.0002500 loss=1.102 ACC=99.429 F1=99.429 Rec=99.429 Prec=99.438
Train Client0 [18/50] LR=0.0002500 loss=0.117 ACC=98.045 F1=98.488 Rec=98.589 Prec=98.392
Train Client1 [18/50] LR=0.0002500 loss=0.020 ACC=99.554 F1=66.586 Rec=66.506 Prec=66.667
Train Client2 [18/50] LR=0.0002500 loss=0.023 ACC=99.624 F1=99.015 Rec=98.949 Prec=99.085
Train Client3 [18/50] LR=0.0002500 loss=0.007 ACC=99.537 F1=66.540 Rec=66.414 Prec=66.667
Train Client4 [18/50] LR=0.0002500 loss=0.013 ACC=99.675 F1=96.384 Rec=96.384 Prec=96.384
Train Client5 [18/50] LR=0.0002500 loss=0.168 ACC=96.429 F1=64.070 Rec=69.230 Prec=63.365
Train Client6 [18/50] LR=0.0002500 loss=0.095 ACC=98.264 F1=98.056 Rec=97.981 Prec=98.133
Train Client7 [18/50] LR=0.0002500 loss=0.152 ACC=97.500 F1=94.673 Rec=98.889 Prec=91.667

Val    [18/50] LR=0.0002500 loss=1.103 ACC=99.143 F1=99.143 Rec=99.143 Prec=99.156

Test-  OSR [18/50] LR=0.0002500 ACC=37.286 F1=43.081 Rec=74.571 Prec=31.097 UNK=0.000 OS*=99.429 HOS=0.000 AUROC=48.777 AUPR=67.418 OSCR=48.712
Test-Close [18/50] LR=0.0002500 loss=1.102 ACC=99.429 F1=99.429 Rec=99.429 Prec=99.438
Train Client0 [19/50] LR=0.0002500 loss=0.109 ACC=98.097 F1=98.352 Rec=98.443 Prec=98.265
Train Client1 [19/50] LR=0.0002500 loss=0.023 ACC=99.107 F1=66.505 Rec=66.345 Prec=66.667
Train Client2 [19/50] LR=0.0002500 loss=0.035 ACC=99.342 F1=97.938 Rec=97.817 Prec=98.061
Train Client3 [19/50] LR=0.0002500 loss=0.085 ACC=98.611 F1=66.284 Rec=65.909 Prec=66.667
Train Client4 [19/50] LR=0.0002500 loss=0.072 ACC=99.405 F1=95.545 Rec=95.041 Prec=96.068
Train Client5 [19/50] LR=0.0002500 loss=0.142 ACC=95.982 F1=66.134 Rec=73.790 Prec=63.733
Train Client6 [19/50] LR=0.0002500 loss=0.108 ACC=98.380 F1=98.190 Rec=98.190 Prec=98.190
Train Client7 [19/50] LR=0.0002500 loss=0.010 ACC=100.000 F1=100.000 Rec=100.000 Prec=100.000

Val    [19/50] LR=0.0002500 loss=1.108 ACC=99.143 F1=99.143 Rec=99.143 Prec=99.164

Test-  OSR [19/50] LR=0.0002500 ACC=37.250 F1=43.073 Rec=74.500 Prec=31.134 UNK=0.000 OS*=99.333 HOS=0.000 AUROC=51.489 AUPR=69.363 OSCR=51.406
Test-Close [19/50] LR=0.0002500 loss=1.105 ACC=99.333 F1=99.333 Rec=99.333 Prec=99.346
Train Client0 [20/50] LR=0.0002500 loss=0.108 ACC=98.148 F1=98.471 Rec=98.515 Prec=98.437
Train Client1 [20/50] LR=0.0002500 loss=0.004 ACC=100.000 F1=100.000 Rec=100.000 Prec=100.000
Train Client2 [20/50] LR=0.0002500 loss=0.008 ACC=99.812 F1=99.423 Rec=99.670 Prec=99.187
Train Client3 [20/50] LR=0.0002500 loss=0.006 ACC=100.000 F1=100.000 Rec=100.000 Prec=100.000
Train Client4 [20/50] LR=0.0002500 loss=0.028 ACC=99.675 F1=96.384 Rec=96.384 Prec=96.384
Train Client5 [20/50] LR=0.0002500 loss=0.141 ACC=96.429 F1=63.832 Rec=65.658 Prec=62.293
Train Client6 [20/50] LR=0.0002500 loss=0.084 ACC=98.727 F1=98.567 Rec=98.646 Prec=98.490
Train Client7 [20/50] LR=0.0002500 loss=0.010 ACC=100.000 F1=100.000 Rec=100.000 Prec=100.000

Val    [20/50] LR=0.0002500 loss=1.090 ACC=99.429 F1=99.429 Rec=99.429 Prec=99.429

Test-  OSR [20/50] LR=0.0002500 ACC=37.357 F1=43.215 Rec=74.714 Prec=31.224 UNK=0.000 OS*=99.619 HOS=0.000 AUROC=50.781 AUPR=69.641 OSCR=50.743
Test-Close [20/50] LR=0.0002500 loss=1.088 ACC=99.619 F1=99.619 Rec=99.619 Prec=99.623
Saving model at epoch 20 . . . . . . . .

Train Client0 [21/50] LR=0.0002500 loss=0.101 ACC=98.508 F1=98.848 Rec=99.001 Prec=98.705
Train Client1 [21/50] LR=0.0002500 loss=0.006 ACC=100.000 F1=100.000 Rec=100.000 Prec=100.000
Train Client2 [21/50] LR=0.0002500 loss=0.017 ACC=99.624 F1=99.035 Rec=99.216 Prec=98.857
Train Client3 [21/50] LR=0.0002500 loss=0.004 ACC=100.000 F1=100.000 Rec=100.000 Prec=100.000
Train Client4 [21/50] LR=0.0002500 loss=0.048 ACC=99.405 F1=94.714 Rec=93.769 Prec=95.737
Train Client5 [21/50] LR=0.0002500 loss=0.162 ACC=95.982 F1=63.754 Rec=65.507 Prec=62.292
Train Client6 [21/50] LR=0.0002500 loss=0.104 ACC=98.958 F1=98.822 Rec=98.588 Prec=99.063
Train Client7 [21/50] LR=0.0002500 loss=0.004 ACC=100.000 F1=100.000 Rec=100.000 Prec=100.000

Val    [21/50] LR=0.0002500 loss=1.098 ACC=99.143 F1=99.143 Rec=99.143 Prec=99.164

Test-  OSR [21/50] LR=0.0002500 ACC=37.250 F1=43.067 Rec=74.500 Prec=31.124 UNK=0.000 OS*=99.333 HOS=0.000 AUROC=50.792 AUPR=69.330 OSCR=50.713
Test-Close [21/50] LR=0.0002500 loss=1.096 ACC=99.333 F1=99.333 Rec=99.333 Prec=99.346
Train Client0 [22/50] LR=0.0002500 loss=0.124 ACC=97.994 F1=98.272 Rec=98.189 Prec=98.364
Train Client1 [22/50] LR=0.0002500 loss=0.005 ACC=100.000 F1=100.000 Rec=100.000 Prec=100.000
Train Client2 [22/50] LR=0.0002500 loss=0.029 ACC=99.342 F1=98.638 Rec=98.456 Prec=98.834
Train Client3 [22/50] LR=0.0002500 loss=0.016 ACC=99.537 F1=66.540 Rec=66.414 Prec=66.667
Train Client4 [22/50] LR=0.0002500 loss=0.017 ACC=99.675 F1=96.384 Rec=97.396 Prec=95.444
Train Client5 [22/50] LR=0.0002500 loss=0.166 ACC=95.685 F1=60.066 Rec=65.406 Prec=56.510
Train Client6 [22/50] LR=0.0002500 loss=0.131 ACC=98.148 F1=97.922 Rec=97.771 Prec=98.075
Train Client7 [22/50] LR=0.0002500 loss=0.122 ACC=100.000 F1=100.000 Rec=100.000 Prec=100.000

Val    [22/50] LR=0.0002500 loss=1.101 ACC=99.143 F1=99.143 Rec=99.143 Prec=99.164

Test-  OSR [22/50] LR=0.0002500 ACC=37.250 F1=43.049 Rec=74.500 Prec=31.086 UNK=0.000 OS*=99.333 HOS=0.000 AUROC=52.298 AUPR=69.565 OSCR=52.213
Test-Close [22/50] LR=0.0002500 loss=1.101 ACC=99.333 F1=99.333 Rec=99.333 Prec=99.346
>> New learning Rate: 0.000125
Train Client0 [23/50] LR=0.0001250 loss=0.068 ACC=98.868 F1=99.123 Rec=99.185 Prec=99.063
Train Client1 [23/50] LR=0.0001250 loss=0.017 ACC=99.554 F1=66.586 Rec=66.506 Prec=66.667
Train Client2 [23/50] LR=0.0001250 loss=0.019 ACC=99.718 F1=99.138 Rec=99.258 Prec=99.021
Train Client3 [23/50] LR=0.0001250 loss=0.170 ACC=96.296 F1=65.428 Rec=64.646 Prec=66.275
Train Client4 [23/50] LR=0.0001250 loss=0.024 ACC=99.621 F1=95.850 Rec=96.328 Prec=95.388
Train Client5 [23/50] LR=0.0001250 loss=0.227 ACC=96.131 F1=68.499 Rec=98.691 Prec=62.963
Train Client6 [23/50] LR=0.0001250 loss=0.059 ACC=99.190 F1=99.106 Rec=99.497 Prec=98.731
Train Client7 [23/50] LR=0.0001250 loss=0.182 ACC=97.500 F1=92.768 Rec=98.889 Prec=88.889

Val    [23/50] LR=0.0001250 loss=1.098 ACC=99.238 F1=99.238 Rec=99.238 Prec=99.255

Test-  OSR [23/50] LR=0.0001250 ACC=37.321 F1=43.110 Rec=74.643 Prec=31.099 UNK=0.000 OS*=99.524 HOS=0.000 AUROC=51.063 AUPR=68.860 OSCR=51.051
Test-Close [23/50] LR=0.0001250 loss=1.096 ACC=99.524 F1=99.524 Rec=99.524 Prec=99.531
Train Client0 [24/50] LR=0.0001250 loss=0.061 ACC=99.126 F1=99.323 Rec=99.438 Prec=99.215
Train Client1 [24/50] LR=0.0001250 loss=0.024 ACC=99.107 F1=66.505 Rec=66.345 Prec=66.667
Train Client2 [24/50] LR=0.0001250 loss=0.002 ACC=100.000 F1=100.000 Rec=100.000 Prec=100.000
Train Client3 [24/50] LR=0.0001250 loss=0.126 ACC=97.222 F1=65.891 Rec=65.152 Prec=66.667
Train Client4 [24/50] LR=0.0001250 loss=0.020 ACC=99.784 F1=97.590 Rec=97.590 Prec=97.590
Train Client5 [24/50] LR=0.0001250 loss=0.170 ACC=96.131 F1=71.857 Rec=98.689 Prec=67.098
Train Client6 [24/50] LR=0.0001250 loss=0.053 ACC=99.306 F1=99.228 Rec=99.545 Prec=98.922
Train Client7 [24/50] LR=0.0001250 loss=0.024 ACC=100.000 F1=100.000 Rec=100.000 Prec=100.000

Val    [24/50] LR=0.0001250 loss=1.090 ACC=99.333 F1=99.333 Rec=99.333 Prec=99.340

Test-  OSR [24/50] LR=0.0001250 ACC=37.321 F1=43.095 Rec=74.643 Prec=31.071 UNK=0.000 OS*=99.524 HOS=0.000 AUROC=53.467 AUPR=70.807 OSCR=53.409
Test-Close [24/50] LR=0.0001250 loss=1.087 ACC=99.524 F1=99.524 Rec=99.524 Prec=99.531
Train Client0 [25/50] LR=0.0001250 loss=0.090 ACC=98.714 F1=99.005 Rec=99.097 Prec=98.916
Train Client1 [25/50] LR=0.0001250 loss=0.004 ACC=100.000 F1=100.000 Rec=100.000 Prec=100.000
Train Client2 [25/50] LR=0.0001250 loss=0.007 ACC=99.906 F1=99.710 Rec=99.588 Prec=99.835
Train Client3 [25/50] LR=0.0001250 loss=0.077 ACC=96.296 F1=65.625 Rec=64.646 Prec=66.667
Train Client4 [25/50] LR=0.0001250 loss=0.006 ACC=99.892 F1=98.833 Rec=99.888 Prec=97.849
Train Client5 [25/50] LR=0.0001250 loss=0.202 ACC=95.685 F1=71.104 Rec=98.538 Prec=66.667
Train Client6 [25/50] LR=0.0001250 loss=0.052 ACC=99.306 F1=99.220 Rec=99.380 Prec=99.064
Train Client7 [25/50] LR=0.0001250 loss=0.096 ACC=97.500 F1=94.673 Rec=98.889 Prec=91.667

Val    [25/50] LR=0.0001250 loss=1.092 ACC=99.333 F1=99.333 Rec=99.333 Prec=99.346

Test-  OSR [25/50] LR=0.0001250 ACC=37.321 F1=43.088 Rec=74.643 Prec=31.064 UNK=0.000 OS*=99.524 HOS=0.000 AUROC=58.010 AUPR=73.840 OSCR=57.949
Test-Close [25/50] LR=0.0001250 loss=1.090 ACC=99.524 F1=99.524 Rec=99.524 Prec=99.531
Saving model at epoch 25 . . . . . . . .

Train Client0 [26/50] LR=0.0001250 loss=0.065 ACC=98.920 F1=99.163 Rec=99.236 Prec=99.094
Train Client1 [26/50] LR=0.0001250 loss=0.005 ACC=100.000 F1=100.000 Rec=100.000 Prec=100.000
Train Client2 [26/50] LR=0.0001250 loss=0.006 ACC=99.812 F1=99.423 Rec=99.670 Prec=99.187
Train Client3 [26/50] LR=0.0001250 loss=0.059 ACC=99.074 F1=66.215 Rec=66.162 Prec=66.275
Train Client4 [26/50] LR=0.0001250 loss=0.004 ACC=99.892 F1=98.795 Rec=98.795 Prec=98.795
Train Client5 [26/50] LR=0.0001250 loss=0.148 ACC=96.131 F1=70.228 Rec=90.406 Prec=66.151
Train Client6 [26/50] LR=0.0001250 loss=0.056 ACC=99.074 F1=98.971 Rec=99.126 Prec=98.818
Train Client7 [26/50] LR=0.0001250 loss=0.109 ACC=97.500 F1=94.653 Rec=98.851 Prec=91.667

Val    [26/50] LR=0.0001250 loss=1.092 ACC=99.333 F1=99.333 Rec=99.333 Prec=99.340

Test-  OSR [26/50] LR=0.0001250 ACC=37.321 F1=43.097 Rec=74.643 Prec=31.073 UNK=0.000 OS*=99.524 HOS=0.000 AUROC=58.774 AUPR=74.425 OSCR=58.716
Test-Close [26/50] LR=0.0001250 loss=1.092 ACC=99.524 F1=99.524 Rec=99.524 Prec=99.531
Train Client0 [27/50] LR=0.0001250 loss=0.086 ACC=98.663 F1=98.963 Rec=99.025 Prec=98.903
Train Client1 [27/50] LR=0.0001250 loss=0.009 ACC=99.554 F1=66.586 Rec=66.506 Prec=66.667
Train Client2 [27/50] LR=0.0001250 loss=0.017 ACC=99.812 F1=99.606 Rec=99.670 Prec=99.546
Train Client3 [27/50] LR=0.0001250 loss=0.049 ACC=97.685 F1=66.023 Rec=65.404 Prec=66.667
Train Client4 [27/50] LR=0.0001250 loss=0.011 ACC=99.892 F1=98.795 Rec=98.795 Prec=98.795
Train Client5 [27/50] LR=0.0001250 loss=0.167 ACC=95.685 F1=73.126 Rec=98.538 Prec=70.707
Train Client6 [27/50] LR=0.0001250 loss=0.071 ACC=99.074 F1=98.383 Rec=99.119 Prec=97.676
Train Client7 [27/50] LR=0.0001250 loss=0.003 ACC=100.000 F1=100.000 Rec=100.000 Prec=100.000

Val    [27/50] LR=0.0001250 loss=1.094 ACC=99.143 F1=99.143 Rec=99.143 Prec=99.164

Test-  OSR [27/50] LR=0.0001250 ACC=37.286 F1=43.062 Rec=74.571 Prec=31.064 UNK=0.000 OS*=99.429 HOS=0.000 AUROC=55.133 AUPR=71.452 OSCR=55.066
Test-Close [27/50] LR=0.0001250 loss=1.096 ACC=99.429 F1=99.429 Rec=99.429 Prec=99.438
Train Client0 [28/50] LR=0.0001250 loss=0.089 ACC=98.765 F1=99.045 Rec=99.169 Prec=98.928
Train Client1 [28/50] LR=0.0001250 loss=0.020 ACC=99.554 F1=66.586 Rec=66.506 Prec=66.667
Train Client2 [28/50] LR=0.0001250 loss=0.014 ACC=99.906 F1=99.705 Rec=99.578 Prec=99.835
Train Client3 [28/50] LR=0.0001250 loss=0.007 ACC=99.537 F1=66.540 Rec=66.414 Prec=66.667
Train Client4 [28/50] LR=0.0001250 loss=0.002 ACC=99.892 F1=98.833 Rec=99.888 Prec=97.849
Train Client5 [28/50] LR=0.0001250 loss=0.170 ACC=96.726 F1=73.246 Rec=90.608 Prec=70.781
Train Client6 [28/50] LR=0.0001250 loss=0.061 ACC=99.306 F1=99.221 Rec=99.221 Prec=99.221
Train Client7 [28/50] LR=0.0001250 loss=0.251 ACC=97.500 F1=94.632 Rec=98.810 Prec=91.667

Val    [28/50] LR=0.0001250 loss=1.098 ACC=99.143 F1=99.143 Rec=99.143 Prec=99.164

Test-  OSR [28/50] LR=0.0001250 ACC=37.286 F1=43.077 Rec=74.571 Prec=31.090 UNK=0.000 OS*=99.429 HOS=0.000 AUROC=55.178 AUPR=71.380 OSCR=55.139
Test-Close [28/50] LR=0.0001250 loss=1.100 ACC=99.429 F1=99.429 Rec=99.429 Prec=99.438
Train Client0 [29/50] LR=0.0001250 loss=0.089 ACC=98.663 F1=98.963 Rec=98.983 Prec=98.942
Train Client1 [29/50] LR=0.0001250 loss=0.016 ACC=99.554 F1=66.586 Rec=66.506 Prec=66.667
Train Client2 [29/50] LR=0.0001250 loss=0.005 ACC=99.906 F1=99.710 Rec=99.588 Prec=99.835
Train Client3 [29/50] LR=0.0001250 loss=0.001 ACC=100.000 F1=100.000 Rec=100.000 Prec=100.000
Train Client4 [29/50] LR=0.0001250 loss=0.019 ACC=99.838 F1=98.221 Rec=98.739 Prec=97.722
Train Client5 [29/50] LR=0.0001250 loss=0.135 ACC=97.619 F1=75.350 Rec=90.910 Prec=72.171
Train Client6 [29/50] LR=0.0001250 loss=0.060 ACC=99.190 F1=99.088 Rec=99.168 Prec=99.009
Train Client7 [29/50] LR=0.0001250 loss=0.114 ACC=97.500 F1=94.632 Rec=98.810 Prec=91.667

Val    [29/50] LR=0.0001250 loss=1.094 ACC=99.333 F1=99.333 Rec=99.333 Prec=99.340

Test-  OSR [29/50] LR=0.0001250 ACC=37.286 F1=43.028 Rec=74.571 Prec=31.011 UNK=0.000 OS*=99.429 HOS=0.000 AUROC=54.618 AUPR=71.176 OSCR=54.546
Test-Close [29/50] LR=0.0001250 loss=1.093 ACC=99.429 F1=99.429 Rec=99.429 Prec=99.438
Train Client0 [30/50] LR=0.0001250 loss=0.058 ACC=99.126 F1=99.322 Rec=99.353 Prec=99.291
Train Client1 [30/50] LR=0.0001250 loss=0.019 ACC=99.107 F1=66.505 Rec=66.345 Prec=66.667
Train Client2 [30/50] LR=0.0001250 loss=0.034 ACC=99.718 F1=99.131 Rec=99.011 Prec=99.253
Train Client3 [30/50] LR=0.0001250 loss=0.000 ACC=100.000 F1=100.000 Rec=100.000 Prec=100.000
Train Client4 [30/50] LR=0.0001250 loss=0.054 ACC=99.621 F1=97.465 Rec=97.422 Prec=97.507
Train Client5 [30/50] LR=0.0001250 loss=0.110 ACC=97.768 F1=77.878 Rec=99.244 Prec=73.684
Train Client6 [30/50] LR=0.0001250 loss=0.054 ACC=99.190 F1=99.101 Rec=99.336 Prec=98.873
Train Client7 [30/50] LR=0.0001250 loss=0.017 ACC=100.000 F1=100.000 Rec=100.000 Prec=100.000

Val    [30/50] LR=0.0001250 loss=1.098 ACC=99.333 F1=99.333 Rec=99.333 Prec=99.340

Test-  OSR [30/50] LR=0.0001250 ACC=37.357 F1=43.155 Rec=74.714 Prec=31.129 UNK=0.000 OS*=99.619 HOS=0.000 AUROC=50.844 AUPR=67.932 OSCR=50.774
Test-Close [30/50] LR=0.0001250 loss=1.094 ACC=99.619 F1=99.619 Rec=99.619 Prec=99.623
Saving model at epoch 30 . . . . . . . .

Train Client0 [31/50] LR=0.0001250 loss=0.063 ACC=98.714 F1=99.003 Rec=99.034 Prec=98.973
Train Client1 [31/50] LR=0.0001250 loss=0.007 ACC=100.000 F1=100.000 Rec=100.000 Prec=100.000
Train Client2 [31/50] LR=0.0001250 loss=0.020 ACC=99.624 F1=98.849 Rec=98.849 Prec=98.849
Train Client3 [31/50] LR=0.0001250 loss=0.000 ACC=100.000 F1=100.000 Rec=100.000 Prec=100.000
Train Client4 [31/50] LR=0.0001250 loss=0.008 ACC=99.838 F1=98.221 Rec=98.739 Prec=97.722
Train Client5 [31/50] LR=0.0001250 loss=0.088 ACC=98.958 F1=81.874 Rec=91.364 Prec=77.727
Train Client6 [31/50] LR=0.0001250 loss=0.060 ACC=99.074 F1=98.966 Rec=99.123 Prec=98.811
Train Client7 [31/50] LR=0.0001250 loss=0.005 ACC=100.000 F1=100.000 Rec=100.000 Prec=100.000

Val    [31/50] LR=0.0001250 loss=1.094 ACC=99.333 F1=99.333 Rec=99.333 Prec=99.340

Test-  OSR [31/50] LR=0.0001250 ACC=37.321 F1=43.097 Rec=74.643 Prec=31.077 UNK=0.000 OS*=99.524 HOS=0.000 AUROC=52.665 AUPR=69.870 OSCR=52.605
Test-Close [31/50] LR=0.0001250 loss=1.092 ACC=99.524 F1=99.524 Rec=99.524 Prec=99.531
Train Client0 [32/50] LR=0.0001250 loss=0.086 ACC=98.920 F1=99.163 Rec=99.236 Prec=99.094
Train Client1 [32/50] LR=0.0001250 loss=0.019 ACC=99.554 F1=66.586 Rec=66.506 Prec=66.667
Train Client2 [32/50] LR=0.0001250 loss=0.012 ACC=99.906 F1=99.710 Rec=99.835 Prec=99.588
Train Client3 [32/50] LR=0.0001250 loss=0.058 ACC=98.148 F1=65.957 Rec=65.657 Prec=66.275
Train Client4 [32/50] LR=0.0001250 loss=0.008 ACC=99.784 F1=97.589 Rec=97.589 Prec=97.589
Train Client5 [32/50] LR=0.0001250 loss=0.080 ACC=97.470 F1=72.583 Rec=82.577 Prec=70.485
Train Client6 [32/50] LR=0.0001250 loss=0.060 ACC=99.421 F1=99.355 Rec=99.434 Prec=99.277
Train Client7 [32/50] LR=0.0001250 loss=0.022 ACC=100.000 F1=100.000 Rec=100.000 Prec=100.000

Val    [32/50] LR=0.0001250 loss=1.086 ACC=99.524 F1=99.524 Rec=99.524 Prec=99.526

Test-  OSR [32/50] LR=0.0001250 ACC=37.357 F1=43.221 Rec=74.714 Prec=31.234 UNK=0.000 OS*=99.619 HOS=0.000 AUROC=54.437 AUPR=71.209 OSCR=54.399
Test-Close [32/50] LR=0.0001250 loss=1.087 ACC=99.619 F1=99.619 Rec=99.619 Prec=99.623
Train Client0 [33/50] LR=0.0001250 loss=0.059 ACC=98.765 F1=98.945 Rec=99.084 Prec=98.807
Train Client1 [33/50] LR=0.0001250 loss=0.005 ACC=100.000 F1=100.000 Rec=100.000 Prec=100.000
Train Client2 [33/50] LR=0.0001250 loss=0.004 ACC=100.000 F1=100.000 Rec=100.000 Prec=100.000
Train Client3 [33/50] LR=0.0001250 loss=0.044 ACC=99.074 F1=66.412 Rec=66.162 Prec=66.667
Train Client4 [33/50] LR=0.0001250 loss=0.000 ACC=100.000 F1=100.000 Rec=100.000 Prec=100.000
Train Client5 [33/50] LR=0.0001250 loss=0.099 ACC=99.107 F1=85.562 Rec=99.697 Prec=80.000
Train Client6 [33/50] LR=0.0001250 loss=0.056 ACC=99.190 F1=99.093 Rec=99.172 Prec=99.015
Train Client7 [33/50] LR=0.0001250 loss=0.038 ACC=100.000 F1=100.000 Rec=100.000 Prec=100.000

Val    [33/50] LR=0.0001250 loss=1.089 ACC=99.429 F1=99.429 Rec=99.429 Prec=99.429

Test-  OSR [33/50] LR=0.0001250 ACC=37.429 F1=43.338 Rec=74.857 Prec=31.345 UNK=0.000 OS*=99.810 HOS=0.000 AUROC=54.878 AUPR=71.132 OSCR=54.853
Test-Close [33/50] LR=0.0001250 loss=1.087 ACC=99.810 F1=99.810 Rec=99.810 Prec=99.811
Train Client0 [34/50] LR=0.0001250 loss=0.081 ACC=98.817 F1=99.084 Rec=99.156 Prec=99.014
Train Client1 [34/50] LR=0.0001250 loss=0.005 ACC=100.000 F1=100.000 Rec=100.000 Prec=100.000
Train Client2 [34/50] LR=0.0001250 loss=0.005 ACC=99.906 F1=99.708 Rec=99.583 Prec=99.837
Train Client3 [34/50] LR=0.0001250 loss=0.028 ACC=99.537 F1=66.540 Rec=66.414 Prec=66.667
Train Client4 [34/50] LR=0.0001250 loss=0.015 ACC=99.784 F1=97.604 Rec=97.589 Prec=97.618
Train Client5 [34/50] LR=0.0001250 loss=0.084 ACC=98.810 F1=83.130 Rec=99.597 Prec=77.778
Train Client6 [34/50] LR=0.0001250 loss=0.051 ACC=99.653 F1=99.609 Rec=99.854 Prec=99.371
Train Client7 [34/50] LR=0.0001250 loss=0.032 ACC=97.500 F1=94.653 Rec=98.851 Prec=91.667

Val    [34/50] LR=0.0001250 loss=1.089 ACC=99.429 F1=99.429 Rec=99.429 Prec=99.430

Test-  OSR [34/50] LR=0.0001250 ACC=37.321 F1=43.115 Rec=74.643 Prec=31.102 UNK=0.000 OS*=99.524 HOS=0.000 AUROC=51.713 AUPR=69.613 OSCR=51.655
Test-Close [34/50] LR=0.0001250 loss=1.092 ACC=99.524 F1=99.524 Rec=99.524 Prec=99.531
>> New learning Rate: 6.25e-05
Train Client0 [35/50] LR=0.0000625 loss=0.051 ACC=99.177 F1=99.362 Rec=99.404 Prec=99.321
Train Client1 [35/50] LR=0.0000625 loss=0.006 ACC=100.000 F1=100.000 Rec=100.000 Prec=100.000
Train Client2 [35/50] LR=0.0000625 loss=0.011 ACC=99.812 F1=99.428 Rec=99.670 Prec=99.197
Train Client3 [35/50] LR=0.0000625 loss=0.000 ACC=100.000 F1=100.000 Rec=100.000 Prec=100.000
Train Client4 [35/50] LR=0.0000625 loss=0.000 ACC=100.000 F1=100.000 Rec=100.000 Prec=100.000
Train Client5 [35/50] LR=0.0000625 loss=0.127 ACC=97.917 F1=78.431 Rec=99.294 Prec=74.074
Train Client6 [35/50] LR=0.0000625 loss=0.049 ACC=99.421 F1=99.355 Rec=99.434 Prec=99.277
Train Client7 [35/50] LR=0.0000625 loss=0.005 ACC=100.000 F1=100.000 Rec=100.000 Prec=100.000

Val    [35/50] LR=0.0000625 loss=1.090 ACC=99.429 F1=99.429 Rec=99.429 Prec=99.433

Test-  OSR [35/50] LR=0.0000625 ACC=37.286 F1=43.052 Rec=74.571 Prec=31.043 UNK=0.000 OS*=99.429 HOS=0.000 AUROC=55.585 AUPR=71.533 OSCR=55.541
Test-Close [35/50] LR=0.0000625 loss=1.094 ACC=99.429 F1=99.429 Rec=99.429 Prec=99.438
Saving model at epoch 35 . . . . . . . .

Train Client0 [36/50] LR=0.0000625 loss=0.058 ACC=99.228 F1=99.402 Rec=99.475 Prec=99.332
Train Client1 [36/50] LR=0.0000625 loss=0.020 ACC=99.554 F1=98.450 Rec=99.758 Prec=97.222
Train Client2 [36/50] LR=0.0000625 loss=0.003 ACC=99.812 F1=99.427 Rec=99.668 Prec=99.197
Train Client3 [36/50] LR=0.0000625 loss=0.016 ACC=99.537 F1=66.540 Rec=66.414 Prec=66.667
Train Client4 [36/50] LR=0.0000625 loss=0.005 ACC=99.892 F1=98.795 Rec=98.795 Prec=98.795
Train Client5 [36/50] LR=0.0000625 loss=0.120 ACC=98.363 F1=80.422 Rec=99.446 Prec=75.556
Train Client6 [36/50] LR=0.0000625 loss=0.026 ACC=99.653 F1=99.613 Rec=99.853 Prec=99.379
Train Client7 [36/50] LR=0.0000625 loss=0.102 ACC=97.500 F1=94.653 Rec=98.851 Prec=91.667

Val    [36/50] LR=0.0000625 loss=1.089 ACC=99.524 F1=99.524 Rec=99.524 Prec=99.524

Test-  OSR [36/50] LR=0.0000625 ACC=37.321 F1=43.161 Rec=74.643 Prec=31.176 UNK=0.000 OS*=99.524 HOS=0.000 AUROC=52.061 AUPR=69.442 OSCR=52.008
Test-Close [36/50] LR=0.0000625 loss=1.092 ACC=99.524 F1=99.524 Rec=99.524 Prec=99.531
Train Client0 [37/50] LR=0.0000625 loss=0.046 ACC=99.331 F1=99.482 Rec=99.534 Prec=99.431
Train Client1 [37/50] LR=0.0000625 loss=0.006 ACC=100.000 F1=100.000 Rec=100.000 Prec=100.000
Train Client2 [37/50] LR=0.0000625 loss=0.003 ACC=99.812 F1=99.428 Rec=99.670 Prec=99.197
Train Client3 [37/50] LR=0.0000625 loss=0.009 ACC=99.537 F1=66.540 Rec=66.414 Prec=66.667
Train Client4 [37/50] LR=0.0000625 loss=0.015 ACC=99.892 F1=98.795 Rec=98.795 Prec=98.795
Train Client5 [37/50] LR=0.0000625 loss=0.117 ACC=98.512 F1=81.227 Rec=99.496 Prec=76.190
Train Client6 [37/50] LR=0.0000625 loss=0.031 ACC=99.769 F1=99.741 Rec=99.741 Prec=99.741
Train Client7 [37/50] LR=0.0000625 loss=0.002 ACC=100.000 F1=100.000 Rec=100.000 Prec=100.000

Val    [37/50] LR=0.0000625 loss=1.088 ACC=99.524 F1=99.524 Rec=99.524 Prec=99.524

Test-  OSR [37/50] LR=0.0000625 ACC=37.357 F1=43.248 Rec=74.714 Prec=31.279 UNK=0.000 OS*=99.619 HOS=0.000 AUROC=51.678 AUPR=69.128 OSCR=51.648
Test-Close [37/50] LR=0.0000625 loss=1.090 ACC=99.619 F1=99.619 Rec=99.619 Prec=99.623
Train Client0 [38/50] LR=0.0000625 loss=0.044 ACC=99.177 F1=99.362 Rec=99.404 Prec=99.321
Train Client1 [38/50] LR=0.0000625 loss=0.006 ACC=100.000 F1=100.000 Rec=100.000 Prec=100.000
Train Client2 [38/50] LR=0.0000625 loss=0.009 ACC=99.906 F1=99.713 Rec=99.835 Prec=99.593
Train Client3 [38/50] LR=0.0000625 loss=0.018 ACC=99.074 F1=66.412 Rec=66.162 Prec=66.667
Train Client4 [38/50] LR=0.0000625 loss=0.004 ACC=99.946 F1=99.407 Rec=99.944 Prec=98.889
Train Client5 [38/50] LR=0.0000625 loss=0.100 ACC=98.214 F1=79.695 Rec=99.395 Prec=75.000
Train Client6 [38/50] LR=0.0000625 loss=0.054 ACC=99.190 F1=99.106 Rec=99.497 Prec=98.731
Train Client7 [38/50] LR=0.0000625 loss=0.053 ACC=97.500 F1=94.653 Rec=98.851 Prec=91.667

Val    [38/50] LR=0.0000625 loss=1.086 ACC=99.524 F1=99.524 Rec=99.524 Prec=99.524

Test-  OSR [38/50] LR=0.0000625 ACC=37.393 F1=43.279 Rec=74.786 Prec=31.289 UNK=0.000 OS*=99.714 HOS=0.000 AUROC=50.754 AUPR=68.652 OSCR=50.737
Test-Close [38/50] LR=0.0000625 loss=1.089 ACC=99.714 F1=99.714 Rec=99.714 Prec=99.717
Train Client0 [39/50] LR=0.0000625 loss=0.036 ACC=99.434 F1=99.562 Rec=99.614 Prec=99.511
Train Client1 [39/50] LR=0.0000625 loss=0.005 ACC=100.000 F1=100.000 Rec=100.000 Prec=100.000
Train Client2 [39/50] LR=0.0000625 loss=0.000 ACC=100.000 F1=100.000 Rec=100.000 Prec=100.000
Train Client3 [39/50] LR=0.0000625 loss=0.028 ACC=99.074 F1=66.215 Rec=66.162 Prec=66.275
Train Client4 [39/50] LR=0.0000625 loss=0.001 ACC=100.000 F1=100.000 Rec=100.000 Prec=100.000
Train Client5 [39/50] LR=0.0000625 loss=0.169 ACC=97.768 F1=76.183 Rec=99.244 Prec=69.907
Train Client6 [39/50] LR=0.0000625 loss=0.044 ACC=99.306 F1=99.228 Rec=99.545 Prec=98.922
Train Client7 [39/50] LR=0.0000625 loss=0.002 ACC=100.000 F1=100.000 Rec=100.000 Prec=100.000

Val    [39/50] LR=0.0000625 loss=1.091 ACC=99.524 F1=99.524 Rec=99.524 Prec=99.526

Test-  OSR [39/50] LR=0.0000625 ACC=37.286 F1=43.064 Rec=74.571 Prec=31.060 UNK=0.000 OS*=99.429 HOS=0.000 AUROC=50.107 AUPR=68.027 OSCR=50.050
Test-Close [39/50] LR=0.0000625 loss=1.095 ACC=99.429 F1=99.429 Rec=99.429 Prec=99.438
Train Client0 [40/50] LR=0.0000625 loss=0.065 ACC=99.126 F1=99.322 Rec=99.374 Prec=99.272
Train Client1 [40/50] LR=0.0000625 loss=0.002 ACC=100.000 F1=100.000 Rec=100.000 Prec=100.000
Train Client2 [40/50] LR=0.0000625 loss=0.001 ACC=100.000 F1=100.000 Rec=100.000 Prec=100.000
Train Client3 [40/50] LR=0.0000625 loss=0.025 ACC=98.611 F1=66.284 Rec=65.909 Prec=66.667
Train Client4 [40/50] LR=0.0000625 loss=0.001 ACC=100.000 F1=100.000 Rec=100.000 Prec=100.000
Train Client5 [40/50] LR=0.0000625 loss=0.159 ACC=98.512 F1=81.227 Rec=99.496 Prec=76.190
Train Client6 [40/50] LR=0.0000625 loss=0.033 ACC=99.653 F1=99.613 Rec=99.853 Prec=99.379
Train Client7 [40/50] LR=0.0000625 loss=0.003 ACC=100.000 F1=100.000 Rec=100.000 Prec=100.000

Val    [40/50] LR=0.0000625 loss=1.092 ACC=99.429 F1=99.429 Rec=99.429 Prec=99.430

Test-  OSR [40/50] LR=0.0000625 ACC=37.286 F1=43.070 Rec=74.571 Prec=31.070 UNK=0.000 OS*=99.429 HOS=0.000 AUROC=51.537 AUPR=68.825 OSCR=51.483
Test-Close [40/50] LR=0.0000625 loss=1.097 ACC=99.429 F1=99.429 Rec=99.429 Prec=99.438
Saving model at epoch 40 . . . . . . . .

Train Client0 [41/50] LR=0.0000625 loss=0.044 ACC=99.280 F1=99.442 Rec=99.505 Prec=99.382
Train Client1 [41/50] LR=0.0000625 loss=0.002 ACC=100.000 F1=100.000 Rec=100.000 Prec=100.000
Train Client2 [41/50] LR=0.0000625 loss=0.006 ACC=99.812 F1=99.417 Rec=99.417 Prec=99.417
Train Client3 [41/50] LR=0.0000625 loss=0.013 ACC=99.074 F1=66.412 Rec=66.162 Prec=66.667
Train Client4 [41/50] LR=0.0000625 loss=0.001 ACC=99.946 F1=99.407 Rec=99.944 Prec=98.889
Train Client5 [41/50] LR=0.0000625 loss=0.089 ACC=98.810 F1=83.130 Rec=99.597 Prec=77.778
Train Client6 [41/50] LR=0.0000625 loss=0.025 ACC=99.537 F1=99.483 Rec=99.642 Prec=99.326
Train Client7 [41/50] LR=0.0000625 loss=0.003 ACC=100.000 F1=100.000 Rec=100.000 Prec=100.000

Val    [41/50] LR=0.0000625 loss=1.089 ACC=99.524 F1=99.524 Rec=99.524 Prec=99.526

Test-  OSR [41/50] LR=0.0000625 ACC=37.393 F1=43.222 Rec=74.786 Prec=31.193 UNK=0.000 OS*=99.714 HOS=0.000 AUROC=50.969 AUPR=68.317 OSCR=50.908
Test-Close [41/50] LR=0.0000625 loss=1.094 ACC=99.714 F1=99.714 Rec=99.714 Prec=99.717
Train Client0 [42/50] LR=0.0000625 loss=0.058 ACC=99.074 F1=99.283 Rec=99.366 Prec=99.204
Train Client1 [42/50] LR=0.0000625 loss=0.002 ACC=100.000 F1=100.000 Rec=100.000 Prec=100.000
Train Client2 [42/50] LR=0.0000625 loss=0.001 ACC=100.000 F1=100.000 Rec=100.000 Prec=100.000
Train Client3 [42/50] LR=0.0000625 loss=0.000 ACC=100.000 F1=100.000 Rec=100.000 Prec=100.000
Train Client4 [42/50] LR=0.0000625 loss=0.002 ACC=99.946 F1=99.387 Rec=98.851 Prec=99.944
Train Client5 [42/50] LR=0.0000625 loss=0.110 ACC=97.917 F1=76.310 Rec=91.011 Prec=72.865
Train Client6 [42/50] LR=0.0000625 loss=0.039 ACC=99.421 F1=99.358 Rec=99.595 Prec=99.128
Train Client7 [42/50] LR=0.0000625 loss=0.030 ACC=97.500 F1=94.653 Rec=98.851 Prec=91.667

Val    [42/50] LR=0.0000625 loss=1.091 ACC=99.429 F1=99.429 Rec=99.429 Prec=99.430

Test-  OSR [42/50] LR=0.0000625 ACC=37.357 F1=43.191 Rec=74.714 Prec=31.184 UNK=0.000 OS*=99.619 HOS=0.000 AUROC=53.586 AUPR=70.061 OSCR=53.541
Test-Close [42/50] LR=0.0000625 loss=1.095 ACC=99.619 F1=99.619 Rec=99.619 Prec=99.623
Train Client0 [43/50] LR=0.0000625 loss=0.047 ACC=99.331 F1=99.482 Rec=99.555 Prec=99.411
Train Client1 [43/50] LR=0.0000625 loss=0.012 ACC=99.554 F1=66.586 Rec=66.506 Prec=66.667
Train Client2 [43/50] LR=0.0000625 loss=0.001 ACC=99.906 F1=99.710 Rec=99.835 Prec=99.588
Train Client3 [43/50] LR=0.0000625 loss=0.015 ACC=99.074 F1=66.412 Rec=66.162 Prec=66.667
Train Client4 [43/50] LR=0.0000625 loss=0.000 ACC=100.000 F1=100.000 Rec=100.000 Prec=100.000
Train Client5 [43/50] LR=0.0000625 loss=0.079 ACC=98.810 F1=83.130 Rec=99.597 Prec=77.778
Train Client6 [43/50] LR=0.0000625 loss=0.067 ACC=99.190 F1=99.097 Rec=99.175 Prec=99.020
Train Client7 [43/50] LR=0.0000625 loss=0.003 ACC=100.000 F1=100.000 Rec=100.000 Prec=100.000

Val    [43/50] LR=0.0000625 loss=1.091 ACC=99.524 F1=99.524 Rec=99.524 Prec=99.526

Test-  OSR [43/50] LR=0.0000625 ACC=37.286 F1=43.070 Rec=74.571 Prec=31.070 UNK=0.000 OS*=99.429 HOS=0.000 AUROC=53.773 AUPR=69.668 OSCR=53.721
Test-Close [43/50] LR=0.0000625 loss=1.097 ACC=99.429 F1=99.429 Rec=99.429 Prec=99.438
Train Client0 [44/50] LR=0.0000625 loss=0.064 ACC=99.126 F1=99.323 Rec=99.417 Prec=99.234
Train Client1 [44/50] LR=0.0000625 loss=0.003 ACC=100.000 F1=100.000 Rec=100.000 Prec=100.000
Train Client2 [44/50] LR=0.0000625 loss=0.028 ACC=99.906 F1=99.712 Rec=99.834 Prec=99.593
Train Client3 [44/50] LR=0.0000625 loss=0.000 ACC=100.000 F1=100.000 Rec=100.000 Prec=100.000
Train Client4 [44/50] LR=0.0000625 loss=0.007 ACC=99.946 F1=99.387 Rec=98.851 Prec=99.944
Train Client5 [44/50] LR=0.0000625 loss=0.100 ACC=98.512 F1=79.877 Rec=99.496 Prec=72.756
Train Client6 [44/50] LR=0.0000625 loss=0.035 ACC=99.537 F1=99.483 Rec=99.642 Prec=99.326
Train Client7 [44/50] LR=0.0000625 loss=0.003 ACC=100.000 F1=100.000 Rec=100.000 Prec=100.000

Val    [44/50] LR=0.0000625 loss=1.087 ACC=99.429 F1=99.429 Rec=99.429 Prec=99.430

Test-  OSR [44/50] LR=0.0000625 ACC=37.393 F1=43.270 Rec=74.786 Prec=31.273 UNK=0.000 OS*=99.714 HOS=0.000 AUROC=51.712 AUPR=68.225 OSCR=51.679
Test-Close [44/50] LR=0.0000625 loss=1.091 ACC=99.714 F1=99.714 Rec=99.714 Prec=99.717
Train Client0 [45/50] LR=0.0000625 loss=0.054 ACC=99.280 F1=99.442 Rec=99.505 Prec=99.382
Train Client1 [45/50] LR=0.0000625 loss=0.002 ACC=100.000 F1=100.000 Rec=100.000 Prec=100.000
Train Client2 [45/50] LR=0.0000625 loss=0.001 ACC=100.000 F1=100.000 Rec=100.000 Prec=100.000
Train Client3 [45/50] LR=0.0000625 loss=0.001 ACC=100.000 F1=100.000 Rec=100.000 Prec=100.000
Train Client4 [45/50] LR=0.0000625 loss=0.007 ACC=99.892 F1=98.833 Rec=99.889 Prec=97.849
Train Client5 [45/50] LR=0.0000625 loss=0.092 ACC=98.810 F1=83.131 Rec=99.597 Prec=77.778
Train Client6 [45/50] LR=0.0000625 loss=0.048 ACC=99.421 F1=98.780 Rec=99.595 Prec=97.996
Train Client7 [45/50] LR=0.0000625 loss=0.003 ACC=100.000 F1=100.000 Rec=100.000 Prec=100.000

Val    [45/50] LR=0.0000625 loss=1.086 ACC=99.524 F1=99.524 Rec=99.524 Prec=99.524

Test-  OSR [45/50] LR=0.0000625 ACC=37.357 F1=43.209 Rec=74.714 Prec=31.215 UNK=0.000 OS*=99.619 HOS=0.000 AUROC=52.382 AUPR=69.028 OSCR=52.346
Test-Close [45/50] LR=0.0000625 loss=1.092 ACC=99.619 F1=99.619 Rec=99.619 Prec=99.623
Saving model at epoch 45 . . . . . . . .

Train Client0 [46/50] LR=0.0000625 loss=0.045 ACC=99.486 F1=99.514 Rec=99.643 Prec=99.386
Train Client1 [46/50] LR=0.0000625 loss=0.001 ACC=100.000 F1=100.000 Rec=100.000 Prec=100.000
Train Client2 [46/50] LR=0.0000625 loss=0.018 ACC=99.906 F1=99.712 Rec=99.834 Prec=99.593
Train Client3 [46/50] LR=0.0000625 loss=0.002 ACC=100.000 F1=100.000 Rec=100.000 Prec=100.000
Train Client4 [46/50] LR=0.0000625 loss=0.000 ACC=100.000 F1=100.000 Rec=100.000 Prec=100.000
Train Client5 [46/50] LR=0.0000625 loss=0.081 ACC=99.107 F1=85.563 Rec=99.698 Prec=80.000
Train Client6 [46/50] LR=0.0000625 loss=0.033 ACC=99.653 F1=99.611 Rec=99.691 Prec=99.532
Train Client7 [46/50] LR=0.0000625 loss=0.001 ACC=100.000 F1=100.000 Rec=100.000 Prec=100.000

Val    [46/50] LR=0.0000625 loss=1.091 ACC=99.524 F1=99.524 Rec=99.524 Prec=99.526

Test-  OSR [46/50] LR=0.0000625 ACC=37.357 F1=43.157 Rec=74.714 Prec=31.129 UNK=0.000 OS*=99.619 HOS=0.000 AUROC=52.029 AUPR=68.929 OSCR=51.976
Test-Close [46/50] LR=0.0000625 loss=1.098 ACC=99.619 F1=99.619 Rec=99.619 Prec=99.623
>> New learning Rate: 3.125e-05
Train Client0 [47/50] LR=0.0000313 loss=0.052 ACC=99.228 F1=99.402 Rec=99.454 Prec=99.351
Train Client1 [47/50] LR=0.0000313 loss=0.003 ACC=100.000 F1=100.000 Rec=100.000 Prec=100.000
Train Client2 [47/50] LR=0.0000313 loss=0.018 ACC=99.812 F1=99.428 Rec=99.670 Prec=99.197
Train Client3 [47/50] LR=0.0000313 loss=0.011 ACC=99.537 F1=66.540 Rec=66.414 Prec=66.667
Train Client4 [47/50] LR=0.0000313 loss=0.008 ACC=99.946 F1=99.407 Rec=99.944 Prec=98.889
Train Client5 [47/50] LR=0.0000313 loss=0.132 ACC=98.363 F1=80.422 Rec=99.445 Prec=75.556
Train Client6 [47/50] LR=0.0000313 loss=0.049 ACC=99.074 F1=98.975 Rec=99.287 Prec=98.675
Train Client7 [47/50] LR=0.0000313 loss=0.001 ACC=100.000 F1=100.000 Rec=100.000 Prec=100.000

Val    [47/50] LR=0.0000313 loss=1.087 ACC=99.524 F1=99.524 Rec=99.524 Prec=99.526

Test-  OSR [47/50] LR=0.0000313 ACC=37.357 F1=43.177 Rec=74.714 Prec=31.162 UNK=0.000 OS*=99.619 HOS=0.000 AUROC=51.657 AUPR=68.619 OSCR=51.611
Test-Close [47/50] LR=0.0000313 loss=1.093 ACC=99.619 F1=99.619 Rec=99.619 Prec=99.623
Train Client0 [48/50] LR=0.0000313 loss=0.035 ACC=99.537 F1=99.641 Rec=99.673 Prec=99.610
Train Client1 [48/50] LR=0.0000313 loss=0.003 ACC=100.000 F1=100.000 Rec=100.000 Prec=100.000
Train Client2 [48/50] LR=0.0000313 loss=0.032 ACC=99.718 F1=99.138 Rec=99.258 Prec=99.021
Train Client3 [48/50] LR=0.0000313 loss=0.010 ACC=100.000 F1=100.000 Rec=100.000 Prec=100.000
Train Client4 [48/50] LR=0.0000313 loss=0.000 ACC=100.000 F1=100.000 Rec=100.000 Prec=100.000
Train Client5 [48/50] LR=0.0000313 loss=0.172 ACC=97.917 F1=78.431 Rec=99.294 Prec=74.074
Train Client6 [48/50] LR=0.0000313 loss=0.036 ACC=99.537 F1=99.483 Rec=99.805 Prec=99.172
Train Client7 [48/50] LR=0.0000313 loss=0.006 ACC=100.000 F1=100.000 Rec=100.000 Prec=100.000

Val    [48/50] LR=0.0000313 loss=1.083 ACC=99.619 F1=99.619 Rec=99.619 Prec=99.620

Test-  OSR [48/50] LR=0.0000313 ACC=37.393 F1=43.327 Rec=74.786 Prec=31.369 UNK=0.000 OS*=99.714 HOS=0.000 AUROC=50.490 AUPR=67.449 OSCR=50.462
Test-Close [48/50] LR=0.0000313 loss=1.089 ACC=99.714 F1=99.714 Rec=99.714 Prec=99.717
Train Client0 [49/50] LR=0.0000313 loss=0.053 ACC=99.177 F1=99.362 Rec=99.404 Prec=99.321
Train Client1 [49/50] LR=0.0000313 loss=0.003 ACC=100.000 F1=100.000 Rec=100.000 Prec=100.000
Train Client2 [49/50] LR=0.0000313 loss=0.002 ACC=99.906 F1=99.710 Rec=99.835 Prec=99.588
Train Client3 [49/50] LR=0.0000313 loss=0.011 ACC=100.000 F1=100.000 Rec=100.000 Prec=100.000
Train Client4 [49/50] LR=0.0000313 loss=0.000 ACC=100.000 F1=100.000 Rec=100.000 Prec=100.000
Train Client5 [49/50] LR=0.0000313 loss=0.125 ACC=98.363 F1=80.422 Rec=99.445 Prec=75.556
Train Client6 [49/50] LR=0.0000313 loss=0.051 ACC=99.190 F1=99.093 Rec=99.172 Prec=99.015
Train Client7 [49/50] LR=0.0000313 loss=0.001 ACC=100.000 F1=100.000 Rec=100.000 Prec=100.000

Val    [49/50] LR=0.0000313 loss=1.085 ACC=99.429 F1=99.429 Rec=99.429 Prec=99.430

Test-  OSR [49/50] LR=0.0000313 ACC=37.393 F1=43.348 Rec=74.786 Prec=31.405 UNK=0.000 OS*=99.714 HOS=0.000 AUROC=49.915 AUPR=67.066 OSCR=49.884
Test-Close [49/50] LR=0.0000313 loss=1.090 ACC=99.714 F1=99.714 Rec=99.714 Prec=99.717
------>Best performance (by OSCR)--->>>>>>>

Test-  OSR [6/50] LR=0.0005000 ACC=37.036 F1=42.390 Rec=74.071 Prec=30.479 UNK=0.000 OS*=98.762 HOS=0.000 AUROC=62.403 AUPR=76.831 OSCR=62.164
Test-Close [6/50] LR=0.0005000 loss=1.145 ACC=98.762 F1=98.761 Rec=98.762 Prec=98.806
=====================================================================================================================================
The ending time ：2026-07-15 12:58:29
