Logging to: ./logs/RetinalOCT_Finetune_K5_U3_seed0_20260703_103852.log
==> Preparing data..
Protocol mode: hard
Fixed known classes: ['CSR', 'DR', 'DRUSEN', 'MH', 'NORMAL']
Fixed unknown classes: ['AMD', 'CNV', 'DME']
Known class list: [2 4 5 6 7] Unknown class list [0 1 3]
Total images — Train: 18400, Val: 2800, Test: 2800
{2: 0, 4: 1, 5: 2, 6: 3, 7: 4} {0: 5, 1: 6, 3: 7}
Known origin: [2 4 5 6 7] , new: [0 1 2 3 4]
Unknown origin: [0 1 3] , new: [5 6 7]
Known/Unknown in Train: 11500/6900
Known/Unknown in Val:   1750/1050
Known/Unknown in Test:  1750/1050
Client0 sample num: 1861
Client1 sample num: 2876
Client2 sample num: 2109
Client3 sample num: 533
Client4 sample num: 1312
Client5 sample num: 1125
Client6 sample num: 362
Client7 sample num: 1322

>>> Setting up
==> Using device: cuda:1
==> Building [Resnet18] model..
154
154
154
154
154
154
154
154
154
154
154
154
154
154
154
154
154
154
Train Client0 [0/30] LR=0.0001000 loss=6.350 ACC=79.634 F1=56.445 Rec=55.818 Prec=58.093
Train Client1 [0/30] LR=0.0001000 loss=4.703 ACC=82.904 F1=53.849 Rec=54.200 Prec=57.597
Train Client2 [0/30] LR=0.0001000 loss=6.632 ACC=75.000 F1=41.072 Rec=42.184 Prec=40.888
Train Client3 [0/30] LR=0.0001000 loss=14.743 ACC=62.689 F1=50.467 Rec=53.108 Prec=49.925
Train Client4 [0/30] LR=0.0001000 loss=8.749 ACC=80.183 F1=41.098 Rec=41.859 Prec=41.480
Train Client5 [0/30] LR=0.0001000 loss=10.694 ACC=63.661 F1=41.957 Rec=42.411 Prec=43.185
Train Client6 [0/30] LR=0.0001000 loss=14.661 ACC=72.222 F1=29.009 Rec=28.790 Prec=29.393
Train Client7 [0/30] LR=0.0001000 loss=8.297 ACC=82.348 F1=37.153 Rec=38.046 Prec=37.391

Test-  OSR [0/30] LR=0.0001000 ACC=43.536 F1=41.711 Rec=58.048 Prec=35.983 UNK=0.000 OS*=69.657 HOS=0.000 AUROC=54.872 AUPR=46.269 OSCR=43.683
Test-Close [0/30] LR=0.0001000 loss=2.559 ACC=72.286 F1=67.318 Rec=72.286 Prec=80.984

Saving best model . . . . . . . .

Train Client0 [1/30] LR=0.0001000 loss=1.265 ACC=86.261 F1=63.723 Rec=63.752 Prec=63.866
Train Client1 [1/30] LR=0.0001000 loss=1.331 ACC=87.047 F1=62.674 Rec=61.788 Prec=64.624
Train Client2 [1/30] LR=0.0001000 loss=1.250 ACC=87.357 F1=60.352 Rec=59.005 Prec=65.836
Train Client3 [1/30] LR=0.0001000 loss=1.845 ACC=82.955 F1=70.253 Rec=71.491 Prec=70.032
Train Client4 [1/30] LR=0.0001000 loss=1.226 ACC=88.262 F1=51.306 Rec=49.724 Prec=55.859
Train Client5 [1/30] LR=0.0001000 loss=1.818 ACC=79.821 F1=57.829 Rec=57.510 Prec=59.305
Train Client6 [1/30] LR=0.0001000 loss=1.985 ACC=81.389 F1=52.085 Rec=55.405 Prec=50.532
Train Client7 [1/30] LR=0.0001000 loss=1.331 ACC=87.500 F1=52.505 Rec=52.062 Prec=53.844

Test-  OSR [1/30] LR=0.0001000 ACC=64.393 F1=66.388 Rec=68.048 Prec=74.407 UNK=53.429 OS*=70.971 HOS=60.963 AUROC=68.628 AUPR=66.911 OSCR=54.699
Test-Close [1/30] LR=0.0001000 loss=2.301 ACC=87.086 F1=86.869 Rec=87.086 Prec=88.279

Saving best model . . . . . . . .

Train Client0 [2/30] LR=0.0001000 loss=0.986 ACC=89.170 F1=84.186 Rec=84.259 Prec=84.491
Train Client1 [2/30] LR=0.0001000 loss=1.048 ACC=89.241 F1=72.943 Rec=69.816 Prec=83.109
Train Client2 [2/30] LR=0.0001000 loss=1.061 ACC=88.783 F1=62.901 Rec=62.150 Prec=65.813
Train Client3 [2/30] LR=0.0001000 loss=1.320 ACC=87.500 F1=73.323 Rec=73.634 Prec=73.125
Train Client4 [2/30] LR=0.0001000 loss=0.888 ACC=91.921 F1=60.084 Rec=57.994 Prec=63.464
Train Client5 [2/30] LR=0.0001000 loss=1.324 ACC=85.625 F1=65.763 Rec=65.613 Prec=65.946
Train Client6 [2/30] LR=0.0001000 loss=1.686 ACC=81.111 F1=64.052 Rec=78.258 Prec=57.786
Train Client7 [2/30] LR=0.0001000 loss=1.058 ACC=89.697 F1=63.510 Rec=78.792 Prec=64.407

Test-  OSR [2/30] LR=0.0001000 ACC=70.464 F1=74.427 Rec=77.571 Prec=75.033 UNK=49.143 OS*=83.257 HOS=61.805 AUROC=74.614 AUPR=70.954 OSCR=66.947
Test-Close [2/30] LR=0.0001000 loss=2.129 ACC=89.314 F1=89.207 Rec=89.314 Prec=90.295

Saving best model . . . . . . . .

Train Client0 [3/30] LR=0.0001000 loss=0.754 ACC=91.649 F1=70.139 Rec=70.179 Prec=70.143
Train Client1 [3/30] LR=0.0001000 loss=0.881 ACC=91.643 F1=81.531 Rec=79.845 Prec=83.725
Train Client2 [3/30] LR=0.0001000 loss=0.923 ACC=90.827 F1=71.527 Rec=70.313 Prec=74.033
Train Client3 [3/30] LR=0.0001000 loss=1.117 ACC=90.530 F1=75.628 Rec=76.388 Prec=75.070
Train Client4 [3/30] LR=0.0001000 loss=0.749 ACC=91.997 F1=65.306 Rec=65.206 Prec=65.668
Train Client5 [3/30] LR=0.0001000 loss=1.201 ACC=87.411 F1=67.515 Rec=67.637 Prec=67.426
Train Client6 [3/30] LR=0.0001000 loss=1.295 ACC=87.500 F1=72.402 Rec=80.439 Prec=67.533
Train Client7 [3/30] LR=0.0001000 loss=0.901 ACC=91.212 F1=62.273 Rec=60.867 Prec=64.230

Test-  OSR [3/30] LR=0.0001000 ACC=71.036 F1=75.485 Rec=80.746 Prec=76.517 UNK=41.905 OS*=88.514 HOS=56.881 AUROC=78.922 AUPR=75.206 OSCR=73.379
Test-Close [3/30] LR=0.0001000 loss=1.998 ACC=90.686 F1=90.615 Rec=90.686 Prec=91.616

Saving best model . . . . . . . .

Train Client0 [4/30] LR=0.0001000 loss=0.685 ACC=93.912 F1=72.932 Rec=72.840 Prec=73.136
Train Client1 [4/30] LR=0.0001000 loss=0.824 ACC=91.957 F1=82.488 Rec=79.670 Prec=86.642
Train Client2 [4/30] LR=0.0001000 loss=0.873 ACC=90.732 F1=71.078 Rec=70.093 Prec=73.388
Train Client3 [4/30] LR=0.0001000 loss=1.021 ACC=89.962 F1=71.859 Rec=71.993 Prec=71.850
Train Client4 [4/30] LR=0.0001000 loss=0.651 ACC=94.131 F1=71.083 Rec=69.917 Prec=72.739
Train Client5 [4/30] LR=0.0001000 loss=1.050 ACC=89.643 F1=69.249 Rec=69.136 Prec=69.384
Train Client6 [4/30] LR=0.0001000 loss=1.181 ACC=88.611 F1=71.651 Rec=76.717 Prec=67.778
Train Client7 [4/30] LR=0.0001000 loss=0.874 ACC=91.136 F1=68.926 Rec=83.365 Prec=67.542

Test-  OSR [4/30] LR=0.0001000 ACC=70.714 F1=75.471 Rec=81.016 Prec=76.669 UNK=39.810 OS*=89.257 HOS=55.061 AUROC=77.769 AUPR=73.849 OSCR=72.884
Test-Close [4/30] LR=0.0001000 loss=1.963 ACC=91.829 F1=91.765 Rec=91.829 Prec=92.565

Train Client0 [5/30] LR=0.0001000 loss=0.613 ACC=93.858 F1=72.726 Rec=72.674 Prec=72.787
Train Client1 [5/30] LR=0.0001000 loss=0.716 ACC=92.409 F1=82.996 Rec=82.074 Prec=84.431
Train Client2 [5/30] LR=0.0001000 loss=0.753 ACC=91.778 F1=72.823 Rec=71.632 Prec=75.853
Train Client3 [5/30] LR=0.0001000 loss=0.902 ACC=90.341 F1=78.186 Rec=81.823 Prec=76.955
Train Client4 [5/30] LR=0.0001000 loss=0.687 ACC=93.369 F1=66.348 Rec=66.913 Prec=65.814
Train Client5 [5/30] LR=0.0001000 loss=0.909 ACC=91.518 F1=75.643 Rec=76.357 Prec=75.066
Train Client6 [5/30] LR=0.0001000 loss=1.142 ACC=86.667 F1=71.198 Rec=80.160 Prec=65.667
Train Client7 [5/30] LR=0.0001000 loss=0.871 ACC=91.212 F1=63.473 Rec=63.007 Prec=64.146

Test-  OSR [5/30] LR=0.0001000 ACC=70.679 F1=75.346 Rec=81.984 Prec=75.991 UNK=36.762 OS*=91.029 HOS=52.373 AUROC=81.925 AUPR=74.999 OSCR=78.101
Test-Close [5/30] LR=0.0001000 loss=1.912 ACC=93.543 F1=93.504 Rec=93.543 Prec=94.058

Saving best model . . . . . . . .

Train Client0 [6/30] LR=0.0001000 loss=0.579 ACC=94.235 F1=91.531 Rec=91.729 Prec=91.391
Train Client1 [6/30] LR=0.0001000 loss=0.739 ACC=93.489 F1=85.152 Rec=83.245 Prec=87.755
Train Client2 [6/30] LR=0.0001000 loss=0.801 ACC=91.825 F1=73.117 Rec=72.825 Prec=74.835
Train Client3 [6/30] LR=0.0001000 loss=0.761 ACC=94.318 F1=81.718 Rec=82.304 Prec=81.315
Train Client4 [6/30] LR=0.0001000 loss=0.737 ACC=93.216 F1=68.424 Rec=68.287 Prec=68.905
Train Client5 [6/30] LR=0.0001000 loss=0.744 ACC=92.500 F1=71.558 Rec=71.231 Prec=71.947
Train Client6 [6/30] LR=0.0001000 loss=0.971 ACC=92.778 F1=80.379 Rec=89.041 Prec=75.403
Train Client7 [6/30] LR=0.0001000 loss=0.899 ACC=92.424 F1=67.948 Rec=68.416 Prec=67.982

Test-  OSR [6/30] LR=0.0001000 ACC=75.000 F1=79.052 Rec=78.952 Prec=81.869 UNK=63.143 OS*=82.114 HOS=71.390 AUROC=73.889 AUPR=69.879 OSCR=65.636
Test-Close [6/30] LR=0.0001000 loss=2.125 ACC=93.486 F1=93.459 Rec=93.486 Prec=93.892

Train Client0 [7/30] LR=0.0001000 loss=0.515 ACC=94.504 F1=91.938 Rec=92.056 Prec=91.862
Train Client1 [7/30] LR=0.0001000 loss=0.692 ACC=93.419 F1=85.506 Rec=84.724 Prec=86.610
Train Client2 [7/30] LR=0.0001000 loss=0.654 ACC=92.586 F1=75.349 Rec=74.565 Prec=77.409
Train Client3 [7/30] LR=0.0001000 loss=0.733 ACC=93.750 F1=85.097 Rec=88.363 Prec=83.277
Train Client4 [7/30] LR=0.0001000 loss=0.673 ACC=93.674 F1=73.103 Rec=77.700 Prec=70.042
Train Client5 [7/30] LR=0.0001000 loss=0.625 ACC=93.125 F1=80.211 Rec=82.903 Prec=78.697
Train Client6 [7/30] LR=0.0001000 loss=1.104 ACC=88.889 F1=72.712 Rec=83.776 Prec=67.305
Train Client7 [7/30] LR=0.0001000 loss=0.716 ACC=93.182 F1=67.584 Rec=67.100 Prec=68.551

Test-  OSR [7/30] LR=0.0001000 ACC=74.286 F1=78.285 Rec=76.889 Prec=82.431 UNK=66.476 OS*=78.971 HOS=72.187 AUROC=77.967 AUPR=74.383 OSCR=67.059
Test-Close [7/30] LR=0.0001000 loss=2.137 ACC=94.800 F1=94.793 Rec=94.800 Prec=94.984

Train Client0 [8/30] LR=0.0001000 loss=0.438 ACC=95.097 F1=74.359 Rec=74.429 Prec=74.298
Train Client1 [8/30] LR=0.0001000 loss=0.623 ACC=94.046 F1=87.091 Rec=86.503 Prec=88.043
Train Client2 [8/30] LR=0.0001000 loss=0.598 ACC=92.823 F1=77.992 Rec=78.145 Prec=78.026
Train Client3 [8/30] LR=0.0001000 loss=0.586 ACC=94.508 F1=75.775 Rec=76.154 Prec=75.419
Train Client4 [8/30] LR=0.0001000 loss=0.619 ACC=94.284 F1=77.452 Rec=79.753 Prec=76.133
Train Client5 [8/30] LR=0.0001000 loss=0.691 ACC=93.304 F1=77.933 Rec=78.581 Prec=77.411
Train Client6 [8/30] LR=0.0001000 loss=1.064 ACC=89.722 F1=75.710 Rec=85.203 Prec=70.896
Train Client7 [8/30] LR=0.0001000 loss=0.677 ACC=94.470 F1=67.457 Rec=67.135 Prec=67.868

Test-  OSR [8/30] LR=0.0001000 ACC=76.821 F1=79.998 Rec=79.063 Prec=82.601 UNK=70.095 OS*=80.857 HOS=75.093 AUROC=83.317 AUPR=75.630 OSCR=73.372
Test-Close [8/30] LR=0.0001000 loss=2.135 ACC=94.171 F1=94.144 Rec=94.171 Prec=94.673

Train Client0 [9/30] LR=0.0001000 loss=0.410 ACC=95.905 F1=94.019 Rec=94.046 Prec=93.993
Train Client1 [9/30] LR=0.0001000 loss=0.659 ACC=93.837 F1=85.209 Rec=83.224 Prec=87.979
Train Client2 [9/30] LR=0.0001000 loss=0.566 ACC=94.202 F1=81.036 Rec=79.463 Prec=84.149
Train Client3 [9/30] LR=0.0001000 loss=0.595 ACC=94.508 F1=82.784 Rec=82.383 Prec=83.312
Train Client4 [9/30] LR=0.0001000 loss=0.500 ACC=94.665 F1=74.736 Rec=76.745 Prec=73.588
Train Client5 [9/30] LR=0.0001000 loss=0.562 ACC=92.857 F1=76.578 Rec=76.660 Prec=76.684
Train Client6 [9/30] LR=0.0001000 loss=0.958 ACC=91.944 F1=84.212 Rec=95.546 Prec=77.079
Train Client7 [9/30] LR=0.0001000 loss=0.672 ACC=93.485 F1=68.336 Rec=68.357 Prec=68.512

Test-  OSR [9/30] LR=0.0001000 ACC=70.857 F1=72.823 Rec=70.921 Prec=81.586 UNK=70.667 OS*=70.971 HOS=70.819 AUROC=77.489 AUPR=72.139 OSCR=62.278
Test-Close [9/30] LR=0.0001000 loss=2.282 ACC=95.029 F1=95.009 Rec=95.029 Prec=95.351

Train Client0 [10/30] LR=0.0001000 loss=0.404 ACC=95.690 F1=74.945 Rec=74.950 Prec=74.945
Train Client1 [10/30] LR=0.0001000 loss=0.629 ACC=93.942 F1=84.758 Rec=83.357 Prec=86.574
Train Client2 [10/30] LR=0.0001000 loss=0.547 ACC=93.156 F1=77.925 Rec=76.653 Prec=79.800
Train Client3 [10/30] LR=0.0001000 loss=0.572 ACC=94.129 F1=82.935 Rec=84.435 Prec=81.826
Train Client4 [10/30] LR=0.0001000 loss=0.510 ACC=94.970 F1=80.890 Rec=83.726 Prec=78.649
Train Client5 [10/30] LR=0.0001000 loss=0.477 ACC=94.018 F1=73.523 Rec=73.226 Prec=73.866
Train Client6 [10/30] LR=0.0001000 loss=1.004 ACC=91.389 F1=81.372 Rec=91.929 Prec=75.177
Train Client7 [10/30] LR=0.0001000 loss=0.621 ACC=93.636 F1=68.415 Rec=68.428 Prec=68.716

Test-  OSR [10/30] LR=0.0001000 ACC=63.250 F1=62.097 Rec=61.508 Prec=79.553 UNK=68.476 OS*=60.114 HOS=64.023 AUROC=70.574 AUPR=63.495 OSCR=51.518
Test-Close [10/30] LR=0.0001000 loss=2.458 ACC=94.229 F1=94.193 Rec=94.229 Prec=94.777

Train Client0 [11/30] LR=0.0001000 loss=0.347 ACC=96.875 F1=95.269 Rec=95.281 Prec=95.261
Train Client1 [11/30] LR=0.0001000 loss=0.626 ACC=94.046 F1=86.610 Rec=85.445 Prec=88.202
Train Client2 [11/30] LR=0.0001000 loss=0.481 ACC=93.726 F1=79.324 Rec=78.470 Prec=80.922
Train Client3 [11/30] LR=0.0001000 loss=0.414 ACC=94.886 F1=86.627 Rec=85.848 Prec=87.592
Train Client4 [11/30] LR=0.0001000 loss=0.587 ACC=94.436 F1=78.292 Rec=81.484 Prec=76.103
