Logging to: ./logs/RetinalOCT_Finetune_K5_U3_seed0_20260703_203305.log
==> Preparing data..
Protocol mode: hard
Fixed known classes: ['CSR', 'DR', 'DRUSEN', 'MH', 'NORMAL']
Fixed unknown classes: ['AMD', 'CNV', 'DME']
Known class list: [2 4 5 6 7] Unknown class list [0 1 3]
Total images — Train: 18400, Val: 2800, Test: 2800
{2: 0, 4: 1, 5: 2, 6: 3, 7: 4} {0: 5, 1: 6, 3: 7}
Known origin: [2 4 5 6 7] , new: [0 1 2 3 4]
Unknown origin: [0 1 3] , new: [5 6 7]
Known/Unknown in Train: 11500/6900
Known/Unknown in Val:   1750/1050
Known/Unknown in Test:  1750/1050
Client0 sample num: 1861
Client1 sample num: 2876
Client2 sample num: 2109
Client3 sample num: 533
Client4 sample num: 1312
Client5 sample num: 1125
Client6 sample num: 362
Client7 sample num: 1322

>>> Setting up
==> Using device: cuda:1
==> Building [Resnet18] model..
154
154
154
154
154
154
154
154
154
154
154
154
154
154
154
154
154
154
Train Client0 [0/30] LR=0.0001000 loss=19.762 ACC=99.084 F1=78.971 Rec=78.987 Prec=78.955
Train Client1 [0/30] LR=0.0001000 loss=13.566 ACC=97.423 F1=94.421 Rec=94.647 Prec=94.405
Train Client2 [0/30] LR=0.0001000 loss=16.381 ACC=97.243 F1=90.131 Rec=88.842 Prec=91.983
Train Client3 [0/30] LR=0.0001000 loss=38.694 ACC=97.917 F1=93.253 Rec=96.828 Prec=91.255
Train Client4 [0/30] LR=0.0001000 loss=24.909 ACC=96.189 F1=82.046 Rec=88.139 Prec=81.054
Train Client5 [0/30] LR=0.0001000 loss=28.197 ACC=99.018 F1=88.039 Rec=94.315 Prec=85.627
Train Client6 [0/30] LR=0.0001000 loss=42.784 ACC=92.778 F1=87.649 Rec=97.414 Prec=80.723
Train Client7 [0/30] LR=0.0001000 loss=26.871 ACC=98.030 F1=89.281 Rec=96.566 Prec=85.623

Test-  OSR [0/30] LR=0.0001000 ACC=60.643 F1=64.867 Rec=80.857 Prec=56.590 UNK=0.000 OS*=97.029 HOS=0.000 AUROC=85.568 AUPR=74.807 OSCR=84.430
Test-Close [0/30] LR=0.0001000 loss=1.741 ACC=97.029 F1=97.016 Rec=97.029 Prec=97.244

Saving best model . . . . . . . .

Train Client0 [1/30] LR=0.0001000 loss=0.900 ACC=98.922 F1=78.998 Rec=78.868 Prec=79.129
Train Client1 [1/30] LR=0.0001000 loss=0.975 ACC=96.309 F1=92.760 Rec=91.377 Prec=94.408
Train Client2 [1/30] LR=0.0001000 loss=0.794 ACC=96.863 F1=89.560 Rec=89.305 Prec=89.872
Train Client3 [1/30] LR=0.0001000 loss=1.981 ACC=98.106 F1=96.133 Rec=97.679 Prec=94.854
Train Client4 [1/30] LR=0.0001000 loss=1.157 ACC=97.104 F1=88.339 Rec=89.577 Prec=87.480
Train Client5 [1/30] LR=0.0001000 loss=1.089 ACC=98.571 F1=85.494 Rec=88.894 Prec=83.772
Train Client6 [1/30] LR=0.0001000 loss=3.620 ACC=92.778 F1=88.005 Rec=95.340 Prec=82.838
Train Client7 [1/30] LR=0.0001000 loss=1.355 ACC=97.803 F1=89.150 Rec=96.624 Prec=85.069

Test-  OSR [1/30] LR=0.0001000 ACC=70.964 F1=76.405 Rec=84.111 Prec=78.369 UNK=31.524 OS*=94.629 HOS=47.293 AUROC=86.470 AUPR=81.419 OSCR=83.664
Test-Close [1/30] LR=0.0001000 loss=1.834 ACC=95.886 F1=95.853 Rec=95.886 Prec=96.424

Train Client0 [2/30] LR=0.0001000 loss=0.251 ACC=98.707 F1=78.824 Rec=78.969 Prec=78.684
Train Client1 [2/30] LR=0.0001000 loss=0.558 ACC=96.135 F1=92.747 Rec=92.132 Prec=93.574
Train Client2 [2/30] LR=0.0001000 loss=0.400 ACC=96.340 F1=87.946 Rec=88.002 Prec=87.934
Train Client3 [2/30] LR=0.0001000 loss=0.256 ACC=97.727 F1=93.953 Rec=93.862 Prec=94.056
Train Client4 [2/30] LR=0.0001000 loss=0.535 ACC=96.646 F1=89.417 Rec=94.441 Prec=86.260
Train Client5 [2/30] LR=0.0001000 loss=0.245 ACC=98.393 F1=86.277 Rec=93.631 Prec=83.931
Train Client6 [2/30] LR=0.0001000 loss=1.126 ACC=90.278 F1=82.630 Rec=91.675 Prec=76.928
Train Client7 [2/30] LR=0.0001000 loss=0.557 ACC=97.273 F1=87.294 Rec=94.257 Prec=84.050

Test-  OSR [2/30] LR=0.0001000 ACC=73.893 F1=78.833 Rec=84.873 Prec=79.490 UNK=40.952 OS*=93.657 HOS=56.987 AUROC=86.640 AUPR=81.594 OSCR=83.539
Test-Close [2/30] LR=0.0001000 loss=1.855 ACC=95.829 F1=95.800 Rec=95.829 Prec=96.319

Train Client0 [3/30] LR=0.0001000 loss=0.141 ACC=99.192 F1=79.119 Rec=79.158 Prec=79.081
Train Client1 [3/30] LR=0.0001000 loss=0.482 ACC=96.901 F1=94.046 Rec=93.779 Prec=94.563
Train Client2 [3/30] LR=0.0001000 loss=0.367 ACC=96.673 F1=88.312 Rec=87.275 Prec=89.688
Train Client3 [3/30] LR=0.0001000 loss=0.247 ACC=97.727 F1=97.268 Rec=97.275 Prec=97.269
Train Client4 [3/30] LR=0.0001000 loss=0.487 ACC=96.265 F1=86.793 Rec=95.666 Prec=82.767
Train Client5 [3/30] LR=0.0001000 loss=0.248 ACC=98.393 F1=82.267 Rec=83.258 Prec=81.876
Train Client6 [3/30] LR=0.0001000 loss=0.926 ACC=94.167 F1=86.894 Rec=93.325 Prec=82.264
Train Client7 [3/30] LR=0.0001000 loss=0.414 ACC=96.591 F1=79.713 Rec=94.732 Prec=76.818

Test-  OSR [3/30] LR=0.0001000 ACC=78.929 F1=81.818 Rec=82.984 Prec=81.358 UNK=66.762 OS*=86.229 HOS=75.257 AUROC=87.462 AUPR=80.779 OSCR=80.409
Test-Close [3/30] LR=0.0001000 loss=1.943 ACC=96.629 F1=96.609 Rec=96.629 Prec=96.874

Train Client0 [4/30] LR=0.0001000 loss=0.211 ACC=98.761 F1=78.751 Rec=78.767 Prec=78.739
Train Client1 [4/30] LR=0.0001000 loss=0.346 ACC=97.040 F1=93.932 Rec=93.745 Prec=94.235
Train Client2 [4/30] LR=0.0001000 loss=0.345 ACC=96.150 F1=86.736 Rec=86.220 Prec=87.464
Train Client3 [4/30] LR=0.0001000 loss=0.321 ACC=98.106 F1=95.867 Rec=97.333 Prec=94.655
Train Client4 [4/30] LR=0.0001000 loss=0.483 ACC=96.494 F1=87.827 Rec=88.344 Prec=87.602
Train Client5 [4/30] LR=0.0001000 loss=0.200 ACC=98.125 F1=82.252 Rec=83.377 Prec=81.468
Train Client6 [4/30] LR=0.0001000 loss=1.031 ACC=94.722 F1=86.879 Rec=91.059 Prec=83.300
Train Client7 [4/30] LR=0.0001000 loss=0.457 ACC=97.121 F1=84.219 Rec=94.759 Prec=80.512

Test-  OSR [4/30] LR=0.0001000 ACC=77.714 F1=79.805 Rec=79.587 Prec=81.437 UNK=72.095 OS*=81.086 HOS=76.327 AUROC=87.145 AUPR=80.194 OSCR=76.627
Test-Close [4/30] LR=0.0001000 loss=2.003 ACC=96.800 F1=96.784 Rec=96.800 Prec=96.994

Train Client0 [5/30] LR=0.0001000 loss=0.138 ACC=99.192 F1=98.845 Rec=98.894 Prec=98.797
Train Client1 [5/30] LR=0.0001000 loss=0.320 ACC=96.797 F1=94.150 Rec=94.144 Prec=94.397
Train Client2 [5/30] LR=0.0001000 loss=0.305 ACC=96.625 F1=88.897 Rec=88.307 Prec=89.720
Train Client3 [5/30] LR=0.0001000 loss=0.259 ACC=96.970 F1=93.281 Rec=95.951 Prec=91.328
Train Client4 [5/30] LR=0.0001000 loss=0.506 ACC=96.494 F1=86.481 Rec=86.724 Prec=86.247
Train Client5 [5/30] LR=0.0001000 loss=0.195 ACC=98.125 F1=82.020 Rec=83.334 Prec=81.292
Train Client6 [5/30] LR=0.0001000 loss=0.961 ACC=93.333 F1=85.836 Rec=96.937 Prec=79.521
Train Client7 [5/30] LR=0.0001000 loss=0.529 ACC=97.121 F1=84.455 Rec=94.754 Prec=81.005

Test-  OSR [5/30] LR=0.0001000 ACC=78.357 F1=82.043 Rec=83.905 Prec=82.003 UNK=61.714 OS*=88.343 HOS=72.666 AUROC=84.484 AUPR=78.584 OSCR=79.147
Test-Close [5/30] LR=0.0001000 loss=1.908 ACC=97.029 F1=97.021 Rec=97.029 Prec=97.130

Train Client0 [6/30] LR=0.0001000 loss=0.164 ACC=99.084 F1=79.009 Rec=79.057 Prec=78.963
Train Client1 [6/30] LR=0.0001000 loss=0.295 ACC=96.623 F1=93.303 Rec=92.985 Prec=93.705
Train Client2 [6/30] LR=0.0001000 loss=0.412 ACC=95.485 F1=84.276 Rec=84.016 Prec=84.813
Train Client3 [6/30] LR=0.0001000 loss=0.268 ACC=97.917 F1=91.069 Rec=91.110 Prec=91.142
Train Client4 [6/30] LR=0.0001000 loss=0.524 ACC=96.951 F1=90.588 Rec=93.951 Prec=88.019
Train Client5 [6/30] LR=0.0001000 loss=0.133 ACC=98.661 F1=89.606 Rec=93.597 Prec=87.369
Train Client6 [6/30] LR=0.0001000 loss=1.023 ACC=92.778 F1=84.829 Rec=95.142 Prec=78.870
Train Client7 [6/30] LR=0.0001000 loss=0.357 ACC=97.727 F1=89.098 Rec=96.950 Prec=84.765

Test-  OSR [6/30] LR=0.0001000 ACC=60.679 F1=52.494 Rec=51.476 Prec=67.578 UNK=88.286 OS*=44.114 HOS=58.832 AUROC=81.364 AUPR=74.813 OSCR=42.815
Test-Close [6/30] LR=0.0001000 loss=2.668 ACC=96.914 F1=96.907 Rec=96.914 Prec=97.079

Train Client0 [7/30] LR=0.0001000 loss=0.123 ACC=98.976 F1=78.943 Rec=78.944 Prec=78.942
Train Client1 [7/30] LR=0.0001000 loss=0.295 ACC=96.588 F1=92.952 Rec=92.653 Prec=93.350
Train Client2 [7/30] LR=0.0001000 loss=0.301 ACC=96.958 F1=89.452 Rec=88.929 Prec=90.358
Train Client3 [7/30] LR=0.0001000 loss=0.266 ACC=97.917 F1=93.041 Rec=94.333 Prec=92.049
Train Client4 [7/30] LR=0.0001000 loss=0.511 ACC=95.655 F1=88.504 Rec=91.629 Prec=85.870
Train Client5 [7/30] LR=0.0001000 loss=0.207 ACC=97.857 F1=86.766 Rec=88.069 Prec=85.696
Train Client6 [7/30] LR=0.0001000 loss=0.996 ACC=92.500 F1=84.383 Rec=96.559 Prec=78.181
Train Client7 [7/30] LR=0.0001000 loss=0.509 ACC=96.742 F1=81.479 Rec=93.823 Prec=78.365

Test-  OSR [7/30] LR=0.0001000 ACC=58.357 F1=43.673 Rec=44.825 Prec=54.619 UNK=98.952 OS*=34.000 HOS=50.610 AUROC=83.548 AUPR=76.114 OSCR=33.961
Test-Close [7/30] LR=0.0001000 loss=3.031 ACC=96.343 F1=96.324 Rec=96.343 Prec=96.621

