Logging to: ./logs/RetinalOCT_Finetune_K5_U3_seed0_20260703_114303.log
==> Preparing data..
Protocol mode: hard
Fixed known classes: ['CSR', 'DR', 'DRUSEN', 'MH', 'NORMAL']
Fixed unknown classes: ['AMD', 'CNV', 'DME']
Known class list: [2 4 5 6 7] Unknown class list [0 1 3]
Total images — Train: 18400, Val: 2800, Test: 2800
{2: 0, 4: 1, 5: 2, 6: 3, 7: 4} {0: 5, 1: 6, 3: 7}
Known origin: [2 4 5 6 7] , new: [0 1 2 3 4]
Unknown origin: [0 1 3] , new: [5 6 7]
Known/Unknown in Train: 11500/6900
Known/Unknown in Val:   1750/1050
Known/Unknown in Test:  1750/1050
Client0 sample num: 1861
Client1 sample num: 2876
Client2 sample num: 2109
Client3 sample num: 533
Client4 sample num: 1312
Client5 sample num: 1125
Client6 sample num: 362
Client7 sample num: 1322

>>> Setting up
==> Using device: cuda:1
==> Building [Resnet18] model..
154
154
154
154
154
154
154
154
154
154
154
154
154
154
154
154
154
154
Train Client0 [0/30] LR=0.0001000 loss=6.218 ACC=79.526 F1=56.230 Rec=55.634 Prec=57.971
Train Client1 [0/30] LR=0.0001000 loss=4.611 ACC=82.834 F1=53.537 Rec=54.073 Prec=57.287
Train Client2 [0/30] LR=0.0001000 loss=6.488 ACC=75.190 F1=41.183 Rec=42.311 Prec=41.135
Train Client3 [0/30] LR=0.0001000 loss=14.409 ACC=62.879 F1=50.592 Rec=53.212 Prec=50.099
Train Client4 [0/30] LR=0.0001000 loss=8.565 ACC=80.183 F1=41.098 Rec=41.859 Prec=41.480
Train Client5 [0/30] LR=0.0001000 loss=10.483 ACC=63.750 F1=42.047 Rec=42.529 Prec=43.191
Train Client6 [0/30] LR=0.0001000 loss=14.302 ACC=72.222 F1=29.009 Rec=28.790 Prec=29.393
Train Client7 [0/30] LR=0.0001000 loss=8.113 ACC=82.424 F1=37.655 Rec=38.416 Prec=38.134

Test-  OSR [0/30] LR=0.0001000 ACC=43.214 F1=41.278 Rec=57.619 Prec=35.536 UNK=0.000 OS*=69.143 HOS=0.000 AUROC=54.314 AUPR=45.463 OSCR=43.142
Test-Close [0/30] LR=0.0001000 loss=2.558 ACC=72.171 F1=67.039 Rec=72.171 Prec=80.943

Saving best model . . . . . . . .

Train Client0 [1/30] LR=0.0001000 loss=1.260 ACC=86.530 F1=64.057 Rec=64.003 Prec=64.280
Train Client1 [1/30] LR=0.0001000 loss=1.316 ACC=87.047 F1=62.452 Rec=61.404 Prec=64.795
Train Client2 [1/30] LR=0.0001000 loss=1.241 ACC=87.405 F1=60.444 Rec=59.240 Prec=65.208
Train Client3 [1/30] LR=0.0001000 loss=1.826 ACC=83.144 F1=70.274 Rec=71.423 Prec=70.134
Train Client4 [1/30] LR=0.0001000 loss=1.210 ACC=88.186 F1=51.398 Rec=49.960 Prec=55.813
Train Client5 [1/30] LR=0.0001000 loss=1.802 ACC=80.179 F1=58.545 Rec=58.136 Prec=60.008
Train Client6 [1/30] LR=0.0001000 loss=1.970 ACC=80.833 F1=50.866 Rec=53.966 Prec=49.470
Train Client7 [1/30] LR=0.0001000 loss=1.332 ACC=87.500 F1=52.016 Rec=51.414 Prec=53.673

Test-  OSR [1/30] LR=0.0001000 ACC=64.750 F1=66.702 Rec=68.143 Prec=74.758 UNK=54.571 OS*=70.857 HOS=61.657 AUROC=68.579 AUPR=66.836 OSCR=54.502
Test-Close [1/30] LR=0.0001000 loss=2.301 ACC=87.314 F1=87.107 Rec=87.314 Prec=88.508

Saving best model . . . . . . . .

Train Client0 [2/30] LR=0.0001000 loss=0.976 ACC=89.224 F1=84.308 Rec=84.416 Prec=84.398
Train Client1 [2/30] LR=0.0001000 loss=1.044 ACC=89.241 F1=72.539 Rec=69.393 Prec=81.876
Train Client2 [2/30] LR=0.0001000 loss=1.051 ACC=89.021 F1=63.103 Rec=62.354 Prec=66.037
Train Client3 [2/30] LR=0.0001000 loss=1.322 ACC=86.932 F1=73.268 Rec=73.499 Prec=73.141
Train Client4 [2/30] LR=0.0001000 loss=0.883 ACC=91.616 F1=60.350 Rec=58.274 Prec=63.500
Train Client5 [2/30] LR=0.0001000 loss=1.309 ACC=85.179 F1=65.483 Rec=65.487 Prec=65.500
Train Client6 [2/30] LR=0.0001000 loss=1.685 ACC=80.278 F1=62.320 Rec=74.984 Prec=56.570
Train Client7 [2/30] LR=0.0001000 loss=1.053 ACC=89.621 F1=63.863 Rec=78.995 Prec=64.296

Test-  OSR [2/30] LR=0.0001000 ACC=70.143 F1=74.139 Rec=77.270 Prec=74.825 UNK=48.762 OS*=82.971 HOS=61.425 AUROC=75.005 AUPR=71.273 OSCR=67.169
Test-Close [2/30] LR=0.0001000 loss=2.126 ACC=88.971 F1=88.847 Rec=88.971 Prec=89.966

Saving best model . . . . . . . .

Train Client0 [3/30] LR=0.0001000 loss=0.742 ACC=91.487 F1=69.929 Rec=69.928 Prec=69.990
Train Client1 [3/30] LR=0.0001000 loss=0.868 ACC=91.713 F1=80.901 Rec=78.744 Prec=83.938
Train Client2 [3/30] LR=0.0001000 loss=0.925 ACC=90.494 F1=70.918 Rec=69.487 Prec=73.597
Train Client3 [3/30] LR=0.0001000 loss=1.108 ACC=89.962 F1=75.136 Rec=75.900 Prec=74.549
Train Client4 [3/30] LR=0.0001000 loss=0.733 ACC=91.921 F1=65.741 Rec=65.984 Prec=65.695
Train Client5 [3/30] LR=0.0001000 loss=1.187 ACC=87.768 F1=67.405 Rec=67.434 Prec=67.410
Train Client6 [3/30] LR=0.0001000 loss=1.282 ACC=87.778 F1=73.338 Rec=81.577 Prec=68.025
Train Client7 [3/30] LR=0.0001000 loss=0.893 ACC=91.439 F1=63.039 Rec=61.555 Prec=65.018

Test-  OSR [3/30] LR=0.0001000 ACC=70.821 F1=75.284 Rec=80.905 Prec=76.319 UNK=40.571 OS*=88.971 HOS=55.730 AUROC=78.100 AUPR=74.789 OSCR=72.770
Test-Close [3/30] LR=0.0001000 loss=1.995 ACC=90.686 F1=90.609 Rec=90.686 Prec=91.690

Saving best model . . . . . . . .

Train Client0 [4/30] LR=0.0001000 loss=0.681 ACC=93.750 F1=72.749 Rec=72.651 Prec=72.959
Train Client1 [4/30] LR=0.0001000 loss=0.812 ACC=91.295 F1=79.864 Rec=77.675 Prec=82.863
Train Client2 [4/30] LR=0.0001000 loss=0.861 ACC=91.160 F1=72.033 Rec=71.136 Prec=73.936
Train Client3 [4/30] LR=0.0001000 loss=0.981 ACC=90.530 F1=71.976 Rec=72.138 Prec=71.890
Train Client4 [4/30] LR=0.0001000 loss=0.645 ACC=93.521 F1=69.650 Rec=68.875 Prec=70.604
Train Client5 [4/30] LR=0.0001000 loss=1.038 ACC=89.375 F1=69.195 Rec=69.133 Prec=69.273
Train Client6 [4/30] LR=0.0001000 loss=1.179 ACC=88.611 F1=71.075 Rec=76.717 Prec=67.048
Train Client7 [4/30] LR=0.0001000 loss=0.859 ACC=92.348 F1=71.813 Rec=85.338 Prec=70.341

Test-  OSR [4/30] LR=0.0001000 ACC=69.929 F1=74.922 Rec=80.476 Prec=76.314 UNK=38.286 OS*=88.914 HOS=53.524 AUROC=77.509 AUPR=73.132 OSCR=72.555
Test-Close [4/30] LR=0.0001000 loss=1.971 ACC=91.771 F1=91.705 Rec=91.771 Prec=92.571

Train Client0 [5/30] LR=0.0001000 loss=0.613 ACC=93.966 F1=72.941 Rec=72.835 Prec=73.071
Train Client1 [5/30] LR=0.0001000 loss=0.716 ACC=92.514 F1=84.441 Rec=83.105 Prec=86.271
Train Client2 [5/30] LR=0.0001000 loss=0.735 ACC=91.730 F1=73.431 Rec=72.699 Prec=75.839
Train Client3 [5/30] LR=0.0001000 loss=0.896 ACC=91.288 F1=79.194 Rec=82.926 Prec=77.795
Train Client4 [5/30] LR=0.0001000 loss=0.670 ACC=93.674 F1=67.093 Rec=67.933 Prec=66.329
Train Client5 [5/30] LR=0.0001000 loss=0.898 ACC=91.696 F1=75.752 Rec=76.466 Prec=75.175
Train Client6 [5/30] LR=0.0001000 loss=1.133 ACC=86.667 F1=70.414 Rec=78.961 Prec=64.957
Train Client7 [5/30] LR=0.0001000 loss=0.875 ACC=91.364 F1=63.917 Rec=63.369 Prec=64.593

Test-  OSR [5/30] LR=0.0001000 ACC=70.286 F1=75.010 Rec=81.905 Prec=75.725 UNK=35.429 OS*=91.200 HOS=51.032 AUROC=80.140 AUPR=73.816 OSCR=76.509
Test-Close [5/30] LR=0.0001000 loss=1.903 ACC=93.771 F1=93.738 Rec=93.771 Prec=94.233

Saving best model . . . . . . . .

Train Client0 [6/30] LR=0.0001000 loss=0.575 ACC=94.289 F1=91.600 Rec=91.793 Prec=91.426
Train Client1 [6/30] LR=0.0001000 loss=0.755 ACC=92.897 F1=83.613 Rec=81.469 Prec=86.595
Train Client2 [6/30] LR=0.0001000 loss=0.787 ACC=92.015 F1=74.081 Rec=73.642 Prec=75.520
Train Client3 [6/30] LR=0.0001000 loss=0.770 ACC=93.371 F1=81.008 Rec=81.591 Prec=80.651
Train Client4 [6/30] LR=0.0001000 loss=0.727 ACC=93.750 F1=72.048 Rec=73.385 Prec=71.065
Train Client5 [6/30] LR=0.0001000 loss=0.745 ACC=92.857 F1=76.437 Rec=76.668 Prec=76.367
Train Client6 [6/30] LR=0.0001000 loss=0.969 ACC=91.389 F1=77.757 Rec=85.741 Prec=72.800
Train Client7 [6/30] LR=0.0001000 loss=0.892 ACC=92.197 F1=67.141 Rec=67.706 Prec=67.155

Test-  OSR [6/30] LR=0.0001000 ACC=74.750 F1=78.709 Rec=79.317 Prec=80.866 UNK=61.048 OS*=82.971 HOS=70.341 AUROC=76.694 AUPR=70.710 OSCR=69.200
Test-Close [6/30] LR=0.0001000 loss=2.113 ACC=92.800 F1=92.769 Rec=92.800 Prec=93.289

Train Client0 [7/30] LR=0.0001000 loss=0.505 ACC=94.828 F1=92.444 Rec=92.542 Prec=92.380
Train Client1 [7/30] LR=0.0001000 loss=0.721 ACC=93.106 F1=85.269 Rec=84.701 Prec=86.372
Train Client2 [7/30] LR=0.0001000 loss=0.654 ACC=92.681 F1=75.415 Rec=75.065 Prec=76.909
Train Client3 [7/30] LR=0.0001000 loss=0.703 ACC=94.318 F1=85.717 Rec=89.041 Prec=83.897
Train Client4 [7/30] LR=0.0001000 loss=0.674 ACC=93.674 F1=72.779 Rec=75.352 Prec=70.672
Train Client5 [7/30] LR=0.0001000 loss=0.629 ACC=93.393 F1=81.084 Rec=82.792 Prec=80.072
Train Client6 [7/30] LR=0.0001000 loss=1.168 ACC=88.611 F1=72.590 Rec=84.463 Prec=66.865
Train Client7 [7/30] LR=0.0001000 loss=0.748 ACC=93.182 F1=68.293 Rec=67.620 Prec=69.370

Test-  OSR [7/30] LR=0.0001000 ACC=72.321 F1=76.200 Rec=74.873 Prec=80.884 UNK=64.667 OS*=76.914 HOS=70.261 AUROC=75.428 AUPR=70.094 OSCR=64.153
Test-Close [7/30] LR=0.0001000 loss=2.177 ACC=94.514 F1=94.502 Rec=94.514 Prec=94.804

Train Client0 [8/30] LR=0.0001000 loss=0.461 ACC=95.259 F1=74.528 Rec=74.620 Prec=74.448
Train Client1 [8/30] LR=0.0001000 loss=0.624 ACC=94.185 F1=87.082 Rec=86.104 Prec=88.343
Train Client2 [8/30] LR=0.0001000 loss=0.585 ACC=93.013 F1=78.094 Rec=78.064 Prec=78.459
Train Client3 [8/30] LR=0.0001000 loss=0.581 ACC=94.318 F1=75.619 Rec=76.050 Prec=75.208
Train Client4 [8/30] LR=0.0001000 loss=0.618 ACC=94.207 F1=76.512 Rec=77.468 Prec=75.774
Train Client5 [8/30] LR=0.0001000 loss=0.725 ACC=92.143 F1=72.145 Rec=72.219 Prec=72.095
Train Client6 [8/30] LR=0.0001000 loss=1.036 ACC=90.000 F1=74.926 Rec=82.735 Prec=69.975
Train Client7 [8/30] LR=0.0001000 loss=0.662 ACC=94.091 F1=67.442 Rec=67.372 Prec=67.620

Test-  OSR [8/30] LR=0.0001000 ACC=75.857 F1=79.143 Rec=78.635 Prec=81.382 UNK=67.524 OS*=80.857 HOS=73.591 AUROC=81.324 AUPR=71.919 OSCR=72.405
Test-Close [8/30] LR=0.0001000 loss=2.145 ACC=94.229 F1=94.195 Rec=94.229 Prec=94.879

Train Client0 [9/30] LR=0.0001000 loss=0.412 ACC=95.959 F1=94.183 Rec=94.347 Prec=94.026
Train Client1 [9/30] LR=0.0001000 loss=0.630 ACC=93.628 F1=85.868 Rec=84.499 Prec=87.671
Train Client2 [9/30] LR=0.0001000 loss=0.575 ACC=94.249 F1=80.692 Rec=79.468 Prec=83.187
Train Client3 [9/30] LR=0.0001000 loss=0.600 ACC=93.939 F1=83.137 Rec=83.967 Prec=82.476
Train Client4 [9/30] LR=0.0001000 loss=0.510 ACC=94.893 F1=74.901 Rec=76.683 Prec=73.603
Train Client5 [9/30] LR=0.0001000 loss=0.573 ACC=92.946 F1=76.471 Rec=76.448 Prec=76.718
Train Client6 [9/30] LR=0.0001000 loss=1.012 ACC=90.278 F1=78.639 Rec=89.844 Prec=71.861
Train Client7 [9/30] LR=0.0001000 loss=0.670 ACC=93.258 F1=73.588 Rec=88.527 Prec=70.665

Test-  OSR [9/30] LR=0.0001000 ACC=70.714 F1=72.784 Rec=71.556 Prec=80.732 UNK=68.190 OS*=72.229 HOS=70.151 AUROC=77.825 AUPR=71.247 OSCR=63.798
Test-Close [9/30] LR=0.0001000 loss=2.242 ACC=95.029 F1=95.010 Rec=95.029 Prec=95.360

Train Client0 [10/30] LR=0.0001000 loss=0.405 ACC=96.067 F1=94.147 Rec=94.107 Prec=94.194
Train Client1 [10/30] LR=0.0001000 loss=0.599 ACC=93.907 F1=85.344 Rec=83.813 Prec=87.348
Train Client2 [10/30] LR=0.0001000 loss=0.545 ACC=93.346 F1=78.067 Rec=76.698 Prec=80.103
Train Client3 [10/30] LR=0.0001000 loss=0.563 ACC=93.939 F1=80.253 Rec=81.256 Prec=79.517
Train Client4 [10/30] LR=0.0001000 loss=0.514 ACC=95.198 F1=84.238 Rec=86.529 Prec=82.334
Train Client5 [10/30] LR=0.0001000 loss=0.469 ACC=94.196 F1=78.067 Rec=78.431 Prec=77.829
Train Client6 [10/30] LR=0.0001000 loss=0.988 ACC=90.556 F1=80.940 Rec=91.438 Prec=74.497
Train Client7 [10/30] LR=0.0001000 loss=0.622 ACC=93.712 F1=69.065 Rec=69.147 Prec=69.183

Test-  OSR [10/30] LR=0.0001000 ACC=62.714 F1=60.931 Rec=60.540 Prec=79.394 UNK=69.238 OS*=58.800 HOS=63.594 AUROC=73.081 AUPR=67.439 OSCR=51.790
Test-Close [10/30] LR=0.0001000 loss=2.413 ACC=94.171 F1=94.146 Rec=94.171 Prec=94.697

Train Client0 [11/30] LR=0.0001000 loss=0.361 ACC=96.228 F1=94.447 Rec=94.382 Prec=94.517
Train Client1 [11/30] LR=0.0001000 loss=0.624 ACC=93.767 F1=86.871 Rec=86.066 Prec=87.937
Train Client2 [11/30] LR=0.0001000 loss=0.481 ACC=94.202 F1=81.214 Rec=80.672 Prec=82.418
Train Client3 [11/30] LR=0.0001000 loss=0.442 ACC=94.886 F1=86.627 Rec=85.848 Prec=87.592
Train Client4 [11/30] LR=0.0001000 loss=0.592 ACC=94.436 F1=77.715 Rec=79.711 Prec=76.187
Train Client5 [11/30] LR=0.0001000 loss=0.501 ACC=95.089 F1=90.940 Rec=95.215 Prec=88.024
Train Client6 [11/30] LR=0.0001000 loss=1.139 ACC=88.611 F1=74.319 Rec=85.997 Prec=68.471
Train Client7 [11/30] LR=0.0001000 loss=0.656 ACC=93.182 F1=72.613 Rec=88.423 Prec=69.858

Test-  OSR [11/30] LR=0.0001000 ACC=66.893 F1=62.897 Rec=62.810 Prec=81.037 UNK=79.143 OS*=59.543 HOS=67.958 AUROC=78.776 AUPR=71.963 OSCR=56.411
Test-Close [11/30] LR=0.0001000 loss=2.482 ACC=93.886 F1=93.833 Rec=93.886 Prec=94.693

Train Client0 [12/30] LR=0.0001000 loss=0.310 ACC=96.983 F1=95.482 Rec=95.419 Prec=95.546
Train Client1 [12/30] LR=0.0001000 loss=0.576 ACC=94.011 F1=85.487 Rec=85.296 Prec=86.108
Train Client2 [12/30] LR=0.0001000 loss=0.512 ACC=94.582 F1=82.075 Rec=81.066 Prec=83.680
Train Client3 [12/30] LR=0.0001000 loss=0.376 ACC=96.591 F1=87.578 Rec=86.635 Prec=88.709
Train Client4 [12/30] LR=0.0001000 loss=0.504 ACC=94.893 F1=81.471 Rec=83.402 Prec=79.855
Train Client5 [12/30] LR=0.0001000 loss=0.404 ACC=94.911 F1=85.712 Rec=84.015 Prec=87.933
Train Client6 [12/30] LR=0.0001000 loss=1.062 ACC=90.000 F1=76.245 Rec=86.901 Prec=71.501
Train Client7 [12/30] LR=0.0001000 loss=0.572 ACC=94.015 F1=73.406 Rec=88.988 Prec=71.697

Test-  OSR [12/30] LR=0.0001000 ACC=56.071 F1=47.829 Rec=48.444 Prec=64.359 UNK=78.952 OS*=42.343 HOS=55.123 AUROC=72.270 AUPR=66.976 OSCR=38.438
Test-Close [12/30] LR=0.0001000 loss=2.696 ACC=94.686 F1=94.672 Rec=94.686 Prec=95.174

Train Client0 [13/30] LR=0.0001000 loss=0.304 ACC=96.606 F1=94.878 Rec=94.838 Prec=94.943
Train Client1 [13/30] LR=0.0001000 loss=0.563 ACC=93.976 F1=85.872 Rec=84.872 Prec=87.310
Train Client2 [13/30] LR=0.0001000 loss=0.479 ACC=94.297 F1=80.955 Rec=79.821 Prec=83.103
Train Client3 [13/30] LR=0.0001000 loss=0.422 ACC=95.265 F1=82.807 Rec=82.292 Prec=83.556
Train Client4 [13/30] LR=0.0001000 loss=0.513 ACC=95.351 F1=81.072 Rec=82.304 Prec=80.499
Train Client5 [13/30] LR=0.0001000 loss=0.459 ACC=95.089 F1=89.571 Rec=89.398 Prec=89.753
Train Client6 [13/30] LR=0.0001000 loss=1.115 ACC=90.556 F1=78.939 Rec=88.824 Prec=73.204
Train Client7 [13/30] LR=0.0001000 loss=0.595 ACC=95.076 F1=77.045 Rec=90.648 Prec=74.220

Test-  OSR [13/30] LR=0.0001000 ACC=58.250 F1=48.945 Rec=49.698 Prec=65.612 UNK=83.905 OS*=42.857 HOS=56.735 AUROC=73.580 AUPR=68.172 OSCR=39.734
Test-Close [13/30] LR=0.0001000 loss=2.748 ACC=95.086 F1=95.058 Rec=95.086 Prec=95.586

Train Client0 [14/30] LR=0.0001000 loss=0.362 ACC=96.659 F1=76.269 Rec=76.432 Prec=76.113
Train Client1 [14/30] LR=0.0001000 loss=0.529 ACC=94.499 F1=87.658 Rec=85.971 Prec=89.883
Train Client2 [14/30] LR=0.0001000 loss=0.573 ACC=94.677 F1=81.250 Rec=79.837 Prec=84.078
Train Client3 [14/30] LR=0.0001000 loss=0.437 ACC=96.212 F1=88.602 Rec=86.780 Prec=91.436
Train Client4 [14/30] LR=0.0001000 loss=0.465 ACC=95.198 F1=82.481 Rec=84.737 Prec=80.900
Train Client5 [14/30] LR=0.0001000 loss=0.349 ACC=95.893 F1=80.849 Rec=80.463 Prec=81.277
Train Client6 [14/30] LR=0.0001000 loss=0.999 ACC=92.222 F1=82.751 Rec=91.915 Prec=76.826
Train Client7 [14/30] LR=0.0001000 loss=0.445 ACC=95.758 F1=79.732 Rec=90.543 Prec=78.311

Test-  OSR [14/30] LR=0.0001000 ACC=52.821 F1=42.956 Rec=41.063 Prec=82.830 UNK=88.095 OS*=31.657 HOS=46.577 AUROC=78.187 AUPR=74.883 OSCR=29.929
Test-Close [14/30] LR=0.0001000 loss=2.806 ACC=95.486 F1=95.476 Rec=95.486 Prec=95.863

Train Client0 [15/30] LR=0.0001000 loss=0.330 ACC=96.336 F1=75.828 Rec=75.815 Prec=75.857
Train Client1 [15/30] LR=0.0001000 loss=0.467 ACC=94.325 F1=86.117 Rec=85.036 Prec=87.581
Train Client2 [15/30] LR=0.0001000 loss=0.441 ACC=93.964 F1=79.672 Rec=78.569 Prec=81.414
Train Client3 [15/30] LR=0.0001000 loss=0.405 ACC=95.644 F1=86.414 Rec=85.521 Prec=87.582
Train Client4 [15/30] LR=0.0001000 loss=0.538 ACC=94.436 F1=77.059 Rec=81.461 Prec=74.412
Train Client5 [15/30] LR=0.0001000 loss=0.388 ACC=95.536 F1=74.981 Rec=74.740 Prec=75.243
Train Client6 [15/30] LR=0.0001000 loss=0.853 ACC=92.778 F1=82.778 Rec=89.528 Prec=77.846
Train Client7 [15/30] LR=0.0001000 loss=0.445 ACC=95.152 F1=76.658 Rec=88.677 Prec=75.677

Test-  OSR [15/30] LR=0.0001000 ACC=49.464 F1=36.705 Rec=35.508 Prec=49.593 UNK=91.333 OS*=24.343 HOS=38.440 AUROC=65.511 AUPR=54.233 OSCR=23.345
Test-Close [15/30] LR=0.0001000 loss=3.324 ACC=94.286 F1=94.239 Rec=94.286 Prec=95.004

Train Client0 [16/30] LR=0.0001000 loss=0.283 ACC=96.606 F1=76.110 Rec=76.052 Prec=76.173
Train Client1 [16/30] LR=0.0001000 loss=0.562 ACC=94.464 F1=87.430 Rec=85.016 Prec=90.866
Train Client2 [16/30] LR=0.0001000 loss=0.431 ACC=94.439 F1=80.555 Rec=79.623 Prec=82.116
Train Client3 [16/30] LR=0.0001000 loss=0.317 ACC=97.348 F1=91.154 Rec=91.146 Prec=91.228
Train Client4 [16/30] LR=0.0001000 loss=0.605 ACC=94.817 F1=75.587 Rec=78.367 Prec=73.684
Train Client5 [16/30] LR=0.0001000 loss=0.375 ACC=95.982 F1=75.896 Rec=75.732 Prec=76.095
Train Client6 [16/30] LR=0.0001000 loss=0.590 ACC=95.278 F1=87.220 Rec=89.568 Prec=85.235
Train Client7 [16/30] LR=0.0001000 loss=0.415 ACC=95.303 F1=70.850 Rec=70.402 Prec=71.451

Test-  OSR [16/30] LR=0.0001000 ACC=56.536 F1=49.067 Rec=44.873 Prec=84.421 UNK=91.524 OS*=35.543 HOS=51.202 AUROC=78.676 AUPR=70.151 OSCR=34.120
Test-Close [16/30] LR=0.0001000 loss=2.926 ACC=93.657 F1=93.581 Rec=93.657 Prec=94.629

Train Client0 [17/30] LR=0.0001000 loss=0.257 ACC=97.091 F1=95.653 Rec=95.678 Prec=95.630
Train Client1 [17/30] LR=0.0001000 loss=0.437 ACC=94.916 F1=89.431 Rec=88.063 Prec=91.261
Train Client2 [17/30] LR=0.0001000 loss=0.471 ACC=93.679 F1=76.713 Rec=76.123 Prec=78.586
Train Client3 [17/30] LR=0.0001000 loss=0.426 ACC=94.886 F1=79.553 Rec=78.649 Prec=81.614
Train Client4 [17/30] LR=0.0001000 loss=0.529 ACC=94.207 F1=76.272 Rec=78.422 Prec=74.852
Train Client5 [17/30] LR=0.0001000 loss=0.371 ACC=95.000 F1=82.027 Rec=84.475 Prec=80.769
Train Client6 [17/30] LR=0.0001000 loss=1.030 ACC=91.944 F1=85.742 Rec=96.661 Prec=78.666
Train Client7 [17/30] LR=0.0001000 loss=0.488 ACC=94.394 F1=69.355 Rec=69.720 Prec=69.232

Test-  OSR [17/30] LR=0.0001000 ACC=44.929 F1=28.090 Rec=28.063 Prec=85.099 UNK=95.524 OS*=14.571 HOS=25.286 AUROC=77.594 AUPR=71.388 OSCR=14.249
Test-Close [17/30] LR=0.0001000 loss=3.253 ACC=94.057 F1=94.006 Rec=94.057 Prec=94.907

Train Client0 [18/30] LR=0.0001000 loss=0.262 ACC=97.037 F1=76.643 Rec=76.644 Prec=76.641
Train Client1 [18/30] LR=0.0001000 loss=0.479 ACC=94.533 F1=86.687 Rec=85.266 Prec=88.447
Train Client2 [18/30] LR=0.0001000 loss=0.330 ACC=95.152 F1=83.267 Rec=81.901 Prec=85.191
Train Client3 [18/30] LR=0.0001000 loss=0.463 ACC=94.886 F1=83.059 Rec=81.891 Prec=84.906
Train Client4 [18/30] LR=0.0001000 loss=0.458 ACC=95.655 F1=80.692 Rec=82.854 Prec=78.829
Train Client5 [18/30] LR=0.0001000 loss=0.328 ACC=95.804 F1=80.463 Rec=80.243 Prec=80.697
Train Client6 [18/30] LR=0.0001000 loss=0.972 ACC=92.222 F1=81.963 Rec=90.167 Prec=76.604
Train Client7 [18/30] LR=0.0001000 loss=0.491 ACC=95.303 F1=70.542 Rec=70.335 Prec=71.040

Test-  OSR [18/30] LR=0.0001000 ACC=45.786 F1=31.141 Rec=30.667 Prec=83.754 UNK=91.143 OS*=18.571 HOS=30.856 AUROC=76.149 AUPR=73.768 OSCR=17.781
Test-Close [18/30] LR=0.0001000 loss=3.098 ACC=95.314 F1=95.288 Rec=95.314 Prec=95.842

Train Client0 [19/30] LR=0.0001000 loss=0.347 ACC=96.228 F1=94.697 Rec=94.922 Prec=94.476
Train Client1 [19/30] LR=0.0001000 loss=0.513 ACC=93.698 F1=86.701 Rec=84.858 Prec=89.155
Train Client2 [19/30] LR=0.0001000 loss=0.404 ACC=94.772 F1=82.031 Rec=81.229 Prec=83.213
Train Client3 [19/30] LR=0.0001000 loss=0.299 ACC=96.023 F1=82.972 Rec=82.853 Prec=83.141
Train Client4 [19/30] LR=0.0001000 loss=0.473 ACC=95.046 F1=77.547 Rec=81.496 Prec=74.474
Train Client5 [19/30] LR=0.0001000 loss=0.431 ACC=95.089 F1=80.188 Rec=79.220 Prec=81.423
Train Client6 [19/30] LR=0.0001000 loss=0.950 ACC=92.222 F1=84.085 Rec=94.988 Prec=77.497
Train Client7 [19/30] LR=0.0001000 loss=0.468 ACC=95.076 F1=70.405 Rec=71.290 Prec=69.847

Test-  OSR [19/30] LR=0.0001000 ACC=43.857 F1=25.608 Rec=26.984 Prec=84.469 UNK=94.476 OS*=13.486 HOS=23.602 AUROC=75.869 AUPR=70.753 OSCR=13.084
Test-Close [19/30] LR=0.0001000 loss=3.342 ACC=95.429 F1=95.395 Rec=95.429 Prec=96.033

Train Client0 [20/30] LR=0.0001000 loss=0.280 ACC=96.713 F1=76.089 Rec=76.097 Prec=76.082
Train Client1 [20/30] LR=0.0001000 loss=0.530 ACC=94.568 F1=87.357 Rec=86.458 Prec=88.529
Train Client2 [20/30] LR=0.0001000 loss=0.385 ACC=94.629 F1=81.998 Rec=81.307 Prec=82.983
Train Client3 [20/30] LR=0.0001000 loss=0.275 ACC=96.212 F1=80.908 Rec=79.944 Prec=82.999
Train Client4 [20/30] LR=0.0001000 loss=0.464 ACC=95.046 F1=76.444 Rec=78.889 Prec=74.668
Train Client5 [20/30] LR=0.0001000 loss=0.244 ACC=97.143 F1=88.683 Rec=91.815 Prec=86.560
Train Client6 [20/30] LR=0.0001000 loss=0.975 ACC=93.611 F1=84.540 Rec=89.245 Prec=80.855
Train Client7 [20/30] LR=0.0001000 loss=0.440 ACC=95.227 F1=69.611 Rec=69.852 Prec=69.475

Test-  OSR [20/30] LR=0.0001000 ACC=53.429 F1=44.555 Rec=40.286 Prec=83.880 UNK=92.857 OS*=29.771 HOS=45.087 AUROC=75.456 AUPR=63.658 OSCR=28.796
Test-Close [20/30] LR=0.0001000 loss=3.034 ACC=93.600 F1=93.556 Rec=93.600 Prec=94.319

Train Client0 [21/30] LR=0.0001000 loss=0.269 ACC=97.144 F1=76.678 Rec=76.739 Prec=76.623
Train Client1 [21/30] LR=0.0001000 loss=0.454 ACC=95.474 F1=89.472 Rec=87.524 Prec=91.997
Train Client2 [21/30] LR=0.0001000 loss=0.381 ACC=95.010 F1=82.053 Rec=81.223 Prec=83.965
Train Client3 [21/30] LR=0.0001000 loss=0.285 ACC=96.591 F1=87.837 Rec=86.979 Prec=88.877
Train Client4 [21/30] LR=0.0001000 loss=0.504 ACC=95.732 F1=77.049 Rec=78.482 Prec=75.990
Train Client5 [21/30] LR=0.0001000 loss=0.446 ACC=95.357 F1=80.283 Rec=79.461 Prec=81.350
Train Client6 [21/30] LR=0.0001000 loss=0.872 ACC=92.222 F1=83.826 Rec=92.497 Prec=78.176
Train Client7 [21/30] LR=0.0001000 loss=0.408 ACC=96.288 F1=80.694 Rec=91.995 Prec=78.481

Test-  OSR [21/30] LR=0.0001000 ACC=50.393 F1=38.532 Rec=37.254 Prec=67.150 UNK=89.810 OS*=26.743 HOS=41.213 AUROC=76.683 AUPR=72.220 OSCR=25.273
Test-Close [21/30] LR=0.0001000 loss=3.178 ACC=95.200 F1=95.174 Rec=95.200 Prec=95.684

Train Client0 [22/30] LR=0.0001000 loss=0.243 ACC=97.198 F1=76.859 Rec=76.944 Prec=76.779
Train Client1 [22/30] LR=0.0001000 loss=0.425 ACC=94.882 F1=90.007 Rec=89.289 Prec=91.022
Train Client2 [22/30] LR=0.0001000 loss=0.417 ACC=94.724 F1=79.498 Rec=78.285 Prec=82.090
Train Client3 [22/30] LR=0.0001000 loss=0.286 ACC=96.780 F1=86.021 Rec=86.720 Prec=85.492
Train Client4 [22/30] LR=0.0001000 loss=0.458 ACC=95.274 F1=77.597 Rec=80.979 Prec=76.012
Train Client5 [22/30] LR=0.0001000 loss=0.345 ACC=96.607 F1=76.566 Rec=76.601 Prec=76.539
Train Client6 [22/30] LR=0.0001000 loss=0.747 ACC=93.889 F1=87.585 Rec=91.732 Prec=84.793
Train Client7 [22/30] LR=0.0001000 loss=0.440 ACC=96.061 F1=80.116 Rec=92.152 Prec=77.176

Test-  OSR [22/30] LR=0.0001000 ACC=51.964 F1=39.569 Rec=37.317 Prec=69.456 UNK=95.905 OS*=25.600 HOS=40.413 AUROC=78.788 AUPR=73.201 OSCR=25.126
Test-Close [22/30] LR=0.0001000 loss=3.267 ACC=95.143 F1=95.114 Rec=95.143 Prec=95.650

Train Client0 [23/30] LR=0.0001000 loss=0.204 ACC=97.468 F1=96.178 Rec=96.131 Prec=96.233
Train Client1 [23/30] LR=0.0001000 loss=0.508 ACC=94.986 F1=89.944 Rec=88.408 Prec=92.067
Train Client2 [23/30] LR=0.0001000 loss=0.322 ACC=95.437 F1=83.150 Rec=81.591 Prec=85.676
Train Client3 [23/30] LR=0.0001000 loss=0.286 ACC=96.212 F1=88.430 Rec=89.470 Prec=87.551
Train Client4 [23/30] LR=0.0001000 loss=0.387 ACC=95.808 F1=82.487 Rec=87.466 Prec=79.660
Train Client5 [23/30] LR=0.0001000 loss=0.276 ACC=97.679 F1=77.506 Rec=77.329 Prec=77.707
Train Client6 [23/30] LR=0.0001000 loss=0.610 ACC=94.167 F1=82.485 Rec=86.773 Prec=79.383
Train Client7 [23/30] LR=0.0001000 loss=0.378 ACC=96.136 F1=72.785 Rec=71.994 Prec=73.818

Test-  OSR [23/30] LR=0.0001000 ACC=46.857 F1=28.641 Rec=29.175 Prec=72.450 UNK=99.905 OS*=15.029 HOS=26.127 AUROC=81.029 AUPR=69.401 OSCR=15.025
Test-Close [23/30] LR=0.0001000 loss=3.670 ACC=93.200 F1=93.111 Rec=93.200 Prec=94.258

Train Client0 [24/30] LR=0.0001000 loss=0.212 ACC=97.306 F1=76.826 Rec=76.801 Prec=76.857
Train Client1 [24/30] LR=0.0001000 loss=0.387 ACC=94.986 F1=88.652 Rec=87.618 Prec=90.080
Train Client2 [24/30] LR=0.0001000 loss=0.319 ACC=95.485 F1=84.604 Rec=83.122 Prec=86.713
Train Client3 [24/30] LR=0.0001000 loss=0.185 ACC=97.727 F1=83.134 Rec=81.663 Prec=87.978
Train Client4 [24/30] LR=0.0001000 loss=0.370 ACC=95.808 F1=78.402 Rec=79.751 Prec=77.240
Train Client5 [24/30] LR=0.0001000 loss=0.208 ACC=97.232 F1=88.419 Rec=86.814 Prec=90.514
Train Client6 [24/30] LR=0.0001000 loss=0.954 ACC=91.944 F1=81.360 Rec=87.609 Prec=77.551
Train Client7 [24/30] LR=0.0001000 loss=0.379 ACC=96.288 F1=82.533 Rec=92.845 Prec=79.033

Test-  OSR [24/30] LR=0.0001000 ACC=41.214 F1=17.960 Rec=21.714 Prec=87.548 UNK=99.714 OS*=6.114 HOS=11.522 AUROC=79.095 AUPR=63.277 OSCR=6.111
Test-Close [24/30] LR=0.0001000 loss=3.705 ACC=93.543 F1=93.497 Rec=93.543 Prec=94.268

Train Client0 [25/30] LR=0.0001000 loss=0.194 ACC=97.629 F1=96.602 Rec=96.689 Prec=96.529
Train Client1 [25/30] LR=0.0001000 loss=0.341 ACC=95.474 F1=90.346 Rec=89.231 Prec=91.652
Train Client2 [25/30] LR=0.0001000 loss=0.328 ACC=95.770 F1=84.752 Rec=82.783 Prec=87.708
Train Client3 [25/30] LR=0.0001000 loss=0.231 ACC=97.917 F1=91.298 Rec=91.276 Prec=91.336
Train Client4 [25/30] LR=0.0001000 loss=0.403 ACC=95.198 F1=79.333 Rec=83.261 Prec=77.175
Train Client5 [25/30] LR=0.0001000 loss=0.250 ACC=97.143 F1=77.038 Rec=76.896 Prec=77.184
Train Client6 [25/30] LR=0.0001000 loss=0.794 ACC=92.500 F1=84.310 Rec=92.720 Prec=78.917
Train Client7 [25/30] LR=0.0001000 loss=0.383 ACC=95.682 F1=71.029 Rec=70.445 Prec=71.736

Test-  OSR [25/30] LR=0.0001000 ACC=41.179 F1=19.179 Rec=22.238 Prec=52.342 UNK=98.000 OS*=7.086 HOS=13.216 AUROC=75.646 AUPR=68.757 OSCR=7.010
Test-Close [25/30] LR=0.0001000 loss=3.812 ACC=95.371 F1=95.351 Rec=95.371 Prec=95.787

Train Client0 [26/30] LR=0.0001000 loss=0.246 ACC=97.683 F1=77.481 Rec=77.499 Prec=77.467
Train Client1 [26/30] LR=0.0001000 loss=0.368 ACC=95.926 F1=91.896 Rec=91.025 Prec=93.095
Train Client2 [26/30] LR=0.0001000 loss=0.303 ACC=95.105 F1=82.606 Rec=81.450 Prec=84.239
Train Client3 [26/30] LR=0.0001000 loss=0.415 ACC=96.212 F1=83.689 Rec=83.168 Prec=84.490
Train Client4 [26/30] LR=0.0001000 loss=0.384 ACC=96.570 F1=84.425 Rec=87.307 Prec=82.155
Train Client5 [26/30] LR=0.0001000 loss=0.288 ACC=97.321 F1=77.080 Rec=76.705 Prec=77.502
Train Client6 [26/30] LR=0.0001000 loss=0.827 ACC=92.778 F1=79.548 Rec=84.330 Prec=76.781
Train Client7 [26/30] LR=0.0001000 loss=0.422 ACC=95.985 F1=72.181 Rec=72.548 Prec=71.978

Test-  OSR [26/30] LR=0.0001000 ACC=42.536 F1=19.279 Rec=23.381 Prec=56.581 UNK=100.000 OS*=8.057 HOS=14.913 AUROC=83.537 AUPR=76.313 OSCR=8.057
Test-Close [26/30] LR=0.0001000 loss=4.348 ACC=93.371 F1=93.274 Rec=93.371 Prec=94.399

Train Client0 [27/30] LR=0.0001000 loss=0.236 ACC=97.629 F1=77.303 Rec=77.346 Prec=77.262
Train Client1 [27/30] LR=0.0001000 loss=0.411 ACC=95.857 F1=89.921 Rec=87.935 Prec=92.430
Train Client2 [27/30] LR=0.0001000 loss=0.363 ACC=94.914 F1=81.725 Rec=80.247 Prec=84.530
Train Client3 [27/30] LR=0.0001000 loss=0.231 ACC=97.538 F1=88.522 Rec=87.638 Prec=89.624
Train Client4 [27/30] LR=0.0001000 loss=0.367 ACC=96.418 F1=84.019 Rec=86.874 Prec=81.606
Train Client5 [27/30] LR=0.0001000 loss=0.275 ACC=97.321 F1=88.354 Rec=86.961 Prec=90.224
Train Client6 [27/30] LR=0.0001000 loss=0.896 ACC=91.667 F1=82.183 Rec=91.683 Prec=77.044
Train Client7 [27/30] LR=0.0001000 loss=0.404 ACC=96.439 F1=72.986 Rec=73.098 Prec=72.975

Test-  OSR [27/30] LR=0.0001000 ACC=42.464 F1=19.043 Rec=23.286 Prec=39.910 UNK=100.000 OS*=7.943 HOS=14.717 AUROC=85.733 AUPR=79.628 OSCR=7.943
Test-Close [27/30] LR=0.0001000 loss=4.638 ACC=94.857 F1=94.809 Rec=94.857 Prec=95.472

Train Client0 [28/30] LR=0.0001000 loss=0.229 ACC=97.306 F1=76.956 Rec=77.012 Prec=76.901
Train Client1 [28/30] LR=0.0001000 loss=0.342 ACC=95.996 F1=91.995 Rec=90.973 Prec=93.184
Train Client2 [28/30] LR=0.0001000 loss=0.326 ACC=95.722 F1=84.644 Rec=83.333 Prec=86.835
Train Client3 [28/30] LR=0.0001000 loss=0.291 ACC=97.538 F1=90.987 Rec=94.143 Prec=88.977
Train Client4 [28/30] LR=0.0001000 loss=0.415 ACC=95.960 F1=79.760 Rec=80.380 Prec=79.567
Train Client5 [28/30] LR=0.0001000 loss=0.224 ACC=97.321 F1=87.275 Rec=87.358 Prec=87.195
Train Client6 [28/30] LR=0.0001000 loss=0.698 ACC=94.167 F1=84.119 Rec=89.871 Prec=80.472
Train Client7 [28/30] LR=0.0001000 loss=0.350 ACC=97.121 F1=84.158 Rec=93.882 Prec=81.167

Test-  OSR [28/30] LR=0.0001000 ACC=44.607 F1=21.781 Rec=26.143 Prec=40.062 UNK=100.000 OS*=11.371 HOS=20.421 AUROC=87.828 AUPR=78.690 OSCR=11.371
Test-Close [28/30] LR=0.0001000 loss=4.609 ACC=96.057 F1=96.012 Rec=96.057 Prec=96.469

Train Client0 [29/30] LR=0.0001000 loss=0.247 ACC=97.737 F1=96.704 Rec=96.822 Prec=96.590
Train Client1 [29/30] LR=0.0001000 loss=0.403 ACC=95.996 F1=91.073 Rec=89.058 Prec=93.644
Train Client2 [29/30] LR=0.0001000 loss=0.294 ACC=96.245 F1=86.264 Rec=84.391 Prec=89.123
Train Client3 [29/30] LR=0.0001000 loss=0.283 ACC=97.727 F1=88.836 Rec=87.961 Prec=89.908
Train Client4 [29/30] LR=0.0001000 loss=0.355 ACC=95.884 F1=83.795 Rec=86.310 Prec=81.843
Train Client5 [29/30] LR=0.0001000 loss=0.255 ACC=96.518 F1=81.811 Rec=80.898 Prec=82.986
Train Client6 [29/30] LR=0.0001000 loss=0.678 ACC=95.833 F1=85.613 Rec=86.136 Prec=85.159
Train Client7 [29/30] LR=0.0001000 loss=0.359 ACC=96.818 F1=86.436 Rec=93.375 Prec=83.010

Test-  OSR [29/30] LR=0.0001000 ACC=39.286 F1=13.420 Rec=19.048 Prec=39.697 UNK=100.000 OS*=2.857 HOS=5.556 AUROC=84.726 AUPR=77.713 OSCR=2.857
Test-Close [29/30] LR=0.0001000 loss=4.893 ACC=95.257 F1=95.212 Rec=95.257 Prec=95.650

------>Best performance (by OSCR)--->>>>>>>

Test-  OSR [5/30] LR=0.0001000 ACC=70.286 F1=75.010 Rec=81.905 Prec=75.725 UNK=35.429 OS*=91.200 HOS=51.032 AUROC=80.140 AUPR=73.816 OSCR=76.509
Test-Close [5/30] LR=0.0001000 loss=1.903 ACC=93.771 F1=93.738 Rec=93.771 Prec=94.233
=====================================================================================================================================
The ending time ：2026-07-03 14:23:08
