Logging to: ./logs/RetinalOCT_Finetune_K5_U3_seed0_20260702_225543.log
==> Preparing data..
Protocol mode: hard
Fixed known classes: ['CSR', 'DR', 'DRUSEN', 'MH', 'NORMAL']
Fixed unknown classes: ['AMD', 'CNV', 'DME']
Known class list: [2 4 5 6 7] Unknown class list [0 1 3]
Total images — Train: 18400, Val: 2800, Test: 2800
{2: 0, 4: 1, 5: 2, 6: 3, 7: 4} {0: 5, 1: 6, 3: 7}
Known origin: [2 4 5 6 7] , new: [0 1 2 3 4]
Unknown origin: [0 1 3] , new: [5 6 7]
Known/Unknown in Train: 11500/6900
Known/Unknown in Val:   1750/1050
Known/Unknown in Test:  1750/1050
Client0 sample num: 1861
Client1 sample num: 2876
Client2 sample num: 2109
Client3 sample num: 533
Client4 sample num: 1312
Client5 sample num: 1125
Client6 sample num: 362
Client7 sample num: 1322

>>> Setting up
==> Using device: cuda:1
==> Building [Resnet18] model..
154
154
154
154
154
154
154
154
154
154
154
154
154
154
154
154
154
154
Train Client0 [0/30] LR=0.0001000 loss=8.357 ACC=78.718 F1=55.073 Rec=54.574 Prec=57.437
Train Client1 [0/30] LR=0.0001000 loss=6.038 ACC=82.939 F1=53.861 Rec=54.301 Prec=57.405
Train Client2 [0/30] LR=0.0001000 loss=8.403 ACC=74.287 F1=40.641 Rec=41.908 Prec=40.641
Train Client3 [0/30] LR=0.0001000 loss=19.657 ACC=62.311 F1=49.670 Rec=52.522 Prec=49.196
Train Client4 [0/30] LR=0.0001000 loss=11.601 ACC=80.107 F1=41.808 Rec=42.786 Prec=42.198
Train Client5 [0/30] LR=0.0001000 loss=13.901 ACC=63.214 F1=41.712 Rec=42.079 Prec=43.042
Train Client6 [0/30] LR=0.0001000 loss=20.051 ACC=71.944 F1=28.588 Rec=28.397 Prec=28.883
Train Client7 [0/30] LR=0.0001000 loss=11.076 ACC=82.273 F1=36.640 Rec=37.724 Prec=36.499

Test-  OSR [0/30] LR=0.0001000 ACC=39.179 F1=37.837 Rec=52.238 Prec=31.820 UNK=0.000 OS*=62.686 HOS=0.000 AUROC=54.976 AUPR=45.247 OSCR=41.616
Test-Close [0/30] LR=0.0001000 loss=2.637 ACC=71.429 F1=65.286 Rec=71.429 Prec=81.307

Saving best model . . . . . . . .

Train Client0 [1/30] LR=0.0001000 loss=1.420 ACC=86.207 F1=63.714 Rec=63.733 Prec=63.908
Train Client1 [1/30] LR=0.0001000 loss=1.483 ACC=86.908 F1=62.015 Rec=61.120 Prec=64.278
Train Client2 [1/30] LR=0.0001000 loss=1.409 ACC=87.262 F1=57.247 Rec=56.660 Prec=64.000
Train Client3 [1/30] LR=0.0001000 loss=2.070 ACC=82.765 F1=70.198 Rec=71.393 Prec=70.054
Train Client4 [1/30] LR=0.0001000 loss=1.382 ACC=88.491 F1=53.179 Rec=50.635 Prec=62.663
Train Client5 [1/30] LR=0.0001000 loss=2.026 ACC=80.268 F1=57.546 Rec=57.304 Prec=59.459
Train Client6 [1/30] LR=0.0001000 loss=2.231 ACC=80.556 F1=51.468 Rec=56.286 Prec=49.193
Train Client7 [1/30] LR=0.0001000 loss=1.526 ACC=86.970 F1=51.042 Rec=50.889 Prec=51.965

Test-  OSR [1/30] LR=0.0001000 ACC=60.143 F1=57.235 Rec=58.730 Prec=77.134 UNK=64.381 OS*=57.600 HOS=60.802 AUROC=68.248 AUPR=65.519 OSCR=47.011
Test-Close [1/30] LR=0.0001000 loss=2.459 ACC=87.943 F1=87.796 Rec=87.943 Prec=89.010

Saving best model . . . . . . . .

Train Client0 [2/30] LR=0.0001000 loss=1.079 ACC=89.601 F1=84.768 Rec=84.790 Prec=85.105
Train Client1 [2/30] LR=0.0001000 loss=1.154 ACC=88.510 F1=71.275 Rec=67.952 Prec=85.685
Train Client2 [2/30] LR=0.0001000 loss=1.176 ACC=88.546 F1=62.111 Rec=61.543 Prec=65.002
Train Client3 [2/30] LR=0.0001000 loss=1.450 ACC=86.553 F1=69.543 Rec=70.226 Prec=69.103
Train Client4 [2/30] LR=0.0001000 loss=0.975 ACC=91.463 F1=59.378 Rec=57.711 Prec=61.773
Train Client5 [2/30] LR=0.0001000 loss=1.440 ACC=85.536 F1=65.751 Rec=65.887 Prec=65.642
Train Client6 [2/30] LR=0.0001000 loss=1.816 ACC=82.222 F1=65.114 Rec=77.260 Prec=59.322
Train Client7 [2/30] LR=0.0001000 loss=1.189 ACC=89.621 F1=63.489 Rec=77.902 Prec=63.371

Test-  OSR [2/30] LR=0.0001000 ACC=69.357 F1=72.996 Rec=73.651 Prec=76.576 UNK=56.476 OS*=77.086 HOS=65.191 AUROC=73.146 AUPR=68.604 OSCR=62.624
Test-Close [2/30] LR=0.0001000 loss=2.218 ACC=89.771 F1=89.684 Rec=89.771 Prec=90.516

Saving best model . . . . . . . .

Train Client0 [3/30] LR=0.0001000 loss=0.835 ACC=91.379 F1=69.772 Rec=69.800 Prec=69.795
Train Client1 [3/30] LR=0.0001000 loss=0.949 ACC=91.783 F1=79.905 Rec=77.705 Prec=83.340
Train Client2 [3/30] LR=0.0001000 loss=1.007 ACC=90.637 F1=71.342 Rec=70.115 Prec=73.999
Train Client3 [3/30] LR=0.0001000 loss=1.234 ACC=89.962 F1=75.042 Rec=75.900 Prec=74.360
Train Client4 [3/30] LR=0.0001000 loss=0.827 ACC=92.073 F1=66.288 Rec=66.158 Prec=66.695
Train Client5 [3/30] LR=0.0001000 loss=1.303 ACC=87.768 F1=67.522 Rec=67.427 Prec=67.695
Train Client6 [3/30] LR=0.0001000 loss=1.413 ACC=86.667 F1=68.357 Rec=75.262 Prec=63.930
Train Client7 [3/30] LR=0.0001000 loss=1.000 ACC=90.606 F1=61.230 Rec=59.764 Prec=63.309

Test-  OSR [3/30] LR=0.0001000 ACC=71.679 F1=76.024 Rec=79.730 Prec=77.009 UNK=47.524 OS*=86.171 HOS=61.262 AUROC=80.033 AUPR=75.190 OSCR=73.376
Test-Close [3/30] LR=0.0001000 loss=2.059 ACC=90.343 F1=90.265 Rec=90.343 Prec=91.167

Saving best model . . . . . . . .

Train Client0 [4/30] LR=0.0001000 loss=0.742 ACC=93.373 F1=72.278 Rec=72.194 Prec=72.485
Train Client1 [4/30] LR=0.0001000 loss=0.887 ACC=91.852 F1=81.604 Rec=79.156 Prec=85.077
Train Client2 [4/30] LR=0.0001000 loss=0.950 ACC=90.827 F1=70.567 Rec=69.716 Prec=72.860
Train Client3 [4/30] LR=0.0001000 loss=1.124 ACC=90.152 F1=72.298 Rec=72.452 Prec=72.297
Train Client4 [4/30] LR=0.0001000 loss=0.732 ACC=93.598 F1=69.763 Rec=69.026 Prec=70.718
Train Client5 [4/30] LR=0.0001000 loss=1.129 ACC=89.018 F1=68.627 Rec=68.342 Prec=68.985
Train Client6 [4/30] LR=0.0001000 loss=1.263 ACC=89.167 F1=73.704 Rec=78.519 Prec=69.911
Train Client7 [4/30] LR=0.0001000 loss=0.969 ACC=91.894 F1=70.906 Rec=83.754 Prec=70.406

Test-  OSR [4/30] LR=0.0001000 ACC=70.071 F1=75.048 Rec=79.492 Prec=76.533 UNK=41.810 OS*=87.029 HOS=56.484 AUROC=78.065 AUPR=72.714 OSCR=72.349
Test-Close [4/30] LR=0.0001000 loss=2.022 ACC=91.257 F1=91.184 Rec=91.257 Prec=92.111

Train Client0 [5/30] LR=0.0001000 loss=0.674 ACC=93.858 F1=72.736 Rec=72.641 Prec=72.872
Train Client1 [5/30] LR=0.0001000 loss=0.781 ACC=92.584 F1=84.238 Rec=82.396 Prec=86.832
Train Client2 [5/30] LR=0.0001000 loss=0.812 ACC=91.825 F1=73.699 Rec=72.208 Prec=76.936
Train Client3 [5/30] LR=0.0001000 loss=0.988 ACC=89.583 F1=76.037 Rec=78.369 Prec=75.286
Train Client4 [5/30] LR=0.0001000 loss=0.762 ACC=93.140 F1=68.028 Rec=68.504 Prec=67.736
Train Client5 [5/30] LR=0.0001000 loss=1.002 ACC=91.161 F1=75.018 Rec=76.124 Prec=74.278
Train Client6 [5/30] LR=0.0001000 loss=1.208 ACC=88.056 F1=71.957 Rec=81.289 Prec=66.543
Train Client7 [5/30] LR=0.0001000 loss=1.034 ACC=91.212 F1=63.914 Rec=63.333 Prec=64.819

Test-  OSR [5/30] LR=0.0001000 ACC=70.857 F1=75.747 Rec=80.508 Prec=76.883 UNK=41.905 OS*=88.229 HOS=56.822 AUROC=79.454 AUPR=71.989 OSCR=74.739
Test-Close [5/30] LR=0.0001000 loss=1.958 ACC=93.371 F1=93.330 Rec=93.371 Prec=93.867

Saving best model . . . . . . . .

Train Client0 [6/30] LR=0.0001000 loss=0.626 ACC=93.912 F1=91.017 Rec=91.075 Prec=90.999
Train Client1 [6/30] LR=0.0001000 loss=0.861 ACC=92.897 F1=83.371 Rec=81.099 Prec=86.517
Train Client2 [6/30] LR=0.0001000 loss=0.861 ACC=91.540 F1=72.283 Rec=71.995 Prec=74.025
Train Client3 [6/30] LR=0.0001000 loss=0.824 ACC=92.803 F1=79.631 Rec=80.769 Prec=78.829
Train Client4 [6/30] LR=0.0001000 loss=0.830 ACC=93.369 F1=68.965 Rec=70.254 Prec=67.794
Train Client5 [6/30] LR=0.0001000 loss=0.786 ACC=91.786 F1=71.016 Rec=70.959 Prec=71.108
Train Client6 [6/30] LR=0.0001000 loss=1.079 ACC=92.778 F1=79.310 Rec=87.308 Prec=74.423
Train Client7 [6/30] LR=0.0001000 loss=0.963 ACC=92.121 F1=69.894 Rec=87.737 Prec=68.629

Test-  OSR [6/30] LR=0.0001000 ACC=72.250 F1=76.010 Rec=75.794 Prec=79.967 UNK=61.619 OS*=78.629 HOS=69.092 AUROC=73.242 AUPR=67.565 OSCR=63.541
Test-Close [6/30] LR=0.0001000 loss=2.200 ACC=93.429 F1=93.399 Rec=93.429 Prec=93.839

Train Client0 [7/30] LR=0.0001000 loss=0.551 ACC=94.289 F1=73.368 Rec=73.414 Prec=73.350
Train Client1 [7/30] LR=0.0001000 loss=0.790 ACC=93.350 F1=86.461 Rec=85.507 Prec=87.809
Train Client2 [7/30] LR=0.0001000 loss=0.717 ACC=91.825 F1=73.139 Rec=72.598 Prec=74.496
Train Client3 [7/30] LR=0.0001000 loss=0.760 ACC=93.371 F1=82.645 Rec=84.778 Prec=81.269
Train Client4 [7/30] LR=0.0001000 loss=0.748 ACC=93.979 F1=73.275 Rec=76.002 Prec=71.025
Train Client5 [7/30] LR=0.0001000 loss=0.666 ACC=92.857 F1=77.657 Rec=77.709 Prec=77.609
Train Client6 [7/30] LR=0.0001000 loss=1.195 ACC=88.611 F1=71.958 Rec=83.475 Prec=66.498
Train Client7 [7/30] LR=0.0001000 loss=0.779 ACC=93.485 F1=68.956 Rec=68.330 Prec=69.942

Test-  OSR [7/30] LR=0.0001000 ACC=70.250 F1=73.549 Rec=71.762 Prec=81.141 UNK=65.714 OS*=72.971 HOS=69.153 AUROC=71.835 AUPR=67.285 OSCR=58.930
Test-Close [7/30] LR=0.0001000 loss=2.284 ACC=93.600 F1=93.583 Rec=93.600 Prec=93.896

Train Client0 [8/30] LR=0.0001000 loss=0.473 ACC=94.881 F1=92.530 Rec=92.648 Prec=92.422
Train Client1 [8/30] LR=0.0001000 loss=0.698 ACC=93.802 F1=85.162 Rec=84.335 Prec=86.225
Train Client2 [8/30] LR=0.0001000 loss=0.645 ACC=92.253 F1=75.658 Rec=75.680 Prec=76.008
Train Client3 [8/30] LR=0.0001000 loss=0.654 ACC=93.939 F1=74.705 Rec=75.274 Prec=74.184
Train Client4 [8/30] LR=0.0001000 loss=0.670 ACC=93.979 F1=76.705 Rec=78.733 Prec=75.172
Train Client5 [8/30] LR=0.0001000 loss=0.702 ACC=92.589 F1=72.935 Rec=73.105 Prec=72.777
Train Client6 [8/30] LR=0.0001000 loss=1.129 ACC=90.556 F1=81.256 Rec=90.110 Prec=75.322
Train Client7 [8/30] LR=0.0001000 loss=0.667 ACC=94.394 F1=67.734 Rec=66.787 Prec=68.938

Test-  OSR [8/30] LR=0.0001000 ACC=72.107 F1=75.395 Rec=73.540 Prec=81.545 UNK=67.810 OS*=74.686 HOS=71.082 AUROC=75.447 AUPR=70.437 OSCR=62.739
Test-Close [8/30] LR=0.0001000 loss=2.249 ACC=94.457 F1=94.445 Rec=94.457 Prec=94.980

Train Client0 [9/30] LR=0.0001000 loss=0.432 ACC=95.905 F1=94.037 Rec=94.114 Prec=93.960
Train Client1 [9/30] LR=0.0001000 loss=0.694 ACC=93.280 F1=84.934 Rec=83.370 Prec=87.060
Train Client2 [9/30] LR=0.0001000 loss=0.638 ACC=93.964 F1=79.566 Rec=77.981 Prec=82.351
Train Client3 [9/30] LR=0.0001000 loss=0.680 ACC=94.318 F1=84.525 Rec=85.311 Prec=83.862
Train Client4 [9/30] LR=0.0001000 loss=0.549 ACC=94.817 F1=76.744 Rec=79.483 Prec=75.111
Train Client5 [9/30] LR=0.0001000 loss=0.633 ACC=92.321 F1=78.300 Rec=81.090 Prec=77.240
Train Client6 [9/30] LR=0.0001000 loss=1.079 ACC=91.944 F1=83.584 Rec=95.546 Prec=76.325
Train Client7 [9/30] LR=0.0001000 loss=0.763 ACC=93.106 F1=71.546 Rec=86.886 Prec=70.101

Test-  OSR [9/30] LR=0.0001000 ACC=64.071 F1=62.996 Rec=62.254 Prec=79.444 UNK=69.524 OS*=60.800 HOS=64.870 AUROC=71.353 AUPR=63.374 OSCR=52.831
Test-Close [9/30] LR=0.0001000 loss=2.516 ACC=94.400 F1=94.366 Rec=94.400 Prec=94.927

Train Client0 [10/30] LR=0.0001000 loss=0.471 ACC=95.366 F1=74.536 Rec=74.520 Prec=74.558
Train Client1 [10/30] LR=0.0001000 loss=0.690 ACC=93.907 F1=84.769 Rec=83.257 Prec=86.747
Train Client2 [10/30] LR=0.0001000 loss=0.623 ACC=93.013 F1=76.368 Rec=75.033 Prec=78.457
Train Client3 [10/30] LR=0.0001000 loss=0.599 ACC=92.614 F1=78.736 Rec=79.994 Prec=77.940
Train Client4 [10/30] LR=0.0001000 loss=0.573 ACC=94.817 F1=78.770 Rec=80.360 Prec=77.432
Train Client5 [10/30] LR=0.0001000 loss=0.560 ACC=93.750 F1=77.558 Rec=77.724 Prec=77.559
Train Client6 [10/30] LR=0.0001000 loss=1.107 ACC=90.556 F1=79.645 Rec=91.572 Prec=73.619
Train Client7 [10/30] LR=0.0001000 loss=0.702 ACC=93.561 F1=68.587 Rec=68.609 Prec=68.749

Test-  OSR [10/30] LR=0.0001000 ACC=60.643 F1=56.128 Rec=56.857 Prec=80.397 UNK=72.000 OS*=53.829 HOS=61.602 AUROC=68.442 AUPR=58.634 OSCR=47.325
Test-Close [10/30] LR=0.0001000 loss=2.609 ACC=93.771 F1=93.738 Rec=93.771 Prec=94.227

Train Client0 [11/30] LR=0.0001000 loss=0.369 ACC=96.659 F1=94.963 Rec=94.965 Prec=94.963
Train Client1 [11/30] LR=0.0001000 loss=0.705 ACC=93.489 F1=85.217 Rec=84.210 Prec=86.578
Train Client2 [11/30] LR=0.0001000 loss=0.550 ACC=93.869 F1=80.001 Rec=79.246 Prec=81.642
Train Client3 [11/30] LR=0.0001000 loss=0.435 ACC=95.265 F1=86.836 Rec=86.057 Prec=87.801
Train Client4 [11/30] LR=0.0001000 loss=0.707 ACC=94.131 F1=75.842 Rec=78.117 Prec=73.890
Train Client5 [11/30] LR=0.0001000 loss=0.551 ACC=93.482 F1=82.512 Rec=83.514 Prec=81.747
Train Client6 [11/30] LR=0.0001000 loss=1.297 ACC=88.333 F1=73.875 Rec=85.808 Prec=67.743
Train Client7 [11/30] LR=0.0001000 loss=0.817 ACC=92.803 F1=71.211 Rec=87.364 Prec=70.250

Test-  OSR [11/30] LR=0.0001000 ACC=68.536 F1=66.549 Rec=63.508 Prec=82.663 UNK=83.619 OS*=59.486 HOS=69.517 AUROC=80.853 AUPR=73.999 OSCR=56.527
Test-Close [11/30] LR=0.0001000 loss=2.500 ACC=93.943 F1=93.881 Rec=93.943 Prec=94.787

Train Client0 [12/30] LR=0.0001000 loss=0.360 ACC=96.659 F1=94.954 Rec=94.942 Prec=94.970
Train Client1 [12/30] LR=0.0001000 loss=0.649 ACC=94.290 F1=86.028 Rec=84.846 Prec=87.653
Train Client2 [12/30] LR=0.0001000 loss=0.644 ACC=93.584 F1=79.132 Rec=78.024 Prec=80.868
Train Client3 [12/30] LR=0.0001000 loss=0.471 ACC=95.265 F1=87.893 Rec=88.961 Prec=86.985
Train Client4 [12/30] LR=0.0001000 loss=0.584 ACC=95.046 F1=77.018 Rec=78.836 Prec=75.395
Train Client5 [12/30] LR=0.0001000 loss=0.520 ACC=94.732 F1=84.253 Rec=83.622 Prec=85.036
Train Client6 [12/30] LR=0.0001000 loss=1.181 ACC=90.000 F1=75.289 Rec=84.174 Prec=69.965
Train Client7 [12/30] LR=0.0001000 loss=0.714 ACC=92.955 F1=71.208 Rec=86.593 Prec=69.609

Test-  OSR [12/30] LR=0.0001000 ACC=64.536 F1=65.017 Rec=59.032 Prec=82.499 UNK=81.048 OS*=54.629 HOS=65.266 AUROC=77.974 AUPR=73.314 OSCR=49.697
Test-Close [12/30] LR=0.0001000 loss=2.568 ACC=93.771 F1=93.763 Rec=93.771 Prec=94.456

Train Client0 [13/30] LR=0.0001000 loss=0.374 ACC=96.175 F1=75.489 Rec=75.454 Prec=75.527
Train Client1 [13/30] LR=0.0001000 loss=0.624 ACC=93.802 F1=84.934 Rec=84.152 Prec=86.048
Train Client2 [13/30] LR=0.0001000 loss=0.524 ACC=94.297 F1=80.474 Rec=79.391 Prec=82.454
Train Client3 [13/30] LR=0.0001000 loss=0.449 ACC=94.129 F1=78.979 Rec=78.620 Prec=79.758
Train Client4 [13/30] LR=0.0001000 loss=0.591 ACC=94.588 F1=78.706 Rec=82.234 Prec=76.747
Train Client5 [13/30] LR=0.0001000 loss=0.540 ACC=95.357 F1=88.214 Rec=89.425 Prec=87.391
Train Client6 [13/30] LR=0.0001000 loss=1.189 ACC=89.722 F1=77.620 Rec=88.908 Prec=71.876
Train Client7 [13/30] LR=0.0001000 loss=0.635 ACC=95.227 F1=76.548 Rec=89.868 Prec=75.594

Test-  OSR [13/30] LR=0.0001000 ACC=53.214 F1=43.752 Rec=41.048 Prec=67.128 UNK=89.714 OS*=31.314 HOS=46.424 AUROC=76.220 AUPR=70.775 OSCR=29.828
Test-Close [13/30] LR=0.0001000 loss=2.960 ACC=93.886 F1=93.843 Rec=93.886 Prec=94.532

Train Client0 [14/30] LR=0.0001000 loss=0.416 ACC=96.067 F1=75.594 Rec=75.713 Prec=75.481
Train Client1 [14/30] LR=0.0001000 loss=0.633 ACC=94.708 F1=88.491 Rec=86.635 Prec=90.963
Train Client2 [14/30] LR=0.0001000 loss=0.641 ACC=93.726 F1=79.544 Rec=78.722 Prec=81.028
Train Client3 [14/30] LR=0.0001000 loss=0.489 ACC=95.455 F1=80.606 Rec=79.708 Prec=82.666
Train Client4 [14/30] LR=0.0001000 loss=0.512 ACC=95.427 F1=79.528 Rec=79.456 Prec=79.710
Train Client5 [14/30] LR=0.0001000 loss=0.421 ACC=95.446 F1=80.308 Rec=80.069 Prec=80.569
Train Client6 [14/30] LR=0.0001000 loss=1.143 ACC=91.667 F1=81.549 Rec=91.217 Prec=75.757
Train Client7 [14/30] LR=0.0001000 loss=0.515 ACC=95.000 F1=70.069 Rec=69.171 Prec=71.176

Test-  OSR [14/30] LR=0.0001000 ACC=61.107 F1=56.464 Rec=51.667 Prec=84.601 UNK=89.429 OS*=44.114 HOS=59.083 AUROC=81.872 AUPR=78.361 OSCR=42.036
Test-Close [14/30] LR=0.0001000 loss=2.662 ACC=96.057 F1=96.045 Rec=96.057 Prec=96.292

Train Client0 [15/30] LR=0.0001000 loss=0.374 ACC=96.444 F1=75.854 Rec=75.838 Prec=75.879
Train Client1 [15/30] LR=0.0001000 loss=0.580 ACC=94.220 F1=86.356 Rec=85.267 Prec=87.849
Train Client2 [15/30] LR=0.0001000 loss=0.500 ACC=93.679 F1=79.008 Rec=78.490 Prec=80.513
Train Client3 [15/30] LR=0.0001000 loss=0.455 ACC=95.455 F1=83.348 Rec=82.147 Prec=85.479
Train Client4 [15/30] LR=0.0001000 loss=0.584 ACC=95.046 F1=78.143 Rec=82.157 Prec=75.627
Train Client5 [15/30] LR=0.0001000 loss=0.466 ACC=95.000 F1=74.120 Rec=73.620 Prec=74.721
Train Client6 [15/30] LR=0.0001000 loss=0.990 ACC=92.778 F1=84.196 Rec=90.330 Prec=79.386
Train Client7 [15/30] LR=0.0001000 loss=0.563 ACC=95.076 F1=78.553 Rec=89.576 Prec=76.824

Test-  OSR [15/30] LR=0.0001000 ACC=46.071 F1=31.265 Rec=31.651 Prec=83.335 UNK=89.333 OS*=20.114 HOS=32.835 AUROC=73.366 AUPR=69.265 OSCR=19.151
Test-Close [15/30] LR=0.0001000 loss=3.129 ACC=94.171 F1=94.133 Rec=94.171 Prec=94.822

Train Client0 [16/30] LR=0.0001000 loss=0.337 ACC=97.144 F1=76.666 Rec=76.712 Prec=76.621
Train Client1 [16/30] LR=0.0001000 loss=0.633 ACC=94.359 F1=86.855 Rec=84.866 Prec=89.563
Train Client2 [16/30] LR=0.0001000 loss=0.589 ACC=93.251 F1=77.542 Rec=77.086 Prec=78.649
Train Client3 [16/30] LR=0.0001000 loss=0.391 ACC=96.212 F1=88.466 Rec=90.346 Prec=87.112
Train Client4 [16/30] LR=0.0001000 loss=0.715 ACC=94.055 F1=76.541 Rec=81.497 Prec=73.436
Train Client5 [16/30] LR=0.0001000 loss=0.465 ACC=95.268 F1=80.898 Rec=80.113 Prec=81.940
Train Client6 [16/30] LR=0.0001000 loss=0.760 ACC=94.722 F1=84.882 Rec=89.420 Prec=82.026
Train Client7 [16/30] LR=0.0001000 loss=0.546 ACC=95.227 F1=70.410 Rec=69.635 Prec=71.418

Test-  OSR [16/30] LR=0.0001000 ACC=60.893 F1=55.828 Rec=50.524 Prec=84.985 UNK=92.000 OS*=42.229 HOS=57.887 AUROC=83.887 AUPR=78.772 OSCR=40.735
Test-Close [16/30] LR=0.0001000 loss=2.732 ACC=93.886 F1=93.833 Rec=93.886 Prec=94.674

Train Client0 [17/30] LR=0.0001000 loss=0.298 ACC=97.091 F1=95.651 Rec=95.645 Prec=95.676
Train Client1 [17/30] LR=0.0001000 loss=0.559 ACC=95.160 F1=89.964 Rec=88.708 Prec=91.755
Train Client2 [17/30] LR=0.0001000 loss=0.569 ACC=93.964 F1=77.864 Rec=77.179 Prec=79.975
Train Client3 [17/30] LR=0.0001000 loss=0.597 ACC=95.455 F1=79.884 Rec=78.411 Prec=84.729
Train Client4 [17/30] LR=0.0001000 loss=0.605 ACC=94.207 F1=74.169 Rec=76.754 Prec=72.846
Train Client5 [17/30] LR=0.0001000 loss=0.461 ACC=95.089 F1=82.478 Rec=84.362 Prec=81.262
Train Client6 [17/30] LR=0.0001000 loss=1.129 ACC=90.000 F1=79.636 Rec=91.551 Prec=73.364
Train Client7 [17/30] LR=0.0001000 loss=0.544 ACC=94.848 F1=70.886 Rec=71.471 Prec=70.549

Test-  OSR [17/30] LR=0.0001000 ACC=54.393 F1=42.164 Rec=39.762 Prec=87.580 UNK=98.286 OS*=28.057 HOS=43.653 AUROC=85.923 AUPR=79.687 OSCR=27.871
Test-Close [17/30] LR=0.0001000 loss=3.041 ACC=94.971 F1=94.936 Rec=94.971 Prec=95.563

Train Client0 [18/30] LR=0.0001000 loss=0.308 ACC=96.713 F1=76.225 Rec=76.228 Prec=76.231
Train Client1 [18/30] LR=0.0001000 loss=0.476 ACC=94.673 F1=87.585 Rec=85.328 Prec=90.728
Train Client2 [18/30] LR=0.0001000 loss=0.513 ACC=93.964 F1=77.645 Rec=76.202 Prec=81.098
Train Client3 [18/30] LR=0.0001000 loss=0.440 ACC=95.265 F1=92.866 Rec=91.580 Prec=94.605
Train Client4 [18/30] LR=0.0001000 loss=0.487 ACC=95.732 F1=84.000 Rec=89.754 Prec=79.716
Train Client5 [18/30] LR=0.0001000 loss=0.402 ACC=94.286 F1=73.978 Rec=73.642 Prec=74.346
Train Client6 [18/30] LR=0.0001000 loss=0.897 ACC=92.222 F1=82.989 Rec=91.744 Prec=76.963
Train Client7 [18/30] LR=0.0001000 loss=0.620 ACC=94.015 F1=68.936 Rec=69.588 Prec=68.479

Test-  OSR [18/30] LR=0.0001000 ACC=42.250 F1=21.842 Rec=24.175 Prec=85.840 UNK=96.476 OS*=9.714 HOS=17.651 AUROC=80.769 AUPR=77.821 OSCR=9.532
Test-Close [18/30] LR=0.0001000 loss=3.278 ACC=95.314 F1=95.289 Rec=95.314 Prec=95.770

Train Client0 [19/30] LR=0.0001000 loss=0.261 ACC=97.198 F1=95.908 Rec=95.912 Prec=95.913
Train Client1 [19/30] LR=0.0001000 loss=0.482 ACC=94.638 F1=87.958 Rec=86.054 Prec=90.507
Train Client2 [19/30] LR=0.0001000 loss=0.423 ACC=94.962 F1=82.541 Rec=81.535 Prec=84.184
Train Client3 [19/30] LR=0.0001000 loss=0.276 ACC=97.348 F1=87.224 Rec=87.937 Prec=86.627
Train Client4 [19/30] LR=0.0001000 loss=0.535 ACC=95.808 F1=81.977 Rec=86.781 Prec=79.288
Train Client5 [19/30] LR=0.0001000 loss=0.362 ACC=95.179 F1=79.449 Rec=79.855 Prec=79.162
Train Client6 [19/30] LR=0.0001000 loss=0.906 ACC=93.056 F1=82.294 Rec=89.801 Prec=77.256
Train Client7 [19/30] LR=0.0001000 loss=0.498 ACC=95.455 F1=78.324 Rec=91.630 Prec=75.774

Test-  OSR [19/30] LR=0.0001000 ACC=42.071 F1=20.988 Rec=23.619 Prec=52.600 UNK=97.429 OS*=8.857 HOS=16.238 AUROC=78.406 AUPR=73.313 OSCR=8.741
Test-Close [19/30] LR=0.0001000 loss=3.628 ACC=94.571 F1=94.539 Rec=94.571 Prec=95.118

Train Client0 [20/30] LR=0.0001000 loss=0.290 ACC=96.983 F1=76.587 Rec=76.649 Prec=76.528
Train Client1 [20/30] LR=0.0001000 loss=0.602 ACC=94.812 F1=89.014 Rec=87.797 Prec=90.548
Train Client2 [20/30] LR=0.0001000 loss=0.418 ACC=94.534 F1=80.666 Rec=79.604 Prec=82.430
Train Client3 [20/30] LR=0.0001000 loss=0.329 ACC=95.455 F1=80.406 Rec=79.524 Prec=82.411
Train Client4 [20/30] LR=0.0001000 loss=0.545 ACC=94.588 F1=78.498 Rec=82.220 Prec=75.855
Train Client5 [20/30] LR=0.0001000 loss=0.312 ACC=96.161 F1=88.621 Rec=90.011 Prec=87.585
Train Client6 [20/30] LR=0.0001000 loss=1.037 ACC=92.500 F1=84.062 Rec=89.042 Prec=79.987
Train Client7 [20/30] LR=0.0001000 loss=0.583 ACC=94.091 F1=66.977 Rec=66.986 Prec=67.205

Test-  OSR [20/30] LR=0.0001000 ACC=50.464 F1=36.293 Rec=34.238 Prec=88.086 UNK=99.143 OS*=21.257 HOS=35.008 AUROC=86.281 AUPR=80.131 OSCR=21.204
Test-Close [20/30] LR=0.0001000 loss=3.060 ACC=94.629 F1=94.592 Rec=94.629 Prec=95.208

Train Client0 [21/30] LR=0.0001000 loss=0.289 ACC=97.252 F1=76.950 Rec=77.042 Prec=76.869
Train Client1 [21/30] LR=0.0001000 loss=0.553 ACC=95.125 F1=89.547 Rec=88.543 Prec=90.759
Train Client2 [21/30] LR=0.0001000 loss=0.443 ACC=94.962 F1=81.958 Rec=80.452 Prec=84.610
Train Client3 [21/30] LR=0.0001000 loss=0.289 ACC=97.159 F1=93.762 Rec=93.734 Prec=93.825
Train Client4 [21/30] LR=0.0001000 loss=0.590 ACC=94.741 F1=74.480 Rec=75.522 Prec=73.591
Train Client5 [21/30] LR=0.0001000 loss=0.505 ACC=95.089 F1=80.121 Rec=79.395 Prec=81.086
Train Client6 [21/30] LR=0.0001000 loss=0.984 ACC=93.056 F1=83.690 Rec=94.103 Prec=77.930
Train Client7 [21/30] LR=0.0001000 loss=0.560 ACC=96.136 F1=80.272 Rec=92.105 Prec=77.505

Test-  OSR [21/30] LR=0.0001000 ACC=51.714 F1=38.628 Rec=36.222 Prec=70.210 UNK=98.190 OS*=23.829 HOS=38.350 AUROC=85.334 AUPR=79.386 OSCR=23.649
Test-Close [21/30] LR=0.0001000 loss=3.534 ACC=94.686 F1=94.651 Rec=94.686 Prec=95.264

Train Client0 [22/30] LR=0.0001000 loss=0.294 ACC=97.629 F1=96.548 Rec=96.695 Prec=96.410
Train Client1 [22/30] LR=0.0001000 loss=0.566 ACC=94.742 F1=91.262 Rec=89.753 Prec=93.231
Train Client2 [22/30] LR=0.0001000 loss=0.477 ACC=95.295 F1=81.997 Rec=80.205 Prec=85.162
Train Client3 [22/30] LR=0.0001000 loss=0.414 ACC=96.402 F1=84.036 Rec=83.470 Prec=84.758
Train Client4 [22/30] LR=0.0001000 loss=0.547 ACC=94.893 F1=75.081 Rec=76.630 Prec=74.679
Train Client5 [22/30] LR=0.0001000 loss=0.355 ACC=96.875 F1=81.747 Rec=81.428 Prec=82.100
Train Client6 [22/30] LR=0.0001000 loss=0.916 ACC=91.667 F1=82.075 Rec=89.715 Prec=77.370
Train Client7 [22/30] LR=0.0001000 loss=0.532 ACC=95.682 F1=81.979 Rec=93.090 Prec=77.694

Test-  OSR [22/30] LR=0.0001000 ACC=44.821 F1=23.630 Rec=26.524 Prec=71.407 UNK=99.714 OS*=11.886 HOS=21.240 AUROC=85.430 AUPR=78.008 OSCR=11.879
Test-Close [22/30] LR=0.0001000 loss=4.081 ACC=94.686 F1=94.631 Rec=94.686 Prec=95.277

Train Client0 [23/30] LR=0.0001000 loss=0.247 ACC=97.252 F1=95.827 Rec=95.829 Prec=95.827
Train Client1 [23/30] LR=0.0001000 loss=0.559 ACC=94.847 F1=90.061 Rec=88.631 Prec=91.896
Train Client2 [23/30] LR=0.0001000 loss=0.364 ACC=95.437 F1=83.254 Rec=81.830 Prec=85.670
Train Client3 [23/30] LR=0.0001000 loss=0.308 ACC=96.212 F1=88.236 Rec=86.404 Prec=91.114
Train Client4 [23/30] LR=0.0001000 loss=0.470 ACC=95.351 F1=77.249 Rec=81.260 Prec=74.742
Train Client5 [23/30] LR=0.0001000 loss=0.346 ACC=97.054 F1=76.835 Rec=76.671 Prec=77.024
Train Client6 [23/30] LR=0.0001000 loss=0.866 ACC=93.611 F1=85.551 Rec=91.218 Prec=81.248
Train Client7 [23/30] LR=0.0001000 loss=0.581 ACC=94.848 F1=71.044 Rec=71.568 Prec=70.774

Test-  OSR [23/30] LR=0.0001000 ACC=41.500 F1=17.674 Rec=22.000 Prec=39.844 UNK=100.000 OS*=6.400 HOS=12.030 AUROC=82.950 AUPR=75.974 OSCR=6.400
Test-Close [23/30] LR=0.0001000 loss=4.460 ACC=93.600 F1=93.522 Rec=93.600 Prec=94.422

Train Client0 [24/30] LR=0.0001000 loss=0.276 ACC=97.468 F1=77.091 Rec=77.096 Prec=77.086
Train Client1 [24/30] LR=0.0001000 loss=0.487 ACC=95.021 F1=89.023 Rec=88.495 Prec=89.914
Train Client2 [24/30] LR=0.0001000 loss=0.439 ACC=95.675 F1=84.725 Rec=83.043 Prec=87.211
Train Client3 [24/30] LR=0.0001000 loss=0.265 ACC=96.780 F1=81.925 Rec=80.960 Prec=84.019
Train Client4 [24/30] LR=0.0001000 loss=0.432 ACC=95.732 F1=84.614 Rec=88.028 Prec=81.788
Train Client5 [24/30] LR=0.0001000 loss=0.275 ACC=97.232 F1=88.192 Rec=86.226 Prec=90.725
Train Client6 [24/30] LR=0.0001000 loss=1.020 ACC=92.222 F1=80.511 Rec=86.349 Prec=76.361
Train Client7 [24/30] LR=0.0001000 loss=0.499 ACC=95.530 F1=79.397 Rec=90.847 Prec=77.137

Test-  OSR [24/30] LR=0.0001000 ACC=46.786 F1=27.636 Rec=29.048 Prec=73.556 UNK=100.000 OS*=14.857 HOS=25.871 AUROC=87.164 AUPR=79.524 OSCR=14.857
Test-Close [24/30] LR=0.0001000 loss=3.619 ACC=94.800 F1=94.768 Rec=94.800 Prec=95.425

Train Client0 [25/30] LR=0.0001000 loss=0.247 ACC=97.252 F1=95.967 Rec=95.988 Prec=95.947
Train Client1 [25/30] LR=0.0001000 loss=0.428 ACC=94.916 F1=88.504 Rec=87.836 Prec=89.441
Train Client2 [25/30] LR=0.0001000 loss=0.380 ACC=95.152 F1=83.736 Rec=82.162 Prec=86.196
Train Client3 [25/30] LR=0.0001000 loss=0.314 ACC=97.538 F1=94.164 Rec=94.140 Prec=94.226
Train Client4 [25/30] LR=0.0001000 loss=0.484 ACC=95.579 F1=83.999 Rec=89.618 Prec=80.224
Train Client5 [25/30] LR=0.0001000 loss=0.270 ACC=96.875 F1=81.523 Rec=81.961 Prec=81.199
Train Client6 [25/30] LR=0.0001000 loss=0.922 ACC=91.667 F1=81.590 Rec=91.021 Prec=76.254
Train Client7 [25/30] LR=0.0001000 loss=0.510 ACC=96.364 F1=72.834 Rec=72.835 Prec=73.274

Test-  OSR [25/30] LR=0.0001000 ACC=42.857 F1=19.459 Rec=23.810 Prec=23.270 UNK=100.000 OS*=8.571 HOS=15.789 AUROC=87.641 AUPR=76.703 OSCR=8.571
Test-Close [25/30] LR=0.0001000 loss=5.025 ACC=94.857 F1=94.786 Rec=94.857 Prec=95.571

Train Client0 [26/30] LR=0.0001000 loss=0.249 ACC=97.414 F1=77.123 Rec=77.142 Prec=77.105
Train Client1 [26/30] LR=0.0001000 loss=0.388 ACC=95.578 F1=90.964 Rec=89.927 Prec=92.268
Train Client2 [26/30] LR=0.0001000 loss=0.399 ACC=94.914 F1=81.248 Rec=80.144 Prec=83.272
Train Client3 [26/30] LR=0.0001000 loss=0.327 ACC=96.402 F1=84.992 Rec=83.827 Prec=86.853
Train Client4 [26/30] LR=0.0001000 loss=0.447 ACC=96.341 F1=78.873 Rec=80.282 Prec=77.751
Train Client5 [26/30] LR=0.0001000 loss=0.399 ACC=95.804 F1=75.587 Rec=75.920 Prec=75.277
Train Client6 [26/30] LR=0.0001000 loss=0.704 ACC=93.889 F1=86.469 Rec=94.425 Prec=81.239
Train Client7 [26/30] LR=0.0001000 loss=0.496 ACC=96.136 F1=81.938 Rec=91.505 Prec=79.471

Test-  OSR [26/30] LR=0.0001000 ACC=41.143 F1=16.860 Rec=21.524 Prec=23.153 UNK=100.000 OS*=5.829 HOS=11.015 AUROC=83.828 AUPR=71.246 OSCR=5.829
Test-Close [26/30] LR=0.0001000 loss=5.300 ACC=94.229 F1=94.160 Rec=94.229 Prec=94.658

Train Client0 [27/30] LR=0.0001000 loss=0.212 ACC=97.791 F1=77.521 Rec=77.519 Prec=77.524
Train Client1 [27/30] LR=0.0001000 loss=0.358 ACC=96.031 F1=92.233 Rec=91.587 Prec=93.081
Train Client2 [27/30] LR=0.0001000 loss=0.335 ACC=95.437 F1=84.294 Rec=83.134 Prec=85.936
Train Client3 [27/30] LR=0.0001000 loss=0.285 ACC=97.348 F1=94.351 Rec=92.877 Prec=96.225
Train Client4 [27/30] LR=0.0001000 loss=0.393 ACC=96.418 F1=84.912 Rec=91.182 Prec=82.405
Train Client5 [27/30] LR=0.0001000 loss=0.301 ACC=96.786 F1=84.533 Rec=81.459 Prec=96.618
Train Client6 [27/30] LR=0.0001000 loss=0.741 ACC=94.167 F1=86.386 Rec=91.607 Prec=82.254
Train Client7 [27/30] LR=0.0001000 loss=0.526 ACC=95.379 F1=71.276 Rec=71.473 Prec=71.163

Test-  OSR [27/30] LR=0.0001000 ACC=37.643 F1=9.477 Rec=16.857 Prec=22.926 UNK=100.000 OS*=0.229 HOS=0.456 AUROC=84.854 AUPR=73.766 OSCR=0.229
Test-Close [27/30] LR=0.0001000 loss=5.661 ACC=94.571 F1=94.522 Rec=94.571 Prec=95.061

Train Client0 [28/30] LR=0.0001000 loss=0.252 ACC=97.899 F1=77.620 Rec=77.705 Prec=77.539
Train Client1 [28/30] LR=0.0001000 loss=0.480 ACC=95.857 F1=91.100 Rec=89.990 Prec=92.611
Train Client2 [28/30] LR=0.0001000 loss=0.342 ACC=95.485 F1=84.167 Rec=82.475 Prec=86.762
Train Client3 [28/30] LR=0.0001000 loss=0.343 ACC=95.833 F1=87.769 Rec=85.845 Prec=90.756
Train Client4 [28/30] LR=0.0001000 loss=0.430 ACC=96.570 F1=82.932 Rec=83.454 Prec=82.555
Train Client5 [28/30] LR=0.0001000 loss=0.179 ACC=97.589 F1=86.390 Rec=87.656 Prec=85.355
Train Client6 [28/30] LR=0.0001000 loss=0.858 ACC=93.889 F1=88.126 Rec=95.862 Prec=82.737
Train Client7 [28/30] LR=0.0001000 loss=0.315 ACC=97.424 F1=95.306 Rec=94.941 Prec=95.713

Test-  OSR [28/30] LR=0.0001000 ACC=42.321 F1=18.700 Rec=23.095 Prec=23.233 UNK=100.000 OS*=7.714 HOS=14.324 AUROC=79.524 AUPR=68.019 OSCR=7.714
Test-Close [28/30] LR=0.0001000 loss=5.529 ACC=95.314 F1=95.295 Rec=95.314 Prec=95.633

Train Client0 [29/30] LR=0.0001000 loss=0.261 ACC=97.198 F1=76.814 Rec=76.895 Prec=76.735
Train Client1 [29/30] LR=0.0001000 loss=0.414 ACC=96.135 F1=91.784 Rec=90.032 Prec=93.983
Train Client2 [29/30] LR=0.0001000 loss=0.350 ACC=95.295 F1=83.001 Rec=81.569 Prec=85.707
Train Client3 [29/30] LR=0.0001000 loss=0.232 ACC=97.348 F1=90.791 Rec=90.791 Prec=90.791
Train Client4 [29/30] LR=0.0001000 loss=0.390 ACC=96.189 F1=79.833 Rec=82.144 Prec=78.476
Train Client5 [29/30] LR=0.0001000 loss=0.170 ACC=97.857 F1=83.380 Rec=82.467 Prec=84.545
Train Client6 [29/30] LR=0.0001000 loss=0.718 ACC=94.444 F1=82.813 Rec=87.472 Prec=79.148
Train Client7 [29/30] LR=0.0001000 loss=0.275 ACC=97.273 F1=74.853 Rec=74.363 Prec=75.443

Test-  OSR [29/30] LR=0.0001000 ACC=40.143 F1=15.087 Rec=20.190 Prec=23.086 UNK=100.000 OS*=4.229 HOS=8.114 AUROC=84.232 AUPR=75.273 OSCR=4.229
Test-Close [29/30] LR=0.0001000 loss=5.239 ACC=94.343 F1=94.289 Rec=94.343 Prec=94.953

------>Best performance (by OSCR)--->>>>>>>

Test-  OSR [5/30] LR=0.0001000 ACC=70.857 F1=75.747 Rec=80.508 Prec=76.883 UNK=41.905 OS*=88.229 HOS=56.822 AUROC=79.454 AUPR=71.989 OSCR=74.739
Test-Close [5/30] LR=0.0001000 loss=1.958 ACC=93.371 F1=93.330 Rec=93.371 Prec=93.867
=====================================================================================================================================
The ending time ：2026-07-03 01:43:27
