Logging to: ./logs/RetinalOCT_Finetune_K5_U3_seed0_20260703_195724.log
==> Preparing data..
Protocol mode: hard
Fixed known classes: ['CSR', 'DR', 'DRUSEN', 'MH', 'NORMAL']
Fixed unknown classes: ['AMD', 'CNV', 'DME']
Known class list: [2 4 5 6 7] Unknown class list [0 1 3]
Total images — Train: 18400, Val: 2800, Test: 2800
{2: 0, 4: 1, 5: 2, 6: 3, 7: 4} {0: 5, 1: 6, 3: 7}
Known origin: [2 4 5 6 7] , new: [0 1 2 3 4]
Unknown origin: [0 1 3] , new: [5 6 7]
Known/Unknown in Train: 11500/6900
Known/Unknown in Val:   1750/1050
Known/Unknown in Test:  1750/1050
Client0 sample num: 1861
Client1 sample num: 2876
Client2 sample num: 2109
Client3 sample num: 533
Client4 sample num: 1312
Client5 sample num: 1125
Client6 sample num: 362
Client7 sample num: 1322

>>> Setting up
==> Using device: cuda:1
==> Building [Resnet18] model..
154
154
154
154
154
154
154
154
154
154
154
154
154
154
154
154
154
154
Train Client0 [0/30] LR=0.0001000 loss=17.978 ACC=99.084 F1=78.971 Rec=78.987 Prec=78.955
Train Client1 [0/30] LR=0.0001000 loss=12.358 ACC=97.389 F1=94.572 Rec=95.103 Prec=94.266
Train Client2 [0/30] LR=0.0001000 loss=14.930 ACC=97.243 F1=90.104 Rec=88.647 Prec=92.207
Train Client3 [0/30] LR=0.0001000 loss=35.208 ACC=97.917 F1=93.253 Rec=96.828 Prec=91.255
Train Client4 [0/30] LR=0.0001000 loss=22.697 ACC=96.189 F1=81.756 Rec=88.311 Prec=80.548
Train Client5 [0/30] LR=0.0001000 loss=25.640 ACC=99.018 F1=88.039 Rec=94.315 Prec=85.627
Train Client6 [0/30] LR=0.0001000 loss=38.939 ACC=92.778 F1=87.649 Rec=97.414 Prec=80.723
Train Client7 [0/30] LR=0.0001000 loss=24.479 ACC=97.879 F1=89.052 Rec=96.522 Prec=85.268

Test-  OSR [0/30] LR=0.0001000 ACC=60.643 F1=64.872 Rec=80.857 Prec=56.598 UNK=0.000 OS*=97.029 HOS=0.000 AUROC=85.301 AUPR=74.133 OSCR=84.211
Test-Close [0/30] LR=0.0001000 loss=1.740 ACC=97.029 F1=97.016 Rec=97.029 Prec=97.244

Saving best model . . . . . . . .

Train Client0 [1/30] LR=0.0001000 loss=0.820 ACC=98.976 F1=79.065 Rec=78.931 Prec=79.200
Train Client1 [1/30] LR=0.0001000 loss=0.903 ACC=96.483 F1=93.342 Rec=92.166 Prec=94.786
Train Client2 [1/30] LR=0.0001000 loss=0.738 ACC=97.006 F1=90.010 Rec=89.638 Prec=90.463
Train Client3 [1/30] LR=0.0001000 loss=1.808 ACC=98.295 F1=96.315 Rec=97.785 Prec=95.100
Train Client4 [1/30] LR=0.0001000 loss=1.078 ACC=97.256 F1=90.144 Rec=89.838 Prec=90.484
Train Client5 [1/30] LR=0.0001000 loss=1.003 ACC=98.661 F1=86.125 Rec=88.942 Prec=84.486
Train Client6 [1/30] LR=0.0001000 loss=3.355 ACC=92.778 F1=88.005 Rec=95.340 Prec=82.838
Train Client7 [1/30] LR=0.0001000 loss=1.251 ACC=97.727 F1=89.105 Rec=96.602 Prec=85.003

Test-  OSR [1/30] LR=0.0001000 ACC=70.179 F1=75.698 Rec=83.794 Prec=77.987 UNK=29.333 OS*=94.686 HOS=44.791 AUROC=85.989 AUPR=81.173 OSCR=83.168
Test-Close [1/30] LR=0.0001000 loss=1.825 ACC=95.886 F1=95.847 Rec=95.886 Prec=96.423

Train Client0 [2/30] LR=0.0001000 loss=0.241 ACC=98.707 F1=78.824 Rec=78.969 Prec=78.684
Train Client1 [2/30] LR=0.0001000 loss=0.539 ACC=96.170 F1=92.806 Rec=92.244 Prec=93.555
Train Client2 [2/30] LR=0.0001000 loss=0.392 ACC=96.340 F1=87.740 Rec=87.718 Prec=87.820
Train Client3 [2/30] LR=0.0001000 loss=0.242 ACC=97.917 F1=94.058 Rec=93.966 Prec=94.160
Train Client4 [2/30] LR=0.0001000 loss=0.512 ACC=96.570 F1=89.573 Rec=91.898 Prec=87.667
Train Client5 [2/30] LR=0.0001000 loss=0.238 ACC=98.482 F1=86.816 Rec=93.707 Prec=84.387
Train Client6 [2/30] LR=0.0001000 loss=1.085 ACC=90.278 F1=82.630 Rec=91.675 Prec=76.928
Train Client7 [2/30] LR=0.0001000 loss=0.503 ACC=97.197 F1=87.245 Rec=94.534 Prec=83.597

Test-  OSR [2/30] LR=0.0001000 ACC=74.214 F1=79.081 Rec=84.952 Prec=79.619 UNK=42.000 OS*=93.543 HOS=57.971 AUROC=87.011 AUPR=82.013 OSCR=83.829
Test-Close [2/30] LR=0.0001000 loss=1.859 ACC=95.886 F1=95.856 Rec=95.886 Prec=96.394

Train Client0 [3/30] LR=0.0001000 loss=0.138 ACC=99.246 F1=79.185 Rec=79.221 Prec=79.149
Train Client1 [3/30] LR=0.0001000 loss=0.445 ACC=96.901 F1=94.119 Rec=93.903 Prec=94.591
Train Client2 [3/30] LR=0.0001000 loss=0.343 ACC=96.625 F1=88.179 Rec=86.976 Prec=89.716
Train Client3 [3/30] LR=0.0001000 loss=0.232 ACC=97.727 F1=95.600 Rec=94.226 Prec=97.280
Train Client4 [3/30] LR=0.0001000 loss=0.461 ACC=96.646 F1=87.685 Rec=95.908 Prec=83.809
Train Client5 [3/30] LR=0.0001000 loss=0.236 ACC=98.482 F1=85.822 Rec=88.258 Prec=84.563
Train Client6 [3/30] LR=0.0001000 loss=0.885 ACC=94.722 F1=88.742 Rec=93.472 Prec=85.490
Train Client7 [3/30] LR=0.0001000 loss=0.399 ACC=96.894 F1=80.534 Rec=95.565 Prec=77.578

Test-  OSR [3/30] LR=0.0001000 ACC=79.393 F1=82.462 Rec=85.000 Prec=80.973 UNK=62.571 OS*=89.486 HOS=73.647 AUROC=88.440 AUPR=81.460 OSCR=83.436
Test-Close [3/30] LR=0.0001000 loss=1.908 ACC=96.514 F1=96.498 Rec=96.514 Prec=96.772

Train Client0 [4/30] LR=0.0001000 loss=0.193 ACC=98.653 F1=78.621 Rec=78.636 Prec=78.607
Train Client1 [4/30] LR=0.0001000 loss=0.328 ACC=97.110 F1=94.036 Rec=93.459 Prec=94.708
Train Client2 [4/30] LR=0.0001000 loss=0.345 ACC=96.008 F1=86.335 Rec=85.817 Prec=87.064
Train Client3 [4/30] LR=0.0001000 loss=0.305 ACC=98.106 F1=95.867 Rec=97.333 Prec=94.655
Train Client4 [4/30] LR=0.0001000 loss=0.474 ACC=96.494 F1=87.862 Rec=88.516 Prec=87.551
Train Client5 [4/30] LR=0.0001000 loss=0.196 ACC=98.214 F1=85.561 Rec=88.377 Prec=83.924
Train Client6 [4/30] LR=0.0001000 loss=0.996 ACC=94.444 F1=86.243 Rec=90.453 Prec=82.642
Train Client7 [4/30] LR=0.0001000 loss=0.453 ACC=96.894 F1=87.028 Rec=94.344 Prec=83.291

Test-  OSR [4/30] LR=0.0001000 ACC=78.286 F1=80.616 Rec=80.571 Prec=81.550 UNK=71.429 OS*=82.400 HOS=76.523 AUROC=87.096 AUPR=80.296 OSCR=77.425
Test-Close [4/30] LR=0.0001000 loss=2.000 ACC=96.514 F1=96.493 Rec=96.514 Prec=96.773

Train Client0 [5/30] LR=0.0001000 loss=0.134 ACC=99.192 F1=98.846 Rec=98.892 Prec=98.801
Train Client1 [5/30] LR=0.0001000 loss=0.309 ACC=96.831 F1=93.939 Rec=94.173 Prec=93.975
Train Client2 [5/30] LR=0.0001000 loss=0.276 ACC=96.863 F1=89.217 Rec=88.475 Prec=90.356
Train Client3 [5/30] LR=0.0001000 loss=0.254 ACC=97.159 F1=93.386 Rec=96.055 Prec=91.435
Train Client4 [5/30] LR=0.0001000 loss=0.487 ACC=96.418 F1=85.605 Rec=86.486 Prec=84.814
Train Client5 [5/30] LR=0.0001000 loss=0.176 ACC=97.946 F1=81.783 Rec=83.097 Prec=81.057
Train Client6 [5/30] LR=0.0001000 loss=0.914 ACC=93.056 F1=85.795 Rec=96.104 Prec=79.496
Train Client7 [5/30] LR=0.0001000 loss=0.489 ACC=97.197 F1=84.729 Rec=94.851 Prec=81.375

Test-  OSR [5/30] LR=0.0001000 ACC=79.214 F1=82.839 Rec=84.794 Prec=82.494 UNK=62.476 OS*=89.257 HOS=73.503 AUROC=85.393 AUPR=79.857 OSCR=80.305
Test-Close [5/30] LR=0.0001000 loss=1.909 ACC=97.086 F1=97.078 Rec=97.086 Prec=97.196

Train Client0 [6/30] LR=0.0001000 loss=0.155 ACC=99.084 F1=78.984 Rec=79.016 Prec=78.951
Train Client1 [6/30] LR=0.0001000 loss=0.278 ACC=96.831 F1=93.470 Rec=93.187 Prec=93.853
Train Client2 [6/30] LR=0.0001000 loss=0.356 ACC=96.340 F1=86.658 Rec=86.091 Prec=87.716
Train Client3 [6/30] LR=0.0001000 loss=0.246 ACC=97.538 F1=96.263 Rec=96.225 Prec=96.485
Train Client4 [6/30] LR=0.0001000 loss=0.471 ACC=96.646 F1=88.828 Rec=93.516 Prec=85.433
Train Client5 [6/30] LR=0.0001000 loss=0.135 ACC=99.286 F1=92.814 Rec=94.443 Prec=91.518
Train Client6 [6/30] LR=0.0001000 loss=1.044 ACC=91.389 F1=78.625 Rec=86.382 Prec=73.383
Train Client7 [6/30] LR=0.0001000 loss=0.384 ACC=97.576 F1=84.705 Rec=95.271 Prec=80.928

Test-  OSR [6/30] LR=0.0001000 ACC=67.536 F1=62.788 Rec=61.000 Prec=68.167 UNK=87.143 OS*=55.771 HOS=68.014 AUROC=80.413 AUPR=68.923 OSCR=53.950
Test-Close [6/30] LR=0.0001000 loss=2.598 ACC=97.029 F1=97.022 Rec=97.029 Prec=97.125

Train Client0 [7/30] LR=0.0001000 loss=0.129 ACC=99.192 F1=79.224 Rec=79.254 Prec=79.197
Train Client1 [7/30] LR=0.0001000 loss=0.301 ACC=97.110 F1=94.279 Rec=93.983 Prec=94.792
Train Client2 [7/30] LR=0.0001000 loss=0.319 ACC=96.245 F1=87.081 Rec=86.468 Prec=87.912
Train Client3 [7/30] LR=0.0001000 loss=0.214 ACC=97.538 F1=95.102 Rec=96.635 Prec=93.834
Train Client4 [7/30] LR=0.0001000 loss=0.572 ACC=95.884 F1=85.906 Rec=92.041 Prec=82.708
Train Client5 [7/30] LR=0.0001000 loss=0.143 ACC=98.839 F1=87.776 Rec=88.790 Prec=86.986
Train Client6 [7/30] LR=0.0001000 loss=0.833 ACC=92.500 F1=84.791 Rec=96.815 Prec=78.874
Train Client7 [7/30] LR=0.0001000 loss=0.418 ACC=96.818 F1=73.780 Rec=74.291 Prec=73.495

Test-  OSR [7/30] LR=0.0001000 ACC=57.036 F1=40.762 Rec=42.746 Prec=74.382 UNK=99.905 OS*=31.314 HOS=47.683 AUROC=84.244 AUPR=72.834 OSCR=31.312
Test-Close [7/30] LR=0.0001000 loss=3.017 ACC=96.629 F1=96.614 Rec=96.629 Prec=96.860

Train Client0 [8/30] LR=0.0001000 loss=0.152 ACC=98.653 F1=78.684 Rec=78.684 Prec=78.685
