Logging to: ./logs/RetinalOCT_Pretrain_K5_U3_seed0_20260620_094819.log
==> Preparing data..
Protocol mode: easy
Fixed known classes: ['CNV', 'DME', 'DR', 'DRUSEN', 'NORMAL']
Fixed unknown classes: ['AMD', 'CSR', 'MH']
Known class list: [1 3 4 5 7] Unknown class list [0 2 6]
Total images — Train: 18400, Val: 2800, Test: 2800
{1: 0, 3: 1, 4: 2, 5: 3, 7: 4} {0: 5, 2: 6, 6: 7}
Known origin: [1 3 4 5 7] , new: [0 1 2 3 4]
Unknown origin: [0 2 6] , new: [5 6 7]
Known/Unknown in Train: 11500/6900
Known/Unknown in Val:   1750/1050
Known/Unknown in Test:  1750/1050
Client0 sample num: 1861
Client1 sample num: 2876
Client2 sample num: 2109
Client3 sample num: 533
Client4 sample num: 1312
Client5 sample num: 1125
Client6 sample num: 362
Client7 sample num: 1322

>>> Setting up
==> Using device: cuda:0
==> Building [Resnet18] model..
154
120
Train Client0 [0/50] LR=0.0005000 loss=2.127 ACC=59.267 F1=37.779 Rec=37.658 Prec=38.844
Train Client1 [0/50] LR=0.0005000 loss=1.698 ACC=66.992 F1=48.941 Rec=47.616 Prec=50.976
Train Client2 [0/50] LR=0.0005000 loss=1.290 ACC=77.947 F1=36.532 Rec=38.053 Prec=39.248
Train Client3 [0/50] LR=0.0005000 loss=2.686 ACC=45.265 F1=38.211 Rec=38.285 Prec=38.281
Train Client4 [0/50] LR=0.0005000 loss=0.989 ACC=85.899 F1=42.538 Rec=41.409 Prec=45.907
Train Client5 [0/50] LR=0.0005000 loss=2.120 ACC=56.607 F1=38.586 Rec=39.523 Prec=38.428
Train Client6 [0/50] LR=0.0005000 loss=2.015 ACC=68.889 F1=32.077 Rec=31.506 Prec=32.900
Train Client7 [0/50] LR=0.0005000 loss=1.583 ACC=68.636 F1=39.002 Rec=36.593 Prec=43.369

Val    [0/50] LR=0.0005000 loss=3.100 ACC=30.971 F1=23.515 Rec=30.971 Prec=35.058

Test-  OSR [0/50] LR=0.0005000 ACC=19.071 F1=14.257 Rec=25.429 Prec=14.928 UNK=0.000 OS*=30.514 HOS=0.000 AUROC=86.947 AUPR=68.989 OSCR=26.686
Test-Close [0/50] LR=0.0005000 loss=3.104 ACC=30.514 F1=23.033 Rec=30.514 Prec=34.815
Saving best model . . . . . . . .

Saving model at epoch 0 . . . . . . . .

Train Client0 [1/50] LR=0.0005000 loss=1.757 ACC=66.595 F1=44.063 Rec=43.476 Prec=46.485
Train Client1 [1/50] LR=0.0005000 loss=1.265 ACC=75.453 F1=57.569 Rec=57.098 Prec=58.257
Train Client2 [1/50] LR=0.0005000 loss=1.036 ACC=81.749 F1=47.256 Rec=46.972 Prec=49.417
Train Client3 [1/50] LR=0.0005000 loss=1.961 ACC=59.091 F1=46.058 Rec=46.190 Prec=47.171
Train Client4 [1/50] LR=0.0005000 loss=0.752 ACC=88.338 F1=45.818 Rec=45.122 Prec=47.190
Train Client5 [1/50] LR=0.0005000 loss=1.665 ACC=65.000 F1=46.512 Rec=46.188 Prec=49.140
Train Client6 [1/50] LR=0.0005000 loss=1.537 ACC=75.000 F1=36.178 Rec=37.551 Prec=35.862
Train Client7 [1/50] LR=0.0005000 loss=1.343 ACC=72.424 F1=44.431 Rec=42.457 Prec=49.160

Val    [1/50] LR=0.0005000 loss=2.865 ACC=53.200 F1=48.364 Rec=53.200 Prec=58.320

Test-  OSR [1/50] LR=0.0005000 ACC=32.071 F1=31.132 Rec=42.762 Prec=50.332 UNK=0.000 OS*=51.314 HOS=0.000 AUROC=73.344 AUPR=58.770 OSCR=40.963
Test-Close [1/50] LR=0.0005000 loss=2.869 ACC=51.314 F1=47.012 Rec=51.314 Prec=78.198
Saving best model . . . . . . . .

Train Client0 [2/50] LR=0.0005000 loss=1.473 ACC=71.875 F1=49.839 Rec=49.107 Prec=52.706
Train Client1 [2/50] LR=0.0005000 loss=1.144 ACC=77.820 F1=60.160 Rec=59.585 Prec=60.904
Train Client2 [2/50] LR=0.0005000 loss=1.003 ACC=81.606 F1=47.065 Rec=46.083 Prec=52.541
Train Client3 [2/50] LR=0.0005000 loss=1.962 ACC=53.977 F1=43.553 Rec=42.756 Prec=45.595
Train Client4 [2/50] LR=0.0005000 loss=0.594 ACC=90.549 F1=49.137 Rec=49.482 Prec=48.799
Train Client5 [2/50] LR=0.0005000 loss=1.444 ACC=70.089 F1=52.377 Rec=51.530 Prec=55.192
Train Client6 [2/50] LR=0.0005000 loss=1.035 ACC=83.611 F1=60.086 Rec=59.277 Prec=61.322
Train Client7 [2/50] LR=0.0005000 loss=1.188 ACC=75.152 F1=47.719 Rec=45.038 Prec=52.834

Val    [2/50] LR=0.0005000 loss=2.521 ACC=65.314 F1=58.163 Rec=65.314 Prec=61.016

Test-  OSR [2/50] LR=0.0005000 ACC=40.393 F1=37.620 Rec=53.857 Prec=37.717 UNK=0.000 OS*=64.629 HOS=0.000 AUROC=30.231 AUPR=27.361 OSCR=25.129
Test-Close [2/50] LR=0.0005000 loss=2.518 ACC=64.629 F1=57.662 Rec=64.629 Prec=60.964
Train Client0 [3/50] LR=0.0005000 loss=1.402 ACC=73.276 F1=52.424 Rec=51.376 Prec=55.084
Train Client1 [3/50] LR=0.0005000 loss=1.053 ACC=79.805 F1=62.171 Rec=62.169 Prec=62.282
Train Client2 [3/50] LR=0.0005000 loss=0.831 ACC=83.888 F1=52.325 Rec=51.629 Prec=54.666
Train Client3 [3/50] LR=0.0005000 loss=1.526 ACC=67.424 F1=55.888 Rec=55.975 Prec=55.874
Train Client4 [3/50] LR=0.0005000 loss=0.598 ACC=91.082 F1=50.017 Rec=50.544 Prec=49.506
Train Client5 [3/50] LR=0.0005000 loss=1.325 ACC=71.696 F1=58.053 Rec=59.000 Prec=58.533
Train Client6 [3/50] LR=0.0005000 loss=1.008 ACC=83.056 F1=54.219 Rec=52.188 Prec=57.981
Train Client7 [3/50] LR=0.0005000 loss=0.925 ACC=80.606 F1=59.380 Rec=58.079 Prec=61.359

Val    [3/50] LR=0.0005000 loss=2.255 ACC=77.371 F1=76.122 Rec=77.371 Prec=80.379

Test-  OSR [3/50] LR=0.0005000 ACC=48.714 F1=53.748 Rec=64.952 Prec=53.891 UNK=0.000 OS*=77.943 HOS=0.000 AUROC=24.374 AUPR=25.803 OSCR=22.874
Test-Close [3/50] LR=0.0005000 loss=2.244 ACC=77.943 F1=77.081 Rec=77.943 Prec=80.742
Train Client0 [4/50] LR=0.0005000 loss=1.302 ACC=75.593 F1=67.227 Rec=66.210 Prec=69.564
Train Client1 [4/50] LR=0.0005000 loss=0.935 ACC=83.705 F1=65.856 Rec=66.028 Prec=65.736
Train Client2 [4/50] LR=0.0005000 loss=0.674 ACC=86.597 F1=61.806 Rec=60.064 Prec=66.092
Train Client3 [4/50] LR=0.0005000 loss=1.338 ACC=71.023 F1=58.509 Rec=58.472 Prec=58.583
Train Client4 [4/50] LR=0.0005000 loss=0.531 ACC=91.768 F1=51.338 Rec=52.127 Prec=50.609
Train Client5 [4/50] LR=0.0005000 loss=1.194 ACC=74.286 F1=58.146 Rec=57.652 Prec=58.806
Train Client6 [4/50] LR=0.0005000 loss=1.030 ACC=84.167 F1=62.559 Rec=59.706 Prec=66.818
Train Client7 [4/50] LR=0.0005000 loss=0.797 ACC=81.591 F1=61.628 Rec=60.100 Prec=63.561

Val    [4/50] LR=0.0005000 loss=2.202 ACC=80.571 F1=79.756 Rec=80.571 Prec=83.801

Test-  OSR [4/50] LR=0.0005000 ACC=50.143 F1=56.193 Rec=66.857 Prec=56.678 UNK=0.000 OS*=80.229 HOS=0.000 AUROC=15.972 AUPR=23.863 OSCR=15.784
Test-Close [4/50] LR=0.0005000 loss=2.184 ACC=80.229 F1=79.462 Rec=80.229 Prec=83.071
Train Client0 [5/50] LR=0.0005000 loss=1.202 ACC=78.394 F1=57.729 Rec=56.292 Prec=60.025
Train Client1 [5/50] LR=0.0005000 loss=0.826 ACC=84.610 F1=69.291 Rec=68.635 Prec=73.906
Train Client2 [5/50] LR=0.0005000 loss=0.645 ACC=87.643 F1=62.373 Rec=60.672 Prec=65.760
Train Client3 [5/50] LR=0.0005000 loss=1.319 ACC=74.242 F1=61.245 Rec=61.307 Prec=61.284
Train Client4 [5/50] LR=0.0005000 loss=0.500 ACC=91.768 F1=54.392 Rec=54.303 Prec=54.608
Train Client5 [5/50] LR=0.0005000 loss=1.180 ACC=75.625 F1=57.237 Rec=56.498 Prec=58.608
Train Client6 [5/50] LR=0.0005000 loss=0.814 ACC=86.944 F1=61.423 Rec=61.176 Prec=61.917
Train Client7 [5/50] LR=0.0005000 loss=0.755 ACC=84.242 F1=64.521 Rec=63.609 Prec=65.687

Val    [5/50] LR=0.0005000 loss=2.149 ACC=82.171 F1=81.556 Rec=82.171 Prec=85.475

Test-  OSR [5/50] LR=0.0005000 ACC=51.143 F1=57.715 Rec=68.190 Prec=57.778 UNK=0.000 OS*=81.829 HOS=0.000 AUROC=19.578 AUPR=24.386 OSCR=19.202
Test-Close [5/50] LR=0.0005000 loss=2.127 ACC=81.829 F1=81.275 Rec=81.829 Prec=84.371
Saving model at epoch 5 . . . . . . . .

Train Client0 [6/50] LR=0.0005000 loss=1.087 ACC=79.741 F1=73.905 Rec=72.321 Prec=76.294
Train Client1 [6/50] LR=0.0005000 loss=0.819 ACC=84.993 F1=68.048 Rec=68.010 Prec=69.452
Train Client2 [6/50] LR=0.0005000 loss=0.578 ACC=88.688 F1=68.439 Rec=66.810 Prec=70.888
Train Client3 [6/50] LR=0.0005000 loss=1.131 ACC=77.083 F1=64.014 Rec=64.139 Prec=63.894
Train Client4 [6/50] LR=0.0005000 loss=0.386 ACC=93.369 F1=55.298 Rec=54.630 Prec=58.741
Train Client5 [6/50] LR=0.0005000 loss=0.955 ACC=80.625 F1=63.129 Rec=62.295 Prec=64.359
Train Client6 [6/50] LR=0.0005000 loss=0.836 ACC=85.000 F1=64.693 Rec=65.118 Prec=64.724
Train Client7 [6/50] LR=0.0005000 loss=0.724 ACC=83.561 F1=65.378 Rec=65.223 Prec=65.626

Val    [6/50] LR=0.0005000 loss=2.099 ACC=84.514 F1=84.158 Rec=84.514 Prec=87.266

Test-  OSR [6/50] LR=0.0005000 ACC=53.250 F1=60.716 Rec=71.000 Prec=59.849 UNK=0.000 OS*=85.200 HOS=0.000 AUROC=19.527 AUPR=24.514 OSCR=19.074
Test-Close [6/50] LR=0.0005000 loss=2.082 ACC=85.200 F1=84.975 Rec=85.200 Prec=87.035
Train Client0 [7/50] LR=0.0005000 loss=1.114 ACC=80.280 F1=74.487 Rec=73.137 Prec=76.922
Train Client1 [7/50] LR=0.0005000 loss=0.744 ACC=86.908 F1=72.643 Rec=72.065 Prec=78.492
Train Client2 [7/50] LR=0.0005000 loss=0.494 ACC=90.304 F1=71.125 Rec=69.240 Prec=74.309
Train Client3 [7/50] LR=0.0005000 loss=0.990 ACC=78.788 F1=71.866 Rec=71.490 Prec=72.404
Train Client4 [7/50] LR=0.0005000 loss=0.377 ACC=93.369 F1=54.649 Rec=54.735 Prec=56.537
Train Client5 [7/50] LR=0.0005000 loss=0.988 ACC=81.071 F1=63.682 Rec=63.299 Prec=64.201
Train Client6 [7/50] LR=0.0005000 loss=0.771 ACC=88.889 F1=71.187 Rec=71.809 Prec=71.872
Train Client7 [7/50] LR=0.0005000 loss=0.663 ACC=87.121 F1=68.108 Rec=67.999 Prec=68.384

Val    [7/50] LR=0.0005000 loss=2.095 ACC=84.400 F1=84.473 Rec=84.400 Prec=87.299

Test-  OSR [7/50] LR=0.0005000 ACC=52.857 F1=60.447 Rec=70.476 Prec=59.692 UNK=0.000 OS*=84.571 HOS=0.000 AUROC=18.760 AUPR=24.262 OSCR=18.257
Test-Close [7/50] LR=0.0005000 loss=2.071 ACC=84.571 F1=84.628 Rec=84.571 Prec=86.813
Train Client0 [8/50] LR=0.0005000 loss=1.025 ACC=82.004 F1=61.450 Rec=60.456 Prec=62.995
Train Client1 [8/50] LR=0.0005000 loss=0.655 ACC=88.162 F1=72.965 Rec=72.478 Prec=77.325
Train Client2 [8/50] LR=0.0005000 loss=0.449 ACC=90.684 F1=73.713 Rec=72.747 Prec=75.749
Train Client3 [8/50] LR=0.0005000 loss=1.079 ACC=78.030 F1=68.561 Rec=68.870 Prec=68.760
Train Client4 [8/50] LR=0.0005000 loss=0.402 ACC=93.902 F1=53.841 Rec=54.609 Prec=53.113
Train Client5 [8/50] LR=0.0005000 loss=0.968 ACC=80.268 F1=63.312 Rec=62.329 Prec=64.707
Train Client6 [8/50] LR=0.0005000 loss=0.713 ACC=87.500 F1=71.779 Rec=72.570 Prec=72.797
Train Client7 [8/50] LR=0.0005000 loss=0.670 ACC=85.682 F1=65.837 Rec=65.203 Prec=66.862

Val    [8/50] LR=0.0005000 loss=2.035 ACC=86.857 F1=86.759 Rec=86.857 Prec=88.667

Test-  OSR [8/50] LR=0.0005000 ACC=54.464 F1=62.348 Rec=72.619 Prec=60.713 UNK=0.000 OS*=87.143 HOS=0.000 AUROC=21.357 AUPR=25.318 OSCR=20.806
Test-Close [8/50] LR=0.0005000 loss=2.019 ACC=87.143 F1=87.064 Rec=87.143 Prec=88.417
Train Client0 [9/50] LR=0.0005000 loss=0.930 ACC=83.998 F1=63.550 Rec=62.475 Prec=65.131
Train Client1 [9/50] LR=0.0005000 loss=0.686 ACC=87.535 F1=74.089 Rec=73.283 Prec=78.564
Train Client2 [9/50] LR=0.0005000 loss=0.440 ACC=90.970 F1=72.968 Rec=71.862 Prec=74.561
Train Client3 [9/50] LR=0.0005000 loss=1.002 ACC=78.598 F1=65.743 Rec=66.740 Prec=64.992
Train Client4 [9/50] LR=0.0005000 loss=0.343 ACC=94.588 F1=57.935 Rec=57.447 Prec=61.215
Train Client5 [9/50] LR=0.0005000 loss=0.860 ACC=82.946 F1=65.507 Rec=64.980 Prec=66.164
Train Client6 [9/50] LR=0.0005000 loss=0.754 ACC=88.056 F1=63.462 Rec=61.606 Prec=65.846
Train Client7 [9/50] LR=0.0005000 loss=0.706 ACC=85.076 F1=67.050 Rec=66.787 Prec=67.641

Val    [9/50] LR=0.0005000 loss=2.054 ACC=84.857 F1=84.328 Rec=84.857 Prec=87.997

Test-  OSR [9/50] LR=0.0005000 ACC=53.429 F1=60.769 Rec=71.238 Prec=60.463 UNK=0.000 OS*=85.486 HOS=0.000 AUROC=19.810 AUPR=24.479 OSCR=19.291
Test-Close [9/50] LR=0.0005000 loss=2.032 ACC=85.486 F1=85.099 Rec=85.486 Prec=87.898
Train Client0 [10/50] LR=0.0005000 loss=0.898 ACC=83.944 F1=79.162 Rec=77.931 Prec=81.090
Train Client1 [10/50] LR=0.0005000 loss=0.632 ACC=88.545 F1=77.983 Rec=76.257 Prec=82.728
Train Client2 [10/50] LR=0.0005000 loss=0.432 ACC=91.350 F1=74.472 Rec=73.276 Prec=76.132
Train Client3 [10/50] LR=0.0005000 loss=1.058 ACC=78.220 F1=64.794 Rec=65.298 Prec=64.335
Train Client4 [10/50] LR=0.0005000 loss=0.329 ACC=94.512 F1=58.212 Rec=57.482 Prec=60.843
Train Client5 [10/50] LR=0.0005000 loss=0.904 ACC=81.786 F1=64.776 Rec=64.160 Prec=65.546
Train Client6 [10/50] LR=0.0005000 loss=0.625 ACC=91.111 F1=73.336 Rec=71.538 Prec=75.979
Train Client7 [10/50] LR=0.0005000 loss=0.619 ACC=86.364 F1=69.330 Rec=69.831 Prec=68.886

Val    [10/50] LR=0.0005000 loss=2.039 ACC=86.229 F1=86.322 Rec=86.229 Prec=88.265

Test-  OSR [10/50] LR=0.0005000 ACC=54.250 F1=61.667 Rec=72.333 Prec=59.776 UNK=0.000 OS*=86.800 HOS=0.000 AUROC=29.551 AUPR=29.968 OSCR=27.987
Test-Close [10/50] LR=0.0005000 loss=2.014 ACC=86.800 F1=86.903 Rec=86.800 Prec=88.648
Saving model at epoch 10 . . . . . . . .

>> New learning Rate: 0.00025
Train Client0 [11/50] LR=0.0002500 loss=0.728 ACC=87.015 F1=67.108 Rec=65.813 Prec=68.794
Train Client1 [11/50] LR=0.0002500 loss=0.460 ACC=92.096 F1=86.004 Rec=84.588 Prec=88.174
Train Client2 [11/50] LR=0.0002500 loss=0.317 ACC=94.011 F1=84.066 Rec=84.543 Prec=83.645
Train Client3 [11/50] LR=0.0002500 loss=0.770 ACC=84.848 F1=80.015 Rec=83.910 Prec=77.579
Train Client4 [11/50] LR=0.0002500 loss=0.239 ACC=95.960 F1=67.432 Rec=68.341 Prec=67.652
Train Client5 [11/50] LR=0.0002500 loss=0.702 ACC=85.089 F1=68.161 Rec=67.944 Prec=68.461
Train Client6 [11/50] LR=0.0002500 loss=0.515 ACC=92.222 F1=82.300 Rec=84.395 Prec=81.089
Train Client7 [11/50] LR=0.0002500 loss=0.483 ACC=91.212 F1=73.187 Rec=74.512 Prec=72.071

Val    [11/50] LR=0.0002500 loss=1.942 ACC=88.686 F1=88.620 Rec=88.686 Prec=89.795

Test-  OSR [11/50] LR=0.0002500 ACC=56.250 F1=64.239 Rec=75.000 Prec=61.524 UNK=0.000 OS*=90.000 HOS=0.000 AUROC=29.222 AUPR=29.666 OSCR=28.203
Test-Close [11/50] LR=0.0002500 loss=1.921 ACC=90.000 F1=89.961 Rec=90.000 Prec=90.646
Train Client0 [12/50] LR=0.0002500 loss=0.716 ACC=87.985 F1=84.951 Rec=83.838 Prec=86.339
Train Client1 [12/50] LR=0.0002500 loss=0.476 ACC=91.609 F1=81.280 Rec=80.556 Prec=82.530
Train Client2 [12/50] LR=0.0002500 loss=0.318 ACC=93.584 F1=81.401 Rec=81.636 Prec=81.190
Train Client3 [12/50] LR=0.0002500 loss=0.746 ACC=86.553 F1=74.911 Rec=75.035 Prec=75.281
Train Client4 [12/50] LR=0.0002500 loss=0.235 ACC=95.808 F1=67.276 Rec=67.937 Prec=67.239
Train Client5 [12/50] LR=0.0002500 loss=0.671 ACC=85.625 F1=72.993 Rec=73.300 Prec=72.811
Train Client6 [12/50] LR=0.0002500 loss=0.647 ACC=89.722 F1=75.497 Rec=78.887 Prec=74.219
Train Client7 [12/50] LR=0.0002500 loss=0.505 ACC=90.379 F1=72.543 Rec=73.009 Prec=72.181

Val    [12/50] LR=0.0002500 loss=1.985 ACC=87.429 F1=87.477 Rec=87.429 Prec=88.990

Test-  OSR [12/50] LR=0.0002500 ACC=55.179 F1=62.968 Rec=73.571 Prec=60.748 UNK=0.000 OS*=88.286 HOS=0.000 AUROC=30.028 AUPR=29.999 OSCR=28.681
Test-Close [12/50] LR=0.0002500 loss=1.964 ACC=88.286 F1=88.304 Rec=88.286 Prec=89.389
Train Client0 [13/50] LR=0.0002500 loss=0.684 ACC=88.362 F1=85.639 Rec=84.337 Prec=87.419
Train Client1 [13/50] LR=0.0002500 loss=0.464 ACC=91.992 F1=80.533 Rec=79.613 Prec=82.100
Train Client2 [13/50] LR=0.0002500 loss=0.275 ACC=94.202 F1=84.159 Rec=84.561 Prec=83.831
Train Client3 [13/50] LR=0.0002500 loss=0.684 ACC=88.068 F1=81.058 Rec=83.009 Prec=79.666
Train Client4 [13/50] LR=0.0002500 loss=0.222 ACC=96.494 F1=73.258 Rec=73.080 Prec=74.340
Train Client5 [13/50] LR=0.0002500 loss=0.654 ACC=86.339 F1=69.048 Rec=68.682 Prec=69.446
Train Client6 [13/50] LR=0.0002500 loss=0.496 ACC=91.944 F1=78.390 Rec=77.155 Prec=79.930
Train Client7 [13/50] LR=0.0002500 loss=0.494 ACC=89.470 F1=72.108 Rec=73.032 Prec=71.481

Val    [13/50] LR=0.0002500 loss=1.956 ACC=88.343 F1=88.156 Rec=88.343 Prec=89.720

Test-  OSR [13/50] LR=0.0002500 ACC=55.964 F1=63.576 Rec=74.619 Prec=61.028 UNK=0.000 OS*=89.543 HOS=0.000 AUROC=32.355 AUPR=33.024 OSCR=30.919
Test-Close [13/50] LR=0.0002500 loss=1.930 ACC=89.543 F1=89.435 Rec=89.543 Prec=90.540
Train Client0 [14/50] LR=0.0002500 loss=0.678 ACC=88.254 F1=68.491 Rec=67.456 Prec=69.782
Train Client1 [14/50] LR=0.0002500 loss=0.465 ACC=92.061 F1=81.828 Rec=81.011 Prec=83.310
Train Client2 [14/50] LR=0.0002500 loss=0.275 ACC=94.962 F1=86.361 Rec=87.518 Prec=85.450
Train Client3 [14/50] LR=0.0002500 loss=0.720 ACC=86.364 F1=76.697 Rec=77.440 Prec=76.061
Train Client4 [14/50] LR=0.0002500 loss=0.210 ACC=96.265 F1=72.930 Rec=71.761 Prec=74.791
Train Client5 [14/50] LR=0.0002500 loss=0.584 ACC=88.304 F1=70.574 Rec=70.284 Prec=70.878
Train Client6 [14/50] LR=0.0002500 loss=0.454 ACC=93.333 F1=81.377 Rec=79.255 Prec=84.877
Train Client7 [14/50] LR=0.0002500 loss=0.470 ACC=91.136 F1=73.497 Rec=74.076 Prec=73.047

Val    [14/50] LR=0.0002500 loss=1.938 ACC=89.200 F1=89.009 Rec=89.200 Prec=90.411

Test-  OSR [14/50] LR=0.0002500 ACC=56.036 F1=63.572 Rec=74.714 Prec=61.106 UNK=0.000 OS*=89.657 HOS=0.000 AUROC=29.649 AUPR=32.237 OSCR=28.353
Test-Close [14/50] LR=0.0002500 loss=1.922 ACC=89.657 F1=89.518 Rec=89.657 Prec=90.708
Train Client0 [15/50] LR=0.0002500 loss=0.669 ACC=88.470 F1=85.333 Rec=84.336 Prec=86.608
Train Client1 [15/50] LR=0.0002500 loss=0.422 ACC=92.514 F1=84.591 Rec=83.305 Prec=86.522
Train Client2 [15/50] LR=0.0002500 loss=0.273 ACC=94.962 F1=86.056 Rec=86.037 Prec=86.130
Train Client3 [15/50] LR=0.0002500 loss=0.652 ACC=87.311 F1=77.238 Rec=78.463 Prec=76.275
Train Client4 [15/50] LR=0.0002500 loss=0.233 ACC=96.189 F1=72.922 Rec=72.539 Prec=74.360
Train Client5 [15/50] LR=0.0002500 loss=0.547 ACC=89.286 F1=71.362 Rec=70.950 Prec=71.819
Train Client6 [15/50] LR=0.0002500 loss=0.545 ACC=91.389 F1=81.293 Rec=81.728 Prec=80.875
Train Client7 [15/50] LR=0.0002500 loss=0.505 ACC=90.530 F1=72.262 Rec=72.775 Prec=71.903

Val    [15/50] LR=0.0002500 loss=1.913 ACC=89.886 F1=89.910 Rec=89.886 Prec=90.724

Test-  OSR [15/50] LR=0.0002500 ACC=56.429 F1=63.316 Rec=75.238 Prec=59.271 UNK=0.000 OS*=90.286 HOS=0.000 AUROC=33.928 AUPR=37.414 OSCR=32.244
Test-Close [15/50] LR=0.0002500 loss=1.904 ACC=90.286 F1=90.283 Rec=90.286 Prec=90.836
Saving model at epoch 15 . . . . . . . .

Train Client0 [16/50] LR=0.0002500 loss=0.664 ACC=87.877 F1=85.334 Rec=84.319 Prec=86.536
Train Client1 [16/50] LR=0.0002500 loss=0.404 ACC=92.897 F1=84.571 Rec=83.602 Prec=86.089
Train Client2 [16/50] LR=0.0002500 loss=0.259 ACC=94.962 F1=85.921 Rec=87.220 Prec=84.799
Train Client3 [16/50] LR=0.0002500 loss=0.740 ACC=86.174 F1=74.084 Rec=74.148 Prec=74.501
Train Client4 [16/50] LR=0.0002500 loss=0.203 ACC=96.494 F1=72.176 Rec=71.503 Prec=73.480
Train Client5 [16/50] LR=0.0002500 loss=0.630 ACC=87.857 F1=70.383 Rec=70.015 Prec=70.796
Train Client6 [16/50] LR=0.0002500 loss=0.489 ACC=93.611 F1=81.948 Rec=79.463 Prec=85.818
Train Client7 [16/50] LR=0.0002500 loss=0.431 ACC=90.909 F1=72.678 Rec=73.688 Prec=71.815

Val    [16/50] LR=0.0002500 loss=1.903 ACC=90.629 F1=90.651 Rec=90.629 Prec=91.313

Test-  OSR [16/50] LR=0.0002500 ACC=57.107 F1=62.677 Rec=76.143 Prec=56.909 UNK=0.000 OS*=91.371 HOS=0.000 AUROC=38.352 AUPR=42.726 OSCR=36.384
Test-Close [16/50] LR=0.0002500 loss=1.891 ACC=91.371 F1=91.381 Rec=91.371 Prec=91.866
Train Client0 [17/50] LR=0.0002500 loss=0.583 ACC=89.763 F1=87.117 Rec=86.015 Prec=88.398
Train Client1 [17/50] LR=0.0002500 loss=0.400 ACC=92.862 F1=87.542 Rec=86.557 Prec=88.839
Train Client2 [17/50] LR=0.0002500 loss=0.242 ACC=94.962 F1=85.741 Rec=86.024 Prec=85.485
Train Client3 [17/50] LR=0.0002500 loss=0.777 ACC=85.985 F1=78.904 Rec=80.700 Prec=77.549
Train Client4 [17/50] LR=0.0002500 loss=0.185 ACC=95.960 F1=73.547 Rec=73.004 Prec=74.748
Train Client5 [17/50] LR=0.0002500 loss=0.596 ACC=88.304 F1=74.621 Rec=74.910 Prec=74.787
Train Client6 [17/50] LR=0.0002500 loss=0.578 ACC=90.833 F1=72.304 Rec=70.784 Prec=74.232
Train Client7 [17/50] LR=0.0002500 loss=0.413 ACC=92.879 F1=74.551 Rec=75.076 Prec=74.148

Val    [17/50] LR=0.0002500 loss=1.924 ACC=89.600 F1=89.529 Rec=89.600 Prec=90.611

Test-  OSR [17/50] LR=0.0002500 ACC=56.321 F1=64.153 Rec=75.095 Prec=61.546 UNK=0.000 OS*=90.114 HOS=0.000 AUROC=31.963 AUPR=32.302 OSCR=30.698
Test-Close [17/50] LR=0.0002500 loss=1.911 ACC=90.114 F1=90.063 Rec=90.114 Prec=90.936
Train Client0 [18/50] LR=0.0002500 loss=0.578 ACC=90.302 F1=70.596 Rec=69.668 Prec=71.684
Train Client1 [18/50] LR=0.0002500 loss=0.421 ACC=93.001 F1=85.983 Rec=84.697 Prec=87.866
Train Client2 [18/50] LR=0.0002500 loss=0.258 ACC=94.724 F1=86.481 Rec=87.453 Prec=85.679
Train Client3 [18/50] LR=0.0002500 loss=0.620 ACC=88.447 F1=83.039 Rec=85.252 Prec=81.363
Train Client4 [18/50] LR=0.0002500 loss=0.174 ACC=96.265 F1=72.856 Rec=73.036 Prec=73.083
Train Client5 [18/50] LR=0.0002500 loss=0.579 ACC=88.571 F1=74.968 Rec=75.855 Prec=74.445
Train Client6 [18/50] LR=0.0002500 loss=0.413 ACC=94.167 F1=81.937 Rec=80.009 Prec=85.199
Train Client7 [18/50] LR=0.0002500 loss=0.410 ACC=92.576 F1=74.307 Rec=74.543 Prec=74.184

Val    [18/50] LR=0.0002500 loss=1.925 ACC=89.657 F1=89.589 Rec=89.657 Prec=90.654

Test-  OSR [18/50] LR=0.0002500 ACC=56.643 F1=62.877 Rec=75.524 Prec=58.481 UNK=0.000 OS*=90.629 HOS=0.000 AUROC=36.981 AUPR=39.693 OSCR=35.107
Test-Close [18/50] LR=0.0002500 loss=1.904 ACC=90.629 F1=90.574 Rec=90.629 Prec=91.404
Train Client0 [19/50] LR=0.0002500 loss=0.630 ACC=89.062 F1=86.464 Rec=85.443 Prec=87.653
Train Client1 [19/50] LR=0.0002500 loss=0.407 ACC=92.967 F1=84.956 Rec=83.814 Prec=86.758
Train Client2 [19/50] LR=0.0002500 loss=0.238 ACC=95.722 F1=87.717 Rec=88.283 Prec=87.326
Train Client3 [19/50] LR=0.0002500 loss=0.746 ACC=87.500 F1=80.594 Rec=82.013 Prec=79.447
Train Client4 [19/50] LR=0.0002500 loss=0.177 ACC=96.646 F1=80.915 Rec=80.615 Prec=81.260
Train Client5 [19/50] LR=0.0002500 loss=0.628 ACC=87.054 F1=69.121 Rec=68.823 Prec=69.519
Train Client6 [19/50] LR=0.0002500 loss=0.306 ACC=94.722 F1=89.338 Rec=90.353 Prec=88.399
Train Client7 [19/50] LR=0.0002500 loss=0.443 ACC=90.606 F1=72.685 Rec=73.285 Prec=72.186

Val    [19/50] LR=0.0002500 loss=1.930 ACC=88.800 F1=88.566 Rec=88.800 Prec=90.197

Test-  OSR [19/50] LR=0.0002500 ACC=55.857 F1=62.265 Rec=74.476 Prec=58.891 UNK=0.000 OS*=89.371 HOS=0.000 AUROC=35.122 AUPR=37.601 OSCR=33.207
Test-Close [19/50] LR=0.0002500 loss=1.917 ACC=89.371 F1=89.171 Rec=89.371 Prec=90.498
Train Client0 [20/50] LR=0.0002500 loss=0.603 ACC=89.386 F1=86.416 Rec=85.129 Prec=88.064
Train Client1 [20/50] LR=0.0002500 loss=0.401 ACC=93.175 F1=86.225 Rec=84.753 Prec=88.443
Train Client2 [20/50] LR=0.0002500 loss=0.246 ACC=95.627 F1=87.508 Rec=87.602 Prec=87.517
Train Client3 [20/50] LR=0.0002500 loss=0.725 ACC=85.985 F1=76.662 Rec=77.242 Prec=76.226
Train Client4 [20/50] LR=0.0002500 loss=0.170 ACC=97.409 F1=82.790 Rec=80.283 Prec=86.120
Train Client5 [20/50] LR=0.0002500 loss=0.545 ACC=89.286 F1=74.578 Rec=75.519 Prec=74.265
Train Client6 [20/50] LR=0.0002500 loss=0.408 ACC=93.333 F1=83.328 Rec=83.070 Prec=83.598
Train Client7 [20/50] LR=0.0002500 loss=0.465 ACC=91.439 F1=73.350 Rec=74.103 Prec=72.789

Val    [20/50] LR=0.0002500 loss=1.895 ACC=90.743 F1=90.745 Rec=90.743 Prec=91.524

Test-  OSR [20/50] LR=0.0002500 ACC=56.893 F1=63.455 Rec=75.857 Prec=59.001 UNK=0.000 OS*=91.029 HOS=0.000 AUROC=36.776 AUPR=39.494 OSCR=35.046
Test-Close [20/50] LR=0.0002500 loss=1.888 ACC=91.029 F1=91.024 Rec=91.029 Prec=91.664
Saving model at epoch 20 . . . . . . . .

Train Client0 [21/50] LR=0.0002500 loss=0.555 ACC=90.409 F1=88.284 Rec=87.272 Prec=89.419
Train Client1 [21/50] LR=0.0002500 loss=0.378 ACC=93.942 F1=85.906 Rec=85.456 Prec=86.502
Train Client2 [21/50] LR=0.0002500 loss=0.228 ACC=95.485 F1=87.233 Rec=87.136 Prec=87.359
Train Client3 [21/50] LR=0.0002500 loss=0.702 ACC=86.174 F1=75.948 Rec=76.715 Prec=75.297
Train Client4 [21/50] LR=0.0002500 loss=0.227 ACC=96.418 F1=73.370 Rec=73.114 Prec=75.350
Train Client5 [21/50] LR=0.0002500 loss=0.561 ACC=88.839 F1=75.263 Rec=75.776 Prec=74.896
Train Client6 [21/50] LR=0.0002500 loss=0.469 ACC=93.056 F1=84.183 Rec=83.153 Prec=86.119
Train Client7 [21/50] LR=0.0002500 loss=0.408 ACC=92.803 F1=74.666 Rec=75.053 Prec=74.408

Val    [21/50] LR=0.0002500 loss=1.929 ACC=89.143 F1=89.099 Rec=89.143 Prec=90.457

Test-  OSR [21/50] LR=0.0002500 ACC=56.571 F1=64.303 Rec=75.429 Prec=61.630 UNK=0.000 OS*=90.514 HOS=0.000 AUROC=30.513 AUPR=32.696 OSCR=29.249
Test-Close [21/50] LR=0.0002500 loss=1.910 ACC=90.514 F1=90.460 Rec=90.514 Prec=91.437
Train Client0 [22/50] LR=0.0002500 loss=0.585 ACC=90.356 F1=88.019 Rec=86.692 Prec=89.658
Train Client1 [22/50] LR=0.0002500 loss=0.379 ACC=93.872 F1=89.492 Rec=88.164 Prec=91.373
Train Client2 [22/50] LR=0.0002500 loss=0.222 ACC=94.962 F1=86.252 Rec=86.827 Prec=85.713
Train Client3 [22/50] LR=0.0002500 loss=0.759 ACC=86.364 F1=79.480 Rec=81.063 Prec=78.238
Train Client4 [22/50] LR=0.0002500 loss=0.170 ACC=96.799 F1=74.884 Rec=73.668 Prec=77.644
Train Client5 [22/50] LR=0.0002500 loss=0.531 ACC=90.000 F1=75.320 Rec=76.260 Prec=74.996
Train Client6 [22/50] LR=0.0002500 loss=0.410 ACC=93.333 F1=80.757 Rec=79.028 Prec=83.934
Train Client7 [22/50] LR=0.0002500 loss=0.442 ACC=91.742 F1=74.166 Rec=75.122 Prec=73.377

Val    [22/50] LR=0.0002500 loss=1.891 ACC=91.086 F1=91.101 Rec=91.086 Prec=91.702

Test-  OSR [22/50] LR=0.0002500 ACC=57.321 F1=66.063 Rec=76.429 Prec=63.518 UNK=0.000 OS*=91.714 HOS=0.000 AUROC=23.884 AUPR=26.690 OSCR=23.451
Test-Close [22/50] LR=0.0002500 loss=1.881 ACC=91.714 F1=91.692 Rec=91.714 Prec=92.094
>> New learning Rate: 0.000125
Train Client0 [23/50] LR=0.0001250 loss=0.464 ACC=91.756 F1=71.896 Rec=70.984 Prec=73.064
Train Client1 [23/50] LR=0.0001250 loss=0.332 ACC=94.116 F1=89.180 Rec=88.713 Prec=89.753
Train Client2 [23/50] LR=0.0001250 loss=0.192 ACC=96.388 F1=89.694 Rec=91.345 Prec=88.374
Train Client3 [23/50] LR=0.0001250 loss=0.595 ACC=87.500 F1=80.781 Rec=85.417 Prec=78.218
Train Client4 [23/50] LR=0.0001250 loss=0.141 ACC=97.332 F1=79.984 Rec=83.189 Prec=78.573
Train Client5 [23/50] LR=0.0001250 loss=0.491 ACC=90.357 F1=78.916 Rec=82.241 Prec=77.267
Train Client6 [23/50] LR=0.0001250 loss=0.416 ACC=92.778 F1=84.350 Rec=88.233 Prec=81.209
Train Client7 [23/50] LR=0.0001250 loss=0.384 ACC=92.803 F1=75.290 Rec=75.839 Prec=74.803

Val    [23/50] LR=0.0001250 loss=1.894 ACC=90.914 F1=90.878 Rec=90.914 Prec=91.652

Test-  OSR [23/50] LR=0.0001250 ACC=57.143 F1=65.623 Rec=76.190 Prec=63.044 UNK=0.000 OS*=91.429 HOS=0.000 AUROC=25.717 AUPR=28.342 OSCR=25.075
Test-Close [23/50] LR=0.0001250 loss=1.885 ACC=91.429 F1=91.389 Rec=91.429 Prec=91.934
Train Client0 [24/50] LR=0.0001250 loss=0.493 ACC=91.218 F1=89.277 Rec=88.250 Prec=90.502
Train Client1 [24/50] LR=0.0001250 loss=0.333 ACC=94.255 F1=87.583 Rec=86.869 Prec=88.492
Train Client2 [24/50] LR=0.0001250 loss=0.191 ACC=96.198 F1=89.793 Rec=91.376 Prec=88.505
Train Client3 [24/50] LR=0.0001250 loss=0.464 ACC=92.614 F1=86.737 Rec=92.158 Prec=83.738
Train Client4 [24/50] LR=0.0001250 loss=0.143 ACC=97.104 F1=80.115 Rec=83.362 Prec=77.645
Train Client5 [24/50] LR=0.0001250 loss=0.493 ACC=90.446 F1=81.101 Rec=87.381 Prec=78.679
Train Client6 [24/50] LR=0.0001250 loss=0.329 ACC=93.611 F1=85.176 Rec=88.246 Prec=82.888
Train Client7 [24/50] LR=0.0001250 loss=0.394 ACC=93.258 F1=75.394 Rec=75.942 Prec=74.923

Val    [24/50] LR=0.0001250 loss=1.886 ACC=91.371 F1=91.363 Rec=91.371 Prec=92.082

Test-  OSR [24/50] LR=0.0001250 ACC=57.143 F1=65.040 Rec=76.190 Prec=61.870 UNK=0.000 OS*=91.429 HOS=0.000 AUROC=31.080 AUPR=33.646 OSCR=29.983
Test-Close [24/50] LR=0.0001250 loss=1.879 ACC=91.429 F1=91.383 Rec=91.429 Prec=91.950
Train Client0 [25/50] LR=0.0001250 loss=0.435 ACC=92.942 F1=91.292 Rec=90.276 Prec=92.590
Train Client1 [25/50] LR=0.0001250 loss=0.305 ACC=94.847 F1=87.600 Rec=86.756 Prec=88.703
Train Client2 [25/50] LR=0.0001250 loss=0.173 ACC=96.150 F1=89.318 Rec=90.653 Prec=88.202
Train Client3 [25/50] LR=0.0001250 loss=0.642 ACC=87.879 F1=80.725 Rec=85.608 Prec=78.240
Train Client4 [25/50] LR=0.0001250 loss=0.168 ACC=96.799 F1=74.694 Rec=77.248 Prec=73.545
Train Client5 [25/50] LR=0.0001250 loss=0.471 ACC=90.179 F1=75.276 Rec=77.715 Prec=74.531
Train Client6 [25/50] LR=0.0001250 loss=0.364 ACC=93.333 F1=87.211 Rec=88.100 Prec=86.439
Train Client7 [25/50] LR=0.0001250 loss=0.408 ACC=92.045 F1=75.025 Rec=75.842 Prec=74.317

Val    [25/50] LR=0.0001250 loss=1.884 ACC=91.143 F1=91.113 Rec=91.143 Prec=91.837

Test-  OSR [25/50] LR=0.0001250 ACC=57.250 F1=65.279 Rec=76.333 Prec=62.281 UNK=0.000 OS*=91.600 HOS=0.000 AUROC=29.719 AUPR=32.061 OSCR=28.776
Test-Close [25/50] LR=0.0001250 loss=1.874 ACC=91.600 F1=91.549 Rec=91.600 Prec=92.152
Saving model at epoch 25 . . . . . . . .

Train Client0 [26/50] LR=0.0001250 loss=0.473 ACC=91.810 F1=89.991 Rec=88.975 Prec=91.209
Train Client1 [26/50] LR=0.0001250 loss=0.294 ACC=94.777 F1=90.035 Rec=89.302 Prec=90.940
Train Client2 [26/50] LR=0.0001250 loss=0.161 ACC=96.673 F1=90.730 Rec=91.490 Prec=90.100
Train Client3 [26/50] LR=0.0001250 loss=0.622 ACC=87.311 F1=81.808 Rec=84.973 Prec=79.714
Train Client4 [26/50] LR=0.0001250 loss=0.137 ACC=97.256 F1=81.579 Rec=84.466 Prec=79.186
Train Client5 [26/50] LR=0.0001250 loss=0.473 ACC=90.804 F1=78.050 Rec=82.928 Prec=76.508
Train Client6 [26/50] LR=0.0001250 loss=0.322 ACC=95.278 F1=89.675 Rec=89.949 Prec=89.412
Train Client7 [26/50] LR=0.0001250 loss=0.341 ACC=92.955 F1=75.031 Rec=75.258 Prec=74.850

Val    [26/50] LR=0.0001250 loss=1.870 ACC=91.714 F1=91.713 Rec=91.714 Prec=92.279

Test-  OSR [26/50] LR=0.0001250 ACC=57.679 F1=65.503 Rec=76.905 Prec=61.882 UNK=0.000 OS*=92.286 HOS=0.000 AUROC=32.395 AUPR=34.970 OSCR=31.297
Test-Close [26/50] LR=0.0001250 loss=1.867 ACC=92.286 F1=92.266 Rec=92.286 Prec=92.657
Train Client0 [27/50] LR=0.0001250 loss=0.443 ACC=92.295 F1=72.564 Rec=71.942 Prec=73.265
Train Client1 [27/50] LR=0.0001250 loss=0.283 ACC=95.056 F1=88.485 Rec=88.450 Prec=88.546
Train Client2 [27/50] LR=0.0001250 loss=0.183 ACC=96.198 F1=89.666 Rec=91.057 Prec=88.413
Train Client3 [27/50] LR=0.0001250 loss=0.544 ACC=89.773 F1=87.508 Rec=93.620 Prec=83.958
Train Client4 [27/50] LR=0.0001250 loss=0.143 ACC=96.875 F1=75.088 Rec=76.533 Prec=73.979
Train Client5 [27/50] LR=0.0001250 loss=0.423 ACC=90.893 F1=75.894 Rec=77.839 Prec=75.254
Train Client6 [27/50] LR=0.0001250 loss=0.328 ACC=91.944 F1=77.954 Rec=79.288 Prec=76.768
Train Client7 [27/50] LR=0.0001250 loss=0.372 ACC=92.576 F1=74.593 Rec=75.274 Prec=74.015

Val    [27/50] LR=0.0001250 loss=1.861 ACC=91.714 F1=91.681 Rec=91.714 Prec=92.132

Test-  OSR [27/50] LR=0.0001250 ACC=58.143 F1=65.582 Rec=77.524 Prec=61.317 UNK=0.000 OS*=93.029 HOS=0.000 AUROC=35.166 AUPR=37.943 OSCR=33.900
Test-Close [27/50] LR=0.0001250 loss=1.857 ACC=93.029 F1=93.008 Rec=93.029 Prec=93.334
Train Client0 [28/50] LR=0.0001250 loss=0.486 ACC=91.918 F1=90.014 Rec=89.292 Prec=91.010
Train Client1 [28/50] LR=0.0001250 loss=0.284 ACC=95.334 F1=88.868 Rec=87.548 Prec=90.669
Train Client2 [28/50] LR=0.0001250 loss=0.164 ACC=96.863 F1=91.287 Rec=91.970 Prec=90.712
Train Client3 [28/50] LR=0.0001250 loss=0.528 ACC=89.015 F1=82.631 Rec=86.425 Prec=80.310
Train Client4 [28/50] LR=0.0001250 loss=0.169 ACC=96.799 F1=77.094 Rec=78.762 Prec=76.071
Train Client5 [28/50] LR=0.0001250 loss=0.447 ACC=92.054 F1=82.308 Rec=88.470 Prec=80.007
Train Client6 [28/50] LR=0.0001250 loss=0.324 ACC=93.611 F1=85.726 Rec=82.760 Prec=90.764
Train Client7 [28/50] LR=0.0001250 loss=0.354 ACC=92.955 F1=75.014 Rec=75.627 Prec=74.492

Val    [28/50] LR=0.0001250 loss=1.866 ACC=91.657 F1=91.637 Rec=91.657 Prec=92.127

Test-  OSR [28/50] LR=0.0001250 ACC=57.857 F1=65.362 Rec=77.143 Prec=61.319 UNK=0.000 OS*=92.571 HOS=0.000 AUROC=34.803 AUPR=38.270 OSCR=33.462
Test-Close [28/50] LR=0.0001250 loss=1.864 ACC=92.571 F1=92.552 Rec=92.571 Prec=92.916
Train Client0 [29/50] LR=0.0001250 loss=0.468 ACC=91.918 F1=89.933 Rec=88.980 Prec=91.024
Train Client1 [29/50] LR=0.0001250 loss=0.295 ACC=95.125 F1=89.324 Rec=88.090 Prec=91.062
Train Client2 [29/50] LR=0.0001250 loss=0.160 ACC=96.721 F1=90.663 Rec=92.052 Prec=89.524
Train Client3 [29/50] LR=0.0001250 loss=0.523 ACC=90.341 F1=85.088 Rec=90.397 Prec=82.155
Train Client4 [29/50] LR=0.0001250 loss=0.147 ACC=97.713 F1=84.571 Rec=84.667 Prec=84.476
Train Client5 [29/50] LR=0.0001250 loss=0.442 ACC=90.804 F1=77.815 Rec=82.744 Prec=76.562
Train Client6 [29/50] LR=0.0001250 loss=0.335 ACC=94.167 F1=90.411 Rec=91.922 Prec=89.215
Train Client7 [29/50] LR=0.0001250 loss=0.349 ACC=93.864 F1=75.649 Rec=76.034 Prec=75.343

Val    [29/50] LR=0.0001250 loss=1.872 ACC=91.143 F1=91.054 Rec=91.143 Prec=91.636

Test-  OSR [29/50] LR=0.0001250 ACC=57.750 F1=66.351 Rec=77.000 Prec=63.594 UNK=0.000 OS*=92.400 HOS=0.000 AUROC=30.157 AUPR=31.234 OSCR=29.343
Test-Close [29/50] LR=0.0001250 loss=1.866 ACC=92.400 F1=92.341 Rec=92.400 Prec=92.784
Train Client0 [30/50] LR=0.0001250 loss=0.439 ACC=92.080 F1=90.455 Rec=89.621 Prec=91.446
Train Client1 [30/50] LR=0.0001250 loss=0.291 ACC=94.533 F1=88.396 Rec=88.122 Prec=88.728
Train Client2 [30/50] LR=0.0001250 loss=0.151 ACC=97.148 F1=92.250 Rec=93.705 Prec=91.031
Train Client3 [30/50] LR=0.0001250 loss=0.533 ACC=89.394 F1=78.887 Rec=79.993 Prec=77.988
Train Client4 [30/50] LR=0.0001250 loss=0.126 ACC=97.790 F1=83.728 Rec=86.712 Prec=82.049
Train Client5 [30/50] LR=0.0001250 loss=0.520 ACC=90.089 F1=72.665 Rec=72.488 Prec=72.907
Train Client6 [30/50] LR=0.0001250 loss=0.339 ACC=95.278 F1=89.630 Rec=89.753 Prec=89.738
Train Client7 [30/50] LR=0.0001250 loss=0.320 ACC=94.167 F1=80.353 Rec=96.440 Prec=78.014

Val    [30/50] LR=0.0001250 loss=1.887 ACC=91.086 F1=90.952 Rec=91.086 Prec=91.821

Test-  OSR [30/50] LR=0.0001250 ACC=57.429 F1=66.231 Rec=76.571 Prec=64.171 UNK=0.000 OS*=91.886 HOS=0.000 AUROC=24.751 AUPR=27.114 OSCR=24.291
Test-Close [30/50] LR=0.0001250 loss=1.879 ACC=91.886 F1=91.766 Rec=91.886 Prec=92.573
Saving model at epoch 30 . . . . . . . .

Train Client0 [31/50] LR=0.0001250 loss=0.427 ACC=92.726 F1=91.143 Rec=90.242 Prec=92.191
Train Client1 [31/50] LR=0.0001250 loss=0.277 ACC=95.230 F1=91.405 Rec=90.609 Prec=92.356
Train Client2 [31/50] LR=0.0001250 loss=0.193 ACC=96.625 F1=90.437 Rec=91.741 Prec=89.248
Train Client3 [31/50] LR=0.0001250 loss=0.548 ACC=90.341 F1=85.255 Rec=86.988 Prec=83.862
Train Client4 [31/50] LR=0.0001250 loss=0.115 ACC=97.942 F1=84.833 Rec=87.370 Prec=82.947
Train Client5 [31/50] LR=0.0001250 loss=0.424 ACC=91.786 F1=84.601 Rec=88.659 Prec=82.340
Train Client6 [31/50] LR=0.0001250 loss=0.310 ACC=94.167 F1=85.760 Rec=85.269 Prec=86.744
Train Client7 [31/50] LR=0.0001250 loss=0.325 ACC=94.167 F1=76.059 Rec=76.475 Prec=75.686

Val    [31/50] LR=0.0001250 loss=1.876 ACC=91.200 F1=91.107 Rec=91.200 Prec=91.771

Test-  OSR [31/50] LR=0.0001250 ACC=57.750 F1=65.856 Rec=77.000 Prec=62.736 UNK=0.000 OS*=92.400 HOS=0.000 AUROC=32.143 AUPR=34.910 OSCR=31.040
Test-Close [31/50] LR=0.0001250 loss=1.866 ACC=92.400 F1=92.324 Rec=92.400 Prec=92.889
Train Client0 [32/50] LR=0.0001250 loss=0.436 ACC=92.619 F1=91.010 Rec=90.209 Prec=91.912
Train Client1 [32/50] LR=0.0001250 loss=0.283 ACC=94.777 F1=88.853 Rec=87.734 Prec=90.350
Train Client2 [32/50] LR=0.0001250 loss=0.151 ACC=96.863 F1=90.602 Rec=91.477 Prec=89.827
Train Client3 [32/50] LR=0.0001250 loss=0.571 ACC=88.258 F1=80.556 Rec=84.007 Prec=78.416
Train Client4 [32/50] LR=0.0001250 loss=0.123 ACC=97.637 F1=84.426 Rec=84.850 Prec=84.329
Train Client5 [32/50] LR=0.0001250 loss=0.440 ACC=91.071 F1=82.154 Rec=87.994 Prec=79.546
Train Client6 [32/50] LR=0.0001250 loss=0.376 ACC=93.889 F1=85.230 Rec=87.123 Prec=84.145
Train Client7 [32/50] LR=0.0001250 loss=0.322 ACC=94.015 F1=75.557 Rec=75.805 Prec=75.354

Val    [32/50] LR=0.0001250 loss=1.891 ACC=91.086 F1=90.989 Rec=91.086 Prec=92.033

Test-  OSR [32/50] LR=0.0001250 ACC=57.286 F1=64.671 Rec=76.381 Prec=61.237 UNK=0.000 OS*=91.657 HOS=0.000 AUROC=35.003 AUPR=39.017 OSCR=33.464
Test-Close [32/50] LR=0.0001250 loss=1.876 ACC=91.657 F1=91.581 Rec=91.657 Prec=92.295
Train Client0 [33/50] LR=0.0001250 loss=0.445 ACC=92.565 F1=91.058 Rec=90.131 Prec=92.180
Train Client1 [33/50] LR=0.0001250 loss=0.270 ACC=95.299 F1=89.533 Rec=88.847 Prec=90.433
Train Client2 [33/50] LR=0.0001250 loss=0.155 ACC=96.911 F1=91.066 Rec=91.995 Prec=90.240
Train Client3 [33/50] LR=0.0001250 loss=0.492 ACC=89.773 F1=83.267 Rec=84.834 Prec=81.984
Train Client4 [33/50] LR=0.0001250 loss=0.144 ACC=97.561 F1=82.726 Rec=84.655 Prec=81.903
Train Client5 [33/50] LR=0.0001250 loss=0.436 ACC=92.054 F1=81.509 Rec=88.298 Prec=79.187
Train Client6 [33/50] LR=0.0001250 loss=0.368 ACC=93.056 F1=85.956 Rec=86.540 Prec=85.431
Train Client7 [33/50] LR=0.0001250 loss=0.309 ACC=94.318 F1=76.027 Rec=76.586 Prec=75.539

Val    [33/50] LR=0.0001250 loss=1.880 ACC=91.143 F1=91.032 Rec=91.143 Prec=91.761

Test-  OSR [33/50] LR=0.0001250 ACC=57.607 F1=65.833 Rec=76.810 Prec=62.917 UNK=0.000 OS*=92.171 HOS=0.000 AUROC=30.104 AUPR=33.297 OSCR=29.129
Test-Close [33/50] LR=0.0001250 loss=1.868 ACC=92.171 F1=92.085 Rec=92.171 Prec=92.686
Train Client0 [34/50] LR=0.0001250 loss=0.430 ACC=92.565 F1=90.877 Rec=90.089 Prec=91.806
Train Client1 [34/50] LR=0.0001250 loss=0.273 ACC=95.787 F1=90.986 Rec=89.989 Prec=92.215
Train Client2 [34/50] LR=0.0001250 loss=0.161 ACC=97.006 F1=91.367 Rec=91.820 Prec=90.974
Train Client3 [34/50] LR=0.0001250 loss=0.464 ACC=91.667 F1=86.446 Rec=87.880 Prec=85.224
Train Client4 [34/50] LR=0.0001250 loss=0.116 ACC=98.247 F1=87.501 Rec=86.573 Prec=88.723
Train Client5 [34/50] LR=0.0001250 loss=0.394 ACC=92.054 F1=78.239 Rec=79.219 Prec=77.428
Train Client6 [34/50] LR=0.0001250 loss=0.329 ACC=94.444 F1=88.062 Rec=87.606 Prec=90.936
Train Client7 [34/50] LR=0.0001250 loss=0.315 ACC=95.076 F1=76.559 Rec=76.908 Prec=76.275

Val    [34/50] LR=0.0001250 loss=1.886 ACC=90.686 F1=90.590 Rec=90.686 Prec=91.404

Test-  OSR [34/50] LR=0.0001250 ACC=57.393 F1=65.459 Rec=76.524 Prec=62.531 UNK=0.000 OS*=91.829 HOS=0.000 AUROC=30.909 AUPR=33.093 OSCR=29.911
Test-Close [34/50] LR=0.0001250 loss=1.871 ACC=91.829 F1=91.770 Rec=91.829 Prec=92.447
>> New learning Rate: 6.25e-05
Train Client0 [35/50] LR=0.0000625 loss=0.372 ACC=93.696 F1=92.152 Rec=91.382 Prec=93.010
Train Client1 [35/50] LR=0.0000625 loss=0.234 ACC=95.996 F1=93.167 Rec=92.264 Prec=94.246
Train Client2 [35/50] LR=0.0000625 loss=0.120 ACC=97.529 F1=93.320 Rec=95.022 Prec=92.029
Train Client3 [35/50] LR=0.0000625 loss=0.520 ACC=90.341 F1=85.083 Rec=93.451 Prec=81.511
Train Client4 [35/50] LR=0.0000625 loss=0.106 ACC=97.713 F1=88.501 Rec=93.577 Prec=84.532
Train Client5 [35/50] LR=0.0000625 loss=0.406 ACC=91.607 F1=79.426 Rec=88.082 Prec=77.525
Train Client6 [35/50] LR=0.0000625 loss=0.320 ACC=93.056 F1=82.410 Rec=84.839 Prec=80.318
Train Client7 [35/50] LR=0.0000625 loss=0.313 ACC=93.939 F1=75.761 Rec=76.349 Prec=75.282

Val    [35/50] LR=0.0000625 loss=1.868 ACC=91.371 F1=91.298 Rec=91.371 Prec=91.734

Test-  OSR [35/50] LR=0.0000625 ACC=57.893 F1=65.840 Rec=77.190 Prec=62.448 UNK=0.000 OS*=92.629 HOS=0.000 AUROC=31.775 AUPR=35.473 OSCR=30.699
Test-Close [35/50] LR=0.0000625 loss=1.856 ACC=92.629 F1=92.572 Rec=92.629 Prec=93.039
Saving model at epoch 35 . . . . . . . .

Train Client0 [36/50] LR=0.0000625 loss=0.363 ACC=93.588 F1=92.178 Rec=91.547 Prec=92.928
Train Client1 [36/50] LR=0.0000625 loss=0.241 ACC=96.100 F1=91.766 Rec=91.427 Prec=92.169
Train Client2 [36/50] LR=0.0000625 loss=0.126 ACC=97.291 F1=92.770 Rec=94.392 Prec=91.382
Train Client3 [36/50] LR=0.0000625 loss=0.476 ACC=90.909 F1=85.351 Rec=94.297 Prec=81.774
Train Client4 [36/50] LR=0.0000625 loss=0.150 ACC=97.180 F1=81.803 Rec=86.317 Prec=78.663
Train Client5 [36/50] LR=0.0000625 loss=0.399 ACC=91.071 F1=79.189 Rec=87.485 Prec=77.269
Train Client6 [36/50] LR=0.0000625 loss=0.280 ACC=93.611 F1=83.942 Rec=85.653 Prec=82.492
Train Client7 [36/50] LR=0.0000625 loss=0.307 ACC=93.712 F1=75.769 Rec=76.219 Prec=75.395

Val    [36/50] LR=0.0000625 loss=1.878 ACC=91.200 F1=91.078 Rec=91.200 Prec=91.792

Test-  OSR [36/50] LR=0.0000625 ACC=57.393 F1=64.913 Rec=76.524 Prec=61.453 UNK=0.000 OS*=91.829 HOS=0.000 AUROC=33.140 AUPR=36.415 OSCR=31.843
Test-Close [36/50] LR=0.0000625 loss=1.867 ACC=91.829 F1=91.738 Rec=91.829 Prec=92.342
Train Client0 [37/50] LR=0.0000625 loss=0.400 ACC=92.295 F1=90.782 Rec=90.181 Prec=91.468
Train Client1 [37/50] LR=0.0000625 loss=0.238 ACC=95.822 F1=90.071 Rec=89.559 Prec=90.682
Train Client2 [37/50] LR=0.0000625 loss=0.140 ACC=96.911 F1=91.608 Rec=93.261 Prec=90.265
Train Client3 [37/50] LR=0.0000625 loss=0.446 ACC=91.098 F1=85.217 Rec=91.312 Prec=82.131
Train Client4 [37/50] LR=0.0000625 loss=0.123 ACC=97.561 F1=81.206 Rec=86.405 Prec=78.561
Train Client5 [37/50] LR=0.0000625 loss=0.366 ACC=92.321 F1=82.023 Rec=88.926 Prec=79.578
Train Client6 [37/50] LR=0.0000625 loss=0.257 ACC=94.722 F1=84.552 Rec=87.094 Prec=82.361
Train Client7 [37/50] LR=0.0000625 loss=0.309 ACC=93.788 F1=76.060 Rec=76.431 Prec=75.796

Val    [37/50] LR=0.0000625 loss=1.855 ACC=91.943 F1=91.893 Rec=91.943 Prec=92.099

Test-  OSR [37/50] LR=0.0000625 ACC=57.929 F1=64.560 Rec=77.238 Prec=59.574 UNK=0.000 OS*=92.686 HOS=0.000 AUROC=37.345 AUPR=43.655 OSCR=35.740
Test-Close [37/50] LR=0.0000625 loss=1.850 ACC=92.686 F1=92.646 Rec=92.686 Prec=92.896
Train Client0 [38/50] LR=0.0000625 loss=0.379 ACC=93.534 F1=92.178 Rec=91.386 Prec=93.078
Train Client1 [38/50] LR=0.0000625 loss=0.230 ACC=95.787 F1=89.703 Rec=89.580 Prec=89.854
Train Client2 [38/50] LR=0.0000625 loss=0.122 ACC=97.433 F1=92.436 Rec=93.200 Prec=91.712
Train Client3 [38/50] LR=0.0000625 loss=0.497 ACC=89.394 F1=82.749 Rec=89.008 Prec=79.893
Train Client4 [38/50] LR=0.0000625 loss=0.114 ACC=97.409 F1=82.947 Rec=86.600 Prec=80.467
Train Client5 [38/50] LR=0.0000625 loss=0.411 ACC=91.786 F1=82.282 Rec=88.309 Prec=80.127
Train Client6 [38/50] LR=0.0000625 loss=0.352 ACC=91.944 F1=78.160 Rec=80.617 Prec=76.160
Train Client7 [38/50] LR=0.0000625 loss=0.312 ACC=94.470 F1=76.432 Rec=76.987 Prec=75.927

Val    [38/50] LR=0.0000625 loss=1.869 ACC=91.371 F1=91.303 Rec=91.371 Prec=91.935

Test-  OSR [38/50] LR=0.0000625 ACC=57.893 F1=65.414 Rec=77.190 Prec=61.626 UNK=0.000 OS*=92.629 HOS=0.000 AUROC=34.748 AUPR=39.840 OSCR=33.367
Test-Close [38/50] LR=0.0000625 loss=1.860 ACC=92.629 F1=92.595 Rec=92.629 Prec=93.104
Train Client0 [39/50] LR=0.0000625 loss=0.370 ACC=93.642 F1=92.289 Rec=91.668 Prec=92.972
Train Client1 [39/50] LR=0.0000625 loss=0.222 ACC=96.135 F1=91.125 Rec=90.374 Prec=92.020
Train Client2 [39/50] LR=0.0000625 loss=0.122 ACC=97.909 F1=93.624 Rec=94.470 Prec=92.946
Train Client3 [39/50] LR=0.0000625 loss=0.455 ACC=90.909 F1=84.974 Rec=90.898 Prec=81.982
Train Client4 [39/50] LR=0.0000625 loss=0.114 ACC=97.942 F1=86.950 Rec=87.428 Prec=86.643
Train Client5 [39/50] LR=0.0000625 loss=0.376 ACC=91.607 F1=78.440 Rec=82.645 Prec=77.245
Train Client6 [39/50] LR=0.0000625 loss=0.311 ACC=93.889 F1=89.796 Rec=91.579 Prec=88.316
Train Client7 [39/50] LR=0.0000625 loss=0.306 ACC=94.394 F1=76.510 Rec=76.932 Prec=76.166

Val    [39/50] LR=0.0000625 loss=1.874 ACC=91.257 F1=91.166 Rec=91.257 Prec=91.913

Test-  OSR [39/50] LR=0.0000625 ACC=57.536 F1=65.605 Rec=76.714 Prec=62.670 UNK=0.000 OS*=92.057 HOS=0.000 AUROC=30.575 AUPR=34.384 OSCR=29.517
Test-Close [39/50] LR=0.0000625 loss=1.865 ACC=92.057 F1=91.976 Rec=92.057 Prec=92.634
Train Client0 [40/50] LR=0.0000625 loss=0.372 ACC=93.966 F1=92.754 Rec=91.975 Prec=93.668
Train Client1 [40/50] LR=0.0000625 loss=0.213 ACC=96.483 F1=92.689 Rec=92.615 Prec=92.781
Train Client2 [40/50] LR=0.0000625 loss=0.122 ACC=97.481 F1=92.906 Rec=93.382 Prec=92.459
Train Client3 [40/50] LR=0.0000625 loss=0.504 ACC=90.909 F1=86.796 Rec=90.703 Prec=84.168
Train Client4 [40/50] LR=0.0000625 loss=0.126 ACC=97.332 F1=84.950 Rec=90.297 Prec=80.987
Train Client5 [40/50] LR=0.0000625 loss=0.374 ACC=91.875 F1=78.141 Rec=83.056 Prec=77.236
Train Client6 [40/50] LR=0.0000625 loss=0.342 ACC=93.333 F1=80.264 Rec=80.478 Prec=80.436
Train Client7 [40/50] LR=0.0000625 loss=0.282 ACC=94.773 F1=76.570 Rec=76.628 Prec=76.623

Val    [40/50] LR=0.0000625 loss=1.879 ACC=91.200 F1=91.077 Rec=91.200 Prec=91.901

Test-  OSR [40/50] LR=0.0000625 ACC=57.500 F1=65.600 Rec=76.667 Prec=62.639 UNK=0.000 OS*=92.000 HOS=0.000 AUROC=31.216 AUPR=33.770 OSCR=30.154
Test-Close [40/50] LR=0.0000625 loss=1.867 ACC=92.000 F1=91.922 Rec=92.000 Prec=92.491
Saving model at epoch 40 . . . . . . . .

Train Client0 [41/50] LR=0.0000625 loss=0.367 ACC=93.696 F1=92.414 Rec=91.697 Prec=93.231
Train Client1 [41/50] LR=0.0000625 loss=0.222 ACC=96.240 F1=91.932 Rec=90.965 Prec=93.132
Train Client2 [41/50] LR=0.0000625 loss=0.126 ACC=97.529 F1=92.909 Rec=94.179 Prec=91.799
Train Client3 [41/50] LR=0.0000625 loss=0.449 ACC=90.909 F1=85.421 Rec=90.680 Prec=82.510
Train Client4 [41/50] LR=0.0000625 loss=0.093 ACC=98.323 F1=87.107 Rec=91.029 Prec=84.319
Train Client5 [41/50] LR=0.0000625 loss=0.364 ACC=92.589 F1=80.953 Rec=84.086 Prec=79.499
Train Client6 [41/50] LR=0.0000625 loss=0.329 ACC=95.000 F1=91.495 Rec=94.272 Prec=89.117
Train Client7 [41/50] LR=0.0000625 loss=0.299 ACC=94.697 F1=76.792 Rec=77.613 Prec=76.085

Val    [41/50] LR=0.0000625 loss=1.882 ACC=91.029 F1=90.913 Rec=91.029 Prec=91.848

Test-  OSR [41/50] LR=0.0000625 ACC=57.429 F1=65.338 Rec=76.571 Prec=62.426 UNK=0.000 OS*=91.886 HOS=0.000 AUROC=32.730 AUPR=34.742 OSCR=31.556
Test-Close [41/50] LR=0.0000625 loss=1.872 ACC=91.886 F1=91.784 Rec=91.886 Prec=92.518
Train Client0 [42/50] LR=0.0000625 loss=0.314 ACC=94.666 F1=93.607 Rec=92.785 Prec=94.529
Train Client1 [42/50] LR=0.0000625 loss=0.200 ACC=96.971 F1=93.539 Rec=93.687 Prec=93.401
Train Client2 [42/50] LR=0.0000625 loss=0.123 ACC=97.529 F1=93.309 Rec=94.178 Prec=92.485
Train Client3 [42/50] LR=0.0000625 loss=0.479 ACC=90.720 F1=84.231 Rec=87.394 Prec=82.100
Train Client4 [42/50] LR=0.0000625 loss=0.120 ACC=97.713 F1=85.788 Rec=89.110 Prec=82.998
Train Client5 [42/50] LR=0.0000625 loss=0.346 ACC=93.125 F1=82.148 Rec=89.362 Prec=79.943
Train Client6 [42/50] LR=0.0000625 loss=0.296 ACC=95.000 F1=90.510 Rec=89.012 Prec=92.460
Train Client7 [42/50] LR=0.0000625 loss=0.283 ACC=94.318 F1=79.575 Rec=96.743 Prec=77.634

Val    [42/50] LR=0.0000625 loss=1.877 ACC=91.257 F1=91.153 Rec=91.257 Prec=91.867

Test-  OSR [42/50] LR=0.0000625 ACC=57.571 F1=65.327 Rec=76.762 Prec=62.143 UNK=0.000 OS*=92.114 HOS=0.000 AUROC=32.953 AUPR=35.832 OSCR=31.765
Test-Close [42/50] LR=0.0000625 loss=1.866 ACC=92.114 F1=92.006 Rec=92.114 Prec=92.681
Train Client0 [43/50] LR=0.0000625 loss=0.377 ACC=93.481 F1=92.156 Rec=91.403 Prec=92.992
Train Client1 [43/50] LR=0.0000625 loss=0.226 ACC=96.657 F1=92.265 Rec=91.318 Prec=93.438
Train Client2 [43/50] LR=0.0000625 loss=0.108 ACC=97.624 F1=92.856 Rec=94.282 Prec=91.578
Train Client3 [43/50] LR=0.0000625 loss=0.390 ACC=90.909 F1=85.233 Rec=93.580 Prec=81.673
Train Client4 [43/50] LR=0.0000625 loss=0.102 ACC=97.790 F1=83.903 Rec=89.803 Prec=80.226
Train Client5 [43/50] LR=0.0000625 loss=0.362 ACC=91.607 F1=81.302 Rec=92.560 Prec=79.099
Train Client6 [43/50] LR=0.0000625 loss=0.282 ACC=95.833 F1=89.375 Rec=89.649 Prec=89.112
Train Client7 [43/50] LR=0.0000625 loss=0.271 ACC=95.303 F1=76.960 Rec=77.196 Prec=76.772

Val    [43/50] LR=0.0000625 loss=1.861 ACC=91.714 F1=91.653 Rec=91.714 Prec=92.178

Test-  OSR [43/50] LR=0.0000625 ACC=57.964 F1=66.224 Rec=77.286 Prec=63.032 UNK=0.000 OS*=92.743 HOS=0.000 AUROC=32.271 AUPR=34.522 OSCR=31.285
Test-Close [43/50] LR=0.0000625 loss=1.853 ACC=92.743 F1=92.710 Rec=92.743 Prec=93.080
Train Client0 [44/50] LR=0.0000625 loss=0.375 ACC=93.696 F1=92.466 Rec=91.701 Prec=93.357
Train Client1 [44/50] LR=0.0000625 loss=0.228 ACC=96.031 F1=91.857 Rec=91.324 Prec=92.491
Train Client2 [44/50] LR=0.0000625 loss=0.110 ACC=97.671 F1=93.009 Rec=93.463 Prec=92.601
Train Client3 [44/50] LR=0.0000625 loss=0.446 ACC=91.477 F1=87.222 Rec=90.845 Prec=84.777
Train Client4 [44/50] LR=0.0000625 loss=0.097 ACC=98.095 F1=85.973 Rec=91.244 Prec=82.557
Train Client5 [44/50] LR=0.0000625 loss=0.352 ACC=92.857 F1=82.167 Rec=89.522 Prec=79.816
Train Client6 [44/50] LR=0.0000625 loss=0.288 ACC=94.167 F1=84.387 Rec=86.199 Prec=82.910
Train Client7 [44/50] LR=0.0000625 loss=0.268 ACC=95.000 F1=76.899 Rec=77.681 Prec=76.188

Val    [44/50] LR=0.0000625 loss=1.854 ACC=92.000 F1=91.960 Rec=92.000 Prec=92.205

Test-  OSR [44/50] LR=0.0000625 ACC=58.179 F1=66.187 Rec=77.571 Prec=62.508 UNK=0.000 OS*=93.086 HOS=0.000 AUROC=33.035 AUPR=35.981 OSCR=32.013
Test-Close [44/50] LR=0.0000625 loss=1.848 ACC=93.086 F1=93.065 Rec=93.086 Prec=93.301
Train Client0 [45/50] LR=0.0000625 loss=0.369 ACC=93.481 F1=92.283 Rec=91.297 Prec=93.413
Train Client1 [45/50] LR=0.0000625 loss=0.220 ACC=96.379 F1=92.375 Rec=91.717 Prec=93.202
Train Client2 [45/50] LR=0.0000625 loss=0.119 ACC=97.719 F1=93.576 Rec=94.014 Prec=93.205
Train Client3 [45/50] LR=0.0000625 loss=0.453 ACC=89.773 F1=84.934 Rec=93.134 Prec=81.433
Train Client4 [45/50] LR=0.0000625 loss=0.102 ACC=97.485 F1=81.775 Rec=85.463 Prec=78.962
Train Client5 [45/50] LR=0.0000625 loss=0.342 ACC=93.036 F1=83.179 Rec=94.169 Prec=80.702
Train Client6 [45/50] LR=0.0000625 loss=0.224 ACC=95.278 F1=89.018 Rec=88.460 Prec=91.992
Train Client7 [45/50] LR=0.0000625 loss=0.301 ACC=94.091 F1=79.577 Rec=96.452 Prec=77.503

Val    [45/50] LR=0.0000625 loss=1.858 ACC=91.886 F1=91.825 Rec=91.886 Prec=92.289

Test-  OSR [45/50] LR=0.0000625 ACC=57.857 F1=65.933 Rec=77.143 Prec=62.531 UNK=0.000 OS*=92.571 HOS=0.000 AUROC=33.865 AUPR=36.670 OSCR=32.761
Test-Close [45/50] LR=0.0000625 loss=1.853 ACC=92.571 F1=92.536 Rec=92.571 Prec=92.872
Saving model at epoch 45 . . . . . . . .

Train Client0 [46/50] LR=0.0000625 loss=0.327 ACC=94.235 F1=92.947 Rec=91.940 Prec=94.136
Train Client1 [46/50] LR=0.0000625 loss=0.215 ACC=96.274 F1=91.275 Rec=91.089 Prec=91.489
Train Client2 [46/50] LR=0.0000625 loss=0.099 ACC=98.289 F1=94.489 Rec=94.967 Prec=94.041
Train Client3 [46/50] LR=0.0000625 loss=0.480 ACC=90.341 F1=82.933 Rec=86.834 Prec=80.838
Train Client4 [46/50] LR=0.0000625 loss=0.094 ACC=98.018 F1=84.862 Rec=89.017 Prec=82.781
Train Client5 [46/50] LR=0.0000625 loss=0.391 ACC=92.321 F1=81.366 Rec=87.950 Prec=79.253
Train Client6 [46/50] LR=0.0000625 loss=0.233 ACC=96.111 F1=91.572 Rec=94.590 Prec=89.516
Train Client7 [46/50] LR=0.0000625 loss=0.303 ACC=94.242 F1=80.935 Rec=96.202 Prec=78.558

Val    [46/50] LR=0.0000625 loss=1.861 ACC=91.771 F1=91.714 Rec=91.771 Prec=92.190

Test-  OSR [46/50] LR=0.0000625 ACC=57.857 F1=65.963 Rec=77.143 Prec=62.635 UNK=0.000 OS*=92.571 HOS=0.000 AUROC=32.822 AUPR=35.560 OSCR=31.739
Test-Close [46/50] LR=0.0000625 loss=1.857 ACC=92.571 F1=92.534 Rec=92.571 Prec=92.895
>> New learning Rate: 3.125e-05
Train Client0 [47/50] LR=0.0000313 loss=0.334 ACC=93.966 F1=92.576 Rec=92.067 Prec=93.176
Train Client1 [47/50] LR=0.0000313 loss=0.203 ACC=96.588 F1=92.239 Rec=92.839 Prec=91.668
Train Client2 [47/50] LR=0.0000313 loss=0.118 ACC=97.861 F1=93.618 Rec=95.179 Prec=92.411
Train Client3 [47/50] LR=0.0000313 loss=0.495 ACC=89.394 F1=82.095 Rec=90.196 Prec=79.072
Train Client4 [47/50] LR=0.0000313 loss=0.126 ACC=97.561 F1=84.258 Rec=91.509 Prec=79.955
Train Client5 [47/50] LR=0.0000313 loss=0.352 ACC=91.964 F1=78.895 Rec=88.448 Prec=77.618
Train Client6 [47/50] LR=0.0000313 loss=0.358 ACC=92.778 F1=81.149 Rec=83.436 Prec=79.252
Train Client7 [47/50] LR=0.0000313 loss=0.289 ACC=94.621 F1=79.006 Rec=96.882 Prec=77.283

Val    [47/50] LR=0.0000313 loss=1.864 ACC=91.829 F1=91.753 Rec=91.829 Prec=92.221

Test-  OSR [47/50] LR=0.0000313 ACC=57.821 F1=65.804 Rec=77.095 Prec=62.437 UNK=0.000 OS*=92.514 HOS=0.000 AUROC=33.076 AUPR=36.462 OSCR=31.922
Test-Close [47/50] LR=0.0000313 loss=1.859 ACC=92.514 F1=92.453 Rec=92.514 Prec=92.854
Train Client0 [48/50] LR=0.0000313 loss=0.325 ACC=93.966 F1=92.600 Rec=91.802 Prec=93.511
Train Client1 [48/50] LR=0.0000313 loss=0.214 ACC=96.135 F1=91.350 Rec=91.888 Prec=90.839
Train Client2 [48/50] LR=0.0000313 loss=0.108 ACC=98.099 F1=94.326 Rec=95.211 Prec=93.580
Train Client3 [48/50] LR=0.0000313 loss=0.425 ACC=93.182 F1=88.672 Rec=95.870 Prec=85.029
Train Client4 [48/50] LR=0.0000313 loss=0.124 ACC=97.027 F1=81.708 Rec=88.477 Prec=77.614
Train Client5 [48/50] LR=0.0000313 loss=0.327 ACC=93.304 F1=81.111 Rec=89.606 Prec=79.002
Train Client6 [48/50] LR=0.0000313 loss=0.281 ACC=95.000 F1=89.318 Rec=90.311 Prec=88.409
Train Client7 [48/50] LR=0.0000313 loss=0.295 ACC=94.470 F1=76.318 Rec=77.181 Prec=75.552

Val    [48/50] LR=0.0000313 loss=1.862 ACC=91.600 F1=91.516 Rec=91.600 Prec=92.010

Test-  OSR [48/50] LR=0.0000313 ACC=57.607 F1=65.918 Rec=76.810 Prec=63.036 UNK=0.000 OS*=92.171 HOS=0.000 AUROC=30.282 AUPR=32.744 OSCR=29.359
Test-Close [48/50] LR=0.0000313 loss=1.860 ACC=92.171 F1=92.097 Rec=92.171 Prec=92.583
Train Client0 [49/50] LR=0.0000313 loss=0.338 ACC=94.127 F1=93.171 Rec=92.532 Prec=93.872
Train Client1 [49/50] LR=0.0000313 loss=0.212 ACC=96.379 F1=92.186 Rec=93.120 Prec=91.334
Train Client2 [49/50] LR=0.0000313 loss=0.107 ACC=97.671 F1=92.934 Rec=93.757 Prec=92.187
Train Client3 [49/50] LR=0.0000313 loss=0.450 ACC=91.477 F1=86.949 Rec=94.596 Prec=83.398
Train Client4 [49/50] LR=0.0000313 loss=0.099 ACC=97.561 F1=84.522 Rec=92.429 Prec=79.911
Train Client5 [49/50] LR=0.0000313 loss=0.332 ACC=92.500 F1=78.436 Rec=84.065 Prec=77.313
Train Client6 [49/50] LR=0.0000313 loss=0.284 ACC=94.167 F1=90.336 Rec=90.792 Prec=90.675
Train Client7 [49/50] LR=0.0000313 loss=0.304 ACC=94.394 F1=76.808 Rec=77.300 Prec=76.432

Val    [49/50] LR=0.0000313 loss=1.858 ACC=91.657 F1=91.593 Rec=91.657 Prec=92.032

Test-  OSR [49/50] LR=0.0000313 ACC=57.929 F1=65.829 Rec=77.238 Prec=62.275 UNK=0.000 OS*=92.686 HOS=0.000 AUROC=33.041 AUPR=36.335 OSCR=31.925
Test-Close [49/50] LR=0.0000313 loss=1.855 ACC=92.686 F1=92.645 Rec=92.686 Prec=92.993
------>Best performance (by OSCR)--->>>>>>>

Test-  OSR [1/50] LR=0.0005000 ACC=32.071 F1=31.132 Rec=42.762 Prec=50.332 UNK=0.000 OS*=51.314 HOS=0.000 AUROC=73.344 AUPR=58.770 OSCR=40.963
Test-Close [1/50] LR=0.0005000 loss=2.869 ACC=51.314 F1=47.012 Rec=51.314 Prec=78.198
=====================================================================================================================================
The ending time ：2026-06-20 10:57:45
