Logging to: ./logs/RetinalOCT_Finetune_K5_U3_seed0_20260619_143642.log
==> Preparing data..
Protocol mode: easy
Fixed known classes: ['CNV', 'DME', 'DR', 'DRUSEN', 'NORMAL']
Fixed unknown classes: ['AMD', 'CSR', 'MH']
Known class list: [1 3 4 5 7] Unknown class list [0 2 6]
Total images — Train: 18400, Val: 2800, Test: 2800
{1: 0, 3: 1, 4: 2, 5: 3, 7: 4} {0: 5, 2: 6, 6: 7}
Known origin: [1 3 4 5 7] , new: [0 1 2 3 4]
Unknown origin: [0 2 6] , new: [5 6 7]
Known/Unknown in Train: 11500/6900
Known/Unknown in Val:   1750/1050
Known/Unknown in Test:  1750/1050
Client0 sample num: 1861
Client1 sample num: 2876
Client2 sample num: 2109
Client3 sample num: 533
Client4 sample num: 1312
Client5 sample num: 1125
Client6 sample num: 362
Client7 sample num: 1322

>>> Setting up
==> Using device: cuda:0
==> Building [Resnet18] model..
154
154
154
154
154
154
154
154
154
154
154
154
154
154
154
154
154
154
Train Client0 [0/30] LR=0.0001000 loss=12.036 ACC=70.797 F1=49.807 Rec=48.877 Prec=52.686
Train Client1 [0/30] LR=0.0001000 loss=8.354 ACC=76.462 F1=56.011 Rec=53.644 Prec=59.399
Train Client2 [0/30] LR=0.0001000 loss=10.923 ACC=76.283 F1=44.679 Rec=45.027 Prec=50.356
Train Client3 [0/30] LR=0.0001000 loss=24.048 ACC=42.045 F1=36.500 Rec=38.508 Prec=39.747
Train Client4 [0/30] LR=0.0001000 loss=13.828 ACC=78.963 F1=40.434 Rec=38.785 Prec=44.830
Train Client5 [0/30] LR=0.0001000 loss=18.345 ACC=56.786 F1=43.101 Rec=44.141 Prec=43.783
Train Client6 [0/30] LR=0.0001000 loss=24.185 ACC=66.944 F1=30.304 Rec=30.510 Prec=32.528
Train Client7 [0/30] LR=0.0001000 loss=15.952 ACC=71.742 F1=41.669 Rec=45.110 Prec=40.877

Test-  OSR [0/30] LR=0.0001000 ACC=48.286 F1=54.025 Rec=64.381 Prec=51.608 UNK=0.000 OS*=77.257 HOS=0.000 AUROC=25.675 AUPR=25.647 OSCR=24.732
Test-Close [0/30] LR=0.0001000 loss=2.381 ACC=77.257 F1=77.030 Rec=77.257 Prec=77.391

Saving best model . . . . . . . .

Train Client0 [1/30] LR=0.0001000 loss=2.328 ACC=78.071 F1=57.778 Rec=57.010 Prec=58.988
Train Client1 [1/30] LR=0.0001000 loss=1.596 ACC=86.525 F1=70.361 Rec=69.461 Prec=88.337
Train Client2 [1/30] LR=0.0001000 loss=1.301 ACC=88.356 F1=67.885 Rec=66.341 Prec=70.512
Train Client3 [1/30] LR=0.0001000 loss=3.803 ACC=67.235 F1=57.868 Rec=61.115 Prec=58.647
Train Client4 [1/30] LR=0.0001000 loss=1.564 ACC=91.387 F1=55.953 Rec=59.275 Prec=55.568
Train Client5 [1/30] LR=0.0001000 loss=2.548 ACC=75.893 F1=63.632 Rec=65.431 Prec=62.353
Train Client6 [1/30] LR=0.0001000 loss=4.013 ACC=78.889 F1=50.967 Rec=56.945 Prec=48.259
Train Client7 [1/30] LR=0.0001000 loss=1.922 ACC=85.682 F1=60.738 Rec=63.472 Prec=58.618

Test-  OSR [1/30] LR=0.0001000 ACC=53.071 F1=60.189 Rec=63.714 Prec=66.774 UNK=21.143 OS*=72.229 HOS=32.711 AUROC=50.786 AUPR=39.627 OSCR=45.331
Test-Close [1/30] LR=0.0001000 loss=2.407 ACC=84.229 F1=84.093 Rec=84.229 Prec=84.730

Saving best model . . . . . . . .

Train Client0 [2/30] LR=0.0001000 loss=1.744 ACC=81.412 F1=60.860 Rec=60.614 Prec=61.443
Train Client1 [2/30] LR=0.0001000 loss=1.206 ACC=87.256 F1=69.475 Rec=69.757 Prec=69.208
Train Client2 [2/30] LR=0.0001000 loss=0.831 ACC=91.112 F1=76.628 Rec=75.851 Prec=78.138
Train Client3 [2/30] LR=0.0001000 loss=2.138 ACC=78.409 F1=67.378 Rec=69.800 Prec=66.049
Train Client4 [2/30] LR=0.0001000 loss=0.874 ACC=93.674 F1=64.408 Rec=64.050 Prec=66.865
Train Client5 [2/30] LR=0.0001000 loss=1.788 ACC=80.804 F1=67.160 Rec=68.391 Prec=66.563
Train Client6 [2/30] LR=0.0001000 loss=2.225 ACC=78.889 F1=50.064 Rec=57.074 Prec=47.534
Train Client7 [2/30] LR=0.0001000 loss=1.270 ACC=88.333 F1=72.162 Rec=88.989 Prec=67.771

Test-  OSR [2/30] LR=0.0001000 ACC=54.179 F1=62.159 Rec=67.190 Prec=67.336 UNK=15.143 OS*=77.600 HOS=25.341 AUROC=44.950 AUPR=37.410 OSCR=41.262
Test-Close [2/30] LR=0.0001000 loss=2.316 ACC=86.000 F1=85.934 Rec=86.000 Prec=86.466

Train Client0 [3/30] LR=0.0001000 loss=1.570 ACC=84.213 F1=63.933 Rec=63.085 Prec=64.993
Train Client1 [3/30] LR=0.0001000 loss=1.069 ACC=89.415 F1=75.274 Rec=74.551 Prec=77.795
Train Client2 [3/30] LR=0.0001000 loss=0.718 ACC=91.683 F1=78.136 Rec=78.039 Prec=78.419
Train Client3 [3/30] LR=0.0001000 loss=2.130 ACC=75.947 F1=70.415 Rec=77.831 Prec=67.948
Train Client4 [3/30] LR=0.0001000 loss=0.754 ACC=93.750 F1=64.783 Rec=67.777 Prec=62.804
Train Client5 [3/30] LR=0.0001000 loss=1.593 ACC=82.143 F1=65.508 Rec=64.941 Prec=66.222
Train Client6 [3/30] LR=0.0001000 loss=1.931 ACC=81.944 F1=60.550 Rec=67.889 Prec=56.072
Train Client7 [3/30] LR=0.0001000 loss=1.132 ACC=90.000 F1=70.273 Rec=72.330 Prec=68.596

Test-  OSR [3/30] LR=0.0001000 ACC=56.071 F1=63.913 Rec=69.968 Prec=68.706 UNK=14.381 OS*=81.086 HOS=24.429 AUROC=39.880 AUPR=36.841 OSCR=36.781
Test-Close [3/30] LR=0.0001000 loss=2.253 ACC=86.400 F1=86.333 Rec=86.400 Prec=87.126

Train Client0 [4/30] LR=0.0001000 loss=1.406 ACC=85.830 F1=65.993 Rec=65.455 Prec=66.682
Train Client1 [4/30] LR=0.0001000 loss=1.024 ACC=89.728 F1=76.335 Rec=75.490 Prec=79.304
Train Client2 [4/30] LR=0.0001000 loss=0.673 ACC=93.061 F1=81.120 Rec=81.102 Prec=81.435
Train Client3 [4/30] LR=0.0001000 loss=1.947 ACC=78.220 F1=68.926 Rec=71.767 Prec=68.168
Train Client4 [4/30] LR=0.0001000 loss=0.662 ACC=94.207 F1=63.575 Rec=64.150 Prec=63.811
Train Client5 [4/30] LR=0.0001000 loss=1.422 ACC=83.750 F1=66.800 Rec=66.257 Prec=67.474
Train Client6 [4/30] LR=0.0001000 loss=1.686 ACC=86.944 F1=67.997 Rec=71.496 Prec=65.327
Train Client7 [4/30] LR=0.0001000 loss=1.165 ACC=88.788 F1=69.132 Rec=71.156 Prec=67.448

Test-  OSR [4/30] LR=0.0001000 ACC=55.643 F1=63.796 Rec=70.317 Prec=68.770 UNK=11.619 OS*=82.057 HOS=20.356 AUROC=35.319 AUPR=34.527 OSCR=32.807
Test-Close [4/30] LR=0.0001000 loss=2.227 ACC=86.629 F1=86.640 Rec=86.629 Prec=87.502

Train Client0 [5/30] LR=0.0001000 loss=1.352 ACC=86.638 F1=83.326 Rec=82.353 Prec=84.501
Train Client1 [5/30] LR=0.0001000 loss=0.952 ACC=89.972 F1=79.407 Rec=78.969 Prec=80.318
Train Client2 [5/30] LR=0.0001000 loss=0.620 ACC=93.441 F1=82.429 Rec=82.597 Prec=82.348
Train Client3 [5/30] LR=0.0001000 loss=1.879 ACC=81.818 F1=76.653 Rec=83.849 Prec=73.861
Train Client4 [5/30] LR=0.0001000 loss=0.562 ACC=95.122 F1=67.808 Rec=70.486 Prec=66.788
Train Client5 [5/30] LR=0.0001000 loss=1.415 ACC=84.286 F1=71.354 Rec=73.380 Prec=70.058
Train Client6 [5/30] LR=0.0001000 loss=1.420 ACC=85.833 F1=69.323 Rec=74.062 Prec=65.698
Train Client7 [5/30] LR=0.0001000 loss=1.120 ACC=89.394 F1=70.187 Rec=70.556 Prec=69.900

Test-  OSR [5/30] LR=0.0001000 ACC=53.321 F1=63.321 Rec=69.508 Prec=67.369 UNK=4.762 OS*=82.457 HOS=9.004 AUROC=27.550 AUPR=28.119 OSCR=26.338
Test-Close [5/30] LR=0.0001000 loss=2.214 ACC=87.886 F1=87.790 Rec=87.886 Prec=88.309

Train Client0 [6/30] LR=0.0001000 loss=1.250 ACC=88.093 F1=68.167 Rec=67.591 Prec=68.884
Train Client1 [6/30] LR=0.0001000 loss=1.024 ACC=90.111 F1=78.019 Rec=77.369 Prec=80.403
Train Client2 [6/30] LR=0.0001000 loss=0.659 ACC=93.821 F1=83.214 Rec=83.586 Prec=82.918
Train Client3 [6/30] LR=0.0001000 loss=1.672 ACC=81.629 F1=75.468 Rec=81.137 Prec=72.996
Train Client4 [6/30] LR=0.0001000 loss=0.689 ACC=94.665 F1=63.801 Rec=67.658 Prec=62.092
Train Client5 [6/30] LR=0.0001000 loss=1.367 ACC=85.804 F1=74.095 Rec=73.375 Prec=75.066
Train Client6 [6/30] LR=0.0001000 loss=1.383 ACC=88.056 F1=67.571 Rec=72.602 Prec=64.119
Train Client7 [6/30] LR=0.0001000 loss=1.163 ACC=90.833 F1=72.386 Rec=73.292 Prec=71.637

Test-  OSR [6/30] LR=0.0001000 ACC=56.393 F1=65.783 Rec=66.810 Prec=75.294 UNK=25.143 OS*=75.143 HOS=37.678 AUROC=35.662 AUPR=41.766 OSCR=30.373
Test-Close [6/30] LR=0.0001000 loss=2.350 ACC=88.343 F1=88.278 Rec=88.343 Prec=88.827

Train Client0 [7/30] LR=0.0001000 loss=1.263 ACC=87.500 F1=67.841 Rec=67.134 Prec=68.628
Train Client1 [7/30] LR=0.0001000 loss=0.997 ACC=90.425 F1=78.949 Rec=78.477 Prec=79.772
Train Client2 [7/30] LR=0.0001000 loss=0.593 ACC=94.344 F1=83.943 Rec=83.450 Prec=84.745
Train Client3 [7/30] LR=0.0001000 loss=1.735 ACC=83.333 F1=76.543 Rec=79.031 Prec=74.909
Train Client4 [7/30] LR=0.0001000 loss=0.668 ACC=94.588 F1=70.205 Rec=73.142 Prec=68.886
Train Client5 [7/30] LR=0.0001000 loss=1.265 ACC=85.982 F1=68.565 Rec=68.008 Prec=69.254
Train Client6 [7/30] LR=0.0001000 loss=1.376 ACC=88.889 F1=70.500 Rec=74.988 Prec=66.987
Train Client7 [7/30] LR=0.0001000 loss=1.159 ACC=89.773 F1=71.068 Rec=72.108 Prec=70.211

Test-  OSR [7/30] LR=0.0001000 ACC=53.607 F1=63.384 Rec=63.127 Prec=74.814 UNK=25.048 OS*=70.743 HOS=36.996 AUROC=35.351 AUPR=39.458 OSCR=29.570
Test-Close [7/30] LR=0.0001000 loss=2.403 ACC=88.743 F1=88.672 Rec=88.743 Prec=89.139

Train Client0 [8/30] LR=0.0001000 loss=1.283 ACC=87.177 F1=67.428 Rec=66.753 Prec=68.178
Train Client1 [8/30] LR=0.0001000 loss=0.950 ACC=90.703 F1=81.032 Rec=80.610 Prec=81.734
Train Client2 [8/30] LR=0.0001000 loss=0.583 ACC=93.964 F1=84.643 Rec=84.845 Prec=84.531
Train Client3 [8/30] LR=0.0001000 loss=1.616 ACC=82.576 F1=70.742 Rec=71.950 Prec=69.817
Train Client4 [8/30] LR=0.0001000 loss=0.530 ACC=95.808 F1=72.636 Rec=72.676 Prec=73.322
Train Client5 [8/30] LR=0.0001000 loss=1.297 ACC=85.268 F1=73.009 Rec=72.944 Prec=73.090
Train Client6 [8/30] LR=0.0001000 loss=1.229 ACC=89.167 F1=69.603 Rec=72.888 Prec=67.513
Train Client7 [8/30] LR=0.0001000 loss=1.018 ACC=92.197 F1=73.441 Rec=73.864 Prec=73.085

Test-  OSR [8/30] LR=0.0001000 ACC=54.536 F1=64.182 Rec=64.714 Prec=75.158 UNK=24.000 OS*=72.857 HOS=36.106 AUROC=34.337 AUPR=40.853 OSCR=28.911
Test-Close [8/30] LR=0.0001000 loss=2.359 ACC=89.314 F1=89.229 Rec=89.314 Prec=89.527

Train Client0 [9/30] LR=0.0001000 loss=1.213 ACC=88.200 F1=85.555 Rec=84.887 Prec=86.275
Train Client1 [9/30] LR=0.0001000 loss=0.909 ACC=91.400 F1=81.852 Rec=80.907 Prec=83.357
Train Client2 [9/30] LR=0.0001000 loss=0.553 ACC=93.536 F1=81.674 Rec=81.058 Prec=82.496
Train Client3 [9/30] LR=0.0001000 loss=1.538 ACC=83.902 F1=76.552 Rec=79.907 Prec=74.673
Train Client4 [9/30] LR=0.0001000 loss=0.447 ACC=95.579 F1=72.601 Rec=74.881 Prec=71.955
Train Client5 [9/30] LR=0.0001000 loss=1.321 ACC=85.268 F1=71.603 Rec=72.430 Prec=71.213
Train Client6 [9/30] LR=0.0001000 loss=1.477 ACC=86.667 F1=70.103 Rec=75.262 Prec=67.041
Train Client7 [9/30] LR=0.0001000 loss=0.982 ACC=90.833 F1=71.837 Rec=73.833 Prec=70.174

Test-  OSR [9/30] LR=0.0001000 ACC=55.750 F1=63.545 Rec=63.540 Prec=76.751 UNK=32.381 OS*=69.771 HOS=44.233 AUROC=41.097 AUPR=45.857 OSCR=33.124
Test-Close [9/30] LR=0.0001000 loss=2.388 ACC=89.943 F1=89.821 Rec=89.943 Prec=90.454

Train Client0 [10/30] LR=0.0001000 loss=1.185 ACC=88.362 F1=85.849 Rec=85.111 Prec=86.685
Train Client1 [10/30] LR=0.0001000 loss=0.844 ACC=91.678 F1=83.394 Rec=82.251 Prec=85.491
Train Client2 [10/30] LR=0.0001000 loss=0.482 ACC=95.105 F1=86.586 Rec=86.092 Prec=87.172
Train Client3 [10/30] LR=0.0001000 loss=1.477 ACC=83.523 F1=75.250 Rec=77.779 Prec=73.744
Train Client4 [10/30] LR=0.0001000 loss=0.478 ACC=95.732 F1=71.563 Rec=74.355 Prec=70.129
Train Client5 [10/30] LR=0.0001000 loss=1.259 ACC=87.054 F1=69.757 Rec=69.822 Prec=69.713
Train Client6 [10/30] LR=0.0001000 loss=1.615 ACC=85.556 F1=66.476 Rec=71.127 Prec=63.547
Train Client7 [10/30] LR=0.0001000 loss=0.990 ACC=91.136 F1=72.498 Rec=73.039 Prec=72.027

Test-  OSR [10/30] LR=0.0001000 ACC=58.607 F1=66.902 Rec=68.016 Prec=76.549 UNK=30.381 OS*=75.543 HOS=43.334 AUROC=40.067 AUPR=43.437 OSCR=34.298
Test-Close [10/30] LR=0.0001000 loss=2.325 ACC=89.657 F1=89.529 Rec=89.657 Prec=90.222

Train Client0 [11/30] LR=0.0001000 loss=1.194 ACC=87.877 F1=85.036 Rec=84.103 Prec=86.081
Train Client1 [11/30] LR=0.0001000 loss=0.874 ACC=91.748 F1=82.349 Rec=81.011 Prec=84.513
Train Client2 [11/30] LR=0.0001000 loss=0.520 ACC=94.392 F1=84.582 Rec=84.472 Prec=84.743
Train Client3 [11/30] LR=0.0001000 loss=1.279 ACC=86.742 F1=79.497 Rec=83.444 Prec=77.378
Train Client4 [11/30] LR=0.0001000 loss=0.519 ACC=96.265 F1=75.188 Rec=73.923 Prec=77.789
Train Client5 [11/30] LR=0.0001000 loss=1.243 ACC=86.875 F1=73.622 Rec=74.379 Prec=73.061
Train Client6 [11/30] LR=0.0001000 loss=1.447 ACC=88.333 F1=74.707 Rec=78.962 Prec=71.931
Train Client7 [11/30] LR=0.0001000 loss=0.958 ACC=91.591 F1=73.062 Rec=74.232 Prec=72.047

Test-  OSR [11/30] LR=0.0001000 ACC=57.464 F1=66.498 Rec=66.778 Prec=76.884 UNK=29.524 OS*=74.229 HOS=42.245 AUROC=37.013 AUPR=43.691 OSCR=30.852
Test-Close [11/30] LR=0.0001000 loss=2.327 ACC=90.171 F1=90.088 Rec=90.171 Prec=90.573

Train Client0 [12/30] LR=0.0001000 loss=1.112 ACC=88.901 F1=86.743 Rec=86.030 Prec=87.516
Train Client1 [12/30] LR=0.0001000 loss=0.832 ACC=92.409 F1=82.983 Rec=81.583 Prec=86.336
Train Client2 [12/30] LR=0.0001000 loss=0.488 ACC=94.629 F1=84.739 Rec=84.566 Prec=85.075
Train Client3 [12/30] LR=0.0001000 loss=1.317 ACC=86.174 F1=73.762 Rec=74.662 Prec=73.101
Train Client4 [12/30] LR=0.0001000 loss=0.518 ACC=95.274 F1=68.579 Rec=70.641 Prec=67.677
Train Client5 [12/30] LR=0.0001000 loss=1.140 ACC=87.500 F1=75.407 Rec=74.735 Prec=76.318
Train Client6 [12/30] LR=0.0001000 loss=1.591 ACC=87.778 F1=68.227 Rec=71.858 Prec=65.616
Train Client7 [12/30] LR=0.0001000 loss=1.009 ACC=91.136 F1=73.044 Rec=73.979 Prec=72.231

Test-  OSR [12/30] LR=0.0001000 ACC=56.857 F1=64.912 Rec=65.810 Prec=76.179 UNK=30.000 OS*=72.971 HOS=42.519 AUROC=35.795 AUPR=41.773 OSCR=29.642
Test-Close [12/30] LR=0.0001000 loss=2.352 ACC=89.257 F1=89.107 Rec=89.257 Prec=90.015

Train Client0 [13/30] LR=0.0001000 loss=1.111 ACC=89.278 F1=86.815 Rec=85.694 Prec=88.141
Train Client1 [13/30] LR=0.0001000 loss=0.786 ACC=92.375 F1=84.790 Rec=83.344 Prec=87.235
Train Client2 [13/30] LR=0.0001000 loss=0.513 ACC=94.914 F1=85.537 Rec=85.215 Prec=85.902
Train Client3 [13/30] LR=0.0001000 loss=1.517 ACC=84.280 F1=79.633 Rec=85.106 Prec=76.962
Train Client4 [13/30] LR=0.0001000 loss=0.443 ACC=96.113 F1=72.150 Rec=75.071 Prec=70.605
Train Client5 [13/30] LR=0.0001000 loss=1.082 ACC=86.786 F1=73.309 Rec=73.499 Prec=73.303
Train Client6 [13/30] LR=0.0001000 loss=1.610 ACC=88.056 F1=77.951 Rec=80.594 Prec=76.469
Train Client7 [13/30] LR=0.0001000 loss=0.869 ACC=92.500 F1=73.607 Rec=74.097 Prec=73.194

Test-  OSR [13/30] LR=0.0001000 ACC=57.821 F1=64.349 Rec=67.127 Prec=75.174 UNK=29.905 OS*=74.571 HOS=42.690 AUROC=37.604 AUPR=40.773 OSCR=32.341
Test-Close [13/30] LR=0.0001000 loss=2.293 ACC=89.600 F1=89.440 Rec=89.600 Prec=90.584

Train Client0 [14/30] LR=0.0001000 loss=1.135 ACC=89.062 F1=86.780 Rec=86.327 Prec=87.305
Train Client1 [14/30] LR=0.0001000 loss=0.755 ACC=92.479 F1=83.322 Rec=82.019 Prec=85.319
Train Client2 [14/30] LR=0.0001000 loss=0.476 ACC=95.437 F1=87.040 Rec=86.441 Prec=87.719
Train Client3 [14/30] LR=0.0001000 loss=1.251 ACC=86.364 F1=77.511 Rec=77.447 Prec=77.761
Train Client4 [14/30] LR=0.0001000 loss=0.426 ACC=96.341 F1=76.845 Rec=77.875 Prec=76.911
Train Client5 [14/30] LR=0.0001000 loss=1.027 ACC=86.875 F1=69.310 Rec=69.114 Prec=69.649
Train Client6 [14/30] LR=0.0001000 loss=1.353 ACC=87.778 F1=70.606 Rec=74.895 Prec=67.408
Train Client7 [14/30] LR=0.0001000 loss=0.872 ACC=91.364 F1=72.449 Rec=72.560 Prec=72.376

Test-  OSR [14/30] LR=0.0001000 ACC=59.000 F1=67.493 Rec=68.000 Prec=76.897 UNK=32.000 OS*=75.200 HOS=44.896 AUROC=38.293 AUPR=44.735 OSCR=32.090
Test-Close [14/30] LR=0.0001000 loss=2.297 ACC=89.714 F1=89.690 Rec=89.714 Prec=90.022

Train Client0 [15/30] LR=0.0001000 loss=1.083 ACC=89.440 F1=87.199 Rec=86.280 Prec=88.243
Train Client1 [15/30] LR=0.0001000 loss=0.747 ACC=92.758 F1=84.503 Rec=83.043 Prec=86.884
Train Client2 [15/30] LR=0.0001000 loss=0.441 ACC=95.152 F1=87.642 Rec=87.756 Prec=87.631
Train Client3 [15/30] LR=0.0001000 loss=1.212 ACC=87.879 F1=83.218 Rec=85.817 Prec=81.341
Train Client4 [15/30] LR=0.0001000 loss=0.494 ACC=96.113 F1=76.218 Rec=78.478 Prec=75.370
Train Client5 [15/30] LR=0.0001000 loss=1.175 ACC=86.518 F1=69.390 Rec=69.132 Prec=69.662
Train Client6 [15/30] LR=0.0001000 loss=1.198 ACC=89.167 F1=72.035 Rec=74.087 Prec=71.254
Train Client7 [15/30] LR=0.0001000 loss=0.824 ACC=92.045 F1=83.182 Rec=93.470 Prec=79.675

Test-  OSR [15/30] LR=0.0001000 ACC=55.964 F1=62.188 Rec=63.921 Prec=76.267 UNK=32.095 OS*=70.286 HOS=44.068 AUROC=37.244 AUPR=42.687 OSCR=29.856
Test-Close [15/30] LR=0.0001000 loss=2.363 ACC=89.771 F1=89.567 Rec=89.771 Prec=90.471

Train Client0 [16/30] LR=0.0001000 loss=1.139 ACC=88.955 F1=86.271 Rec=85.030 Prec=87.777
Train Client1 [16/30] LR=0.0001000 loss=0.725 ACC=92.688 F1=84.325 Rec=83.619 Prec=85.207
Train Client2 [16/30] LR=0.0001000 loss=0.474 ACC=95.057 F1=86.273 Rec=86.915 Prec=85.831
Train Client3 [16/30] LR=0.0001000 loss=1.398 ACC=84.280 F1=77.523 Rec=79.319 Prec=76.190
Train Client4 [16/30] LR=0.0001000 loss=0.472 ACC=95.960 F1=77.117 Rec=79.018 Prec=76.549
Train Client5 [16/30] LR=0.0001000 loss=1.182 ACC=87.232 F1=69.409 Rec=69.427 Prec=69.462
Train Client6 [16/30] LR=0.0001000 loss=1.203 ACC=89.722 F1=70.733 Rec=72.234 Prec=69.705
Train Client7 [16/30] LR=0.0001000 loss=0.752 ACC=92.803 F1=73.915 Rec=74.507 Prec=73.375

Test-  OSR [16/30] LR=0.0001000 ACC=56.500 F1=61.147 Rec=65.556 Prec=74.964 UNK=29.333 OS*=72.800 HOS=41.817 AUROC=35.352 AUPR=41.168 OSCR=29.327
Test-Close [16/30] LR=0.0001000 loss=2.363 ACC=87.486 F1=87.020 Rec=87.486 Prec=89.184

Train Client0 [17/30] LR=0.0001000 loss=1.069 ACC=89.817 F1=87.475 Rec=86.834 Prec=88.175
Train Client1 [17/30] LR=0.0001000 loss=0.729 ACC=93.036 F1=85.845 Rec=84.562 Prec=87.735
Train Client2 [17/30] LR=0.0001000 loss=0.461 ACC=95.010 F1=85.468 Rec=84.659 Prec=86.351
Train Client3 [17/30] LR=0.0001000 loss=1.460 ACC=85.227 F1=78.085 Rec=80.243 Prec=76.470
Train Client4 [17/30] LR=0.0001000 loss=0.456 ACC=96.113 F1=74.876 Rec=75.138 Prec=75.176
Train Client5 [17/30] LR=0.0001000 loss=1.133 ACC=87.768 F1=70.147 Rec=69.961 Prec=70.380
Train Client6 [17/30] LR=0.0001000 loss=1.636 ACC=86.667 F1=67.935 Rec=70.890 Prec=65.510
Train Client7 [17/30] LR=0.0001000 loss=0.822 ACC=92.045 F1=73.859 Rec=74.937 Prec=72.924

Test-  OSR [17/30] LR=0.0001000 ACC=60.536 F1=67.869 Rec=69.952 Prec=76.857 UNK=32.286 OS*=77.486 HOS=45.580 AUROC=37.946 AUPR=44.537 OSCR=32.391
Test-Close [17/30] LR=0.0001000 loss=2.283 ACC=89.943 F1=89.812 Rec=89.943 Prec=90.594

Train Client0 [18/30] LR=0.0001000 loss=1.041 ACC=89.009 F1=86.416 Rec=85.659 Prec=87.245
Train Client1 [18/30] LR=0.0001000 loss=0.736 ACC=93.350 F1=85.237 Rec=83.924 Prec=87.182
Train Client2 [18/30] LR=0.0001000 loss=0.422 ACC=95.437 F1=86.770 Rec=86.287 Prec=87.294
Train Client3 [18/30] LR=0.0001000 loss=1.292 ACC=87.311 F1=77.906 Rec=78.323 Prec=77.560
Train Client4 [18/30] LR=0.0001000 loss=0.438 ACC=95.808 F1=73.116 Rec=72.786 Prec=74.389
Train Client5 [18/30] LR=0.0001000 loss=1.030 ACC=88.661 F1=77.639 Rec=80.416 Prec=76.609
Train Client6 [18/30] LR=0.0001000 loss=1.274 ACC=87.222 F1=68.671 Rec=71.292 Prec=66.703
Train Client7 [18/30] LR=0.0001000 loss=0.892 ACC=92.045 F1=73.952 Rec=74.422 Prec=73.530

Test-  OSR [18/30] LR=0.0001000 ACC=59.679 F1=68.024 Rec=68.937 Prec=77.432 UNK=31.905 OS*=76.343 HOS=45.002 AUROC=37.141 AUPR=44.958 OSCR=31.122
Test-Close [18/30] LR=0.0001000 loss=2.307 ACC=90.457 F1=90.367 Rec=90.457 Prec=90.931

Train Client0 [19/30] LR=0.0001000 loss=1.024 ACC=89.062 F1=86.739 Rec=85.939 Prec=87.629
Train Client1 [19/30] LR=0.0001000 loss=0.749 ACC=92.897 F1=83.425 Rec=81.396 Prec=87.778
Train Client2 [19/30] LR=0.0001000 loss=0.471 ACC=95.342 F1=87.307 Rec=86.900 Prec=87.758
Train Client3 [19/30] LR=0.0001000 loss=1.072 ACC=88.258 F1=80.014 Rec=81.785 Prec=78.679
Train Client4 [19/30] LR=0.0001000 loss=0.410 ACC=96.341 F1=78.518 Rec=80.458 Prec=78.068
Train Client5 [19/30] LR=0.0001000 loss=1.130 ACC=86.786 F1=69.365 Rec=69.540 Prec=69.274
Train Client6 [19/30] LR=0.0001000 loss=1.231 ACC=88.333 F1=73.324 Rec=79.658 Prec=68.788
Train Client7 [19/30] LR=0.0001000 loss=0.774 ACC=92.500 F1=73.942 Rec=75.040 Prec=72.979

Test-  OSR [19/30] LR=0.0001000 ACC=57.429 F1=65.320 Rec=65.746 Prec=77.069 UNK=32.476 OS*=72.400 HOS=44.839 AUROC=37.648 AUPR=43.849 OSCR=30.524
Test-Close [19/30] LR=0.0001000 loss=2.373 ACC=90.457 F1=90.395 Rec=90.457 Prec=91.199

Train Client0 [20/30] LR=0.0001000 loss=0.965 ACC=90.140 F1=87.731 Rec=86.843 Prec=88.834
Train Client1 [20/30] LR=0.0001000 loss=0.691 ACC=92.549 F1=83.446 Rec=82.244 Prec=85.363
Train Client2 [20/30] LR=0.0001000 loss=0.473 ACC=94.962 F1=85.739 Rec=85.252 Prec=86.301
Train Client3 [20/30] LR=0.0001000 loss=1.029 ACC=89.394 F1=82.314 Rec=80.744 Prec=85.254
Train Client4 [20/30] LR=0.0001000 loss=0.394 ACC=96.723 F1=79.495 Rec=81.457 Prec=78.295
Train Client5 [20/30] LR=0.0001000 loss=1.038 ACC=87.946 F1=77.807 Rec=79.367 Prec=77.030
Train Client6 [20/30] LR=0.0001000 loss=1.198 ACC=89.444 F1=76.804 Rec=80.587 Prec=74.033
Train Client7 [20/30] LR=0.0001000 loss=0.784 ACC=92.197 F1=73.777 Rec=74.118 Prec=73.479

Test-  OSR [20/30] LR=0.0001000 ACC=59.571 F1=67.251 Rec=68.571 Prec=77.284 UNK=32.571 OS*=75.771 HOS=45.559 AUROC=38.287 AUPR=44.827 OSCR=31.999
Test-Close [20/30] LR=0.0001000 loss=2.316 ACC=90.400 F1=90.284 Rec=90.400 Prec=91.142

Train Client0 [21/30] LR=0.0001000 loss=1.046 ACC=90.787 F1=88.703 Rec=87.805 Prec=89.687
Train Client1 [21/30] LR=0.0001000 loss=0.674 ACC=92.862 F1=84.554 Rec=83.560 Prec=85.960
Train Client2 [21/30] LR=0.0001000 loss=0.460 ACC=95.532 F1=88.132 Rec=88.285 Prec=87.997
Train Client3 [21/30] LR=0.0001000 loss=1.162 ACC=86.553 F1=83.674 Rec=83.931 Prec=83.444
Train Client4 [21/30] LR=0.0001000 loss=0.361 ACC=96.418 F1=72.312 Rec=72.453 Prec=72.511
Train Client5 [21/30] LR=0.0001000 loss=1.050 ACC=88.036 F1=70.710 Rec=70.691 Prec=70.769
Train Client6 [21/30] LR=0.0001000 loss=1.303 ACC=89.444 F1=76.927 Rec=81.288 Prec=73.322
Train Client7 [21/30] LR=0.0001000 loss=0.743 ACC=92.727 F1=74.749 Rec=75.801 Prec=73.880

Test-  OSR [21/30] LR=0.0001000 ACC=58.929 F1=67.217 Rec=68.381 Prec=77.171 UNK=30.571 OS*=75.943 HOS=43.594 AUROC=37.253 AUPR=44.037 OSCR=31.301
Test-Close [21/30] LR=0.0001000 loss=2.314 ACC=90.229 F1=90.187 Rec=90.229 Prec=90.704

Train Client0 [22/30] LR=0.0001000 loss=1.103 ACC=89.978 F1=70.322 Rec=69.458 Prec=71.327
Train Client1 [22/30] LR=0.0001000 loss=0.689 ACC=93.767 F1=85.312 Rec=84.273 Prec=86.740
Train Client2 [22/30] LR=0.0001000 loss=0.418 ACC=95.627 F1=87.995 Rec=87.546 Prec=88.531
Train Client3 [22/30] LR=0.0001000 loss=1.140 ACC=88.447 F1=80.700 Rec=82.529 Prec=79.323
Train Client4 [22/30] LR=0.0001000 loss=0.434 ACC=96.265 F1=75.095 Rec=76.875 Prec=74.304
Train Client5 [22/30] LR=0.0001000 loss=1.028 ACC=88.571 F1=70.788 Rec=70.415 Prec=71.322
Train Client6 [22/30] LR=0.0001000 loss=1.111 ACC=91.944 F1=81.179 Rec=82.966 Prec=79.570
Train Client7 [22/30] LR=0.0001000 loss=0.808 ACC=91.970 F1=73.163 Rec=73.513 Prec=72.854

Test-  OSR [22/30] LR=0.0001000 ACC=59.786 F1=66.640 Rec=69.365 Prec=76.335 UNK=31.048 OS*=77.029 HOS=44.257 AUROC=37.664 AUPR=43.428 OSCR=32.088
Test-Close [22/30] LR=0.0001000 loss=2.316 ACC=90.114 F1=90.002 Rec=90.114 Prec=91.056

Train Client0 [23/30] LR=0.0001000 loss=0.869 ACC=91.164 F1=71.298 Rec=70.565 Prec=72.096
Train Client1 [23/30] LR=0.0001000 loss=0.655 ACC=93.419 F1=84.708 Rec=83.322 Prec=86.851
Train Client2 [23/30] LR=0.0001000 loss=0.390 ACC=95.817 F1=88.609 Rec=89.372 Prec=87.986
Train Client3 [23/30] LR=0.0001000 loss=1.209 ACC=84.470 F1=75.619 Rec=76.951 Prec=74.601
Train Client4 [23/30] LR=0.0001000 loss=0.442 ACC=96.494 F1=77.951 Rec=77.570 Prec=78.636
Train Client5 [23/30] LR=0.0001000 loss=0.986 ACC=88.929 F1=75.090 Rec=75.743 Prec=74.811
Train Client6 [23/30] LR=0.0001000 loss=1.126 ACC=88.889 F1=73.112 Rec=77.999 Prec=70.540
Train Client7 [23/30] LR=0.0001000 loss=0.745 ACC=92.727 F1=74.076 Rec=74.742 Prec=73.481

Test-  OSR [23/30] LR=0.0001000 ACC=57.500 F1=64.367 Rec=65.905 Prec=76.427 UNK=32.286 OS*=72.629 HOS=44.701 AUROC=38.000 AUPR=44.212 OSCR=30.831
Test-Close [23/30] LR=0.0001000 loss=2.404 ACC=89.657 F1=89.418 Rec=89.657 Prec=90.946

Train Client0 [24/30] LR=0.0001000 loss=1.021 ACC=90.356 F1=70.631 Rec=69.888 Prec=71.461
Train Client1 [24/30] LR=0.0001000 loss=0.651 ACC=93.698 F1=87.245 Rec=85.269 Prec=90.561
Train Client2 [24/30] LR=0.0001000 loss=0.392 ACC=95.913 F1=88.171 Rec=87.667 Prec=88.713
Train Client3 [24/30] LR=0.0001000 loss=1.117 ACC=89.962 F1=82.772 Rec=83.535 Prec=82.201
Train Client4 [24/30] LR=0.0001000 loss=0.395 ACC=96.037 F1=76.536 Rec=77.536 Prec=75.680
Train Client5 [24/30] LR=0.0001000 loss=1.022 ACC=89.375 F1=71.581 Rec=71.515 Prec=71.687
Train Client6 [24/30] LR=0.0001000 loss=1.154 ACC=90.556 F1=79.736 Rec=86.902 Prec=75.476
Train Client7 [24/30] LR=0.0001000 loss=0.769 ACC=92.045 F1=73.743 Rec=74.063 Prec=73.551

Test-  OSR [24/30] LR=0.0001000 ACC=56.714 F1=64.007 Rec=64.889 Prec=76.665 UNK=32.190 OS*=71.429 HOS=44.380 AUROC=37.204 AUPR=40.735 OSCR=30.378
Test-Close [24/30] LR=0.0001000 loss=2.394 ACC=90.343 F1=90.243 Rec=90.343 Prec=91.212

Train Client0 [25/30] LR=0.0001000 loss=0.986 ACC=90.894 F1=88.788 Rec=87.389 Prec=90.473
Train Client1 [25/30] LR=0.0001000 loss=0.642 ACC=93.733 F1=88.302 Rec=86.727 Prec=90.526
Train Client2 [25/30] LR=0.0001000 loss=0.378 ACC=96.150 F1=89.280 Rec=89.636 Prec=88.984
Train Client3 [25/30] LR=0.0001000 loss=1.046 ACC=88.636 F1=86.962 Rec=88.589 Prec=85.575
Train Client4 [25/30] LR=0.0001000 loss=0.336 ACC=96.494 F1=77.154 Rec=76.741 Prec=77.739
Train Client5 [25/30] LR=0.0001000 loss=1.018 ACC=89.107 F1=71.109 Rec=71.532 Prec=70.766
Train Client6 [25/30] LR=0.0001000 loss=1.198 ACC=91.667 F1=81.441 Rec=83.637 Prec=79.648
Train Client7 [25/30] LR=0.0001000 loss=0.745 ACC=92.652 F1=74.883 Rec=75.747 Prec=74.110

Test-  OSR [25/30] LR=0.0001000 ACC=58.143 F1=65.775 Rec=66.444 Prec=77.312 UNK=33.238 OS*=73.086 HOS=45.695 AUROC=40.470 AUPR=47.707 OSCR=32.838
Test-Close [25/30] LR=0.0001000 loss=2.344 ACC=91.029 F1=90.992 Rec=91.029 Prec=91.537

Train Client0 [26/30] LR=0.0001000 loss=0.890 ACC=91.595 F1=89.559 Rec=88.491 Prec=90.888
Train Client1 [26/30] LR=0.0001000 loss=0.651 ACC=93.001 F1=83.611 Rec=82.042 Prec=86.371
Train Client2 [26/30] LR=0.0001000 loss=0.385 ACC=95.770 F1=87.671 Rec=87.987 Prec=87.407
Train Client3 [26/30] LR=0.0001000 loss=1.141 ACC=87.689 F1=84.206 Rec=84.637 Prec=83.828
Train Client4 [26/30] LR=0.0001000 loss=0.359 ACC=97.409 F1=83.051 Rec=84.966 Prec=81.839
Train Client5 [26/30] LR=0.0001000 loss=1.017 ACC=88.839 F1=71.180 Rec=70.898 Prec=71.525
Train Client6 [26/30] LR=0.0001000 loss=1.164 ACC=90.556 F1=72.283 Rec=74.366 Prec=70.469
Train Client7 [26/30] LR=0.0001000 loss=0.675 ACC=93.333 F1=74.927 Rec=75.738 Prec=74.207

Test-  OSR [26/30] LR=0.0001000 ACC=60.786 F1=68.768 Rec=70.540 Prec=77.506 UNK=31.524 OS*=78.343 HOS=44.957 AUROC=37.653 AUPR=45.709 OSCR=32.016
Test-Close [26/30] LR=0.0001000 loss=2.287 ACC=90.800 F1=90.778 Rec=90.800 Prec=91.299

Train Client0 [27/30] LR=0.0001000 loss=0.955 ACC=90.248 F1=88.106 Rec=87.025 Prec=89.343
Train Client1 [27/30] LR=0.0001000 loss=0.625 ACC=93.733 F1=86.784 Rec=85.352 Prec=88.925
Train Client2 [27/30] LR=0.0001000 loss=0.428 ACC=95.817 F1=87.835 Rec=87.574 Prec=88.164
Train Client3 [27/30] LR=0.0001000 loss=1.144 ACC=88.068 F1=80.768 Rec=82.327 Prec=79.505
Train Client4 [27/30] LR=0.0001000 loss=0.367 ACC=96.646 F1=76.562 Rec=76.944 Prec=76.682
Train Client5 [27/30] LR=0.0001000 loss=0.917 ACC=89.643 F1=81.935 Rec=81.785 Prec=82.149
Train Client6 [27/30] LR=0.0001000 loss=1.021 ACC=91.944 F1=82.097 Rec=86.082 Prec=79.269
Train Client7 [27/30] LR=0.0001000 loss=0.827 ACC=91.970 F1=74.377 Rec=74.968 Prec=73.820

Test-  OSR [27/30] LR=0.0001000 ACC=55.857 F1=62.994 Rec=63.873 Prec=76.469 UNK=31.810 OS*=70.286 HOS=43.797 AUROC=37.157 AUPR=44.863 OSCR=29.290
Test-Close [27/30] LR=0.0001000 loss=2.405 ACC=90.000 F1=89.874 Rec=90.000 Prec=91.019

Train Client0 [28/30] LR=0.0001000 loss=0.992 ACC=91.325 F1=89.387 Rec=88.085 Prec=90.965
Train Client1 [28/30] LR=0.0001000 loss=0.602 ACC=94.081 F1=87.757 Rec=87.104 Prec=88.547
Train Client2 [28/30] LR=0.0001000 loss=0.379 ACC=96.150 F1=89.521 Rec=89.637 Prec=89.435
Train Client3 [28/30] LR=0.0001000 loss=1.069 ACC=87.879 F1=78.626 Rec=78.805 Prec=78.750
Train Client4 [28/30] LR=0.0001000 loss=0.392 ACC=96.723 F1=77.957 Rec=76.976 Prec=79.266
Train Client5 [28/30] LR=0.0001000 loss=0.872 ACC=89.911 F1=72.024 Rec=71.887 Prec=72.176
Train Client6 [28/30] LR=0.0001000 loss=1.193 ACC=90.833 F1=80.870 Rec=86.706 Prec=76.691
Train Client7 [28/30] LR=0.0001000 loss=0.764 ACC=92.348 F1=74.657 Rec=75.080 Prec=74.355

Test-  OSR [28/30] LR=0.0001000 ACC=58.214 F1=65.896 Rec=67.460 Prec=76.250 UNK=30.476 OS*=74.857 HOS=43.317 AUROC=37.116 AUPR=44.289 OSCR=30.714
Test-Close [28/30] LR=0.0001000 loss=2.344 ACC=90.686 F1=90.595 Rec=90.686 Prec=91.571

Train Client0 [29/30] LR=0.0001000 loss=0.928 ACC=90.948 F1=71.349 Rec=70.587 Prec=72.257
Train Client1 [29/30] LR=0.0001000 loss=0.611 ACC=94.011 F1=86.010 Rec=84.626 Prec=88.387
Train Client2 [29/30] LR=0.0001000 loss=0.396 ACC=96.293 F1=89.100 Rec=89.217 Prec=89.020
Train Client3 [29/30] LR=0.0001000 loss=1.200 ACC=87.500 F1=80.573 Rec=81.805 Prec=79.538
Train Client4 [29/30] LR=0.0001000 loss=0.336 ACC=96.799 F1=78.933 Rec=80.171 Prec=79.658
Train Client5 [29/30] LR=0.0001000 loss=1.004 ACC=89.464 F1=71.215 Rec=71.269 Prec=71.163
Train Client6 [29/30] LR=0.0001000 loss=1.059 ACC=90.556 F1=76.856 Rec=78.382 Prec=75.830
Train Client7 [29/30] LR=0.0001000 loss=0.757 ACC=92.879 F1=74.826 Rec=75.124 Prec=74.642

Test-  OSR [29/30] LR=0.0001000 ACC=58.964 F1=67.001 Rec=68.143 Prec=76.968 UNK=31.429 OS*=75.486 HOS=44.380 AUROC=38.056 AUPR=46.033 OSCR=31.521
Test-Close [29/30] LR=0.0001000 loss=2.337 ACC=90.743 F1=90.648 Rec=90.743 Prec=91.543

------>Best performance (by OSCR)--->>>>>>>

Test-  OSR [1/30] LR=0.0001000 ACC=53.071 F1=60.189 Rec=63.714 Prec=66.774 UNK=21.143 OS*=72.229 HOS=32.711 AUROC=50.786 AUPR=39.627 OSCR=45.331
Test-Close [1/30] LR=0.0001000 loss=2.407 ACC=84.229 F1=84.093 Rec=84.229 Prec=84.730
=====================================================================================================================================
The ending time ：2026-06-19 17:05:03
